[runlim] version:		2.0.0rc12
[runlim] host:			ap-Precision-7550
[runlim] time limit:		311040000 seconds
[runlim] real time limit:	600 seconds
[runlim] space limit:		14000 MB
[runlim] argv[0]:		python3
[runlim] argv[1]:		-u
[runlim] argv[2]:		evalmaxsat_no_processing.py
[runlim] argv[3]:		scen06
[runlim] argv[4]:		CARD
[runlim] argv[5]:		6
[runlim] argv[6]:		6
[runlim] start:			Sun Jun 28 02:39:34 2026
[runlim] child:			6088
[INFO] Generating WCNF for scen06 (CARD,6,6)
[runlim] sample:		9.95 time, 10.01 real, 1771 MB, 1.01 load
[runlim] sample:		19.94 time, 20.01 real, 2612 MB, 1.01 load
[runlim] sample:		29.83 time, 30.01 real, 2612 MB, 1.17 load
[INFO] Solving wcnf/no_preprocessing/CARD_6_6/scen06_CARD_6_6.wcnf
s UNSATISFIABLE
c Total time : 6.53824s
[INFO] Decode summary
[INFO] status=UNSATISFIABLE, objective=None, assigned_vars=0, complete=False, labels_used=0
[INFO] Decoded assignment file: results/no_preprocessing/decode/CARD_6_6/scen06.decoded.txt
[runlim] end:			Sun Jun 28 02:40:13 2026
[runlim] status:		ok
[runlim] result:		0
[runlim] children:		2
[runlim] processes:		3
[runlim] real:			39.78 seconds
[runlim] time:			39.37 seconds
[runlim] space:			3309 MB
[runlim] load:			1.17 maximum
[runlim] samples:		398
