[runlim] version:		2.0.0rc12
[runlim] host:			ap-Precision-7550
[runlim] time limit:		311040000 seconds
[runlim] real time limit:	600 seconds
[runlim] space limit:		14000 MB
[runlim] argv[0]:		python3
[runlim] argv[1]:		-u
[runlim] argv[2]:		main_no_processing.py
[runlim] argv[3]:		scen05
[runlim] argv[4]:		CARD
[runlim] argv[5]:		1
[runlim] argv[6]:		1
[runlim] start:			Sun Jun 21 02:16:46 2026
[runlim] child:			6796
--- CARD [Exactly-One: 1, AMO: 1] ---
 solving MaxSAT (RC2)...
[runlim] sample:		9.99 time, 10.01 real, 1328 MB, 1.19 load
[runlim] sample:		19.99 time, 20.01 real, 1405 MB, 1.16 load
[runlim] sample:		29.99 time, 30.01 real, 1405 MB, 1.13 load
[runlim] sample:		39.98 time, 40.01 real, 1405 MB, 1.11 load
[runlim] sample:		49.98 time, 50.01 real, 1405 MB, 1.09 load
[runlim] sample:		59.97 time, 60.01 real, 1405 MB, 1.08 load
[runlim] sample:		69.97 time, 70.01 real, 1405 MB, 1.07 load
[runlim] sample:		79.97 time, 80.01 real, 1405 MB, 1.06 load
[runlim] sample:		89.96 time, 90.01 real, 1405 MB, 1.05 load
[runlim] sample:		99.96 time, 100.01 real, 1405 MB, 1.04 load
[runlim] sample:		109.95 time, 110.01 real, 1405 MB, 1.03 load
[runlim] sample:		119.95 time, 120.01 real, 1405 MB, 1.03 load
[runlim] sample:		129.94 time, 130.01 real, 1405 MB, 1.02 load
[runlim] sample:		139.94 time, 140.01 real, 1405 MB, 1.17 load
[runlim] sample:		149.94 time, 150.01 real, 1405 MB, 1.15 load
[runlim] sample:		159.93 time, 160.01 real, 1405 MB, 1.12 load
[runlim] sample:		169.93 time, 170.01 real, 1405 MB, 1.10 load
[runlim] sample:		179.93 time, 180.01 real, 1405 MB, 1.09 load
[runlim] sample:		189.92 time, 190.01 real, 1405 MB, 1.07 load

--------------------------------------------------
Found solution!
Number of labels used: 40
--------------------------------------------------
Time taken: 192.93 seconds
Memory used: 1152.77 MB
[runlim] end:			Sun Jun 21 02:20:00 2026
[runlim] status:		ok
[runlim] result:		0
[runlim] children:		1
[runlim] processes:		2
[runlim] real:			193.22 seconds
[runlim] time:			193.12 seconds
[runlim] space:			1447 MB
[runlim] load:			1.22 maximum
[runlim] samples:		1933
