[runlim] version:		2.0.0rc12
[runlim] host:			ap-Precision-7550
[runlim] time limit:		311040000 seconds
[runlim] real time limit:	600 seconds
[runlim] space limit:		14000 MB
[runlim] argv[0]:		python3
[runlim] argv[1]:		-u
[runlim] argv[2]:		main_no_processing.py
[runlim] argv[3]:		TUD200.5
[runlim] argv[4]:		CARD
[runlim] argv[5]:		1
[runlim] argv[6]:		1
[runlim] start:			Sun Jun 21 02:32:50 2026
[runlim] child:			6885
--- CARD [Exactly-One: 1, AMO: 1] ---
 solving MaxSAT (RC2)...
No solution found.
--------------------------------------------------
Time taken: 2.67 seconds
Memory used: 391.92 MB
[runlim] end:			Sun Jun 21 02:32:53 2026
[runlim] status:		ok
[runlim] result:		0
[runlim] children:		1
[runlim] processes:		2
[runlim] real:			2.81 seconds
[runlim] time:			2.70 seconds
[runlim] space:			482 MB
[runlim] load:			1.06 maximum
[runlim] samples:		28
