[runlim] version:		2.0.0rc12
[runlim] host:			ap-Precision-7550
[runlim] time limit:		311040000 seconds
[runlim] real time limit:	600 seconds
[runlim] space limit:		14000 MB
[runlim] argv[0]:		python3
[runlim] argv[1]:		-u
[runlim] argv[2]:		remain.py
[runlim] argv[3]:		scen06
[runlim] argv[4]:		nsc
[runlim] argv[5]:		cadical195
[runlim] start:			Tue Mar 24 17:30:20 2026
[runlim] child:			50847
Solve first problem:
Cannot find solution.
Time taken: 0.16 seconds
Memory used: 29.05 MB
[runlim] end:			Tue Mar 24 17:30:20 2026
[runlim] status:		ok
[runlim] result:		0
[runlim] children:		1
[runlim] processes:		2
[runlim] real:			0.21 seconds
[runlim] time:			0.10 seconds
[runlim] space:			22 MB
[runlim] load:			1.05 maximum
[runlim] samples:		2
