[runlim] version:		2.0.0rc12
[runlim] host:			ap-Precision-7550
[runlim] time limit:		311040000 seconds
[runlim] real time limit:	600 seconds
[runlim] space limit:		14000 MB
[runlim] argv[0]:		python3
[runlim] argv[1]:		-u
[runlim] argv[2]:		remain.py
[runlim] argv[3]:		TUD200.3
[runlim] argv[4]:		nsc
[runlim] argv[5]:		cadical195
[runlim] start:			Tue Mar 24 17:30:24 2026
[runlim] child:			50869
Solve first problem:
Solution:
{1: 526, 2: 764, 3: 442, 4: 680, 5: 414, 6: 652, 7: 352, 8: 114, 9: 442, 10: 680, 11: 142, 12: 380, 13: 16, 14: 254, 15: 86, 16: 324, 17: 408, 18: 170, 19: 708, 20: 470, 21: 526, 22: 764, 23: 778, 24: 540, 25: 282, 26: 44, 27: 58, 28: 296, 29: 394, 30: 156, 31: 366, 32: 128, 33: 456, 34: 694, 35: 694, 36: 456, 37: 142, 38: 380, 39: 142, 40: 380, 41: 86, 42: 324, 43: 540, 44: 778, 45: 484, 46: 722, 47: 282, 48: 44, 49: 554, 50: 792, 51: 428, 52: 666, 53: 470, 54: 708, 55: 394, 56: 156, 57: 442, 58: 680, 59: 100, 60: 338, 61: 324, 62: 86, 63: 156, 64: 394, 65: 680, 66: 442, 67: 456, 68: 694, 69: 114, 70: 352, 71: 512, 72: 750, 73: 142, 74: 380, 75: 442, 76: 680, 77: 156, 78: 394, 79: 142, 80: 380, 81: 554, 82: 792, 83: 512, 84: 750, 85: 526, 86: 764, 87: 652, 88: 414, 89: 44, 90: 282, 91: 554, 92: 792, 93: 58, 94: 296, 95: 30, 96: 268, 97: 478, 98: 240, 99: 478, 100: 240, 101: 666, 102: 428, 103: 484, 104: 722, 105: 498, 106: 736, 107: 554, 108: 792, 109: 394, 110: 156, 111: 540, 112: 778, 113: 86, 114: 324, 115: 142, 116: 380, 117: 100, 118: 338, 119: 72, 120: 310, 121: 380, 122: 142, 123: 512, 124: 750, 125: 764, 126: 526, 127: 736, 128: 498, 129: 456, 130: 694, 131: 240, 132: 478, 133: 498, 134: 736, 135: 554, 136: 792, 137: 652, 138: 414, 139: 554, 140: 792, 141: 498, 142: 736, 143: 512, 144: 750, 145: 86, 146: 324, 147: 694, 148: 456, 149: 428, 150: 666, 151: 792, 152: 554, 153: 156, 154: 394, 155: 394, 156: 156, 157: 540, 158: 778, 159: 512, 160: 750, 161: 554, 162: 792, 163: 554, 164: 792, 165: 394, 166: 156, 167: 428, 168: 666, 169: 498, 170: 736, 171: 554, 172: 792, 173: 442, 174: 680, 175: 470, 176: 708, 177: 428, 178: 666, 179: 170, 180: 408, 181: 792, 182: 554, 183: 498, 184: 736, 185: 484, 186: 722, 187: 792, 188: 554, 189: 498, 190: 736, 191: 540, 192: 778, 193: 484, 194: 722, 195: 72, 196: 310, 197: 526, 198: 764, 199: 554, 200: 792}
Number of lables used:  48
Time taken: 0.16 seconds
Memory used: 30.04 MB
--------------------------------------------------

Trying with at most 47 labels...
Solution:
{1: 526, 2: 764, 3: 442, 4: 680, 5: 414, 6: 652, 7: 352, 8: 114, 9: 442, 10: 680, 11: 142, 12: 380, 13: 16, 14: 254, 15: 86, 16: 324, 17: 408, 18: 170, 19: 708, 20: 470, 21: 526, 22: 764, 23: 778, 24: 540, 25: 282, 26: 44, 27: 58, 28: 296, 29: 394, 30: 156, 31: 366, 32: 128, 33: 456, 34: 694, 35: 694, 36: 456, 37: 128, 38: 366, 39: 142, 40: 380, 41: 86, 42: 324, 43: 540, 44: 778, 45: 484, 46: 722, 47: 282, 48: 44, 49: 380, 50: 142, 51: 428, 52: 666, 53: 470, 54: 708, 55: 394, 56: 156, 57: 442, 58: 680, 59: 100, 60: 338, 61: 324, 62: 86, 63: 156, 64: 394, 65: 680, 66: 442, 67: 456, 68: 694, 69: 114, 70: 352, 71: 512, 72: 750, 73: 142, 74: 380, 75: 442, 76: 680, 77: 156, 78: 394, 79: 142, 80: 380, 81: 58, 82: 296, 83: 512, 84: 750, 85: 540, 86: 778, 87: 652, 88: 414, 89: 254, 90: 16, 91: 456, 92: 694, 93: 58, 94: 296, 95: 30, 96: 268, 97: 478, 98: 240, 99: 478, 100: 240, 101: 666, 102: 428, 103: 484, 104: 722, 105: 498, 106: 736, 107: 526, 108: 764, 109: 394, 110: 156, 111: 540, 112: 778, 113: 86, 114: 324, 115: 142, 116: 380, 117: 100, 118: 338, 119: 44, 120: 282, 121: 380, 122: 142, 123: 512, 124: 750, 125: 764, 126: 526, 127: 540, 128: 778, 129: 456, 130: 694, 131: 240, 132: 478, 133: 498, 134: 736, 135: 470, 136: 708, 137: 268, 138: 30, 139: 652, 140: 414, 141: 498, 142: 736, 143: 484, 144: 722, 145: 86, 146: 324, 147: 498, 148: 736, 149: 86, 150: 324, 151: 414, 152: 652, 153: 100, 154: 338, 155: 394, 156: 156, 157: 540, 158: 778, 159: 512, 160: 750, 161: 778, 162: 540, 163: 470, 164: 708, 165: 366, 166: 128, 167: 414, 168: 652, 169: 778, 170: 540, 171: 526, 172: 764, 173: 442, 174: 680, 175: 442, 176: 680, 177: 72, 178: 310, 179: 170, 180: 408, 181: 778, 182: 540, 183: 778, 184: 540, 185: 484, 186: 722, 187: 484, 188: 722, 189: 764, 190: 526, 191: 540, 192: 778, 193: 470, 194: 708, 195: 72, 196: 310, 197: 540, 198: 778, 199: 512, 200: 750}
Number of lables used:  46
--------------------------------------------------

Trying with at most 45 labels...
Solution:
{1: 142, 2: 380, 3: 708, 4: 470, 5: 86, 6: 324, 7: 254, 8: 16, 9: 86, 10: 324, 11: 170, 12: 408, 13: 380, 14: 142, 15: 58, 16: 296, 17: 240, 18: 478, 19: 694, 20: 456, 21: 484, 22: 722, 23: 666, 24: 428, 25: 484, 26: 722, 27: 666, 28: 428, 29: 352, 30: 114, 31: 366, 32: 128, 33: 428, 34: 666, 35: 498, 36: 736, 37: 114, 38: 352, 39: 680, 40: 442, 41: 268, 42: 30, 43: 512, 44: 750, 45: 456, 46: 694, 47: 282, 48: 44, 49: 58, 50: 296, 51: 750, 52: 512, 53: 428, 54: 666, 55: 338, 56: 100, 57: 414, 58: 652, 59: 58, 60: 296, 61: 16, 62: 254, 63: 722, 64: 484, 65: 652, 66: 414, 67: 414, 68: 652, 69: 86, 70: 324, 71: 456, 72: 694, 73: 366, 74: 128, 75: 156, 76: 394, 77: 156, 78: 394, 79: 100, 80: 338, 81: 498, 82: 736, 83: 428, 84: 666, 85: 512, 86: 750, 87: 352, 88: 114, 89: 254, 90: 16, 91: 142, 92: 380, 93: 394, 94: 156, 95: 498, 96: 736, 97: 478, 98: 240, 99: 170, 100: 408, 101: 456, 102: 694, 103: 414, 104: 652, 105: 142, 106: 380, 107: 58, 108: 296, 109: 394, 110: 156, 111: 498, 112: 736, 113: 30, 114: 268, 115: 142, 116: 380, 117: 86, 118: 324, 119: 428, 120: 666, 121: 240, 122: 478, 123: 484, 124: 722, 125: 114, 126: 352, 127: 512, 128: 750, 129: 750, 130: 512, 131: 408, 132: 170, 133: 456, 134: 694, 135: 428, 136: 666, 137: 142, 138: 380, 139: 58, 140: 296, 141: 470, 142: 708, 143: 512, 144: 750, 145: 156, 146: 394, 147: 394, 148: 156, 149: 680, 150: 442, 151: 470, 152: 708, 153: 156, 154: 394, 155: 380, 156: 142, 157: 512, 158: 750, 159: 442, 160: 680, 161: 512, 162: 750, 163: 484, 164: 722, 165: 338, 166: 100, 167: 156, 168: 394, 169: 750, 170: 512, 171: 380, 172: 142, 173: 456, 174: 694, 175: 442, 176: 680, 177: 414, 178: 652, 179: 240, 180: 478, 181: 30, 182: 268, 183: 512, 184: 750, 185: 442, 186: 680, 187: 456, 188: 694, 189: 470, 190: 708, 191: 512, 192: 750, 193: 414, 194: 652, 195: 30, 196: 268, 197: 484, 198: 722, 199: 512, 200: 750}
Number of lables used:  40
Time taken: 0.29 seconds
Memory used: 31.21 MB
--------------------------------------------------

Trying with at most 39 labels...
Solution:
{1: 442, 2: 680, 3: 708, 4: 470, 5: 666, 6: 428, 7: 470, 8: 708, 9: 142, 10: 380, 11: 170, 12: 408, 13: 16, 14: 254, 15: 86, 16: 324, 17: 240, 18: 478, 19: 30, 20: 268, 21: 58, 22: 296, 23: 282, 24: 44, 25: 296, 26: 58, 27: 708, 28: 470, 29: 44, 30: 282, 31: 470, 32: 708, 33: 338, 34: 100, 35: 128, 36: 366, 37: 100, 38: 338, 39: 694, 40: 456, 41: 16, 42: 254, 43: 428, 44: 666, 45: 156, 46: 394, 47: 708, 48: 470, 49: 414, 50: 652, 51: 324, 52: 86, 53: 442, 54: 680, 55: 72, 56: 310, 57: 142, 58: 380, 59: 394, 60: 156, 61: 30, 62: 268, 63: 428, 64: 666, 65: 666, 66: 428, 67: 470, 68: 708, 69: 86, 70: 324, 71: 366, 72: 128, 73: 296, 74: 58, 75: 142, 76: 380, 77: 128, 78: 366, 79: 694, 80: 456, 81: 414, 82: 652, 83: 428, 84: 666, 85: 352, 86: 114, 87: 296, 88: 58, 89: 456, 90: 694, 91: 128, 92: 366, 93: 394, 94: 156, 95: 86, 96: 324, 97: 408, 98: 170, 99: 170, 100: 408, 101: 694, 102: 456, 103: 708, 104: 470, 105: 352, 106: 114, 107: 394, 108: 156, 109: 324, 110: 86, 111: 428, 112: 666, 113: 16, 114: 254, 115: 16, 116: 254, 117: 282, 118: 44, 119: 142, 120: 380, 121: 240, 122: 478, 123: 680, 124: 442, 125: 114, 126: 352, 127: 708, 128: 470, 129: 428, 130: 666, 131: 142, 132: 380, 133: 100, 134: 338, 135: 44, 136: 282, 137: 470, 138: 708, 139: 708, 140: 470, 141: 428, 142: 666, 143: 394, 144: 156, 145: 708, 146: 470, 147: 16, 148: 254, 149: 114, 150: 352, 151: 666, 152: 428, 153: 268, 154: 30, 155: 366, 156: 128, 157: 708, 158: 470, 159: 456, 160: 694, 161: 44, 162: 282, 163: 414, 164: 652, 165: 44, 166: 282, 167: 16, 168: 254, 169: 100, 170: 338, 171: 352, 172: 114, 173: 30, 174: 268, 175: 428, 176: 666, 177: 156, 178: 394, 179: 478, 180: 240, 181: 86, 182: 324, 183: 86, 184: 324, 185: 414, 186: 652, 187: 16, 188: 254, 189: 428, 190: 666, 191: 708, 192: 470, 193: 114, 194: 352, 195: 428, 196: 666, 197: 394, 198: 156, 199: 428, 200: 666}
Number of lables used:  36
Time taken: 0.41 seconds
Memory used: 31.75 MB
--------------------------------------------------

Trying with at most 35 labels...
Solution:
{1: 114, 2: 352, 3: 114, 4: 352, 5: 16, 6: 254, 7: 114, 8: 352, 9: 114, 10: 352, 11: 380, 12: 142, 13: 114, 14: 352, 15: 268, 16: 30, 17: 240, 18: 478, 19: 44, 20: 282, 21: 58, 22: 296, 23: 128, 24: 366, 25: 414, 26: 652, 27: 708, 28: 470, 29: 142, 30: 380, 31: 470, 32: 708, 33: 128, 34: 366, 35: 114, 36: 352, 37: 268, 38: 30, 39: 86, 40: 324, 41: 380, 42: 142, 43: 442, 44: 680, 45: 708, 46: 470, 47: 708, 48: 470, 49: 680, 50: 442, 51: 44, 52: 282, 53: 708, 54: 470, 55: 128, 56: 366, 57: 86, 58: 324, 59: 142, 60: 380, 61: 324, 62: 86, 63: 254, 64: 16, 65: 652, 66: 414, 67: 708, 68: 470, 69: 30, 70: 268, 71: 652, 72: 414, 73: 652, 74: 414, 75: 282, 76: 44, 77: 128, 78: 366, 79: 680, 80: 442, 81: 708, 82: 470, 83: 100, 84: 338, 85: 338, 86: 100, 87: 680, 88: 442, 89: 414, 90: 652, 91: 708, 92: 470, 93: 470, 94: 708, 95: 86, 96: 324, 97: 478, 98: 240, 99: 142, 100: 380, 101: 652, 102: 414, 103: 268, 104: 30, 105: 114, 106: 352, 107: 86, 108: 324, 109: 338, 110: 100, 111: 44, 112: 282, 113: 58, 114: 296, 115: 16, 116: 254, 117: 268, 118: 30, 119: 142, 120: 380, 121: 240, 122: 478, 123: 680, 124: 442, 125: 442, 126: 680, 127: 708, 128: 470, 129: 30, 130: 268, 131: 380, 132: 142, 133: 44, 134: 282, 135: 652, 136: 414, 137: 470, 138: 708, 139: 142, 140: 380, 141: 380, 142: 142, 143: 72, 144: 310, 145: 44, 146: 282, 147: 16, 148: 254, 149: 142, 150: 380, 151: 652, 152: 414, 153: 30, 154: 268, 155: 442, 156: 680, 157: 708, 158: 470, 159: 100, 160: 338, 161: 44, 162: 282, 163: 652, 164: 414, 165: 72, 166: 310, 167: 16, 168: 254, 169: 324, 170: 86, 171: 708, 172: 470, 173: 128, 174: 366, 175: 142, 176: 380, 177: 86, 178: 324, 179: 142, 180: 380, 181: 652, 182: 414, 183: 708, 184: 470, 185: 44, 186: 282, 187: 142, 188: 380, 189: 142, 190: 380, 191: 680, 192: 442, 193: 142, 194: 380, 195: 414, 196: 652, 197: 338, 198: 100, 199: 652, 200: 414}
Number of lables used:  28
Time taken: 0.53 seconds
Memory used: 31.77 MB
--------------------------------------------------

Trying with at most 27 labels...
Solution:
{1: 708, 2: 470, 3: 58, 4: 296, 5: 114, 6: 352, 7: 680, 8: 442, 9: 142, 10: 380, 11: 170, 12: 408, 13: 142, 14: 380, 15: 58, 16: 296, 17: 170, 18: 408, 19: 296, 20: 58, 21: 680, 22: 442, 23: 666, 24: 428, 25: 296, 26: 58, 27: 680, 28: 442, 29: 778, 30: 540, 31: 456, 32: 694, 33: 114, 34: 352, 35: 58, 36: 296, 37: 778, 38: 540, 39: 666, 40: 428, 41: 142, 42: 380, 43: 666, 44: 428, 45: 254, 46: 16, 47: 394, 48: 156, 49: 708, 50: 470, 51: 58, 52: 296, 53: 666, 54: 428, 55: 708, 56: 470, 57: 58, 58: 296, 59: 680, 60: 442, 61: 254, 62: 16, 63: 442, 64: 680, 65: 778, 66: 540, 67: 470, 68: 708, 69: 442, 70: 680, 71: 778, 72: 540, 73: 778, 74: 540, 75: 666, 76: 428, 77: 114, 78: 352, 79: 778, 80: 540, 81: 708, 82: 470, 83: 394, 84: 156, 85: 380, 86: 142, 87: 254, 88: 16, 89: 708, 90: 470, 91: 114, 92: 352, 93: 16, 94: 254, 95: 296, 96: 58, 97: 478, 98: 240, 99: 478, 100: 240, 101: 456, 102: 694, 103: 708, 104: 470, 105: 58, 106: 296, 107: 666, 108: 428, 109: 296, 110: 58, 111: 114, 112: 352, 113: 254, 114: 16, 115: 58, 116: 296, 117: 58, 118: 296, 119: 58, 120: 296, 121: 408, 122: 170, 123: 778, 124: 540, 125: 352, 126: 114, 127: 778, 128: 540, 129: 666, 130: 428, 131: 478, 132: 240, 133: 694, 134: 456, 135: 778, 136: 540, 137: 470, 138: 708, 139: 680, 140: 442, 141: 778, 142: 540, 143: 540, 144: 778, 145: 456, 146: 694, 147: 470, 148: 708, 149: 58, 150: 296, 151: 16, 152: 254, 153: 254, 154: 16, 155: 156, 156: 394, 157: 666, 158: 428, 159: 708, 160: 470, 161: 142, 162: 380, 163: 540, 164: 778, 165: 142, 166: 380, 167: 114, 168: 352, 169: 58, 170: 296, 171: 16, 172: 254, 173: 540, 174: 778, 175: 666, 176: 428, 177: 778, 178: 540, 179: 380, 180: 142, 181: 156, 182: 394, 183: 296, 184: 58, 185: 296, 186: 58, 187: 156, 188: 394, 189: 666, 190: 428, 191: 114, 192: 352, 193: 540, 194: 778, 195: 296, 196: 58, 197: 380, 198: 142, 199: 114, 200: 352}
Number of lables used:  24
Time taken: 0.65 seconds
Memory used: 31.78 MB
--------------------------------------------------

Trying with at most 23 labels...
Solution:
{1: 296, 2: 58, 3: 352, 4: 114, 5: 58, 6: 296, 7: 498, 8: 736, 9: 414, 10: 652, 11: 170, 12: 408, 13: 414, 14: 652, 15: 16, 16: 254, 17: 240, 18: 478, 19: 792, 20: 554, 21: 554, 22: 792, 23: 652, 24: 414, 25: 792, 26: 554, 27: 652, 28: 414, 29: 114, 30: 352, 31: 44, 32: 282, 33: 498, 34: 736, 35: 58, 36: 296, 37: 736, 38: 498, 39: 414, 40: 652, 41: 58, 42: 296, 43: 58, 44: 296, 45: 352, 46: 114, 47: 352, 48: 114, 49: 16, 50: 254, 51: 736, 52: 498, 53: 296, 54: 58, 55: 282, 56: 44, 57: 114, 58: 352, 59: 114, 60: 352, 61: 16, 62: 254, 63: 554, 64: 792, 65: 156, 66: 394, 67: 282, 68: 44, 69: 296, 70: 58, 71: 156, 72: 394, 73: 554, 74: 792, 75: 156, 76: 394, 77: 394, 78: 156, 79: 44, 80: 282, 81: 792, 82: 554, 83: 394, 84: 156, 85: 114, 86: 352, 87: 498, 88: 736, 89: 414, 90: 652, 91: 498, 92: 736, 93: 736, 94: 498, 95: 652, 96: 414, 97: 240, 98: 478, 99: 170, 100: 408, 101: 554, 102: 792, 103: 652, 104: 414, 105: 114, 106: 352, 107: 296, 108: 58, 109: 414, 110: 652, 111: 282, 112: 44, 113: 16, 114: 254, 115: 16, 116: 254, 117: 296, 118: 58, 119: 736, 120: 498, 121: 240, 122: 478, 123: 352, 124: 114, 125: 114, 126: 352, 127: 652, 128: 414, 129: 736, 130: 498, 131: 478, 132: 240, 133: 58, 134: 296, 135: 44, 136: 282, 137: 352, 138: 114, 139: 44, 140: 282, 141: 352, 142: 114, 143: 296, 144: 58, 145: 792, 146: 554, 147: 156, 148: 394, 149: 156, 150: 394, 151: 792, 152: 554, 153: 394, 154: 156, 155: 554, 156: 792, 157: 44, 158: 282, 159: 414, 160: 652, 161: 554, 162: 792, 163: 554, 164: 792, 165: 16, 166: 254, 167: 394, 168: 156, 169: 736, 170: 498, 171: 254, 172: 16, 173: 282, 174: 44, 175: 352, 176: 114, 177: 114, 178: 352, 179: 478, 180: 240, 181: 156, 182: 394, 183: 114, 184: 352, 185: 498, 186: 736, 187: 16, 188: 254, 189: 296, 190: 58, 191: 44, 192: 282, 193: 498, 194: 736, 195: 254, 196: 16, 197: 792, 198: 554, 199: 156, 200: 394}
Number of lables used:  20
Time taken: 0.77 seconds
Memory used: 32.82 MB
--------------------------------------------------

Trying with at most 19 labels...
Solution:
{1: 380, 2: 142, 3: 58, 4: 296, 5: 352, 6: 114, 7: 254, 8: 16, 9: 142, 10: 380, 11: 478, 12: 240, 13: 254, 14: 16, 15: 142, 16: 380, 17: 170, 18: 408, 19: 58, 20: 296, 21: 58, 22: 296, 23: 512, 24: 750, 25: 352, 26: 114, 27: 750, 28: 512, 29: 512, 30: 750, 31: 456, 32: 694, 33: 352, 34: 114, 35: 142, 36: 380, 37: 72, 38: 310, 39: 750, 40: 512, 41: 72, 42: 310, 43: 456, 44: 694, 45: 16, 46: 254, 47: 750, 48: 512, 49: 16, 50: 254, 51: 58, 52: 296, 53: 694, 54: 456, 55: 114, 56: 352, 57: 380, 58: 142, 59: 456, 60: 694, 61: 254, 62: 16, 63: 456, 64: 694, 65: 142, 66: 380, 67: 380, 68: 142, 69: 72, 70: 310, 71: 750, 72: 512, 73: 58, 74: 296, 75: 58, 76: 296, 77: 352, 78: 114, 79: 694, 80: 456, 81: 114, 82: 352, 83: 296, 84: 58, 85: 380, 86: 142, 87: 72, 88: 310, 89: 750, 90: 512, 91: 114, 92: 352, 93: 512, 94: 750, 95: 296, 96: 58, 97: 170, 98: 408, 99: 478, 100: 240, 101: 380, 102: 142, 103: 456, 104: 694, 105: 254, 106: 16, 107: 352, 108: 114, 109: 750, 110: 512, 111: 750, 112: 512, 113: 750, 114: 512, 115: 16, 116: 254, 117: 512, 118: 750, 119: 114, 120: 352, 121: 380, 122: 142, 123: 694, 124: 456, 125: 114, 126: 352, 127: 694, 128: 456, 129: 456, 130: 694, 131: 142, 132: 380, 133: 352, 134: 114, 135: 72, 136: 310, 137: 58, 138: 296, 139: 694, 140: 456, 141: 456, 142: 694, 143: 512, 144: 750, 145: 694, 146: 456, 147: 142, 148: 380, 149: 142, 150: 380, 151: 750, 152: 512, 153: 694, 154: 456, 155: 310, 156: 72, 157: 58, 158: 296, 159: 380, 160: 142, 161: 58, 162: 296, 163: 16, 164: 254, 165: 16, 166: 254, 167: 114, 168: 352, 169: 380, 170: 142, 171: 380, 172: 142, 173: 380, 174: 142, 175: 456, 176: 694, 177: 58, 178: 296, 179: 478, 180: 240, 181: 58, 182: 296, 183: 58, 184: 296, 185: 456, 186: 694, 187: 114, 188: 352, 189: 456, 190: 694, 191: 310, 192: 72, 193: 114, 194: 352, 195: 456, 196: 694, 197: 310, 198: 72, 199: 142, 200: 380}
Number of lables used:  18
Time taken: 0.91 seconds
Memory used: 32.81 MB
--------------------------------------------------

Trying with at most 17 labels...
Solution:
{1: 470, 2: 708, 3: 708, 4: 470, 5: 128, 6: 366, 7: 142, 8: 380, 9: 470, 10: 708, 11: 142, 12: 380, 13: 254, 14: 16, 15: 554, 16: 792, 17: 380, 18: 142, 19: 652, 20: 414, 21: 652, 22: 414, 23: 324, 24: 86, 25: 554, 26: 792, 27: 652, 28: 414, 29: 652, 30: 414, 31: 324, 32: 86, 33: 380, 34: 142, 35: 142, 36: 380, 37: 708, 38: 470, 39: 86, 40: 324, 41: 128, 42: 366, 43: 128, 44: 366, 45: 16, 46: 254, 47: 380, 48: 142, 49: 792, 50: 554, 51: 470, 52: 708, 53: 324, 54: 86, 55: 128, 56: 366, 57: 380, 58: 142, 59: 16, 60: 254, 61: 254, 62: 16, 63: 414, 64: 652, 65: 792, 66: 554, 67: 366, 68: 128, 69: 324, 70: 86, 71: 86, 72: 324, 73: 86, 74: 324, 75: 652, 76: 414, 77: 254, 78: 16, 79: 142, 80: 380, 81: 792, 82: 554, 83: 366, 84: 128, 85: 470, 86: 708, 87: 554, 88: 792, 89: 414, 90: 652, 91: 792, 92: 554, 93: 16, 94: 254, 95: 414, 96: 652, 97: 240, 98: 478, 99: 478, 100: 240, 101: 414, 102: 652, 103: 652, 104: 414, 105: 254, 106: 16, 107: 16, 108: 254, 109: 414, 110: 652, 111: 708, 112: 470, 113: 16, 114: 254, 115: 254, 116: 16, 117: 708, 118: 470, 119: 470, 120: 708, 121: 380, 122: 142, 123: 792, 124: 554, 125: 324, 126: 86, 127: 792, 128: 554, 129: 554, 130: 792, 131: 478, 132: 240, 133: 708, 134: 470, 135: 708, 136: 470, 137: 86, 138: 324, 139: 128, 140: 366, 141: 128, 142: 366, 143: 708, 144: 470, 145: 16, 146: 254, 147: 414, 148: 652, 149: 142, 150: 380, 151: 254, 152: 16, 153: 792, 154: 554, 155: 86, 156: 324, 157: 86, 158: 324, 159: 16, 160: 254, 161: 554, 162: 792, 163: 380, 164: 142, 165: 128, 166: 366, 167: 324, 168: 86, 169: 792, 170: 554, 171: 16, 172: 254, 173: 128, 174: 366, 175: 792, 176: 554, 177: 254, 178: 16, 179: 142, 180: 380, 181: 652, 182: 414, 183: 708, 184: 470, 185: 792, 186: 554, 187: 86, 188: 324, 189: 708, 190: 470, 191: 324, 192: 86, 193: 554, 194: 792, 195: 324, 196: 86, 197: 414, 198: 652, 199: 142, 200: 380}
Number of lables used:  16
Time taken: 1.04 seconds
Memory used: 32.82 MB
--------------------------------------------------

Trying with at most 15 labels...
Solution:
{1: 72, 2: 310, 3: 680, 4: 442, 5: 16, 6: 254, 7: 380, 8: 142, 9: 16, 10: 254, 11: 478, 12: 240, 13: 16, 14: 254, 15: 380, 16: 142, 17: 380, 18: 142, 19: 142, 20: 380, 21: 114, 22: 352, 23: 778, 24: 540, 25: 442, 26: 680, 27: 680, 28: 442, 29: 72, 30: 310, 31: 442, 32: 680, 33: 380, 34: 142, 35: 142, 36: 380, 37: 778, 38: 540, 39: 142, 40: 380, 41: 72, 42: 310, 43: 142, 44: 380, 45: 778, 46: 540, 47: 778, 48: 540, 49: 16, 50: 254, 51: 142, 52: 380, 53: 778, 54: 540, 55: 142, 56: 380, 57: 352, 58: 114, 59: 442, 60: 680, 61: 254, 62: 16, 63: 540, 64: 778, 65: 16, 66: 254, 67: 680, 68: 442, 69: 442, 70: 680, 71: 540, 72: 778, 73: 778, 74: 540, 75: 310, 76: 72, 77: 16, 78: 254, 79: 778, 80: 540, 81: 16, 82: 254, 83: 254, 84: 16, 85: 310, 86: 72, 87: 16, 88: 254, 89: 778, 90: 540, 91: 442, 92: 680, 93: 310, 94: 72, 95: 72, 96: 310, 97: 478, 98: 240, 99: 478, 100: 240, 101: 680, 102: 442, 103: 680, 104: 442, 105: 114, 106: 352, 107: 114, 108: 352, 109: 380, 110: 142, 111: 142, 112: 380, 113: 254, 114: 16, 115: 680, 116: 442, 117: 442, 118: 680, 119: 72, 120: 310, 121: 380, 122: 142, 123: 680, 124: 442, 125: 778, 126: 540, 127: 778, 128: 540, 129: 352, 130: 114, 131: 380, 132: 142, 133: 540, 134: 778, 135: 142, 136: 380, 137: 442, 138: 680, 139: 114, 140: 352, 141: 114, 142: 352, 143: 114, 144: 352, 145: 72, 146: 310, 147: 114, 148: 352, 149: 310, 150: 72, 151: 16, 152: 254, 153: 114, 154: 352, 155: 778, 156: 540, 157: 778, 158: 540, 159: 16, 160: 254, 161: 310, 162: 72, 163: 778, 164: 540, 165: 142, 166: 380, 167: 254, 168: 16, 169: 72, 170: 310, 171: 680, 172: 442, 173: 778, 174: 540, 175: 778, 176: 540, 177: 16, 178: 254, 179: 240, 180: 478, 181: 680, 182: 442, 183: 442, 184: 680, 185: 142, 186: 380, 187: 254, 188: 16, 189: 540, 190: 778, 191: 442, 192: 680, 193: 72, 194: 310, 195: 142, 196: 380, 197: 16, 198: 254, 199: 142, 200: 380}
Number of lables used:  14
Time taken: 1.30 seconds
Memory used: 35.42 MB
--------------------------------------------------

Trying with at most 13 labels...
Cannot find solution.
No more solutions found.
Optimal number of labels used:  14
Time taken: 2.62 seconds
Memory used: 40.67 MB
[runlim] end:			Tue Mar 24 17:30:27 2026
[runlim] status:		ok
[runlim] result:		0
[runlim] children:		1
[runlim] processes:		2
[runlim] real:			2.66 seconds
[runlim] time:			2.60 seconds
[runlim] space:			41 MB
[runlim] load:			1.05 maximum
[runlim] samples:		27
