[runlim] version:		1.10
[runlim] time limit:		311040000 seconds
[runlim] real time limit:	600 seconds
[runlim] space limit:		14000 MB
[runlim] argv[0]:		python3
[runlim] argv[1]:		-u
[runlim] argv[2]:		pairwise.py
[runlim] argv[3]:		graph06
[runlim] argv[4]:		assumptions
[runlim] start:			Thu Mar 12 15:18:52 2026
[runlim] main pid:		5543
Solve first problem:
Cannot find solution.
Time taken: 0.43 seconds 
Memory used: 27.81 MB
[runlim] end:			Thu Mar 12 15:18:53 2026
[runlim] status:		ok
[runlim] result:		0
[runlim] children:		0
[runlim] real:			1.42 seconds
[runlim] time:			0.39 seconds
[runlim] space:			27.7 MB
[runlim] samples:		4
