[runlim] version:		2.0.0rc12
[runlim] host:			ap-Precision-7550
[runlim] time limit:		311040000 seconds
[runlim] real time limit:	600 seconds
[runlim] space limit:		14000 MB
[runlim] argv[0]:		python3
[runlim] argv[1]:		-u
[runlim] argv[2]:		pairwise_no_preprocessing.py
[runlim] argv[3]:		graph02
[runlim] argv[4]:		assumptions
[runlim] argv[5]:		1
[runlim] start:			Thu Jun 11 02:04:08 2026
[runlim] child:			8900
Number of assignment variables:  14624
Number of clauses for exactly one constraints:  42672
Number of clauses for distance constraints:  182741
---------------------------------------------------
Solve first problem:
Solution:
{1: 792, 2: 554, 3: 792, 4: 554, 5: 792, 6: 554, 7: 792, 8: 554, 9: 792, 10: 554, 11: 792, 12: 554, 13: 792, 14: 554, 15: 792, 16: 554, 17: 792, 18: 554, 19: 792, 20: 554, 21: 792, 22: 554, 23: 792, 24: 554, 25: 792, 26: 554, 27: 750, 28: 512, 29: 792, 30: 554, 31: 792, 32: 554, 33: 722, 34: 484, 35: 722, 36: 484, 37: 792, 38: 554, 39: 792, 40: 554, 41: 680, 42: 442, 43: 708, 44: 470, 45: 764, 46: 526, 47: 750, 48: 512, 49: 750, 50: 512, 51: 792, 52: 554, 53: 408, 54: 170, 55: 792, 56: 554, 57: 792, 58: 554, 59: 736, 60: 498, 61: 764, 62: 526, 63: 778, 64: 540, 65: 764, 66: 526, 67: 750, 68: 512, 69: 736, 70: 498, 71: 478, 72: 240, 73: 792, 74: 554, 75: 750, 76: 512, 77: 792, 78: 554, 79: 764, 80: 526, 81: 722, 82: 484, 83: 792, 84: 554, 85: 722, 86: 484, 87: 778, 88: 540, 89: 792, 90: 554, 91: 736, 92: 498, 93: 750, 94: 512, 95: 778, 96: 540, 97: 792, 98: 554, 99: 736, 100: 498, 101: 764, 102: 526, 103: 722, 104: 484, 105: 722, 106: 484, 107: 736, 108: 498, 109: 792, 110: 554, 111: 708, 112: 470, 113: 778, 114: 540, 115: 708, 116: 470, 117: 792, 118: 554, 119: 478, 120: 240, 121: 750, 122: 512, 123: 792, 124: 554, 125: 680, 126: 442, 127: 778, 128: 540, 129: 408, 130: 170, 131: 778, 132: 540, 133: 778, 134: 540, 135: 478, 136: 240, 137: 694, 138: 456, 139: 708, 140: 470, 141: 736, 142: 498, 143: 764, 144: 526, 145: 778, 146: 540, 147: 792, 148: 554, 149: 792, 150: 554, 151: 764, 152: 526, 153: 722, 154: 484, 155: 478, 156: 240, 157: 792, 158: 554, 159: 792, 160: 554, 161: 792, 162: 554, 163: 408, 164: 170, 165: 666, 166: 428, 167: 764, 168: 526, 169: 750, 170: 512, 171: 778, 172: 540, 173: 764, 174: 526, 175: 792, 176: 554, 177: 736, 178: 498, 179: 408, 180: 170, 181: 764, 182: 526, 183: 736, 184: 498, 185: 750, 186: 512, 187: 736, 188: 498, 189: 408, 190: 170, 191: 750, 192: 512, 193: 722, 194: 484, 195: 722, 196: 484, 197: 792, 198: 554, 199: 764, 200: 526, 201: 722, 202: 484, 203: 680, 204: 442, 205: 708, 206: 470, 207: 694, 208: 456, 209: 694, 210: 456, 211: 764, 212: 526, 213: 478, 214: 240, 215: 456, 216: 694, 217: 442, 218: 680, 219: 652, 220: 414, 221: 792, 222: 554, 223: 764, 224: 526, 225: 792, 226: 554, 227: 408, 228: 170, 229: 764, 230: 526, 231: 694, 232: 456, 233: 680, 234: 442, 235: 708, 236: 470, 237: 778, 238: 540, 239: 694, 240: 456, 241: 750, 242: 512, 243: 750, 244: 512, 245: 428, 246: 666, 247: 478, 248: 240, 249: 764, 250: 526, 251: 722, 252: 484, 253: 708, 254: 470, 255: 380, 256: 142, 257: 666, 258: 428, 259: 478, 260: 240, 261: 498, 262: 736, 263: 478, 264: 240, 265: 478, 266: 240, 267: 722, 268: 484, 269: 750, 270: 512, 271: 414, 272: 652, 273: 722, 274: 484, 275: 680, 276: 442, 277: 778, 278: 540, 279: 428, 280: 666, 281: 666, 282: 428, 283: 694, 284: 456, 285: 408, 286: 170, 287: 484, 288: 722, 289: 666, 290: 428, 291: 478, 292: 240, 293: 408, 294: 170, 295: 778, 296: 540, 297: 408, 298: 170, 299: 408, 300: 170, 301: 324, 302: 86, 303: 736, 304: 498, 305: 778, 306: 540, 307: 694, 308: 456, 309: 408, 310: 170, 311: 478, 312: 240, 313: 408, 314: 170, 315: 736, 316: 498, 317: 408, 318: 170, 319: 736, 320: 498, 321: 792, 322: 554, 323: 338, 324: 100, 325: 470, 326: 708, 327: 652, 328: 414, 329: 778, 330: 540, 331: 442, 332: 680, 333: 380, 334: 142, 335: 526, 336: 764, 337: 792, 338: 554, 339: 478, 340: 240, 341: 694, 342: 456, 343: 470, 344: 708, 345: 792, 346: 554, 347: 722, 348: 484, 349: 408, 350: 170, 351: 408, 352: 170, 353: 394, 354: 156, 355: 680, 356: 442, 357: 352, 358: 114, 359: 778, 360: 540, 361: 338, 362: 100, 363: 750, 364: 512, 365: 680, 366: 442, 367: 680, 368: 442, 369: 652, 370: 414, 371: 366, 372: 128, 373: 652, 374: 414, 375: 652, 376: 414, 377: 366, 378: 128, 379: 708, 380: 470, 381: 764, 382: 526, 383: 680, 384: 442, 385: 750, 386: 512, 387: 694, 388: 456, 389: 456, 390: 694, 391: 652, 392: 414, 393: 666, 394: 428, 395: 778, 396: 540, 397: 310, 398: 72, 399: 750, 400: 512}
Number of lables used:  40
Total time: 0.28 seconds
Memory used: 51.25 MB
--------------------------------------------------
Number of label variables:  48
Number of clauses for label constraints:  14624
Number of new variables for cardinality constraints:  1131
Number of clauses for cardinality constraints:  4446
Initial variable count:  30027
Initial clause count:  244483
--------------------------------------------------

Trying with at most 39 labels...
Solution:
{1: 666, 2: 428, 3: 100, 4: 338, 5: 114, 6: 352, 7: 324, 8: 86, 9: 652, 10: 414, 11: 296, 12: 58, 13: 652, 14: 414, 15: 310, 16: 72, 17: 282, 18: 44, 19: 296, 20: 58, 21: 282, 22: 44, 23: 366, 24: 128, 25: 268, 26: 30, 27: 324, 28: 86, 29: 156, 30: 394, 31: 268, 32: 30, 33: 380, 34: 142, 35: 666, 36: 428, 37: 324, 38: 86, 39: 380, 40: 142, 41: 324, 42: 86, 43: 254, 44: 16, 45: 428, 46: 666, 47: 338, 48: 100, 49: 310, 50: 72, 51: 310, 52: 72, 53: 380, 54: 142, 55: 282, 56: 44, 57: 666, 58: 428, 59: 324, 60: 86, 61: 128, 62: 366, 63: 310, 64: 72, 65: 30, 66: 268, 67: 324, 68: 86, 69: 254, 70: 16, 71: 380, 72: 142, 73: 16, 74: 254, 75: 254, 76: 16, 77: 394, 78: 156, 79: 268, 80: 30, 81: 310, 82: 72, 83: 156, 84: 394, 85: 414, 86: 652, 87: 86, 88: 324, 89: 156, 90: 394, 91: 268, 92: 30, 93: 324, 94: 86, 95: 652, 96: 414, 97: 128, 98: 366, 99: 310, 100: 72, 101: 296, 102: 58, 103: 380, 104: 142, 105: 16, 106: 254, 107: 44, 108: 282, 109: 282, 110: 44, 111: 296, 112: 58, 113: 338, 114: 100, 115: 114, 116: 352, 117: 114, 118: 352, 119: 380, 120: 142, 121: 338, 122: 100, 123: 268, 124: 30, 125: 268, 126: 30, 127: 338, 128: 100, 129: 380, 130: 142, 131: 324, 132: 86, 133: 428, 134: 666, 135: 380, 136: 142, 137: 324, 138: 86, 139: 282, 140: 44, 141: 268, 142: 30, 143: 428, 144: 666, 145: 282, 146: 44, 147: 352, 148: 114, 149: 128, 150: 366, 151: 338, 152: 100, 153: 254, 154: 16, 155: 380, 156: 142, 157: 652, 158: 414, 159: 282, 160: 44, 161: 16, 162: 254, 163: 380, 164: 142, 165: 352, 166: 114, 167: 310, 168: 72, 169: 296, 170: 58, 171: 338, 172: 100, 173: 310, 174: 72, 175: 58, 176: 296, 177: 652, 178: 414, 179: 380, 180: 142, 181: 310, 182: 72, 183: 414, 184: 652, 185: 282, 186: 44, 187: 652, 188: 414, 189: 380, 190: 142, 191: 296, 192: 58, 193: 128, 194: 366, 195: 324, 196: 86, 197: 296, 198: 58, 199: 310, 200: 72, 201: 156, 202: 394, 203: 268, 204: 30, 205: 324, 206: 86, 207: 352, 208: 114, 209: 310, 210: 72, 211: 268, 212: 30, 213: 478, 214: 240, 215: 394, 216: 156, 217: 254, 218: 16, 219: 268, 220: 30, 221: 352, 222: 114, 223: 310, 224: 72, 225: 254, 226: 16, 227: 408, 228: 170, 229: 310, 230: 72, 231: 58, 232: 296, 233: 366, 234: 128, 235: 282, 236: 44, 237: 268, 238: 30, 239: 338, 240: 100, 241: 296, 242: 58, 243: 282, 244: 44, 245: 428, 246: 666, 247: 380, 248: 142, 249: 338, 250: 100, 251: 16, 252: 254, 253: 100, 254: 338, 255: 380, 256: 142, 257: 310, 258: 72, 259: 380, 260: 142, 261: 254, 262: 16, 263: 380, 264: 142, 265: 380, 266: 142, 267: 44, 268: 282, 269: 282, 270: 44, 271: 268, 272: 30, 273: 296, 274: 58, 275: 254, 276: 16, 277: 310, 278: 72, 279: 428, 280: 666, 281: 366, 282: 128, 283: 30, 284: 268, 285: 380, 286: 142, 287: 254, 288: 16, 289: 324, 290: 86, 291: 380, 292: 142, 293: 380, 294: 142, 295: 338, 296: 100, 297: 380, 298: 142, 299: 408, 300: 170, 301: 282, 302: 44, 303: 652, 304: 414, 305: 268, 306: 30, 307: 296, 308: 58, 309: 380, 310: 142, 311: 380, 312: 142, 313: 380, 314: 142, 315: 296, 316: 58, 317: 408, 318: 170, 319: 310, 320: 72, 321: 380, 322: 142, 323: 338, 324: 100, 325: 310, 326: 72, 327: 282, 328: 44, 329: 268, 330: 30, 331: 268, 332: 30, 333: 268, 334: 30, 335: 254, 336: 16, 337: 282, 338: 44, 339: 380, 340: 142, 341: 296, 342: 58, 343: 254, 344: 16, 345: 310, 346: 72, 347: 666, 348: 428, 349: 380, 350: 142, 351: 380, 352: 142, 353: 254, 354: 16, 355: 268, 356: 30, 357: 324, 358: 86, 359: 338, 360: 100, 361: 338, 362: 100, 363: 268, 364: 30, 365: 268, 366: 30, 367: 254, 368: 16, 369: 282, 370: 44, 371: 254, 372: 16, 373: 324, 374: 86, 375: 254, 376: 16, 377: 254, 378: 16, 379: 282, 380: 44, 381: 268, 382: 30, 383: 254, 384: 16, 385: 268, 386: 30, 387: 268, 388: 30, 389: 254, 390: 16, 391: 254, 392: 16, 393: 254, 394: 16, 395: 268, 396: 30, 397: 324, 398: 86, 399: 268, 400: 30}
Number of lables used:  30
Total time: 0.30 seconds
Memory used: 53.46 MB
--------------------------------------------------

Trying with at most 29 labels...
Solution:
{1: 666, 2: 428, 3: 100, 4: 338, 5: 114, 6: 352, 7: 324, 8: 86, 9: 652, 10: 414, 11: 296, 12: 58, 13: 652, 14: 414, 15: 310, 16: 72, 17: 282, 18: 44, 19: 296, 20: 58, 21: 282, 22: 44, 23: 366, 24: 128, 25: 268, 26: 30, 27: 324, 28: 86, 29: 156, 30: 394, 31: 268, 32: 30, 33: 380, 34: 142, 35: 666, 36: 428, 37: 324, 38: 86, 39: 44, 40: 282, 41: 324, 42: 86, 43: 254, 44: 16, 45: 428, 46: 666, 47: 338, 48: 100, 49: 310, 50: 72, 51: 310, 52: 72, 53: 380, 54: 142, 55: 282, 56: 44, 57: 666, 58: 428, 59: 324, 60: 86, 61: 128, 62: 366, 63: 310, 64: 72, 65: 30, 66: 268, 67: 324, 68: 86, 69: 254, 70: 16, 71: 380, 72: 142, 73: 16, 74: 254, 75: 254, 76: 16, 77: 394, 78: 156, 79: 268, 80: 30, 81: 310, 82: 72, 83: 156, 84: 394, 85: 414, 86: 652, 87: 86, 88: 324, 89: 156, 90: 394, 91: 268, 92: 30, 93: 324, 94: 86, 95: 652, 96: 414, 97: 128, 98: 366, 99: 310, 100: 72, 101: 296, 102: 58, 103: 380, 104: 142, 105: 16, 106: 254, 107: 44, 108: 282, 109: 282, 110: 44, 111: 296, 112: 58, 113: 338, 114: 100, 115: 114, 116: 352, 117: 114, 118: 352, 119: 380, 120: 142, 121: 338, 122: 100, 123: 268, 124: 30, 125: 268, 126: 30, 127: 338, 128: 100, 129: 380, 130: 142, 131: 324, 132: 86, 133: 428, 134: 666, 135: 380, 136: 142, 137: 324, 138: 86, 139: 282, 140: 44, 141: 268, 142: 30, 143: 428, 144: 666, 145: 282, 146: 44, 147: 352, 148: 114, 149: 128, 150: 366, 151: 338, 152: 100, 153: 254, 154: 16, 155: 380, 156: 142, 157: 652, 158: 414, 159: 282, 160: 44, 161: 16, 162: 254, 163: 380, 164: 142, 165: 352, 166: 114, 167: 310, 168: 72, 169: 296, 170: 58, 171: 338, 172: 100, 173: 310, 174: 72, 175: 58, 176: 296, 177: 652, 178: 414, 179: 380, 180: 142, 181: 310, 182: 72, 183: 414, 184: 652, 185: 282, 186: 44, 187: 652, 188: 414, 189: 380, 190: 142, 191: 296, 192: 58, 193: 128, 194: 366, 195: 324, 196: 86, 197: 296, 198: 58, 199: 310, 200: 72, 201: 156, 202: 394, 203: 268, 204: 30, 205: 324, 206: 86, 207: 352, 208: 114, 209: 310, 210: 72, 211: 268, 212: 30, 213: 142, 214: 380, 215: 394, 216: 156, 217: 254, 218: 16, 219: 268, 220: 30, 221: 352, 222: 114, 223: 310, 224: 72, 225: 254, 226: 16, 227: 408, 228: 170, 229: 310, 230: 72, 231: 58, 232: 296, 233: 366, 234: 128, 235: 282, 236: 44, 237: 268, 238: 30, 239: 338, 240: 100, 241: 296, 242: 58, 243: 282, 244: 44, 245: 428, 246: 666, 247: 380, 248: 142, 249: 338, 250: 100, 251: 16, 252: 254, 253: 100, 254: 338, 255: 380, 256: 142, 257: 310, 258: 72, 259: 380, 260: 142, 261: 254, 262: 16, 263: 380, 264: 142, 265: 380, 266: 142, 267: 44, 268: 282, 269: 282, 270: 44, 271: 268, 272: 30, 273: 296, 274: 58, 275: 254, 276: 16, 277: 310, 278: 72, 279: 428, 280: 666, 281: 366, 282: 128, 283: 30, 284: 268, 285: 380, 286: 142, 287: 254, 288: 16, 289: 324, 290: 86, 291: 380, 292: 142, 293: 380, 294: 142, 295: 338, 296: 100, 297: 380, 298: 142, 299: 408, 300: 170, 301: 282, 302: 44, 303: 652, 304: 414, 305: 268, 306: 30, 307: 296, 308: 58, 309: 380, 310: 142, 311: 380, 312: 142, 313: 380, 314: 142, 315: 296, 316: 58, 317: 408, 318: 170, 319: 310, 320: 72, 321: 380, 322: 142, 323: 338, 324: 100, 325: 310, 326: 72, 327: 282, 328: 44, 329: 268, 330: 30, 331: 268, 332: 30, 333: 268, 334: 30, 335: 254, 336: 16, 337: 282, 338: 44, 339: 380, 340: 142, 341: 296, 342: 58, 343: 254, 344: 16, 345: 310, 346: 72, 347: 666, 348: 428, 349: 380, 350: 142, 351: 380, 352: 142, 353: 254, 354: 16, 355: 268, 356: 30, 357: 324, 358: 86, 359: 338, 360: 100, 361: 338, 362: 100, 363: 268, 364: 30, 365: 268, 366: 30, 367: 254, 368: 16, 369: 282, 370: 44, 371: 254, 372: 16, 373: 324, 374: 86, 375: 254, 376: 16, 377: 254, 378: 16, 379: 282, 380: 44, 381: 268, 382: 30, 383: 254, 384: 16, 385: 268, 386: 30, 387: 268, 388: 30, 389: 254, 390: 16, 391: 254, 392: 16, 393: 254, 394: 16, 395: 268, 396: 30, 397: 324, 398: 86, 399: 268, 400: 30}
Number of lables used:  28
Total time: 0.30 seconds
Memory used: 53.48 MB
--------------------------------------------------

Trying with at most 27 labels...
Solution:
{1: 666, 2: 428, 3: 100, 4: 338, 5: 128, 6: 366, 7: 324, 8: 86, 9: 652, 10: 414, 11: 296, 12: 58, 13: 666, 14: 428, 15: 310, 16: 72, 17: 282, 18: 44, 19: 296, 20: 58, 21: 282, 22: 44, 23: 366, 24: 128, 25: 268, 26: 30, 27: 324, 28: 86, 29: 380, 30: 142, 31: 268, 32: 30, 33: 380, 34: 142, 35: 666, 36: 428, 37: 324, 38: 86, 39: 44, 40: 282, 41: 324, 42: 86, 43: 254, 44: 16, 45: 428, 46: 666, 47: 338, 48: 100, 49: 310, 50: 72, 51: 310, 52: 72, 53: 380, 54: 142, 55: 282, 56: 44, 57: 666, 58: 428, 59: 324, 60: 86, 61: 128, 62: 366, 63: 310, 64: 72, 65: 30, 66: 268, 67: 324, 68: 86, 69: 254, 70: 16, 71: 380, 72: 142, 73: 16, 74: 254, 75: 254, 76: 16, 77: 428, 78: 666, 79: 268, 80: 30, 81: 310, 82: 72, 83: 86, 84: 324, 85: 414, 86: 652, 87: 86, 88: 324, 89: 128, 90: 366, 91: 268, 92: 30, 93: 324, 94: 86, 95: 414, 96: 652, 97: 128, 98: 366, 99: 310, 100: 72, 101: 296, 102: 58, 103: 666, 104: 428, 105: 16, 106: 254, 107: 44, 108: 282, 109: 282, 110: 44, 111: 296, 112: 58, 113: 338, 114: 100, 115: 128, 116: 366, 117: 128, 118: 366, 119: 380, 120: 142, 121: 338, 122: 100, 123: 268, 124: 30, 125: 268, 126: 30, 127: 338, 128: 100, 129: 380, 130: 142, 131: 338, 132: 100, 133: 428, 134: 666, 135: 380, 136: 142, 137: 324, 138: 86, 139: 282, 140: 44, 141: 268, 142: 30, 143: 428, 144: 666, 145: 282, 146: 44, 147: 652, 148: 414, 149: 128, 150: 366, 151: 338, 152: 100, 153: 254, 154: 16, 155: 380, 156: 142, 157: 652, 158: 414, 159: 282, 160: 44, 161: 16, 162: 254, 163: 380, 164: 142, 165: 86, 166: 324, 167: 310, 168: 72, 169: 296, 170: 58, 171: 338, 172: 100, 173: 310, 174: 72, 175: 58, 176: 296, 177: 652, 178: 414, 179: 380, 180: 142, 181: 310, 182: 72, 183: 414, 184: 652, 185: 282, 186: 44, 187: 652, 188: 414, 189: 380, 190: 142, 191: 296, 192: 58, 193: 128, 194: 366, 195: 380, 196: 142, 197: 296, 198: 58, 199: 310, 200: 72, 201: 652, 202: 414, 203: 268, 204: 30, 205: 324, 206: 86, 207: 366, 208: 128, 209: 310, 210: 72, 211: 268, 212: 30, 213: 142, 214: 380, 215: 652, 216: 414, 217: 254, 218: 16, 219: 268, 220: 30, 221: 366, 222: 128, 223: 310, 224: 72, 225: 254, 226: 16, 227: 408, 228: 170, 229: 310, 230: 72, 231: 58, 232: 296, 233: 366, 234: 128, 235: 282, 236: 44, 237: 268, 238: 30, 239: 338, 240: 100, 241: 296, 242: 58, 243: 282, 244: 44, 245: 428, 246: 666, 247: 380, 248: 142, 249: 338, 250: 100, 251: 16, 252: 254, 253: 100, 254: 338, 255: 380, 256: 142, 257: 310, 258: 72, 259: 380, 260: 142, 261: 254, 262: 16, 263: 380, 264: 142, 265: 380, 266: 142, 267: 44, 268: 282, 269: 282, 270: 44, 271: 268, 272: 30, 273: 296, 274: 58, 275: 254, 276: 16, 277: 310, 278: 72, 279: 428, 280: 666, 281: 366, 282: 128, 283: 30, 284: 268, 285: 380, 286: 142, 287: 254, 288: 16, 289: 324, 290: 86, 291: 380, 292: 142, 293: 380, 294: 142, 295: 338, 296: 100, 297: 380, 298: 142, 299: 408, 300: 170, 301: 282, 302: 44, 303: 652, 304: 414, 305: 268, 306: 30, 307: 296, 308: 58, 309: 380, 310: 142, 311: 380, 312: 142, 313: 380, 314: 142, 315: 296, 316: 58, 317: 408, 318: 170, 319: 310, 320: 72, 321: 380, 322: 142, 323: 338, 324: 100, 325: 310, 326: 72, 327: 282, 328: 44, 329: 268, 330: 30, 331: 268, 332: 30, 333: 268, 334: 30, 335: 254, 336: 16, 337: 282, 338: 44, 339: 380, 340: 142, 341: 296, 342: 58, 343: 254, 344: 16, 345: 310, 346: 72, 347: 666, 348: 428, 349: 380, 350: 142, 351: 380, 352: 142, 353: 254, 354: 16, 355: 268, 356: 30, 357: 324, 358: 86, 359: 338, 360: 100, 361: 338, 362: 100, 363: 268, 364: 30, 365: 268, 366: 30, 367: 254, 368: 16, 369: 282, 370: 44, 371: 254, 372: 16, 373: 324, 374: 86, 375: 254, 376: 16, 377: 254, 378: 16, 379: 282, 380: 44, 381: 268, 382: 30, 383: 254, 384: 16, 385: 268, 386: 30, 387: 268, 388: 30, 389: 254, 390: 16, 391: 254, 392: 16, 393: 254, 394: 16, 395: 268, 396: 30, 397: 324, 398: 86, 399: 268, 400: 30}
Number of lables used:  24
Total time: 0.30 seconds
Memory used: 53.48 MB
--------------------------------------------------

Trying with at most 23 labels...
Solution:
{1: 30, 2: 268, 3: 380, 4: 142, 5: 142, 6: 380, 7: 324, 8: 86, 9: 380, 10: 142, 11: 296, 12: 58, 13: 254, 14: 16, 15: 324, 16: 86, 17: 380, 18: 142, 19: 128, 20: 366, 21: 282, 22: 44, 23: 366, 24: 128, 25: 268, 26: 30, 27: 310, 28: 72, 29: 380, 30: 142, 31: 268, 32: 30, 33: 44, 34: 282, 35: 58, 36: 296, 37: 324, 38: 86, 39: 72, 40: 310, 41: 324, 42: 86, 43: 254, 44: 16, 45: 338, 46: 100, 47: 128, 48: 366, 49: 324, 50: 86, 51: 310, 52: 72, 53: 170, 54: 408, 55: 282, 56: 44, 57: 58, 58: 296, 59: 324, 60: 86, 61: 128, 62: 366, 63: 324, 64: 86, 65: 30, 66: 268, 67: 338, 68: 100, 69: 254, 70: 16, 71: 380, 72: 142, 73: 324, 74: 86, 75: 30, 76: 268, 77: 72, 78: 310, 79: 268, 80: 30, 81: 310, 82: 72, 83: 72, 84: 310, 85: 30, 86: 268, 87: 86, 88: 324, 89: 142, 90: 380, 91: 268, 92: 30, 93: 44, 94: 282, 95: 128, 96: 366, 97: 128, 98: 366, 99: 310, 100: 72, 101: 296, 102: 58, 103: 338, 104: 100, 105: 16, 106: 254, 107: 44, 108: 282, 109: 282, 110: 44, 111: 296, 112: 58, 113: 366, 114: 128, 115: 128, 116: 366, 117: 142, 118: 380, 119: 380, 120: 142, 121: 366, 122: 128, 123: 268, 124: 30, 125: 268, 126: 30, 127: 366, 128: 128, 129: 380, 130: 142, 131: 296, 132: 58, 133: 86, 134: 324, 135: 380, 136: 142, 137: 310, 138: 72, 139: 282, 140: 44, 141: 268, 142: 30, 143: 366, 144: 128, 145: 282, 146: 44, 147: 142, 148: 380, 149: 366, 150: 128, 151: 58, 152: 296, 153: 254, 154: 16, 155: 380, 156: 142, 157: 282, 158: 44, 159: 282, 160: 44, 161: 16, 162: 254, 163: 380, 164: 142, 165: 310, 166: 72, 167: 58, 168: 296, 169: 324, 170: 86, 171: 366, 172: 128, 173: 310, 174: 72, 175: 380, 176: 142, 177: 30, 178: 268, 179: 380, 180: 142, 181: 310, 182: 72, 183: 268, 184: 30, 185: 282, 186: 44, 187: 296, 188: 58, 189: 408, 190: 170, 191: 100, 192: 338, 193: 380, 194: 142, 195: 380, 196: 142, 197: 296, 198: 58, 199: 338, 200: 100, 201: 16, 202: 254, 203: 268, 204: 30, 205: 366, 206: 128, 207: 366, 208: 128, 209: 72, 210: 310, 211: 282, 212: 44, 213: 142, 214: 380, 215: 86, 216: 324, 217: 254, 218: 16, 219: 268, 220: 30, 221: 366, 222: 128, 223: 310, 224: 72, 225: 254, 226: 16, 227: 408, 228: 170, 229: 86, 230: 324, 231: 72, 232: 310, 233: 128, 234: 366, 235: 324, 236: 86, 237: 268, 238: 30, 239: 100, 240: 338, 241: 324, 242: 86, 243: 338, 244: 100, 245: 282, 246: 44, 247: 380, 248: 142, 249: 380, 250: 142, 251: 16, 252: 254, 253: 58, 254: 296, 255: 170, 256: 408, 257: 310, 258: 72, 259: 380, 260: 142, 261: 254, 262: 16, 263: 380, 264: 142, 265: 142, 266: 380, 267: 30, 268: 268, 269: 282, 270: 44, 271: 282, 272: 44, 273: 310, 274: 72, 275: 254, 276: 16, 277: 310, 278: 72, 279: 128, 280: 366, 281: 338, 282: 100, 283: 30, 284: 268, 285: 170, 286: 408, 287: 254, 288: 16, 289: 282, 290: 44, 291: 380, 292: 142, 293: 170, 294: 408, 295: 366, 296: 128, 297: 380, 298: 142, 299: 170, 300: 408, 301: 100, 302: 338, 303: 338, 304: 100, 305: 268, 306: 30, 307: 296, 308: 58, 309: 408, 310: 170, 311: 408, 312: 170, 313: 142, 314: 380, 315: 310, 316: 72, 317: 170, 318: 408, 319: 296, 320: 58, 321: 142, 322: 380, 323: 366, 324: 128, 325: 254, 326: 16, 327: 44, 328: 282, 329: 268, 330: 30, 331: 268, 332: 30, 333: 142, 334: 380, 335: 254, 336: 16, 337: 282, 338: 44, 339: 408, 340: 170, 341: 310, 342: 72, 343: 128, 344: 366, 345: 366, 346: 128, 347: 324, 348: 86, 349: 408, 350: 170, 351: 170, 352: 408, 353: 30, 354: 268, 355: 268, 356: 30, 357: 310, 358: 72, 359: 282, 360: 44, 361: 338, 362: 100, 363: 282, 364: 44, 365: 268, 366: 30, 367: 254, 368: 16, 369: 268, 370: 30, 371: 16, 372: 254, 373: 324, 374: 86, 375: 254, 376: 16, 377: 254, 378: 16, 379: 338, 380: 100, 381: 380, 382: 142, 383: 254, 384: 16, 385: 30, 386: 268, 387: 268, 388: 30, 389: 254, 390: 16, 391: 254, 392: 16, 393: 254, 394: 16, 395: 366, 396: 128, 397: 324, 398: 86, 399: 30, 400: 268}
Number of lables used:  20
Total time: 0.33 seconds
Memory used: 53.70 MB
--------------------------------------------------

Trying with at most 19 labels...
Solution:
{1: 366, 2: 128, 3: 380, 4: 142, 5: 156, 6: 394, 7: 30, 8: 268, 9: 380, 10: 142, 11: 310, 12: 72, 13: 554, 14: 792, 15: 394, 16: 156, 17: 380, 18: 142, 19: 128, 20: 366, 21: 100, 22: 338, 23: 366, 24: 128, 25: 296, 26: 58, 27: 338, 28: 100, 29: 380, 30: 142, 31: 792, 32: 554, 33: 58, 34: 296, 35: 30, 36: 268, 37: 792, 38: 554, 39: 128, 40: 366, 41: 100, 42: 338, 43: 296, 44: 58, 45: 338, 46: 100, 47: 128, 48: 366, 49: 554, 50: 792, 51: 58, 52: 296, 53: 478, 54: 240, 55: 366, 56: 128, 57: 58, 58: 296, 59: 58, 60: 296, 61: 128, 62: 366, 63: 268, 64: 30, 65: 128, 66: 366, 67: 394, 68: 156, 69: 268, 70: 30, 71: 380, 72: 142, 73: 268, 74: 30, 75: 58, 76: 296, 77: 792, 78: 554, 79: 268, 80: 30, 81: 310, 82: 72, 83: 30, 84: 268, 85: 30, 86: 268, 87: 792, 88: 554, 89: 142, 90: 380, 91: 268, 92: 30, 93: 58, 94: 296, 95: 554, 96: 792, 97: 100, 98: 338, 99: 58, 100: 296, 101: 310, 102: 72, 103: 128, 104: 366, 105: 296, 106: 58, 107: 338, 108: 100, 109: 296, 110: 58, 111: 296, 112: 58, 113: 366, 114: 128, 115: 128, 116: 366, 117: 142, 118: 380, 119: 478, 120: 240, 121: 338, 122: 100, 123: 268, 124: 30, 125: 268, 126: 30, 127: 366, 128: 128, 129: 380, 130: 142, 131: 296, 132: 58, 133: 394, 134: 156, 135: 478, 136: 240, 137: 310, 138: 72, 139: 296, 140: 58, 141: 156, 142: 394, 143: 366, 144: 128, 145: 296, 146: 58, 147: 142, 148: 380, 149: 72, 150: 310, 151: 100, 152: 338, 153: 310, 154: 72, 155: 380, 156: 142, 157: 380, 158: 142, 159: 268, 160: 30, 161: 310, 162: 72, 163: 380, 164: 142, 165: 310, 166: 72, 167: 58, 168: 296, 169: 72, 170: 310, 171: 268, 172: 30, 173: 310, 174: 72, 175: 156, 176: 394, 177: 128, 178: 366, 179: 380, 180: 142, 181: 310, 182: 72, 183: 792, 184: 554, 185: 310, 186: 72, 187: 310, 188: 72, 189: 380, 190: 142, 191: 100, 192: 338, 193: 554, 194: 792, 195: 380, 196: 142, 197: 296, 198: 58, 199: 100, 200: 338, 201: 338, 202: 100, 203: 380, 204: 142, 205: 366, 206: 128, 207: 366, 208: 128, 209: 72, 210: 310, 211: 338, 212: 100, 213: 478, 214: 240, 215: 296, 216: 58, 217: 268, 218: 30, 219: 268, 220: 30, 221: 100, 222: 338, 223: 554, 224: 792, 225: 296, 226: 58, 227: 380, 228: 142, 229: 394, 230: 156, 231: 394, 232: 156, 233: 58, 234: 296, 235: 338, 236: 100, 237: 296, 238: 58, 239: 100, 240: 338, 241: 72, 242: 310, 243: 338, 244: 100, 245: 30, 246: 268, 247: 478, 248: 240, 249: 380, 250: 142, 251: 394, 252: 156, 253: 58, 254: 296, 255: 478, 256: 240, 257: 338, 258: 100, 259: 478, 260: 240, 261: 268, 262: 30, 263: 380, 264: 142, 265: 240, 266: 478, 267: 128, 268: 366, 269: 380, 270: 142, 271: 268, 272: 30, 273: 296, 274: 58, 275: 268, 276: 30, 277: 380, 278: 142, 279: 128, 280: 366, 281: 58, 282: 296, 283: 156, 284: 394, 285: 240, 286: 478, 287: 338, 288: 100, 289: 296, 290: 58, 291: 380, 292: 142, 293: 240, 294: 478, 295: 366, 296: 128, 297: 380, 298: 142, 299: 240, 300: 478, 301: 100, 302: 338, 303: 58, 304: 296, 305: 296, 306: 58, 307: 30, 308: 268, 309: 478, 310: 240, 311: 478, 312: 240, 313: 478, 314: 240, 315: 310, 316: 72, 317: 240, 318: 478, 319: 128, 320: 366, 321: 30, 322: 268, 323: 30, 324: 268, 325: 58, 326: 296, 327: 268, 328: 30, 329: 30, 330: 268, 331: 268, 332: 30, 333: 142, 334: 380, 335: 338, 336: 100, 337: 296, 338: 58, 339: 380, 340: 142, 341: 310, 342: 72, 343: 128, 344: 366, 345: 30, 346: 268, 347: 100, 348: 338, 349: 240, 350: 478, 351: 478, 352: 240, 353: 366, 354: 128, 355: 268, 356: 30, 357: 554, 358: 792, 359: 128, 360: 366, 361: 100, 362: 338, 363: 268, 364: 30, 365: 338, 366: 100, 367: 268, 368: 30, 369: 268, 370: 30, 371: 296, 372: 58, 373: 310, 374: 72, 375: 268, 376: 30, 377: 30, 378: 268, 379: 554, 380: 792, 381: 30, 382: 268, 383: 72, 384: 310, 385: 72, 386: 310, 387: 366, 388: 128, 389: 72, 390: 310, 391: 268, 392: 30, 393: 268, 394: 30, 395: 58, 396: 296, 397: 554, 398: 792, 399: 30, 400: 268}
Number of lables used:  18
Total time: 0.34 seconds
Memory used: 53.70 MB
--------------------------------------------------

Trying with at most 17 labels...
Solution:
{1: 296, 2: 58, 3: 380, 4: 142, 5: 394, 6: 156, 7: 30, 8: 268, 9: 30, 10: 268, 11: 310, 12: 72, 13: 142, 14: 380, 15: 394, 16: 156, 17: 72, 18: 310, 19: 30, 20: 268, 21: 72, 22: 310, 23: 366, 24: 128, 25: 296, 26: 58, 27: 338, 28: 100, 29: 30, 30: 268, 31: 128, 32: 366, 33: 100, 34: 338, 35: 142, 36: 380, 37: 142, 38: 380, 39: 72, 40: 310, 41: 100, 42: 338, 43: 296, 44: 58, 45: 338, 46: 100, 47: 128, 48: 366, 49: 156, 50: 394, 51: 58, 52: 296, 53: 478, 54: 240, 55: 310, 56: 72, 57: 58, 58: 296, 59: 30, 60: 268, 61: 100, 62: 338, 63: 268, 64: 30, 65: 128, 66: 366, 67: 30, 68: 268, 69: 268, 70: 30, 71: 380, 72: 142, 73: 268, 74: 30, 75: 58, 76: 296, 77: 296, 78: 58, 79: 268, 80: 30, 81: 310, 82: 72, 83: 338, 84: 100, 85: 58, 86: 296, 87: 394, 88: 156, 89: 156, 90: 394, 91: 268, 92: 30, 93: 58, 94: 296, 95: 100, 96: 338, 97: 338, 98: 100, 99: 100, 100: 338, 101: 310, 102: 72, 103: 156, 104: 394, 105: 58, 106: 296, 107: 72, 108: 310, 109: 268, 110: 30, 111: 296, 112: 58, 113: 380, 114: 142, 115: 156, 116: 394, 117: 156, 118: 394, 119: 478, 120: 240, 121: 366, 122: 128, 123: 268, 124: 30, 125: 366, 126: 128, 127: 338, 128: 100, 129: 380, 130: 142, 131: 310, 132: 72, 133: 156, 134: 394, 135: 478, 136: 240, 137: 310, 138: 72, 139: 338, 140: 100, 141: 366, 142: 128, 143: 268, 144: 30, 145: 268, 146: 30, 147: 142, 148: 380, 149: 296, 150: 58, 151: 366, 152: 128, 153: 338, 154: 100, 155: 478, 156: 240, 157: 30, 158: 268, 159: 268, 160: 30, 161: 58, 162: 296, 163: 142, 164: 380, 165: 128, 166: 366, 167: 310, 168: 72, 169: 338, 170: 100, 171: 394, 172: 156, 173: 338, 174: 100, 175: 366, 176: 128, 177: 72, 178: 310, 179: 380, 180: 142, 181: 338, 182: 100, 183: 156, 184: 394, 185: 310, 186: 72, 187: 268, 188: 30, 189: 478, 190: 240, 191: 268, 192: 30, 193: 72, 194: 310, 195: 380, 196: 142, 197: 296, 198: 58, 199: 100, 200: 338, 201: 394, 202: 156, 203: 338, 204: 100, 205: 366, 206: 128, 207: 366, 208: 128, 209: 366, 210: 128, 211: 310, 212: 72, 213: 478, 214: 240, 215: 156, 216: 394, 217: 268, 218: 30, 219: 268, 220: 30, 221: 100, 222: 338, 223: 338, 224: 100, 225: 296, 226: 58, 227: 478, 228: 240, 229: 394, 230: 156, 231: 338, 232: 100, 233: 128, 234: 366, 235: 58, 236: 296, 237: 296, 238: 58, 239: 338, 240: 100, 241: 380, 242: 142, 243: 366, 244: 128, 245: 128, 246: 366, 247: 478, 248: 240, 249: 100, 250: 338, 251: 338, 252: 100, 253: 310, 254: 72, 255: 478, 256: 240, 257: 394, 258: 156, 259: 478, 260: 240, 261: 268, 262: 30, 263: 240, 264: 478, 265: 240, 266: 478, 267: 296, 268: 58, 269: 296, 270: 58, 271: 30, 272: 268, 273: 296, 274: 58, 275: 268, 276: 30, 277: 310, 278: 72, 279: 366, 280: 128, 281: 366, 282: 128, 283: 58, 284: 296, 285: 478, 286: 240, 287: 142, 288: 380, 289: 380, 290: 142, 291: 380, 292: 142, 293: 240, 294: 478, 295: 366, 296: 128, 297: 478, 298: 240, 299: 240, 300: 478, 301: 100, 302: 338, 303: 72, 304: 310, 305: 268, 306: 30, 307: 30, 308: 268, 309: 478, 310: 240, 311: 478, 312: 240, 313: 478, 314: 240, 315: 296, 316: 58, 317: 478, 318: 240, 319: 58, 320: 296, 321: 394, 322: 156, 323: 338, 324: 100, 325: 128, 326: 366, 327: 310, 328: 72, 329: 58, 330: 296, 331: 156, 332: 394, 333: 72, 334: 310, 335: 156, 336: 394, 337: 268, 338: 30, 339: 478, 340: 240, 341: 310, 342: 72, 343: 30, 344: 268, 345: 30, 346: 268, 347: 58, 348: 296, 349: 240, 350: 478, 351: 478, 352: 240, 353: 58, 354: 296, 355: 394, 356: 156, 357: 100, 358: 338, 359: 380, 360: 142, 361: 268, 362: 30, 363: 58, 364: 296, 365: 100, 366: 338, 367: 156, 368: 394, 369: 380, 370: 142, 371: 30, 372: 268, 373: 156, 374: 394, 375: 296, 376: 58, 377: 72, 378: 310, 379: 30, 380: 268, 381: 30, 382: 268, 383: 72, 384: 310, 385: 296, 386: 58, 387: 72, 388: 310, 389: 268, 390: 30, 391: 268, 392: 30, 393: 268, 394: 30, 395: 30, 396: 268, 397: 380, 398: 142, 399: 72, 400: 310}
Number of lables used:  16
Total time: 0.35 seconds
Memory used: 53.70 MB
--------------------------------------------------

Trying with at most 15 labels...
Solution:
{1: 16, 2: 254, 3: 16, 4: 254, 5: 16, 6: 254, 7: 16, 8: 254, 9: 16, 10: 254, 11: 16, 12: 254, 13: 30, 14: 268, 15: 16, 16: 254, 17: 16, 18: 254, 19: 16, 20: 254, 21: 16, 22: 254, 23: 16, 24: 254, 25: 30, 26: 268, 27: 58, 28: 296, 29: 16, 30: 254, 31: 16, 32: 254, 33: 86, 34: 324, 35: 86, 36: 324, 37: 16, 38: 254, 39: 16, 40: 254, 41: 128, 42: 366, 43: 428, 44: 666, 45: 128, 46: 366, 47: 58, 48: 296, 49: 366, 50: 128, 51: 666, 52: 428, 53: 170, 54: 408, 55: 16, 56: 254, 57: 30, 58: 268, 59: 86, 60: 324, 61: 58, 62: 296, 63: 86, 64: 324, 65: 58, 66: 296, 67: 86, 68: 324, 69: 86, 70: 324, 71: 408, 72: 170, 73: 16, 74: 254, 75: 58, 76: 296, 77: 16, 78: 254, 79: 366, 80: 128, 81: 666, 82: 428, 83: 30, 84: 268, 85: 16, 86: 254, 87: 30, 88: 268, 89: 128, 90: 366, 91: 428, 92: 666, 93: 86, 94: 324, 95: 366, 96: 128, 97: 16, 98: 254, 99: 86, 100: 324, 101: 58, 102: 296, 103: 16, 104: 254, 105: 86, 106: 324, 107: 30, 108: 268, 109: 16, 110: 254, 111: 86, 112: 324, 113: 30, 114: 268, 115: 128, 116: 366, 117: 86, 118: 324, 119: 408, 120: 170, 121: 58, 122: 296, 123: 30, 124: 268, 125: 296, 126: 58, 127: 30, 128: 268, 129: 170, 130: 408, 131: 30, 132: 268, 133: 16, 134: 254, 135: 408, 136: 170, 137: 128, 138: 366, 139: 128, 140: 366, 141: 86, 142: 324, 143: 58, 144: 296, 145: 86, 146: 324, 147: 30, 148: 268, 149: 16, 150: 254, 151: 58, 152: 296, 153: 128, 154: 366, 155: 408, 156: 170, 157: 58, 158: 296, 159: 16, 160: 254, 161: 16, 162: 254, 163: 408, 164: 170, 165: 86, 166: 324, 167: 268, 168: 30, 169: 324, 170: 86, 171: 30, 172: 268, 173: 58, 174: 296, 175: 16, 176: 254, 177: 86, 178: 324, 179: 408, 180: 170, 181: 666, 182: 428, 183: 324, 184: 86, 185: 58, 186: 296, 187: 366, 188: 128, 189: 408, 190: 170, 191: 86, 192: 324, 193: 86, 194: 324, 195: 666, 196: 428, 197: 16, 198: 254, 199: 666, 200: 428, 201: 366, 202: 128, 203: 666, 204: 428, 205: 428, 206: 666, 207: 128, 208: 366, 209: 666, 210: 428, 211: 666, 212: 428, 213: 408, 214: 170, 215: 128, 216: 366, 217: 324, 218: 86, 219: 58, 220: 296, 221: 58, 222: 296, 223: 58, 224: 296, 225: 16, 226: 254, 227: 408, 228: 170, 229: 666, 230: 428, 231: 58, 232: 296, 233: 666, 234: 428, 235: 128, 236: 366, 237: 128, 238: 366, 239: 128, 240: 366, 241: 366, 242: 128, 243: 366, 244: 128, 245: 366, 246: 128, 247: 408, 248: 170, 249: 666, 250: 428, 251: 86, 252: 324, 253: 58, 254: 296, 255: 408, 256: 170, 257: 296, 258: 58, 259: 408, 260: 170, 261: 86, 262: 324, 263: 408, 264: 170, 265: 170, 266: 408, 267: 16, 268: 254, 269: 128, 270: 366, 271: 268, 272: 30, 273: 268, 274: 30, 275: 324, 276: 86, 277: 296, 278: 58, 279: 128, 280: 366, 281: 324, 282: 86, 283: 268, 284: 30, 285: 170, 286: 408, 287: 128, 288: 366, 289: 86, 290: 324, 291: 408, 292: 170, 293: 170, 294: 408, 295: 30, 296: 268, 297: 170, 298: 408, 299: 408, 300: 170, 301: 58, 302: 296, 303: 428, 304: 666, 305: 86, 306: 324, 307: 666, 308: 428, 309: 170, 310: 408, 311: 170, 312: 408, 313: 408, 314: 170, 315: 366, 316: 128, 317: 408, 318: 170, 319: 296, 320: 58, 321: 666, 322: 428, 323: 666, 324: 428, 325: 366, 326: 128, 327: 296, 328: 58, 329: 666, 330: 428, 331: 268, 332: 30, 333: 268, 334: 30, 335: 268, 336: 30, 337: 30, 338: 268, 339: 170, 340: 408, 341: 268, 342: 30, 343: 428, 344: 666, 345: 366, 346: 128, 347: 86, 348: 324, 349: 170, 350: 408, 351: 170, 352: 408, 353: 254, 354: 16, 355: 128, 356: 366, 357: 666, 358: 428, 359: 30, 360: 268, 361: 666, 362: 428, 363: 366, 364: 128, 365: 296, 366: 58, 367: 666, 368: 428, 369: 268, 370: 30, 371: 666, 372: 428, 373: 666, 374: 428, 375: 666, 376: 428, 377: 254, 378: 16, 379: 128, 380: 366, 381: 30, 382: 268, 383: 58, 384: 296, 385: 324, 386: 86, 387: 666, 388: 428, 389: 296, 390: 58, 391: 666, 392: 428, 393: 428, 394: 666, 395: 30, 396: 268, 397: 366, 398: 128, 399: 58, 400: 296}
Number of lables used:  14
Total time: 0.48 seconds
Memory used: 63.30 MB
--------------------------------------------------

Trying with at most 13 labels...
[runlim] sample:		10.00 time, 10.01 real, 96 MB, 1.00 load
[runlim] sample:		19.99 time, 20.01 real, 88 MB, 1.00 load
[runlim] sample:		29.98 time, 30.01 real, 89 MB, 1.00 load
[runlim] sample:		39.99 time, 40.01 real, 91 MB, 1.00 load
[runlim] sample:		49.98 time, 50.01 real, 91 MB, 1.00 load
[runlim] sample:		59.98 time, 60.01 real, 91 MB, 1.00 load
[runlim] sample:		69.97 time, 70.01 real, 91 MB, 1.00 load
[runlim] sample:		79.97 time, 80.01 real, 91 MB, 1.00 load
[runlim] sample:		89.96 time, 90.01 real, 91 MB, 1.07 load
[runlim] sample:		99.96 time, 100.01 real, 91 MB, 1.06 load
[runlim] sample:		109.95 time, 110.01 real, 92 MB, 1.05 load
[runlim] sample:		119.94 time, 120.01 real, 104 MB, 1.04 load
[runlim] sample:		129.95 time, 130.01 real, 107 MB, 1.04 load
[runlim] sample:		139.94 time, 140.01 real, 92 MB, 1.03 load
[runlim] sample:		149.93 time, 150.01 real, 80 MB, 1.02 load
[runlim] sample:		159.93 time, 160.01 real, 110 MB, 1.02 load
[runlim] sample:		169.92 time, 170.01 real, 126 MB, 1.02 load
[runlim] sample:		179.92 time, 180.01 real, 128 MB, 1.01 load
[runlim] sample:		189.91 time, 190.01 real, 128 MB, 1.01 load
[runlim] sample:		199.91 time, 200.01 real, 144 MB, 1.01 load
[runlim] sample:		209.91 time, 210.01 real, 163 MB, 1.01 load
[runlim] sample:		219.90 time, 220.01 real, 144 MB, 1.01 load
[runlim] sample:		229.89 time, 230.01 real, 144 MB, 1.00 load
[runlim] sample:		239.89 time, 240.01 real, 145 MB, 1.08 load
[runlim] sample:		249.89 time, 250.01 real, 145 MB, 1.15 load
[runlim] sample:		259.88 time, 260.01 real, 145 MB, 1.12 load
[runlim] sample:		269.88 time, 270.01 real, 145 MB, 1.10 load
[runlim] sample:		279.87 time, 280.01 real, 145 MB, 1.09 load
[runlim] sample:		289.87 time, 290.01 real, 145 MB, 1.07 load
[runlim] sample:		299.87 time, 300.01 real, 145 MB, 1.06 load
[runlim] sample:		309.86 time, 310.01 real, 145 MB, 1.20 load
[runlim] sample:		319.86 time, 320.01 real, 145 MB, 1.17 load
[runlim] sample:		329.85 time, 330.01 real, 145 MB, 1.14 load
[runlim] sample:		339.85 time, 340.01 real, 145 MB, 1.12 load
[runlim] sample:		349.84 time, 350.01 real, 145 MB, 1.10 load
[runlim] sample:		359.84 time, 360.01 real, 145 MB, 1.08 load
[runlim] sample:		369.83 time, 370.01 real, 145 MB, 1.07 load
[runlim] sample:		379.83 time, 380.01 real, 145 MB, 1.06 load
[runlim] sample:		389.83 time, 390.01 real, 145 MB, 1.05 load
[runlim] sample:		399.82 time, 400.01 real, 145 MB, 1.04 load
[runlim] sample:		409.82 time, 410.01 real, 145 MB, 1.04 load
[runlim] sample:		419.81 time, 420.01 real, 145 MB, 1.03 load
[runlim] sample:		429.81 time, 430.01 real, 145 MB, 1.02 load
[runlim] sample:		439.80 time, 440.01 real, 145 MB, 1.02 load
[runlim] sample:		449.80 time, 450.01 real, 145 MB, 1.02 load
[runlim] sample:		459.80 time, 460.01 real, 145 MB, 1.09 load
[runlim] sample:		469.79 time, 470.01 real, 164 MB, 1.08 load
[runlim] sample:		479.79 time, 480.01 real, 165 MB, 1.07 load
[runlim] sample:		489.79 time, 490.01 real, 147 MB, 1.06 load
[runlim] sample:		499.79 time, 500.01 real, 147 MB, 1.05 load
[runlim] sample:		509.78 time, 510.01 real, 169 MB, 1.11 load
[runlim] sample:		519.78 time, 520.01 real, 169 MB, 1.10 load
[runlim] sample:		529.77 time, 530.01 real, 170 MB, 1.08 load
[runlim] sample:		539.77 time, 540.01 real, 149 MB, 1.07 load
[runlim] sample:		549.76 time, 550.01 real, 150 MB, 1.06 load
[runlim] sample:		559.76 time, 560.01 real, 150 MB, 1.05 load
[runlim] sample:		569.75 time, 570.01 real, 150 MB, 1.04 load
[runlim] sample:		579.75 time, 580.01 real, 150 MB, 1.03 load
[runlim] sample:		589.74 time, 590.01 real, 174 MB, 1.03 load
[runlim] sample:		599.73 time, 600.01 real, 150 MB, 1.02 load
[runlim] end:			Thu Jun 11 02:14:09 2026
[runlim] status:		out of time
[runlim] result:		2
[runlim] children:		1
[runlim] processes:		2
[runlim] real:			601.06 seconds
[runlim] time:			599.73 seconds
[runlim] space:			174 MB
[runlim] load:			1.22 maximum
[runlim] samples:		6000
