[runlim] version:		2.0.0rc12
[runlim] host:			ap-Precision-7550
[runlim] time limit:		311040000 seconds
[runlim] real time limit:	600 seconds
[runlim] space limit:		14000 MB
[runlim] argv[0]:		python3
[runlim] argv[1]:		-u
[runlim] argv[2]:		pairwise_no_preprocessing.py
[runlim] argv[3]:		scen10
[runlim] argv[4]:		assumptions
[runlim] argv[5]:		1
[runlim] start:			Thu Jun 11 02:46:03 2026
[runlim] child:			9048
Number of assignment variables:  4322
Number of clauses for exactly one constraints:  10926
Number of clauses for distance constraints:  0
---------------------------------------------------
Solve first problem:
Cannot find solution.
Time taken: 0.07 seconds 
Memory used: 23.29 MB
[runlim] end:			Thu Jun 11 02:46:03 2026
[runlim] status:		ok
[runlim] result:		0
[runlim] children:		1
[runlim] processes:		2
[runlim] real:			0.12 seconds
[runlim] time:			0.10 seconds
[runlim] space:			23 MB
[runlim] load:			1.07 maximum
[runlim] samples:		2
