[runlim] version:		2.0.0rc12
[runlim] host:			ap-Precision-7550
[runlim] time limit:		311040000 seconds
[runlim] real time limit:	600 seconds
[runlim] space limit:		14000 MB
[runlim] argv[0]:		python3
[runlim] argv[1]:		-u
[runlim] argv[2]:		pairwise_no_preprocessing.py
[runlim] argv[3]:		scen05
[runlim] argv[4]:		assumptions
[runlim] argv[5]:		1
[runlim] start:			Thu Jun 11 02:45:56 2026
[runlim] child:			9033
Number of assignment variables:  15768
Number of clauses for exactly one constraints:  46104
Number of clauses for distance constraints:  1621464
---------------------------------------------------
Solve first problem:
Solution:
{13: 156, 14: 394, 15: 156, 16: 394, 53: 254, 54: 16, 71: 30, 72: 268, 79: 736, 80: 498, 81: 254, 82: 16, 83: 128, 84: 366, 85: 414, 86: 652, 117: 792, 118: 554, 119: 554, 120: 792, 127: 16, 128: 254, 129: 708, 130: 470, 143: 666, 144: 428, 145: 442, 146: 680, 151: 72, 152: 310, 153: 428, 154: 666, 163: 128, 164: 366, 165: 736, 166: 498, 179: 44, 180: 282, 181: 254, 182: 16, 183: 442, 184: 680, 191: 736, 192: 498, 193: 254, 194: 16, 205: 310, 206: 72, 209: 736, 210: 498, 211: 792, 212: 554, 213: 310, 214: 72, 217: 764, 218: 526, 219: 310, 220: 72, 233: 428, 234: 666, 235: 30, 236: 268, 237: 484, 238: 722, 255: 254, 256: 16, 259: 16, 260: 254, 261: 254, 262: 16, 263: 254, 264: 16, 265: 58, 266: 296, 267: 484, 268: 722, 269: 296, 270: 58, 271: 296, 272: 58, 273: 16, 274: 254, 275: 16, 276: 254, 277: 296, 278: 58, 281: 366, 282: 128, 283: 128, 284: 366, 285: 16, 286: 254, 287: 254, 288: 16, 289: 736, 290: 498, 291: 156, 292: 394, 293: 240, 294: 478, 295: 792, 296: 554, 299: 254, 300: 16, 301: 156, 302: 394, 303: 324, 304: 86, 305: 540, 306: 778, 307: 498, 308: 736, 309: 380, 310: 142, 311: 30, 312: 268, 313: 268, 314: 30, 321: 254, 322: 16, 323: 156, 324: 394, 325: 414, 326: 652, 327: 268, 328: 30, 329: 254, 330: 16, 335: 778, 336: 540, 337: 442, 338: 680, 341: 394, 342: 156, 343: 394, 344: 156, 349: 268, 350: 30, 351: 680, 352: 442, 353: 666, 354: 428, 369: 750, 370: 512, 371: 414, 372: 652, 373: 708, 374: 470, 375: 100, 376: 338, 377: 324, 378: 86, 379: 338, 380: 100, 381: 44, 382: 282, 385: 764, 386: 526, 391: 722, 392: 484, 393: 778, 394: 540, 401: 366, 402: 128, 403: 268, 404: 30, 405: 428, 406: 666, 413: 694, 414: 456, 435: 736, 436: 498, 439: 394, 440: 156, 443: 16, 444: 254, 449: 764, 450: 526, 471: 666, 472: 428, 473: 338, 474: 100, 475: 324, 476: 86, 477: 680, 478: 442, 479: 268, 480: 30, 481: 666, 482: 428, 517: 666, 518: 428, 519: 442, 520: 680, 537: 128, 538: 366, 539: 72, 540: 310, 541: 414, 542: 652, 545: 652, 546: 414, 551: 792, 552: 554, 553: 254, 554: 16, 555: 428, 556: 666, 557: 512, 558: 750, 559: 352, 560: 114, 561: 128, 562: 366, 563: 708, 564: 470, 565: 498, 566: 736, 567: 268, 568: 30, 569: 512, 570: 750, 571: 456, 572: 694, 573: 44, 574: 282, 575: 58, 576: 296, 577: 540, 578: 778, 579: 652, 580: 414, 581: 16, 582: 254, 583: 778, 584: 540, 585: 366, 586: 128, 587: 652, 588: 414, 589: 254, 590: 16, 591: 512, 592: 750, 593: 268, 594: 30, 595: 428, 596: 666, 597: 310, 598: 72, 599: 680, 600: 442, 601: 268, 602: 30, 603: 428, 604: 666, 605: 268, 606: 30, 607: 324, 608: 86, 613: 310, 614: 72, 615: 86, 616: 324, 617: 750, 618: 512, 619: 540, 620: 778, 621: 526, 622: 764, 623: 750, 624: 512, 625: 30, 626: 268, 629: 282, 630: 44, 631: 428, 632: 666, 633: 114, 634: 352, 635: 666, 636: 428, 639: 86, 640: 324, 641: 128, 642: 366, 643: 128, 644: 366, 645: 16, 646: 254, 651: 16, 652: 254, 653: 666, 654: 428, 661: 652, 662: 414, 663: 414, 664: 652, 665: 394, 666: 156, 667: 778, 668: 540, 671: 296, 672: 58, 711: 44, 712: 282, 713: 296, 714: 58, 715: 694, 716: 456, 717: 128, 718: 366, 719: 254, 720: 16, 721: 540, 722: 778, 723: 442, 724: 680, 739: 666, 740: 428, 741: 414, 742: 652, 743: 310, 744: 72, 745: 58, 746: 296, 747: 484, 748: 722, 751: 526, 752: 764, 753: 114, 754: 352, 755: 680, 756: 442, 757: 128, 758: 366, 759: 428, 760: 666, 763: 498, 764: 736, 765: 16, 766: 254, 767: 324, 768: 86, 769: 268, 770: 30, 773: 86, 774: 324, 775: 428, 776: 666, 783: 30, 784: 268, 785: 694, 786: 456, 787: 484, 788: 722, 789: 268, 790: 30, 791: 666, 792: 428, 793: 268, 794: 30, 795: 498, 796: 736, 797: 428, 798: 666, 799: 268, 800: 30, 801: 750, 802: 512, 803: 268, 804: 30, 805: 666, 806: 428, 807: 30, 808: 268, 809: 484, 810: 722, 811: 428, 812: 666, 813: 268, 814: 30, 815: 428, 816: 666, 817: 268, 818: 30, 825: 268, 826: 30, 827: 694, 828: 456, 829: 764, 830: 526, 879: 268, 880: 30, 911: 114, 912: 352, 913: 268, 914: 30, 915: 254, 916: 16}
Number of lables used:  46
Total time: 1.35 seconds
Memory used: 190.83 MB
--------------------------------------------------
Number of label variables:  48
Number of clauses for label constraints:  15650
Number of new variables for cardinality constraints:  1170
Number of clauses for cardinality constraints:  4590
Initial variable count:  32354
Initial clause count:  1677384
--------------------------------------------------

Trying with at most 45 labels...
Solution:
{13: 156, 14: 394, 15: 156, 16: 394, 53: 16, 54: 254, 71: 30, 72: 268, 79: 554, 80: 792, 81: 44, 82: 282, 83: 156, 84: 394, 85: 442, 86: 680, 117: 792, 118: 554, 119: 554, 120: 792, 127: 58, 128: 296, 129: 792, 130: 554, 143: 680, 144: 442, 145: 456, 146: 694, 151: 72, 152: 310, 153: 428, 154: 666, 163: 156, 164: 394, 165: 792, 166: 554, 179: 44, 180: 282, 181: 282, 182: 44, 183: 442, 184: 680, 191: 750, 192: 512, 193: 310, 194: 72, 205: 324, 206: 86, 209: 736, 210: 498, 211: 792, 212: 554, 213: 324, 214: 86, 217: 764, 218: 526, 219: 394, 220: 156, 233: 442, 234: 680, 235: 778, 236: 540, 237: 498, 238: 736, 255: 16, 256: 254, 259: 72, 260: 310, 261: 254, 262: 16, 263: 282, 264: 44, 265: 16, 266: 254, 267: 484, 268: 722, 269: 296, 270: 58, 271: 296, 272: 58, 273: 30, 274: 268, 275: 30, 276: 268, 277: 296, 278: 58, 281: 394, 282: 156, 283: 128, 284: 366, 285: 16, 286: 254, 287: 324, 288: 86, 289: 792, 290: 554, 291: 156, 292: 394, 293: 142, 294: 380, 295: 792, 296: 554, 299: 254, 300: 16, 301: 156, 302: 394, 303: 324, 304: 86, 305: 554, 306: 792, 307: 512, 308: 750, 309: 394, 310: 156, 311: 30, 312: 268, 313: 310, 314: 72, 321: 254, 322: 16, 323: 156, 324: 394, 325: 456, 326: 694, 327: 310, 328: 72, 329: 254, 330: 16, 335: 792, 336: 554, 337: 554, 338: 792, 341: 394, 342: 156, 343: 394, 344: 156, 349: 296, 350: 58, 351: 708, 352: 470, 353: 694, 354: 456, 369: 764, 370: 526, 371: 442, 372: 680, 373: 722, 374: 484, 375: 142, 376: 380, 377: 352, 378: 114, 379: 338, 380: 100, 381: 100, 382: 338, 385: 778, 386: 540, 391: 722, 392: 484, 393: 778, 394: 540, 401: 380, 402: 142, 403: 296, 404: 58, 405: 428, 406: 666, 413: 778, 414: 540, 435: 778, 436: 540, 439: 394, 440: 156, 443: 16, 444: 254, 449: 764, 450: 526, 471: 680, 472: 442, 473: 366, 474: 128, 475: 380, 476: 142, 477: 694, 478: 456, 479: 268, 480: 30, 481: 694, 482: 456, 517: 680, 518: 442, 519: 442, 520: 680, 537: 156, 538: 394, 539: 100, 540: 338, 541: 428, 542: 666, 545: 652, 546: 414, 551: 792, 552: 554, 553: 282, 554: 44, 555: 428, 556: 666, 557: 540, 558: 778, 559: 352, 560: 114, 561: 142, 562: 380, 563: 708, 564: 470, 565: 540, 566: 778, 567: 380, 568: 142, 569: 540, 570: 778, 571: 484, 572: 722, 573: 30, 574: 268, 575: 58, 576: 296, 577: 554, 578: 792, 579: 680, 580: 442, 581: 16, 582: 254, 583: 778, 584: 540, 585: 366, 586: 128, 587: 708, 588: 470, 589: 254, 590: 16, 591: 526, 592: 764, 593: 282, 594: 44, 595: 442, 596: 680, 597: 310, 598: 72, 599: 708, 600: 470, 601: 268, 602: 30, 603: 428, 604: 666, 605: 282, 606: 44, 607: 324, 608: 86, 613: 310, 614: 72, 615: 100, 616: 338, 617: 764, 618: 526, 619: 540, 620: 778, 621: 540, 622: 778, 623: 680, 624: 442, 625: 86, 626: 324, 629: 310, 630: 72, 631: 442, 632: 680, 633: 114, 634: 352, 635: 708, 636: 470, 639: 86, 640: 324, 641: 128, 642: 366, 643: 128, 644: 366, 645: 44, 646: 282, 651: 324, 652: 86, 653: 708, 654: 470, 661: 680, 662: 442, 663: 470, 664: 708, 665: 394, 666: 156, 667: 778, 668: 540, 671: 296, 672: 58, 711: 58, 712: 296, 713: 296, 714: 58, 715: 694, 716: 456, 717: 128, 718: 366, 719: 254, 720: 16, 721: 554, 722: 792, 723: 456, 724: 694, 739: 680, 740: 442, 741: 456, 742: 694, 743: 352, 744: 114, 745: 58, 746: 296, 747: 540, 748: 778, 751: 540, 752: 778, 753: 30, 754: 268, 755: 694, 756: 456, 757: 114, 758: 352, 759: 428, 760: 666, 763: 540, 764: 778, 765: 16, 766: 254, 767: 324, 768: 86, 769: 268, 770: 30, 773: 114, 774: 352, 775: 526, 776: 764, 783: 86, 784: 324, 785: 722, 786: 484, 787: 526, 788: 764, 789: 282, 790: 44, 791: 666, 792: 428, 793: 268, 794: 30, 795: 498, 796: 736, 797: 428, 798: 666, 799: 268, 800: 30, 801: 764, 802: 526, 803: 30, 804: 268, 805: 778, 806: 540, 807: 128, 808: 366, 809: 554, 810: 792, 811: 498, 812: 736, 813: 352, 814: 114, 815: 526, 816: 764, 817: 268, 818: 30, 825: 268, 826: 30, 827: 694, 828: 456, 829: 778, 830: 540, 879: 380, 880: 142, 911: 114, 912: 352, 913: 380, 914: 142, 915: 268, 916: 30}
Number of lables used:  44
Total time: 1.63 seconds
Memory used: 271.76 MB
--------------------------------------------------

Trying with at most 43 labels...
Solution:
{13: 156, 14: 394, 15: 156, 16: 394, 53: 16, 54: 254, 71: 30, 72: 268, 79: 554, 80: 792, 81: 44, 82: 282, 83: 156, 84: 394, 85: 442, 86: 680, 117: 792, 118: 554, 119: 554, 120: 792, 127: 44, 128: 282, 129: 792, 130: 554, 143: 680, 144: 442, 145: 456, 146: 694, 151: 72, 152: 310, 153: 428, 154: 666, 163: 156, 164: 394, 165: 792, 166: 554, 179: 44, 180: 282, 181: 254, 182: 16, 183: 442, 184: 680, 191: 750, 192: 512, 193: 254, 194: 16, 205: 310, 206: 72, 209: 736, 210: 498, 211: 792, 212: 554, 213: 310, 214: 72, 217: 764, 218: 526, 219: 394, 220: 156, 233: 442, 234: 680, 235: 778, 236: 540, 237: 498, 238: 736, 255: 16, 256: 254, 259: 72, 260: 310, 261: 254, 262: 16, 263: 282, 264: 44, 265: 16, 266: 254, 267: 484, 268: 722, 269: 296, 270: 58, 271: 296, 272: 58, 273: 30, 274: 268, 275: 30, 276: 268, 277: 296, 278: 58, 281: 394, 282: 156, 283: 128, 284: 366, 285: 16, 286: 254, 287: 324, 288: 86, 289: 792, 290: 554, 291: 156, 292: 394, 293: 380, 294: 142, 295: 792, 296: 554, 299: 254, 300: 16, 301: 156, 302: 394, 303: 324, 304: 86, 305: 554, 306: 792, 307: 512, 308: 750, 309: 394, 310: 156, 311: 30, 312: 268, 313: 310, 314: 72, 321: 254, 322: 16, 323: 156, 324: 394, 325: 456, 326: 694, 327: 310, 328: 72, 329: 254, 330: 16, 335: 792, 336: 554, 337: 442, 338: 680, 341: 394, 342: 156, 343: 394, 344: 156, 349: 296, 350: 58, 351: 708, 352: 470, 353: 694, 354: 456, 369: 764, 370: 526, 371: 442, 372: 680, 373: 722, 374: 484, 375: 114, 376: 352, 377: 324, 378: 86, 379: 352, 380: 114, 381: 30, 382: 268, 385: 778, 386: 540, 391: 722, 392: 484, 393: 778, 394: 540, 401: 380, 402: 142, 403: 268, 404: 30, 405: 428, 406: 666, 413: 694, 414: 456, 435: 778, 436: 540, 439: 394, 440: 156, 443: 16, 444: 254, 449: 764, 450: 526, 471: 680, 472: 442, 473: 352, 474: 114, 475: 380, 476: 142, 477: 680, 478: 442, 479: 282, 480: 44, 481: 694, 482: 456, 517: 680, 518: 442, 519: 442, 520: 680, 537: 128, 538: 366, 539: 72, 540: 310, 541: 414, 542: 652, 545: 652, 546: 414, 551: 792, 552: 554, 553: 282, 554: 44, 555: 428, 556: 666, 557: 540, 558: 778, 559: 352, 560: 114, 561: 142, 562: 380, 563: 708, 564: 470, 565: 540, 566: 778, 567: 380, 568: 142, 569: 540, 570: 778, 571: 484, 572: 722, 573: 30, 574: 268, 575: 58, 576: 296, 577: 554, 578: 792, 579: 680, 580: 442, 581: 16, 582: 254, 583: 778, 584: 540, 585: 366, 586: 128, 587: 708, 588: 470, 589: 254, 590: 16, 591: 526, 592: 764, 593: 282, 594: 44, 595: 442, 596: 680, 597: 310, 598: 72, 599: 708, 600: 470, 601: 268, 602: 30, 603: 428, 604: 666, 605: 282, 606: 44, 607: 324, 608: 86, 613: 310, 614: 72, 615: 86, 616: 324, 617: 764, 618: 526, 619: 540, 620: 778, 621: 540, 622: 778, 623: 680, 624: 442, 625: 86, 626: 324, 629: 310, 630: 72, 631: 442, 632: 680, 633: 114, 634: 352, 635: 708, 636: 470, 639: 86, 640: 324, 641: 128, 642: 366, 643: 128, 644: 366, 645: 44, 646: 282, 651: 324, 652: 86, 653: 708, 654: 470, 661: 680, 662: 442, 663: 470, 664: 708, 665: 394, 666: 156, 667: 778, 668: 540, 671: 296, 672: 58, 711: 58, 712: 296, 713: 296, 714: 58, 715: 694, 716: 456, 717: 128, 718: 366, 719: 254, 720: 16, 721: 554, 722: 792, 723: 456, 724: 694, 739: 680, 740: 442, 741: 456, 742: 694, 743: 352, 744: 114, 745: 58, 746: 296, 747: 540, 748: 778, 751: 540, 752: 778, 753: 30, 754: 268, 755: 694, 756: 456, 757: 114, 758: 352, 759: 428, 760: 666, 763: 540, 764: 778, 765: 16, 766: 254, 767: 324, 768: 86, 769: 268, 770: 30, 773: 86, 774: 324, 775: 526, 776: 764, 783: 86, 784: 324, 785: 722, 786: 484, 787: 526, 788: 764, 789: 282, 790: 44, 791: 666, 792: 428, 793: 268, 794: 30, 795: 498, 796: 736, 797: 428, 798: 666, 799: 268, 800: 30, 801: 764, 802: 526, 803: 30, 804: 268, 805: 778, 806: 540, 807: 128, 808: 366, 809: 554, 810: 792, 811: 498, 812: 736, 813: 352, 814: 114, 815: 526, 816: 764, 817: 268, 818: 30, 825: 268, 826: 30, 827: 694, 828: 456, 829: 778, 830: 540, 879: 380, 880: 142, 911: 114, 912: 352, 913: 268, 914: 30, 915: 268, 916: 30}
Number of lables used:  42
Total time: 1.78 seconds
Memory used: 251.34 MB
--------------------------------------------------

Trying with at most 41 labels...
Solution:
{13: 156, 14: 394, 15: 156, 16: 394, 53: 16, 54: 254, 71: 30, 72: 268, 79: 554, 80: 792, 81: 44, 82: 282, 83: 156, 84: 394, 85: 442, 86: 680, 117: 792, 118: 554, 119: 554, 120: 792, 127: 44, 128: 282, 129: 792, 130: 554, 143: 680, 144: 442, 145: 442, 146: 680, 151: 72, 152: 310, 153: 428, 154: 666, 163: 156, 164: 394, 165: 792, 166: 554, 179: 44, 180: 282, 181: 282, 182: 44, 183: 442, 184: 680, 191: 736, 192: 498, 193: 254, 194: 16, 205: 310, 206: 72, 209: 736, 210: 498, 211: 792, 212: 554, 213: 310, 214: 72, 217: 764, 218: 526, 219: 394, 220: 156, 233: 428, 234: 666, 235: 778, 236: 540, 237: 498, 238: 736, 255: 16, 256: 254, 259: 72, 260: 310, 261: 254, 262: 16, 263: 282, 264: 44, 265: 16, 266: 254, 267: 484, 268: 722, 269: 296, 270: 58, 271: 296, 272: 58, 273: 30, 274: 268, 275: 30, 276: 268, 277: 296, 278: 58, 281: 394, 282: 156, 283: 128, 284: 366, 285: 16, 286: 254, 287: 324, 288: 86, 289: 792, 290: 554, 291: 156, 292: 394, 293: 240, 294: 478, 295: 792, 296: 554, 299: 254, 300: 16, 301: 156, 302: 394, 303: 324, 304: 86, 305: 554, 306: 792, 307: 526, 308: 764, 309: 394, 310: 156, 311: 16, 312: 254, 313: 310, 314: 72, 321: 254, 322: 16, 323: 156, 324: 394, 325: 456, 326: 694, 327: 310, 328: 72, 329: 254, 330: 16, 335: 792, 336: 554, 337: 442, 338: 680, 341: 394, 342: 156, 343: 394, 344: 156, 349: 268, 350: 30, 351: 708, 352: 470, 353: 694, 354: 456, 369: 764, 370: 526, 371: 442, 372: 680, 373: 722, 374: 484, 375: 114, 376: 352, 377: 352, 378: 114, 379: 352, 380: 114, 381: 30, 382: 268, 385: 778, 386: 540, 391: 722, 392: 484, 393: 778, 394: 540, 401: 366, 402: 128, 403: 268, 404: 30, 405: 428, 406: 666, 413: 694, 414: 456, 435: 778, 436: 540, 439: 394, 440: 156, 443: 16, 444: 254, 449: 764, 450: 526, 471: 680, 472: 442, 473: 352, 474: 114, 475: 352, 476: 114, 477: 680, 478: 442, 479: 282, 480: 44, 481: 694, 482: 456, 517: 680, 518: 442, 519: 442, 520: 680, 537: 128, 538: 366, 539: 72, 540: 310, 541: 414, 542: 652, 545: 652, 546: 414, 551: 792, 552: 554, 553: 282, 554: 44, 555: 428, 556: 666, 557: 540, 558: 778, 559: 352, 560: 114, 561: 128, 562: 366, 563: 708, 564: 470, 565: 540, 566: 778, 567: 268, 568: 30, 569: 540, 570: 778, 571: 484, 572: 722, 573: 30, 574: 268, 575: 44, 576: 282, 577: 554, 578: 792, 579: 680, 580: 442, 581: 16, 582: 254, 583: 764, 584: 526, 585: 366, 586: 128, 587: 708, 588: 470, 589: 254, 590: 16, 591: 526, 592: 764, 593: 282, 594: 44, 595: 442, 596: 680, 597: 310, 598: 72, 599: 708, 600: 470, 601: 268, 602: 30, 603: 428, 604: 666, 605: 282, 606: 44, 607: 324, 608: 86, 613: 310, 614: 72, 615: 86, 616: 324, 617: 764, 618: 526, 619: 540, 620: 778, 621: 540, 622: 778, 623: 680, 624: 442, 625: 86, 626: 324, 629: 310, 630: 72, 631: 442, 632: 680, 633: 114, 634: 352, 635: 708, 636: 470, 639: 86, 640: 324, 641: 128, 642: 366, 643: 128, 644: 366, 645: 44, 646: 282, 651: 324, 652: 86, 653: 666, 654: 428, 661: 680, 662: 442, 663: 470, 664: 708, 665: 394, 666: 156, 667: 778, 668: 540, 671: 310, 672: 72, 711: 254, 712: 16, 713: 296, 714: 58, 715: 694, 716: 456, 717: 128, 718: 366, 719: 254, 720: 16, 721: 554, 722: 792, 723: 456, 724: 694, 739: 680, 740: 442, 741: 456, 742: 694, 743: 352, 744: 114, 745: 44, 746: 282, 747: 540, 748: 778, 751: 540, 752: 778, 753: 30, 754: 268, 755: 694, 756: 456, 757: 114, 758: 352, 759: 428, 760: 666, 763: 540, 764: 778, 765: 16, 766: 254, 767: 324, 768: 86, 769: 268, 770: 30, 773: 114, 774: 352, 775: 526, 776: 764, 783: 44, 784: 282, 785: 722, 786: 484, 787: 498, 788: 736, 789: 282, 790: 44, 791: 666, 792: 428, 793: 268, 794: 30, 795: 498, 796: 736, 797: 428, 798: 666, 799: 268, 800: 30, 801: 764, 802: 526, 803: 30, 804: 268, 805: 778, 806: 540, 807: 128, 808: 366, 809: 554, 810: 792, 811: 498, 812: 736, 813: 352, 814: 114, 815: 526, 816: 764, 817: 268, 818: 30, 825: 268, 826: 30, 827: 694, 828: 456, 829: 778, 830: 540, 879: 268, 880: 30, 911: 114, 912: 352, 913: 268, 914: 30, 915: 44, 916: 282}
Number of lables used:  40
Total time: 1.78 seconds
Memory used: 251.34 MB
--------------------------------------------------

Trying with at most 39 labels...
Cannot find solution.
No more solutions found.
Optimal number of labels used:  40
Total time: 2.06 seconds
Memory used: 231.09 MB
[runlim] end:			Thu Jun 11 02:45:58 2026
[runlim] status:		ok
[runlim] result:		0
[runlim] children:		1
[runlim] processes:		2
[runlim] real:			2.12 seconds
[runlim] time:			2.10 seconds
[runlim] space:			303 MB
[runlim] load:			1.08 maximum
[runlim] samples:		22
