[runlim] version:		2.0.0rc12
[runlim] host:			ap-Precision-7550
[runlim] time limit:		311040000 seconds
[runlim] real time limit:	600 seconds
[runlim] space limit:		14000 MB
[runlim] argv[0]:		python3
[runlim] argv[1]:		-u
[runlim] argv[2]:		pairwise_no_preprocessing.py
[runlim] argv[3]:		scen08
[runlim] argv[4]:		assumptions
[runlim] argv[5]:		1
[runlim] start:			Thu Jun 11 02:46:00 2026
[runlim] child:			9042
Number of assignment variables:  36200
Number of clauses for exactly one constraints:  105852
Number of clauses for distance constraints:  3350219
---------------------------------------------------
Solve first problem:
Cannot find solution.
Time taken: 2.72 seconds 
Memory used: 381.67 MB
[runlim] end:			Thu Jun 11 02:46:03 2026
[runlim] status:		ok
[runlim] result:		0
[runlim] children:		1
[runlim] processes:		2
[runlim] real:			2.88 seconds
[runlim] time:			2.80 seconds
[runlim] space:			382 MB
[runlim] load:			1.08 maximum
[runlim] samples:		29
