[runlim] version:		2.0.0rc12
[runlim] host:			ap-Precision-7550
[runlim] time limit:		311040000 seconds
[runlim] real time limit:	600 seconds
[runlim] space limit:		14000 MB
[runlim] argv[0]:		python3
[runlim] argv[1]:		-u
[runlim] argv[2]:		pairwise_no_preprocessing.py
[runlim] argv[3]:		scen02
[runlim] argv[4]:		assumptions
[runlim] argv[5]:		1
[runlim] start:			Thu Jun 11 01:24:03 2026
[runlim] child:			8788
Number of assignment variables:  8004
Number of clauses for exactly one constraints:  23412
Number of clauses for distance constraints:  191253
---------------------------------------------------
Solve first problem:
Solution:
{13: 16, 14: 254, 15: 16, 16: 254, 53: 16, 54: 254, 79: 30, 80: 268, 81: 16, 82: 254, 83: 16, 84: 254, 85: 86, 86: 324, 127: 16, 128: 254, 129: 114, 130: 352, 143: 16, 144: 254, 145: 16, 146: 254, 205: 44, 206: 282, 233: 30, 234: 268, 235: 44, 236: 282, 237: 30, 238: 268, 261: 16, 262: 254, 263: 16, 264: 254, 265: 16, 266: 254, 267: 86, 268: 324, 269: 16, 270: 254, 271: 16, 272: 254, 273: 86, 274: 324, 275: 86, 276: 324, 277: 30, 278: 268, 281: 44, 282: 282, 283: 44, 284: 282, 289: 30, 290: 268, 291: 44, 292: 282, 303: 16, 304: 254, 305: 86, 306: 324, 321: 30, 322: 268, 323: 100, 324: 338, 325: 30, 326: 268, 327: 100, 328: 338, 329: 16, 330: 254, 341: 114, 342: 352, 343: 114, 344: 352, 349: 100, 350: 338, 351: 86, 352: 324, 435: 30, 436: 268, 475: 44, 476: 282, 481: 58, 482: 296, 517: 310, 518: 72, 519: 30, 520: 268, 555: 282, 556: 44, 557: 44, 558: 282, 559: 268, 560: 30, 561: 128, 562: 366, 565: 100, 566: 338, 577: 114, 578: 352, 579: 16, 580: 254, 583: 296, 584: 58, 585: 30, 586: 268, 587: 86, 588: 324, 589: 16, 590: 254, 591: 428, 592: 666, 593: 30, 594: 268, 595: 86, 596: 324, 597: 100, 598: 338, 599: 58, 600: 296, 601: 428, 602: 666, 603: 44, 604: 282, 605: 30, 606: 268, 607: 128, 608: 366, 613: 428, 614: 666, 615: 30, 616: 268, 617: 72, 618: 310, 621: 100, 622: 338, 625: 268, 626: 30, 629: 86, 630: 324, 631: 114, 632: 352, 633: 338, 634: 100, 635: 380, 636: 142, 645: 30, 646: 268, 651: 16, 652: 254, 661: 72, 662: 310, 663: 16, 664: 254, 665: 352, 666: 114, 667: 16, 668: 254, 713: 30, 714: 268, 717: 86, 718: 324, 719: 156, 720: 394, 721: 366, 722: 128, 723: 16, 724: 254, 743: 44, 744: 282, 745: 128, 746: 366, 747: 114, 748: 352, 763: 296, 764: 58, 765: 268, 766: 30, 767: 156, 768: 394, 785: 16, 786: 254, 787: 310, 788: 72, 789: 44, 790: 282, 791: 114, 792: 352, 793: 30, 794: 268, 795: 100, 796: 338, 797: 30, 798: 268, 799: 100, 800: 338, 801: 498, 802: 736, 879: 44, 880: 282}
Number of lables used:  26
Total time: 0.22 seconds
Memory used: 46.13 MB
--------------------------------------------------
Number of label variables:  48
Number of clauses for label constraints:  8004
Number of new variables for cardinality constraints:  900
Number of clauses for cardinality constraints:  3550
Initial variable count:  16756
Initial clause count:  226219
--------------------------------------------------

Trying with at most 25 labels...
Solution:
{13: 338, 14: 100, 15: 338, 16: 100, 53: 268, 54: 30, 79: 254, 80: 16, 81: 268, 82: 30, 83: 30, 84: 268, 85: 394, 86: 156, 127: 352, 128: 114, 129: 254, 130: 16, 143: 254, 144: 16, 145: 254, 146: 16, 205: 254, 206: 16, 233: 142, 234: 380, 235: 44, 236: 282, 237: 366, 238: 128, 261: 254, 262: 16, 263: 366, 264: 128, 265: 324, 266: 86, 267: 254, 268: 16, 269: 380, 270: 142, 271: 380, 272: 142, 273: 58, 274: 296, 275: 58, 276: 296, 277: 380, 278: 142, 281: 268, 282: 30, 283: 282, 284: 44, 289: 254, 290: 16, 291: 324, 292: 86, 303: 16, 304: 254, 305: 352, 306: 114, 321: 394, 322: 156, 323: 254, 324: 16, 325: 16, 326: 254, 327: 352, 328: 114, 329: 254, 330: 16, 341: 30, 342: 268, 343: 30, 344: 268, 349: 338, 350: 100, 351: 30, 352: 268, 435: 296, 436: 58, 475: 282, 476: 44, 481: 268, 482: 30, 517: 268, 518: 30, 519: 268, 520: 30, 555: 128, 556: 366, 557: 324, 558: 86, 559: 58, 560: 296, 561: 366, 562: 128, 565: 380, 566: 142, 577: 324, 578: 86, 579: 352, 580: 114, 583: 268, 584: 30, 585: 268, 586: 30, 587: 352, 588: 114, 589: 366, 590: 128, 591: 352, 592: 114, 593: 366, 594: 128, 595: 296, 596: 58, 597: 380, 598: 142, 599: 380, 600: 142, 601: 282, 602: 44, 603: 268, 604: 30, 605: 268, 606: 30, 607: 338, 608: 100, 613: 310, 614: 72, 615: 282, 616: 44, 617: 268, 618: 30, 621: 338, 622: 100, 625: 268, 626: 30, 629: 282, 630: 44, 631: 268, 632: 30, 633: 282, 634: 44, 635: 268, 636: 30, 645: 296, 646: 58, 651: 254, 652: 16, 661: 254, 662: 16, 663: 16, 664: 254, 665: 30, 666: 268, 667: 254, 668: 16, 713: 380, 714: 142, 717: 58, 718: 296, 719: 394, 720: 156, 721: 324, 722: 86, 723: 254, 724: 16, 743: 44, 744: 282, 745: 44, 746: 282, 747: 380, 748: 142, 763: 268, 764: 30, 765: 254, 766: 16, 767: 296, 768: 58, 785: 254, 786: 16, 787: 268, 788: 30, 789: 338, 790: 100, 791: 268, 792: 30, 793: 338, 794: 100, 795: 268, 796: 30, 797: 352, 798: 114, 799: 282, 800: 44, 801: 268, 802: 30, 879: 268, 880: 30}
Number of lables used:  22
Total time: 0.24 seconds
Memory used: 49.86 MB
--------------------------------------------------

Trying with at most 21 labels...
Solution:
{13: 352, 14: 114, 15: 352, 16: 114, 53: 268, 54: 30, 79: 254, 80: 16, 81: 268, 82: 30, 83: 30, 84: 268, 85: 394, 86: 156, 127: 352, 128: 114, 129: 254, 130: 16, 143: 254, 144: 16, 145: 254, 146: 16, 205: 254, 206: 16, 233: 128, 234: 366, 235: 44, 236: 282, 237: 366, 238: 128, 261: 254, 262: 16, 263: 366, 264: 128, 265: 324, 266: 86, 267: 254, 268: 16, 269: 380, 270: 142, 271: 380, 272: 142, 273: 58, 274: 296, 275: 58, 276: 296, 277: 380, 278: 142, 281: 268, 282: 30, 283: 282, 284: 44, 289: 254, 290: 16, 291: 324, 292: 86, 303: 16, 304: 254, 305: 352, 306: 114, 321: 394, 322: 156, 323: 254, 324: 16, 325: 16, 326: 254, 327: 352, 328: 114, 329: 254, 330: 16, 341: 30, 342: 268, 343: 30, 344: 268, 349: 352, 350: 114, 351: 30, 352: 268, 435: 296, 436: 58, 475: 282, 476: 44, 481: 268, 482: 30, 517: 268, 518: 30, 519: 268, 520: 30, 555: 128, 556: 366, 557: 324, 558: 86, 559: 58, 560: 296, 561: 44, 562: 282, 565: 380, 566: 142, 577: 394, 578: 156, 579: 366, 580: 128, 583: 268, 584: 30, 585: 268, 586: 30, 587: 352, 588: 114, 589: 366, 590: 128, 591: 380, 592: 142, 593: 366, 594: 128, 595: 296, 596: 58, 597: 380, 598: 142, 599: 380, 600: 142, 601: 282, 602: 44, 603: 268, 604: 30, 605: 352, 606: 114, 607: 352, 608: 114, 613: 310, 614: 72, 615: 282, 616: 44, 617: 268, 618: 30, 621: 352, 622: 114, 625: 268, 626: 30, 629: 282, 630: 44, 631: 268, 632: 30, 633: 282, 634: 44, 635: 268, 636: 30, 645: 296, 646: 58, 651: 254, 652: 16, 661: 254, 662: 16, 663: 16, 664: 254, 665: 30, 666: 268, 667: 254, 668: 16, 713: 380, 714: 142, 717: 58, 718: 296, 719: 394, 720: 156, 721: 324, 722: 86, 723: 254, 724: 16, 743: 44, 744: 282, 745: 44, 746: 282, 747: 380, 748: 142, 763: 268, 764: 30, 765: 254, 766: 16, 767: 296, 768: 58, 785: 254, 786: 16, 787: 268, 788: 30, 789: 352, 790: 114, 791: 268, 792: 30, 793: 352, 794: 114, 795: 268, 796: 30, 797: 352, 798: 114, 799: 282, 800: 44, 801: 268, 802: 30, 879: 268, 880: 30}
Number of lables used:  20
Total time: 0.24 seconds
Memory used: 49.86 MB
--------------------------------------------------

Trying with at most 19 labels...
Solution:
{13: 352, 14: 114, 15: 352, 16: 114, 53: 268, 54: 30, 79: 296, 80: 58, 81: 282, 82: 44, 83: 414, 84: 652, 85: 44, 86: 282, 127: 142, 128: 380, 129: 310, 130: 72, 143: 268, 144: 30, 145: 268, 146: 30, 205: 268, 206: 30, 233: 128, 234: 366, 235: 44, 236: 282, 237: 366, 238: 128, 261: 282, 262: 44, 263: 366, 264: 128, 265: 352, 266: 114, 267: 282, 268: 44, 269: 380, 270: 142, 271: 380, 272: 142, 273: 414, 274: 652, 275: 414, 276: 652, 277: 380, 278: 142, 281: 282, 282: 44, 283: 296, 284: 58, 289: 268, 290: 30, 291: 324, 292: 86, 303: 414, 304: 652, 305: 352, 306: 114, 321: 380, 322: 142, 323: 282, 324: 44, 325: 414, 326: 652, 327: 352, 328: 114, 329: 296, 330: 58, 341: 44, 342: 282, 343: 44, 344: 282, 349: 352, 350: 114, 351: 30, 352: 268, 435: 296, 436: 58, 475: 282, 476: 44, 481: 268, 482: 30, 517: 268, 518: 30, 519: 268, 520: 30, 555: 128, 556: 366, 557: 324, 558: 86, 559: 58, 560: 296, 561: 44, 562: 282, 565: 380, 566: 142, 577: 58, 578: 296, 579: 366, 580: 128, 583: 268, 584: 30, 585: 268, 586: 30, 587: 352, 588: 114, 589: 366, 590: 128, 591: 380, 592: 142, 593: 366, 594: 128, 595: 296, 596: 58, 597: 352, 598: 114, 599: 296, 600: 58, 601: 282, 602: 44, 603: 268, 604: 30, 605: 352, 606: 114, 607: 352, 608: 114, 613: 310, 614: 72, 615: 282, 616: 44, 617: 268, 618: 30, 621: 352, 622: 114, 625: 268, 626: 30, 629: 282, 630: 44, 631: 268, 632: 30, 633: 282, 634: 44, 635: 268, 636: 30, 645: 296, 646: 58, 651: 268, 652: 30, 661: 352, 662: 114, 663: 30, 664: 268, 665: 30, 666: 268, 667: 268, 668: 30, 713: 380, 714: 142, 717: 414, 718: 652, 719: 58, 720: 296, 721: 352, 722: 114, 723: 268, 724: 30, 743: 44, 744: 282, 745: 44, 746: 282, 747: 380, 748: 142, 763: 268, 764: 30, 765: 268, 766: 30, 767: 414, 768: 652, 785: 380, 786: 142, 787: 268, 788: 30, 789: 352, 790: 114, 791: 268, 792: 30, 793: 352, 794: 114, 795: 268, 796: 30, 797: 352, 798: 114, 799: 282, 800: 44, 801: 268, 802: 30, 879: 268, 880: 30}
Number of lables used:  18
Total time: 0.24 seconds
Memory used: 49.86 MB
--------------------------------------------------

Trying with at most 17 labels...
Solution:
{13: 366, 14: 128, 15: 366, 16: 128, 53: 268, 54: 30, 79: 310, 80: 72, 81: 296, 82: 58, 83: 414, 84: 652, 85: 58, 86: 296, 127: 652, 128: 414, 129: 352, 130: 114, 143: 268, 144: 30, 145: 268, 146: 30, 205: 268, 206: 30, 233: 366, 234: 128, 235: 30, 236: 268, 237: 30, 238: 268, 261: 268, 262: 30, 263: 366, 264: 128, 265: 652, 266: 414, 267: 268, 268: 30, 269: 380, 270: 142, 271: 380, 272: 142, 273: 414, 274: 652, 275: 414, 276: 652, 277: 380, 278: 142, 281: 296, 282: 58, 283: 310, 284: 72, 289: 268, 290: 30, 291: 352, 292: 114, 303: 652, 304: 414, 305: 58, 306: 296, 321: 380, 322: 142, 323: 296, 324: 58, 325: 414, 326: 652, 327: 352, 328: 114, 329: 58, 330: 296, 341: 58, 342: 296, 343: 58, 344: 296, 349: 114, 350: 352, 351: 380, 352: 142, 435: 310, 436: 72, 475: 296, 476: 58, 481: 268, 482: 30, 517: 310, 518: 72, 519: 366, 520: 128, 555: 128, 556: 366, 557: 352, 558: 114, 559: 366, 560: 128, 561: 58, 562: 296, 565: 380, 566: 142, 577: 142, 578: 380, 579: 72, 580: 310, 583: 268, 584: 30, 585: 296, 586: 58, 587: 352, 588: 114, 589: 58, 590: 296, 591: 72, 592: 310, 593: 366, 594: 128, 595: 352, 596: 114, 597: 296, 598: 58, 599: 310, 600: 72, 601: 30, 602: 268, 603: 296, 604: 58, 605: 366, 606: 128, 607: 352, 608: 114, 613: 310, 614: 72, 615: 296, 616: 58, 617: 268, 618: 30, 621: 114, 622: 352, 625: 268, 626: 30, 629: 296, 630: 58, 631: 268, 632: 30, 633: 30, 634: 268, 635: 58, 636: 296, 645: 296, 646: 58, 651: 268, 652: 30, 661: 352, 662: 114, 663: 30, 664: 268, 665: 30, 666: 268, 667: 268, 668: 30, 713: 380, 714: 142, 717: 414, 718: 652, 719: 58, 720: 296, 721: 352, 722: 114, 723: 268, 724: 30, 743: 58, 744: 296, 745: 30, 746: 268, 747: 380, 748: 142, 763: 268, 764: 30, 765: 268, 766: 30, 767: 414, 768: 652, 785: 380, 786: 142, 787: 268, 788: 30, 789: 352, 790: 114, 791: 268, 792: 30, 793: 352, 794: 114, 795: 268, 796: 30, 797: 366, 798: 128, 799: 296, 800: 58, 801: 268, 802: 30, 879: 268, 880: 30}
Number of lables used:  14
Total time: 0.24 seconds
Memory used: 49.88 MB
--------------------------------------------------

Trying with at most 13 labels...
[runlim] sample:		9.99 time, 10.01 real, 79 MB, 1.02 load
[runlim] sample:		19.99 time, 20.01 real, 80 MB, 1.02 load
[runlim] sample:		29.98 time, 30.01 real, 80 MB, 1.09 load
[runlim] sample:		39.98 time, 40.01 real, 67 MB, 1.07 load
[runlim] sample:		49.98 time, 50.01 real, 83 MB, 1.06 load
[runlim] sample:		59.97 time, 60.01 real, 86 MB, 1.05 load
[runlim] sample:		69.97 time, 70.01 real, 86 MB, 1.04 load
[runlim] sample:		79.96 time, 80.01 real, 86 MB, 1.04 load
[runlim] sample:		89.95 time, 90.01 real, 87 MB, 1.03 load
[runlim] sample:		99.95 time, 100.01 real, 69 MB, 1.03 load
[runlim] sample:		109.94 time, 110.01 real, 81 MB, 1.02 load
[runlim] sample:		119.94 time, 120.01 real, 93 MB, 1.02 load
[runlim] sample:		129.93 time, 130.01 real, 70 MB, 1.01 load
[runlim] sample:		139.93 time, 140.01 real, 94 MB, 1.01 load
[runlim] sample:		149.92 time, 150.01 real, 109 MB, 1.01 load
[runlim] sample:		159.92 time, 160.01 real, 109 MB, 1.01 load
[runlim] sample:		169.92 time, 170.01 real, 85 MB, 1.01 load
[runlim] sample:		179.91 time, 180.01 real, 87 MB, 1.00 load
[runlim] sample:		189.90 time, 190.01 real, 87 MB, 1.00 load
[runlim] sample:		199.91 time, 200.01 real, 94 MB, 1.00 load
[runlim] sample:		209.90 time, 210.01 real, 99 MB, 1.00 load
[runlim] sample:		219.89 time, 220.01 real, 99 MB, 1.00 load
[runlim] sample:		229.89 time, 230.01 real, 99 MB, 1.00 load
[runlim] sample:		239.88 time, 240.01 real, 99 MB, 1.00 load
[runlim] sample:		249.88 time, 250.01 real, 99 MB, 1.00 load
[runlim] sample:		259.87 time, 260.01 real, 99 MB, 1.00 load
[runlim] sample:		269.87 time, 270.01 real, 99 MB, 1.00 load
[runlim] sample:		279.86 time, 280.01 real, 101 MB, 1.00 load
[runlim] sample:		289.85 time, 290.01 real, 107 MB, 1.00 load
[runlim] sample:		299.85 time, 300.01 real, 109 MB, 1.00 load
[runlim] sample:		309.84 time, 310.01 real, 109 MB, 1.00 load
[runlim] sample:		319.84 time, 320.01 real, 109 MB, 1.00 load
[runlim] sample:		329.83 time, 330.01 real, 110 MB, 1.00 load
[runlim] sample:		339.82 time, 340.01 real, 112 MB, 1.00 load
[runlim] sample:		349.82 time, 350.01 real, 112 MB, 1.00 load
[runlim] sample:		359.82 time, 360.01 real, 112 MB, 1.00 load
[runlim] sample:		369.82 time, 370.01 real, 83 MB, 1.00 load
[runlim] sample:		379.81 time, 380.01 real, 115 MB, 1.00 load
[runlim] sample:		389.80 time, 390.01 real, 94 MB, 1.00 load
[runlim] sample:		399.80 time, 400.01 real, 111 MB, 1.00 load
[runlim] sample:		409.79 time, 410.01 real, 128 MB, 1.00 load
[runlim] sample:		419.79 time, 420.01 real, 128 MB, 1.00 load
[runlim] sample:		429.78 time, 430.01 real, 93 MB, 1.00 load
[runlim] sample:		439.78 time, 440.01 real, 132 MB, 1.00 load
[runlim] sample:		449.77 time, 450.01 real, 132 MB, 1.00 load
[runlim] sample:		459.77 time, 460.01 real, 132 MB, 1.00 load
[runlim] sample:		469.75 time, 470.01 real, 161 MB, 1.00 load
[runlim] sample:		479.76 time, 480.01 real, 164 MB, 1.08 load
[runlim] sample:		489.75 time, 490.01 real, 144 MB, 1.14 load
[runlim] sample:		499.74 time, 500.01 real, 144 MB, 1.12 load
[runlim] sample:		509.74 time, 510.01 real, 144 MB, 1.10 load
[runlim] sample:		519.73 time, 520.01 real, 163 MB, 1.08 load
[runlim] sample:		529.72 time, 530.01 real, 163 MB, 1.07 load
[runlim] sample:		539.72 time, 540.01 real, 163 MB, 1.06 load
[runlim] sample:		549.71 time, 550.01 real, 163 MB, 1.05 load
[runlim] sample:		559.71 time, 560.01 real, 163 MB, 1.04 load
[runlim] sample:		569.70 time, 570.01 real, 163 MB, 1.04 load
[runlim] sample:		579.70 time, 580.01 real, 163 MB, 1.03 load
[runlim] sample:		589.69 time, 590.01 real, 163 MB, 1.02 load
[runlim] sample:		599.69 time, 600.01 real, 127 MB, 1.02 load
[runlim] end:			Thu Jun 11 01:34:04 2026
[runlim] status:		out of time
[runlim] result:		2
[runlim] children:		1
[runlim] processes:		2
[runlim] real:			601.05 seconds
[runlim] time:			599.69 seconds
[runlim] space:			174 MB
[runlim] load:			1.15 maximum
[runlim] samples:		6000
