[runlim] version:		2.0.0rc12
[runlim] host:			ap-Precision-7550
[runlim] time limit:		311040000 seconds
[runlim] real time limit:	600 seconds
[runlim] space limit:		14000 MB
[runlim] argv[0]:		python3
[runlim] argv[1]:		-u
[runlim] argv[2]:		pairwise_no_preprocessing.py
[runlim] argv[3]:		TUD200.5
[runlim] argv[4]:		assumptions
[runlim] argv[5]:		1
[runlim] start:			Thu Jun 11 02:46:21 2026
[runlim] child:			9063
Number of assignment variables:  7588
Number of clauses for exactly one constraints:  22164
Number of clauses for distance constraints:  603187
---------------------------------------------------
Solve first problem:
Cannot find solution.
Time taken: 0.48 seconds 
Memory used: 85.43 MB
[runlim] end:			Thu Jun 11 02:46:22 2026
[runlim] status:		ok
[runlim] result:		0
[runlim] children:		1
[runlim] processes:		2
[runlim] real:			0.54 seconds
[runlim] time:			0.50 seconds
[runlim] space:			85 MB
[runlim] load:			1.05 maximum
[runlim] samples:		6
