[runlim] version:		2.0.0rc12
[runlim] host:			ap-Precision-7550
[runlim] time limit:		311040000 seconds
[runlim] real time limit:	600 seconds
[runlim] space limit:		14000 MB
[runlim] argv[0]:		python3
[runlim] argv[1]:		-u
[runlim] argv[2]:		main.py
[runlim] argv[3]:		graph10
[runlim] argv[4]:		DSE
[runlim] argv[5]:		1
[runlim] start:			Sun Jun  7 21:13:07 2026
[runlim] child:			5746
---  DSE  [Cardinality Encoding: 1] ---
 solving MaxSAT (RC2)...
[runlim] sample:		10.00 time, 10.01 real, 400 MB, 1.00 load
[runlim] sample:		19.99 time, 20.01 real, 409 MB, 1.00 load
[runlim] sample:		29.99 time, 30.01 real, 400 MB, 1.00 load
[runlim] sample:		39.98 time, 40.01 real, 420 MB, 1.00 load
[runlim] sample:		49.98 time, 50.01 real, 409 MB, 1.00 load
[runlim] sample:		59.97 time, 60.01 real, 415 MB, 1.00 load
[runlim] sample:		69.97 time, 70.01 real, 405 MB, 1.00 load
[runlim] sample:		79.96 time, 80.01 real, 410 MB, 1.00 load

--------------------------------------------------
Found solution!
Number of labels used: 22
--------------------------------------------------
Time taken: 86.77 seconds
Memory used: 355.26 MB
[runlim] end:			Sun Jun  7 21:14:34 2026
[runlim] status:		ok
[runlim] result:		0
[runlim] children:		1
[runlim] processes:		2
[runlim] real:			86.90 seconds
[runlim] time:			86.76 seconds
[runlim] space:			462 MB
[runlim] load:			1.00 maximum
[runlim] samples:		869
