[runlim] version:		2.0.0rc12
[runlim] host:			ap-Precision-7550
[runlim] time limit:		311040000 seconds
[runlim] real time limit:	600 seconds
[runlim] space limit:		14000 MB
[runlim] argv[0]:		python3
[runlim] argv[1]:		-u
[runlim] argv[2]:		main.py
[runlim] argv[3]:		TUD916.4
[runlim] argv[4]:		DSE
[runlim] argv[5]:		1
[runlim] start:			Sun Jun  7 21:16:20 2026
[runlim] child:			5810
---  DSE  [Cardinality Encoding: 1] ---
 solving MaxSAT (RC2)...

--------------------------------------------------
Found solution!
Number of labels used: 26
--------------------------------------------------
Time taken: 0.48 seconds
Memory used: 24.67 MB
[runlim] end:			Sun Jun  7 21:16:21 2026
[runlim] status:		ok
[runlim] result:		0
[runlim] children:		1
[runlim] processes:		2
[runlim] real:			0.53 seconds
[runlim] time:			0.51 seconds
[runlim] space:			25 MB
[runlim] load:			1.00 maximum
[runlim] samples:		6
