[runlim] version:		2.0.0rc12
[runlim] host:			ap-Precision-7550
[runlim] time limit:		311040000 seconds
[runlim] real time limit:	600 seconds
[runlim] space limit:		14000 MB
[runlim] argv[0]:		python3
[runlim] argv[1]:		-u
[runlim] argv[2]:		main_symmetry.py
[runlim] argv[3]:		graph03
[runlim] argv[4]:		nsc
[runlim] argv[5]:		assumptions
[runlim] argv[6]:		cadical195
[runlim] start:			Wed Mar 25 23:30:57 2026
[runlim] child:			27627
Solve first problem:
Solution:
{1: 792, 2: 554, 3: 792, 4: 554, 5: 142, 6: 380, 7: 792, 8: 554, 9: 792, 10: 554, 11: 792, 12: 554, 13: 58, 14: 296, 15: 156, 16: 394, 17: 792, 18: 554, 19: 58, 20: 296, 21: 792, 22: 554, 23: 86, 24: 324, 25: 792, 26: 554, 27: 100, 28: 338, 29: 114, 30: 352, 31: 156, 32: 394, 33: 44, 34: 282, 35: 764, 36: 526, 37: 722, 38: 484, 39: 16, 40: 254, 41: 16, 42: 254, 43: 778, 44: 540, 45: 58, 46: 296, 47: 86, 48: 324, 49: 778, 50: 540, 51: 128, 52: 366, 53: 142, 54: 380, 55: 764, 56: 526, 57: 86, 58: 324, 59: 694, 60: 456, 61: 778, 62: 540, 63: 16, 64: 254, 65: 58, 66: 296, 67: 792, 68: 554, 69: 778, 70: 540, 71: 792, 72: 554, 73: 666, 74: 428, 75: 750, 76: 512, 77: 764, 78: 526, 79: 16, 80: 254, 81: 722, 82: 484, 83: 30, 84: 268, 85: 792, 86: 554, 87: 792, 88: 554, 89: 72, 90: 310, 91: 16, 92: 254, 93: 30, 94: 268, 95: 142, 96: 380, 97: 30, 98: 268, 99: 778, 100: 540, 101: 792, 102: 554, 103: 666, 104: 428, 105: 86, 106: 324, 107: 100, 108: 338, 109: 666, 110: 428, 111: 16, 112: 254, 113: 16, 114: 254, 115: 58, 116: 296, 117: 666, 118: 428, 119: 44, 120: 282, 121: 114, 122: 352, 123: 16, 124: 254, 125: 722, 126: 484, 127: 72, 128: 310, 129: 750, 130: 512, 131: 142, 132: 380, 133: 736, 134: 498, 135: 142, 136: 380, 137: 114, 138: 352, 139: 736, 140: 498, 141: 708, 142: 470, 143: 750, 144: 512, 145: 30, 146: 268, 147: 736, 148: 498, 149: 736, 150: 498, 151: 44, 152: 282, 153: 16, 154: 254, 155: 722, 156: 484, 157: 114, 158: 352, 159: 58, 160: 296, 161: 792, 162: 554, 163: 114, 164: 352, 165: 86, 166: 324, 167: 16, 168: 254, 169: 680, 170: 442, 171: 128, 172: 366, 173: 142, 174: 380, 175: 764, 176: 526, 177: 764, 178: 526, 179: 736, 180: 498, 181: 694, 182: 456, 183: 86, 184: 324, 185: 142, 186: 380, 187: 58, 188: 296, 189: 30, 190: 268, 191: 16, 192: 254, 193: 750, 194: 512, 195: 44, 196: 282, 197: 128, 198: 366, 199: 30, 200: 268}
Number of lables used:  42
Time taken: 0.40 seconds
Memory used: 34.93 MB
--------------------------------------------------

Trying with at most 41 labels...
Solution:
{1: 156, 2: 394, 3: 156, 4: 394, 5: 680, 6: 442, 7: 142, 8: 380, 9: 156, 10: 394, 11: 666, 12: 428, 13: 72, 14: 310, 15: 128, 16: 366, 17: 680, 18: 442, 19: 114, 20: 352, 21: 30, 22: 268, 23: 100, 24: 338, 25: 114, 26: 352, 27: 114, 28: 352, 29: 694, 30: 456, 31: 142, 32: 380, 33: 44, 34: 282, 35: 652, 36: 414, 37: 666, 38: 428, 39: 16, 40: 254, 41: 16, 42: 254, 43: 100, 44: 338, 45: 72, 46: 310, 47: 100, 48: 338, 49: 30, 50: 268, 51: 142, 52: 380, 53: 694, 54: 456, 55: 44, 56: 282, 57: 694, 58: 456, 59: 666, 60: 428, 61: 100, 62: 338, 63: 30, 64: 268, 65: 72, 66: 310, 67: 694, 68: 456, 69: 44, 70: 282, 71: 142, 72: 380, 73: 694, 74: 456, 75: 72, 76: 310, 77: 58, 78: 296, 79: 30, 80: 268, 81: 100, 82: 338, 83: 44, 84: 282, 85: 30, 86: 268, 87: 30, 88: 268, 89: 86, 90: 324, 91: 30, 92: 268, 93: 44, 94: 282, 95: 142, 96: 380, 97: 30, 98: 268, 99: 44, 100: 282, 101: 16, 102: 254, 103: 156, 104: 394, 105: 86, 106: 324, 107: 114, 108: 352, 109: 666, 110: 428, 111: 30, 112: 268, 113: 16, 114: 254, 115: 58, 116: 296, 117: 652, 118: 414, 119: 58, 120: 296, 121: 128, 122: 366, 123: 30, 124: 268, 125: 652, 126: 414, 127: 86, 128: 324, 129: 128, 130: 366, 131: 142, 132: 380, 133: 86, 134: 324, 135: 156, 136: 394, 137: 666, 138: 428, 139: 694, 140: 456, 141: 694, 142: 456, 143: 72, 144: 310, 145: 30, 146: 268, 147: 86, 148: 324, 149: 666, 150: 428, 151: 58, 152: 296, 153: 30, 154: 268, 155: 694, 156: 456, 157: 30, 158: 268, 159: 58, 160: 296, 161: 86, 162: 324, 163: 694, 164: 456, 165: 694, 166: 456, 167: 30, 168: 268, 169: 652, 170: 414, 171: 128, 172: 366, 173: 58, 174: 296, 175: 694, 176: 456, 177: 58, 178: 296, 179: 86, 180: 324, 181: 666, 182: 428, 183: 694, 184: 456, 185: 694, 186: 456, 187: 72, 188: 310, 189: 44, 190: 282, 191: 30, 192: 268, 193: 72, 194: 310, 195: 58, 196: 296, 197: 666, 198: 428, 199: 86, 200: 324}
Number of lables used:  30
--------------------------------------------------

Trying with at most 29 labels...
Solution:
{1: 156, 2: 394, 3: 142, 4: 380, 5: 680, 6: 442, 7: 142, 8: 380, 9: 142, 10: 380, 11: 142, 12: 380, 13: 58, 14: 296, 15: 114, 16: 352, 17: 680, 18: 442, 19: 114, 20: 352, 21: 16, 22: 254, 23: 86, 24: 324, 25: 100, 26: 338, 27: 100, 28: 338, 29: 680, 30: 442, 31: 128, 32: 366, 33: 44, 34: 282, 35: 142, 36: 380, 37: 72, 38: 310, 39: 16, 40: 254, 41: 16, 42: 254, 43: 86, 44: 324, 45: 58, 46: 296, 47: 86, 48: 324, 49: 30, 50: 268, 51: 128, 52: 366, 53: 680, 54: 442, 55: 44, 56: 282, 57: 86, 58: 324, 59: 114, 60: 352, 61: 86, 62: 324, 63: 16, 64: 254, 65: 58, 66: 296, 67: 100, 68: 338, 69: 30, 70: 268, 71: 142, 72: 380, 73: 680, 74: 442, 75: 58, 76: 296, 77: 44, 78: 282, 79: 16, 80: 254, 81: 86, 82: 324, 83: 30, 84: 268, 85: 16, 86: 254, 87: 16, 88: 254, 89: 72, 90: 310, 91: 16, 92: 254, 93: 30, 94: 268, 95: 142, 96: 380, 97: 30, 98: 268, 99: 44, 100: 282, 101: 16, 102: 254, 103: 142, 104: 380, 105: 86, 106: 324, 107: 100, 108: 338, 109: 142, 110: 380, 111: 16, 112: 254, 113: 16, 114: 254, 115: 58, 116: 296, 117: 680, 118: 442, 119: 44, 120: 282, 121: 114, 122: 352, 123: 16, 124: 254, 125: 142, 126: 380, 127: 72, 128: 310, 129: 114, 130: 352, 131: 142, 132: 380, 133: 72, 134: 310, 135: 680, 136: 442, 137: 114, 138: 352, 139: 680, 140: 442, 141: 100, 142: 338, 143: 58, 144: 296, 145: 30, 146: 268, 147: 72, 148: 310, 149: 128, 150: 366, 151: 44, 152: 282, 153: 16, 154: 254, 155: 680, 156: 442, 157: 16, 158: 254, 159: 58, 160: 296, 161: 72, 162: 310, 163: 114, 164: 352, 165: 680, 166: 442, 167: 16, 168: 254, 169: 128, 170: 366, 171: 128, 172: 366, 173: 44, 174: 282, 175: 100, 176: 338, 177: 44, 178: 282, 179: 72, 180: 310, 181: 114, 182: 352, 183: 680, 184: 442, 185: 680, 186: 442, 187: 58, 188: 296, 189: 30, 190: 268, 191: 16, 192: 254, 193: 58, 194: 296, 195: 44, 196: 282, 197: 680, 198: 442, 199: 86, 200: 324}
Number of lables used:  24
Time taken: 0.42 seconds
Memory used: 36.50 MB
--------------------------------------------------

Trying with at most 23 labels...
Solution:
{1: 142, 2: 380, 3: 142, 4: 380, 5: 680, 6: 442, 7: 142, 8: 380, 9: 142, 10: 380, 11: 142, 12: 380, 13: 58, 14: 296, 15: 114, 16: 352, 17: 680, 18: 442, 19: 100, 20: 338, 21: 16, 22: 254, 23: 86, 24: 324, 25: 100, 26: 338, 27: 100, 28: 338, 29: 680, 30: 442, 31: 128, 32: 366, 33: 44, 34: 282, 35: 142, 36: 380, 37: 72, 38: 310, 39: 16, 40: 254, 41: 16, 42: 254, 43: 86, 44: 324, 45: 58, 46: 296, 47: 86, 48: 324, 49: 30, 50: 268, 51: 128, 52: 366, 53: 680, 54: 442, 55: 44, 56: 282, 57: 86, 58: 324, 59: 114, 60: 352, 61: 86, 62: 324, 63: 16, 64: 254, 65: 58, 66: 296, 67: 100, 68: 338, 69: 30, 70: 268, 71: 142, 72: 380, 73: 680, 74: 442, 75: 58, 76: 296, 77: 44, 78: 282, 79: 16, 80: 254, 81: 86, 82: 324, 83: 30, 84: 268, 85: 16, 86: 254, 87: 16, 88: 254, 89: 72, 90: 310, 91: 16, 92: 254, 93: 30, 94: 268, 95: 142, 96: 380, 97: 30, 98: 268, 99: 44, 100: 282, 101: 16, 102: 254, 103: 142, 104: 380, 105: 86, 106: 324, 107: 100, 108: 338, 109: 142, 110: 380, 111: 16, 112: 254, 113: 16, 114: 254, 115: 58, 116: 296, 117: 680, 118: 442, 119: 44, 120: 282, 121: 114, 122: 352, 123: 16, 124: 254, 125: 142, 126: 380, 127: 72, 128: 310, 129: 114, 130: 352, 131: 142, 132: 380, 133: 72, 134: 310, 135: 680, 136: 442, 137: 114, 138: 352, 139: 680, 140: 442, 141: 100, 142: 338, 143: 58, 144: 296, 145: 30, 146: 268, 147: 72, 148: 310, 149: 128, 150: 366, 151: 44, 152: 282, 153: 16, 154: 254, 155: 680, 156: 442, 157: 16, 158: 254, 159: 58, 160: 296, 161: 72, 162: 310, 163: 114, 164: 352, 165: 680, 166: 442, 167: 16, 168: 254, 169: 128, 170: 366, 171: 128, 172: 366, 173: 44, 174: 282, 175: 100, 176: 338, 177: 44, 178: 282, 179: 72, 180: 310, 181: 114, 182: 352, 183: 680, 184: 442, 185: 680, 186: 442, 187: 58, 188: 296, 189: 30, 190: 268, 191: 16, 192: 254, 193: 58, 194: 296, 195: 44, 196: 282, 197: 680, 198: 442, 199: 72, 200: 310}
Number of lables used:  22
Time taken: 0.42 seconds
Memory used: 36.50 MB
--------------------------------------------------

Trying with at most 21 labels...
Solution:
{1: 708, 2: 470, 3: 142, 4: 380, 5: 142, 6: 380, 7: 142, 8: 380, 9: 142, 10: 380, 11: 142, 12: 380, 13: 750, 14: 512, 15: 114, 16: 352, 17: 114, 18: 352, 19: 750, 20: 512, 21: 16, 22: 254, 23: 86, 24: 324, 25: 708, 26: 470, 27: 708, 28: 470, 29: 114, 30: 352, 31: 128, 32: 366, 33: 44, 34: 282, 35: 142, 36: 380, 37: 750, 38: 512, 39: 16, 40: 254, 41: 16, 42: 254, 43: 86, 44: 324, 45: 708, 46: 470, 47: 708, 48: 470, 49: 30, 50: 268, 51: 128, 52: 366, 53: 142, 54: 380, 55: 44, 56: 282, 57: 86, 58: 324, 59: 708, 60: 470, 61: 86, 62: 324, 63: 16, 64: 254, 65: 750, 66: 512, 67: 708, 68: 470, 69: 30, 70: 268, 71: 142, 72: 380, 73: 142, 74: 380, 75: 750, 76: 512, 77: 736, 78: 498, 79: 16, 80: 254, 81: 86, 82: 324, 83: 30, 84: 268, 85: 16, 86: 254, 87: 16, 88: 254, 89: 736, 90: 498, 91: 16, 92: 254, 93: 30, 94: 268, 95: 142, 96: 380, 97: 30, 98: 268, 99: 750, 100: 512, 101: 16, 102: 254, 103: 142, 104: 380, 105: 750, 106: 512, 107: 708, 108: 470, 109: 142, 110: 380, 111: 16, 112: 254, 113: 750, 114: 512, 115: 736, 116: 498, 117: 142, 118: 380, 119: 44, 120: 282, 121: 114, 122: 352, 123: 16, 124: 254, 125: 142, 126: 380, 127: 736, 128: 498, 129: 114, 130: 352, 131: 142, 132: 380, 133: 708, 134: 470, 135: 142, 136: 380, 137: 114, 138: 352, 139: 86, 140: 324, 141: 708, 142: 470, 143: 750, 144: 512, 145: 30, 146: 268, 147: 736, 148: 498, 149: 128, 150: 366, 151: 44, 152: 282, 153: 16, 154: 254, 155: 736, 156: 498, 157: 16, 158: 254, 159: 708, 160: 470, 161: 736, 162: 498, 163: 114, 164: 352, 165: 86, 166: 324, 167: 16, 168: 254, 169: 128, 170: 366, 171: 128, 172: 366, 173: 44, 174: 282, 175: 736, 176: 498, 177: 44, 178: 282, 179: 736, 180: 498, 181: 114, 182: 352, 183: 86, 184: 324, 185: 142, 186: 380, 187: 736, 188: 498, 189: 30, 190: 268, 191: 16, 192: 254, 193: 750, 194: 512, 195: 44, 196: 282, 197: 128, 198: 366, 199: 30, 200: 268}
Number of lables used:  20
Time taken: 1.00 seconds
Memory used: 42.02 MB
--------------------------------------------------

Trying with at most 19 labels...
Cannot find solution.
No more solutions found.
Optimal number of labels used:  20
Time taken: 7.83 seconds
Memory used: 73.42 MB
[runlim] end:			Wed Mar 25 23:31:05 2026
[runlim] status:		ok
[runlim] result:		0
[runlim] children:		1
[runlim] processes:		2
[runlim] real:			7.88 seconds
[runlim] time:			7.79 seconds
[runlim] space:			85 MB
[runlim] load:			1.00 maximum
[runlim] samples:		79
