[runlim] version:		2.0.0rc12
[runlim] host:			ap-Precision-7550
[runlim] time limit:		311040000 seconds
[runlim] real time limit:	600 seconds
[runlim] space limit:		14000 MB
[runlim] argv[0]:		python3
[runlim] argv[1]:		-u
[runlim] argv[2]:		main_symmetry.py
[runlim] argv[3]:		scen02
[runlim] argv[4]:		nsc
[runlim] argv[5]:		assumptions
[runlim] argv[6]:		cadical195
[runlim] start:			Wed Mar 25 23:19:00 2026
[runlim] child:			27574
Solve first problem:
Solution:
{13: 16, 14: 254, 15: 16, 16: 254, 53: 16, 54: 254, 79: 30, 80: 268, 81: 16, 82: 254, 83: 16, 84: 254, 85: 86, 86: 324, 127: 16, 128: 254, 129: 114, 130: 352, 143: 16, 144: 254, 145: 16, 146: 254, 205: 44, 206: 282, 233: 30, 234: 268, 235: 44, 236: 282, 237: 30, 238: 268, 261: 16, 262: 254, 263: 16, 264: 254, 265: 16, 266: 254, 267: 86, 268: 324, 269: 16, 270: 254, 271: 16, 272: 254, 273: 86, 274: 324, 275: 86, 276: 324, 277: 30, 278: 268, 281: 44, 282: 282, 283: 44, 284: 282, 289: 30, 290: 268, 291: 44, 292: 282, 303: 16, 304: 254, 305: 86, 306: 324, 321: 30, 322: 268, 323: 100, 324: 338, 325: 30, 326: 268, 327: 100, 328: 338, 329: 16, 330: 254, 341: 114, 342: 352, 343: 114, 344: 352, 349: 100, 350: 338, 351: 86, 352: 324, 435: 30, 436: 268, 475: 44, 476: 282, 481: 58, 482: 296, 517: 310, 518: 72, 519: 30, 520: 268, 555: 282, 556: 44, 557: 44, 558: 282, 559: 268, 560: 30, 561: 128, 562: 366, 565: 100, 566: 338, 577: 114, 578: 352, 579: 16, 580: 254, 583: 296, 584: 58, 585: 30, 586: 268, 587: 86, 588: 324, 589: 16, 590: 254, 591: 428, 592: 666, 593: 30, 594: 268, 595: 86, 596: 324, 597: 100, 598: 338, 599: 58, 600: 296, 601: 428, 602: 666, 603: 44, 604: 282, 605: 30, 606: 268, 607: 128, 608: 366, 613: 428, 614: 666, 615: 30, 616: 268, 617: 72, 618: 310, 621: 100, 622: 338, 625: 268, 626: 30, 629: 86, 630: 324, 631: 114, 632: 352, 633: 338, 634: 100, 635: 380, 636: 142, 645: 30, 646: 268, 651: 16, 652: 254, 661: 72, 662: 310, 663: 16, 664: 254, 665: 352, 666: 114, 667: 16, 668: 254, 713: 30, 714: 268, 717: 86, 718: 324, 719: 156, 720: 394, 721: 366, 722: 128, 723: 16, 724: 254, 743: 44, 744: 282, 745: 128, 746: 366, 747: 114, 748: 352, 763: 296, 764: 58, 765: 268, 766: 30, 767: 156, 768: 394, 785: 16, 786: 254, 787: 310, 788: 72, 789: 44, 790: 282, 791: 114, 792: 352, 793: 30, 794: 268, 795: 100, 796: 338, 797: 30, 798: 268, 799: 100, 800: 338, 801: 498, 802: 736, 879: 44, 880: 282}
Number of lables used:  26
Time taken: 0.28 seconds
Memory used: 36.96 MB
--------------------------------------------------

Trying with at most 25 labels...
Solution:
{13: 16, 14: 254, 15: 44, 16: 282, 53: 142, 54: 380, 79: 156, 80: 394, 81: 142, 82: 380, 83: 380, 84: 142, 85: 16, 86: 254, 127: 58, 128: 296, 129: 156, 130: 394, 143: 156, 144: 394, 145: 156, 146: 394, 205: 156, 206: 394, 233: 268, 234: 30, 235: 366, 236: 128, 237: 44, 238: 282, 261: 156, 262: 394, 263: 44, 264: 282, 265: 86, 266: 324, 267: 156, 268: 394, 269: 30, 270: 268, 271: 30, 272: 268, 273: 352, 274: 114, 275: 352, 276: 114, 277: 30, 278: 268, 281: 142, 282: 380, 283: 128, 284: 366, 289: 156, 290: 394, 291: 86, 292: 324, 303: 394, 304: 156, 305: 58, 306: 296, 321: 156, 322: 394, 323: 72, 324: 310, 325: 394, 326: 156, 327: 58, 328: 296, 329: 156, 330: 394, 341: 380, 342: 142, 343: 380, 344: 142, 349: 72, 350: 310, 351: 380, 352: 142, 435: 114, 436: 352, 475: 128, 476: 366, 481: 142, 482: 380, 517: 142, 518: 380, 519: 142, 520: 380, 555: 282, 556: 44, 557: 58, 558: 296, 559: 352, 560: 114, 561: 44, 562: 282, 565: 30, 566: 268, 577: 86, 578: 324, 579: 58, 580: 296, 583: 142, 584: 380, 585: 324, 586: 86, 587: 72, 588: 310, 589: 44, 590: 282, 591: 58, 592: 296, 593: 44, 594: 282, 595: 114, 596: 352, 597: 30, 598: 268, 599: 86, 600: 324, 601: 128, 602: 366, 603: 142, 604: 380, 605: 142, 606: 380, 607: 58, 608: 296, 613: 100, 614: 338, 615: 128, 616: 366, 617: 142, 618: 380, 621: 72, 622: 310, 625: 142, 626: 380, 629: 128, 630: 366, 631: 142, 632: 380, 633: 128, 634: 366, 635: 142, 636: 380, 645: 114, 646: 352, 651: 156, 652: 394, 661: 156, 662: 394, 663: 394, 664: 156, 665: 380, 666: 142, 667: 156, 668: 394, 713: 30, 714: 268, 717: 352, 718: 114, 719: 16, 720: 254, 721: 86, 722: 324, 723: 156, 724: 394, 743: 366, 744: 128, 745: 380, 746: 142, 747: 30, 748: 268, 763: 142, 764: 380, 765: 156, 766: 394, 767: 114, 768: 352, 785: 156, 786: 394, 787: 142, 788: 380, 789: 72, 790: 310, 791: 142, 792: 380, 793: 72, 794: 310, 795: 142, 796: 380, 797: 58, 798: 296, 799: 128, 800: 366, 801: 142, 802: 380, 879: 142, 880: 380}
Number of lables used:  22
--------------------------------------------------

Trying with at most 21 labels...
Solution:
{13: 16, 14: 254, 15: 44, 16: 282, 53: 142, 54: 380, 79: 156, 80: 394, 81: 142, 82: 380, 83: 352, 84: 114, 85: 16, 86: 254, 127: 58, 128: 296, 129: 156, 130: 394, 143: 156, 144: 394, 145: 156, 146: 394, 205: 156, 206: 394, 233: 268, 234: 30, 235: 352, 236: 114, 237: 44, 238: 282, 261: 156, 262: 394, 263: 324, 264: 86, 265: 268, 266: 30, 267: 156, 268: 394, 269: 30, 270: 268, 271: 30, 272: 268, 273: 352, 274: 114, 275: 352, 276: 114, 277: 30, 278: 268, 281: 142, 282: 380, 283: 114, 284: 352, 289: 156, 290: 394, 291: 44, 292: 282, 303: 394, 304: 156, 305: 58, 306: 296, 321: 156, 322: 394, 323: 72, 324: 310, 325: 394, 326: 156, 327: 16, 328: 254, 329: 156, 330: 394, 341: 380, 342: 142, 343: 380, 344: 142, 349: 72, 350: 310, 351: 380, 352: 142, 435: 86, 436: 324, 475: 114, 476: 352, 481: 142, 482: 380, 517: 142, 518: 380, 519: 142, 520: 380, 555: 282, 556: 44, 557: 58, 558: 296, 559: 44, 560: 282, 561: 44, 562: 282, 565: 30, 566: 268, 577: 86, 578: 324, 579: 58, 580: 296, 583: 142, 584: 380, 585: 324, 586: 86, 587: 72, 588: 310, 589: 16, 590: 254, 591: 58, 592: 296, 593: 44, 594: 282, 595: 86, 596: 324, 597: 30, 598: 268, 599: 86, 600: 324, 601: 114, 602: 352, 603: 142, 604: 380, 605: 142, 606: 380, 607: 58, 608: 296, 613: 86, 614: 324, 615: 114, 616: 352, 617: 142, 618: 380, 621: 72, 622: 310, 625: 142, 626: 380, 629: 86, 630: 324, 631: 142, 632: 380, 633: 86, 634: 324, 635: 142, 636: 380, 645: 114, 646: 352, 651: 156, 652: 394, 661: 156, 662: 394, 663: 296, 664: 58, 665: 380, 666: 142, 667: 156, 668: 394, 713: 30, 714: 268, 717: 352, 718: 114, 719: 16, 720: 254, 721: 86, 722: 324, 723: 156, 724: 394, 743: 310, 744: 72, 745: 380, 746: 142, 747: 380, 748: 142, 763: 142, 764: 380, 765: 156, 766: 394, 767: 114, 768: 352, 785: 156, 786: 394, 787: 310, 788: 72, 789: 380, 790: 142, 791: 86, 792: 324, 793: 380, 794: 142, 795: 86, 796: 324, 797: 380, 798: 142, 799: 86, 800: 324, 801: 142, 802: 380, 879: 142, 880: 380}
Number of lables used:  18
Time taken: 0.30 seconds
Memory used: 39.07 MB
--------------------------------------------------

Trying with at most 17 labels...
Solution:
{13: 44, 14: 282, 15: 44, 16: 282, 53: 142, 54: 380, 79: 156, 80: 394, 81: 142, 82: 380, 83: 352, 84: 114, 85: 16, 86: 254, 127: 44, 128: 282, 129: 156, 130: 394, 143: 156, 144: 394, 145: 156, 146: 394, 205: 156, 206: 394, 233: 114, 234: 352, 235: 282, 236: 44, 237: 30, 238: 268, 261: 156, 262: 394, 263: 268, 264: 30, 265: 268, 266: 30, 267: 156, 268: 394, 269: 30, 270: 268, 271: 30, 272: 268, 273: 352, 274: 114, 275: 352, 276: 114, 277: 30, 278: 268, 281: 44, 282: 282, 283: 16, 284: 254, 289: 156, 290: 394, 291: 44, 292: 282, 303: 394, 304: 156, 305: 44, 306: 282, 321: 156, 322: 394, 323: 16, 324: 254, 325: 324, 326: 86, 327: 394, 328: 156, 329: 156, 330: 394, 341: 282, 342: 44, 343: 282, 344: 44, 349: 44, 350: 282, 351: 380, 352: 142, 435: 86, 436: 324, 475: 114, 476: 352, 481: 142, 482: 380, 517: 142, 518: 380, 519: 142, 520: 380, 555: 282, 556: 44, 557: 30, 558: 268, 559: 44, 560: 282, 561: 442, 562: 680, 565: 30, 566: 268, 577: 16, 578: 254, 579: 30, 580: 268, 583: 442, 584: 680, 585: 324, 586: 86, 587: 44, 588: 282, 589: 16, 590: 254, 591: 30, 592: 268, 593: 680, 594: 442, 595: 86, 596: 324, 597: 44, 598: 282, 599: 86, 600: 324, 601: 114, 602: 352, 603: 142, 604: 380, 605: 142, 606: 380, 607: 86, 608: 324, 613: 86, 614: 324, 615: 114, 616: 352, 617: 142, 618: 380, 621: 44, 622: 282, 625: 142, 626: 380, 629: 86, 630: 324, 631: 142, 632: 380, 633: 86, 634: 324, 635: 142, 636: 380, 645: 114, 646: 352, 651: 156, 652: 394, 661: 156, 662: 394, 663: 268, 664: 30, 665: 380, 666: 142, 667: 156, 668: 394, 713: 30, 714: 268, 717: 380, 718: 142, 719: 16, 720: 254, 721: 86, 722: 324, 723: 156, 724: 394, 743: 282, 744: 44, 745: 380, 746: 142, 747: 380, 748: 142, 763: 142, 764: 380, 765: 156, 766: 394, 767: 114, 768: 352, 785: 156, 786: 394, 787: 680, 788: 442, 789: 380, 790: 142, 791: 86, 792: 324, 793: 380, 794: 142, 795: 86, 796: 324, 797: 380, 798: 142, 799: 86, 800: 324, 801: 142, 802: 380, 879: 142, 880: 380}
Number of lables used:  16
Time taken: 0.31 seconds
Memory used: 39.20 MB
--------------------------------------------------

Trying with at most 15 labels...
Solution:
{13: 44, 14: 282, 15: 44, 16: 282, 53: 142, 54: 380, 79: 114, 80: 352, 81: 142, 82: 380, 83: 268, 84: 30, 85: 352, 86: 114, 127: 254, 128: 16, 129: 86, 130: 324, 143: 442, 144: 680, 145: 442, 146: 680, 205: 142, 206: 380, 233: 114, 234: 352, 235: 282, 236: 44, 237: 30, 238: 268, 261: 114, 262: 352, 263: 44, 264: 282, 265: 254, 266: 16, 267: 114, 268: 352, 269: 30, 270: 268, 271: 30, 272: 268, 273: 352, 274: 114, 275: 352, 276: 114, 277: 30, 278: 268, 281: 44, 282: 282, 283: 16, 284: 254, 289: 86, 290: 324, 291: 44, 292: 282, 303: 352, 304: 114, 305: 16, 306: 254, 321: 16, 322: 254, 323: 680, 324: 442, 325: 352, 326: 114, 327: 16, 328: 254, 329: 114, 330: 352, 341: 282, 342: 44, 343: 282, 344: 44, 349: 44, 350: 282, 351: 380, 352: 142, 435: 86, 436: 324, 475: 114, 476: 352, 481: 142, 482: 380, 517: 142, 518: 380, 519: 142, 520: 380, 555: 282, 556: 44, 557: 30, 558: 268, 559: 44, 560: 282, 561: 442, 562: 680, 565: 30, 566: 268, 577: 16, 578: 254, 579: 30, 580: 268, 583: 442, 584: 680, 585: 324, 586: 86, 587: 44, 588: 282, 589: 16, 590: 254, 591: 30, 592: 268, 593: 44, 594: 282, 595: 86, 596: 324, 597: 442, 598: 680, 599: 86, 600: 324, 601: 114, 602: 352, 603: 142, 604: 380, 605: 142, 606: 380, 607: 86, 608: 324, 613: 86, 614: 324, 615: 114, 616: 352, 617: 142, 618: 380, 621: 44, 622: 282, 625: 142, 626: 380, 629: 86, 630: 324, 631: 142, 632: 380, 633: 86, 634: 324, 635: 142, 636: 380, 645: 86, 646: 324, 651: 142, 652: 380, 661: 142, 662: 380, 663: 16, 664: 254, 665: 380, 666: 142, 667: 142, 668: 380, 713: 30, 714: 268, 717: 380, 718: 142, 719: 16, 720: 254, 721: 86, 722: 324, 723: 442, 724: 680, 743: 30, 744: 268, 745: 380, 746: 142, 747: 282, 748: 44, 763: 142, 764: 380, 765: 142, 766: 380, 767: 114, 768: 352, 785: 16, 786: 254, 787: 442, 788: 680, 789: 380, 790: 142, 791: 86, 792: 324, 793: 380, 794: 142, 795: 86, 796: 324, 797: 380, 798: 142, 799: 86, 800: 324, 801: 142, 802: 380, 879: 142, 880: 380}
Number of lables used:  14
Time taken: 0.31 seconds
Memory used: 39.20 MB
--------------------------------------------------

Trying with at most 13 labels...
[runlim] sample:		9.99 time, 10.01 real, 59 MB, 0.93 load
Cannot find solution.
No more solutions found.
Optimal number of labels used:  14
Time taken: 15.37 seconds
Memory used: 61.18 MB
[runlim] end:			Wed Mar 25 23:19:15 2026
[runlim] status:		ok
[runlim] result:		0
[runlim] children:		1
[runlim] processes:		2
[runlim] real:			15.42 seconds
[runlim] time:			15.40 seconds
[runlim] space:			61 MB
[runlim] load:			0.93 maximum
[runlim] samples:		155
