[runlim] version:		1.10
[runlim] time limit:		311040000 seconds
[runlim] real time limit:	600 seconds
[runlim] space limit:		14000 MB
[runlim] argv[0]:		python3
[runlim] argv[1]:		-u
[runlim] argv[2]:		mip.py
[runlim] argv[3]:		graph03
[runlim] start:			Fri Mar 13 00:38:13 2026
[runlim] main pid:		22789
Building MIP model...
[runlim] sample:		10.0 time, 11.0 real, 31.4 MB
[runlim] sample:		20.0 time, 21.0 real, 33.2 MB
[runlim] sample:		30.0 time, 31.0 real, 36.1 MB
[runlim] sample:		40.0 time, 41.0 real, 38.3 MB
[runlim] sample:		50.0 time, 51.0 real, 40.8 MB
[runlim] sample:		60.0 time, 61.0 real, 44.2 MB
[runlim] sample:		70.0 time, 71.0 real, 47.3 MB
Build time: 72.60s
Solving MIP (minimizing number of labels)...
Version identifier: 22.1.1.0 | 2022-11-28 | 9160aff4d
CPXPARAM_Read_DataCheck                          1
Legacy callback                                  i
Tried aggregator 2 times.
MIP Presolve eliminated 490231 rows and 85 columns.
MIP Presolve modified 20373 coefficients.
Aggregator did 3910 substitutions.
Reduced MIP has 10327 rows, 3873 columns, and 281290 nonzeros.
Reduced MIP has 3873 binaries, 0 generals, 0 SOSs, and 0 indicators.
Presolve time = 3.38 sec. (5706.63 ticks)
Probing fixed 133 vars, tightened 0 bounds.
Probing changed sense of 13 constraints.
Probing time = 0.02 sec. (9.09 ticks)
Tried aggregator 2 times.
Detecting symmetries...
MIP Presolve eliminated 245 rows and 164 columns.
MIP Presolve modified 1812 coefficients.
Aggregator did 1 substitutions.
Reduced MIP has 10007 rows, 3706 columns, and 266090 nonzeros.
Reduced MIP has 3706 binaries, 0 generals, 0 SOSs, and 0 indicators.
Presolve time = 0.24 sec. (428.53 ticks)
Probing fixed 25 vars, tightened 0 bounds.
Probing changed sense of 2 constraints.
Probing time = 0.02 sec. (9.32 ticks)
Cover probing fixed 1 vars, tightened 0 bounds.
Clique table members: 13835.
MIP emphasis: balance optimality and feasibility.
MIP search method: dynamic search.
Parallel mode: deterministic, using up to 12 threads.
[runlim] sample:		104.6 time, 81.0 real, 313.6 MB
Root relaxation solution time = 6.00 sec. (6166.42 ticks)

        Nodes                                         Cuts/
   Node  Left     Objective  IInf  Best Integer    Best Bound    ItCnt     Gap

*     0+    0                           44.0000        0.0000           100.00%
      0     0       12.0000   881       44.0000       12.0000       13   72.73%

========== NEW INCUMBENT SOLUTION ==========
{1: 44, 2: 282, 3: 142, 4: 380, 5: 86, 6: 324, 7: 792, 8: 554, 9: 142, 10: 380, 11: 666, 12: 428, 13: 58, 14: 296, 15: 114, 16: 352, 17: 114, 18: 352, 19: 736, 20: 498, 21: 30, 22: 268, 23: 86, 24: 324, 25: 708, 26: 470, 27: 100, 28: 338, 29: 694, 30: 456, 31: 142, 32: 380, 33: 44, 34: 282, 35: 142, 36: 380, 37: 86, 38: 324, 39: 792, 40: 554, 41: 16, 42: 254, 43: 86, 44: 324, 45: 750, 46: 512, 47: 764, 48: 526, 49: 30, 50: 268, 51: 128, 52: 366, 53: 666, 54: 428, 55: 44, 56: 282, 57: 722, 58: 484, 59: 652, 60: 414, 61: 86, 62: 324, 63: 16, 64: 254, 65: 750, 66: 512, 67: 708, 68: 470, 69: 778, 70: 540, 71: 666, 72: 428, 73: 666, 74: 428, 75: 722, 76: 484, 77: 44, 78: 282, 79: 792, 80: 554, 81: 694, 82: 456, 83: 30, 84: 268, 85: 16, 86: 254, 87: 792, 88: 554, 89: 736, 90: 498, 91: 16, 92: 254, 93: 778, 94: 540, 95: 142, 96: 380, 97: 30, 98: 268, 99: 764, 100: 526, 101: 16, 102: 254, 103: 128, 104: 366, 105: 86, 106: 324, 107: 100, 108: 338, 109: 666, 110: 428, 111: 764, 112: 526, 113: 58, 114: 296, 115: 750, 116: 512, 117: 156, 118: 394, 119: 764, 120: 526, 121: 128, 122: 366, 123: 16, 124: 254, 125: 750, 126: 512, 127: 72, 128: 310, 129: 792, 130: 554, 131: 750, 132: 512, 133: 72, 134: 310, 135: 666, 136: 428, 137: 156, 138: 394, 139: 722, 140: 484, 141: 114, 142: 352, 143: 750, 144: 512, 145: 30, 146: 268, 147: 58, 148: 296, 149: 764, 150: 526, 151: 44, 152: 282, 153: 792, 154: 554, 155: 86, 156: 324, 157: 16, 158: 254, 159: 100, 160: 338, 161: 72, 162: 310, 163: 16, 164: 254, 165: 128, 166: 366, 167: 792, 168: 554, 169: 652, 170: 414, 171: 680, 172: 442, 173: 44, 174: 282, 175: 792, 176: 554, 177: 764, 178: 526, 179: 736, 180: 498, 181: 666, 182: 428, 183: 694, 184: 456, 185: 708, 186: 470, 187: 708, 188: 470, 189: 778, 190: 540, 191: 792, 192: 554, 193: 72, 194: 310, 195: 44, 196: 282, 197: 128, 198: 366, 199: 764, 200: 526}
Number of labels used: 44
Total time: 82.70 sec
Memory: 323.15 MB
=============================================

========== NEW INCUMBENT SOLUTION ==========
{1: 44, 2: 282, 3: 142, 4: 380, 5: 86, 6: 324, 7: 792, 8: 554, 9: 142, 10: 380, 11: 666, 12: 428, 13: 58, 14: 296, 15: 114, 16: 352, 17: 114, 18: 352, 19: 736, 20: 498, 21: 30, 22: 268, 23: 86, 24: 324, 25: 708, 26: 470, 27: 100, 28: 338, 29: 694, 30: 456, 31: 142, 32: 380, 33: 44, 34: 282, 35: 142, 36: 380, 37: 86, 38: 324, 39: 792, 40: 554, 41: 16, 42: 254, 43: 86, 44: 324, 45: 750, 46: 512, 47: 764, 48: 526, 49: 30, 50: 268, 51: 128, 52: 366, 53: 666, 54: 428, 55: 44, 56: 282, 57: 722, 58: 484, 59: 652, 60: 414, 61: 86, 62: 324, 63: 16, 64: 254, 65: 750, 66: 512, 67: 708, 68: 470, 69: 778, 70: 540, 71: 666, 72: 428, 73: 666, 74: 428, 75: 722, 76: 484, 77: 44, 78: 282, 79: 792, 80: 554, 81: 694, 82: 456, 83: 30, 84: 268, 85: 16, 86: 254, 87: 792, 88: 554, 89: 736, 90: 498, 91: 16, 92: 254, 93: 778, 94: 540, 95: 142, 96: 380, 97: 30, 98: 268, 99: 764, 100: 526, 101: 16, 102: 254, 103: 128, 104: 366, 105: 86, 106: 324, 107: 100, 108: 338, 109: 666, 110: 428, 111: 764, 112: 526, 113: 58, 114: 296, 115: 750, 116: 512, 117: 156, 118: 394, 119: 764, 120: 526, 121: 128, 122: 366, 123: 16, 124: 254, 125: 750, 126: 512, 127: 72, 128: 310, 129: 792, 130: 554, 131: 750, 132: 512, 133: 72, 134: 310, 135: 666, 136: 428, 137: 156, 138: 394, 139: 722, 140: 484, 141: 114, 142: 352, 143: 750, 144: 512, 145: 30, 146: 268, 147: 58, 148: 296, 149: 764, 150: 526, 151: 44, 152: 282, 153: 792, 154: 554, 155: 86, 156: 324, 157: 16, 158: 254, 159: 100, 160: 338, 161: 72, 162: 310, 163: 16, 164: 254, 165: 128, 166: 366, 167: 792, 168: 554, 169: 652, 170: 414, 171: 680, 172: 442, 173: 44, 174: 282, 175: 792, 176: 554, 177: 764, 178: 526, 179: 736, 180: 498, 181: 666, 182: 428, 183: 694, 184: 456, 185: 708, 186: 470, 187: 708, 188: 470, 189: 778, 190: 540, 191: 792, 192: 554, 193: 72, 194: 310, 195: 44, 196: 282, 197: 128, 198: 366, 199: 764, 200: 526}
Number of labels used: 44
Total time: 82.71 sec
Memory: 323.16 MB
=============================================
[runlim] sample:		126.9 time, 91.0 real, 364.7 MB
[runlim] sample:		146.9 time, 101.0 real, 383.7 MB
[runlim] sample:		166.9 time, 111.0 real, 384.7 MB
[runlim] sample:		186.9 time, 121.0 real, 384.7 MB
[runlim] sample:		206.9 time, 131.0 real, 384.7 MB
[runlim] sample:		226.8 time, 141.0 real, 384.7 MB
[runlim] sample:		246.8 time, 151.0 real, 384.7 MB
[runlim] sample:		266.8 time, 161.0 real, 384.7 MB
[runlim] sample:		286.8 time, 171.0 real, 384.9 MB
*     0+    0                           42.0000       12.0000            71.43%

========== NEW INCUMBENT SOLUTION ==========
{1: 694, 2: 456, 3: 142, 4: 380, 5: 142, 6: 380, 7: 792, 8: 554, 9: 142, 10: 380, 11: 666, 12: 428, 13: 58, 14: 296, 15: 114, 16: 352, 17: 114, 18: 352, 19: 58, 20: 296, 21: 30, 22: 268, 23: 86, 24: 324, 25: 708, 26: 470, 27: 100, 28: 338, 29: 694, 30: 456, 31: 142, 32: 380, 33: 44, 34: 282, 35: 142, 36: 380, 37: 86, 38: 324, 39: 16, 40: 254, 41: 16, 42: 254, 43: 86, 44: 324, 45: 58, 46: 296, 47: 764, 48: 526, 49: 30, 50: 268, 51: 128, 52: 366, 53: 666, 54: 428, 55: 44, 56: 282, 57: 722, 58: 484, 59: 652, 60: 414, 61: 86, 62: 324, 63: 16, 64: 254, 65: 750, 66: 512, 67: 708, 68: 470, 69: 30, 70: 268, 71: 666, 72: 428, 73: 142, 74: 380, 75: 722, 76: 484, 77: 44, 78: 282, 79: 16, 80: 254, 81: 764, 82: 526, 83: 30, 84: 268, 85: 792, 86: 554, 87: 792, 88: 554, 89: 694, 90: 456, 91: 16, 92: 254, 93: 30, 94: 268, 95: 142, 96: 380, 97: 30, 98: 268, 99: 44, 100: 282, 101: 16, 102: 254, 103: 128, 104: 366, 105: 86, 106: 324, 107: 100, 108: 338, 109: 666, 110: 428, 111: 764, 112: 526, 113: 58, 114: 296, 115: 58, 116: 296, 117: 156, 118: 394, 119: 764, 120: 526, 121: 694, 122: 456, 123: 16, 124: 254, 125: 750, 126: 512, 127: 72, 128: 310, 129: 792, 130: 554, 131: 750, 132: 512, 133: 72, 134: 310, 135: 666, 136: 428, 137: 156, 138: 394, 139: 722, 140: 484, 141: 114, 142: 352, 143: 750, 144: 512, 145: 30, 146: 268, 147: 58, 148: 296, 149: 764, 150: 526, 151: 44, 152: 282, 153: 792, 154: 554, 155: 86, 156: 324, 157: 16, 158: 254, 159: 100, 160: 338, 161: 72, 162: 310, 163: 16, 164: 254, 165: 128, 166: 366, 167: 792, 168: 554, 169: 652, 170: 414, 171: 680, 172: 442, 173: 44, 174: 282, 175: 792, 176: 554, 177: 764, 178: 526, 179: 736, 180: 498, 181: 666, 182: 428, 183: 694, 184: 456, 185: 694, 186: 456, 187: 792, 188: 554, 189: 30, 190: 268, 191: 16, 192: 254, 193: 72, 194: 310, 195: 44, 196: 282, 197: 128, 198: 366, 199: 30, 200: 268}
Number of labels used: 42
Total time: 179.24 sec
Memory: 385.96 MB
=============================================
      0     0       12.0000  1511       42.0000     Cuts: 284    52584   71.43%

========== NEW INCUMBENT SOLUTION ==========
{1: 694, 2: 456, 3: 142, 4: 380, 5: 142, 6: 380, 7: 792, 8: 554, 9: 142, 10: 380, 11: 666, 12: 428, 13: 58, 14: 296, 15: 114, 16: 352, 17: 114, 18: 352, 19: 58, 20: 296, 21: 30, 22: 268, 23: 86, 24: 324, 25: 708, 26: 470, 27: 100, 28: 338, 29: 694, 30: 456, 31: 142, 32: 380, 33: 44, 34: 282, 35: 142, 36: 380, 37: 86, 38: 324, 39: 16, 40: 254, 41: 16, 42: 254, 43: 86, 44: 324, 45: 58, 46: 296, 47: 764, 48: 526, 49: 30, 50: 268, 51: 128, 52: 366, 53: 666, 54: 428, 55: 44, 56: 282, 57: 722, 58: 484, 59: 652, 60: 414, 61: 86, 62: 324, 63: 16, 64: 254, 65: 750, 66: 512, 67: 708, 68: 470, 69: 30, 70: 268, 71: 666, 72: 428, 73: 142, 74: 380, 75: 722, 76: 484, 77: 44, 78: 282, 79: 16, 80: 254, 81: 764, 82: 526, 83: 30, 84: 268, 85: 792, 86: 554, 87: 792, 88: 554, 89: 694, 90: 456, 91: 16, 92: 254, 93: 30, 94: 268, 95: 142, 96: 380, 97: 30, 98: 268, 99: 44, 100: 282, 101: 16, 102: 254, 103: 128, 104: 366, 105: 86, 106: 324, 107: 100, 108: 338, 109: 666, 110: 428, 111: 764, 112: 526, 113: 58, 114: 296, 115: 58, 116: 296, 117: 156, 118: 394, 119: 764, 120: 526, 121: 694, 122: 456, 123: 16, 124: 254, 125: 750, 126: 512, 127: 72, 128: 310, 129: 792, 130: 554, 131: 750, 132: 512, 133: 72, 134: 310, 135: 666, 136: 428, 137: 156, 138: 394, 139: 722, 140: 484, 141: 114, 142: 352, 143: 750, 144: 512, 145: 30, 146: 268, 147: 58, 148: 296, 149: 764, 150: 526, 151: 44, 152: 282, 153: 792, 154: 554, 155: 86, 156: 324, 157: 16, 158: 254, 159: 100, 160: 338, 161: 72, 162: 310, 163: 16, 164: 254, 165: 128, 166: 366, 167: 792, 168: 554, 169: 652, 170: 414, 171: 680, 172: 442, 173: 44, 174: 282, 175: 792, 176: 554, 177: 764, 178: 526, 179: 736, 180: 498, 181: 666, 182: 428, 183: 694, 184: 456, 185: 694, 186: 456, 187: 792, 188: 554, 189: 30, 190: 268, 191: 16, 192: 254, 193: 72, 194: 310, 195: 44, 196: 282, 197: 128, 198: 366, 199: 30, 200: 268}
Number of labels used: 42
Total time: 179.26 sec
Memory: 385.96 MB
=============================================
[runlim] sample:		306.8 time, 181.0 real, 384.9 MB
[runlim] sample:		326.8 time, 191.0 real, 396.5 MB
[runlim] sample:		346.8 time, 201.0 real, 396.8 MB
[runlim] sample:		366.8 time, 211.0 real, 398.9 MB
[runlim] sample:		386.8 time, 221.0 real, 399.0 MB
[runlim] sample:		406.7 time, 231.0 real, 399.0 MB
[runlim] sample:		426.7 time, 241.0 real, 399.0 MB
[runlim] sample:		446.7 time, 251.0 real, 399.0 MB
[runlim] sample:		466.7 time, 261.0 real, 399.0 MB
[runlim] sample:		486.7 time, 271.0 real, 399.0 MB

========== NEW INCUMBENT SOLUTION ==========
{1: 694, 2: 456, 3: 142, 4: 380, 5: 142, 6: 380, 7: 792, 8: 554, 9: 142, 10: 380, 11: 666, 12: 428, 13: 58, 14: 296, 15: 114, 16: 352, 17: 114, 18: 352, 19: 58, 20: 296, 21: 30, 22: 268, 23: 86, 24: 324, 25: 708, 26: 470, 27: 100, 28: 338, 29: 694, 30: 456, 31: 142, 32: 380, 33: 44, 34: 282, 35: 142, 36: 380, 37: 86, 38: 324, 39: 16, 40: 254, 41: 16, 42: 254, 43: 86, 44: 324, 45: 58, 46: 296, 47: 764, 48: 526, 49: 30, 50: 268, 51: 128, 52: 366, 53: 666, 54: 428, 55: 44, 56: 282, 57: 722, 58: 484, 59: 652, 60: 414, 61: 86, 62: 324, 63: 16, 64: 254, 65: 750, 66: 512, 67: 708, 68: 470, 69: 30, 70: 268, 71: 666, 72: 428, 73: 142, 74: 380, 75: 722, 76: 484, 77: 44, 78: 282, 79: 16, 80: 254, 81: 764, 82: 526, 83: 30, 84: 268, 85: 792, 86: 554, 87: 792, 88: 554, 89: 694, 90: 456, 91: 16, 92: 254, 93: 30, 94: 268, 95: 142, 96: 380, 97: 30, 98: 268, 99: 44, 100: 282, 101: 16, 102: 254, 103: 128, 104: 366, 105: 86, 106: 324, 107: 100, 108: 338, 109: 666, 110: 428, 111: 764, 112: 526, 113: 58, 114: 296, 115: 58, 116: 296, 117: 156, 118: 394, 119: 764, 120: 526, 121: 694, 122: 456, 123: 16, 124: 254, 125: 750, 126: 512, 127: 72, 128: 310, 129: 792, 130: 554, 131: 750, 132: 512, 133: 72, 134: 310, 135: 666, 136: 428, 137: 156, 138: 394, 139: 722, 140: 484, 141: 114, 142: 352, 143: 750, 144: 512, 145: 30, 146: 268, 147: 58, 148: 296, 149: 764, 150: 526, 151: 44, 152: 282, 153: 792, 154: 554, 155: 86, 156: 324, 157: 16, 158: 254, 159: 100, 160: 338, 161: 72, 162: 310, 163: 16, 164: 254, 165: 128, 166: 366, 167: 792, 168: 554, 169: 652, 170: 414, 171: 680, 172: 442, 173: 44, 174: 282, 175: 792, 176: 554, 177: 764, 178: 526, 179: 736, 180: 498, 181: 666, 182: 428, 183: 694, 184: 456, 185: 694, 186: 456, 187: 792, 188: 554, 189: 30, 190: 268, 191: 16, 192: 254, 193: 72, 194: 310, 195: 44, 196: 282, 197: 128, 198: 366, 199: 30, 200: 268}
Number of labels used: 42
Total time: 271.40 sec
Memory: 400.11 MB
=============================================
      0     0       12.0000  1481       42.0000     Cuts: 443   100051   71.43%

========== NEW INCUMBENT SOLUTION ==========
{1: 694, 2: 456, 3: 142, 4: 380, 5: 142, 6: 380, 7: 792, 8: 554, 9: 142, 10: 380, 11: 666, 12: 428, 13: 58, 14: 296, 15: 114, 16: 352, 17: 114, 18: 352, 19: 58, 20: 296, 21: 30, 22: 268, 23: 86, 24: 324, 25: 708, 26: 470, 27: 100, 28: 338, 29: 694, 30: 456, 31: 142, 32: 380, 33: 44, 34: 282, 35: 142, 36: 380, 37: 86, 38: 324, 39: 16, 40: 254, 41: 16, 42: 254, 43: 86, 44: 324, 45: 58, 46: 296, 47: 764, 48: 526, 49: 30, 50: 268, 51: 128, 52: 366, 53: 666, 54: 428, 55: 44, 56: 282, 57: 722, 58: 484, 59: 652, 60: 414, 61: 86, 62: 324, 63: 16, 64: 254, 65: 750, 66: 512, 67: 708, 68: 470, 69: 30, 70: 268, 71: 666, 72: 428, 73: 142, 74: 380, 75: 722, 76: 484, 77: 44, 78: 282, 79: 16, 80: 254, 81: 764, 82: 526, 83: 30, 84: 268, 85: 792, 86: 554, 87: 792, 88: 554, 89: 694, 90: 456, 91: 16, 92: 254, 93: 30, 94: 268, 95: 142, 96: 380, 97: 30, 98: 268, 99: 44, 100: 282, 101: 16, 102: 254, 103: 128, 104: 366, 105: 86, 106: 324, 107: 100, 108: 338, 109: 666, 110: 428, 111: 764, 112: 526, 113: 58, 114: 296, 115: 58, 116: 296, 117: 156, 118: 394, 119: 764, 120: 526, 121: 694, 122: 456, 123: 16, 124: 254, 125: 750, 126: 512, 127: 72, 128: 310, 129: 792, 130: 554, 131: 750, 132: 512, 133: 72, 134: 310, 135: 666, 136: 428, 137: 156, 138: 394, 139: 722, 140: 484, 141: 114, 142: 352, 143: 750, 144: 512, 145: 30, 146: 268, 147: 58, 148: 296, 149: 764, 150: 526, 151: 44, 152: 282, 153: 792, 154: 554, 155: 86, 156: 324, 157: 16, 158: 254, 159: 100, 160: 338, 161: 72, 162: 310, 163: 16, 164: 254, 165: 128, 166: 366, 167: 792, 168: 554, 169: 652, 170: 414, 171: 680, 172: 442, 173: 44, 174: 282, 175: 792, 176: 554, 177: 764, 178: 526, 179: 736, 180: 498, 181: 666, 182: 428, 183: 694, 184: 456, 185: 694, 186: 456, 187: 792, 188: 554, 189: 30, 190: 268, 191: 16, 192: 254, 193: 72, 194: 310, 195: 44, 196: 282, 197: 128, 198: 366, 199: 30, 200: 268}
Number of labels used: 42
Total time: 271.41 sec
Memory: 400.11 MB
=============================================
[runlim] sample:		506.7 time, 281.0 real, 399.0 MB
[runlim] sample:		526.7 time, 291.0 real, 399.2 MB
[runlim] sample:		546.7 time, 301.0 real, 399.9 MB
[runlim] sample:		566.7 time, 311.0 real, 399.9 MB
[runlim] sample:		586.7 time, 321.0 real, 399.9 MB
[runlim] sample:		606.6 time, 331.0 real, 399.9 MB
[runlim] sample:		626.6 time, 341.0 real, 399.9 MB
[runlim] sample:		646.6 time, 351.0 real, 399.9 MB
[runlim] sample:		666.6 time, 361.0 real, 399.9 MB
[runlim] sample:		686.6 time, 371.0 real, 399.9 MB
[runlim] sample:		706.6 time, 381.0 real, 399.9 MB

========== NEW INCUMBENT SOLUTION ==========
{1: 694, 2: 456, 3: 142, 4: 380, 5: 142, 6: 380, 7: 792, 8: 554, 9: 142, 10: 380, 11: 666, 12: 428, 13: 58, 14: 296, 15: 114, 16: 352, 17: 114, 18: 352, 19: 58, 20: 296, 21: 30, 22: 268, 23: 86, 24: 324, 25: 708, 26: 470, 27: 100, 28: 338, 29: 694, 30: 456, 31: 142, 32: 380, 33: 44, 34: 282, 35: 142, 36: 380, 37: 86, 38: 324, 39: 16, 40: 254, 41: 16, 42: 254, 43: 86, 44: 324, 45: 58, 46: 296, 47: 764, 48: 526, 49: 30, 50: 268, 51: 128, 52: 366, 53: 666, 54: 428, 55: 44, 56: 282, 57: 722, 58: 484, 59: 652, 60: 414, 61: 86, 62: 324, 63: 16, 64: 254, 65: 750, 66: 512, 67: 708, 68: 470, 69: 30, 70: 268, 71: 666, 72: 428, 73: 142, 74: 380, 75: 722, 76: 484, 77: 44, 78: 282, 79: 16, 80: 254, 81: 764, 82: 526, 83: 30, 84: 268, 85: 792, 86: 554, 87: 792, 88: 554, 89: 694, 90: 456, 91: 16, 92: 254, 93: 30, 94: 268, 95: 142, 96: 380, 97: 30, 98: 268, 99: 44, 100: 282, 101: 16, 102: 254, 103: 128, 104: 366, 105: 86, 106: 324, 107: 100, 108: 338, 109: 666, 110: 428, 111: 764, 112: 526, 113: 58, 114: 296, 115: 58, 116: 296, 117: 156, 118: 394, 119: 764, 120: 526, 121: 694, 122: 456, 123: 16, 124: 254, 125: 750, 126: 512, 127: 72, 128: 310, 129: 792, 130: 554, 131: 750, 132: 512, 133: 72, 134: 310, 135: 666, 136: 428, 137: 156, 138: 394, 139: 722, 140: 484, 141: 114, 142: 352, 143: 750, 144: 512, 145: 30, 146: 268, 147: 58, 148: 296, 149: 764, 150: 526, 151: 44, 152: 282, 153: 792, 154: 554, 155: 86, 156: 324, 157: 16, 158: 254, 159: 100, 160: 338, 161: 72, 162: 310, 163: 16, 164: 254, 165: 128, 166: 366, 167: 792, 168: 554, 169: 652, 170: 414, 171: 680, 172: 442, 173: 44, 174: 282, 175: 792, 176: 554, 177: 764, 178: 526, 179: 736, 180: 498, 181: 666, 182: 428, 183: 694, 184: 456, 185: 694, 186: 456, 187: 792, 188: 554, 189: 30, 190: 268, 191: 16, 192: 254, 193: 72, 194: 310, 195: 44, 196: 282, 197: 128, 198: 366, 199: 30, 200: 268}
Number of labels used: 42
Total time: 385.99 sec
Memory: 412.30 MB
=============================================
      0     0       12.0636  1529       42.0000     Cuts: 398   195899   71.28%

========== NEW INCUMBENT SOLUTION ==========
{1: 694, 2: 456, 3: 142, 4: 380, 5: 142, 6: 380, 7: 792, 8: 554, 9: 142, 10: 380, 11: 666, 12: 428, 13: 58, 14: 296, 15: 114, 16: 352, 17: 114, 18: 352, 19: 58, 20: 296, 21: 30, 22: 268, 23: 86, 24: 324, 25: 708, 26: 470, 27: 100, 28: 338, 29: 694, 30: 456, 31: 142, 32: 380, 33: 44, 34: 282, 35: 142, 36: 380, 37: 86, 38: 324, 39: 16, 40: 254, 41: 16, 42: 254, 43: 86, 44: 324, 45: 58, 46: 296, 47: 764, 48: 526, 49: 30, 50: 268, 51: 128, 52: 366, 53: 666, 54: 428, 55: 44, 56: 282, 57: 722, 58: 484, 59: 652, 60: 414, 61: 86, 62: 324, 63: 16, 64: 254, 65: 750, 66: 512, 67: 708, 68: 470, 69: 30, 70: 268, 71: 666, 72: 428, 73: 142, 74: 380, 75: 722, 76: 484, 77: 44, 78: 282, 79: 16, 80: 254, 81: 764, 82: 526, 83: 30, 84: 268, 85: 792, 86: 554, 87: 792, 88: 554, 89: 694, 90: 456, 91: 16, 92: 254, 93: 30, 94: 268, 95: 142, 96: 380, 97: 30, 98: 268, 99: 44, 100: 282, 101: 16, 102: 254, 103: 128, 104: 366, 105: 86, 106: 324, 107: 100, 108: 338, 109: 666, 110: 428, 111: 764, 112: 526, 113: 58, 114: 296, 115: 58, 116: 296, 117: 156, 118: 394, 119: 764, 120: 526, 121: 694, 122: 456, 123: 16, 124: 254, 125: 750, 126: 512, 127: 72, 128: 310, 129: 792, 130: 554, 131: 750, 132: 512, 133: 72, 134: 310, 135: 666, 136: 428, 137: 156, 138: 394, 139: 722, 140: 484, 141: 114, 142: 352, 143: 750, 144: 512, 145: 30, 146: 268, 147: 58, 148: 296, 149: 764, 150: 526, 151: 44, 152: 282, 153: 792, 154: 554, 155: 86, 156: 324, 157: 16, 158: 254, 159: 100, 160: 338, 161: 72, 162: 310, 163: 16, 164: 254, 165: 128, 166: 366, 167: 792, 168: 554, 169: 652, 170: 414, 171: 680, 172: 442, 173: 44, 174: 282, 175: 792, 176: 554, 177: 764, 178: 526, 179: 736, 180: 498, 181: 666, 182: 428, 183: 694, 184: 456, 185: 694, 186: 456, 187: 792, 188: 554, 189: 30, 190: 268, 191: 16, 192: 254, 193: 72, 194: 310, 195: 44, 196: 282, 197: 128, 198: 366, 199: 30, 200: 268}
Number of labels used: 42
Total time: 386.00 sec
Memory: 412.30 MB
=============================================
[runlim] sample:		726.6 time, 391.0 real, 421.9 MB
[runlim] sample:		746.6 time, 401.0 real, 422.8 MB
[runlim] sample:		766.6 time, 411.0 real, 422.8 MB
[runlim] sample:		786.6 time, 421.0 real, 422.8 MB
[runlim] sample:		806.6 time, 431.0 real, 422.8 MB
[runlim] sample:		826.6 time, 441.0 real, 422.8 MB

========== NEW INCUMBENT SOLUTION ==========
{1: 694, 2: 456, 3: 142, 4: 380, 5: 142, 6: 380, 7: 792, 8: 554, 9: 142, 10: 380, 11: 666, 12: 428, 13: 58, 14: 296, 15: 114, 16: 352, 17: 114, 18: 352, 19: 58, 20: 296, 21: 30, 22: 268, 23: 86, 24: 324, 25: 708, 26: 470, 27: 100, 28: 338, 29: 694, 30: 456, 31: 142, 32: 380, 33: 44, 34: 282, 35: 142, 36: 380, 37: 86, 38: 324, 39: 16, 40: 254, 41: 16, 42: 254, 43: 86, 44: 324, 45: 58, 46: 296, 47: 764, 48: 526, 49: 30, 50: 268, 51: 128, 52: 366, 53: 666, 54: 428, 55: 44, 56: 282, 57: 722, 58: 484, 59: 652, 60: 414, 61: 86, 62: 324, 63: 16, 64: 254, 65: 750, 66: 512, 67: 708, 68: 470, 69: 30, 70: 268, 71: 666, 72: 428, 73: 142, 74: 380, 75: 722, 76: 484, 77: 44, 78: 282, 79: 16, 80: 254, 81: 764, 82: 526, 83: 30, 84: 268, 85: 792, 86: 554, 87: 792, 88: 554, 89: 694, 90: 456, 91: 16, 92: 254, 93: 30, 94: 268, 95: 142, 96: 380, 97: 30, 98: 268, 99: 44, 100: 282, 101: 16, 102: 254, 103: 128, 104: 366, 105: 86, 106: 324, 107: 100, 108: 338, 109: 666, 110: 428, 111: 764, 112: 526, 113: 58, 114: 296, 115: 58, 116: 296, 117: 156, 118: 394, 119: 764, 120: 526, 121: 694, 122: 456, 123: 16, 124: 254, 125: 750, 126: 512, 127: 72, 128: 310, 129: 792, 130: 554, 131: 750, 132: 512, 133: 72, 134: 310, 135: 666, 136: 428, 137: 156, 138: 394, 139: 722, 140: 484, 141: 114, 142: 352, 143: 750, 144: 512, 145: 30, 146: 268, 147: 58, 148: 296, 149: 764, 150: 526, 151: 44, 152: 282, 153: 792, 154: 554, 155: 86, 156: 324, 157: 16, 158: 254, 159: 100, 160: 338, 161: 72, 162: 310, 163: 16, 164: 254, 165: 128, 166: 366, 167: 792, 168: 554, 169: 652, 170: 414, 171: 680, 172: 442, 173: 44, 174: 282, 175: 792, 176: 554, 177: 764, 178: 526, 179: 736, 180: 498, 181: 666, 182: 428, 183: 694, 184: 456, 185: 694, 186: 456, 187: 792, 188: 554, 189: 30, 190: 268, 191: 16, 192: 254, 193: 72, 194: 310, 195: 44, 196: 282, 197: 128, 198: 366, 199: 30, 200: 268}
Number of labels used: 42
Total time: 444.90 sec
Memory: 423.88 MB
=============================================
[runlim] sample:		846.6 time, 451.0 real, 424.4 MB
[runlim] sample:		866.6 time, 461.0 real, 424.4 MB
[runlim] sample:		886.6 time, 471.0 real, 424.4 MB
[runlim] sample:		906.6 time, 481.0 real, 424.4 MB
[runlim] sample:		926.6 time, 491.0 real, 424.4 MB
[runlim] sample:		946.6 time, 501.0 real, 424.4 MB
[runlim] sample:		966.6 time, 511.0 real, 424.4 MB
[runlim] sample:		986.6 time, 521.0 real, 424.4 MB

========== NEW INCUMBENT SOLUTION ==========
{1: 694, 2: 456, 3: 142, 4: 380, 5: 142, 6: 380, 7: 792, 8: 554, 9: 142, 10: 380, 11: 666, 12: 428, 13: 58, 14: 296, 15: 114, 16: 352, 17: 114, 18: 352, 19: 58, 20: 296, 21: 30, 22: 268, 23: 86, 24: 324, 25: 708, 26: 470, 27: 100, 28: 338, 29: 694, 30: 456, 31: 142, 32: 380, 33: 44, 34: 282, 35: 142, 36: 380, 37: 86, 38: 324, 39: 16, 40: 254, 41: 16, 42: 254, 43: 86, 44: 324, 45: 58, 46: 296, 47: 764, 48: 526, 49: 30, 50: 268, 51: 128, 52: 366, 53: 666, 54: 428, 55: 44, 56: 282, 57: 722, 58: 484, 59: 652, 60: 414, 61: 86, 62: 324, 63: 16, 64: 254, 65: 750, 66: 512, 67: 708, 68: 470, 69: 30, 70: 268, 71: 666, 72: 428, 73: 142, 74: 380, 75: 722, 76: 484, 77: 44, 78: 282, 79: 16, 80: 254, 81: 764, 82: 526, 83: 30, 84: 268, 85: 792, 86: 554, 87: 792, 88: 554, 89: 694, 90: 456, 91: 16, 92: 254, 93: 30, 94: 268, 95: 142, 96: 380, 97: 30, 98: 268, 99: 44, 100: 282, 101: 16, 102: 254, 103: 128, 104: 366, 105: 86, 106: 324, 107: 100, 108: 338, 109: 666, 110: 428, 111: 764, 112: 526, 113: 58, 114: 296, 115: 58, 116: 296, 117: 156, 118: 394, 119: 764, 120: 526, 121: 694, 122: 456, 123: 16, 124: 254, 125: 750, 126: 512, 127: 72, 128: 310, 129: 792, 130: 554, 131: 750, 132: 512, 133: 72, 134: 310, 135: 666, 136: 428, 137: 156, 138: 394, 139: 722, 140: 484, 141: 114, 142: 352, 143: 750, 144: 512, 145: 30, 146: 268, 147: 58, 148: 296, 149: 764, 150: 526, 151: 44, 152: 282, 153: 792, 154: 554, 155: 86, 156: 324, 157: 16, 158: 254, 159: 100, 160: 338, 161: 72, 162: 310, 163: 16, 164: 254, 165: 128, 166: 366, 167: 792, 168: 554, 169: 652, 170: 414, 171: 680, 172: 442, 173: 44, 174: 282, 175: 792, 176: 554, 177: 764, 178: 526, 179: 736, 180: 498, 181: 666, 182: 428, 183: 694, 184: 456, 185: 694, 186: 456, 187: 792, 188: 554, 189: 30, 190: 268, 191: 16, 192: 254, 193: 72, 194: 310, 195: 44, 196: 282, 197: 128, 198: 366, 199: 30, 200: 268}
Number of labels used: 42
Total time: 529.33 sec
Memory: 425.45 MB
=============================================
      0     0       12.1043  1565       42.0000     Cuts: 982   314140   71.18%

========== NEW INCUMBENT SOLUTION ==========
{1: 694, 2: 456, 3: 142, 4: 380, 5: 142, 6: 380, 7: 792, 8: 554, 9: 142, 10: 380, 11: 666, 12: 428, 13: 58, 14: 296, 15: 114, 16: 352, 17: 114, 18: 352, 19: 58, 20: 296, 21: 30, 22: 268, 23: 86, 24: 324, 25: 708, 26: 470, 27: 100, 28: 338, 29: 694, 30: 456, 31: 142, 32: 380, 33: 44, 34: 282, 35: 142, 36: 380, 37: 86, 38: 324, 39: 16, 40: 254, 41: 16, 42: 254, 43: 86, 44: 324, 45: 58, 46: 296, 47: 764, 48: 526, 49: 30, 50: 268, 51: 128, 52: 366, 53: 666, 54: 428, 55: 44, 56: 282, 57: 722, 58: 484, 59: 652, 60: 414, 61: 86, 62: 324, 63: 16, 64: 254, 65: 750, 66: 512, 67: 708, 68: 470, 69: 30, 70: 268, 71: 666, 72: 428, 73: 142, 74: 380, 75: 722, 76: 484, 77: 44, 78: 282, 79: 16, 80: 254, 81: 764, 82: 526, 83: 30, 84: 268, 85: 792, 86: 554, 87: 792, 88: 554, 89: 694, 90: 456, 91: 16, 92: 254, 93: 30, 94: 268, 95: 142, 96: 380, 97: 30, 98: 268, 99: 44, 100: 282, 101: 16, 102: 254, 103: 128, 104: 366, 105: 86, 106: 324, 107: 100, 108: 338, 109: 666, 110: 428, 111: 764, 112: 526, 113: 58, 114: 296, 115: 58, 116: 296, 117: 156, 118: 394, 119: 764, 120: 526, 121: 694, 122: 456, 123: 16, 124: 254, 125: 750, 126: 512, 127: 72, 128: 310, 129: 792, 130: 554, 131: 750, 132: 512, 133: 72, 134: 310, 135: 666, 136: 428, 137: 156, 138: 394, 139: 722, 140: 484, 141: 114, 142: 352, 143: 750, 144: 512, 145: 30, 146: 268, 147: 58, 148: 296, 149: 764, 150: 526, 151: 44, 152: 282, 153: 792, 154: 554, 155: 86, 156: 324, 157: 16, 158: 254, 159: 100, 160: 338, 161: 72, 162: 310, 163: 16, 164: 254, 165: 128, 166: 366, 167: 792, 168: 554, 169: 652, 170: 414, 171: 680, 172: 442, 173: 44, 174: 282, 175: 792, 176: 554, 177: 764, 178: 526, 179: 736, 180: 498, 181: 666, 182: 428, 183: 694, 184: 456, 185: 694, 186: 456, 187: 792, 188: 554, 189: 30, 190: 268, 191: 16, 192: 254, 193: 72, 194: 310, 195: 44, 196: 282, 197: 128, 198: 366, 199: 30, 200: 268}
Number of labels used: 42
Total time: 529.34 sec
Memory: 425.45 MB
=============================================
[runlim] sample:		1006.6 time, 531.0 real, 424.4 MB
[runlim] sample:		1026.6 time, 541.0 real, 424.4 MB
[runlim] sample:		1046.6 time, 551.0 real, 424.4 MB
[runlim] sample:		1066.6 time, 561.0 real, 424.4 MB
[runlim] sample:		1086.6 time, 571.0 real, 424.4 MB
[runlim] sample:		1106.6 time, 581.0 real, 424.4 MB
[runlim] sample:		1126.6 time, 591.0 real, 424.4 MB
[runlim] end:			Fri Mar 13 00:48:13 2026
[runlim] status:		out of time
[runlim] result:		2
[runlim] children:		0
[runlim] real:			600.13 seconds
[runlim] time:			1144.82 seconds
[runlim] space:			424.4 MB
[runlim] samples:		5991
