[runlim] version:		2.0.0rc12
[runlim] host:			ap-Precision-7550
[runlim] time limit:		311040000 seconds
[runlim] real time limit:	600 seconds
[runlim] space limit:		14000 MB
[runlim] argv[0]:		python3
[runlim] argv[1]:		-u
[runlim] argv[2]:		main_no_processing.py
[runlim] argv[3]:		graph10
[runlim] argv[4]:		DSE
[runlim] argv[5]:		8
[runlim] start:			Thu Jun 11 19:27:14 2026
[runlim] child:			5157
---  DSE  [Cardinality Encoding: 8] ---
 solving MaxSAT (RC2)...
[runlim] sample:		9.98 time, 10.01 real, 423 MB, 1.18 load
[runlim] sample:		19.98 time, 20.01 real, 431 MB, 1.15 load
[runlim] sample:		29.98 time, 30.01 real, 437 MB, 1.13 load
[runlim] sample:		39.98 time, 40.01 real, 439 MB, 1.11 load
[runlim] sample:		49.97 time, 50.01 real, 436 MB, 1.09 load
[runlim] sample:		59.97 time, 60.01 real, 428 MB, 1.08 load
[runlim] sample:		69.97 time, 70.01 real, 433 MB, 1.06 load
[runlim] sample:		79.96 time, 80.01 real, 435 MB, 1.05 load
[runlim] sample:		89.96 time, 90.01 real, 437 MB, 1.05 load
[runlim] sample:		99.95 time, 100.01 real, 436 MB, 1.04 load
[runlim] sample:		109.94 time, 110.01 real, 437 MB, 1.03 load
[runlim] sample:		119.94 time, 120.01 real, 434 MB, 1.03 load
[runlim] sample:		129.94 time, 130.01 real, 449 MB, 1.10 load
[runlim] sample:		139.93 time, 140.01 real, 446 MB, 1.16 load
[runlim] sample:		149.93 time, 150.01 real, 442 MB, 1.14 load
[runlim] sample:		159.93 time, 160.01 real, 434 MB, 1.11 load
[runlim] sample:		169.92 time, 170.01 real, 448 MB, 1.10 load
[runlim] sample:		179.92 time, 180.01 real, 442 MB, 1.08 load
[runlim] sample:		189.92 time, 190.01 real, 454 MB, 1.07 load
[runlim] sample:		199.91 time, 200.01 real, 450 MB, 1.06 load
[runlim] sample:		209.91 time, 210.01 real, 442 MB, 1.05 load
[runlim] sample:		219.91 time, 220.01 real, 456 MB, 1.04 load
[runlim] sample:		229.90 time, 230.01 real, 446 MB, 1.03 load
[runlim] sample:		239.89 time, 240.01 real, 459 MB, 1.03 load
[runlim] sample:		249.89 time, 250.01 real, 449 MB, 1.02 load
[runlim] sample:		259.89 time, 260.01 real, 461 MB, 1.02 load
[runlim] sample:		269.89 time, 270.01 real, 450 MB, 1.02 load
[runlim] sample:		279.88 time, 280.01 real, 463 MB, 1.01 load
[runlim] sample:		289.88 time, 290.01 real, 449 MB, 1.01 load
[runlim] sample:		299.87 time, 300.01 real, 462 MB, 1.01 load
[runlim] sample:		309.87 time, 310.01 real, 449 MB, 1.01 load
[runlim] sample:		319.86 time, 320.01 real, 460 MB, 1.00 load
[runlim] sample:		329.87 time, 330.01 real, 445 MB, 1.00 load
[runlim] sample:		339.86 time, 340.01 real, 458 MB, 1.08 load
[runlim] sample:		349.85 time, 350.01 real, 468 MB, 1.07 load
[runlim] sample:		359.86 time, 360.01 real, 454 MB, 1.06 load
[runlim] sample:		369.85 time, 370.01 real, 465 MB, 1.05 load
[runlim] sample:		379.84 time, 380.01 real, 455 MB, 1.04 load
[runlim] sample:		389.84 time, 390.01 real, 455 MB, 1.03 load

--------------------------------------------------
Found solution!
Number of labels used: 22
--------------------------------------------------
Time taken: 391.39 seconds
Memory used: 385.24 MB
[runlim] end:			Thu Jun 11 19:33:45 2026
[runlim] status:		ok
[runlim] result:		0
[runlim] children:		1
[runlim] processes:		2
[runlim] real:			391.53 seconds
[runlim] time:			391.34 seconds
[runlim] space:			516 MB
[runlim] load:			1.22 maximum
[runlim] samples:		3916
