[runlim] version:		2.0.0rc12
[runlim] host:			ap-Precision-7550
[runlim] time limit:		311040000 seconds
[runlim] real time limit:	600 seconds
[runlim] space limit:		14000 MB
[runlim] argv[0]:		python3
[runlim] argv[1]:		-u
[runlim] argv[2]:		main_no_processing.py
[runlim] argv[3]:		graph13
[runlim] argv[4]:		DSE
[runlim] argv[5]:		8
[runlim] start:			Thu Jun 11 19:33:49 2026
[runlim] child:			5181
---  DSE  [Cardinality Encoding: 8] ---
 solving MaxSAT (RC2)...
No solution found.
--------------------------------------------------
Time taken: 4.05 seconds
Memory used: 548.50 MB
[runlim] end:			Thu Jun 11 19:33:53 2026
[runlim] status:		ok
[runlim] result:		0
[runlim] children:		1
[runlim] processes:		2
[runlim] real:			4.23 seconds
[runlim] time:			4.19 seconds
[runlim] space:			604 MB
[runlim] load:			1.03 maximum
[runlim] samples:		43
