[runlim] version:		2.0.0rc12
[runlim] host:			ap-Precision-7550
[runlim] time limit:		311040000 seconds
[runlim] real time limit:	600 seconds
[runlim] space limit:		14000 MB
[runlim] argv[0]:		python3
[runlim] argv[1]:		-u
[runlim] argv[2]:		main_no_processing.py
[runlim] argv[3]:		graph03
[runlim] argv[4]:		DSE
[runlim] argv[5]:		8
[runlim] start:			Thu Jun 11 19:25:58 2026
[runlim] child:			5141
---  DSE  [Cardinality Encoding: 8] ---
 solving MaxSAT (RC2)...
[runlim] sample:		9.95 time, 10.01 real, 190 MB, 1.00 load
[runlim] sample:		19.94 time, 20.01 real, 204 MB, 1.00 load

--------------------------------------------------
Found solution!
Number of labels used: 20
--------------------------------------------------
Time taken: 23.55 seconds
Memory used: 136.97 MB
[runlim] end:			Thu Jun 11 19:26:22 2026
[runlim] status:		ok
[runlim] result:		0
[runlim] children:		1
[runlim] processes:		2
[runlim] real:			23.62 seconds
[runlim] time:			23.55 seconds
[runlim] space:			206 MB
[runlim] load:			1.00 maximum
[runlim] samples:		237
