[runlim] version:		2.0.0rc12
[runlim] host:			ap-Precision-7550
[runlim] time limit:		311040000 seconds
[runlim] real time limit:	600 seconds
[runlim] space limit:		14000 MB
[runlim] argv[0]:		python3
[runlim] argv[1]:		-u
[runlim] argv[2]:		main_no_processing.py
[runlim] argv[3]:		scen08
[runlim] argv[4]:		DSE
[runlim] argv[5]:		8
[runlim] start:			Thu Jun 11 19:34:04 2026
[runlim] child:			5194
---  DSE  [Cardinality Encoding: 8] ---
 solving MaxSAT (RC2)...
No solution found.
--------------------------------------------------
Time taken: 4.73 seconds
Memory used: 633.97 MB
[runlim] end:			Thu Jun 11 19:34:09 2026
[runlim] status:		ok
[runlim] result:		0
[runlim] children:		1
[runlim] processes:		2
[runlim] real:			4.93 seconds
[runlim] time:			4.89 seconds
[runlim] space:			707 MB
[runlim] load:			1.02 maximum
[runlim] samples:		50
