[runlim] version:		2.0.0rc12
[runlim] host:			ap-Precision-7550
[runlim] time limit:		311040000 seconds
[runlim] real time limit:	600 seconds
[runlim] space limit:		14000 MB
[runlim] argv[0]:		python3
[runlim] argv[1]:		-u
[runlim] argv[2]:		main_no_processing.py
[runlim] argv[3]:		TUD200.4
[runlim] argv[4]:		DSE
[runlim] argv[5]:		8
[runlim] start:			Thu Jun 11 19:34:49 2026
[runlim] child:			5213
---  DSE  [Cardinality Encoding: 8] ---
 solving MaxSAT (RC2)...

--------------------------------------------------
Found solution!
Number of labels used: 20
--------------------------------------------------
Time taken: 1.55 seconds
Memory used: 108.12 MB
[runlim] end:			Thu Jun 11 19:34:51 2026
[runlim] status:		ok
[runlim] result:		0
[runlim] children:		1
[runlim] processes:		2
[runlim] real:			1.62 seconds
[runlim] time:			1.59 seconds
[runlim] space:			121 MB
[runlim] load:			1.01 maximum
[runlim] samples:		17
