[runlim] version:		2.0.0rc12
[runlim] host:			ap-Precision-7550
[runlim] time limit:		311040000 seconds
[runlim] real time limit:	600 seconds
[runlim] space limit:		14000 MB
[runlim] argv[0]:		python3
[runlim] argv[1]:		-u
[runlim] argv[2]:		main_no_processing.py
[runlim] argv[3]:		TUD916.5
[runlim] argv[4]:		DSE
[runlim] argv[5]:		8
[runlim] start:			Thu Jun 11 19:43:59 2026
[runlim] child:			5247
---  DSE  [Cardinality Encoding: 8] ---
 solving MaxSAT (RC2)...
No solution found.
--------------------------------------------------
Time taken: 3.82 seconds
Memory used: 512.29 MB
[runlim] end:			Thu Jun 11 19:44:03 2026
[runlim] status:		ok
[runlim] result:		0
[runlim] children:		1
[runlim] processes:		2
[runlim] real:			3.99 seconds
[runlim] time:			3.84 seconds
[runlim] space:			567 MB
[runlim] load:			1.26 maximum
[runlim] samples:		40
