[runlim] version:		2.0.0rc12
[runlim] host:			ap-Precision-7550
[runlim] time limit:		311040000 seconds
[runlim] real time limit:	600 seconds
[runlim] space limit:		14000 MB
[runlim] argv[0]:		python3
[runlim] argv[1]:		-u
[runlim] argv[2]:		main_no_processing.py
[runlim] argv[3]:		TUD916.3
[runlim] argv[4]:		DSE
[runlim] argv[5]:		8
[runlim] start:			Thu Jun 11 19:42:50 2026
[runlim] child:			5238
---  DSE  [Cardinality Encoding: 8] ---
 solving MaxSAT (RC2)...
[runlim] sample:		9.98 time, 10.01 real, 255 MB, 1.03 load
[runlim] sample:		19.98 time, 20.01 real, 286 MB, 1.27 load
[runlim] sample:		29.98 time, 30.01 real, 295 MB, 1.22 load
[runlim] sample:		39.97 time, 40.01 real, 295 MB, 1.19 load

--------------------------------------------------
Found solution!
Number of labels used: 24
--------------------------------------------------
Time taken: 45.70 seconds
Memory used: 283.03 MB
[runlim] end:			Thu Jun 11 19:43:35 2026
[runlim] status:		ok
[runlim] result:		0
[runlim] children:		1
[runlim] processes:		2
[runlim] real:			45.81 seconds
[runlim] time:			45.67 seconds
[runlim] space:			322 MB
[runlim] load:			1.27 maximum
[runlim] samples:		458
