[runlim] version:		1.10
[runlim] time limit:		311040000 seconds
[runlim] real time limit:	600 seconds
[runlim] space limit:		14000 MB
[runlim] argv[0]:		python3
[runlim] argv[1]:		cp.py
[runlim] argv[2]:		graph03
[runlim] start:			Fri Mar 13 04:35:34 2026
[runlim] main pid:		24034
[runlim] sample:		10.0 time, 10.1 real, 1138.3 MB
Building CP model...
Solving CP Optimizer...
 ! --------------------------------------------------- CP Optimizer 22.1.1.0 --
 ! Minimization problem - 7868 variables, 504984 constraints
 ! Presolve      : 505186 extractables eliminated
 ! LogVerbosity         = Terse
 ! Initial process time : 3.90s (3.88s extraction + 0.02s propagation)
 !  . Log search space  : 7868.0 (before), 7868.0 (after)
 !  . Memory usage      : 64.3 MB (before), 64.3 MB (after)
 ! Using parallel search with 12 workers.
 ! ----------------------------------------------------------------------------
 !          Best Branches  Non-fixed    W       Branch decision
                        0       7868                 -
 + New bound is 0
                        0       7868    1            -
 + New bound is 1
                     1010       7251    4   F     0 != x_182_428
 + New bound is 2
 *            42     8751  8.93s        6      (gap is 95.24%)
[runlim] sample:		72.6 time, 20.1 real, 2390.9 MB
 *            40    25486  14.12s       6      (gap is 95.00%)
 *            39    35171  16.77s       1      (gap is 94.87%)
 *            38    35177  16.84s       1      (gap is 94.74%)
 *            36    32257  16.99s      10      (gap is 94.44%)
 *            34    32700  17.12s      10      (gap is 94.12%)
 *            33    35611  17.78s       4      (gap is 93.94%)
 *            32    35722  17.87s       4      (gap is 93.75%)
 *            31    36437  18.30s       4      (gap is 93.55%)
 *            30    38763  18.75s       1      (gap is 93.33%)
 *            29    45087  19.69s       9      (gap is 93.10%)
 *            28    45671  19.91s       9      (gap is 92.86%)
 *            27    48491  21.02s       9      (gap is 92.59%)
[runlim] sample:		141.3 time, 30.1 real, 2705.4 MB
 *            26    43237  21.59s       1      (gap is 92.31%)
 *            25    42536  22.51s       4      (gap is 92.00%)
 *            24    42550  22.58s       4      (gap is 91.67%)
 *            23    47527  24.25s       1      (gap is 91.30%)
 ! Time = 24.25s, Average fail depth = 244, Memory usage = 1.9 GB
 ! Current bound is 2 (gap is 91.30%)
 !          Best Branches  Non-fixed    W       Branch decision
 *            22    48098  24.52s       1      (gap is 90.91%)
 *            21    52512  25.65s       1      (gap is 90.48%)
 *            20    53370  25.86s       1      (gap is 90.00%)
[runlim] sample:		214.6 time, 40.1 real, 2919.5 MB
[runlim] sample:		289.0 time, 50.1 real, 2969.1 MB
[runlim] sample:		366.5 time, 60.1 real, 2992.7 MB
[runlim] sample:		444.8 time, 70.1 real, 3037.0 MB
[runlim] sample:		528.4 time, 80.1 real, 3121.2 MB
[runlim] sample:		616.2 time, 90.1 real, 3183.2 MB
[runlim] sample:		694.7 time, 100.1 real, 3231.0 MB
[runlim] sample:		775.4 time, 110.1 real, 3235.8 MB
[runlim] sample:		857.7 time, 120.1 real, 3225.1 MB
[runlim] sample:		945.7 time, 130.1 real, 3196.2 MB
[runlim] sample:		1029.5 time, 140.1 real, 3196.6 MB
[runlim] sample:		1117.8 time, 150.1 real, 3196.7 MB
              20     422k       1042    9   F     0 != x_105_86
 + New bound is 3 (gap is 85.00%)
[runlim] sample:		1201.9 time, 160.1 real, 3196.8 MB
[runlim] sample:		1287.1 time, 170.1 real, 3198.6 MB
              20     453k       4624    1   F     0 != x_96_380
 + New bound is 4 (gap is 80.00%)
[runlim] sample:		1369.9 time, 180.1 real, 3198.7 MB
[runlim] sample:		1456.8 time, 190.1 real, 3199.1 MB
[runlim] sample:		1540.3 time, 200.1 real, 3199.3 MB
[runlim] sample:		1622.7 time, 210.1 real, 3191.7 MB
[runlim] sample:		1707.3 time, 220.1 real, 3191.7 MB
[runlim] sample:		1791.2 time, 230.1 real, 3184.2 MB
[runlim] sample:		1872.7 time, 240.1 real, 3184.2 MB
              20     504k        920    7   F     0 != x_95_142
 + New bound is 5 (gap is 75.00%)
[runlim] sample:		1954.2 time, 250.1 real, 3204.6 MB
[runlim] sample:		2039.8 time, 260.1 real, 3204.7 MB
[runlim] sample:		2118.8 time, 270.1 real, 3204.7 MB
[runlim] sample:		2198.6 time, 280.1 real, 3204.7 MB
[runlim] sample:		2277.0 time, 290.1 real, 3204.7 MB
[runlim] sample:		2359.1 time, 300.1 real, 3204.7 MB
[runlim] sample:		2444.0 time, 310.1 real, 3204.7 MB
              20     796k       1839    4   F     0 != x_39_792
 + New bound is 7 (gap is 65.00%)
[runlim] sample:		2524.8 time, 320.1 real, 3204.7 MB
[runlim] sample:		2608.8 time, 330.1 real, 3204.7 MB
[runlim] sample:		2693.1 time, 340.1 real, 3204.7 MB
[runlim] sample:		2783.1 time, 350.1 real, 3204.7 MB
[runlim] sample:		2867.9 time, 360.1 real, 3204.7 MB
[runlim] sample:		2950.9 time, 370.1 real, 3204.7 MB
[runlim] sample:		3032.1 time, 380.1 real, 3204.7 MB
[runlim] sample:		3117.4 time, 390.1 real, 3204.7 MB
[runlim] sample:		3206.0 time, 400.1 real, 3204.7 MB
[runlim] sample:		3292.8 time, 410.1 real, 3204.8 MB
[runlim] sample:		3375.9 time, 420.1 real, 3220.6 MB
[runlim] sample:		3463.4 time, 430.1 real, 3220.6 MB
[runlim] sample:		3546.6 time, 440.1 real, 3236.2 MB
[runlim] sample:		3629.4 time, 450.1 real, 3236.2 MB
[runlim] sample:		3713.0 time, 460.1 real, 3236.2 MB
[runlim] sample:		3801.7 time, 470.1 real, 3236.2 MB
[runlim] sample:		3887.6 time, 480.1 real, 3236.2 MB
[runlim] sample:		3977.4 time, 490.1 real, 3236.2 MB
[runlim] sample:		4063.2 time, 500.1 real, 3236.2 MB
[runlim] sample:		4153.0 time, 510.1 real, 3236.2 MB
[runlim] sample:		4244.4 time, 520.1 real, 3236.2 MB
[runlim] sample:		4337.7 time, 530.1 real, 3236.2 MB
[runlim] sample:		4428.2 time, 540.1 real, 3236.2 MB
[runlim] sample:		4513.5 time, 550.1 real, 3236.2 MB
[runlim] sample:		4598.8 time, 560.1 real, 3236.2 MB
[runlim] sample:		4686.5 time, 570.1 real, 3205.2 MB
[runlim] sample:		4774.8 time, 580.1 real, 3205.2 MB
[runlim] sample:		4859.8 time, 590.1 real, 3205.2 MB
[runlim] sample:		4946.3 time, 600.1 real, 3205.2 MB
[runlim] end:			Fri Mar 13 04:45:34 2026
[runlim] status:		out of time
[runlim] result:		2
[runlim] children:		5961
[runlim] real:			600.17 seconds
[runlim] time:			4946.30 seconds
[runlim] space:			4093.2 MB
[runlim] samples:		6000
