[runlim] version:		1.10
[runlim] time limit:		311040000 seconds
[runlim] real time limit:	600 seconds
[runlim] space limit:		14000 MB
[runlim] argv[0]:		python3
[runlim] argv[1]:		cp.py
[runlim] argv[2]:		scen06
[runlim] start:			Fri Mar 13 05:19:10 2026
[runlim] main pid:		24387
[runlim] sample:		10.0 time, 10.1 real, 754.5 MB
[runlim] sample:		20.0 time, 20.1 real, 2677.6 MB
Building CP model...
Solving CP Optimizer...
 ! --------------------------------------------------- CP Optimizer 22.1.1.0 --
 ! Minimization problem - 8064 variables, 844204 constraints
 ! Presolve      : 844406 extractables eliminated
 ! LogVerbosity         = Terse
 ! Initial process time : 7.09s (7.05s extraction + 0.05s propagation)
 !  . Log search space  : 8064.0 (before), 8064.0 (after)
 !  . Memory usage      : 108.9 MB (before), 108.9 MB (after)
 ! Using parallel search with 12 workers.
 ! ----------------------------------------------------------------------------
 !          Best Branches  Non-fixed    W       Branch decision
                        0       8064                 -
 + New bound is 0
                        0       8064    1            -
 + New bound is 1
[runlim] sample:		99.7 time, 30.1 real, 3640.1 MB
[runlim] sample:		162.9 time, 40.1 real, 3713.6 MB
[runlim] sample:		226.7 time, 50.1 real, 3806.4 MB
[runlim] sample:		285.7 time, 60.1 real, 3887.6 MB
[runlim] sample:		345.9 time, 70.1 real, 3946.6 MB
 ! ----------------------------------------------------------------------------
 ! Search completed, model has no solution.
 ! Best bound             : 1
 ! ----------------------------------------------------------------------------
 ! Number of branches     : 1827741
 ! Number of fails        : 453540
 ! Total memory usage     : 2.8 GB (2.8 GB CP Optimizer + 0.0 GB Concert)
 ! Time spent in solve    : 57.21s (50.17s engine + 7.05s extraction)
 ! Search speed (br. / s) : 36438.2
 ! ----------------------------------------------------------------------------
No valid solution: Infeasible
Total time: 71.72s
Memory used: 767.17 MB
[runlim] end:			Fri Mar 13 05:20:23 2026
[runlim] status:		ok
[runlim] result:		0
[runlim] children:		661
[runlim] real:			73.52 seconds
[runlim] time:			356.10 seconds
[runlim] space:			6581.6 MB
[runlim] samples:		733
