[runlim] version:		2.0.0rc12
[runlim] host:			ap-Precision-7550
[runlim] time limit:		311040000 seconds
[runlim] real time limit:	600 seconds
[runlim] space limit:		14000 MB
[runlim] argv[0]:		python3
[runlim] argv[1]:		-u
[runlim] argv[2]:		main_no_processing.py
[runlim] argv[3]:		graph10
[runlim] argv[4]:		DSE
[runlim] start:			Sat Jun 27 18:54:28 2026
[runlim] child:			27628
--- DSE [compat arg: 1] ---
 solving MaxSAT (RC2)...
[runlim] sample:		9.99 time, 10.01 real, 491 MB, 0.96 load
[runlim] sample:		19.99 time, 20.01 real, 501 MB, 0.97 load
[runlim] sample:		29.98 time, 30.01 real, 489 MB, 1.13 load
[runlim] sample:		39.98 time, 40.01 real, 511 MB, 1.11 load
[runlim] sample:		49.98 time, 50.01 real, 509 MB, 1.09 load
[runlim] sample:		59.97 time, 60.01 real, 503 MB, 1.08 load
[runlim] sample:		69.97 time, 70.01 real, 508 MB, 1.06 load
[runlim] sample:		79.96 time, 80.01 real, 496 MB, 1.05 load
[runlim] sample:		89.95 time, 90.01 real, 496 MB, 1.04 load
[runlim] sample:		99.95 time, 100.01 real, 569 MB, 1.04 load
[runlim] sample:		109.95 time, 110.01 real, 516 MB, 1.03 load
[runlim] sample:		119.94 time, 120.01 real, 512 MB, 1.03 load
[runlim] sample:		129.93 time, 130.01 real, 508 MB, 1.02 load
[runlim] sample:		139.94 time, 140.01 real, 503 MB, 1.17 load
[runlim] sample:		149.92 time, 150.01 real, 519 MB, 1.14 load
[runlim] sample:		159.92 time, 160.01 real, 511 MB, 1.12 load
[runlim] sample:		169.92 time, 170.01 real, 502 MB, 1.10 load
[runlim] sample:		179.91 time, 180.01 real, 517 MB, 1.08 load
[runlim] sample:		189.91 time, 190.01 real, 509 MB, 1.07 load
[runlim] sample:		199.91 time, 200.01 real, 525 MB, 1.06 load
[runlim] sample:		209.90 time, 210.01 real, 520 MB, 1.05 load
[runlim] sample:		219.89 time, 220.01 real, 508 MB, 1.04 load
[runlim] sample:		229.89 time, 230.01 real, 524 MB, 1.03 load
[runlim] sample:		239.89 time, 240.01 real, 511 MB, 1.03 load
[runlim] sample:		249.88 time, 250.01 real, 526 MB, 1.02 load
[runlim] sample:		259.88 time, 260.01 real, 512 MB, 1.02 load
[runlim] sample:		269.87 time, 270.01 real, 526 MB, 1.02 load
[runlim] sample:		279.87 time, 280.01 real, 510 MB, 1.01 load
[runlim] sample:		289.86 time, 290.01 real, 524 MB, 1.01 load
[runlim] sample:		299.86 time, 300.01 real, 536 MB, 1.01 load
[runlim] sample:		309.85 time, 310.01 real, 522 MB, 1.01 load
[runlim] sample:		319.85 time, 320.01 real, 535 MB, 1.01 load
[runlim] sample:		329.84 time, 330.01 real, 518 MB, 1.00 load
[runlim] sample:		339.84 time, 340.01 real, 532 MB, 1.00 load
[runlim] sample:		349.84 time, 350.01 real, 513 MB, 1.00 load
[runlim] sample:		359.84 time, 360.01 real, 525 MB, 1.00 load
[runlim] sample:		369.84 time, 370.01 real, 540 MB, 1.00 load
[runlim] sample:		379.83 time, 380.01 real, 525 MB, 1.00 load

--------------------------------------------------
Found solution!
Number of labels used: 22
--------------------------------------------------
Time taken: 386.75 seconds
Memory used: 442.37 MB
[runlim] end:			Sat Jun 27 19:00:55 2026
[runlim] status:		ok
[runlim] result:		0
[runlim] children:		1
[runlim] processes:		2
[runlim] real:			386.91 seconds
[runlim] time:			386.63 seconds
[runlim] space:			601 MB
[runlim] load:			1.18 maximum
[runlim] samples:		3869
