[runlim] version:		2.0.0rc12
[runlim] host:			ap-Precision-7550
[runlim] time limit:		311040000 seconds
[runlim] real time limit:	600 seconds
[runlim] space limit:		14000 MB
[runlim] argv[0]:		python3
[runlim] argv[1]:		-u
[runlim] argv[2]:		main_no_processing.py
[runlim] argv[3]:		scen08
[runlim] argv[4]:		DSE
[runlim] start:			Sat Jun 27 19:31:35 2026
[runlim] child:			27773
--- DSE [compat arg: 1] ---
 solving MaxSAT (RC2)...
No solution found.
--------------------------------------------------
Time taken: 5.36 seconds
Memory used: 706.70 MB
[runlim] end:			Sat Jun 27 19:31:41 2026
[runlim] status:		ok
[runlim] result:		0
[runlim] children:		1
[runlim] processes:		2
[runlim] real:			5.60 seconds
[runlim] time:			5.50 seconds
[runlim] space:			791 MB
[runlim] load:			1.16 maximum
[runlim] samples:		56
