[runlim] version:		2.0.0rc12
[runlim] host:			ap-Precision-7550
[runlim] time limit:		311040000 seconds
[runlim] real time limit:	600 seconds
[runlim] space limit:		14000 MB
[runlim] argv[0]:		python3
[runlim] argv[1]:		-u
[runlim] argv[2]:		main_no_processing.py
[runlim] argv[3]:		TUD200.2
[runlim] argv[4]:		DSE
[runlim] start:			Sat Jun 27 19:42:28 2026
[runlim] child:			27815
--- DSE [compat arg: 1] ---
 solving MaxSAT (RC2)...

--------------------------------------------------
Found solution!
Number of labels used: 46
--------------------------------------------------
Time taken: 1.47 seconds
Memory used: 167.26 MB
[runlim] end:			Sat Jun 27 19:42:29 2026
[runlim] status:		ok
[runlim] result:		0
[runlim] children:		1
[runlim] processes:		2
[runlim] real:			1.56 seconds
[runlim] time:			1.50 seconds
[runlim] space:			187 MB
[runlim] load:			1.04 maximum
[runlim] samples:		16
