[runlim] version:		2.0.0rc12
[runlim] host:			ap-Precision-7550
[runlim] time limit:		311040000 seconds
[runlim] real time limit:	600 seconds
[runlim] space limit:		14000 MB
[runlim] argv[0]:		python3
[runlim] argv[1]:		-u
[runlim] argv[2]:		main_no_processing.py
[runlim] argv[3]:		TUD916.4
[runlim] argv[4]:		DSE
[runlim] start:			Sat Jun 27 19:44:38 2026
[runlim] child:			27860
--- DSE [compat arg: 1] ---
 solving MaxSAT (RC2)...
[runlim] sample:		9.99 time, 10.01 real, 616 MB, 1.02 load

--------------------------------------------------
Found solution!
Number of labels used: 26
--------------------------------------------------
Time taken: 11.09 seconds
Memory used: 543.17 MB
[runlim] end:			Sat Jun 27 19:44:50 2026
[runlim] status:		ok
[runlim] result:		0
[runlim] children:		1
[runlim] processes:		2
[runlim] real:			11.29 seconds
[runlim] time:			11.19 seconds
[runlim] space:			616 MB
[runlim] load:			1.02 maximum
[runlim] samples:		113
