[runlim] version:		1.10
[runlim] time limit:		311040000 seconds
[runlim] real time limit:	600 seconds
[runlim] space limit:		14000 MB
[runlim] argv[0]:		python3
[runlim] argv[1]:		-u
[runlim] argv[2]:		no_preprocessing.py
[runlim] argv[3]:		graph13
[runlim] argv[4]:		nsc
[runlim] argv[5]:		assumptions
[runlim] argv[6]:		cadical195
[runlim] start:			Thu Mar 12 00:11:44 2026
[runlim] main pid:		16492
Solve first problem:
Cannot find solution.
Time taken: 0.76 seconds
Memory used: 64.44 MB
[runlim] end:			Thu Mar 12 00:11:44 2026
[runlim] status:		ok
[runlim] result:		0
[runlim] children:		0
[runlim] real:			0.93 seconds
[runlim] time:			0.79 seconds
[runlim] space:			66.5 MB
[runlim] samples:		8
