[runlim] version:		2.0.0rc12
[runlim] host:			ap-Precision-7550
[runlim] time limit:		311040000 seconds
[runlim] real time limit:	600 seconds
[runlim] space limit:		14000 MB
[runlim] argv[0]:		python3
[runlim] argv[1]:		-u
[runlim] argv[2]:		pairwise.py
[runlim] argv[3]:		scen03
[runlim] argv[4]:		assumptions
[runlim] argv[5]:		8
[runlim] argv[6]:		card
[runlim] argv[7]:		8
[runlim] start:			Sun Jun 14 23:08:40 2026
[runlim] child:			127137
Exactly-one cardinality encoding:  8
Distance constraint mode:  card
Distance cardinality encoding:  8
Number of assignment variables:  15892
Number of clauses for exactly one constraints:  46876
Number of clauses for distance constraints:  1050667
---------------------------------------------------
Solve first problem:
Solution:
{13: 16, 14: 254, 15: 16, 16: 254, 23: 30, 24: 268, 49: 16, 50: 254, 51: 44, 52: 282, 53: 30, 54: 268, 67: 16, 68: 254, 69: 86, 70: 324, 79: 16, 80: 254, 81: 30, 82: 268, 83: 16, 84: 254, 85: 86, 86: 324, 103: 16, 104: 254, 105: 30, 106: 268, 117: 16, 118: 254, 119: 44, 120: 282, 127: 30, 128: 268, 129: 128, 130: 366, 143: 16, 144: 254, 145: 86, 146: 324, 151: 30, 152: 268, 153: 100, 154: 338, 155: 16, 156: 254, 157: 86, 158: 324, 179: 58, 180: 296, 181: 44, 182: 282, 183: 142, 184: 380, 191: 16, 192: 254, 193: 86, 194: 324, 205: 72, 206: 310, 209: 156, 210: 394, 211: 254, 212: 16, 213: 72, 214: 310, 215: 16, 216: 254, 217: 72, 218: 310, 233: 30, 234: 268, 235: 44, 236: 282, 237: 30, 238: 268, 261: 16, 262: 254, 263: 30, 264: 268, 265: 16, 266: 254, 267: 86, 268: 324, 269: 16, 270: 254, 271: 16, 272: 254, 273: 156, 274: 394, 275: 156, 276: 394, 277: 30, 278: 268, 281: 44, 282: 282, 283: 114, 284: 352, 285: 16, 286: 254, 287: 16, 288: 254, 289: 16, 290: 254, 291: 30, 292: 268, 293: 142, 294: 380, 295: 16, 296: 254, 299: 44, 300: 282, 301: 414, 302: 652, 303: 58, 304: 296, 305: 394, 306: 156, 307: 16, 308: 254, 309: 86, 310: 324, 311: 394, 312: 156, 313: 394, 314: 156, 321: 16, 322: 254, 323: 16, 324: 254, 325: 44, 326: 282, 327: 114, 328: 352, 329: 16, 330: 254, 339: 30, 340: 268, 341: 394, 342: 156, 343: 394, 344: 156, 345: 456, 346: 694, 347: 526, 348: 764, 349: 100, 350: 338, 351: 86, 352: 324, 355: 58, 356: 296, 357: 30, 358: 268, 359: 128, 360: 366, 361: 100, 362: 338, 363: 268, 364: 30, 365: 380, 366: 142, 367: 442, 368: 680, 369: 268, 370: 30, 371: 100, 372: 338, 375: 114, 376: 352, 377: 324, 378: 86, 383: 30, 384: 268, 387: 44, 388: 282, 397: 16, 398: 254, 401: 72, 402: 310, 405: 428, 406: 666, 435: 30, 436: 268, 439: 128, 440: 366, 449: 30, 450: 268, 471: 16, 472: 254, 475: 44, 476: 282, 477: 58, 478: 296, 481: 58, 482: 296, 491: 44, 492: 282, 493: 86, 494: 324, 495: 30, 496: 268, 517: 268, 518: 30, 519: 30, 520: 268, 525: 30, 526: 268, 533: 44, 534: 282, 535: 16, 536: 254, 547: 16, 548: 254, 555: 282, 556: 44, 557: 30, 558: 268, 559: 268, 560: 30, 561: 128, 562: 366, 563: 128, 564: 366, 565: 100, 566: 338, 573: 30, 574: 268, 575: 30, 576: 268, 577: 16, 578: 254, 579: 16, 580: 254, 581: 16, 582: 254, 583: 296, 584: 58, 585: 30, 586: 268, 587: 86, 588: 324, 589: 16, 590: 254, 591: 428, 592: 666, 593: 44, 594: 282, 595: 86, 596: 324, 597: 100, 598: 338, 599: 44, 600: 282, 601: 428, 602: 666, 603: 44, 604: 282, 605: 30, 606: 268, 607: 128, 608: 366, 613: 428, 614: 666, 615: 44, 616: 282, 617: 100, 618: 338, 619: 428, 620: 666, 621: 114, 622: 352, 623: 30, 624: 268, 625: 338, 626: 100, 629: 72, 630: 310, 631: 114, 632: 352, 633: 338, 634: 100, 635: 380, 636: 142, 637: 16, 638: 254, 639: 100, 640: 338, 641: 114, 642: 352, 643: 456, 644: 694, 645: 30, 646: 268, 651: 156, 652: 394, 653: 30, 654: 268, 661: 72, 662: 310, 663: 16, 664: 254, 665: 324, 666: 86, 667: 526, 668: 764, 671: 16, 672: 254, 713: 30, 714: 268, 715: 86, 716: 324, 717: 484, 718: 722, 719: 156, 720: 394, 721: 86, 722: 324, 723: 86, 724: 324, 725: 156, 726: 394, 727: 156, 728: 394, 733: 114, 734: 352, 741: 254, 742: 16, 743: 58, 744: 296, 745: 114, 746: 352, 747: 128, 748: 366, 757: 100, 758: 338, 759: 352, 760: 114, 763: 366, 764: 128, 765: 268, 766: 30, 767: 156, 768: 394, 769: 268, 770: 30, 771: 30, 772: 268, 773: 86, 774: 324, 783: 128, 784: 366, 785: 16, 786: 254, 787: 310, 788: 72, 789: 30, 790: 268, 791: 100, 792: 338, 793: 30, 794: 268, 795: 100, 796: 338, 797: 30, 798: 268, 799: 100, 800: 338, 801: 498, 802: 736, 815: 30, 816: 268, 817: 128, 818: 366, 825: 498, 826: 736, 827: 428, 828: 666, 829: 156, 830: 394, 835: 282, 836: 44, 837: 30, 838: 268, 867: 114, 868: 352, 875: 30, 876: 268, 877: 44, 878: 282, 879: 58, 880: 296, 881: 366, 882: 128, 893: 128, 894: 366, 903: 128, 904: 366, 911: 498, 912: 736}
Number of lables used:  36
Total time: 2.11 seconds
Memory used: 372.06 MB
--------------------------------------------------
Number of label variables:  48
Number of clauses for label constraints:  15892
Number of new variables for cardinality constraints:  1085
Number of clauses for cardinality constraints:  4270
Initial variable count:  709735
Initial clause count:  1117705
--------------------------------------------------

Trying with at most 35 labels...
Solution:
{13: 254, 14: 16, 15: 254, 16: 16, 23: 114, 24: 352, 49: 324, 50: 86, 51: 254, 52: 16, 53: 142, 54: 380, 67: 156, 68: 394, 69: 254, 70: 16, 79: 414, 80: 652, 81: 16, 82: 254, 83: 156, 84: 394, 85: 86, 86: 324, 103: 380, 104: 142, 105: 30, 106: 268, 117: 652, 118: 414, 119: 30, 120: 268, 127: 156, 128: 394, 129: 268, 130: 30, 143: 100, 144: 338, 145: 30, 146: 268, 151: 352, 152: 114, 153: 254, 154: 16, 155: 268, 156: 30, 157: 414, 158: 652, 179: 324, 180: 86, 181: 100, 182: 338, 183: 72, 184: 310, 191: 352, 192: 114, 193: 414, 194: 652, 205: 100, 206: 338, 209: 414, 210: 652, 211: 268, 212: 30, 213: 58, 214: 296, 215: 338, 216: 100, 217: 128, 218: 366, 233: 58, 234: 296, 235: 86, 236: 324, 237: 114, 238: 352, 261: 254, 262: 16, 263: 414, 264: 652, 265: 652, 266: 414, 267: 100, 268: 338, 269: 414, 270: 652, 271: 414, 272: 652, 273: 296, 274: 58, 275: 296, 276: 58, 277: 414, 278: 652, 281: 44, 282: 282, 283: 114, 284: 352, 285: 72, 286: 310, 287: 414, 288: 652, 289: 414, 290: 652, 291: 16, 292: 254, 293: 380, 294: 142, 295: 394, 296: 156, 299: 72, 300: 310, 301: 142, 302: 380, 303: 30, 304: 268, 305: 100, 306: 338, 307: 414, 308: 652, 309: 16, 310: 254, 311: 156, 312: 394, 313: 156, 314: 394, 321: 254, 322: 16, 323: 254, 324: 16, 325: 16, 326: 254, 327: 394, 328: 156, 329: 394, 330: 156, 339: 254, 340: 16, 341: 282, 342: 44, 343: 296, 344: 58, 345: 156, 346: 394, 347: 86, 348: 324, 349: 282, 350: 44, 351: 30, 352: 268, 355: 44, 356: 282, 357: 100, 358: 338, 359: 324, 360: 86, 361: 268, 362: 30, 363: 380, 364: 142, 365: 30, 366: 268, 367: 310, 368: 72, 369: 324, 370: 86, 371: 380, 372: 142, 375: 338, 376: 100, 377: 380, 378: 142, 383: 114, 384: 352, 387: 100, 388: 338, 397: 72, 398: 310, 401: 142, 402: 380, 405: 352, 406: 114, 435: 86, 436: 324, 439: 414, 440: 652, 449: 296, 450: 58, 471: 414, 472: 652, 475: 72, 476: 310, 477: 30, 478: 268, 481: 114, 482: 352, 491: 100, 492: 338, 493: 268, 494: 30, 495: 16, 496: 254, 517: 380, 518: 142, 519: 100, 520: 338, 525: 338, 526: 100, 533: 380, 534: 142, 535: 16, 536: 254, 547: 128, 548: 366, 555: 128, 556: 366, 557: 268, 558: 30, 559: 380, 560: 142, 561: 338, 562: 100, 563: 100, 564: 338, 565: 338, 566: 100, 573: 268, 574: 30, 575: 100, 576: 338, 577: 394, 578: 156, 579: 282, 580: 44, 581: 414, 582: 652, 583: 86, 584: 324, 585: 414, 586: 652, 587: 366, 588: 128, 589: 414, 590: 652, 591: 310, 592: 72, 593: 142, 594: 380, 595: 30, 596: 268, 597: 282, 598: 44, 599: 324, 600: 86, 601: 86, 602: 324, 603: 268, 604: 30, 605: 30, 606: 268, 607: 30, 608: 268, 613: 310, 614: 72, 615: 30, 616: 268, 617: 44, 618: 282, 619: 380, 620: 142, 621: 380, 622: 142, 623: 338, 624: 100, 625: 30, 626: 268, 629: 310, 630: 72, 631: 268, 632: 30, 633: 338, 634: 100, 635: 30, 636: 268, 637: 380, 638: 142, 639: 30, 640: 268, 641: 324, 642: 86, 643: 366, 644: 128, 645: 30, 646: 268, 651: 30, 652: 268, 653: 254, 654: 16, 661: 254, 662: 16, 663: 16, 664: 254, 665: 394, 666: 156, 667: 44, 668: 282, 671: 128, 672: 366, 713: 414, 714: 652, 715: 16, 716: 254, 717: 394, 718: 156, 719: 296, 720: 58, 721: 30, 722: 268, 723: 16, 724: 254, 725: 352, 726: 114, 727: 16, 728: 254, 733: 30, 734: 268, 741: 30, 742: 268, 743: 72, 744: 310, 745: 30, 746: 268, 747: 142, 748: 380, 757: 338, 758: 100, 759: 268, 760: 30, 763: 268, 764: 30, 765: 254, 766: 16, 767: 296, 768: 58, 769: 282, 770: 44, 771: 652, 772: 414, 773: 16, 774: 254, 783: 268, 784: 30, 785: 254, 786: 16, 787: 100, 788: 338, 789: 268, 790: 30, 791: 338, 792: 100, 793: 268, 794: 30, 795: 338, 796: 100, 797: 268, 798: 30, 799: 338, 800: 100, 801: 30, 802: 268, 815: 100, 816: 338, 817: 268, 818: 30, 825: 58, 826: 296, 827: 394, 828: 156, 829: 16, 830: 254, 835: 72, 836: 310, 837: 268, 838: 30, 867: 338, 868: 100, 875: 30, 876: 268, 877: 86, 878: 324, 879: 142, 880: 380, 881: 30, 882: 268, 893: 30, 894: 268, 903: 254, 904: 16, 911: 254, 912: 16}
Number of lables used:  24
Total time: 2.40 seconds
Memory used: 384.07 MB
--------------------------------------------------

Trying with at most 23 labels...
Solution:
{13: 254, 14: 16, 15: 254, 16: 16, 23: 114, 24: 352, 49: 652, 50: 414, 51: 254, 52: 16, 53: 142, 54: 380, 67: 156, 68: 394, 69: 254, 70: 16, 79: 414, 80: 652, 81: 16, 82: 254, 83: 652, 84: 414, 85: 100, 86: 338, 103: 380, 104: 142, 105: 30, 106: 268, 117: 652, 118: 414, 119: 30, 120: 268, 127: 156, 128: 394, 129: 268, 130: 30, 143: 100, 144: 338, 145: 30, 146: 268, 151: 338, 152: 100, 153: 254, 154: 16, 155: 352, 156: 114, 157: 254, 158: 16, 179: 156, 180: 394, 181: 44, 182: 282, 183: 72, 184: 310, 191: 352, 192: 114, 193: 414, 194: 652, 205: 100, 206: 338, 209: 414, 210: 652, 211: 268, 212: 30, 213: 58, 214: 296, 215: 352, 216: 114, 217: 128, 218: 366, 233: 58, 234: 296, 235: 72, 236: 310, 237: 114, 238: 352, 261: 254, 262: 16, 263: 414, 264: 652, 265: 652, 266: 414, 267: 100, 268: 338, 269: 414, 270: 652, 271: 414, 272: 652, 273: 296, 274: 58, 275: 296, 276: 58, 277: 414, 278: 652, 281: 44, 282: 282, 283: 114, 284: 352, 285: 72, 286: 310, 287: 414, 288: 652, 289: 414, 290: 652, 291: 16, 292: 254, 293: 380, 294: 142, 295: 394, 296: 156, 299: 72, 300: 310, 301: 142, 302: 380, 303: 30, 304: 268, 305: 100, 306: 338, 307: 414, 308: 652, 309: 16, 310: 254, 311: 156, 312: 394, 313: 156, 314: 394, 321: 254, 322: 16, 323: 254, 324: 16, 325: 16, 326: 254, 327: 394, 328: 156, 329: 394, 330: 156, 339: 338, 340: 100, 341: 282, 342: 44, 343: 282, 344: 44, 345: 30, 346: 268, 347: 414, 348: 652, 349: 282, 350: 44, 351: 30, 352: 268, 355: 100, 356: 338, 357: 100, 358: 338, 359: 282, 360: 44, 361: 268, 362: 30, 363: 380, 364: 142, 365: 30, 366: 268, 367: 310, 368: 72, 369: 296, 370: 58, 371: 380, 372: 142, 375: 338, 376: 100, 377: 380, 378: 142, 383: 114, 384: 352, 387: 100, 388: 338, 397: 72, 398: 310, 401: 58, 402: 296, 405: 352, 406: 114, 435: 100, 436: 338, 439: 414, 440: 652, 449: 296, 450: 58, 471: 414, 472: 652, 475: 72, 476: 310, 477: 30, 478: 268, 481: 114, 482: 352, 491: 100, 492: 338, 493: 268, 494: 30, 495: 16, 496: 254, 517: 380, 518: 142, 519: 100, 520: 338, 525: 338, 526: 100, 533: 380, 534: 142, 535: 16, 536: 254, 547: 128, 548: 366, 555: 128, 556: 366, 557: 268, 558: 30, 559: 380, 560: 142, 561: 338, 562: 100, 563: 100, 564: 338, 565: 338, 566: 100, 573: 268, 574: 30, 575: 100, 576: 338, 577: 394, 578: 156, 579: 282, 580: 44, 581: 414, 582: 652, 583: 100, 584: 338, 585: 414, 586: 652, 587: 366, 588: 128, 589: 414, 590: 652, 591: 310, 592: 72, 593: 142, 594: 380, 595: 30, 596: 268, 597: 282, 598: 44, 599: 128, 600: 366, 601: 72, 602: 310, 603: 268, 604: 30, 605: 30, 606: 268, 607: 30, 608: 268, 613: 310, 614: 72, 615: 128, 616: 366, 617: 44, 618: 282, 619: 296, 620: 58, 621: 380, 622: 142, 623: 338, 624: 100, 625: 30, 626: 268, 629: 310, 630: 72, 631: 268, 632: 30, 633: 338, 634: 100, 635: 30, 636: 268, 637: 380, 638: 142, 639: 30, 640: 268, 641: 268, 642: 30, 643: 366, 644: 128, 645: 30, 646: 268, 651: 30, 652: 268, 653: 254, 654: 16, 661: 254, 662: 16, 663: 16, 664: 254, 665: 394, 666: 156, 667: 44, 668: 282, 671: 128, 672: 366, 713: 414, 714: 652, 715: 254, 716: 16, 717: 394, 718: 156, 719: 296, 720: 58, 721: 30, 722: 268, 723: 16, 724: 254, 725: 100, 726: 338, 727: 142, 728: 380, 733: 30, 734: 268, 741: 254, 742: 16, 743: 72, 744: 310, 745: 30, 746: 268, 747: 142, 748: 380, 757: 338, 758: 100, 759: 268, 760: 30, 763: 268, 764: 30, 765: 254, 766: 16, 767: 296, 768: 58, 769: 282, 770: 44, 771: 652, 772: 414, 773: 100, 774: 338, 783: 268, 784: 30, 785: 254, 786: 16, 787: 100, 788: 338, 789: 268, 790: 30, 791: 338, 792: 100, 793: 268, 794: 30, 795: 338, 796: 100, 797: 268, 798: 30, 799: 338, 800: 100, 801: 30, 802: 268, 815: 100, 816: 338, 817: 268, 818: 30, 825: 142, 826: 380, 827: 380, 828: 142, 829: 16, 830: 254, 835: 72, 836: 310, 837: 268, 838: 30, 867: 338, 868: 100, 875: 30, 876: 268, 877: 72, 878: 310, 879: 142, 880: 380, 881: 30, 882: 268, 893: 30, 894: 268, 903: 254, 904: 16, 911: 254, 912: 16}
Number of lables used:  22
Total time: 2.47 seconds
Memory used: 384.07 MB
--------------------------------------------------

Trying with at most 21 labels...
Solution:
{13: 254, 14: 16, 15: 254, 16: 16, 23: 114, 24: 352, 49: 652, 50: 414, 51: 254, 52: 16, 53: 142, 54: 380, 67: 156, 68: 394, 69: 254, 70: 16, 79: 414, 80: 652, 81: 16, 82: 254, 83: 652, 84: 414, 85: 100, 86: 338, 103: 380, 104: 142, 105: 30, 106: 268, 117: 652, 118: 414, 119: 30, 120: 268, 127: 156, 128: 394, 129: 16, 130: 254, 143: 100, 144: 338, 145: 30, 146: 268, 151: 338, 152: 100, 153: 254, 154: 16, 155: 352, 156: 114, 157: 254, 158: 16, 179: 156, 180: 394, 181: 44, 182: 282, 183: 72, 184: 310, 191: 352, 192: 114, 193: 414, 194: 652, 205: 100, 206: 338, 209: 414, 210: 652, 211: 268, 212: 30, 213: 58, 214: 296, 215: 352, 216: 114, 217: 58, 218: 296, 233: 58, 234: 296, 235: 72, 236: 310, 237: 114, 238: 352, 261: 254, 262: 16, 263: 414, 264: 652, 265: 652, 266: 414, 267: 100, 268: 338, 269: 414, 270: 652, 271: 414, 272: 652, 273: 296, 274: 58, 275: 296, 276: 58, 277: 414, 278: 652, 281: 44, 282: 282, 283: 114, 284: 352, 285: 72, 286: 310, 287: 414, 288: 652, 289: 414, 290: 652, 291: 16, 292: 254, 293: 380, 294: 142, 295: 394, 296: 156, 299: 72, 300: 310, 301: 142, 302: 380, 303: 30, 304: 268, 305: 100, 306: 338, 307: 414, 308: 652, 309: 16, 310: 254, 311: 156, 312: 394, 313: 156, 314: 394, 321: 254, 322: 16, 323: 254, 324: 16, 325: 16, 326: 254, 327: 394, 328: 156, 329: 394, 330: 156, 339: 338, 340: 100, 341: 282, 342: 44, 343: 282, 344: 44, 345: 30, 346: 268, 347: 414, 348: 652, 349: 282, 350: 44, 351: 30, 352: 268, 355: 100, 356: 338, 357: 100, 358: 338, 359: 282, 360: 44, 361: 268, 362: 30, 363: 380, 364: 142, 365: 30, 366: 268, 367: 310, 368: 72, 369: 296, 370: 58, 371: 380, 372: 142, 375: 338, 376: 100, 377: 380, 378: 142, 383: 114, 384: 352, 387: 142, 388: 380, 397: 72, 398: 310, 401: 58, 402: 296, 405: 352, 406: 114, 435: 100, 436: 338, 439: 414, 440: 652, 449: 296, 450: 58, 471: 414, 472: 652, 475: 72, 476: 310, 477: 30, 478: 268, 481: 114, 482: 352, 491: 100, 492: 338, 493: 268, 494: 30, 495: 16, 496: 254, 517: 380, 518: 142, 519: 100, 520: 338, 525: 338, 526: 100, 533: 380, 534: 142, 535: 16, 536: 254, 547: 282, 548: 44, 555: 114, 556: 352, 557: 268, 558: 30, 559: 380, 560: 142, 561: 338, 562: 100, 563: 100, 564: 338, 565: 310, 566: 72, 573: 268, 574: 30, 575: 100, 576: 338, 577: 394, 578: 156, 579: 282, 580: 44, 581: 414, 582: 652, 583: 100, 584: 338, 585: 414, 586: 652, 587: 254, 588: 16, 589: 414, 590: 652, 591: 310, 592: 72, 593: 142, 594: 380, 595: 30, 596: 268, 597: 282, 598: 44, 599: 338, 600: 100, 601: 100, 602: 338, 603: 268, 604: 30, 605: 30, 606: 268, 607: 30, 608: 268, 613: 310, 614: 72, 615: 142, 616: 380, 617: 44, 618: 282, 619: 296, 620: 58, 621: 380, 622: 142, 623: 338, 624: 100, 625: 30, 626: 268, 629: 310, 630: 72, 631: 268, 632: 30, 633: 338, 634: 100, 635: 30, 636: 268, 637: 380, 638: 142, 639: 30, 640: 268, 641: 268, 642: 30, 643: 352, 644: 114, 645: 30, 646: 268, 651: 30, 652: 268, 653: 30, 654: 268, 661: 254, 662: 16, 663: 16, 664: 254, 665: 414, 666: 652, 667: 44, 668: 282, 671: 156, 672: 394, 713: 414, 714: 652, 715: 254, 716: 16, 717: 394, 718: 156, 719: 296, 720: 58, 721: 30, 722: 268, 723: 16, 724: 254, 725: 100, 726: 338, 727: 142, 728: 380, 733: 30, 734: 268, 741: 254, 742: 16, 743: 72, 744: 310, 745: 142, 746: 380, 747: 142, 748: 380, 757: 338, 758: 100, 759: 268, 760: 30, 763: 268, 764: 30, 765: 254, 766: 16, 767: 296, 768: 58, 769: 282, 770: 44, 771: 652, 772: 414, 773: 100, 774: 338, 783: 268, 784: 30, 785: 254, 786: 16, 787: 142, 788: 380, 789: 268, 790: 30, 791: 338, 792: 100, 793: 268, 794: 30, 795: 338, 796: 100, 797: 268, 798: 30, 799: 338, 800: 100, 801: 30, 802: 268, 815: 100, 816: 338, 817: 268, 818: 30, 825: 142, 826: 380, 827: 30, 828: 268, 829: 16, 830: 254, 835: 72, 836: 310, 837: 268, 838: 30, 867: 338, 868: 100, 875: 30, 876: 268, 877: 72, 878: 310, 879: 142, 880: 380, 881: 30, 882: 268, 893: 30, 894: 268, 903: 254, 904: 16, 911: 254, 912: 16}
Number of lables used:  20
Total time: 2.53 seconds
Memory used: 384.07 MB
--------------------------------------------------

Trying with at most 19 labels...
Solution:
{13: 16, 14: 254, 15: 16, 16: 254, 23: 30, 24: 268, 49: 16, 50: 254, 51: 44, 52: 282, 53: 30, 54: 268, 67: 16, 68: 254, 69: 86, 70: 324, 79: 16, 80: 254, 81: 30, 82: 268, 83: 16, 84: 254, 85: 86, 86: 324, 103: 16, 104: 254, 105: 30, 106: 268, 117: 16, 118: 254, 119: 44, 120: 282, 127: 268, 128: 30, 129: 128, 130: 366, 143: 16, 144: 254, 145: 86, 146: 324, 151: 30, 152: 268, 153: 100, 154: 338, 155: 16, 156: 254, 157: 86, 158: 324, 179: 324, 180: 86, 181: 44, 182: 282, 183: 142, 184: 380, 191: 16, 192: 254, 193: 86, 194: 324, 205: 380, 206: 142, 209: 254, 210: 16, 211: 128, 212: 366, 213: 44, 214: 282, 215: 16, 216: 254, 217: 72, 218: 310, 233: 30, 234: 268, 235: 44, 236: 282, 237: 30, 238: 268, 261: 16, 262: 254, 263: 30, 264: 268, 265: 16, 266: 254, 267: 86, 268: 324, 269: 16, 270: 254, 271: 16, 272: 254, 273: 338, 274: 100, 275: 338, 276: 100, 277: 30, 278: 268, 281: 44, 282: 282, 283: 128, 284: 366, 285: 16, 286: 254, 287: 16, 288: 254, 289: 16, 290: 254, 291: 30, 292: 268, 293: 142, 294: 380, 295: 16, 296: 254, 299: 484, 300: 722, 301: 30, 302: 268, 303: 44, 304: 282, 305: 128, 306: 366, 307: 16, 308: 254, 309: 722, 310: 484, 311: 324, 312: 86, 313: 324, 314: 86, 321: 16, 322: 254, 323: 16, 324: 254, 325: 44, 326: 282, 327: 128, 328: 366, 329: 16, 330: 254, 339: 722, 340: 484, 341: 722, 342: 484, 343: 722, 344: 484, 345: 366, 346: 128, 347: 268, 348: 30, 349: 100, 350: 338, 351: 722, 352: 484, 355: 86, 356: 324, 357: 30, 358: 268, 359: 722, 360: 484, 361: 100, 362: 338, 363: 268, 364: 30, 365: 100, 366: 338, 367: 366, 368: 128, 369: 722, 370: 484, 371: 16, 372: 254, 375: 30, 376: 268, 377: 324, 378: 86, 383: 30, 384: 268, 387: 44, 388: 282, 397: 16, 398: 254, 401: 484, 402: 722, 405: 268, 406: 30, 435: 30, 436: 268, 439: 254, 440: 16, 449: 366, 450: 128, 471: 16, 472: 254, 475: 44, 476: 282, 477: 128, 478: 366, 481: 86, 482: 324, 491: 44, 492: 282, 493: 86, 494: 324, 495: 30, 496: 268, 517: 268, 518: 30, 519: 30, 520: 268, 525: 30, 526: 268, 533: 44, 534: 282, 535: 16, 536: 254, 547: 16, 548: 254, 555: 128, 556: 366, 557: 30, 558: 268, 559: 268, 560: 30, 561: 268, 562: 30, 563: 128, 564: 366, 565: 100, 566: 338, 573: 30, 574: 268, 575: 268, 576: 30, 577: 16, 578: 254, 579: 16, 580: 254, 581: 16, 582: 254, 583: 142, 584: 380, 585: 30, 586: 268, 587: 86, 588: 324, 589: 16, 590: 254, 591: 142, 592: 380, 593: 44, 594: 282, 595: 86, 596: 324, 597: 100, 598: 338, 599: 44, 600: 282, 601: 722, 602: 484, 603: 44, 604: 282, 605: 100, 606: 338, 607: 30, 608: 268, 613: 722, 614: 484, 615: 366, 616: 128, 617: 484, 618: 722, 619: 722, 620: 484, 621: 484, 622: 722, 623: 30, 624: 268, 625: 86, 626: 324, 629: 86, 630: 324, 631: 128, 632: 366, 633: 44, 634: 282, 635: 380, 636: 142, 637: 16, 638: 254, 639: 100, 640: 338, 641: 44, 642: 282, 643: 142, 644: 380, 645: 30, 646: 268, 651: 338, 652: 100, 653: 30, 654: 268, 661: 86, 662: 324, 663: 16, 664: 254, 665: 366, 666: 128, 667: 484, 668: 722, 671: 16, 672: 254, 713: 30, 714: 268, 715: 86, 716: 324, 717: 722, 718: 484, 719: 338, 720: 100, 721: 86, 722: 324, 723: 86, 724: 324, 725: 484, 726: 722, 727: 484, 728: 722, 733: 128, 734: 366, 741: 254, 742: 16, 743: 722, 744: 484, 745: 128, 746: 366, 747: 100, 748: 338, 757: 100, 758: 338, 759: 282, 760: 44, 763: 380, 764: 142, 765: 268, 766: 30, 767: 72, 768: 310, 769: 268, 770: 30, 771: 30, 772: 268, 773: 86, 774: 324, 783: 722, 784: 484, 785: 16, 786: 254, 787: 282, 788: 44, 789: 30, 790: 268, 791: 100, 792: 338, 793: 30, 794: 268, 795: 100, 796: 338, 797: 30, 798: 268, 799: 282, 800: 44, 801: 366, 802: 128, 815: 30, 816: 268, 817: 100, 818: 338, 825: 72, 826: 310, 827: 484, 828: 722, 829: 722, 830: 484, 835: 282, 836: 44, 837: 30, 838: 268, 867: 128, 868: 366, 875: 30, 876: 268, 877: 44, 878: 282, 879: 100, 880: 338, 881: 722, 882: 484, 893: 268, 894: 30, 903: 254, 904: 16, 911: 338, 912: 100}
Number of lables used:  18
Total time: 3.08 seconds
Memory used: 426.94 MB
--------------------------------------------------

Trying with at most 17 labels...
Solution:
{13: 16, 14: 254, 15: 16, 16: 254, 23: 30, 24: 268, 49: 16, 50: 254, 51: 44, 52: 282, 53: 30, 54: 268, 67: 16, 68: 254, 69: 86, 70: 324, 79: 16, 80: 254, 81: 30, 82: 268, 83: 338, 84: 100, 85: 484, 86: 722, 103: 16, 104: 254, 105: 30, 106: 268, 117: 254, 118: 16, 119: 338, 120: 100, 127: 142, 128: 380, 129: 254, 130: 16, 143: 16, 144: 254, 145: 86, 146: 324, 151: 86, 152: 324, 153: 484, 154: 722, 155: 16, 156: 254, 157: 86, 158: 324, 179: 142, 180: 380, 181: 380, 182: 142, 183: 268, 184: 30, 191: 254, 192: 16, 193: 484, 194: 722, 205: 30, 206: 268, 209: 254, 210: 16, 211: 366, 212: 128, 213: 44, 214: 282, 215: 16, 216: 254, 217: 282, 218: 44, 233: 30, 234: 268, 235: 44, 236: 282, 237: 30, 238: 268, 261: 16, 262: 254, 263: 30, 264: 268, 265: 16, 266: 254, 267: 86, 268: 324, 269: 16, 270: 254, 271: 16, 272: 254, 273: 338, 274: 100, 275: 338, 276: 100, 277: 30, 278: 268, 281: 44, 282: 282, 283: 128, 284: 366, 285: 16, 286: 254, 287: 16, 288: 254, 289: 16, 290: 254, 291: 30, 292: 268, 293: 142, 294: 380, 295: 142, 296: 380, 299: 100, 300: 338, 301: 484, 302: 722, 303: 44, 304: 282, 305: 128, 306: 366, 307: 30, 308: 268, 309: 722, 310: 484, 311: 254, 312: 16, 313: 254, 314: 16, 321: 16, 322: 254, 323: 16, 324: 254, 325: 44, 326: 282, 327: 128, 328: 366, 329: 16, 330: 254, 339: 722, 340: 484, 341: 722, 342: 484, 343: 722, 344: 484, 345: 366, 346: 128, 347: 268, 348: 30, 349: 100, 350: 338, 351: 722, 352: 484, 355: 86, 356: 324, 357: 30, 358: 268, 359: 722, 360: 484, 361: 100, 362: 338, 363: 268, 364: 30, 365: 100, 366: 338, 367: 366, 368: 128, 369: 100, 370: 338, 371: 16, 372: 254, 375: 128, 376: 366, 377: 484, 378: 722, 383: 30, 384: 268, 387: 44, 388: 282, 397: 16, 398: 254, 401: 366, 402: 128, 405: 86, 406: 324, 435: 30, 436: 268, 439: 366, 440: 128, 449: 44, 450: 282, 471: 16, 472: 254, 475: 44, 476: 282, 477: 282, 478: 44, 481: 86, 482: 324, 491: 44, 492: 282, 493: 86, 494: 324, 495: 30, 496: 268, 517: 268, 518: 30, 519: 30, 520: 268, 525: 30, 526: 268, 533: 44, 534: 282, 535: 16, 536: 254, 547: 16, 548: 254, 555: 128, 556: 366, 557: 30, 558: 268, 559: 268, 560: 30, 561: 268, 562: 30, 563: 722, 564: 484, 565: 100, 566: 338, 573: 30, 574: 268, 575: 366, 576: 128, 577: 16, 578: 254, 579: 16, 580: 254, 581: 16, 582: 254, 583: 142, 584: 380, 585: 30, 586: 268, 587: 86, 588: 324, 589: 100, 590: 338, 591: 142, 592: 380, 593: 44, 594: 282, 595: 366, 596: 128, 597: 100, 598: 338, 599: 44, 600: 282, 601: 722, 602: 484, 603: 44, 604: 282, 605: 100, 606: 338, 607: 30, 608: 268, 613: 44, 614: 282, 615: 86, 616: 324, 617: 30, 618: 268, 619: 142, 620: 380, 621: 484, 622: 722, 623: 30, 624: 268, 625: 86, 626: 324, 629: 86, 630: 324, 631: 128, 632: 366, 633: 44, 634: 282, 635: 380, 636: 142, 637: 16, 638: 254, 639: 100, 640: 338, 641: 44, 642: 282, 643: 100, 644: 338, 645: 30, 646: 268, 651: 338, 652: 100, 653: 324, 654: 86, 661: 86, 662: 324, 663: 16, 664: 254, 665: 366, 666: 128, 667: 380, 668: 142, 671: 16, 672: 254, 713: 30, 714: 268, 715: 16, 716: 254, 717: 722, 718: 484, 719: 338, 720: 100, 721: 86, 722: 324, 723: 86, 724: 324, 725: 484, 726: 722, 727: 484, 728: 722, 733: 128, 734: 366, 741: 16, 742: 254, 743: 722, 744: 484, 745: 128, 746: 366, 747: 324, 748: 86, 757: 100, 758: 338, 759: 30, 760: 268, 763: 380, 764: 142, 765: 16, 766: 254, 767: 484, 768: 722, 769: 324, 770: 86, 771: 30, 772: 268, 773: 86, 774: 324, 783: 722, 784: 484, 785: 86, 786: 324, 787: 282, 788: 44, 789: 30, 790: 268, 791: 100, 792: 338, 793: 30, 794: 268, 795: 100, 796: 338, 797: 30, 798: 268, 799: 282, 800: 44, 801: 366, 802: 128, 815: 30, 816: 268, 817: 722, 818: 484, 825: 282, 826: 44, 827: 338, 828: 100, 829: 324, 830: 86, 835: 282, 836: 44, 837: 30, 838: 268, 867: 128, 868: 366, 875: 30, 876: 268, 877: 44, 878: 282, 879: 100, 880: 338, 881: 722, 882: 484, 893: 268, 894: 30, 903: 254, 904: 16, 911: 484, 912: 722}
Number of lables used:  16
Total time: 3.54 seconds
Memory used: 370.30 MB
--------------------------------------------------

Trying with at most 15 labels...
Solution:
{13: 554, 14: 792, 15: 554, 16: 792, 23: 484, 24: 722, 49: 554, 50: 792, 51: 324, 52: 86, 53: 30, 54: 268, 67: 554, 68: 792, 69: 394, 70: 156, 79: 44, 80: 282, 81: 30, 82: 268, 83: 554, 84: 792, 85: 484, 86: 722, 103: 44, 104: 282, 105: 30, 106: 268, 117: 554, 118: 792, 119: 268, 120: 30, 127: 394, 128: 156, 129: 792, 130: 554, 143: 156, 144: 394, 145: 86, 146: 324, 151: 86, 152: 324, 153: 554, 154: 792, 155: 44, 156: 282, 157: 380, 158: 142, 179: 44, 180: 282, 181: 282, 182: 44, 183: 394, 184: 156, 191: 282, 192: 44, 193: 484, 194: 722, 205: 30, 206: 268, 209: 380, 210: 142, 211: 722, 212: 484, 213: 30, 214: 268, 215: 394, 216: 156, 217: 484, 218: 722, 233: 380, 234: 142, 235: 44, 236: 282, 237: 142, 238: 380, 261: 554, 262: 792, 263: 484, 264: 722, 265: 554, 266: 792, 267: 86, 268: 324, 269: 86, 270: 324, 271: 86, 272: 324, 273: 792, 274: 554, 275: 792, 276: 554, 277: 30, 278: 268, 281: 142, 282: 380, 283: 44, 284: 282, 285: 86, 286: 324, 287: 30, 288: 268, 289: 44, 290: 282, 291: 30, 292: 268, 293: 142, 294: 380, 295: 554, 296: 792, 299: 86, 300: 324, 301: 554, 302: 792, 303: 484, 304: 722, 305: 30, 306: 268, 307: 142, 308: 380, 309: 44, 310: 282, 311: 484, 312: 722, 313: 484, 314: 722, 321: 554, 322: 792, 323: 554, 324: 792, 325: 44, 326: 282, 327: 792, 328: 554, 329: 554, 330: 792, 339: 722, 340: 484, 341: 484, 342: 722, 343: 484, 344: 722, 345: 792, 346: 554, 347: 268, 348: 30, 349: 30, 350: 268, 351: 722, 352: 484, 355: 86, 356: 324, 357: 30, 358: 268, 359: 268, 360: 30, 361: 142, 362: 380, 363: 282, 364: 44, 365: 484, 366: 722, 367: 380, 368: 142, 369: 484, 370: 722, 371: 156, 372: 394, 375: 268, 376: 30, 377: 86, 378: 324, 383: 86, 384: 324, 387: 44, 388: 282, 397: 156, 398: 394, 401: 722, 402: 484, 405: 30, 406: 268, 435: 30, 436: 268, 439: 792, 440: 554, 449: 484, 450: 722, 471: 86, 472: 324, 475: 44, 476: 282, 477: 380, 478: 142, 481: 86, 482: 324, 491: 44, 492: 282, 493: 86, 494: 324, 495: 30, 496: 268, 517: 324, 518: 86, 519: 484, 520: 722, 525: 484, 526: 722, 533: 324, 534: 86, 535: 30, 536: 268, 547: 30, 548: 268, 555: 282, 556: 44, 557: 30, 558: 268, 559: 268, 560: 30, 561: 142, 562: 380, 563: 324, 564: 86, 565: 282, 566: 44, 573: 30, 574: 268, 575: 324, 576: 86, 577: 156, 578: 394, 579: 554, 580: 792, 581: 142, 582: 380, 583: 380, 584: 142, 585: 722, 586: 484, 587: 156, 588: 394, 589: 142, 590: 380, 591: 86, 592: 324, 593: 44, 594: 282, 595: 44, 596: 282, 597: 86, 598: 324, 599: 44, 600: 282, 601: 722, 602: 484, 603: 44, 604: 282, 605: 30, 606: 268, 607: 30, 608: 268, 613: 44, 614: 282, 615: 86, 616: 324, 617: 30, 618: 268, 619: 484, 620: 722, 621: 484, 622: 722, 623: 722, 624: 484, 625: 86, 626: 324, 629: 282, 630: 44, 631: 268, 632: 30, 633: 44, 634: 282, 635: 86, 636: 324, 637: 44, 638: 282, 639: 30, 640: 268, 641: 30, 642: 268, 643: 142, 644: 380, 645: 30, 646: 268, 651: 142, 652: 380, 653: 380, 654: 142, 661: 86, 662: 324, 663: 30, 664: 268, 665: 484, 666: 722, 667: 282, 668: 44, 671: 142, 672: 380, 713: 30, 714: 268, 715: 44, 716: 282, 717: 722, 718: 484, 719: 792, 720: 554, 721: 86, 722: 324, 723: 86, 724: 324, 725: 484, 726: 722, 727: 484, 728: 722, 733: 484, 734: 722, 741: 394, 742: 156, 743: 142, 744: 380, 745: 268, 746: 30, 747: 324, 748: 86, 757: 380, 758: 142, 759: 268, 760: 30, 763: 268, 764: 30, 765: 394, 766: 156, 767: 142, 768: 380, 769: 722, 770: 484, 771: 30, 772: 268, 773: 86, 774: 324, 783: 722, 784: 484, 785: 394, 786: 156, 787: 722, 788: 484, 789: 30, 790: 268, 791: 282, 792: 44, 793: 722, 794: 484, 795: 268, 796: 30, 797: 380, 798: 142, 799: 268, 800: 30, 801: 282, 802: 44, 815: 30, 816: 268, 817: 324, 818: 86, 825: 380, 826: 142, 827: 268, 828: 30, 829: 484, 830: 722, 835: 282, 836: 44, 837: 30, 838: 268, 867: 142, 868: 380, 875: 484, 876: 722, 877: 44, 878: 282, 879: 86, 880: 324, 881: 722, 882: 484, 893: 30, 894: 268, 903: 268, 904: 30, 911: 380, 912: 142}
Number of lables used:  14
Total time: 3.64 seconds
Memory used: 370.30 MB
--------------------------------------------------

Trying with at most 13 labels...
[runlim] sample:		10.00 time, 10.01 real, 398 MB, 1.10 load
[runlim] sample:		19.99 time, 20.01 real, 408 MB, 1.09 load
[runlim] sample:		29.99 time, 30.01 real, 409 MB, 1.07 load
[runlim] sample:		39.98 time, 40.01 real, 409 MB, 1.22 load
[runlim] sample:		49.98 time, 50.01 real, 379 MB, 1.19 load
[runlim] sample:		59.98 time, 60.01 real, 379 MB, 1.16 load
[runlim] sample:		69.97 time, 70.01 real, 379 MB, 1.13 load
[runlim] sample:		79.96 time, 80.01 real, 380 MB, 1.11 load
[runlim] sample:		89.96 time, 90.01 real, 380 MB, 1.10 load
[runlim] sample:		99.96 time, 100.01 real, 380 MB, 1.08 load
[runlim] sample:		109.96 time, 110.01 real, 381 MB, 1.14 load
[runlim] sample:		119.95 time, 120.01 real, 381 MB, 1.12 load
[runlim] sample:		129.95 time, 130.01 real, 381 MB, 1.10 load
[runlim] sample:		139.95 time, 140.01 real, 381 MB, 1.08 load
[runlim] sample:		149.94 time, 150.01 real, 381 MB, 1.07 load
[runlim] sample:		159.94 time, 160.01 real, 381 MB, 1.06 load
[runlim] sample:		169.93 time, 170.01 real, 381 MB, 1.05 load
[runlim] sample:		179.93 time, 180.01 real, 381 MB, 1.04 load
[runlim] sample:		189.93 time, 190.01 real, 381 MB, 1.04 load
[runlim] sample:		199.93 time, 200.01 real, 381 MB, 1.03 load
[runlim] sample:		209.92 time, 210.01 real, 389 MB, 1.02 load
[runlim] sample:		219.92 time, 220.01 real, 389 MB, 1.02 load
[runlim] sample:		229.92 time, 230.01 real, 389 MB, 1.02 load
[runlim] sample:		239.91 time, 240.01 real, 389 MB, 1.01 load
[runlim] sample:		249.91 time, 250.01 real, 389 MB, 1.09 load
[runlim] sample:		259.91 time, 260.01 real, 389 MB, 1.15 load
[runlim] sample:		269.91 time, 270.01 real, 397 MB, 1.13 load
[runlim] sample:		279.90 time, 280.01 real, 397 MB, 1.11 load
[runlim] sample:		289.90 time, 290.01 real, 398 MB, 1.09 load
[runlim] sample:		299.90 time, 300.01 real, 398 MB, 1.08 load
[runlim] sample:		309.89 time, 310.01 real, 398 MB, 1.06 load
[runlim] sample:		319.89 time, 320.01 real, 398 MB, 1.05 load
[runlim] sample:		329.89 time, 330.01 real, 398 MB, 1.05 load
[runlim] sample:		339.88 time, 340.01 real, 398 MB, 1.04 load
[runlim] sample:		349.88 time, 350.01 real, 398 MB, 1.03 load
[runlim] sample:		359.88 time, 360.01 real, 398 MB, 1.11 load
[runlim] sample:		369.87 time, 370.01 real, 398 MB, 1.09 load
[runlim] sample:		379.87 time, 380.01 real, 398 MB, 1.08 load
[runlim] sample:		389.87 time, 390.01 real, 398 MB, 1.06 load
[runlim] sample:		399.87 time, 400.01 real, 398 MB, 1.05 load
[runlim] sample:		409.86 time, 410.01 real, 398 MB, 1.12 load
[runlim] sample:		419.86 time, 420.01 real, 398 MB, 1.10 load
[runlim] sample:		429.85 time, 430.01 real, 398 MB, 1.08 load
[runlim] sample:		439.85 time, 440.01 real, 398 MB, 1.07 load
[runlim] sample:		449.85 time, 450.01 real, 398 MB, 1.06 load
[runlim] sample:		459.85 time, 460.01 real, 401 MB, 1.05 load
[runlim] sample:		469.84 time, 470.01 real, 401 MB, 1.04 load
[runlim] sample:		479.84 time, 480.01 real, 401 MB, 1.04 load
[runlim] sample:		489.84 time, 490.01 real, 401 MB, 1.03 load
[runlim] sample:		499.83 time, 500.01 real, 401 MB, 1.02 load
[runlim] sample:		509.83 time, 510.01 real, 401 MB, 1.09 load
[runlim] sample:		519.83 time, 520.01 real, 401 MB, 1.15 load
[runlim] sample:		529.82 time, 530.01 real, 401 MB, 1.13 load
[runlim] sample:		539.82 time, 540.01 real, 401 MB, 1.11 load
[runlim] sample:		549.82 time, 550.01 real, 401 MB, 1.09 load
[runlim] sample:		559.81 time, 560.01 real, 401 MB, 1.08 load
[runlim] sample:		569.81 time, 570.01 real, 401 MB, 1.15 load
[runlim] sample:		579.81 time, 580.01 real, 401 MB, 1.12 load
[runlim] sample:		589.80 time, 590.01 real, 401 MB, 1.10 load
[runlim] sample:		599.80 time, 600.01 real, 401 MB, 1.09 load
[runlim] end:			Sun Jun 14 23:18:41 2026
[runlim] status:		out of time
[runlim] result:		2
[runlim] children:		1
[runlim] processes:		2
[runlim] real:			601.06 seconds
[runlim] time:			599.80 seconds
[runlim] space:			461 MB
[runlim] load:			1.22 maximum
[runlim] samples:		6000
