[runlim] version:		2.0.0rc12
[runlim] host:			ap-Precision-7550
[runlim] time limit:		311040000 seconds
[runlim] real time limit:	600 seconds
[runlim] space limit:		14000 MB
[runlim] argv[0]:		python3
[runlim] argv[1]:		-u
[runlim] argv[2]:		pairwise.py
[runlim] argv[3]:		TUD200.3
[runlim] argv[4]:		assumptions
[runlim] argv[5]:		8
[runlim] argv[6]:		card
[runlim] argv[7]:		8
[runlim] start:			Sun Jun 14 23:43:40 2026
[runlim] child:			136363
Exactly-one cardinality encoding:  8
Distance constraint mode:  card
Distance cardinality encoding:  8
Number of assignment variables:  7066
Number of clauses for exactly one constraints:  20798
Number of clauses for distance constraints:  433895
---------------------------------------------------
Solve first problem:
Solution:
{1: 456, 2: 694, 3: 30, 4: 268, 5: 16, 6: 254, 7: 142, 8: 380, 9: 736, 10: 498, 11: 478, 12: 240, 13: 680, 14: 442, 15: 380, 16: 142, 17: 240, 18: 478, 19: 128, 20: 366, 21: 268, 22: 30, 23: 142, 24: 380, 25: 554, 26: 792, 27: 680, 28: 442, 29: 792, 30: 554, 31: 428, 32: 666, 33: 338, 34: 100, 35: 366, 36: 128, 37: 58, 38: 296, 39: 722, 40: 484, 41: 72, 42: 310, 43: 666, 44: 428, 45: 114, 46: 352, 47: 442, 48: 680, 49: 16, 50: 254, 51: 484, 52: 722, 53: 652, 54: 414, 55: 540, 56: 778, 57: 114, 58: 352, 59: 792, 60: 554, 61: 16, 62: 254, 63: 554, 64: 792, 65: 708, 66: 470, 67: 296, 68: 58, 69: 30, 70: 268, 71: 442, 72: 680, 73: 142, 74: 380, 75: 394, 76: 156, 77: 58, 78: 296, 79: 44, 80: 282, 81: 16, 82: 254, 83: 310, 84: 72, 85: 282, 86: 44, 87: 470, 88: 708, 89: 526, 90: 764, 91: 30, 92: 268, 93: 268, 94: 30, 95: 414, 96: 652, 97: 240, 98: 478, 99: 170, 100: 408, 101: 554, 102: 792, 103: 310, 104: 72, 105: 394, 106: 156, 107: 394, 108: 156, 109: 442, 110: 680, 111: 778, 112: 540, 113: 652, 114: 414, 115: 792, 116: 554, 117: 540, 118: 778, 119: 142, 120: 380, 121: 240, 122: 478, 123: 30, 124: 268, 125: 778, 126: 540, 127: 708, 128: 470, 129: 100, 130: 338, 131: 478, 132: 240, 133: 282, 134: 44, 135: 338, 136: 100, 137: 470, 138: 708, 139: 268, 140: 30, 141: 296, 142: 58, 143: 694, 144: 456, 145: 58, 146: 296, 147: 58, 148: 296, 149: 268, 150: 30, 151: 666, 152: 428, 153: 666, 154: 428, 155: 722, 156: 484, 157: 366, 158: 128, 159: 30, 160: 268, 161: 540, 162: 778, 163: 254, 164: 16, 165: 254, 166: 16, 167: 764, 168: 526, 169: 394, 170: 156, 171: 16, 172: 254, 173: 680, 174: 442, 175: 792, 176: 554, 177: 156, 178: 394, 179: 170, 180: 408, 181: 652, 182: 414, 183: 540, 184: 778, 185: 380, 186: 142, 187: 254, 188: 16, 189: 722, 190: 484, 191: 268, 192: 30, 193: 338, 194: 100, 195: 736, 196: 498, 197: 254, 198: 16, 199: 540, 200: 778}
Number of lables used:  44
Total time: 1.03 seconds
Memory used: 177.91 MB
--------------------------------------------------
Number of label variables:  48
Number of clauses for label constraints:  7066
Number of new variables for cardinality constraints:  1161
Number of clauses for cardinality constraints:  4558
Initial variable count:  300957
Initial clause count:  466448
--------------------------------------------------

Trying with at most 43 labels...
Solution:
{1: 428, 2: 666, 3: 30, 4: 268, 5: 652, 6: 414, 7: 680, 8: 442, 9: 296, 10: 58, 11: 478, 12: 240, 13: 254, 14: 16, 15: 380, 16: 142, 17: 380, 18: 142, 19: 128, 20: 366, 21: 680, 22: 442, 23: 666, 24: 428, 25: 456, 26: 694, 27: 708, 28: 470, 29: 470, 30: 708, 31: 428, 32: 666, 33: 722, 34: 484, 35: 680, 36: 442, 37: 86, 38: 324, 39: 708, 40: 470, 41: 128, 42: 366, 43: 666, 44: 428, 45: 114, 46: 352, 47: 30, 48: 268, 49: 442, 50: 680, 51: 366, 52: 128, 53: 366, 54: 128, 55: 708, 56: 470, 57: 30, 58: 268, 59: 708, 60: 470, 61: 254, 62: 16, 63: 414, 64: 652, 65: 708, 66: 470, 67: 338, 68: 100, 69: 268, 70: 30, 71: 442, 72: 680, 73: 142, 74: 380, 75: 156, 76: 394, 77: 58, 78: 296, 79: 666, 80: 428, 81: 16, 82: 254, 83: 310, 84: 72, 85: 282, 86: 44, 87: 268, 88: 30, 89: 16, 90: 254, 91: 380, 92: 142, 93: 652, 94: 414, 95: 282, 96: 44, 97: 240, 98: 478, 99: 478, 100: 240, 101: 666, 102: 428, 103: 652, 104: 414, 105: 310, 106: 72, 107: 394, 108: 156, 109: 442, 110: 680, 111: 428, 112: 666, 113: 694, 114: 456, 115: 142, 116: 380, 117: 428, 118: 666, 119: 282, 120: 44, 121: 380, 122: 142, 123: 58, 124: 296, 125: 86, 126: 324, 127: 652, 128: 414, 129: 456, 130: 694, 131: 142, 132: 380, 133: 352, 134: 114, 135: 338, 136: 100, 137: 30, 138: 268, 139: 30, 140: 268, 141: 456, 142: 694, 143: 722, 144: 484, 145: 722, 146: 484, 147: 254, 148: 16, 149: 16, 150: 254, 151: 722, 152: 484, 153: 414, 154: 652, 155: 268, 156: 30, 157: 142, 158: 380, 159: 338, 160: 100, 161: 30, 162: 268, 163: 254, 164: 16, 165: 338, 166: 100, 167: 114, 168: 352, 169: 352, 170: 114, 171: 16, 172: 254, 173: 30, 174: 268, 175: 652, 176: 414, 177: 156, 178: 394, 179: 478, 180: 240, 181: 72, 182: 310, 183: 380, 184: 142, 185: 380, 186: 142, 187: 708, 188: 470, 189: 722, 190: 484, 191: 338, 192: 100, 193: 722, 194: 484, 195: 414, 196: 652, 197: 310, 198: 72, 199: 380, 200: 142}
Number of lables used:  36
Total time: 1.09 seconds
Memory used: 178.36 MB
--------------------------------------------------

Trying with at most 35 labels...
Solution:
{1: 428, 2: 666, 3: 30, 4: 268, 5: 652, 6: 414, 7: 680, 8: 442, 9: 296, 10: 58, 11: 478, 12: 240, 13: 254, 14: 16, 15: 380, 16: 142, 17: 380, 18: 142, 19: 128, 20: 366, 21: 680, 22: 442, 23: 666, 24: 428, 25: 456, 26: 694, 27: 708, 28: 470, 29: 470, 30: 708, 31: 428, 32: 666, 33: 722, 34: 484, 35: 680, 36: 442, 37: 86, 38: 324, 39: 708, 40: 470, 41: 128, 42: 366, 43: 666, 44: 428, 45: 114, 46: 352, 47: 30, 48: 268, 49: 442, 50: 680, 51: 366, 52: 128, 53: 366, 54: 128, 55: 708, 56: 470, 57: 30, 58: 268, 59: 708, 60: 470, 61: 254, 62: 16, 63: 414, 64: 652, 65: 708, 66: 470, 67: 338, 68: 100, 69: 268, 70: 30, 71: 442, 72: 680, 73: 142, 74: 380, 75: 44, 76: 282, 77: 58, 78: 296, 79: 666, 80: 428, 81: 16, 82: 254, 83: 310, 84: 72, 85: 282, 86: 44, 87: 58, 88: 296, 89: 16, 90: 254, 91: 380, 92: 142, 93: 652, 94: 414, 95: 282, 96: 44, 97: 240, 98: 478, 99: 478, 100: 240, 101: 666, 102: 428, 103: 680, 104: 442, 105: 310, 106: 72, 107: 310, 108: 72, 109: 442, 110: 680, 111: 428, 112: 666, 113: 694, 114: 456, 115: 142, 116: 380, 117: 428, 118: 666, 119: 282, 120: 44, 121: 380, 122: 142, 123: 58, 124: 296, 125: 86, 126: 324, 127: 652, 128: 414, 129: 456, 130: 694, 131: 142, 132: 380, 133: 352, 134: 114, 135: 338, 136: 100, 137: 30, 138: 268, 139: 30, 140: 268, 141: 456, 142: 694, 143: 722, 144: 484, 145: 722, 146: 484, 147: 254, 148: 16, 149: 16, 150: 254, 151: 722, 152: 484, 153: 414, 154: 652, 155: 268, 156: 30, 157: 142, 158: 380, 159: 338, 160: 100, 161: 30, 162: 268, 163: 254, 164: 16, 165: 338, 166: 100, 167: 114, 168: 352, 169: 352, 170: 114, 171: 16, 172: 254, 173: 30, 174: 268, 175: 652, 176: 414, 177: 86, 178: 324, 179: 478, 180: 240, 181: 72, 182: 310, 183: 380, 184: 142, 185: 380, 186: 142, 187: 708, 188: 470, 189: 722, 190: 484, 191: 338, 192: 100, 193: 722, 194: 484, 195: 414, 196: 652, 197: 310, 198: 72, 199: 380, 200: 142}
Number of lables used:  34
Total time: 1.12 seconds
Memory used: 178.37 MB
--------------------------------------------------

Trying with at most 33 labels...
Solution:
{1: 428, 2: 666, 3: 30, 4: 268, 5: 652, 6: 414, 7: 680, 8: 442, 9: 296, 10: 58, 11: 478, 12: 240, 13: 254, 14: 16, 15: 380, 16: 142, 17: 380, 18: 142, 19: 128, 20: 366, 21: 680, 22: 442, 23: 666, 24: 428, 25: 456, 26: 694, 27: 708, 28: 470, 29: 470, 30: 708, 31: 428, 32: 666, 33: 722, 34: 484, 35: 680, 36: 442, 37: 44, 38: 282, 39: 708, 40: 470, 41: 128, 42: 366, 43: 666, 44: 428, 45: 254, 46: 16, 47: 30, 48: 268, 49: 442, 50: 680, 51: 366, 52: 128, 53: 366, 54: 128, 55: 708, 56: 470, 57: 114, 58: 352, 59: 708, 60: 470, 61: 254, 62: 16, 63: 414, 64: 652, 65: 708, 66: 470, 67: 338, 68: 100, 69: 268, 70: 30, 71: 442, 72: 680, 73: 142, 74: 380, 75: 380, 76: 142, 77: 58, 78: 296, 79: 666, 80: 428, 81: 16, 82: 254, 83: 310, 84: 72, 85: 282, 86: 44, 87: 58, 88: 296, 89: 16, 90: 254, 91: 380, 92: 142, 93: 652, 94: 414, 95: 282, 96: 44, 97: 240, 98: 478, 99: 478, 100: 240, 101: 666, 102: 428, 103: 680, 104: 442, 105: 310, 106: 72, 107: 310, 108: 72, 109: 442, 110: 680, 111: 428, 112: 666, 113: 694, 114: 456, 115: 142, 116: 380, 117: 428, 118: 666, 119: 282, 120: 44, 121: 380, 122: 142, 123: 58, 124: 296, 125: 72, 126: 310, 127: 652, 128: 414, 129: 456, 130: 694, 131: 142, 132: 380, 133: 352, 134: 114, 135: 338, 136: 100, 137: 30, 138: 268, 139: 128, 140: 366, 141: 456, 142: 694, 143: 722, 144: 484, 145: 722, 146: 484, 147: 254, 148: 16, 149: 16, 150: 254, 151: 722, 152: 484, 153: 414, 154: 652, 155: 268, 156: 30, 157: 142, 158: 380, 159: 338, 160: 100, 161: 30, 162: 268, 163: 254, 164: 16, 165: 338, 166: 100, 167: 114, 168: 352, 169: 352, 170: 114, 171: 16, 172: 254, 173: 30, 174: 268, 175: 652, 176: 414, 177: 30, 178: 268, 179: 478, 180: 240, 181: 72, 182: 310, 183: 380, 184: 142, 185: 380, 186: 142, 187: 708, 188: 470, 189: 722, 190: 484, 191: 282, 192: 44, 193: 722, 194: 484, 195: 414, 196: 652, 197: 310, 198: 72, 199: 380, 200: 142}
Number of lables used:  32
Total time: 1.15 seconds
Memory used: 180.66 MB
--------------------------------------------------

Trying with at most 31 labels...
Solution:
{1: 428, 2: 666, 3: 30, 4: 268, 5: 652, 6: 414, 7: 708, 8: 470, 9: 142, 10: 380, 11: 478, 12: 240, 13: 254, 14: 16, 15: 380, 16: 142, 17: 380, 18: 142, 19: 128, 20: 366, 21: 58, 22: 296, 23: 666, 24: 428, 25: 456, 26: 694, 27: 708, 28: 470, 29: 470, 30: 708, 31: 428, 32: 666, 33: 296, 34: 58, 35: 680, 36: 442, 37: 44, 38: 282, 39: 708, 40: 470, 41: 128, 42: 366, 43: 428, 44: 666, 45: 254, 46: 16, 47: 708, 48: 470, 49: 442, 50: 680, 51: 366, 52: 128, 53: 366, 54: 128, 55: 708, 56: 470, 57: 114, 58: 352, 59: 708, 60: 470, 61: 254, 62: 16, 63: 414, 64: 652, 65: 708, 66: 470, 67: 338, 68: 100, 69: 268, 70: 30, 71: 442, 72: 680, 73: 142, 74: 380, 75: 380, 76: 142, 77: 58, 78: 296, 79: 666, 80: 428, 81: 16, 82: 254, 83: 310, 84: 72, 85: 282, 86: 44, 87: 58, 88: 296, 89: 16, 90: 254, 91: 30, 92: 268, 93: 338, 94: 100, 95: 128, 96: 366, 97: 240, 98: 478, 99: 478, 100: 240, 101: 666, 102: 428, 103: 680, 104: 442, 105: 310, 106: 72, 107: 310, 108: 72, 109: 442, 110: 680, 111: 428, 112: 666, 113: 694, 114: 456, 115: 16, 116: 254, 117: 428, 118: 666, 119: 282, 120: 44, 121: 380, 122: 142, 123: 58, 124: 296, 125: 72, 126: 310, 127: 652, 128: 414, 129: 456, 130: 694, 131: 142, 132: 380, 133: 352, 134: 114, 135: 338, 136: 100, 137: 30, 138: 268, 139: 128, 140: 366, 141: 456, 142: 694, 143: 652, 144: 414, 145: 652, 146: 414, 147: 254, 148: 16, 149: 16, 150: 254, 151: 708, 152: 470, 153: 414, 154: 652, 155: 268, 156: 30, 157: 142, 158: 380, 159: 338, 160: 100, 161: 30, 162: 268, 163: 254, 164: 16, 165: 338, 166: 100, 167: 268, 168: 30, 169: 352, 170: 114, 171: 16, 172: 254, 173: 58, 174: 296, 175: 694, 176: 456, 177: 30, 178: 268, 179: 478, 180: 240, 181: 30, 182: 268, 183: 142, 184: 380, 185: 380, 186: 142, 187: 708, 188: 470, 189: 442, 190: 680, 191: 282, 192: 44, 193: 114, 194: 352, 195: 414, 196: 652, 197: 310, 198: 72, 199: 380, 200: 142}
Number of lables used:  30
Total time: 1.22 seconds
Memory used: 183.20 MB
--------------------------------------------------

Trying with at most 29 labels...
Solution:
{1: 428, 2: 666, 3: 30, 4: 268, 5: 44, 6: 282, 7: 142, 8: 380, 9: 142, 10: 380, 11: 478, 12: 240, 13: 254, 14: 16, 15: 380, 16: 142, 17: 142, 18: 380, 19: 128, 20: 366, 21: 58, 22: 296, 23: 666, 24: 428, 25: 470, 26: 708, 27: 708, 28: 470, 29: 470, 30: 708, 31: 428, 32: 666, 33: 296, 34: 58, 35: 352, 36: 114, 37: 44, 38: 282, 39: 708, 40: 470, 41: 128, 42: 366, 43: 428, 44: 666, 45: 254, 46: 16, 47: 708, 48: 470, 49: 414, 50: 652, 51: 366, 52: 128, 53: 366, 54: 128, 55: 428, 56: 666, 57: 142, 58: 380, 59: 254, 60: 16, 61: 254, 62: 16, 63: 470, 64: 708, 65: 708, 66: 470, 67: 338, 68: 100, 69: 268, 70: 30, 71: 30, 72: 268, 73: 142, 74: 380, 75: 44, 76: 282, 77: 58, 78: 296, 79: 30, 80: 268, 81: 470, 82: 708, 83: 310, 84: 72, 85: 282, 86: 44, 87: 58, 88: 296, 89: 254, 90: 16, 91: 30, 92: 268, 93: 338, 94: 100, 95: 338, 96: 100, 97: 240, 98: 478, 99: 478, 100: 240, 101: 296, 102: 58, 103: 470, 104: 708, 105: 352, 106: 114, 107: 310, 108: 72, 109: 428, 110: 666, 111: 428, 112: 666, 113: 652, 114: 414, 115: 16, 116: 254, 117: 470, 118: 708, 119: 282, 120: 44, 121: 380, 122: 142, 123: 58, 124: 296, 125: 428, 126: 666, 127: 652, 128: 414, 129: 100, 130: 338, 131: 142, 132: 380, 133: 352, 134: 114, 135: 338, 136: 100, 137: 30, 138: 268, 139: 128, 140: 366, 141: 428, 142: 666, 143: 666, 144: 428, 145: 652, 146: 414, 147: 254, 148: 16, 149: 16, 150: 254, 151: 708, 152: 470, 153: 428, 154: 666, 155: 268, 156: 30, 157: 142, 158: 380, 159: 338, 160: 100, 161: 666, 162: 428, 163: 254, 164: 16, 165: 338, 166: 100, 167: 268, 168: 30, 169: 352, 170: 114, 171: 16, 172: 254, 173: 58, 174: 296, 175: 708, 176: 470, 177: 44, 178: 282, 179: 478, 180: 240, 181: 30, 182: 268, 183: 142, 184: 380, 185: 380, 186: 142, 187: 708, 188: 470, 189: 470, 190: 708, 191: 310, 192: 72, 193: 114, 194: 352, 195: 414, 196: 652, 197: 310, 198: 72, 199: 380, 200: 142}
Number of lables used:  26
Total time: 1.25 seconds
Memory used: 183.20 MB
--------------------------------------------------

Trying with at most 25 labels...
Solution:
{1: 100, 2: 338, 3: 736, 4: 498, 5: 792, 6: 554, 7: 352, 8: 114, 9: 16, 10: 254, 11: 170, 12: 408, 13: 16, 14: 254, 15: 114, 16: 352, 17: 478, 18: 240, 19: 652, 20: 414, 21: 512, 22: 750, 23: 792, 24: 554, 25: 554, 26: 792, 27: 44, 28: 282, 29: 554, 30: 792, 31: 498, 32: 736, 33: 498, 34: 736, 35: 428, 36: 666, 37: 736, 38: 498, 39: 750, 40: 512, 41: 44, 42: 282, 43: 114, 44: 352, 45: 666, 46: 428, 47: 338, 48: 100, 49: 16, 50: 254, 51: 366, 52: 128, 53: 666, 54: 428, 55: 652, 56: 414, 57: 792, 58: 554, 59: 414, 60: 652, 61: 338, 62: 100, 63: 114, 64: 352, 65: 100, 66: 338, 67: 652, 68: 414, 69: 44, 70: 282, 71: 44, 72: 282, 73: 736, 74: 498, 75: 338, 76: 100, 77: 16, 78: 254, 79: 100, 80: 338, 81: 114, 82: 352, 83: 44, 84: 282, 85: 352, 86: 114, 87: 114, 88: 352, 89: 554, 90: 792, 91: 366, 92: 128, 93: 338, 94: 100, 95: 792, 96: 554, 97: 408, 98: 170, 99: 170, 100: 408, 101: 666, 102: 428, 103: 414, 104: 652, 105: 366, 106: 128, 107: 16, 108: 254, 109: 512, 110: 750, 111: 44, 112: 282, 113: 16, 114: 254, 115: 414, 116: 652, 117: 666, 118: 428, 119: 428, 120: 666, 121: 240, 122: 478, 123: 16, 124: 254, 125: 44, 126: 282, 127: 512, 128: 750, 129: 512, 130: 750, 131: 240, 132: 478, 133: 666, 134: 428, 135: 428, 136: 666, 137: 498, 138: 736, 139: 128, 140: 366, 141: 44, 142: 282, 143: 100, 144: 338, 145: 736, 146: 498, 147: 352, 148: 114, 149: 366, 150: 128, 151: 554, 152: 792, 153: 100, 154: 338, 155: 554, 156: 792, 157: 428, 158: 666, 159: 16, 160: 254, 161: 750, 162: 512, 163: 414, 164: 652, 165: 338, 166: 100, 167: 16, 168: 254, 169: 282, 170: 44, 171: 652, 172: 414, 173: 100, 174: 338, 175: 750, 176: 512, 177: 254, 178: 16, 179: 408, 180: 170, 181: 44, 182: 282, 183: 44, 184: 282, 185: 366, 186: 128, 187: 352, 188: 114, 189: 428, 190: 666, 191: 44, 192: 282, 193: 554, 194: 792, 195: 498, 196: 736, 197: 44, 198: 282, 199: 652, 200: 414}
Number of lables used:  24
Total time: 1.32 seconds
Memory used: 183.20 MB
--------------------------------------------------

Trying with at most 23 labels...
Solution:
{1: 100, 2: 338, 3: 114, 4: 352, 5: 792, 6: 554, 7: 352, 8: 114, 9: 16, 10: 254, 11: 170, 12: 408, 13: 554, 14: 792, 15: 114, 16: 352, 17: 478, 18: 240, 19: 652, 20: 414, 21: 512, 22: 750, 23: 792, 24: 554, 25: 554, 26: 792, 27: 44, 28: 282, 29: 282, 30: 44, 31: 254, 32: 16, 33: 352, 34: 114, 35: 428, 36: 666, 37: 750, 38: 512, 39: 554, 40: 792, 41: 44, 42: 282, 43: 114, 44: 352, 45: 666, 46: 428, 47: 338, 48: 100, 49: 16, 50: 254, 51: 750, 52: 512, 53: 282, 54: 44, 55: 652, 56: 414, 57: 792, 58: 554, 59: 414, 60: 652, 61: 338, 62: 100, 63: 114, 64: 352, 65: 100, 66: 338, 67: 100, 68: 338, 69: 44, 70: 282, 71: 44, 72: 282, 73: 750, 74: 512, 75: 338, 76: 100, 77: 44, 78: 282, 79: 100, 80: 338, 81: 114, 82: 352, 83: 282, 84: 44, 85: 512, 86: 750, 87: 114, 88: 352, 89: 554, 90: 792, 91: 366, 92: 128, 93: 338, 94: 100, 95: 792, 96: 554, 97: 408, 98: 170, 99: 170, 100: 408, 101: 666, 102: 428, 103: 414, 104: 652, 105: 366, 106: 128, 107: 16, 108: 254, 109: 512, 110: 750, 111: 44, 112: 282, 113: 16, 114: 254, 115: 414, 116: 652, 117: 666, 118: 428, 119: 428, 120: 666, 121: 240, 122: 478, 123: 16, 124: 254, 125: 44, 126: 282, 127: 512, 128: 750, 129: 512, 130: 750, 131: 240, 132: 478, 133: 666, 134: 428, 135: 428, 136: 666, 137: 554, 138: 792, 139: 128, 140: 366, 141: 44, 142: 282, 143: 100, 144: 338, 145: 750, 146: 512, 147: 352, 148: 114, 149: 366, 150: 128, 151: 554, 152: 792, 153: 16, 154: 254, 155: 554, 156: 792, 157: 428, 158: 666, 159: 16, 160: 254, 161: 750, 162: 512, 163: 414, 164: 652, 165: 338, 166: 100, 167: 16, 168: 254, 169: 282, 170: 44, 171: 652, 172: 414, 173: 100, 174: 338, 175: 750, 176: 512, 177: 512, 178: 750, 179: 408, 180: 170, 181: 44, 182: 282, 183: 44, 184: 282, 185: 652, 186: 414, 187: 352, 188: 114, 189: 428, 190: 666, 191: 128, 192: 366, 193: 554, 194: 792, 195: 16, 196: 254, 197: 750, 198: 512, 199: 652, 200: 414}
Number of lables used:  22
Total time: 1.35 seconds
Memory used: 183.20 MB
--------------------------------------------------

Trying with at most 21 labels...
Solution:
{1: 428, 2: 666, 3: 414, 4: 652, 5: 114, 6: 352, 7: 414, 8: 652, 9: 414, 10: 652, 11: 170, 12: 408, 13: 554, 14: 792, 15: 554, 16: 792, 17: 478, 18: 240, 19: 792, 20: 554, 21: 554, 22: 792, 23: 282, 24: 44, 25: 282, 26: 44, 27: 44, 28: 282, 29: 282, 30: 44, 31: 352, 32: 114, 33: 282, 34: 44, 35: 44, 36: 282, 37: 694, 38: 456, 39: 352, 40: 114, 41: 16, 42: 254, 43: 100, 44: 338, 45: 254, 46: 16, 47: 352, 48: 114, 49: 792, 50: 554, 51: 428, 52: 666, 53: 114, 54: 352, 55: 352, 56: 114, 57: 652, 58: 414, 59: 792, 60: 554, 61: 338, 62: 100, 63: 114, 64: 352, 65: 114, 66: 352, 67: 100, 68: 338, 69: 114, 70: 352, 71: 44, 72: 282, 73: 792, 74: 554, 75: 792, 76: 554, 77: 16, 78: 254, 79: 100, 80: 338, 81: 114, 82: 352, 83: 338, 84: 100, 85: 456, 86: 694, 87: 114, 88: 352, 89: 554, 90: 792, 91: 414, 92: 652, 93: 666, 94: 428, 95: 792, 96: 554, 97: 408, 98: 170, 99: 170, 100: 408, 101: 666, 102: 428, 103: 414, 104: 652, 105: 792, 106: 554, 107: 16, 108: 254, 109: 554, 110: 792, 111: 44, 112: 282, 113: 16, 114: 254, 115: 16, 116: 254, 117: 114, 118: 352, 119: 282, 120: 44, 121: 240, 122: 478, 123: 428, 124: 666, 125: 44, 126: 282, 127: 554, 128: 792, 129: 456, 130: 694, 131: 240, 132: 478, 133: 666, 134: 428, 135: 428, 136: 666, 137: 554, 138: 792, 139: 554, 140: 792, 141: 456, 142: 694, 143: 694, 144: 456, 145: 792, 146: 554, 147: 254, 148: 16, 149: 338, 150: 100, 151: 414, 152: 652, 153: 16, 154: 254, 155: 414, 156: 652, 157: 44, 158: 282, 159: 254, 160: 16, 161: 456, 162: 694, 163: 414, 164: 652, 165: 338, 166: 100, 167: 16, 168: 254, 169: 282, 170: 44, 171: 114, 172: 352, 173: 100, 174: 338, 175: 44, 176: 282, 177: 100, 178: 338, 179: 408, 180: 170, 181: 16, 182: 254, 183: 44, 184: 282, 185: 652, 186: 414, 187: 352, 188: 114, 189: 44, 190: 282, 191: 352, 192: 114, 193: 456, 194: 694, 195: 16, 196: 254, 197: 554, 198: 792, 199: 456, 200: 694}
Number of lables used:  20
Total time: 1.41 seconds
Memory used: 183.20 MB
--------------------------------------------------

Trying with at most 19 labels...
Solution:
{1: 666, 2: 428, 3: 30, 4: 268, 5: 428, 6: 666, 7: 268, 8: 30, 9: 86, 10: 324, 11: 478, 12: 240, 13: 680, 14: 442, 15: 554, 16: 792, 17: 380, 18: 142, 19: 30, 20: 268, 21: 694, 22: 456, 23: 428, 24: 666, 25: 268, 26: 30, 27: 30, 28: 268, 29: 86, 30: 324, 31: 484, 32: 722, 33: 722, 34: 484, 35: 456, 36: 694, 37: 142, 38: 380, 39: 722, 40: 484, 41: 86, 42: 324, 43: 722, 44: 484, 45: 722, 46: 484, 47: 268, 48: 30, 49: 380, 50: 142, 51: 30, 52: 268, 53: 380, 54: 142, 55: 268, 56: 30, 57: 86, 58: 324, 59: 792, 60: 554, 61: 268, 62: 30, 63: 484, 64: 722, 65: 142, 66: 380, 67: 554, 68: 792, 69: 142, 70: 380, 71: 680, 72: 442, 73: 30, 74: 268, 75: 380, 76: 142, 77: 142, 78: 380, 79: 86, 80: 324, 81: 86, 82: 324, 83: 324, 84: 86, 85: 324, 86: 86, 87: 380, 88: 142, 89: 554, 90: 792, 91: 324, 92: 86, 93: 554, 94: 792, 95: 484, 96: 722, 97: 142, 98: 380, 99: 478, 100: 240, 101: 428, 102: 666, 103: 442, 104: 680, 105: 792, 106: 554, 107: 86, 108: 324, 109: 554, 110: 792, 111: 666, 112: 428, 113: 554, 114: 792, 115: 142, 116: 380, 117: 324, 118: 86, 119: 484, 120: 722, 121: 380, 122: 142, 123: 428, 124: 666, 125: 86, 126: 324, 127: 442, 128: 680, 129: 792, 130: 554, 131: 240, 132: 478, 133: 142, 134: 380, 135: 142, 136: 380, 137: 442, 138: 680, 139: 554, 140: 792, 141: 456, 142: 694, 143: 380, 144: 142, 145: 792, 146: 554, 147: 554, 148: 792, 149: 792, 150: 554, 151: 86, 152: 324, 153: 442, 154: 680, 155: 30, 156: 268, 157: 30, 158: 268, 159: 666, 160: 428, 161: 456, 162: 694, 163: 268, 164: 30, 165: 268, 166: 30, 167: 554, 168: 792, 169: 86, 170: 324, 171: 442, 172: 680, 173: 30, 174: 268, 175: 324, 176: 86, 177: 86, 178: 324, 179: 380, 180: 142, 181: 142, 182: 380, 183: 324, 184: 86, 185: 142, 186: 380, 187: 30, 188: 268, 189: 442, 190: 680, 191: 30, 192: 268, 193: 554, 194: 792, 195: 554, 196: 792, 197: 324, 198: 86, 199: 456, 200: 694}
Number of lables used:  18
Total time: 1.44 seconds
Memory used: 183.21 MB
--------------------------------------------------

Trying with at most 17 labels...
Solution:
{1: 666, 2: 428, 3: 442, 4: 680, 5: 554, 6: 792, 7: 268, 8: 30, 9: 86, 10: 324, 11: 478, 12: 240, 13: 680, 14: 442, 15: 554, 16: 792, 17: 380, 18: 142, 19: 30, 20: 268, 21: 442, 22: 680, 23: 428, 24: 666, 25: 268, 26: 30, 27: 30, 28: 268, 29: 86, 30: 324, 31: 484, 32: 722, 33: 722, 34: 484, 35: 142, 36: 380, 37: 142, 38: 380, 39: 722, 40: 484, 41: 86, 42: 324, 43: 722, 44: 484, 45: 722, 46: 484, 47: 268, 48: 30, 49: 380, 50: 142, 51: 30, 52: 268, 53: 380, 54: 142, 55: 268, 56: 30, 57: 86, 58: 324, 59: 792, 60: 554, 61: 268, 62: 30, 63: 484, 64: 722, 65: 142, 66: 380, 67: 554, 68: 792, 69: 142, 70: 380, 71: 680, 72: 442, 73: 30, 74: 268, 75: 666, 76: 428, 77: 142, 78: 380, 79: 86, 80: 324, 81: 86, 82: 324, 83: 324, 84: 86, 85: 324, 86: 86, 87: 380, 88: 142, 89: 554, 90: 792, 91: 324, 92: 86, 93: 554, 94: 792, 95: 484, 96: 722, 97: 142, 98: 380, 99: 478, 100: 240, 101: 428, 102: 666, 103: 442, 104: 680, 105: 142, 106: 380, 107: 86, 108: 324, 109: 554, 110: 792, 111: 666, 112: 428, 113: 554, 114: 792, 115: 142, 116: 380, 117: 142, 118: 380, 119: 484, 120: 722, 121: 380, 122: 142, 123: 428, 124: 666, 125: 86, 126: 324, 127: 442, 128: 680, 129: 792, 130: 554, 131: 240, 132: 478, 133: 142, 134: 380, 135: 142, 136: 380, 137: 442, 138: 680, 139: 554, 140: 792, 141: 86, 142: 324, 143: 380, 144: 142, 145: 792, 146: 554, 147: 554, 148: 792, 149: 792, 150: 554, 151: 86, 152: 324, 153: 442, 154: 680, 155: 30, 156: 268, 157: 30, 158: 268, 159: 792, 160: 554, 161: 442, 162: 680, 163: 268, 164: 30, 165: 268, 166: 30, 167: 554, 168: 792, 169: 86, 170: 324, 171: 442, 172: 680, 173: 30, 174: 268, 175: 324, 176: 86, 177: 86, 178: 324, 179: 478, 180: 240, 181: 142, 182: 380, 183: 324, 184: 86, 185: 142, 186: 380, 187: 30, 188: 268, 189: 442, 190: 680, 191: 30, 192: 268, 193: 554, 194: 792, 195: 554, 196: 792, 197: 324, 198: 86, 199: 30, 200: 268}
Number of lables used:  16
Total time: 1.47 seconds
Memory used: 183.21 MB
--------------------------------------------------

Trying with at most 15 labels...
Solution:
{1: 428, 2: 666, 3: 142, 4: 380, 5: 16, 6: 254, 7: 254, 8: 16, 9: 142, 10: 380, 11: 240, 12: 478, 13: 142, 14: 380, 15: 352, 16: 114, 17: 142, 18: 380, 19: 792, 20: 554, 21: 694, 22: 456, 23: 428, 24: 666, 25: 456, 26: 694, 27: 666, 28: 428, 29: 792, 30: 554, 31: 254, 32: 16, 33: 666, 34: 428, 35: 142, 36: 380, 37: 792, 38: 554, 39: 792, 40: 554, 41: 114, 42: 352, 43: 666, 44: 428, 45: 792, 46: 554, 47: 352, 48: 114, 49: 254, 50: 16, 51: 352, 52: 114, 53: 554, 54: 792, 55: 554, 56: 792, 57: 352, 58: 114, 59: 456, 60: 694, 61: 254, 62: 16, 63: 456, 64: 694, 65: 16, 66: 254, 67: 666, 68: 428, 69: 380, 70: 142, 71: 554, 72: 792, 73: 792, 74: 554, 75: 694, 76: 456, 77: 142, 78: 380, 79: 114, 80: 352, 81: 16, 82: 254, 83: 352, 84: 114, 85: 456, 86: 694, 87: 16, 88: 254, 89: 694, 90: 456, 91: 142, 92: 380, 93: 380, 94: 142, 95: 456, 96: 694, 97: 478, 98: 240, 99: 478, 100: 240, 101: 694, 102: 456, 103: 352, 104: 114, 105: 380, 106: 142, 107: 694, 108: 456, 109: 380, 110: 142, 111: 142, 112: 380, 113: 792, 114: 554, 115: 16, 116: 254, 117: 142, 118: 380, 119: 456, 120: 694, 121: 380, 122: 142, 123: 428, 124: 666, 125: 428, 126: 666, 127: 792, 128: 554, 129: 114, 130: 352, 131: 478, 132: 240, 133: 694, 134: 456, 135: 16, 136: 254, 137: 352, 138: 114, 139: 142, 140: 380, 141: 114, 142: 352, 143: 428, 144: 666, 145: 16, 146: 254, 147: 428, 148: 666, 149: 428, 150: 666, 151: 254, 152: 16, 153: 114, 154: 352, 155: 792, 156: 554, 157: 456, 158: 694, 159: 254, 160: 16, 161: 554, 162: 792, 163: 428, 164: 666, 165: 114, 166: 352, 167: 380, 168: 142, 169: 666, 170: 428, 171: 554, 172: 792, 173: 456, 174: 694, 175: 352, 176: 114, 177: 254, 178: 16, 179: 240, 180: 478, 181: 666, 182: 428, 183: 142, 184: 380, 185: 694, 186: 456, 187: 16, 188: 254, 189: 694, 190: 456, 191: 428, 192: 666, 193: 554, 194: 792, 195: 254, 196: 16, 197: 352, 198: 114, 199: 16, 200: 254}
Number of lables used:  14
Total time: 1.55 seconds
Memory used: 183.27 MB
--------------------------------------------------

Trying with at most 13 labels...
[runlim] sample:		9.99 time, 10.02 real, 189 MB, 1.53 load
Cannot find solution.
No more solutions found.
Optimal number of labels used:  14
Total time: 14.48 seconds
Memory used: 187.31 MB
