[runlim] version:		2.0.0rc12
[runlim] host:			ap-Precision-7550
[runlim] time limit:		311040000 seconds
[runlim] real time limit:	600 seconds
[runlim] space limit:		14000 MB
[runlim] argv[0]:		python3
[runlim] argv[1]:		-u
[runlim] argv[2]:		pairwise.py
[runlim] argv[3]:		TUD916.5
[runlim] argv[4]:		assumptions
[runlim] argv[5]:		8
[runlim] argv[6]:		card
[runlim] argv[7]:		8
[runlim] start:			Sun Jun 14 23:47:02 2026
[runlim] child:			137596
Exactly-one cardinality encoding:  8
Distance constraint mode:  card
Distance cardinality encoding:  8
Warning: variable 366 has no valid labels after preprocessing.
Cannot find solution!
Time taken: 0.21 seconds
Memory used: 18.28 MB
