[runlim] version:		2.0.0rc12
[runlim] host:			ap-Precision-7550
[runlim] time limit:		311040000 seconds
[runlim] real time limit:	600 seconds
[runlim] space limit:		14000 MB
[runlim] argv[0]:		python3
[runlim] argv[1]:		-u
[runlim] argv[2]:		main.py
[runlim] argv[3]:		TUD200.2
[runlim] argv[4]:		CARD
[runlim] argv[5]:		3
[runlim] argv[6]:		3
[runlim] start:			Sun Jun 21 17:09:00 2026
[runlim] child:			13864
--- CARD [Exactly-One: 3, AMO: 3] ---
 solving MaxSAT (RC2)...

--------------------------------------------------
Found solution!
Number of labels used: 46
--------------------------------------------------
Time taken: 0.06 seconds
Memory used: 20.62 MB
[runlim] end:			Sun Jun 21 17:09:00 2026
[runlim] status:		ok
[runlim] result:		0
[runlim] children:		1
[runlim] processes:		2
[runlim] real:			0.12 seconds
[runlim] time:			0.10 seconds
[runlim] space:			20 MB
[runlim] load:			1.04 maximum
[runlim] samples:		2
