[runlim] version:		2.0.0rc12
[runlim] host:			ap-Precision-7550
[runlim] time limit:		311040000 seconds
[runlim] real time limit:	600 seconds
[runlim] space limit:		14000 MB
[runlim] argv[0]:		python3
[runlim] argv[1]:		-u
[runlim] argv[2]:		main.py
[runlim] argv[3]:		TUD200.1
[runlim] argv[4]:		CARD
[runlim] argv[5]:		3
[runlim] argv[6]:		3
[runlim] start:			Sun Jun 21 17:08:05 2026
[runlim] child:			13858
--- CARD [Exactly-One: 3, AMO: 3] ---
 solving MaxSAT (RC2)...
[runlim] sample:		10.00 time, 10.01 real, 418 MB, 1.07 load
[runlim] sample:		19.99 time, 20.01 real, 445 MB, 1.06 load
[runlim] sample:		29.99 time, 30.01 real, 445 MB, 1.05 load
[runlim] sample:		39.98 time, 40.01 real, 445 MB, 1.04 load
[runlim] sample:		49.97 time, 50.01 real, 445 MB, 1.04 load

--------------------------------------------------
Found solution!
Number of labels used: 12
--------------------------------------------------
Time taken: 53.98 seconds
Memory used: 374.74 MB
[runlim] end:			Sun Jun 21 17:09:00 2026
[runlim] status:		ok
[runlim] result:		0
[runlim] children:		1
[runlim] processes:		2
[runlim] real:			54.11 seconds
[runlim] time:			53.97 seconds
[runlim] space:			454 MB
[runlim] load:			1.08 maximum
[runlim] samples:		541
