[runlim] version:		2.0.0rc12
[runlim] host:			ap-Precision-7550
[runlim] time limit:		311040000 seconds
[runlim] real time limit:	600 seconds
[runlim] space limit:		14000 MB
[runlim] argv[0]:		python3
[runlim] argv[1]:		-u
[runlim] argv[2]:		main.py
[runlim] argv[3]:		TUD200.1
[runlim] argv[4]:		DSE
[runlim] argv[5]:		8
[runlim] start:			Sun Jun  7 22:41:20 2026
[runlim] child:			6097
---  DSE  [Cardinality Encoding: 8] ---
 solving MaxSAT (RC2)...
[runlim] sample:		9.99 time, 10.01 real, 104 MB, 1.00 load
[runlim] sample:		20.00 time, 20.01 real, 114 MB, 1.00 load
[runlim] sample:		29.99 time, 30.01 real, 133 MB, 1.00 load
[runlim] sample:		39.98 time, 40.01 real, 140 MB, 1.08 load
[runlim] sample:		49.98 time, 50.01 real, 172 MB, 1.14 load
[runlim] sample:		59.98 time, 60.01 real, 143 MB, 1.12 load
[runlim] sample:		69.98 time, 70.01 real, 143 MB, 1.10 load
[runlim] sample:		79.97 time, 80.01 real, 143 MB, 1.08 load
[runlim] sample:		89.96 time, 90.01 real, 143 MB, 1.07 load
[runlim] sample:		99.96 time, 100.01 real, 172 MB, 1.06 load
[runlim] sample:		109.96 time, 110.01 real, 143 MB, 1.05 load

--------------------------------------------------
Found solution!
Number of labels used: 12
--------------------------------------------------
Time taken: 111.44 seconds
Memory used: 141.87 MB
[runlim] end:			Sun Jun  7 22:43:12 2026
[runlim] status:		ok
[runlim] result:		0
[runlim] children:		1
[runlim] processes:		2
[runlim] real:			111.50 seconds
[runlim] time:			111.36 seconds
[runlim] space:			179 MB
[runlim] load:			1.15 maximum
[runlim] samples:		1115
