[runlim] version:		2.0.0rc12
[runlim] host:			ap-Precision-7550
[runlim] time limit:		311040000 seconds
[runlim] real time limit:	600 seconds
[runlim] space limit:		14000 MB
[runlim] argv[0]:		python3
[runlim] argv[1]:		-u
[runlim] argv[2]:		evalmaxsat_no_processing.py
[runlim] argv[3]:		scen10
[runlim] argv[4]:		POSE
[runlim] start:			Fri Jun 12 13:53:12 2026
[runlim] child:			16227
[INFO] Generating WCNF for scen10 (POSE)
[INFO] Solving wcnf/no_preprocessing/POSE/scen10_POSE.wcnf
c found falsified original clause
s UNSATISFIABLE
c Total time : 0.00767509s
[INFO] Decode summary
[INFO] status=UNSATISFIABLE, objective=None, assigned_vars=0, complete=False, labels_used=0
[INFO] Decoded assignment file: results/no_preprocessing/decode/POSE/scen10.decoded.txt
[runlim] end:			Fri Jun 12 13:53:12 2026
[runlim] status:		ok
[runlim] result:		0
[runlim] children:		1
[runlim] processes:		2
[runlim] real:			0.13 seconds
[runlim] time:			0.10 seconds
[runlim] space:			21 MB
[runlim] load:			1.07 maximum
[runlim] samples:		2
