[runlim] version:		2.0.0rc12
[runlim] host:			ap-Precision-7550
[runlim] time limit:		311040000 seconds
[runlim] real time limit:	600 seconds
[runlim] space limit:		14000 MB
[runlim] argv[0]:		python3
[runlim] argv[1]:		-u
[runlim] argv[2]:		evalmaxsat_no_processing.py
[runlim] argv[3]:		scen07
[runlim] argv[4]:		POSE
[runlim] start:			Fri Jun 12 13:52:10 2026
[runlim] child:			16135
[INFO] Generating WCNF for scen07 (POSE)
[INFO] Solving wcnf/no_preprocessing/POSE/scen07_POSE.wcnf
s UNSATISFIABLE
c Total time : 0.0604598s
[INFO] Decode summary
[INFO] status=UNSATISFIABLE, objective=None, assigned_vars=0, complete=False, labels_used=0
[INFO] Decoded assignment file: results/no_preprocessing/decode/POSE/scen07.decoded.txt
[runlim] end:			Fri Jun 12 13:52:10 2026
[runlim] status:		ok
[runlim] result:		0
[runlim] children:		1
[runlim] processes:		2
[runlim] real:			0.61 seconds
[runlim] time:			0.52 seconds
[runlim] space:			50 MB
[runlim] load:			1.21 maximum
[runlim] samples:		7
