[runlim] version:		1.10
[runlim] time limit:		311040000 seconds
[runlim] real time limit:	600 seconds
[runlim] space limit:		14000 MB
[runlim] argv[0]:		python3
[runlim] argv[1]:		-u
[runlim] argv[2]:		main.py
[runlim] argv[3]:		graph13
[runlim] argv[4]:		tot
[runlim] argv[5]:		incremental
[runlim] argv[6]:		cadical195
[runlim] start:			Sat Mar  7 21:45:00 2026
[runlim] main pid:		31167
Solve first problem:
Cannot find solution.
[runlim] end:			Sat Mar  7 21:45:01 2026
[runlim] status:		ok
[runlim] result:		0
[runlim] children:		0
[runlim] real:			1.46 seconds
[runlim] time:			0.59 seconds
[runlim] space:			46.2 MB
[runlim] samples:		6
