[runlim] version:		2.0.0rc12
[runlim] host:			ap-Precision-7550
[runlim] time limit:		311040000 seconds
[runlim] real time limit:	600 seconds
[runlim] space limit:		14000 MB
[runlim] argv[0]:		python3
[runlim] argv[1]:		-u
[runlim] argv[2]:		main.py
[runlim] argv[3]:		graph04
[runlim] argv[4]:		DSE
[runlim] argv[5]:		5
[runlim] start:			Sun Jun  7 19:45:34 2026
[runlim] child:			5342
---  DSE  [Cardinality Encoding: 5] ---
 solving MaxSAT (RC2)...
[runlim] sample:		10.00 time, 10.01 real, 225 MB, 1.09 load
[runlim] sample:		19.99 time, 20.01 real, 256 MB, 1.07 load

--------------------------------------------------
Found solution!
Number of labels used: 22
--------------------------------------------------
Time taken: 26.49 seconds
Memory used: 252.87 MB
[runlim] end:			Sun Jun  7 19:46:00 2026
[runlim] status:		ok
[runlim] result:		0
[runlim] children:		1
[runlim] processes:		2
[runlim] real:			26.58 seconds
[runlim] time:			26.49 seconds
[runlim] space:			290 MB
[runlim] load:			1.10 maximum
[runlim] samples:		266
