[runlim] version:		2.0.0rc12
[runlim] host:			ap-Precision-7550
[runlim] time limit:		311040000 seconds
[runlim] real time limit:	600 seconds
[runlim] space limit:		14000 MB
[runlim] argv[0]:		python3
[runlim] argv[1]:		-u
[runlim] argv[2]:		main.py
[runlim] argv[3]:		graph03
[runlim] argv[4]:		DSE
[runlim] argv[5]:		5
[runlim] start:			Sun Jun  7 19:45:17 2026
[runlim] child:			5339
---  DSE  [Cardinality Encoding: 5] ---
 solving MaxSAT (RC2)...
[runlim] sample:		10.00 time, 10.01 real, 161 MB, 1.11 load

--------------------------------------------------
Found solution!
Number of labels used: 20
--------------------------------------------------
Time taken: 16.29 seconds
Memory used: 125.30 MB
[runlim] end:			Sun Jun  7 19:45:34 2026
[runlim] status:		ok
[runlim] result:		0
[runlim] children:		1
[runlim] processes:		2
[runlim] real:			16.36 seconds
[runlim] time:			16.30 seconds
[runlim] space:			176 MB
[runlim] load:			1.13 maximum
[runlim] samples:		164
