[runlim] version:		2.0.0rc12
[runlim] host:			ap-Precision-7550
[runlim] time limit:		311040000 seconds
[runlim] real time limit:	600 seconds
[runlim] space limit:		14000 MB
[runlim] argv[0]:		python3
[runlim] argv[1]:		-u
[runlim] argv[2]:		pairwise.py
[runlim] argv[3]:		graph13
[runlim] argv[4]:		assumptions
[runlim] start:			Tue Mar 10 18:45:45 2026
[runlim] child:			8241
Solve first problem:
Cannot find solution.
Time taken: 1.32 seconds 
Memory used: 39.97 MB
[runlim] end:			Tue Mar 10 18:45:46 2026
[runlim] status:		ok
[runlim] result:		0
[runlim] children:		1
[runlim] processes:		2
[runlim] real:			1.37 seconds
[runlim] time:			1.30 seconds
[runlim] space:			40 MB
[runlim] load:			0.67 maximum
[runlim] samples:		14
