[runlim] version:		2.0.0rc12
[runlim] host:			ap-Precision-7550
[runlim] time limit:		311040000 seconds
[runlim] real time limit:	600 seconds
[runlim] space limit:		14000 MB
[runlim] argv[0]:		python3
[runlim] argv[1]:		-u
[runlim] argv[2]:		pairwise.py
[runlim] argv[3]:		scen02
[runlim] argv[4]:		assumptions
[runlim] start:			Mon Mar  9 19:49:26 2026
[runlim] child:			11677
Solve first problem:
Solution:
{13: 268, 14: 30, 15: 268, 16: 30, 53: 268, 54: 30, 79: 254, 80: 16, 81: 268, 82: 30, 83: 680, 84: 442, 85: 352, 86: 114, 127: 352, 128: 114, 129: 254, 130: 16, 143: 254, 144: 16, 145: 254, 146: 16, 205: 254, 206: 16, 233: 666, 234: 428, 235: 338, 236: 100, 237: 352, 238: 114, 261: 254, 262: 16, 263: 352, 264: 114, 265: 338, 266: 100, 267: 254, 268: 16, 269: 352, 270: 114, 271: 352, 272: 114, 273: 44, 274: 282, 275: 44, 276: 282, 277: 352, 278: 114, 281: 268, 282: 30, 283: 282, 284: 44, 289: 254, 290: 16, 291: 324, 292: 86, 303: 666, 304: 428, 305: 338, 306: 100, 321: 156, 322: 394, 323: 254, 324: 16, 325: 666, 326: 428, 327: 338, 328: 100, 329: 254, 330: 16, 341: 30, 342: 268, 343: 30, 344: 268, 349: 338, 350: 100, 351: 30, 352: 268, 435: 296, 436: 58, 475: 282, 476: 44, 481: 268, 482: 30, 517: 268, 518: 30, 519: 338, 520: 100, 555: 128, 556: 366, 557: 666, 558: 428, 559: 58, 560: 296, 561: 366, 562: 128, 565: 100, 566: 338, 577: 324, 578: 86, 579: 352, 580: 114, 583: 666, 584: 428, 585: 324, 586: 86, 587: 254, 588: 16, 589: 366, 590: 128, 591: 352, 592: 114, 593: 114, 594: 352, 595: 296, 596: 58, 597: 268, 598: 30, 599: 142, 600: 380, 601: 282, 602: 44, 603: 268, 604: 30, 605: 268, 606: 30, 607: 338, 608: 100, 613: 100, 614: 338, 615: 282, 616: 44, 617: 268, 618: 30, 621: 338, 622: 100, 625: 268, 626: 30, 629: 282, 630: 44, 631: 268, 632: 30, 633: 282, 634: 44, 635: 268, 636: 30, 645: 296, 646: 58, 651: 254, 652: 16, 661: 254, 662: 16, 663: 394, 664: 156, 665: 366, 666: 128, 667: 254, 668: 16, 713: 352, 714: 114, 717: 44, 718: 282, 719: 394, 720: 156, 721: 324, 722: 86, 723: 254, 724: 16, 743: 44, 744: 282, 745: 268, 746: 30, 747: 324, 748: 86, 763: 268, 764: 30, 765: 254, 766: 16, 767: 296, 768: 58, 785: 254, 786: 16, 787: 268, 788: 30, 789: 338, 790: 100, 791: 268, 792: 30, 793: 338, 794: 100, 795: 268, 796: 30, 797: 352, 798: 114, 799: 282, 800: 44, 801: 268, 802: 30, 879: 268, 880: 30}
Number of lables used:  24
Total time: 0.37 seconds
Memory used: 35.10 MB
--------------------------------------------------

Trying with at most 23 labels...
Solution:
{13: 30, 14: 268, 15: 736, 16: 498, 53: 142, 54: 380, 79: 296, 80: 58, 81: 268, 82: 30, 83: 652, 84: 414, 85: 540, 86: 778, 127: 414, 128: 652, 129: 296, 130: 58, 143: 792, 144: 554, 145: 268, 146: 30, 205: 268, 206: 30, 233: 268, 234: 30, 235: 540, 236: 778, 237: 750, 238: 512, 261: 296, 262: 58, 263: 750, 264: 512, 265: 652, 266: 414, 267: 296, 268: 58, 269: 764, 270: 526, 271: 778, 272: 540, 273: 652, 274: 414, 275: 652, 276: 414, 277: 736, 278: 498, 281: 750, 282: 512, 283: 414, 284: 652, 289: 554, 290: 792, 291: 30, 292: 268, 303: 58, 304: 296, 305: 414, 306: 652, 321: 30, 322: 268, 323: 792, 324: 554, 325: 652, 326: 414, 327: 764, 328: 526, 329: 268, 330: 30, 341: 540, 342: 778, 343: 540, 344: 778, 349: 764, 350: 526, 351: 142, 352: 380, 435: 380, 436: 142, 475: 30, 476: 268, 481: 58, 482: 296, 517: 268, 518: 30, 519: 30, 520: 268, 555: 268, 556: 30, 557: 778, 558: 540, 559: 498, 560: 736, 561: 380, 562: 142, 565: 526, 566: 764, 577: 58, 578: 296, 579: 296, 580: 58, 583: 380, 584: 142, 585: 30, 586: 268, 587: 380, 588: 142, 589: 380, 590: 142, 591: 750, 592: 512, 593: 764, 594: 526, 595: 526, 596: 764, 597: 736, 598: 498, 599: 764, 600: 526, 601: 296, 602: 58, 603: 268, 604: 30, 605: 540, 606: 778, 607: 512, 608: 750, 613: 750, 614: 512, 615: 380, 616: 142, 617: 498, 618: 736, 621: 736, 622: 498, 625: 142, 626: 380, 629: 750, 630: 512, 631: 268, 632: 30, 633: 736, 634: 498, 635: 268, 636: 30, 645: 268, 646: 30, 651: 268, 652: 30, 661: 512, 662: 750, 663: 30, 664: 268, 665: 414, 666: 652, 667: 268, 668: 30, 713: 764, 714: 526, 717: 652, 718: 414, 719: 58, 720: 296, 721: 380, 722: 142, 723: 268, 724: 30, 743: 142, 744: 380, 745: 296, 746: 58, 747: 498, 748: 736, 763: 268, 764: 30, 765: 268, 766: 30, 767: 142, 768: 380, 785: 268, 786: 30, 787: 380, 788: 142, 789: 736, 790: 498, 791: 512, 792: 750, 793: 736, 794: 498, 795: 268, 796: 30, 797: 380, 798: 142, 799: 30, 800: 268, 801: 540, 802: 778, 879: 268, 880: 30}
Number of lables used:  18
Total time: 0.38 seconds
Memory used: 36.03 MB
--------------------------------------------------

Trying with at most 17 labels...
Solution:
{13: 30, 14: 268, 15: 750, 16: 512, 53: 142, 54: 380, 79: 296, 80: 58, 81: 268, 82: 30, 83: 652, 84: 414, 85: 268, 86: 30, 127: 414, 128: 652, 129: 296, 130: 58, 143: 792, 144: 554, 145: 268, 146: 30, 205: 268, 206: 30, 233: 58, 234: 296, 235: 736, 236: 498, 237: 750, 238: 512, 261: 296, 262: 58, 263: 750, 264: 512, 265: 652, 266: 414, 267: 296, 268: 58, 269: 764, 270: 526, 271: 792, 272: 554, 273: 652, 274: 414, 275: 652, 276: 414, 277: 736, 278: 498, 281: 750, 282: 512, 283: 414, 284: 652, 289: 554, 290: 792, 291: 30, 292: 268, 303: 58, 304: 296, 305: 414, 306: 652, 321: 30, 322: 268, 323: 792, 324: 554, 325: 652, 326: 414, 327: 764, 328: 526, 329: 268, 330: 30, 341: 58, 342: 296, 343: 526, 344: 764, 349: 764, 350: 526, 351: 58, 352: 296, 435: 380, 436: 142, 475: 30, 476: 268, 481: 58, 482: 296, 517: 268, 518: 30, 519: 30, 520: 268, 555: 268, 556: 30, 557: 736, 558: 498, 559: 498, 560: 736, 561: 736, 562: 498, 565: 526, 566: 764, 577: 414, 578: 652, 579: 296, 580: 58, 583: 380, 584: 142, 585: 30, 586: 268, 587: 380, 588: 142, 589: 380, 590: 142, 591: 380, 592: 142, 593: 764, 594: 526, 595: 526, 596: 764, 597: 296, 598: 58, 599: 764, 600: 526, 601: 296, 602: 58, 603: 268, 604: 30, 605: 750, 606: 512, 607: 512, 608: 750, 613: 750, 614: 512, 615: 380, 616: 142, 617: 498, 618: 736, 621: 268, 622: 30, 625: 142, 626: 380, 629: 750, 630: 512, 631: 268, 632: 30, 633: 736, 634: 498, 635: 268, 636: 30, 645: 268, 646: 30, 651: 268, 652: 30, 661: 512, 662: 750, 663: 30, 664: 268, 665: 414, 666: 652, 667: 268, 668: 30, 713: 736, 714: 498, 717: 652, 718: 414, 719: 58, 720: 296, 721: 380, 722: 142, 723: 268, 724: 30, 743: 142, 744: 380, 745: 296, 746: 58, 747: 296, 748: 58, 763: 268, 764: 30, 765: 736, 766: 498, 767: 142, 768: 380, 785: 268, 786: 30, 787: 380, 788: 142, 789: 736, 790: 498, 791: 512, 792: 750, 793: 736, 794: 498, 795: 268, 796: 30, 797: 380, 798: 142, 799: 30, 800: 268, 801: 512, 802: 750, 879: 268, 880: 30}
Number of lables used:  16
Total time: 0.38 seconds
Memory used: 36.03 MB
--------------------------------------------------

Trying with at most 15 labels...
Solution:
{13: 30, 14: 268, 15: 652, 16: 414, 53: 142, 54: 380, 79: 296, 80: 58, 81: 268, 82: 30, 83: 652, 84: 414, 85: 268, 86: 30, 127: 414, 128: 652, 129: 296, 130: 58, 143: 750, 144: 512, 145: 268, 146: 30, 205: 268, 206: 30, 233: 58, 234: 296, 235: 736, 236: 498, 237: 750, 238: 512, 261: 296, 262: 58, 263: 750, 264: 512, 265: 652, 266: 414, 267: 296, 268: 58, 269: 764, 270: 526, 271: 736, 272: 498, 273: 652, 274: 414, 275: 652, 276: 414, 277: 736, 278: 498, 281: 764, 282: 526, 283: 414, 284: 652, 289: 526, 290: 764, 291: 30, 292: 268, 303: 58, 304: 296, 305: 414, 306: 652, 321: 30, 322: 268, 323: 498, 324: 736, 325: 652, 326: 414, 327: 764, 328: 526, 329: 268, 330: 30, 341: 58, 342: 296, 343: 526, 344: 764, 349: 764, 350: 526, 351: 58, 352: 296, 435: 380, 436: 142, 475: 30, 476: 268, 481: 58, 482: 296, 517: 268, 518: 30, 519: 736, 520: 498, 555: 268, 556: 30, 557: 526, 558: 764, 559: 498, 560: 736, 561: 736, 562: 498, 565: 526, 566: 764, 577: 414, 578: 652, 579: 296, 580: 58, 583: 380, 584: 142, 585: 30, 586: 268, 587: 380, 588: 142, 589: 380, 590: 142, 591: 380, 592: 142, 593: 512, 594: 750, 595: 526, 596: 764, 597: 30, 598: 268, 599: 512, 600: 750, 601: 296, 602: 58, 603: 268, 604: 30, 605: 750, 606: 512, 607: 512, 608: 750, 613: 498, 614: 736, 615: 380, 616: 142, 617: 498, 618: 736, 621: 268, 622: 30, 625: 142, 626: 380, 629: 750, 630: 512, 631: 268, 632: 30, 633: 736, 634: 498, 635: 268, 636: 30, 645: 268, 646: 30, 651: 268, 652: 30, 661: 512, 662: 750, 663: 30, 664: 268, 665: 296, 666: 58, 667: 268, 668: 30, 713: 736, 714: 498, 717: 652, 718: 414, 719: 58, 720: 296, 721: 380, 722: 142, 723: 268, 724: 30, 743: 142, 744: 380, 745: 296, 746: 58, 747: 296, 748: 58, 763: 268, 764: 30, 765: 380, 766: 142, 767: 142, 768: 380, 785: 652, 786: 414, 787: 380, 788: 142, 789: 736, 790: 498, 791: 512, 792: 750, 793: 736, 794: 498, 795: 268, 796: 30, 797: 380, 798: 142, 799: 30, 800: 268, 801: 512, 802: 750, 879: 268, 880: 30}
Number of lables used:  14
Total time: 0.38 seconds
Memory used: 36.04 MB
--------------------------------------------------

Trying with at most 13 labels...
[runlim] sample:		9.99 time, 10.01 real, 89 MB, 1.49 load
[runlim] sample:		19.98 time, 20.01 real, 89 MB, 1.49 load
[runlim] sample:		29.98 time, 30.01 real, 92 MB, 1.42 load
[runlim] sample:		39.98 time, 40.01 real, 98 MB, 1.43 load
[runlim] sample:		49.97 time, 50.01 real, 98 MB, 1.37 load
[runlim] sample:		59.97 time, 60.01 real, 98 MB, 1.31 load
[runlim] sample:		69.97 time, 70.01 real, 101 MB, 1.26 load
[runlim] sample:		79.97 time, 80.01 real, 101 MB, 1.22 load
[runlim] sample:		89.96 time, 90.01 real, 101 MB, 1.19 load
[runlim] sample:		99.96 time, 100.01 real, 132 MB, 1.16 load
[runlim] sample:		109.95 time, 110.01 real, 101 MB, 1.13 load
[runlim] sample:		119.95 time, 120.01 real, 101 MB, 1.11 load
[runlim] sample:		129.94 time, 130.01 real, 136 MB, 1.17 load
[runlim] sample:		139.93 time, 140.01 real, 139 MB, 1.14 load
[runlim] sample:		149.92 time, 150.01 real, 141 MB, 1.12 load
[runlim] sample:		159.91 time, 160.01 real, 142 MB, 1.25 load
[runlim] sample:		169.91 time, 170.01 real, 101 MB, 1.21 load
[runlim] sample:		179.90 time, 180.01 real, 141 MB, 1.41 load
[runlim] sample:		189.89 time, 190.01 real, 138 MB, 1.35 load
[runlim] sample:		199.89 time, 200.01 real, 133 MB, 1.29 load
[runlim] sample:		209.89 time, 210.01 real, 144 MB, 1.25 load
[runlim] sample:		219.87 time, 220.01 real, 137 MB, 1.21 load
[runlim] sample:		229.87 time, 230.01 real, 132 MB, 1.18 load
[runlim] sample:		239.87 time, 240.01 real, 144 MB, 1.15 load
[runlim] sample:		249.85 time, 250.01 real, 131 MB, 1.13 load
[runlim] sample:		259.85 time, 260.01 real, 141 MB, 1.11 load
[runlim] sample:		269.83 time, 270.01 real, 132 MB, 1.09 load
[runlim] sample:		279.83 time, 280.01 real, 144 MB, 1.23 load
[runlim] sample:		289.83 time, 290.01 real, 152 MB, 1.19 load
[runlim] sample:		299.81 time, 300.01 real, 140 MB, 1.31 load
[runlim] sample:		309.81 time, 310.01 real, 144 MB, 1.26 load
[runlim] sample:		319.80 time, 320.01 real, 152 MB, 1.30 load
[runlim] sample:		329.79 time, 330.01 real, 136 MB, 1.25 load
[runlim] sample:		339.79 time, 340.01 real, 144 MB, 1.29 load
[runlim] sample:		349.78 time, 350.01 real, 153 MB, 1.24 load
[runlim] sample:		359.78 time, 360.01 real, 157 MB, 1.28 load
[runlim] sample:		369.78 time, 370.01 real, 139 MB, 1.23 load
[runlim] sample:		379.77 time, 380.01 real, 145 MB, 1.27 load
[runlim] sample:		389.76 time, 390.01 real, 145 MB, 1.23 load
[runlim] sample:		399.77 time, 400.01 real, 149 MB, 1.19 load
[runlim] sample:		409.76 time, 410.01 real, 152 MB, 1.24 load
[runlim] sample:		419.75 time, 420.01 real, 154 MB, 1.21 load
[runlim] sample:		429.75 time, 430.01 real, 158 MB, 1.25 load
[runlim] sample:		439.75 time, 440.01 real, 159 MB, 1.22 load
[runlim] sample:		449.74 time, 450.01 real, 135 MB, 1.18 load
[runlim] sample:		459.74 time, 460.01 real, 141 MB, 1.15 load
[runlim] sample:		469.74 time, 470.01 real, 145 MB, 1.13 load
[runlim] sample:		479.73 time, 480.01 real, 149 MB, 1.11 load
[runlim] sample:		489.72 time, 490.01 real, 148 MB, 1.09 load
[runlim] sample:		499.72 time, 500.01 real, 150 MB, 1.08 load
[runlim] sample:		509.72 time, 510.01 real, 151 MB, 1.06 load
[runlim] sample:		519.72 time, 520.01 real, 154 MB, 1.05 load
[runlim] sample:		529.71 time, 530.01 real, 159 MB, 1.05 load
[runlim] sample:		539.71 time, 540.01 real, 160 MB, 1.04 load
[runlim] sample:		549.70 time, 550.01 real, 160 MB, 1.03 load
[runlim] sample:		559.70 time, 560.01 real, 157 MB, 1.11 load
[runlim] sample:		569.69 time, 570.01 real, 159 MB, 1.09 load
[runlim] sample:		579.69 time, 580.01 real, 154 MB, 1.08 load
[runlim] sample:		589.69 time, 590.01 real, 156 MB, 1.06 load
[runlim] sample:		599.68 time, 600.01 real, 151 MB, 1.13 load
[runlim] end:			Mon Mar  9 19:59:27 2026
[runlim] status:		out of time
[runlim] result:		2
[runlim] children:		1
[runlim] processes:		2
[runlim] real:			601.06 seconds
[runlim] time:			599.68 seconds
[runlim] space:			191 MB
[runlim] load:			1.54 maximum
[runlim] samples:		6000
