[runlim] version:		2.0.0rc12
[runlim] host:			ap-Precision-7550
[runlim] time limit:		311040000 seconds
[runlim] real time limit:	600 seconds
[runlim] space limit:		14000 MB
[runlim] argv[0]:		python3
[runlim] argv[1]:		-u
[runlim] argv[2]:		pairwise.py
[runlim] argv[3]:		graph05
[runlim] argv[4]:		assumptions
[runlim] argv[5]:		6
[runlim] start:			Tue Jun  9 06:04:15 2026
[runlim] child:			19400
Warning: variable 181 has no valid labels after preprocessing.
Cannot find solution!
Time taken: 0.03 seconds
Memory used: 20.10 MB
[runlim] end:			Tue Jun  9 06:04:15 2026
[runlim] status:		ok
[runlim] result:		0
[runlim] children:		0
[runlim] processes:		0
[runlim] real:			0.08 seconds
[runlim] time:			0.00 seconds
[runlim] space:			0 MB
[runlim] load:			1.12 maximum
[runlim] samples:		1
