[runlim] version:		2.0.0rc12
[runlim] host:			ap-Precision-7550
[runlim] time limit:		311040000 seconds
[runlim] real time limit:	600 seconds
[runlim] space limit:		14000 MB
[runlim] argv[0]:		python3
[runlim] argv[1]:		-u
[runlim] argv[2]:		pairwise.py
[runlim] argv[3]:		scen03
[runlim] argv[4]:		assumptions
[runlim] argv[5]:		6
[runlim] start:			Tue Jun  9 05:02:08 2026
[runlim] child:			19247
Number of assignment variables:  15892
Number of clauses for exactly one constraints:  399506
Number of clauses for distance constraints:  388941
---------------------------------------------------
Solve first problem:
Solution:
{13: 16, 14: 254, 15: 16, 16: 254, 23: 30, 24: 268, 49: 16, 50: 254, 51: 44, 52: 282, 53: 30, 54: 268, 67: 16, 68: 254, 69: 86, 70: 324, 79: 16, 80: 254, 81: 30, 82: 268, 83: 16, 84: 254, 85: 86, 86: 324, 103: 16, 104: 254, 105: 30, 106: 268, 117: 16, 118: 254, 119: 44, 120: 282, 127: 30, 128: 268, 129: 128, 130: 366, 143: 16, 144: 254, 145: 86, 146: 324, 151: 30, 152: 268, 153: 100, 154: 338, 155: 16, 156: 254, 157: 86, 158: 324, 179: 58, 180: 296, 181: 44, 182: 282, 183: 142, 184: 380, 191: 16, 192: 254, 193: 86, 194: 324, 205: 72, 206: 310, 209: 156, 210: 394, 211: 254, 212: 16, 213: 72, 214: 310, 215: 16, 216: 254, 217: 72, 218: 310, 233: 30, 234: 268, 235: 44, 236: 282, 237: 30, 238: 268, 261: 16, 262: 254, 263: 30, 264: 268, 265: 16, 266: 254, 267: 86, 268: 324, 269: 16, 270: 254, 271: 16, 272: 254, 273: 156, 274: 394, 275: 156, 276: 394, 277: 30, 278: 268, 281: 44, 282: 282, 283: 114, 284: 352, 285: 16, 286: 254, 287: 16, 288: 254, 289: 16, 290: 254, 291: 30, 292: 268, 293: 142, 294: 380, 295: 16, 296: 254, 299: 44, 300: 282, 301: 414, 302: 652, 303: 58, 304: 296, 305: 394, 306: 156, 307: 16, 308: 254, 309: 86, 310: 324, 311: 394, 312: 156, 313: 394, 314: 156, 321: 16, 322: 254, 323: 16, 324: 254, 325: 44, 326: 282, 327: 114, 328: 352, 329: 16, 330: 254, 339: 30, 340: 268, 341: 394, 342: 156, 343: 394, 344: 156, 345: 456, 346: 694, 347: 526, 348: 764, 349: 100, 350: 338, 351: 86, 352: 324, 355: 58, 356: 296, 357: 30, 358: 268, 359: 128, 360: 366, 361: 100, 362: 338, 363: 268, 364: 30, 365: 380, 366: 142, 367: 442, 368: 680, 369: 268, 370: 30, 371: 100, 372: 338, 375: 114, 376: 352, 377: 324, 378: 86, 383: 30, 384: 268, 387: 44, 388: 282, 397: 16, 398: 254, 401: 72, 402: 310, 405: 428, 406: 666, 435: 30, 436: 268, 439: 128, 440: 366, 449: 30, 450: 268, 471: 16, 472: 254, 475: 44, 476: 282, 477: 58, 478: 296, 481: 58, 482: 296, 491: 44, 492: 282, 493: 86, 494: 324, 495: 30, 496: 268, 517: 268, 518: 30, 519: 30, 520: 268, 525: 30, 526: 268, 533: 44, 534: 282, 535: 16, 536: 254, 547: 16, 548: 254, 555: 282, 556: 44, 557: 30, 558: 268, 559: 268, 560: 30, 561: 128, 562: 366, 563: 128, 564: 366, 565: 100, 566: 338, 573: 30, 574: 268, 575: 30, 576: 268, 577: 16, 578: 254, 579: 16, 580: 254, 581: 16, 582: 254, 583: 296, 584: 58, 585: 30, 586: 268, 587: 86, 588: 324, 589: 16, 590: 254, 591: 428, 592: 666, 593: 44, 594: 282, 595: 86, 596: 324, 597: 100, 598: 338, 599: 44, 600: 282, 601: 428, 602: 666, 603: 44, 604: 282, 605: 30, 606: 268, 607: 128, 608: 366, 613: 428, 614: 666, 615: 44, 616: 282, 617: 100, 618: 338, 619: 428, 620: 666, 621: 114, 622: 352, 623: 30, 624: 268, 625: 338, 626: 100, 629: 72, 630: 310, 631: 114, 632: 352, 633: 338, 634: 100, 635: 380, 636: 142, 637: 16, 638: 254, 639: 100, 640: 338, 641: 114, 642: 352, 643: 456, 644: 694, 645: 30, 646: 268, 651: 156, 652: 394, 653: 30, 654: 268, 661: 72, 662: 310, 663: 16, 664: 254, 665: 324, 666: 86, 667: 526, 668: 764, 671: 16, 672: 254, 713: 30, 714: 268, 715: 86, 716: 324, 717: 484, 718: 722, 719: 156, 720: 394, 721: 86, 722: 324, 723: 86, 724: 324, 725: 156, 726: 394, 727: 156, 728: 394, 733: 114, 734: 352, 741: 254, 742: 16, 743: 58, 744: 296, 745: 114, 746: 352, 747: 128, 748: 366, 757: 100, 758: 338, 759: 352, 760: 114, 763: 366, 764: 128, 765: 268, 766: 30, 767: 156, 768: 394, 769: 268, 770: 30, 771: 30, 772: 268, 773: 86, 774: 324, 783: 128, 784: 366, 785: 16, 786: 254, 787: 310, 788: 72, 789: 30, 790: 268, 791: 100, 792: 338, 793: 30, 794: 268, 795: 100, 796: 338, 797: 30, 798: 268, 799: 100, 800: 338, 801: 498, 802: 736, 815: 30, 816: 268, 817: 128, 818: 366, 825: 498, 826: 736, 827: 428, 828: 666, 829: 156, 830: 394, 835: 282, 836: 44, 837: 30, 838: 268, 867: 114, 868: 352, 875: 30, 876: 268, 877: 44, 878: 282, 879: 58, 880: 296, 881: 366, 882: 128, 893: 128, 894: 366, 903: 128, 904: 366, 911: 498, 912: 736}
Number of lables used:  36
Total time: 0.82 seconds
Memory used: 129.09 MB
--------------------------------------------------
Number of label variables:  48
Number of clauses for label constraints:  15892
Number of new variables for cardinality constraints:  1085
Number of clauses for cardinality constraints:  4270
Initial variable count:  102825
Initial clause count:  808609
--------------------------------------------------

Trying with at most 35 labels...
Solution:
{13: 254, 14: 16, 15: 254, 16: 16, 23: 282, 24: 44, 49: 268, 50: 30, 51: 414, 52: 652, 53: 554, 54: 792, 67: 414, 68: 652, 69: 554, 70: 792, 79: 254, 80: 16, 81: 268, 82: 30, 83: 414, 84: 652, 85: 554, 86: 792, 103: 282, 104: 44, 105: 254, 106: 16, 117: 554, 118: 792, 119: 414, 120: 652, 127: 652, 128: 414, 129: 554, 130: 792, 143: 324, 144: 86, 145: 254, 146: 16, 151: 792, 152: 554, 153: 142, 154: 380, 155: 58, 156: 296, 157: 128, 158: 366, 179: 156, 180: 394, 181: 394, 182: 156, 183: 310, 184: 72, 191: 414, 192: 652, 193: 554, 194: 792, 205: 268, 206: 30, 209: 44, 210: 282, 211: 128, 212: 366, 213: 268, 214: 30, 215: 254, 216: 16, 217: 296, 218: 58, 233: 268, 234: 30, 235: 100, 236: 338, 237: 72, 238: 310, 261: 254, 262: 16, 263: 366, 264: 128, 265: 414, 266: 652, 267: 254, 268: 16, 269: 652, 270: 414, 271: 652, 272: 414, 273: 554, 274: 792, 275: 554, 276: 792, 277: 156, 278: 394, 281: 554, 282: 792, 283: 268, 284: 30, 285: 114, 286: 352, 287: 254, 288: 16, 289: 254, 290: 16, 291: 554, 292: 792, 293: 380, 294: 142, 295: 414, 296: 652, 299: 792, 300: 554, 301: 414, 302: 652, 303: 100, 304: 338, 305: 16, 306: 254, 307: 254, 308: 16, 309: 414, 310: 652, 311: 554, 312: 792, 313: 554, 314: 792, 321: 254, 322: 16, 323: 254, 324: 16, 325: 414, 326: 652, 327: 554, 328: 792, 329: 254, 330: 16, 339: 100, 340: 338, 341: 44, 342: 282, 343: 44, 344: 282, 345: 414, 346: 652, 347: 554, 348: 792, 349: 58, 350: 296, 351: 30, 352: 268, 355: 296, 356: 58, 357: 100, 358: 338, 359: 30, 360: 268, 361: 268, 362: 30, 363: 142, 364: 380, 365: 282, 366: 44, 367: 114, 368: 352, 369: 114, 370: 352, 371: 254, 372: 16, 375: 282, 376: 44, 377: 100, 378: 338, 383: 114, 384: 352, 387: 100, 388: 338, 397: 554, 398: 792, 401: 30, 402: 268, 405: 128, 406: 366, 435: 128, 436: 366, 439: 268, 440: 30, 449: 100, 450: 338, 471: 254, 472: 16, 475: 100, 476: 338, 477: 268, 478: 30, 481: 114, 482: 352, 491: 114, 492: 352, 493: 268, 494: 30, 495: 268, 496: 30, 517: 268, 518: 30, 519: 100, 520: 338, 525: 282, 526: 44, 533: 282, 534: 44, 535: 254, 536: 16, 547: 554, 548: 792, 555: 324, 556: 86, 557: 268, 558: 30, 559: 114, 560: 352, 561: 128, 562: 366, 563: 338, 564: 100, 565: 100, 566: 338, 573: 268, 574: 30, 575: 352, 576: 114, 577: 554, 578: 792, 579: 554, 580: 792, 581: 554, 582: 792, 583: 338, 584: 100, 585: 554, 586: 792, 587: 254, 588: 16, 589: 554, 590: 792, 591: 114, 592: 352, 593: 142, 594: 380, 595: 296, 596: 58, 597: 282, 598: 44, 599: 100, 600: 338, 601: 282, 602: 44, 603: 268, 604: 30, 605: 268, 606: 30, 607: 30, 608: 268, 613: 296, 614: 58, 615: 296, 616: 58, 617: 268, 618: 30, 619: 268, 620: 30, 621: 100, 622: 338, 623: 100, 624: 338, 625: 268, 626: 30, 629: 282, 630: 44, 631: 268, 632: 30, 633: 282, 634: 44, 635: 268, 636: 30, 637: 254, 638: 16, 639: 268, 640: 30, 641: 268, 642: 30, 643: 100, 644: 338, 645: 128, 646: 366, 651: 254, 652: 16, 653: 254, 654: 16, 661: 254, 662: 16, 663: 254, 664: 16, 665: 394, 666: 156, 667: 16, 668: 254, 671: 30, 672: 268, 713: 156, 714: 394, 715: 254, 716: 16, 717: 44, 718: 282, 719: 128, 720: 366, 721: 254, 722: 16, 723: 254, 724: 16, 725: 254, 726: 16, 727: 254, 728: 16, 733: 268, 734: 30, 741: 268, 742: 30, 743: 352, 744: 114, 745: 268, 746: 30, 747: 100, 748: 338, 757: 100, 758: 338, 759: 268, 760: 30, 763: 268, 764: 30, 765: 254, 766: 16, 767: 128, 768: 366, 769: 30, 770: 268, 771: 128, 772: 366, 773: 254, 774: 16, 783: 268, 784: 30, 785: 254, 786: 16, 787: 296, 788: 58, 789: 100, 790: 338, 791: 268, 792: 30, 793: 100, 794: 338, 795: 268, 796: 30, 797: 100, 798: 338, 799: 282, 800: 44, 801: 310, 802: 72, 815: 100, 816: 338, 817: 268, 818: 30, 825: 380, 826: 142, 827: 282, 828: 44, 829: 282, 830: 44, 835: 352, 836: 114, 837: 268, 838: 30, 867: 100, 868: 338, 875: 114, 876: 352, 877: 282, 878: 44, 879: 100, 880: 338, 881: 268, 882: 30, 893: 268, 894: 30, 903: 254, 904: 16, 911: 16, 912: 254}
Number of lables used:  26
Total time: 1.06 seconds
Memory used: 131.17 MB
--------------------------------------------------

Trying with at most 25 labels...
Solution:
{13: 254, 14: 16, 15: 254, 16: 16, 23: 282, 24: 44, 49: 268, 50: 30, 51: 414, 52: 652, 53: 554, 54: 792, 67: 414, 68: 652, 69: 554, 70: 792, 79: 254, 80: 16, 81: 268, 82: 30, 83: 414, 84: 652, 85: 554, 86: 792, 103: 282, 104: 44, 105: 254, 106: 16, 117: 554, 118: 792, 119: 414, 120: 652, 127: 652, 128: 414, 129: 554, 130: 792, 143: 114, 144: 352, 145: 254, 146: 16, 151: 792, 152: 554, 153: 142, 154: 380, 155: 58, 156: 296, 157: 128, 158: 366, 179: 156, 180: 394, 181: 394, 182: 156, 183: 310, 184: 72, 191: 414, 192: 652, 193: 554, 194: 792, 205: 268, 206: 30, 209: 44, 210: 282, 211: 128, 212: 366, 213: 268, 214: 30, 215: 254, 216: 16, 217: 296, 218: 58, 233: 268, 234: 30, 235: 100, 236: 338, 237: 72, 238: 310, 261: 254, 262: 16, 263: 366, 264: 128, 265: 414, 266: 652, 267: 254, 268: 16, 269: 652, 270: 414, 271: 652, 272: 414, 273: 554, 274: 792, 275: 554, 276: 792, 277: 156, 278: 394, 281: 554, 282: 792, 283: 268, 284: 30, 285: 114, 286: 352, 287: 254, 288: 16, 289: 254, 290: 16, 291: 554, 292: 792, 293: 380, 294: 142, 295: 414, 296: 652, 299: 792, 300: 554, 301: 414, 302: 652, 303: 100, 304: 338, 305: 16, 306: 254, 307: 254, 308: 16, 309: 414, 310: 652, 311: 554, 312: 792, 313: 554, 314: 792, 321: 254, 322: 16, 323: 254, 324: 16, 325: 414, 326: 652, 327: 554, 328: 792, 329: 254, 330: 16, 339: 100, 340: 338, 341: 44, 342: 282, 343: 44, 344: 282, 345: 414, 346: 652, 347: 554, 348: 792, 349: 58, 350: 296, 351: 30, 352: 268, 355: 296, 356: 58, 357: 100, 358: 338, 359: 30, 360: 268, 361: 268, 362: 30, 363: 142, 364: 380, 365: 282, 366: 44, 367: 114, 368: 352, 369: 114, 370: 352, 371: 254, 372: 16, 375: 282, 376: 44, 377: 100, 378: 338, 383: 114, 384: 352, 387: 100, 388: 338, 397: 554, 398: 792, 401: 30, 402: 268, 405: 128, 406: 366, 435: 128, 436: 366, 439: 268, 440: 30, 449: 100, 450: 338, 471: 254, 472: 16, 475: 100, 476: 338, 477: 268, 478: 30, 481: 114, 482: 352, 491: 114, 492: 352, 493: 268, 494: 30, 495: 268, 496: 30, 517: 268, 518: 30, 519: 100, 520: 338, 525: 282, 526: 44, 533: 282, 534: 44, 535: 254, 536: 16, 547: 554, 548: 792, 555: 352, 556: 114, 557: 268, 558: 30, 559: 114, 560: 352, 561: 128, 562: 366, 563: 338, 564: 100, 565: 100, 566: 338, 573: 268, 574: 30, 575: 352, 576: 114, 577: 554, 578: 792, 579: 554, 580: 792, 581: 554, 582: 792, 583: 338, 584: 100, 585: 554, 586: 792, 587: 254, 588: 16, 589: 554, 590: 792, 591: 114, 592: 352, 593: 142, 594: 380, 595: 296, 596: 58, 597: 282, 598: 44, 599: 100, 600: 338, 601: 282, 602: 44, 603: 268, 604: 30, 605: 268, 606: 30, 607: 30, 608: 268, 613: 296, 614: 58, 615: 296, 616: 58, 617: 268, 618: 30, 619: 268, 620: 30, 621: 100, 622: 338, 623: 100, 624: 338, 625: 268, 626: 30, 629: 282, 630: 44, 631: 268, 632: 30, 633: 282, 634: 44, 635: 268, 636: 30, 637: 254, 638: 16, 639: 268, 640: 30, 641: 268, 642: 30, 643: 100, 644: 338, 645: 128, 646: 366, 651: 254, 652: 16, 653: 254, 654: 16, 661: 254, 662: 16, 663: 254, 664: 16, 665: 394, 666: 156, 667: 16, 668: 254, 671: 30, 672: 268, 713: 156, 714: 394, 715: 254, 716: 16, 717: 44, 718: 282, 719: 652, 720: 414, 721: 254, 722: 16, 723: 254, 724: 16, 725: 254, 726: 16, 727: 254, 728: 16, 733: 268, 734: 30, 741: 268, 742: 30, 743: 352, 744: 114, 745: 268, 746: 30, 747: 100, 748: 338, 757: 100, 758: 338, 759: 268, 760: 30, 763: 268, 764: 30, 765: 254, 766: 16, 767: 128, 768: 366, 769: 30, 770: 268, 771: 128, 772: 366, 773: 254, 774: 16, 783: 268, 784: 30, 785: 254, 786: 16, 787: 296, 788: 58, 789: 100, 790: 338, 791: 268, 792: 30, 793: 100, 794: 338, 795: 268, 796: 30, 797: 100, 798: 338, 799: 282, 800: 44, 801: 310, 802: 72, 815: 100, 816: 338, 817: 268, 818: 30, 825: 380, 826: 142, 827: 282, 828: 44, 829: 282, 830: 44, 835: 352, 836: 114, 837: 268, 838: 30, 867: 100, 868: 338, 875: 114, 876: 352, 877: 282, 878: 44, 879: 100, 880: 338, 881: 268, 882: 30, 893: 268, 894: 30, 903: 254, 904: 16, 911: 16, 912: 254}
Number of lables used:  24
Total time: 1.07 seconds
Memory used: 131.17 MB
--------------------------------------------------

Trying with at most 23 labels...
Solution:
{13: 254, 14: 16, 15: 254, 16: 16, 23: 282, 24: 44, 49: 268, 50: 30, 51: 366, 52: 128, 53: 554, 54: 792, 67: 142, 68: 380, 69: 554, 70: 792, 79: 254, 80: 16, 81: 268, 82: 30, 83: 128, 84: 366, 85: 554, 86: 792, 103: 282, 104: 44, 105: 254, 106: 16, 117: 254, 118: 16, 119: 792, 120: 554, 127: 156, 128: 394, 129: 554, 130: 792, 143: 128, 144: 366, 145: 254, 146: 16, 151: 16, 152: 254, 153: 142, 154: 380, 155: 30, 156: 268, 157: 128, 158: 366, 179: 156, 180: 394, 181: 394, 182: 156, 183: 310, 184: 72, 191: 128, 192: 366, 193: 554, 194: 792, 205: 366, 206: 128, 209: 554, 210: 792, 211: 86, 212: 324, 213: 352, 214: 114, 215: 86, 216: 324, 217: 296, 218: 58, 233: 268, 234: 30, 235: 114, 236: 352, 237: 72, 238: 310, 261: 254, 262: 16, 263: 366, 264: 128, 265: 254, 266: 16, 267: 792, 268: 554, 269: 156, 270: 394, 271: 156, 272: 394, 273: 554, 274: 792, 275: 554, 276: 792, 277: 156, 278: 394, 281: 554, 282: 792, 283: 268, 284: 30, 285: 554, 286: 792, 287: 254, 288: 16, 289: 254, 290: 16, 291: 554, 292: 792, 293: 380, 294: 142, 295: 554, 296: 792, 299: 380, 300: 142, 301: 16, 302: 254, 303: 30, 304: 268, 305: 394, 306: 156, 307: 268, 308: 30, 309: 16, 310: 254, 311: 554, 312: 792, 313: 554, 314: 792, 321: 254, 322: 16, 323: 254, 324: 16, 325: 16, 326: 254, 327: 554, 328: 792, 329: 254, 330: 16, 339: 156, 340: 394, 341: 58, 342: 296, 343: 44, 344: 282, 345: 324, 346: 86, 347: 554, 348: 792, 349: 58, 350: 296, 351: 30, 352: 268, 355: 296, 356: 58, 357: 114, 358: 352, 359: 30, 360: 268, 361: 268, 362: 30, 363: 142, 364: 380, 365: 282, 366: 44, 367: 114, 368: 352, 369: 114, 370: 352, 371: 254, 372: 16, 375: 282, 376: 44, 377: 44, 378: 282, 383: 128, 384: 366, 387: 114, 388: 352, 397: 554, 398: 792, 401: 366, 402: 128, 405: 128, 406: 366, 435: 128, 436: 366, 439: 268, 440: 30, 449: 114, 450: 352, 471: 254, 472: 16, 475: 114, 476: 352, 477: 268, 478: 30, 481: 142, 482: 380, 491: 114, 492: 352, 493: 268, 494: 30, 495: 268, 496: 30, 517: 142, 518: 380, 519: 114, 520: 352, 525: 282, 526: 44, 533: 282, 534: 44, 535: 254, 536: 16, 547: 554, 548: 792, 555: 352, 556: 114, 557: 268, 558: 30, 559: 114, 560: 352, 561: 128, 562: 366, 563: 324, 564: 86, 565: 30, 566: 268, 573: 268, 574: 30, 575: 352, 576: 114, 577: 554, 578: 792, 579: 554, 580: 792, 581: 554, 582: 792, 583: 366, 584: 128, 585: 554, 586: 792, 587: 142, 588: 380, 589: 554, 590: 792, 591: 142, 592: 380, 593: 142, 594: 380, 595: 296, 596: 58, 597: 282, 598: 44, 599: 296, 600: 58, 601: 282, 602: 44, 603: 268, 604: 30, 605: 268, 606: 30, 607: 30, 608: 268, 613: 296, 614: 58, 615: 296, 616: 58, 617: 142, 618: 380, 619: 128, 620: 366, 621: 114, 622: 352, 623: 114, 624: 352, 625: 268, 626: 30, 629: 282, 630: 44, 631: 268, 632: 30, 633: 282, 634: 44, 635: 380, 636: 142, 637: 254, 638: 16, 639: 268, 640: 30, 641: 44, 642: 282, 643: 86, 644: 324, 645: 128, 646: 366, 651: 254, 652: 16, 653: 254, 654: 16, 661: 254, 662: 16, 663: 254, 664: 16, 665: 394, 666: 156, 667: 268, 668: 30, 671: 44, 672: 282, 713: 156, 714: 394, 715: 30, 716: 268, 717: 44, 718: 282, 719: 554, 720: 792, 721: 254, 722: 16, 723: 254, 724: 16, 725: 254, 726: 16, 727: 254, 728: 16, 733: 268, 734: 30, 741: 554, 742: 792, 743: 380, 744: 142, 745: 44, 746: 282, 747: 114, 748: 352, 757: 114, 758: 352, 759: 268, 760: 30, 763: 268, 764: 30, 765: 254, 766: 16, 767: 128, 768: 366, 769: 30, 770: 268, 771: 128, 772: 366, 773: 254, 774: 16, 783: 268, 784: 30, 785: 254, 786: 16, 787: 296, 788: 58, 789: 114, 790: 352, 791: 268, 792: 30, 793: 114, 794: 352, 795: 268, 796: 30, 797: 114, 798: 352, 799: 282, 800: 44, 801: 310, 802: 72, 815: 114, 816: 352, 817: 268, 818: 30, 825: 282, 826: 44, 827: 380, 828: 142, 829: 394, 830: 156, 835: 352, 836: 114, 837: 268, 838: 30, 867: 114, 868: 352, 875: 114, 876: 352, 877: 282, 878: 44, 879: 268, 880: 30, 881: 268, 882: 30, 893: 268, 894: 30, 903: 16, 904: 254, 911: 86, 912: 324}
Number of lables used:  22
Total time: 1.10 seconds
Memory used: 131.17 MB
--------------------------------------------------

Trying with at most 21 labels...
Solution:
{13: 254, 14: 16, 15: 254, 16: 16, 23: 282, 24: 44, 49: 268, 50: 30, 51: 366, 52: 128, 53: 554, 54: 792, 67: 142, 68: 380, 69: 554, 70: 792, 79: 254, 80: 16, 81: 268, 82: 30, 83: 128, 84: 366, 85: 554, 86: 792, 103: 282, 104: 44, 105: 254, 106: 16, 117: 254, 118: 16, 119: 792, 120: 554, 127: 156, 128: 394, 129: 554, 130: 792, 143: 128, 144: 366, 145: 254, 146: 16, 151: 16, 152: 254, 153: 142, 154: 380, 155: 30, 156: 268, 157: 128, 158: 366, 179: 156, 180: 394, 181: 394, 182: 156, 183: 296, 184: 58, 191: 128, 192: 366, 193: 554, 194: 792, 205: 366, 206: 128, 209: 554, 210: 792, 211: 86, 212: 324, 213: 352, 214: 114, 215: 86, 216: 324, 217: 352, 218: 114, 233: 268, 234: 30, 235: 114, 236: 352, 237: 86, 238: 324, 261: 254, 262: 16, 263: 366, 264: 128, 265: 254, 266: 16, 267: 792, 268: 554, 269: 156, 270: 394, 271: 156, 272: 394, 273: 554, 274: 792, 275: 554, 276: 792, 277: 156, 278: 394, 281: 554, 282: 792, 283: 268, 284: 30, 285: 554, 286: 792, 287: 254, 288: 16, 289: 254, 290: 16, 291: 554, 292: 792, 293: 380, 294: 142, 295: 554, 296: 792, 299: 380, 300: 142, 301: 16, 302: 254, 303: 30, 304: 268, 305: 394, 306: 156, 307: 268, 308: 30, 309: 16, 310: 254, 311: 554, 312: 792, 313: 554, 314: 792, 321: 254, 322: 16, 323: 254, 324: 16, 325: 16, 326: 254, 327: 554, 328: 792, 329: 254, 330: 16, 339: 156, 340: 394, 341: 58, 342: 296, 343: 44, 344: 282, 345: 324, 346: 86, 347: 554, 348: 792, 349: 58, 350: 296, 351: 30, 352: 268, 355: 296, 356: 58, 357: 114, 358: 352, 359: 30, 360: 268, 361: 268, 362: 30, 363: 142, 364: 380, 365: 282, 366: 44, 367: 114, 368: 352, 369: 114, 370: 352, 371: 254, 372: 16, 375: 282, 376: 44, 377: 86, 378: 324, 383: 128, 384: 366, 387: 114, 388: 352, 397: 554, 398: 792, 401: 366, 402: 128, 405: 128, 406: 366, 435: 128, 436: 366, 439: 268, 440: 30, 449: 114, 450: 352, 471: 254, 472: 16, 475: 114, 476: 352, 477: 268, 478: 30, 481: 142, 482: 380, 491: 114, 492: 352, 493: 268, 494: 30, 495: 268, 496: 30, 517: 282, 518: 44, 519: 114, 520: 352, 525: 282, 526: 44, 533: 282, 534: 44, 535: 254, 536: 16, 547: 554, 548: 792, 555: 352, 556: 114, 557: 268, 558: 30, 559: 114, 560: 352, 561: 128, 562: 366, 563: 324, 564: 86, 565: 30, 566: 268, 573: 268, 574: 30, 575: 352, 576: 114, 577: 554, 578: 792, 579: 554, 580: 792, 581: 554, 582: 792, 583: 366, 584: 128, 585: 554, 586: 792, 587: 142, 588: 380, 589: 554, 590: 792, 591: 142, 592: 380, 593: 142, 594: 380, 595: 296, 596: 58, 597: 282, 598: 44, 599: 296, 600: 58, 601: 282, 602: 44, 603: 268, 604: 30, 605: 268, 606: 30, 607: 30, 608: 268, 613: 296, 614: 58, 615: 282, 616: 44, 617: 142, 618: 380, 619: 128, 620: 366, 621: 114, 622: 352, 623: 114, 624: 352, 625: 268, 626: 30, 629: 282, 630: 44, 631: 268, 632: 30, 633: 282, 634: 44, 635: 380, 636: 142, 637: 254, 638: 16, 639: 268, 640: 30, 641: 44, 642: 282, 643: 86, 644: 324, 645: 128, 646: 366, 651: 254, 652: 16, 653: 254, 654: 16, 661: 254, 662: 16, 663: 254, 664: 16, 665: 394, 666: 156, 667: 268, 668: 30, 671: 44, 672: 282, 713: 156, 714: 394, 715: 30, 716: 268, 717: 44, 718: 282, 719: 554, 720: 792, 721: 254, 722: 16, 723: 254, 724: 16, 725: 254, 726: 16, 727: 254, 728: 16, 733: 268, 734: 30, 741: 554, 742: 792, 743: 380, 744: 142, 745: 44, 746: 282, 747: 114, 748: 352, 757: 114, 758: 352, 759: 268, 760: 30, 763: 268, 764: 30, 765: 254, 766: 16, 767: 128, 768: 366, 769: 30, 770: 268, 771: 128, 772: 366, 773: 254, 774: 16, 783: 268, 784: 30, 785: 254, 786: 16, 787: 296, 788: 58, 789: 114, 790: 352, 791: 268, 792: 30, 793: 114, 794: 352, 795: 268, 796: 30, 797: 114, 798: 352, 799: 282, 800: 44, 801: 324, 802: 86, 815: 114, 816: 352, 817: 268, 818: 30, 825: 282, 826: 44, 827: 380, 828: 142, 829: 394, 830: 156, 835: 352, 836: 114, 837: 268, 838: 30, 867: 114, 868: 352, 875: 114, 876: 352, 877: 282, 878: 44, 879: 268, 880: 30, 881: 268, 882: 30, 893: 268, 894: 30, 903: 16, 904: 254, 911: 86, 912: 324}
Number of lables used:  20
Total time: 1.12 seconds
Memory used: 131.17 MB
--------------------------------------------------

Trying with at most 19 labels...
Solution:
{13: 254, 14: 16, 15: 254, 16: 16, 23: 282, 24: 44, 49: 268, 50: 30, 51: 380, 52: 142, 53: 554, 54: 792, 67: 142, 68: 380, 69: 554, 70: 792, 79: 254, 80: 16, 81: 268, 82: 30, 83: 142, 84: 380, 85: 554, 86: 792, 103: 282, 104: 44, 105: 254, 106: 16, 117: 254, 118: 16, 119: 792, 120: 554, 127: 114, 128: 352, 129: 554, 130: 792, 143: 86, 144: 324, 145: 16, 146: 254, 151: 16, 152: 254, 153: 142, 154: 380, 155: 142, 156: 380, 157: 282, 158: 44, 179: 156, 180: 394, 181: 394, 182: 156, 183: 296, 184: 58, 191: 142, 192: 380, 193: 554, 194: 792, 205: 394, 206: 156, 209: 554, 210: 792, 211: 86, 212: 324, 213: 394, 214: 156, 215: 86, 216: 324, 217: 352, 218: 114, 233: 268, 234: 30, 235: 114, 236: 352, 237: 86, 238: 324, 261: 254, 262: 16, 263: 554, 264: 792, 265: 254, 266: 16, 267: 792, 268: 554, 269: 156, 270: 394, 271: 156, 272: 394, 273: 268, 274: 30, 275: 268, 276: 30, 277: 156, 278: 394, 281: 554, 282: 792, 283: 44, 284: 282, 285: 554, 286: 792, 287: 254, 288: 16, 289: 254, 290: 16, 291: 554, 292: 792, 293: 380, 294: 142, 295: 554, 296: 792, 299: 380, 300: 142, 301: 16, 302: 254, 303: 30, 304: 268, 305: 394, 306: 156, 307: 268, 308: 30, 309: 16, 310: 254, 311: 554, 312: 792, 313: 554, 314: 792, 321: 254, 322: 16, 323: 254, 324: 16, 325: 16, 326: 254, 327: 156, 328: 394, 329: 254, 330: 16, 339: 156, 340: 394, 341: 268, 342: 30, 343: 296, 344: 58, 345: 16, 346: 254, 347: 554, 348: 792, 349: 58, 350: 296, 351: 30, 352: 268, 355: 296, 356: 58, 357: 114, 358: 352, 359: 30, 360: 268, 361: 268, 362: 30, 363: 142, 364: 380, 365: 282, 366: 44, 367: 114, 368: 352, 369: 114, 370: 352, 371: 254, 372: 16, 375: 282, 376: 44, 377: 86, 378: 324, 383: 58, 384: 296, 387: 114, 388: 352, 397: 554, 398: 792, 401: 282, 402: 44, 405: 142, 406: 380, 435: 58, 436: 296, 439: 268, 440: 30, 449: 114, 450: 352, 471: 554, 472: 792, 475: 114, 476: 352, 477: 268, 478: 30, 481: 142, 482: 380, 491: 114, 492: 352, 493: 268, 494: 30, 495: 268, 496: 30, 517: 282, 518: 44, 519: 114, 520: 352, 525: 282, 526: 44, 533: 282, 534: 44, 535: 254, 536: 16, 547: 554, 548: 792, 555: 380, 556: 142, 557: 268, 558: 30, 559: 114, 560: 352, 561: 30, 562: 268, 563: 324, 564: 86, 565: 30, 566: 268, 573: 268, 574: 30, 575: 352, 576: 114, 577: 554, 578: 792, 579: 554, 580: 792, 581: 554, 582: 792, 583: 58, 584: 296, 585: 554, 586: 792, 587: 142, 588: 380, 589: 554, 590: 792, 591: 142, 592: 380, 593: 352, 594: 114, 595: 296, 596: 58, 597: 282, 598: 44, 599: 296, 600: 58, 601: 282, 602: 44, 603: 268, 604: 30, 605: 44, 606: 282, 607: 44, 608: 282, 613: 296, 614: 58, 615: 86, 616: 324, 617: 142, 618: 380, 619: 44, 620: 282, 621: 114, 622: 352, 623: 114, 624: 352, 625: 268, 626: 30, 629: 282, 630: 44, 631: 268, 632: 30, 633: 282, 634: 44, 635: 380, 636: 142, 637: 254, 638: 16, 639: 268, 640: 30, 641: 44, 642: 282, 643: 86, 644: 324, 645: 86, 646: 324, 651: 254, 652: 16, 653: 254, 654: 16, 661: 254, 662: 16, 663: 554, 664: 792, 665: 86, 666: 324, 667: 268, 668: 30, 671: 44, 672: 282, 713: 156, 714: 394, 715: 30, 716: 268, 717: 792, 718: 554, 719: 268, 720: 30, 721: 16, 722: 254, 723: 16, 724: 254, 725: 394, 726: 156, 727: 352, 728: 114, 733: 268, 734: 30, 741: 554, 742: 792, 743: 44, 744: 282, 745: 44, 746: 282, 747: 114, 748: 352, 757: 114, 758: 352, 759: 268, 760: 30, 763: 268, 764: 30, 765: 254, 766: 16, 767: 156, 768: 394, 769: 30, 770: 268, 771: 156, 772: 394, 773: 254, 774: 16, 783: 268, 784: 30, 785: 254, 786: 16, 787: 296, 788: 58, 789: 114, 790: 352, 791: 268, 792: 30, 793: 114, 794: 352, 795: 268, 796: 30, 797: 114, 798: 352, 799: 282, 800: 44, 801: 324, 802: 86, 815: 114, 816: 352, 817: 268, 818: 30, 825: 380, 826: 142, 827: 380, 828: 142, 829: 352, 830: 114, 835: 352, 836: 114, 837: 268, 838: 30, 867: 114, 868: 352, 875: 114, 876: 352, 877: 282, 878: 44, 879: 268, 880: 30, 881: 268, 882: 30, 893: 268, 894: 30, 903: 16, 904: 254, 911: 44, 912: 282}
Number of lables used:  18
Total time: 1.14 seconds
Memory used: 131.17 MB
--------------------------------------------------

Trying with at most 17 labels...
Solution:
{13: 156, 14: 394, 15: 156, 16: 394, 23: 540, 24: 778, 49: 86, 50: 324, 51: 380, 52: 142, 53: 540, 54: 778, 67: 142, 68: 380, 69: 540, 70: 778, 79: 254, 80: 16, 81: 268, 82: 30, 83: 142, 84: 380, 85: 540, 86: 778, 103: 540, 104: 778, 105: 16, 106: 254, 117: 296, 118: 58, 119: 778, 120: 540, 127: 778, 128: 540, 129: 142, 130: 380, 143: 114, 144: 352, 145: 540, 146: 778, 151: 114, 152: 352, 153: 30, 154: 268, 155: 142, 156: 380, 157: 778, 158: 540, 179: 16, 180: 254, 181: 16, 182: 254, 183: 394, 184: 156, 191: 142, 192: 380, 193: 540, 194: 778, 205: 86, 206: 324, 209: 380, 210: 142, 211: 540, 212: 778, 213: 58, 214: 296, 215: 394, 216: 156, 217: 86, 218: 324, 233: 268, 234: 30, 235: 114, 236: 352, 237: 86, 238: 324, 261: 254, 262: 16, 263: 540, 264: 778, 265: 254, 266: 16, 267: 394, 268: 156, 269: 394, 270: 156, 271: 394, 272: 156, 273: 380, 274: 142, 275: 380, 276: 142, 277: 16, 278: 254, 281: 30, 282: 268, 283: 142, 284: 380, 285: 540, 286: 778, 287: 268, 288: 30, 289: 254, 290: 16, 291: 540, 292: 778, 293: 380, 294: 142, 295: 540, 296: 778, 299: 30, 300: 268, 301: 114, 302: 352, 303: 16, 304: 254, 305: 142, 306: 380, 307: 254, 308: 16, 309: 30, 310: 268, 311: 540, 312: 778, 313: 352, 314: 114, 321: 156, 322: 394, 323: 156, 324: 394, 325: 16, 326: 254, 327: 352, 328: 114, 329: 254, 330: 16, 339: 86, 340: 324, 341: 268, 342: 30, 343: 296, 344: 58, 345: 394, 346: 156, 347: 16, 348: 254, 349: 58, 350: 296, 351: 30, 352: 268, 355: 296, 356: 58, 357: 114, 358: 352, 359: 30, 360: 268, 361: 268, 362: 30, 363: 142, 364: 380, 365: 324, 366: 86, 367: 114, 368: 352, 369: 142, 370: 380, 371: 540, 372: 778, 375: 58, 376: 296, 377: 296, 378: 58, 383: 58, 384: 296, 387: 114, 388: 352, 397: 540, 398: 778, 401: 324, 402: 86, 405: 540, 406: 778, 435: 58, 436: 296, 439: 540, 440: 778, 449: 114, 450: 352, 471: 540, 472: 778, 475: 114, 476: 352, 477: 30, 478: 268, 481: 142, 482: 380, 491: 114, 492: 352, 493: 268, 494: 30, 495: 254, 496: 16, 517: 324, 518: 86, 519: 114, 520: 352, 525: 296, 526: 58, 533: 254, 534: 16, 535: 268, 536: 30, 547: 540, 548: 778, 555: 540, 556: 778, 557: 540, 558: 778, 559: 114, 560: 352, 561: 30, 562: 268, 563: 380, 564: 142, 565: 30, 566: 268, 573: 268, 574: 30, 575: 540, 576: 778, 577: 156, 578: 394, 579: 540, 580: 778, 581: 540, 582: 778, 583: 114, 584: 352, 585: 540, 586: 778, 587: 142, 588: 380, 589: 540, 590: 778, 591: 540, 592: 778, 593: 296, 594: 58, 595: 58, 596: 296, 597: 268, 598: 30, 599: 142, 600: 380, 601: 540, 602: 778, 603: 268, 604: 30, 605: 58, 606: 296, 607: 86, 608: 324, 613: 296, 614: 58, 615: 58, 616: 296, 617: 30, 618: 268, 619: 86, 620: 324, 621: 114, 622: 352, 623: 114, 624: 352, 625: 268, 626: 30, 629: 30, 630: 268, 631: 540, 632: 778, 633: 296, 634: 58, 635: 380, 636: 142, 637: 254, 638: 16, 639: 268, 640: 30, 641: 58, 642: 296, 643: 142, 644: 380, 645: 86, 646: 324, 651: 268, 652: 30, 653: 114, 654: 352, 661: 16, 662: 254, 663: 540, 664: 778, 665: 16, 666: 254, 667: 254, 668: 16, 671: 58, 672: 296, 713: 16, 714: 254, 715: 30, 716: 268, 717: 30, 718: 268, 719: 380, 720: 142, 721: 540, 722: 778, 723: 540, 724: 778, 725: 268, 726: 30, 727: 268, 728: 30, 733: 268, 734: 30, 741: 324, 742: 86, 743: 380, 744: 142, 745: 58, 746: 296, 747: 114, 748: 352, 757: 114, 758: 352, 759: 268, 760: 30, 763: 268, 764: 30, 765: 394, 766: 156, 767: 86, 768: 324, 769: 30, 770: 268, 771: 156, 772: 394, 773: 268, 774: 30, 783: 268, 784: 30, 785: 142, 786: 380, 787: 296, 788: 58, 789: 114, 790: 352, 791: 268, 792: 30, 793: 114, 794: 352, 795: 268, 796: 30, 797: 114, 798: 352, 799: 30, 800: 268, 801: 380, 802: 142, 815: 114, 816: 352, 817: 30, 818: 268, 825: 268, 826: 30, 827: 324, 828: 86, 829: 352, 830: 114, 835: 352, 836: 114, 837: 268, 838: 30, 867: 114, 868: 352, 875: 114, 876: 352, 877: 540, 878: 778, 879: 268, 880: 30, 881: 268, 882: 30, 893: 268, 894: 30, 903: 16, 904: 254, 911: 30, 912: 268}
Number of lables used:  16
Total time: 1.16 seconds
Memory used: 131.17 MB
--------------------------------------------------

Trying with at most 15 labels...
Solution:
{13: 72, 14: 310, 15: 72, 16: 310, 23: 470, 24: 708, 49: 652, 50: 414, 51: 16, 52: 254, 53: 310, 54: 72, 67: 142, 68: 380, 69: 498, 70: 736, 79: 414, 80: 652, 81: 254, 82: 16, 83: 470, 84: 708, 85: 254, 86: 16, 103: 254, 104: 16, 105: 142, 106: 380, 117: 254, 118: 16, 119: 310, 120: 72, 127: 72, 128: 310, 129: 498, 130: 736, 143: 72, 144: 310, 145: 470, 146: 708, 151: 736, 152: 498, 153: 16, 154: 254, 155: 652, 156: 414, 157: 254, 158: 16, 179: 142, 180: 380, 181: 310, 182: 72, 183: 414, 184: 652, 191: 380, 192: 142, 193: 498, 194: 736, 205: 380, 206: 142, 209: 470, 210: 708, 211: 72, 212: 310, 213: 380, 214: 142, 215: 414, 216: 652, 217: 708, 218: 470, 233: 72, 234: 310, 235: 708, 236: 470, 237: 708, 238: 470, 261: 254, 262: 16, 263: 380, 264: 142, 265: 652, 266: 414, 267: 736, 268: 498, 269: 16, 270: 254, 271: 16, 272: 254, 273: 736, 274: 498, 275: 736, 276: 498, 277: 16, 278: 254, 281: 498, 282: 736, 283: 414, 284: 652, 285: 16, 286: 254, 287: 16, 288: 254, 289: 498, 290: 736, 291: 470, 292: 708, 293: 380, 294: 142, 295: 380, 296: 142, 299: 736, 300: 498, 301: 254, 302: 16, 303: 652, 304: 414, 305: 100, 306: 338, 307: 380, 308: 142, 309: 72, 310: 310, 311: 498, 312: 736, 313: 498, 314: 736, 321: 414, 322: 652, 323: 414, 324: 652, 325: 16, 326: 254, 327: 470, 328: 708, 329: 498, 330: 736, 339: 142, 340: 380, 341: 338, 342: 100, 343: 338, 344: 100, 345: 72, 346: 310, 347: 470, 348: 708, 349: 380, 350: 142, 351: 380, 352: 142, 355: 498, 356: 736, 357: 470, 358: 708, 359: 72, 360: 310, 361: 72, 362: 310, 363: 142, 364: 380, 365: 470, 366: 708, 367: 100, 368: 338, 369: 736, 370: 498, 371: 16, 372: 254, 375: 72, 376: 310, 377: 100, 378: 338, 383: 470, 384: 708, 387: 498, 388: 736, 397: 470, 398: 708, 401: 338, 402: 100, 405: 142, 406: 380, 435: 470, 436: 708, 439: 470, 440: 708, 449: 736, 450: 498, 471: 310, 472: 72, 475: 498, 476: 736, 477: 470, 478: 708, 481: 142, 482: 380, 491: 498, 492: 736, 493: 380, 494: 142, 495: 498, 496: 736, 517: 470, 518: 708, 519: 470, 520: 708, 525: 72, 526: 310, 533: 708, 534: 470, 535: 380, 536: 142, 547: 414, 548: 652, 555: 310, 556: 72, 557: 380, 558: 142, 559: 338, 560: 100, 561: 310, 562: 72, 563: 380, 564: 142, 565: 380, 566: 142, 573: 380, 574: 142, 575: 380, 576: 142, 577: 16, 578: 254, 579: 254, 580: 16, 581: 254, 582: 16, 583: 380, 584: 142, 585: 470, 586: 708, 587: 310, 588: 72, 589: 254, 590: 16, 591: 470, 592: 708, 593: 498, 594: 736, 595: 72, 596: 310, 597: 310, 598: 72, 599: 498, 600: 736, 601: 470, 602: 708, 603: 72, 604: 310, 605: 380, 606: 142, 607: 470, 608: 708, 613: 338, 614: 100, 615: 470, 616: 708, 617: 380, 618: 142, 619: 100, 620: 338, 621: 338, 622: 100, 623: 498, 624: 736, 625: 72, 626: 310, 629: 380, 630: 142, 631: 310, 632: 72, 633: 72, 634: 310, 635: 498, 636: 736, 637: 498, 638: 736, 639: 380, 640: 142, 641: 708, 642: 470, 643: 72, 644: 310, 645: 16, 646: 254, 651: 310, 652: 72, 653: 254, 654: 16, 661: 380, 662: 142, 663: 652, 664: 414, 665: 708, 666: 470, 667: 338, 668: 100, 671: 142, 672: 380, 713: 16, 714: 254, 715: 16, 716: 254, 717: 652, 718: 414, 719: 736, 720: 498, 721: 470, 722: 708, 723: 470, 724: 708, 725: 380, 726: 142, 727: 380, 728: 142, 733: 72, 734: 310, 741: 16, 742: 254, 743: 72, 744: 310, 745: 338, 746: 100, 747: 498, 748: 736, 757: 498, 758: 736, 759: 72, 760: 310, 763: 736, 764: 498, 765: 380, 766: 142, 767: 16, 768: 254, 769: 100, 770: 338, 771: 652, 772: 414, 773: 100, 774: 338, 783: 72, 784: 310, 785: 414, 786: 652, 787: 380, 788: 142, 789: 498, 790: 736, 791: 380, 792: 142, 793: 498, 794: 736, 795: 380, 796: 142, 797: 498, 798: 736, 799: 380, 800: 142, 801: 736, 802: 498, 815: 310, 816: 72, 817: 100, 818: 338, 825: 470, 826: 708, 827: 310, 828: 72, 829: 498, 830: 736, 835: 338, 836: 100, 837: 72, 838: 310, 867: 310, 868: 72, 875: 310, 876: 72, 877: 470, 878: 708, 879: 470, 880: 708, 881: 380, 882: 142, 893: 380, 894: 142, 903: 380, 904: 142, 911: 100, 912: 338}
Number of lables used:  14
Total time: 1.63 seconds
Memory used: 154.90 MB
--------------------------------------------------

Trying with at most 13 labels...
[runlim] sample:		9.99 time, 10.01 real, 171 MB, 1.00 load
[runlim] sample:		19.99 time, 20.01 real, 171 MB, 1.00 load
[runlim] sample:		29.98 time, 30.01 real, 171 MB, 1.00 load
[runlim] sample:		39.98 time, 40.01 real, 171 MB, 1.00 load
[runlim] sample:		49.98 time, 50.01 real, 171 MB, 1.00 load
[runlim] sample:		59.97 time, 60.01 real, 180 MB, 1.00 load
[runlim] sample:		69.97 time, 70.01 real, 184 MB, 1.00 load
[runlim] sample:		79.96 time, 80.01 real, 184 MB, 1.00 load
[runlim] sample:		89.96 time, 90.01 real, 184 MB, 1.00 load
[runlim] sample:		99.95 time, 100.01 real, 184 MB, 1.00 load
[runlim] sample:		109.95 time, 110.01 real, 184 MB, 1.00 load
[runlim] sample:		119.95 time, 120.01 real, 184 MB, 1.00 load
[runlim] sample:		129.94 time, 130.01 real, 184 MB, 1.00 load
[runlim] sample:		139.94 time, 140.01 real, 184 MB, 1.00 load
[runlim] sample:		149.93 time, 150.01 real, 190 MB, 1.00 load
[runlim] sample:		159.93 time, 160.01 real, 190 MB, 1.00 load
[runlim] sample:		169.93 time, 170.01 real, 192 MB, 1.00 load
[runlim] sample:		179.92 time, 180.01 real, 194 MB, 1.00 load
[runlim] sample:		189.92 time, 190.01 real, 194 MB, 1.00 load
[runlim] sample:		199.91 time, 200.01 real, 194 MB, 1.00 load
[runlim] sample:		209.92 time, 210.01 real, 202 MB, 1.00 load
[runlim] sample:		219.91 time, 220.01 real, 202 MB, 1.00 load
[runlim] sample:		229.91 time, 230.01 real, 202 MB, 1.00 load
[runlim] sample:		239.90 time, 240.01 real, 203 MB, 1.00 load
[runlim] sample:		249.90 time, 250.01 real, 203 MB, 1.00 load
[runlim] sample:		259.90 time, 260.01 real, 203 MB, 1.00 load
[runlim] sample:		269.89 time, 270.01 real, 203 MB, 1.00 load
[runlim] sample:		279.89 time, 280.01 real, 203 MB, 1.00 load
[runlim] sample:		289.88 time, 290.01 real, 204 MB, 1.00 load
[runlim] sample:		299.88 time, 300.01 real, 204 MB, 1.00 load
[runlim] sample:		309.87 time, 310.01 real, 204 MB, 1.00 load
[runlim] sample:		319.87 time, 320.01 real, 204 MB, 1.00 load
[runlim] sample:		329.87 time, 330.01 real, 204 MB, 1.00 load
[runlim] sample:		339.86 time, 340.01 real, 204 MB, 1.00 load
[runlim] sample:		349.86 time, 350.01 real, 204 MB, 1.07 load
[runlim] sample:		359.85 time, 360.01 real, 204 MB, 1.06 load
[runlim] sample:		369.85 time, 370.01 real, 204 MB, 1.05 load
[runlim] sample:		379.84 time, 380.01 real, 204 MB, 1.20 load
[runlim] sample:		389.84 time, 390.01 real, 204 MB, 1.17 load
[runlim] sample:		399.83 time, 400.01 real, 204 MB, 1.14 load
[runlim] sample:		409.83 time, 410.01 real, 204 MB, 1.12 load
[runlim] sample:		419.82 time, 420.01 real, 204 MB, 1.17 load
[runlim] sample:		429.82 time, 430.01 real, 204 MB, 1.15 load
[runlim] sample:		439.82 time, 440.01 real, 204 MB, 1.20 load
[runlim] sample:		449.81 time, 450.01 real, 204 MB, 1.17 load
[runlim] sample:		459.81 time, 460.01 real, 204 MB, 1.14 load
[runlim] sample:		469.80 time, 470.01 real, 204 MB, 1.12 load
[runlim] sample:		479.80 time, 480.01 real, 204 MB, 1.10 load
[runlim] sample:		489.80 time, 490.01 real, 204 MB, 1.08 load
[runlim] sample:		499.79 time, 500.01 real, 204 MB, 1.07 load
[runlim] sample:		509.79 time, 510.01 real, 204 MB, 1.06 load
[runlim] sample:		519.78 time, 520.01 real, 204 MB, 1.05 load
[runlim] sample:		529.78 time, 530.01 real, 204 MB, 1.04 load
[runlim] sample:		539.77 time, 540.01 real, 167 MB, 1.04 load
[runlim] sample:		549.76 time, 550.01 real, 183 MB, 1.03 load
[runlim] sample:		559.76 time, 560.01 real, 206 MB, 1.02 load
[runlim] sample:		569.76 time, 570.01 real, 209 MB, 1.02 load
[runlim] sample:		579.76 time, 580.01 real, 209 MB, 1.02 load
[runlim] sample:		589.75 time, 590.01 real, 209 MB, 1.01 load
[runlim] sample:		599.74 time, 600.01 real, 166 MB, 1.01 load
[runlim] end:			Tue Jun  9 05:12:09 2026
[runlim] status:		out of time
[runlim] result:		2
[runlim] children:		1
[runlim] processes:		2
[runlim] real:			601.06 seconds
[runlim] time:			599.74 seconds
[runlim] space:			238 MB
[runlim] load:			1.21 maximum
[runlim] samples:		6000
