[runlim] version:		2.0.0rc12
[runlim] host:			ap-Precision-7550
[runlim] time limit:		311040000 seconds
[runlim] real time limit:	600 seconds
[runlim] space limit:		14000 MB
[runlim] argv[0]:		python3
[runlim] argv[1]:		-u
[runlim] argv[2]:		main.py
[runlim] argv[3]:		graph06
[runlim] argv[4]:		CARD
[runlim] argv[5]:		6
[runlim] argv[6]:		6
[runlim] start:			Sun Jun 21 08:55:04 2026
[runlim] child:			9572
Warning: variable 365 has no valid labels after preprocessing.
No solution found in the preprocessing step!
[runlim] end:			Sun Jun 21 08:55:04 2026
[runlim] status:		ok
[runlim] result:		0
[runlim] children:		1
[runlim] processes:		2
[runlim] real:			0.13 seconds
[runlim] time:			0.09 seconds
[runlim] space:			21 MB
[runlim] load:			1.12 maximum
[runlim] samples:		2
