[runlim] version:		2.0.0rc12
[runlim] host:			ap-Precision-7550
[runlim] time limit:		311040000 seconds
[runlim] real time limit:	600 seconds
[runlim] space limit:		14000 MB
[runlim] argv[0]:		python3
[runlim] argv[1]:		-u
[runlim] argv[2]:		main.py
[runlim] argv[3]:		TUD200.1
[runlim] argv[4]:		CARD
[runlim] argv[5]:		6
[runlim] argv[6]:		6
[runlim] start:			Sun Jun 21 10:11:45 2026
[runlim] child:			9861
--- CARD [Exactly-One: 6, AMO: 6] ---
 solving MaxSAT (RC2)...
[runlim] sample:		9.99 time, 10.01 real, 600 MB, 1.09 load
[runlim] sample:		19.98 time, 20.01 real, 635 MB, 1.08 load
[runlim] sample:		29.98 time, 30.01 real, 635 MB, 1.06 load
[runlim] sample:		39.97 time, 40.01 real, 635 MB, 1.05 load
[runlim] sample:		49.97 time, 50.01 real, 635 MB, 1.05 load

--------------------------------------------------
Found solution!
Number of labels used: 12
--------------------------------------------------
Time taken: 54.30 seconds
Memory used: 526.40 MB
[runlim] end:			Sun Jun 21 10:12:40 2026
[runlim] status:		ok
[runlim] result:		0
[runlim] children:		1
[runlim] processes:		2
[runlim] real:			54.47 seconds
[runlim] time:			54.37 seconds
[runlim] space:			649 MB
[runlim] load:			1.11 maximum
[runlim] samples:		545
