[runlim] version:		2.0.0rc12
[runlim] host:			ap-Precision-7550
[runlim] time limit:		311040000 seconds
[runlim] real time limit:	600 seconds
[runlim] space limit:		14000 MB
[runlim] argv[0]:		python3
[runlim] argv[1]:		-u
[runlim] argv[2]:		main.py
[runlim] argv[3]:		scen08
[runlim] argv[4]:		nsc
[runlim] argv[5]:		assumptions
[runlim] argv[6]:		cadical195
[runlim] start:			Mon Mar 23 16:12:28 2026
[runlim] child:			11478
Solve first problem:
Cannot find solution.
Time taken: 0.59 seconds
Memory used: 50.29 MB
[runlim] end:			Mon Mar 23 16:12:29 2026
[runlim] status:		ok
[runlim] result:		0
[runlim] children:		1
[runlim] processes:		2
[runlim] real:			0.65 seconds
[runlim] time:			0.59 seconds
[runlim] space:			51 MB
[runlim] load:			1.22 maximum
[runlim] samples:		7
