[runlim] version:		2.0.0rc12
[runlim] host:			ap-Precision-7550
[runlim] time limit:		311040000 seconds
[runlim] real time limit:	600 seconds
[runlim] space limit:		14000 MB
[runlim] argv[0]:		python3
[runlim] argv[1]:		-u
[runlim] argv[2]:		pairwise.py
[runlim] argv[3]:		graph07
[runlim] argv[4]:		assumptions
[runlim] argv[5]:		4
[runlim] argv[6]:		card
[runlim] argv[7]:		4
[runlim] start:			Sun Jun 14 20:15:11 2026
[runlim] child:			83319
Exactly-one cardinality encoding:  4
Distance constraint mode:  card
Distance cardinality encoding:  4
Warning: variable 3 has no valid labels after preprocessing.
Cannot find solution!
Time taken: 0.01 seconds
Memory used: 17.66 MB
[runlim] end:			Sun Jun 14 20:15:11 2026
[runlim] status:		ok
[runlim] result:		0
[runlim] children:		0
[runlim] processes:		0
[runlim] real:			0.05 seconds
[runlim] time:			0.00 seconds
[runlim] space:			0 MB
[runlim] load:			1.06 maximum
[runlim] samples:		1
