[runlim] version:		2.0.0rc12
[runlim] host:			ap-Precision-7550
[runlim] time limit:		311040000 seconds
[runlim] real time limit:	600 seconds
[runlim] space limit:		14000 MB
[runlim] argv[0]:		python3
[runlim] argv[1]:		-u
[runlim] argv[2]:		pairwise.py
[runlim] argv[3]:		scen05
[runlim] argv[4]:		assumptions
[runlim] argv[5]:		4
[runlim] argv[6]:		card
[runlim] argv[7]:		4
[runlim] start:			Sun Jun 14 20:25:13 2026
[runlim] child:			86107
Exactly-one cardinality encoding:  4
Distance constraint mode:  card
Distance cardinality encoding:  4
Number of assignment variables:  3722
Number of clauses for exactly one constraints:  17004
Number of clauses for distance constraints:  298384
---------------------------------------------------
Solve first problem:
Solution:
{13: 156, 14: 394, 15: 156, 16: 394, 53: 72, 54: 310, 71: 58, 72: 296, 79: 540, 80: 778, 81: 254, 82: 16, 83: 142, 84: 380, 85: 428, 86: 666, 117: 792, 118: 554, 119: 554, 120: 792, 127: 58, 128: 296, 129: 750, 130: 512, 143: 680, 144: 442, 145: 456, 146: 694, 151: 72, 152: 310, 153: 428, 154: 666, 163: 128, 164: 366, 165: 736, 166: 498, 179: 44, 180: 282, 181: 254, 182: 16, 183: 442, 184: 680, 191: 750, 192: 512, 193: 268, 194: 30, 205: 324, 206: 86, 209: 736, 210: 498, 211: 792, 212: 554, 213: 324, 214: 86, 217: 764, 218: 526, 219: 310, 220: 72, 233: 442, 234: 680, 235: 72, 236: 310, 237: 498, 238: 736, 255: 254, 256: 16, 259: 16, 260: 254, 261: 254, 262: 16, 263: 254, 264: 16, 265: 44, 266: 282, 267: 484, 268: 722, 269: 296, 270: 58, 271: 296, 272: 58, 273: 30, 274: 268, 275: 30, 276: 268, 277: 296, 278: 58, 281: 380, 282: 142, 283: 128, 284: 366, 285: 16, 286: 254, 287: 254, 288: 16, 289: 792, 290: 554, 291: 156, 292: 394, 293: 240, 294: 478, 295: 792, 296: 554, 299: 254, 300: 16, 301: 156, 302: 394, 303: 324, 304: 86, 305: 554, 306: 792, 307: 540, 308: 778, 309: 394, 310: 156, 311: 30, 312: 268, 313: 310, 314: 72, 321: 254, 322: 16, 323: 156, 324: 394, 325: 414, 326: 652, 327: 268, 328: 30, 329: 254, 330: 16, 335: 792, 336: 554, 337: 442, 338: 680, 341: 394, 342: 156, 343: 394, 344: 156, 349: 268, 350: 30, 351: 708, 352: 470, 353: 666, 354: 428, 369: 764, 370: 526, 371: 414, 372: 652, 373: 694, 374: 456, 375: 100, 376: 338, 377: 352, 378: 114, 379: 338, 380: 100, 381: 30, 382: 268, 385: 750, 386: 512, 391: 722, 392: 484, 393: 778, 394: 540, 401: 380, 402: 142, 403: 282, 404: 44, 405: 428, 406: 666, 413: 708, 414: 470, 435: 736, 436: 498, 439: 394, 440: 156, 443: 58, 444: 296, 449: 764, 450: 526, 471: 792, 472: 554, 473: 352, 474: 114, 475: 338, 476: 100, 477: 694, 478: 456, 479: 268, 480: 30, 481: 666, 482: 428, 517: 680, 518: 442, 519: 526, 520: 764, 537: 142, 538: 380, 539: 86, 540: 324, 541: 414, 542: 652, 545: 652, 546: 414, 551: 792, 552: 554, 553: 254, 554: 16, 555: 442, 556: 680, 557: 526, 558: 764, 559: 366, 560: 128, 561: 128, 562: 366, 563: 708, 564: 470, 565: 526, 566: 764, 567: 268, 568: 30, 569: 526, 570: 764, 571: 470, 572: 708, 573: 30, 574: 268, 575: 58, 576: 296, 577: 554, 578: 792, 579: 666, 580: 428, 581: 16, 582: 254, 583: 778, 584: 540, 585: 366, 586: 128, 587: 680, 588: 442, 589: 352, 590: 114, 591: 526, 592: 764, 593: 282, 594: 44, 595: 442, 596: 680, 597: 310, 598: 72, 599: 680, 600: 442, 601: 268, 602: 30, 603: 428, 604: 666, 605: 268, 606: 30, 607: 338, 608: 100, 613: 310, 614: 72, 615: 100, 616: 338, 617: 764, 618: 526, 619: 540, 620: 778, 621: 540, 622: 778, 623: 764, 624: 526, 625: 44, 626: 282, 629: 310, 630: 72, 631: 526, 632: 764, 633: 114, 634: 352, 635: 666, 636: 428, 639: 86, 640: 324, 641: 128, 642: 366, 643: 128, 644: 366, 645: 16, 646: 254, 651: 72, 652: 310, 653: 708, 654: 470, 661: 750, 662: 512, 663: 442, 664: 680, 665: 394, 666: 156, 667: 778, 668: 540, 671: 310, 672: 72, 711: 44, 712: 282, 713: 296, 714: 58, 715: 694, 716: 456, 717: 142, 718: 380, 719: 254, 720: 16, 721: 554, 722: 792, 723: 456, 724: 694, 739: 666, 740: 428, 741: 456, 742: 694, 743: 310, 744: 72, 745: 58, 746: 296, 747: 540, 748: 778, 751: 512, 752: 750, 753: 44, 754: 282, 755: 666, 756: 428, 757: 114, 758: 352, 759: 512, 760: 750, 763: 540, 764: 778, 765: 16, 766: 254, 767: 324, 768: 86, 769: 296, 770: 58, 773: 86, 774: 324, 775: 428, 776: 666, 783: 44, 784: 282, 785: 708, 786: 470, 787: 526, 788: 764, 789: 268, 790: 30, 791: 764, 792: 526, 793: 282, 794: 44, 795: 540, 796: 778, 797: 428, 798: 666, 799: 282, 800: 44, 801: 764, 802: 526, 803: 268, 804: 30, 805: 680, 806: 442, 807: 30, 808: 268, 809: 484, 810: 722, 811: 428, 812: 666, 813: 268, 814: 30, 815: 540, 816: 778, 817: 268, 818: 30, 825: 268, 826: 30, 827: 694, 828: 456, 829: 778, 830: 540, 879: 282, 880: 44, 911: 114, 912: 352, 913: 282, 914: 44, 915: 254, 916: 16}
Number of lables used:  46
Total time: 0.72 seconds
Memory used: 55.99 MB
--------------------------------------------------
Number of label variables:  48
Number of clauses for label constraints:  1761
Number of new variables for cardinality constraints:  1170
Number of clauses for cardinality constraints:  1825
Initial variable count:  31216
Initial clause count:  317648
--------------------------------------------------

Trying with at most 45 labels...
Solution:
{13: 156, 14: 394, 15: 156, 16: 394, 53: 72, 54: 310, 71: 30, 72: 268, 79: 540, 80: 778, 81: 254, 82: 16, 83: 142, 84: 380, 85: 428, 86: 666, 117: 792, 118: 554, 119: 554, 120: 792, 127: 58, 128: 296, 129: 722, 130: 484, 143: 680, 144: 442, 145: 456, 146: 694, 151: 72, 152: 310, 153: 428, 154: 666, 163: 128, 164: 366, 165: 736, 166: 498, 179: 44, 180: 282, 181: 254, 182: 16, 183: 442, 184: 680, 191: 736, 192: 498, 193: 268, 194: 30, 205: 324, 206: 86, 209: 736, 210: 498, 211: 792, 212: 554, 213: 324, 214: 86, 217: 764, 218: 526, 219: 310, 220: 72, 233: 442, 234: 680, 235: 72, 236: 310, 237: 498, 238: 736, 255: 254, 256: 16, 259: 16, 260: 254, 261: 254, 262: 16, 263: 254, 264: 16, 265: 44, 266: 282, 267: 498, 268: 736, 269: 296, 270: 58, 271: 296, 272: 58, 273: 30, 274: 268, 275: 30, 276: 268, 277: 296, 278: 58, 281: 380, 282: 142, 283: 128, 284: 366, 285: 16, 286: 254, 287: 254, 288: 16, 289: 792, 290: 554, 291: 156, 292: 394, 293: 380, 294: 142, 295: 792, 296: 554, 299: 254, 300: 16, 301: 156, 302: 394, 303: 324, 304: 86, 305: 554, 306: 792, 307: 540, 308: 778, 309: 394, 310: 156, 311: 30, 312: 268, 313: 310, 314: 72, 321: 254, 322: 16, 323: 156, 324: 394, 325: 414, 326: 652, 327: 268, 328: 30, 329: 254, 330: 16, 335: 792, 336: 554, 337: 442, 338: 680, 341: 394, 342: 156, 343: 394, 344: 156, 349: 268, 350: 30, 351: 708, 352: 470, 353: 666, 354: 428, 369: 764, 370: 526, 371: 428, 372: 666, 373: 666, 374: 428, 375: 100, 376: 338, 377: 352, 378: 114, 379: 338, 380: 100, 381: 30, 382: 268, 385: 764, 386: 526, 391: 722, 392: 484, 393: 778, 394: 540, 401: 380, 402: 142, 403: 296, 404: 58, 405: 428, 406: 666, 413: 722, 414: 484, 435: 736, 436: 498, 439: 394, 440: 156, 443: 58, 444: 296, 449: 764, 450: 526, 471: 792, 472: 554, 473: 366, 474: 128, 475: 338, 476: 100, 477: 680, 478: 442, 479: 268, 480: 30, 481: 666, 482: 428, 517: 680, 518: 442, 519: 526, 520: 764, 537: 156, 538: 394, 539: 100, 540: 338, 541: 428, 542: 666, 545: 652, 546: 414, 551: 792, 552: 554, 553: 254, 554: 16, 555: 442, 556: 680, 557: 526, 558: 764, 559: 366, 560: 128, 561: 128, 562: 366, 563: 708, 564: 470, 565: 526, 566: 764, 567: 268, 568: 30, 569: 540, 570: 778, 571: 484, 572: 722, 573: 30, 574: 268, 575: 58, 576: 296, 577: 554, 578: 792, 579: 666, 580: 428, 581: 16, 582: 254, 583: 778, 584: 540, 585: 366, 586: 128, 587: 680, 588: 442, 589: 352, 590: 114, 591: 526, 592: 764, 593: 282, 594: 44, 595: 442, 596: 680, 597: 310, 598: 72, 599: 680, 600: 442, 601: 268, 602: 30, 603: 442, 604: 680, 605: 268, 606: 30, 607: 338, 608: 100, 613: 310, 614: 72, 615: 100, 616: 338, 617: 764, 618: 526, 619: 540, 620: 778, 621: 540, 622: 778, 623: 764, 624: 526, 625: 44, 626: 282, 629: 310, 630: 72, 631: 526, 632: 764, 633: 114, 634: 352, 635: 666, 636: 428, 639: 86, 640: 324, 641: 128, 642: 366, 643: 128, 644: 366, 645: 16, 646: 254, 651: 72, 652: 310, 653: 694, 654: 456, 661: 778, 662: 540, 663: 442, 664: 680, 665: 394, 666: 156, 667: 778, 668: 540, 671: 310, 672: 72, 711: 44, 712: 282, 713: 296, 714: 58, 715: 694, 716: 456, 717: 142, 718: 380, 719: 254, 720: 16, 721: 554, 722: 792, 723: 456, 724: 694, 739: 666, 740: 428, 741: 456, 742: 694, 743: 310, 744: 72, 745: 58, 746: 296, 747: 540, 748: 778, 751: 526, 752: 764, 753: 44, 754: 282, 755: 694, 756: 456, 757: 114, 758: 352, 759: 540, 760: 778, 763: 540, 764: 778, 765: 16, 766: 254, 767: 324, 768: 86, 769: 296, 770: 58, 773: 86, 774: 324, 775: 428, 776: 666, 783: 44, 784: 282, 785: 708, 786: 470, 787: 526, 788: 764, 789: 268, 790: 30, 791: 764, 792: 526, 793: 282, 794: 44, 795: 540, 796: 778, 797: 428, 798: 666, 799: 282, 800: 44, 801: 764, 802: 526, 803: 268, 804: 30, 805: 680, 806: 442, 807: 30, 808: 268, 809: 484, 810: 722, 811: 428, 812: 666, 813: 268, 814: 30, 815: 540, 816: 778, 817: 268, 818: 30, 825: 268, 826: 30, 827: 694, 828: 456, 829: 778, 830: 540, 879: 282, 880: 44, 911: 114, 912: 352, 913: 282, 914: 44, 915: 254, 916: 16}
Number of lables used:  42
Total time: 0.74 seconds
Memory used: 57.32 MB
--------------------------------------------------

Trying with at most 41 labels...
Solution:
{13: 156, 14: 394, 15: 156, 16: 394, 53: 72, 54: 310, 71: 72, 72: 310, 79: 540, 80: 778, 81: 254, 82: 16, 83: 128, 84: 366, 85: 428, 86: 666, 117: 792, 118: 554, 119: 554, 120: 792, 127: 30, 128: 268, 129: 722, 130: 484, 143: 680, 144: 442, 145: 456, 146: 694, 151: 72, 152: 310, 153: 428, 154: 666, 163: 128, 164: 366, 165: 764, 166: 526, 179: 44, 180: 282, 181: 254, 182: 16, 183: 442, 184: 680, 191: 736, 192: 498, 193: 268, 194: 30, 205: 310, 206: 72, 209: 736, 210: 498, 211: 792, 212: 554, 213: 310, 214: 72, 217: 764, 218: 526, 219: 310, 220: 72, 233: 442, 234: 680, 235: 72, 236: 310, 237: 498, 238: 736, 255: 254, 256: 16, 259: 16, 260: 254, 261: 254, 262: 16, 263: 254, 264: 16, 265: 44, 266: 282, 267: 498, 268: 736, 269: 296, 270: 58, 271: 296, 272: 58, 273: 30, 274: 268, 275: 30, 276: 268, 277: 296, 278: 58, 281: 366, 282: 128, 283: 128, 284: 366, 285: 16, 286: 254, 287: 254, 288: 16, 289: 792, 290: 554, 291: 156, 292: 394, 293: 240, 294: 478, 295: 792, 296: 554, 299: 254, 300: 16, 301: 156, 302: 394, 303: 324, 304: 86, 305: 554, 306: 792, 307: 540, 308: 778, 309: 394, 310: 156, 311: 30, 312: 268, 313: 310, 314: 72, 321: 254, 322: 16, 323: 156, 324: 394, 325: 414, 326: 652, 327: 268, 328: 30, 329: 254, 330: 16, 335: 792, 336: 554, 337: 442, 338: 680, 341: 394, 342: 156, 343: 394, 344: 156, 349: 268, 350: 30, 351: 708, 352: 470, 353: 680, 354: 442, 369: 764, 370: 526, 371: 428, 372: 666, 373: 680, 374: 442, 375: 114, 376: 352, 377: 352, 378: 114, 379: 352, 380: 114, 381: 30, 382: 268, 385: 778, 386: 540, 391: 722, 392: 484, 393: 778, 394: 540, 401: 366, 402: 128, 403: 268, 404: 30, 405: 428, 406: 666, 413: 694, 414: 456, 435: 736, 436: 498, 439: 394, 440: 156, 443: 58, 444: 296, 449: 764, 450: 526, 471: 792, 472: 554, 473: 366, 474: 128, 475: 352, 476: 114, 477: 680, 478: 442, 479: 268, 480: 30, 481: 666, 482: 428, 517: 680, 518: 442, 519: 526, 520: 764, 537: 128, 538: 366, 539: 72, 540: 310, 541: 428, 542: 666, 545: 652, 546: 414, 551: 792, 552: 554, 553: 254, 554: 16, 555: 442, 556: 680, 557: 526, 558: 764, 559: 366, 560: 128, 561: 128, 562: 366, 563: 708, 564: 470, 565: 526, 566: 764, 567: 268, 568: 30, 569: 540, 570: 778, 571: 484, 572: 722, 573: 30, 574: 268, 575: 58, 576: 296, 577: 554, 578: 792, 579: 666, 580: 428, 581: 16, 582: 254, 583: 778, 584: 540, 585: 366, 586: 128, 587: 680, 588: 442, 589: 352, 590: 114, 591: 526, 592: 764, 593: 282, 594: 44, 595: 442, 596: 680, 597: 310, 598: 72, 599: 680, 600: 442, 601: 268, 602: 30, 603: 442, 604: 680, 605: 268, 606: 30, 607: 324, 608: 86, 613: 310, 614: 72, 615: 86, 616: 324, 617: 764, 618: 526, 619: 540, 620: 778, 621: 540, 622: 778, 623: 764, 624: 526, 625: 44, 626: 282, 629: 310, 630: 72, 631: 526, 632: 764, 633: 114, 634: 352, 635: 666, 636: 428, 639: 86, 640: 324, 641: 128, 642: 366, 643: 128, 644: 366, 645: 16, 646: 254, 651: 72, 652: 310, 653: 694, 654: 456, 661: 778, 662: 540, 663: 442, 664: 680, 665: 394, 666: 156, 667: 778, 668: 540, 671: 310, 672: 72, 711: 44, 712: 282, 713: 296, 714: 58, 715: 694, 716: 456, 717: 128, 718: 366, 719: 254, 720: 16, 721: 554, 722: 792, 723: 456, 724: 694, 739: 666, 740: 428, 741: 456, 742: 694, 743: 310, 744: 72, 745: 58, 746: 296, 747: 540, 748: 778, 751: 540, 752: 778, 753: 44, 754: 282, 755: 708, 756: 470, 757: 114, 758: 352, 759: 540, 760: 778, 763: 540, 764: 778, 765: 16, 766: 254, 767: 324, 768: 86, 769: 296, 770: 58, 773: 86, 774: 324, 775: 428, 776: 666, 783: 44, 784: 282, 785: 708, 786: 470, 787: 526, 788: 764, 789: 268, 790: 30, 791: 764, 792: 526, 793: 282, 794: 44, 795: 540, 796: 778, 797: 428, 798: 666, 799: 282, 800: 44, 801: 764, 802: 526, 803: 268, 804: 30, 805: 680, 806: 442, 807: 30, 808: 268, 809: 484, 810: 722, 811: 428, 812: 666, 813: 268, 814: 30, 815: 540, 816: 778, 817: 268, 818: 30, 825: 268, 826: 30, 827: 694, 828: 456, 829: 778, 830: 540, 879: 282, 880: 44, 911: 114, 912: 352, 913: 282, 914: 44, 915: 254, 916: 16}
Number of lables used:  40
Total time: 0.75 seconds
Memory used: 57.57 MB
--------------------------------------------------

Trying with at most 39 labels...
Cannot find solution.
No more solutions found.
Optimal number of labels used:  40
Total time: 0.76 seconds
Memory used: 57.57 MB
[runlim] end:			Sun Jun 14 20:25:14 2026
[runlim] status:		ok
[runlim] result:		0
[runlim] children:		1
[runlim] processes:		2
[runlim] real:			0.83 seconds
[runlim] time:			0.80 seconds
[runlim] space:			55 MB
[runlim] load:			1.36 maximum
[runlim] samples:		9
