[runlim] version:		2.0.0rc12
[runlim] host:			ap-Precision-7550
[runlim] time limit:		311040000 seconds
[runlim] real time limit:	600 seconds
[runlim] space limit:		14000 MB
[runlim] argv[0]:		python3
[runlim] argv[1]:		-u
[runlim] argv[2]:		pairwise.py
[runlim] argv[3]:		scen03
[runlim] argv[4]:		assumptions
[runlim] argv[5]:		4
[runlim] argv[6]:		card
[runlim] argv[7]:		4
[runlim] start:			Sun Jun 14 19:51:07 2026
[runlim] child:			77266
Exactly-one cardinality encoding:  4
Distance constraint mode:  card
Distance cardinality encoding:  4
Number of assignment variables:  15892
Number of clauses for exactly one constraints:  95540
Number of clauses for distance constraints:  1366687
---------------------------------------------------
Solve first problem:
Solution:
{13: 16, 14: 254, 15: 16, 16: 254, 23: 30, 24: 268, 49: 16, 50: 254, 51: 44, 52: 282, 53: 30, 54: 268, 67: 16, 68: 254, 69: 86, 70: 324, 79: 16, 80: 254, 81: 30, 82: 268, 83: 16, 84: 254, 85: 86, 86: 324, 103: 16, 104: 254, 105: 30, 106: 268, 117: 16, 118: 254, 119: 44, 120: 282, 127: 30, 128: 268, 129: 128, 130: 366, 143: 16, 144: 254, 145: 86, 146: 324, 151: 30, 152: 268, 153: 100, 154: 338, 155: 16, 156: 254, 157: 86, 158: 324, 179: 58, 180: 296, 181: 44, 182: 282, 183: 142, 184: 380, 191: 16, 192: 254, 193: 86, 194: 324, 205: 72, 206: 310, 209: 156, 210: 394, 211: 254, 212: 16, 213: 72, 214: 310, 215: 16, 216: 254, 217: 72, 218: 310, 233: 30, 234: 268, 235: 44, 236: 282, 237: 30, 238: 268, 261: 16, 262: 254, 263: 30, 264: 268, 265: 16, 266: 254, 267: 86, 268: 324, 269: 16, 270: 254, 271: 16, 272: 254, 273: 156, 274: 394, 275: 156, 276: 394, 277: 30, 278: 268, 281: 44, 282: 282, 283: 114, 284: 352, 285: 16, 286: 254, 287: 16, 288: 254, 289: 16, 290: 254, 291: 30, 292: 268, 293: 142, 294: 380, 295: 16, 296: 254, 299: 44, 300: 282, 301: 414, 302: 652, 303: 58, 304: 296, 305: 394, 306: 156, 307: 16, 308: 254, 309: 86, 310: 324, 311: 394, 312: 156, 313: 394, 314: 156, 321: 16, 322: 254, 323: 16, 324: 254, 325: 44, 326: 282, 327: 114, 328: 352, 329: 16, 330: 254, 339: 30, 340: 268, 341: 394, 342: 156, 343: 394, 344: 156, 345: 456, 346: 694, 347: 526, 348: 764, 349: 100, 350: 338, 351: 86, 352: 324, 355: 58, 356: 296, 357: 30, 358: 268, 359: 128, 360: 366, 361: 100, 362: 338, 363: 268, 364: 30, 365: 380, 366: 142, 367: 442, 368: 680, 369: 268, 370: 30, 371: 100, 372: 338, 375: 114, 376: 352, 377: 324, 378: 86, 383: 30, 384: 268, 387: 44, 388: 282, 397: 16, 398: 254, 401: 72, 402: 310, 405: 428, 406: 666, 435: 30, 436: 268, 439: 128, 440: 366, 449: 30, 450: 268, 471: 16, 472: 254, 475: 44, 476: 282, 477: 58, 478: 296, 481: 58, 482: 296, 491: 44, 492: 282, 493: 86, 494: 324, 495: 30, 496: 268, 517: 268, 518: 30, 519: 30, 520: 268, 525: 30, 526: 268, 533: 44, 534: 282, 535: 16, 536: 254, 547: 16, 548: 254, 555: 282, 556: 44, 557: 30, 558: 268, 559: 268, 560: 30, 561: 128, 562: 366, 563: 128, 564: 366, 565: 100, 566: 338, 573: 30, 574: 268, 575: 30, 576: 268, 577: 16, 578: 254, 579: 16, 580: 254, 581: 16, 582: 254, 583: 296, 584: 58, 585: 30, 586: 268, 587: 86, 588: 324, 589: 16, 590: 254, 591: 428, 592: 666, 593: 44, 594: 282, 595: 86, 596: 324, 597: 100, 598: 338, 599: 44, 600: 282, 601: 428, 602: 666, 603: 44, 604: 282, 605: 30, 606: 268, 607: 128, 608: 366, 613: 428, 614: 666, 615: 44, 616: 282, 617: 100, 618: 338, 619: 428, 620: 666, 621: 114, 622: 352, 623: 30, 624: 268, 625: 338, 626: 100, 629: 72, 630: 310, 631: 114, 632: 352, 633: 338, 634: 100, 635: 380, 636: 142, 637: 16, 638: 254, 639: 100, 640: 338, 641: 114, 642: 352, 643: 456, 644: 694, 645: 30, 646: 268, 651: 156, 652: 394, 653: 30, 654: 268, 661: 72, 662: 310, 663: 16, 664: 254, 665: 324, 666: 86, 667: 526, 668: 764, 671: 16, 672: 254, 713: 30, 714: 268, 715: 86, 716: 324, 717: 484, 718: 722, 719: 156, 720: 394, 721: 86, 722: 324, 723: 86, 724: 324, 725: 156, 726: 394, 727: 156, 728: 394, 733: 114, 734: 352, 741: 254, 742: 16, 743: 58, 744: 296, 745: 114, 746: 352, 747: 128, 748: 366, 757: 100, 758: 338, 759: 352, 760: 114, 763: 366, 764: 128, 765: 268, 766: 30, 767: 156, 768: 394, 769: 268, 770: 30, 771: 30, 772: 268, 773: 86, 774: 324, 783: 128, 784: 366, 785: 16, 786: 254, 787: 310, 788: 72, 789: 30, 790: 268, 791: 100, 792: 338, 793: 30, 794: 268, 795: 100, 796: 338, 797: 30, 798: 268, 799: 100, 800: 338, 801: 498, 802: 736, 815: 30, 816: 268, 817: 128, 818: 366, 825: 498, 826: 736, 827: 428, 828: 666, 829: 156, 830: 394, 835: 282, 836: 44, 837: 30, 838: 268, 867: 114, 868: 352, 875: 30, 876: 268, 877: 44, 878: 282, 879: 58, 880: 296, 881: 366, 882: 128, 893: 128, 894: 366, 903: 128, 904: 366, 911: 498, 912: 736}
Number of lables used:  36
Total time: 1.86 seconds
Memory used: 211.01 MB
--------------------------------------------------
Number of label variables:  48
Number of clauses for label constraints:  15892
Number of new variables for cardinality constraints:  1085
Number of clauses for cardinality constraints:  4270
Initial variable count:  182188
Initial clause count:  1482389
--------------------------------------------------

Trying with at most 35 labels...
Solution:
{13: 16, 14: 254, 15: 16, 16: 254, 23: 296, 24: 58, 49: 268, 50: 30, 51: 282, 52: 44, 53: 254, 54: 16, 67: 156, 68: 394, 69: 296, 70: 58, 79: 338, 80: 100, 81: 16, 82: 254, 83: 414, 84: 652, 85: 352, 86: 114, 103: 268, 104: 30, 105: 254, 106: 16, 117: 414, 118: 652, 119: 296, 120: 58, 127: 254, 128: 16, 129: 394, 130: 156, 143: 352, 144: 114, 145: 16, 146: 254, 151: 44, 152: 282, 153: 414, 154: 652, 155: 86, 156: 324, 157: 156, 158: 394, 179: 128, 180: 366, 181: 338, 182: 100, 183: 310, 184: 72, 191: 366, 192: 128, 193: 296, 194: 58, 205: 338, 206: 100, 209: 114, 210: 352, 211: 254, 212: 16, 213: 338, 214: 100, 215: 324, 216: 86, 217: 352, 218: 114, 233: 72, 234: 310, 235: 380, 236: 142, 237: 380, 238: 142, 261: 72, 262: 310, 263: 652, 264: 414, 265: 254, 266: 16, 267: 414, 268: 652, 269: 142, 270: 380, 271: 142, 272: 380, 273: 86, 274: 324, 275: 86, 276: 324, 277: 30, 278: 268, 281: 338, 282: 100, 283: 414, 284: 652, 285: 366, 286: 128, 287: 156, 288: 394, 289: 254, 290: 16, 291: 310, 292: 72, 293: 142, 294: 380, 295: 394, 296: 156, 299: 394, 300: 156, 301: 324, 302: 86, 303: 352, 304: 114, 305: 414, 306: 652, 307: 30, 308: 268, 309: 338, 310: 100, 311: 254, 312: 16, 313: 254, 314: 16, 321: 100, 322: 338, 323: 100, 324: 338, 325: 16, 326: 254, 327: 352, 328: 114, 329: 254, 330: 16, 339: 254, 340: 16, 341: 100, 342: 338, 343: 100, 344: 338, 345: 414, 346: 652, 347: 268, 348: 30, 349: 338, 350: 100, 351: 30, 352: 268, 355: 44, 356: 282, 357: 268, 358: 30, 359: 142, 360: 380, 361: 338, 362: 100, 363: 268, 364: 30, 365: 366, 366: 128, 367: 296, 368: 58, 369: 128, 370: 366, 371: 254, 372: 16, 375: 282, 376: 44, 377: 142, 378: 380, 383: 324, 384: 86, 387: 380, 388: 142, 397: 394, 398: 156, 401: 324, 402: 86, 405: 114, 406: 352, 435: 366, 436: 128, 439: 324, 440: 86, 449: 142, 450: 380, 471: 254, 472: 16, 475: 338, 476: 100, 477: 268, 478: 30, 481: 352, 482: 114, 491: 310, 492: 72, 493: 268, 494: 30, 495: 254, 496: 16, 517: 268, 518: 30, 519: 268, 520: 30, 525: 352, 526: 114, 533: 254, 534: 16, 535: 72, 536: 310, 547: 16, 548: 254, 555: 366, 556: 128, 557: 142, 558: 380, 559: 128, 560: 366, 561: 310, 562: 72, 563: 380, 564: 142, 565: 114, 566: 352, 573: 268, 574: 30, 575: 296, 576: 58, 577: 254, 578: 16, 579: 254, 580: 16, 581: 254, 582: 16, 583: 352, 584: 114, 585: 338, 586: 100, 587: 254, 588: 16, 589: 254, 590: 16, 591: 282, 592: 44, 593: 100, 594: 338, 595: 352, 596: 114, 597: 114, 598: 352, 599: 72, 600: 310, 601: 338, 602: 100, 603: 268, 604: 30, 605: 142, 606: 380, 607: 30, 608: 268, 613: 100, 614: 338, 615: 58, 616: 296, 617: 30, 618: 268, 619: 86, 620: 324, 621: 296, 622: 58, 623: 282, 624: 44, 625: 114, 626: 352, 629: 268, 630: 30, 631: 310, 632: 72, 633: 338, 634: 100, 635: 30, 636: 268, 637: 338, 638: 100, 639: 30, 640: 268, 641: 30, 642: 268, 643: 366, 644: 128, 645: 296, 646: 58, 651: 366, 652: 128, 653: 254, 654: 16, 661: 254, 662: 16, 663: 394, 664: 156, 665: 324, 666: 86, 667: 282, 668: 44, 671: 16, 672: 254, 713: 30, 714: 268, 715: 16, 716: 254, 717: 156, 718: 394, 719: 86, 720: 324, 721: 16, 722: 254, 723: 16, 724: 254, 725: 352, 726: 114, 727: 16, 728: 254, 733: 72, 734: 310, 741: 268, 742: 30, 743: 30, 744: 268, 745: 268, 746: 30, 747: 324, 748: 86, 757: 338, 758: 100, 759: 268, 760: 30, 763: 282, 764: 44, 765: 254, 766: 16, 767: 44, 768: 282, 769: 268, 770: 30, 771: 338, 772: 100, 773: 254, 774: 16, 783: 268, 784: 30, 785: 254, 786: 16, 787: 338, 788: 100, 789: 268, 790: 30, 791: 338, 792: 100, 793: 268, 794: 30, 795: 338, 796: 100, 797: 268, 798: 30, 799: 338, 800: 100, 801: 30, 802: 268, 815: 338, 816: 100, 817: 268, 818: 30, 825: 268, 826: 30, 827: 338, 828: 100, 829: 352, 830: 114, 835: 30, 836: 268, 837: 282, 838: 44, 867: 114, 868: 352, 875: 310, 876: 72, 877: 338, 878: 100, 879: 324, 880: 86, 881: 30, 882: 268, 893: 30, 894: 268, 903: 254, 904: 16, 911: 254, 912: 16}
Number of lables used:  24
Total time: 2.00 seconds
Memory used: 212.76 MB
--------------------------------------------------

Trying with at most 23 labels...
Solution:
{13: 16, 14: 254, 15: 16, 16: 254, 23: 296, 24: 58, 49: 268, 50: 30, 51: 282, 52: 44, 53: 254, 54: 16, 67: 156, 68: 394, 69: 296, 70: 58, 79: 338, 80: 100, 81: 16, 82: 254, 83: 414, 84: 652, 85: 352, 86: 114, 103: 324, 104: 86, 105: 254, 106: 16, 117: 414, 118: 652, 119: 296, 120: 58, 127: 254, 128: 16, 129: 652, 130: 414, 143: 352, 144: 114, 145: 16, 146: 254, 151: 44, 152: 282, 153: 414, 154: 652, 155: 86, 156: 324, 157: 156, 158: 394, 179: 156, 180: 394, 181: 338, 182: 100, 183: 310, 184: 72, 191: 114, 192: 352, 193: 652, 194: 414, 205: 338, 206: 100, 209: 114, 210: 352, 211: 254, 212: 16, 213: 338, 214: 100, 215: 394, 216: 156, 217: 352, 218: 114, 233: 72, 234: 310, 235: 380, 236: 142, 237: 30, 238: 268, 261: 72, 262: 310, 263: 352, 264: 114, 265: 254, 266: 16, 267: 414, 268: 652, 269: 142, 270: 380, 271: 142, 272: 380, 273: 86, 274: 324, 275: 86, 276: 324, 277: 30, 278: 268, 281: 338, 282: 100, 283: 414, 284: 652, 285: 352, 286: 114, 287: 156, 288: 394, 289: 254, 290: 16, 291: 310, 292: 72, 293: 142, 294: 380, 295: 394, 296: 156, 299: 414, 300: 652, 301: 30, 302: 268, 303: 16, 304: 254, 305: 380, 306: 142, 307: 30, 308: 268, 309: 338, 310: 100, 311: 254, 312: 16, 313: 254, 314: 16, 321: 100, 322: 338, 323: 100, 324: 338, 325: 16, 326: 254, 327: 380, 328: 142, 329: 254, 330: 16, 339: 254, 340: 16, 341: 100, 342: 338, 343: 100, 344: 338, 345: 414, 346: 652, 347: 268, 348: 30, 349: 338, 350: 100, 351: 30, 352: 268, 355: 72, 356: 310, 357: 338, 358: 100, 359: 268, 360: 30, 361: 268, 362: 30, 363: 352, 364: 114, 365: 86, 366: 324, 367: 296, 368: 58, 369: 86, 370: 324, 371: 16, 372: 254, 375: 100, 376: 338, 377: 142, 378: 380, 383: 324, 384: 86, 387: 380, 388: 142, 397: 394, 398: 156, 401: 324, 402: 86, 405: 114, 406: 352, 435: 380, 436: 142, 439: 324, 440: 86, 449: 142, 450: 380, 471: 254, 472: 16, 475: 338, 476: 100, 477: 268, 478: 30, 481: 352, 482: 114, 491: 310, 492: 72, 493: 268, 494: 30, 495: 310, 496: 72, 517: 268, 518: 30, 519: 268, 520: 30, 525: 352, 526: 114, 533: 254, 534: 16, 535: 72, 536: 310, 547: 16, 548: 254, 555: 282, 556: 44, 557: 142, 558: 380, 559: 142, 560: 380, 561: 310, 562: 72, 563: 380, 564: 142, 565: 114, 566: 352, 573: 268, 574: 30, 575: 142, 576: 380, 577: 254, 578: 16, 579: 254, 580: 16, 581: 254, 582: 16, 583: 352, 584: 114, 585: 338, 586: 100, 587: 254, 588: 16, 589: 254, 590: 16, 591: 282, 592: 44, 593: 100, 594: 338, 595: 352, 596: 114, 597: 114, 598: 352, 599: 72, 600: 310, 601: 338, 602: 100, 603: 268, 604: 30, 605: 142, 606: 380, 607: 30, 608: 268, 613: 100, 614: 338, 615: 58, 616: 296, 617: 30, 618: 268, 619: 86, 620: 324, 621: 296, 622: 58, 623: 282, 624: 44, 625: 114, 626: 352, 629: 268, 630: 30, 631: 310, 632: 72, 633: 338, 634: 100, 635: 30, 636: 268, 637: 338, 638: 100, 639: 30, 640: 268, 641: 30, 642: 268, 643: 352, 644: 114, 645: 296, 646: 58, 651: 16, 652: 254, 653: 254, 654: 16, 661: 254, 662: 16, 663: 394, 664: 156, 665: 324, 666: 86, 667: 282, 668: 44, 671: 44, 672: 282, 713: 30, 714: 268, 715: 16, 716: 254, 717: 156, 718: 394, 719: 86, 720: 324, 721: 16, 722: 254, 723: 16, 724: 254, 725: 352, 726: 114, 727: 16, 728: 254, 733: 72, 734: 310, 741: 268, 742: 30, 743: 30, 744: 268, 745: 268, 746: 30, 747: 324, 748: 86, 757: 338, 758: 100, 759: 268, 760: 30, 763: 282, 764: 44, 765: 254, 766: 16, 767: 44, 768: 282, 769: 268, 770: 30, 771: 338, 772: 100, 773: 254, 774: 16, 783: 268, 784: 30, 785: 254, 786: 16, 787: 338, 788: 100, 789: 268, 790: 30, 791: 338, 792: 100, 793: 268, 794: 30, 795: 338, 796: 100, 797: 268, 798: 30, 799: 338, 800: 100, 801: 30, 802: 268, 815: 338, 816: 100, 817: 30, 818: 268, 825: 268, 826: 30, 827: 338, 828: 100, 829: 352, 830: 114, 835: 30, 836: 268, 837: 282, 838: 44, 867: 114, 868: 352, 875: 310, 876: 72, 877: 338, 878: 100, 879: 324, 880: 86, 881: 30, 882: 268, 893: 30, 894: 268, 903: 254, 904: 16, 911: 254, 912: 16}
Number of lables used:  22
Total time: 2.04 seconds
Memory used: 212.76 MB
--------------------------------------------------

Trying with at most 21 labels...
Solution:
{13: 16, 14: 254, 15: 16, 16: 254, 23: 296, 24: 58, 49: 268, 50: 30, 51: 282, 52: 44, 53: 254, 54: 16, 67: 156, 68: 394, 69: 296, 70: 58, 79: 338, 80: 100, 81: 16, 82: 254, 83: 414, 84: 652, 85: 352, 86: 114, 103: 338, 104: 100, 105: 254, 106: 16, 117: 414, 118: 652, 119: 296, 120: 58, 127: 254, 128: 16, 129: 652, 130: 414, 143: 352, 144: 114, 145: 16, 146: 254, 151: 44, 152: 282, 153: 414, 154: 652, 155: 86, 156: 324, 157: 156, 158: 394, 179: 156, 180: 394, 181: 394, 182: 156, 183: 338, 184: 100, 191: 114, 192: 352, 193: 652, 194: 414, 205: 380, 206: 142, 209: 114, 210: 352, 211: 254, 212: 16, 213: 44, 214: 282, 215: 394, 216: 156, 217: 352, 218: 114, 233: 142, 234: 380, 235: 268, 236: 30, 237: 30, 238: 268, 261: 352, 262: 114, 263: 352, 264: 114, 265: 254, 266: 16, 267: 414, 268: 652, 269: 16, 270: 254, 271: 16, 272: 254, 273: 86, 274: 324, 275: 86, 276: 324, 277: 30, 278: 268, 281: 338, 282: 100, 283: 414, 284: 652, 285: 352, 286: 114, 287: 156, 288: 394, 289: 254, 290: 16, 291: 324, 292: 86, 293: 380, 294: 142, 295: 86, 296: 324, 299: 414, 300: 652, 301: 30, 302: 268, 303: 16, 304: 254, 305: 380, 306: 142, 307: 30, 308: 268, 309: 338, 310: 100, 311: 254, 312: 16, 313: 254, 314: 16, 321: 114, 322: 352, 323: 114, 324: 352, 325: 16, 326: 254, 327: 380, 328: 142, 329: 254, 330: 16, 339: 254, 340: 16, 341: 100, 342: 338, 343: 100, 344: 338, 345: 414, 346: 652, 347: 268, 348: 30, 349: 338, 350: 100, 351: 114, 352: 352, 355: 100, 356: 338, 357: 338, 358: 100, 359: 268, 360: 30, 361: 268, 362: 30, 363: 352, 364: 114, 365: 86, 366: 324, 367: 296, 368: 58, 369: 86, 370: 324, 371: 16, 372: 254, 375: 100, 376: 338, 377: 44, 378: 282, 383: 282, 384: 44, 387: 268, 388: 30, 397: 324, 398: 86, 401: 324, 402: 86, 405: 142, 406: 380, 435: 268, 436: 30, 439: 380, 440: 142, 449: 114, 450: 352, 471: 254, 472: 16, 475: 338, 476: 100, 477: 268, 478: 30, 481: 380, 482: 142, 491: 324, 492: 86, 493: 282, 494: 44, 495: 324, 496: 86, 517: 268, 518: 30, 519: 268, 520: 30, 525: 352, 526: 114, 533: 254, 534: 16, 535: 86, 536: 324, 547: 114, 548: 352, 555: 282, 556: 44, 557: 142, 558: 380, 559: 142, 560: 380, 561: 282, 562: 44, 563: 380, 564: 142, 565: 114, 566: 352, 573: 268, 574: 30, 575: 296, 576: 58, 577: 254, 578: 16, 579: 254, 580: 16, 581: 254, 582: 16, 583: 352, 584: 114, 585: 338, 586: 100, 587: 254, 588: 16, 589: 254, 590: 16, 591: 324, 592: 86, 593: 100, 594: 338, 595: 352, 596: 114, 597: 114, 598: 352, 599: 100, 600: 338, 601: 338, 602: 100, 603: 268, 604: 30, 605: 142, 606: 380, 607: 30, 608: 268, 613: 100, 614: 338, 615: 58, 616: 296, 617: 30, 618: 268, 619: 86, 620: 324, 621: 296, 622: 58, 623: 282, 624: 44, 625: 114, 626: 352, 629: 268, 630: 30, 631: 324, 632: 86, 633: 338, 634: 100, 635: 30, 636: 268, 637: 338, 638: 100, 639: 30, 640: 268, 641: 114, 642: 352, 643: 30, 644: 268, 645: 296, 646: 58, 651: 16, 652: 254, 653: 254, 654: 16, 661: 254, 662: 16, 663: 394, 664: 156, 665: 324, 666: 86, 667: 324, 668: 86, 671: 44, 672: 282, 713: 30, 714: 268, 715: 16, 716: 254, 717: 156, 718: 394, 719: 86, 720: 324, 721: 16, 722: 254, 723: 16, 724: 254, 725: 352, 726: 114, 727: 16, 728: 254, 733: 58, 734: 296, 741: 16, 742: 254, 743: 30, 744: 268, 745: 268, 746: 30, 747: 324, 748: 86, 757: 338, 758: 100, 759: 268, 760: 30, 763: 282, 764: 44, 765: 254, 766: 16, 767: 44, 768: 282, 769: 268, 770: 30, 771: 414, 772: 652, 773: 30, 774: 268, 783: 44, 784: 282, 785: 254, 786: 16, 787: 338, 788: 100, 789: 268, 790: 30, 791: 338, 792: 100, 793: 268, 794: 30, 795: 338, 796: 100, 797: 268, 798: 30, 799: 338, 800: 100, 801: 30, 802: 268, 815: 338, 816: 100, 817: 30, 818: 268, 825: 268, 826: 30, 827: 30, 828: 268, 829: 352, 830: 114, 835: 30, 836: 268, 837: 282, 838: 44, 867: 114, 868: 352, 875: 352, 876: 114, 877: 338, 878: 100, 879: 324, 880: 86, 881: 30, 882: 268, 893: 30, 894: 268, 903: 254, 904: 16, 911: 254, 912: 16}
Number of lables used:  20
Total time: 2.07 seconds
Memory used: 212.76 MB
--------------------------------------------------

Trying with at most 19 labels...
Solution:
{13: 16, 14: 254, 15: 16, 16: 254, 23: 114, 24: 352, 49: 16, 50: 254, 51: 652, 52: 414, 53: 352, 54: 114, 67: 380, 68: 142, 69: 296, 70: 58, 79: 338, 80: 100, 81: 16, 82: 254, 83: 414, 84: 652, 85: 352, 86: 114, 103: 380, 104: 142, 105: 352, 106: 114, 117: 268, 118: 30, 119: 414, 120: 652, 127: 652, 128: 414, 129: 16, 130: 254, 143: 352, 144: 114, 145: 16, 146: 254, 151: 16, 152: 254, 153: 100, 154: 338, 155: 652, 156: 414, 157: 114, 158: 352, 179: 282, 180: 44, 181: 282, 182: 44, 183: 352, 184: 114, 191: 652, 192: 414, 193: 100, 194: 338, 205: 380, 206: 142, 209: 268, 210: 30, 211: 652, 212: 414, 213: 380, 214: 142, 215: 58, 216: 296, 217: 296, 218: 58, 233: 142, 234: 380, 235: 268, 236: 30, 237: 30, 238: 268, 261: 352, 262: 114, 263: 352, 264: 114, 265: 254, 266: 16, 267: 414, 268: 652, 269: 16, 270: 254, 271: 16, 272: 254, 273: 100, 274: 338, 275: 100, 276: 338, 277: 30, 278: 268, 281: 380, 282: 142, 283: 44, 284: 282, 285: 16, 286: 254, 287: 414, 288: 652, 289: 254, 290: 16, 291: 338, 292: 100, 293: 380, 294: 142, 295: 44, 296: 282, 299: 16, 300: 254, 301: 352, 302: 114, 303: 44, 304: 282, 305: 380, 306: 142, 307: 30, 308: 268, 309: 352, 310: 114, 311: 254, 312: 16, 313: 254, 314: 16, 321: 142, 322: 380, 323: 142, 324: 380, 325: 652, 326: 414, 327: 16, 328: 254, 329: 254, 330: 16, 339: 254, 340: 16, 341: 142, 342: 380, 343: 142, 344: 380, 345: 268, 346: 30, 347: 338, 348: 100, 349: 338, 350: 100, 351: 142, 352: 380, 355: 100, 356: 338, 357: 338, 358: 100, 359: 268, 360: 30, 361: 268, 362: 30, 363: 380, 364: 142, 365: 44, 366: 282, 367: 352, 368: 114, 369: 100, 370: 338, 371: 16, 372: 254, 375: 114, 376: 352, 377: 142, 378: 380, 383: 282, 384: 44, 387: 268, 388: 30, 397: 338, 398: 100, 401: 380, 402: 142, 405: 58, 406: 296, 435: 268, 436: 30, 439: 652, 440: 414, 449: 380, 450: 142, 471: 254, 472: 16, 475: 338, 476: 100, 477: 268, 478: 30, 481: 380, 482: 142, 491: 268, 492: 30, 493: 100, 494: 338, 495: 338, 496: 100, 517: 268, 518: 30, 519: 338, 520: 100, 525: 352, 526: 114, 533: 254, 534: 16, 535: 100, 536: 338, 547: 114, 548: 352, 555: 380, 556: 142, 557: 114, 558: 352, 559: 142, 560: 380, 561: 282, 562: 44, 563: 338, 564: 100, 565: 114, 566: 352, 573: 268, 574: 30, 575: 296, 576: 58, 577: 254, 578: 16, 579: 254, 580: 16, 581: 254, 582: 16, 583: 296, 584: 58, 585: 338, 586: 100, 587: 254, 588: 16, 589: 338, 590: 100, 591: 352, 592: 114, 593: 142, 594: 380, 595: 268, 596: 30, 597: 268, 598: 30, 599: 100, 600: 338, 601: 338, 602: 100, 603: 268, 604: 30, 605: 142, 606: 380, 607: 282, 608: 44, 613: 100, 614: 338, 615: 268, 616: 30, 617: 114, 618: 352, 619: 142, 620: 380, 621: 296, 622: 58, 623: 282, 624: 44, 625: 114, 626: 352, 629: 268, 630: 30, 631: 338, 632: 100, 633: 338, 634: 100, 635: 30, 636: 268, 637: 338, 638: 100, 639: 30, 640: 268, 641: 142, 642: 380, 643: 30, 644: 268, 645: 296, 646: 58, 651: 16, 652: 254, 653: 254, 654: 16, 661: 254, 662: 16, 663: 352, 664: 114, 665: 414, 666: 652, 667: 282, 668: 44, 671: 30, 672: 268, 713: 30, 714: 268, 715: 652, 716: 414, 717: 652, 718: 414, 719: 100, 720: 338, 721: 16, 722: 254, 723: 16, 724: 254, 725: 16, 726: 254, 727: 16, 728: 254, 733: 58, 734: 296, 741: 652, 742: 414, 743: 338, 744: 100, 745: 268, 746: 30, 747: 268, 748: 30, 757: 338, 758: 100, 759: 268, 760: 30, 763: 268, 764: 30, 765: 16, 766: 254, 767: 44, 768: 282, 769: 30, 770: 268, 771: 414, 772: 652, 773: 30, 774: 268, 783: 44, 784: 282, 785: 254, 786: 16, 787: 58, 788: 296, 789: 268, 790: 30, 791: 338, 792: 100, 793: 268, 794: 30, 795: 338, 796: 100, 797: 268, 798: 30, 799: 338, 800: 100, 801: 30, 802: 268, 815: 338, 816: 100, 817: 30, 818: 268, 825: 296, 826: 58, 827: 58, 828: 296, 829: 254, 830: 16, 835: 100, 836: 338, 837: 282, 838: 44, 867: 44, 868: 282, 875: 282, 876: 44, 877: 296, 878: 58, 879: 268, 880: 30, 881: 268, 882: 30, 893: 30, 894: 268, 903: 380, 904: 142, 911: 338, 912: 100}
Number of lables used:  16
Total time: 2.14 seconds
Memory used: 212.78 MB
--------------------------------------------------

Trying with at most 15 labels...
[runlim] sample:		9.99 time, 10.01 real, 285 MB, 0.96 load
Solution:
{13: 156, 14: 394, 15: 156, 16: 394, 23: 142, 24: 380, 49: 114, 50: 352, 51: 296, 52: 58, 53: 156, 54: 394, 67: 394, 68: 156, 69: 296, 70: 58, 79: 352, 80: 114, 81: 30, 82: 268, 83: 540, 84: 778, 85: 380, 86: 142, 103: 394, 104: 156, 105: 30, 106: 268, 117: 540, 118: 778, 119: 142, 120: 380, 127: 352, 128: 114, 129: 666, 130: 428, 143: 114, 144: 352, 145: 540, 146: 778, 151: 778, 152: 540, 153: 428, 154: 666, 155: 428, 156: 666, 157: 352, 158: 114, 179: 268, 180: 30, 181: 142, 182: 380, 183: 156, 184: 394, 191: 428, 192: 666, 193: 268, 194: 30, 205: 156, 206: 394, 209: 380, 210: 142, 211: 296, 212: 58, 213: 30, 214: 268, 215: 58, 216: 296, 217: 58, 218: 296, 233: 30, 234: 268, 235: 114, 236: 352, 237: 778, 238: 540, 261: 58, 262: 296, 263: 30, 264: 268, 265: 296, 266: 58, 267: 394, 268: 156, 269: 58, 270: 296, 271: 156, 272: 394, 273: 30, 274: 268, 275: 30, 276: 268, 277: 58, 278: 296, 281: 666, 282: 428, 283: 30, 284: 268, 285: 30, 286: 268, 287: 58, 288: 296, 289: 666, 290: 428, 291: 30, 292: 268, 293: 142, 294: 380, 295: 296, 296: 58, 299: 778, 300: 540, 301: 666, 302: 428, 303: 156, 304: 394, 305: 58, 306: 296, 307: 540, 308: 778, 309: 114, 310: 352, 311: 58, 312: 296, 313: 58, 314: 296, 321: 156, 322: 394, 323: 156, 324: 394, 325: 540, 326: 778, 327: 156, 328: 394, 329: 778, 330: 540, 339: 268, 340: 30, 341: 380, 342: 142, 343: 380, 344: 142, 345: 540, 346: 778, 347: 156, 348: 394, 349: 296, 350: 58, 351: 666, 352: 428, 355: 114, 356: 352, 357: 114, 358: 352, 359: 428, 360: 666, 361: 30, 362: 268, 363: 380, 364: 142, 365: 540, 366: 778, 367: 30, 368: 268, 369: 30, 370: 268, 371: 380, 372: 142, 375: 352, 376: 114, 377: 540, 378: 778, 383: 428, 384: 666, 387: 352, 388: 114, 397: 666, 398: 428, 401: 114, 402: 352, 405: 428, 406: 666, 435: 380, 436: 142, 439: 428, 440: 666, 449: 296, 450: 58, 471: 142, 472: 380, 475: 58, 476: 296, 477: 296, 478: 58, 481: 30, 482: 268, 491: 114, 492: 352, 493: 778, 494: 540, 495: 58, 496: 296, 517: 380, 518: 142, 519: 428, 520: 666, 525: 58, 526: 296, 533: 380, 534: 142, 535: 30, 536: 268, 547: 394, 548: 156, 555: 380, 556: 142, 557: 268, 558: 30, 559: 778, 560: 540, 561: 540, 562: 778, 563: 30, 564: 268, 565: 428, 566: 666, 573: 778, 574: 540, 575: 540, 576: 778, 577: 394, 578: 156, 579: 778, 580: 540, 581: 778, 582: 540, 583: 352, 584: 114, 585: 380, 586: 142, 587: 296, 588: 58, 589: 778, 590: 540, 591: 380, 592: 142, 593: 666, 594: 428, 595: 30, 596: 268, 597: 114, 598: 352, 599: 114, 600: 352, 601: 58, 602: 296, 603: 268, 604: 30, 605: 30, 606: 268, 607: 778, 608: 540, 613: 666, 614: 428, 615: 296, 616: 58, 617: 142, 618: 380, 619: 352, 620: 114, 621: 428, 622: 666, 623: 114, 624: 352, 625: 30, 626: 268, 629: 380, 630: 142, 631: 30, 632: 268, 633: 352, 634: 114, 635: 30, 636: 268, 637: 352, 638: 114, 639: 30, 640: 268, 641: 380, 642: 142, 643: 268, 644: 30, 645: 268, 646: 30, 651: 30, 652: 268, 653: 380, 654: 142, 661: 428, 662: 666, 663: 156, 664: 394, 665: 380, 666: 142, 667: 114, 668: 352, 671: 30, 672: 268, 713: 58, 714: 296, 715: 428, 716: 666, 717: 666, 718: 428, 719: 30, 720: 268, 721: 540, 722: 778, 723: 540, 724: 778, 725: 30, 726: 268, 727: 30, 728: 268, 733: 30, 734: 268, 741: 352, 742: 114, 743: 142, 744: 380, 745: 268, 746: 30, 747: 296, 748: 58, 757: 352, 758: 114, 759: 268, 760: 30, 763: 352, 764: 114, 765: 30, 766: 268, 767: 540, 768: 778, 769: 352, 770: 114, 771: 380, 772: 142, 773: 30, 774: 268, 783: 540, 784: 778, 785: 156, 786: 394, 787: 30, 788: 268, 789: 114, 790: 352, 791: 380, 792: 142, 793: 58, 794: 296, 795: 380, 796: 142, 797: 58, 798: 296, 799: 268, 800: 30, 801: 114, 802: 352, 815: 268, 816: 30, 817: 428, 818: 666, 825: 666, 826: 428, 827: 142, 828: 380, 829: 58, 830: 296, 835: 114, 836: 352, 837: 268, 838: 30, 867: 428, 868: 666, 875: 380, 876: 142, 877: 778, 878: 540, 879: 428, 880: 666, 881: 30, 882: 268, 893: 30, 894: 268, 903: 268, 904: 30, 911: 352, 912: 114}
Number of lables used:  14
Total time: 9.98 seconds
Memory used: 284.79 MB
--------------------------------------------------

Trying with at most 13 labels...
[runlim] sample:		19.99 time, 20.01 real, 316 MB, 0.97 load
[runlim] sample:		29.99 time, 30.01 real, 316 MB, 1.13 load
[runlim] sample:		39.98 time, 40.01 real, 317 MB, 1.18 load
[runlim] sample:		49.98 time, 50.01 real, 317 MB, 1.15 load
[runlim] sample:		59.98 time, 60.01 real, 317 MB, 1.13 load
[runlim] sample:		69.97 time, 70.01 real, 317 MB, 1.11 load
[runlim] sample:		79.97 time, 80.01 real, 318 MB, 1.09 load
[runlim] sample:		89.96 time, 90.01 real, 321 MB, 1.08 load
[runlim] sample:		99.96 time, 100.01 real, 319 MB, 1.07 load
[runlim] sample:		109.96 time, 110.01 real, 319 MB, 1.06 load
[runlim] sample:		119.95 time, 120.01 real, 320 MB, 1.05 load
[runlim] sample:		129.95 time, 130.01 real, 321 MB, 1.04 load
[runlim] sample:		139.94 time, 140.01 real, 321 MB, 1.11 load
[runlim] sample:		149.94 time, 150.01 real, 320 MB, 1.09 load
[runlim] sample:		159.93 time, 160.01 real, 320 MB, 1.08 load
[runlim] sample:		169.93 time, 170.01 real, 320 MB, 1.06 load
[runlim] sample:		179.92 time, 180.01 real, 320 MB, 1.05 load
[runlim] sample:		189.91 time, 190.01 real, 321 MB, 1.04 load
[runlim] sample:		199.92 time, 200.01 real, 321 MB, 1.04 load
[runlim] sample:		209.91 time, 210.01 real, 320 MB, 1.03 load
[runlim] sample:		219.91 time, 220.01 real, 320 MB, 1.03 load
[runlim] sample:		229.90 time, 230.01 real, 321 MB, 1.02 load
[runlim] sample:		239.90 time, 240.01 real, 321 MB, 1.02 load
[runlim] sample:		249.89 time, 250.01 real, 322 MB, 1.01 load
[runlim] sample:		259.89 time, 260.01 real, 321 MB, 1.01 load
[runlim] sample:		269.88 time, 270.01 real, 322 MB, 1.01 load
[runlim] sample:		279.88 time, 280.01 real, 324 MB, 1.01 load
[runlim] sample:		289.88 time, 290.01 real, 266 MB, 1.09 load
[runlim] sample:		299.87 time, 300.01 real, 269 MB, 1.07 load
[runlim] sample:		309.86 time, 310.01 real, 272 MB, 1.06 load
[runlim] sample:		319.86 time, 320.01 real, 271 MB, 1.05 load
[runlim] sample:		329.85 time, 330.01 real, 272 MB, 1.04 load
[runlim] sample:		339.85 time, 340.01 real, 272 MB, 1.04 load
[runlim] sample:		349.85 time, 350.01 real, 272 MB, 1.03 load
[runlim] sample:		359.84 time, 360.01 real, 273 MB, 1.02 load
[runlim] sample:		369.84 time, 370.01 real, 273 MB, 1.02 load
[runlim] sample:		379.83 time, 380.01 real, 275 MB, 1.02 load
[runlim] sample:		389.83 time, 390.01 real, 274 MB, 1.01 load
[runlim] sample:		399.82 time, 400.01 real, 272 MB, 1.01 load
[runlim] sample:		409.82 time, 410.01 real, 274 MB, 1.01 load
[runlim] sample:		419.82 time, 420.01 real, 275 MB, 1.01 load
[runlim] sample:		429.81 time, 430.01 real, 276 MB, 1.01 load
[runlim] sample:		439.81 time, 440.01 real, 276 MB, 1.00 load
[runlim] sample:		449.80 time, 450.01 real, 275 MB, 1.00 load
[runlim] sample:		459.80 time, 460.01 real, 275 MB, 1.00 load
[runlim] sample:		469.79 time, 470.01 real, 274 MB, 1.00 load
[runlim] sample:		479.79 time, 480.01 real, 274 MB, 1.00 load
[runlim] sample:		489.78 time, 490.01 real, 274 MB, 1.00 load
[runlim] sample:		499.78 time, 500.01 real, 274 MB, 1.00 load
[runlim] sample:		509.77 time, 510.01 real, 272 MB, 1.00 load
[runlim] sample:		519.77 time, 520.01 real, 271 MB, 1.00 load
[runlim] sample:		529.77 time, 530.01 real, 290 MB, 1.15 load
[runlim] sample:		539.77 time, 540.01 real, 290 MB, 1.20 load
[runlim] sample:		549.76 time, 550.01 real, 291 MB, 1.17 load
[runlim] sample:		559.75 time, 560.01 real, 290 MB, 1.15 load
[runlim] sample:		569.76 time, 570.01 real, 290 MB, 1.12 load
[runlim] sample:		579.75 time, 580.01 real, 290 MB, 1.10 load
[runlim] sample:		589.74 time, 590.01 real, 290 MB, 1.09 load
[runlim] sample:		599.74 time, 600.01 real, 291 MB, 1.07 load
[runlim] end:			Sun Jun 14 20:01:08 2026
[runlim] status:		out of time
[runlim] result:		2
[runlim] children:		1
[runlim] processes:		2
[runlim] real:			601.06 seconds
[runlim] time:			599.74 seconds
[runlim] space:			375 MB
[runlim] load:			1.22 maximum
[runlim] samples:		6000
