[runlim] version:		2.0.0rc12
[runlim] host:			ap-Precision-7550
[runlim] time limit:		311040000 seconds
[runlim] real time limit:	600 seconds
[runlim] space limit:		14000 MB
[runlim] argv[0]:		python3
[runlim] argv[1]:		-u
[runlim] argv[2]:		pairwise.py
[runlim] argv[3]:		scen08
[runlim] argv[4]:		assumptions
[runlim] argv[5]:		4
[runlim] argv[6]:		card
[runlim] argv[7]:		4
[runlim] start:			Sun Jun 14 20:25:15 2026
[runlim] child:			86126
Exactly-one cardinality encoding:  4
Distance constraint mode:  card
Distance cardinality encoding:  4
Warning: variable 825 has no valid labels after preprocessing.
Cannot find solution!
Time taken: 0.28 seconds
Memory used: 18.44 MB
[runlim] end:			Sun Jun 14 20:25:15 2026
[runlim] status:		ok
[runlim] result:		0
[runlim] children:		1
[runlim] processes:		2
[runlim] real:			0.32 seconds
[runlim] time:			0.30 seconds
[runlim] space:			18 MB
[runlim] load:			1.36 maximum
[runlim] samples:		4
