[runlim] version:		2.0.0rc12
[runlim] host:			ap-Precision-7550
[runlim] time limit:		311040000 seconds
[runlim] real time limit:	600 seconds
[runlim] space limit:		14000 MB
[runlim] argv[0]:		python3
[runlim] argv[1]:		-u
[runlim] argv[2]:		pairwise.py
[runlim] argv[3]:		TUD200.3
[runlim] argv[4]:		assumptions
[runlim] argv[5]:		4
[runlim] argv[6]:		card
[runlim] argv[7]:		4
[runlim] start:			Sun Jun 14 20:26:16 2026
[runlim] child:			86403
Exactly-one cardinality encoding:  4
Distance constraint mode:  card
Distance cardinality encoding:  4
Number of assignment variables:  7066
Number of clauses for exactly one constraints:  41488
Number of clauses for distance constraints:  591724
---------------------------------------------------
Solve first problem:
Solution:
{1: 428, 2: 666, 3: 380, 4: 142, 5: 100, 6: 338, 7: 470, 8: 708, 9: 352, 10: 114, 11: 380, 12: 142, 13: 414, 14: 652, 15: 680, 16: 442, 17: 170, 18: 408, 19: 100, 20: 338, 21: 268, 22: 30, 23: 156, 24: 394, 25: 554, 26: 792, 27: 666, 28: 428, 29: 792, 30: 554, 31: 414, 32: 652, 33: 268, 34: 30, 35: 86, 36: 324, 37: 44, 38: 282, 39: 680, 40: 442, 41: 86, 42: 324, 43: 764, 44: 526, 45: 414, 46: 652, 47: 512, 48: 750, 49: 16, 50: 254, 51: 666, 52: 428, 53: 338, 54: 100, 55: 666, 56: 428, 57: 352, 58: 114, 59: 58, 60: 296, 61: 254, 62: 16, 63: 778, 64: 540, 65: 128, 66: 366, 67: 352, 68: 114, 69: 296, 70: 58, 71: 30, 72: 268, 73: 652, 74: 414, 75: 366, 76: 128, 77: 380, 78: 142, 79: 708, 80: 470, 81: 86, 82: 324, 83: 310, 84: 72, 85: 282, 86: 44, 87: 778, 88: 540, 89: 764, 90: 526, 91: 254, 92: 16, 93: 750, 94: 512, 95: 442, 96: 680, 97: 240, 98: 478, 99: 478, 100: 240, 101: 380, 102: 142, 103: 352, 104: 114, 105: 324, 106: 86, 107: 310, 108: 72, 109: 456, 110: 694, 111: 282, 112: 44, 113: 722, 114: 484, 115: 652, 116: 414, 117: 708, 118: 470, 119: 310, 120: 72, 121: 380, 122: 142, 123: 156, 124: 394, 125: 666, 126: 428, 127: 708, 128: 470, 129: 324, 130: 86, 131: 408, 132: 170, 133: 310, 134: 72, 135: 254, 136: 16, 137: 652, 138: 414, 139: 268, 140: 30, 141: 310, 142: 72, 143: 296, 144: 58, 145: 456, 146: 694, 147: 394, 148: 156, 149: 254, 150: 16, 151: 750, 152: 512, 153: 652, 154: 414, 155: 414, 156: 652, 157: 268, 158: 30, 159: 296, 160: 58, 161: 268, 162: 30, 163: 254, 164: 16, 165: 254, 166: 16, 167: 380, 168: 142, 169: 310, 170: 72, 171: 254, 172: 16, 173: 366, 174: 128, 175: 338, 176: 100, 177: 366, 178: 128, 179: 380, 180: 142, 181: 254, 182: 16, 183: 310, 184: 72, 185: 324, 186: 86, 187: 254, 188: 16, 189: 310, 190: 72, 191: 268, 192: 30, 193: 324, 194: 86, 195: 736, 196: 498, 197: 282, 198: 44, 199: 254, 200: 16}
Number of lables used:  48
Total time: 0.92 seconds
Memory used: 104.24 MB
--------------------------------------------------
Number of label variables:  48
Number of clauses for label constraints:  7066
Number of new variables for cardinality constraints:  1175
Number of clauses for cardinality constraints:  4606
Initial variable count:  71713
Initial clause count:  644911
--------------------------------------------------

Trying with at most 47 labels...
Solution:
{1: 428, 2: 666, 3: 380, 4: 142, 5: 100, 6: 338, 7: 470, 8: 708, 9: 352, 10: 114, 11: 380, 12: 142, 13: 414, 14: 652, 15: 764, 16: 526, 17: 170, 18: 408, 19: 100, 20: 338, 21: 268, 22: 30, 23: 156, 24: 394, 25: 540, 26: 778, 27: 666, 28: 428, 29: 470, 30: 708, 31: 414, 32: 652, 33: 268, 34: 30, 35: 86, 36: 324, 37: 44, 38: 282, 39: 680, 40: 442, 41: 86, 42: 324, 43: 736, 44: 498, 45: 414, 46: 652, 47: 512, 48: 750, 49: 16, 50: 254, 51: 666, 52: 428, 53: 338, 54: 100, 55: 666, 56: 428, 57: 352, 58: 114, 59: 58, 60: 296, 61: 254, 62: 16, 63: 778, 64: 540, 65: 128, 66: 366, 67: 352, 68: 114, 69: 296, 70: 58, 71: 30, 72: 268, 73: 722, 74: 484, 75: 366, 76: 128, 77: 380, 78: 142, 79: 708, 80: 470, 81: 86, 82: 324, 83: 310, 84: 72, 85: 282, 86: 44, 87: 414, 88: 652, 89: 764, 90: 526, 91: 254, 92: 16, 93: 750, 94: 512, 95: 442, 96: 680, 97: 380, 98: 142, 99: 478, 100: 240, 101: 380, 102: 142, 103: 352, 104: 114, 105: 324, 106: 86, 107: 310, 108: 72, 109: 470, 110: 708, 111: 282, 112: 44, 113: 722, 114: 484, 115: 652, 116: 414, 117: 708, 118: 470, 119: 310, 120: 72, 121: 380, 122: 142, 123: 156, 124: 394, 125: 666, 126: 428, 127: 708, 128: 470, 129: 324, 130: 86, 131: 408, 132: 170, 133: 310, 134: 72, 135: 254, 136: 16, 137: 652, 138: 414, 139: 268, 140: 30, 141: 310, 142: 72, 143: 296, 144: 58, 145: 456, 146: 694, 147: 394, 148: 156, 149: 254, 150: 16, 151: 750, 152: 512, 153: 652, 154: 414, 155: 414, 156: 652, 157: 268, 158: 30, 159: 296, 160: 58, 161: 268, 162: 30, 163: 254, 164: 16, 165: 254, 166: 16, 167: 380, 168: 142, 169: 310, 170: 72, 171: 254, 172: 16, 173: 366, 174: 128, 175: 338, 176: 100, 177: 366, 178: 128, 179: 380, 180: 142, 181: 254, 182: 16, 183: 310, 184: 72, 185: 324, 186: 86, 187: 254, 188: 16, 189: 310, 190: 72, 191: 268, 192: 30, 193: 324, 194: 86, 195: 736, 196: 498, 197: 282, 198: 44, 199: 254, 200: 16}
Number of lables used:  46
Total time: 0.95 seconds
Memory used: 105.01 MB
--------------------------------------------------

Trying with at most 45 labels...
Solution:
{1: 428, 2: 666, 3: 380, 4: 142, 5: 100, 6: 338, 7: 470, 8: 708, 9: 352, 10: 114, 11: 380, 12: 142, 13: 414, 14: 652, 15: 442, 16: 680, 17: 170, 18: 408, 19: 100, 20: 338, 21: 268, 22: 30, 23: 156, 24: 394, 25: 540, 26: 778, 27: 666, 28: 428, 29: 470, 30: 708, 31: 414, 32: 652, 33: 268, 34: 30, 35: 86, 36: 324, 37: 44, 38: 282, 39: 680, 40: 442, 41: 86, 42: 324, 43: 736, 44: 498, 45: 414, 46: 652, 47: 512, 48: 750, 49: 16, 50: 254, 51: 666, 52: 428, 53: 338, 54: 100, 55: 666, 56: 428, 57: 352, 58: 114, 59: 58, 60: 296, 61: 254, 62: 16, 63: 778, 64: 540, 65: 128, 66: 366, 67: 352, 68: 114, 69: 296, 70: 58, 71: 30, 72: 268, 73: 778, 74: 540, 75: 366, 76: 128, 77: 380, 78: 142, 79: 708, 80: 470, 81: 86, 82: 324, 83: 310, 84: 72, 85: 282, 86: 44, 87: 414, 88: 652, 89: 778, 90: 540, 91: 254, 92: 16, 93: 750, 94: 512, 95: 442, 96: 680, 97: 380, 98: 142, 99: 478, 100: 240, 101: 380, 102: 142, 103: 352, 104: 114, 105: 324, 106: 86, 107: 310, 108: 72, 109: 470, 110: 708, 111: 282, 112: 44, 113: 736, 114: 498, 115: 652, 116: 414, 117: 708, 118: 470, 119: 310, 120: 72, 121: 380, 122: 142, 123: 156, 124: 394, 125: 666, 126: 428, 127: 708, 128: 470, 129: 324, 130: 86, 131: 408, 132: 170, 133: 310, 134: 72, 135: 254, 136: 16, 137: 652, 138: 414, 139: 268, 140: 30, 141: 310, 142: 72, 143: 296, 144: 58, 145: 456, 146: 694, 147: 394, 148: 156, 149: 254, 150: 16, 151: 750, 152: 512, 153: 652, 154: 414, 155: 414, 156: 652, 157: 268, 158: 30, 159: 296, 160: 58, 161: 268, 162: 30, 163: 254, 164: 16, 165: 254, 166: 16, 167: 380, 168: 142, 169: 310, 170: 72, 171: 254, 172: 16, 173: 366, 174: 128, 175: 338, 176: 100, 177: 366, 178: 128, 179: 380, 180: 142, 181: 254, 182: 16, 183: 310, 184: 72, 185: 324, 186: 86, 187: 254, 188: 16, 189: 310, 190: 72, 191: 268, 192: 30, 193: 324, 194: 86, 195: 736, 196: 498, 197: 282, 198: 44, 199: 254, 200: 16}
Number of lables used:  42
Total time: 0.96 seconds
Memory used: 105.02 MB
--------------------------------------------------

Trying with at most 41 labels...
Solution:
{1: 498, 2: 736, 3: 380, 4: 142, 5: 16, 6: 254, 7: 414, 8: 652, 9: 352, 10: 114, 11: 380, 12: 142, 13: 414, 14: 652, 15: 498, 16: 736, 17: 380, 18: 142, 19: 100, 20: 338, 21: 268, 22: 30, 23: 156, 24: 394, 25: 540, 26: 778, 27: 750, 28: 512, 29: 540, 30: 778, 31: 414, 32: 652, 33: 268, 34: 30, 35: 86, 36: 324, 37: 44, 38: 282, 39: 750, 40: 512, 41: 86, 42: 324, 43: 736, 44: 498, 45: 414, 46: 652, 47: 512, 48: 750, 49: 16, 50: 254, 51: 736, 52: 498, 53: 338, 54: 100, 55: 414, 56: 652, 57: 352, 58: 114, 59: 58, 60: 296, 61: 254, 62: 16, 63: 778, 64: 540, 65: 128, 66: 366, 67: 352, 68: 114, 69: 296, 70: 58, 71: 30, 72: 268, 73: 778, 74: 540, 75: 366, 76: 128, 77: 380, 78: 142, 79: 30, 80: 268, 81: 86, 82: 324, 83: 310, 84: 72, 85: 282, 86: 44, 87: 414, 88: 652, 89: 778, 90: 540, 91: 254, 92: 16, 93: 750, 94: 512, 95: 296, 96: 58, 97: 380, 98: 142, 99: 478, 100: 240, 101: 296, 102: 58, 103: 352, 104: 114, 105: 296, 106: 58, 107: 310, 108: 72, 109: 498, 110: 736, 111: 282, 112: 44, 113: 736, 114: 498, 115: 652, 116: 414, 117: 736, 118: 498, 119: 310, 120: 72, 121: 380, 122: 142, 123: 156, 124: 394, 125: 72, 126: 310, 127: 736, 128: 498, 129: 778, 130: 540, 131: 142, 132: 380, 133: 310, 134: 72, 135: 254, 136: 16, 137: 652, 138: 414, 139: 268, 140: 30, 141: 310, 142: 72, 143: 380, 144: 142, 145: 498, 146: 736, 147: 394, 148: 156, 149: 254, 150: 16, 151: 778, 152: 540, 153: 652, 154: 414, 155: 414, 156: 652, 157: 268, 158: 30, 159: 296, 160: 58, 161: 414, 162: 652, 163: 254, 164: 16, 165: 254, 166: 16, 167: 736, 168: 498, 169: 310, 170: 72, 171: 254, 172: 16, 173: 366, 174: 128, 175: 338, 176: 100, 177: 366, 178: 128, 179: 380, 180: 142, 181: 254, 182: 16, 183: 310, 184: 72, 185: 324, 186: 86, 187: 254, 188: 16, 189: 310, 190: 72, 191: 268, 192: 30, 193: 324, 194: 86, 195: 736, 196: 498, 197: 282, 198: 44, 199: 254, 200: 16}
Number of lables used:  32
Total time: 0.97 seconds
Memory used: 105.04 MB
--------------------------------------------------

Trying with at most 31 labels...
Solution:
{1: 498, 2: 736, 3: 380, 4: 142, 5: 16, 6: 254, 7: 414, 8: 652, 9: 380, 10: 142, 11: 380, 12: 142, 13: 414, 14: 652, 15: 498, 16: 736, 17: 380, 18: 142, 19: 100, 20: 338, 21: 268, 22: 30, 23: 652, 24: 414, 25: 540, 26: 778, 27: 750, 28: 512, 29: 540, 30: 778, 31: 414, 32: 652, 33: 268, 34: 30, 35: 282, 36: 44, 37: 44, 38: 282, 39: 736, 40: 498, 41: 86, 42: 324, 43: 736, 44: 498, 45: 414, 46: 652, 47: 512, 48: 750, 49: 16, 50: 254, 51: 736, 52: 498, 53: 338, 54: 100, 55: 414, 56: 652, 57: 380, 58: 142, 59: 58, 60: 296, 61: 254, 62: 16, 63: 778, 64: 540, 65: 156, 66: 394, 67: 380, 68: 142, 69: 296, 70: 58, 71: 30, 72: 268, 73: 778, 74: 540, 75: 380, 76: 142, 77: 380, 78: 142, 79: 30, 80: 268, 81: 86, 82: 324, 83: 310, 84: 72, 85: 282, 86: 44, 87: 652, 88: 414, 89: 498, 90: 736, 91: 254, 92: 16, 93: 750, 94: 512, 95: 296, 96: 58, 97: 380, 98: 142, 99: 478, 100: 240, 101: 296, 102: 58, 103: 380, 104: 142, 105: 296, 106: 58, 107: 310, 108: 72, 109: 498, 110: 736, 111: 282, 112: 44, 113: 736, 114: 498, 115: 652, 116: 414, 117: 736, 118: 498, 119: 310, 120: 72, 121: 380, 122: 142, 123: 156, 124: 394, 125: 72, 126: 310, 127: 736, 128: 498, 129: 778, 130: 540, 131: 142, 132: 380, 133: 310, 134: 72, 135: 254, 136: 16, 137: 652, 138: 414, 139: 268, 140: 30, 141: 310, 142: 72, 143: 380, 144: 142, 145: 512, 146: 750, 147: 394, 148: 156, 149: 254, 150: 16, 151: 778, 152: 540, 153: 652, 154: 414, 155: 414, 156: 652, 157: 268, 158: 30, 159: 296, 160: 58, 161: 414, 162: 652, 163: 254, 164: 16, 165: 254, 166: 16, 167: 736, 168: 498, 169: 310, 170: 72, 171: 254, 172: 16, 173: 338, 174: 100, 175: 338, 176: 100, 177: 380, 178: 142, 179: 380, 180: 142, 181: 254, 182: 16, 183: 282, 184: 44, 185: 324, 186: 86, 187: 100, 188: 338, 189: 310, 190: 72, 191: 268, 192: 30, 193: 324, 194: 86, 195: 736, 196: 498, 197: 282, 198: 44, 199: 254, 200: 16}
Number of lables used:  28
Total time: 0.99 seconds
Memory used: 105.04 MB
--------------------------------------------------

Trying with at most 27 labels...
Solution:
{1: 778, 2: 540, 3: 380, 4: 142, 5: 86, 6: 324, 7: 736, 8: 498, 9: 380, 10: 142, 11: 380, 12: 142, 13: 142, 14: 380, 15: 380, 16: 142, 17: 478, 18: 240, 19: 86, 20: 324, 21: 268, 22: 30, 23: 156, 24: 394, 25: 30, 26: 268, 27: 750, 28: 512, 29: 30, 30: 268, 31: 414, 32: 652, 33: 324, 34: 86, 35: 282, 36: 44, 37: 142, 38: 380, 39: 736, 40: 498, 41: 16, 42: 254, 43: 736, 44: 498, 45: 414, 46: 652, 47: 512, 48: 750, 49: 736, 50: 498, 51: 310, 52: 72, 53: 652, 54: 414, 55: 414, 56: 652, 57: 324, 58: 86, 59: 652, 60: 414, 61: 324, 62: 86, 63: 414, 64: 652, 65: 778, 66: 540, 67: 736, 68: 498, 69: 72, 70: 310, 71: 30, 72: 268, 73: 778, 74: 540, 75: 72, 76: 310, 77: 16, 78: 254, 79: 736, 80: 498, 81: 86, 82: 324, 83: 338, 84: 100, 85: 268, 86: 30, 87: 652, 88: 414, 89: 498, 90: 736, 91: 254, 92: 16, 93: 310, 94: 72, 95: 30, 96: 268, 97: 380, 98: 142, 99: 142, 100: 380, 101: 282, 102: 44, 103: 380, 104: 142, 105: 310, 106: 72, 107: 254, 108: 16, 109: 498, 110: 736, 111: 282, 112: 44, 113: 16, 114: 254, 115: 652, 116: 414, 117: 736, 118: 498, 119: 142, 120: 380, 121: 240, 122: 478, 123: 156, 124: 394, 125: 30, 126: 268, 127: 736, 128: 498, 129: 778, 130: 540, 131: 142, 132: 380, 133: 72, 134: 310, 135: 750, 136: 512, 137: 736, 138: 498, 139: 736, 140: 498, 141: 268, 142: 30, 143: 16, 144: 254, 145: 512, 146: 750, 147: 86, 148: 324, 149: 310, 150: 72, 151: 778, 152: 540, 153: 16, 154: 254, 155: 414, 156: 652, 157: 310, 158: 72, 159: 254, 160: 16, 161: 30, 162: 268, 163: 498, 164: 736, 165: 254, 166: 16, 167: 540, 168: 778, 169: 310, 170: 72, 171: 142, 172: 380, 173: 338, 174: 100, 175: 72, 176: 310, 177: 310, 178: 72, 179: 380, 180: 142, 181: 254, 182: 16, 183: 282, 184: 44, 185: 778, 186: 540, 187: 100, 188: 338, 189: 778, 190: 540, 191: 380, 192: 142, 193: 324, 194: 86, 195: 736, 196: 498, 197: 16, 198: 254, 199: 282, 200: 44}
Number of lables used:  26
Total time: 1.00 seconds
Memory used: 105.58 MB
--------------------------------------------------

Trying with at most 25 labels...
Solution:
{1: 30, 2: 268, 3: 380, 4: 142, 5: 86, 6: 324, 7: 86, 8: 324, 9: 380, 10: 142, 11: 380, 12: 142, 13: 142, 14: 380, 15: 380, 16: 142, 17: 478, 18: 240, 19: 86, 20: 324, 21: 282, 22: 44, 23: 268, 24: 30, 25: 72, 26: 310, 27: 778, 28: 540, 29: 30, 30: 268, 31: 414, 32: 652, 33: 324, 34: 86, 35: 282, 36: 44, 37: 414, 38: 652, 39: 778, 40: 540, 41: 16, 42: 254, 43: 268, 44: 30, 45: 414, 46: 652, 47: 540, 48: 778, 49: 736, 50: 498, 51: 338, 52: 100, 53: 652, 54: 414, 55: 414, 56: 652, 57: 324, 58: 86, 59: 652, 60: 414, 61: 324, 62: 86, 63: 414, 64: 652, 65: 778, 66: 540, 67: 736, 68: 498, 69: 72, 70: 310, 71: 44, 72: 282, 73: 778, 74: 540, 75: 72, 76: 310, 77: 16, 78: 254, 79: 736, 80: 498, 81: 86, 82: 324, 83: 380, 84: 142, 85: 268, 86: 30, 87: 652, 88: 414, 89: 498, 90: 736, 91: 254, 92: 16, 93: 310, 94: 72, 95: 30, 96: 268, 97: 380, 98: 142, 99: 142, 100: 380, 101: 282, 102: 44, 103: 380, 104: 142, 105: 310, 106: 72, 107: 254, 108: 16, 109: 498, 110: 736, 111: 282, 112: 44, 113: 16, 114: 254, 115: 652, 116: 414, 117: 540, 118: 778, 119: 142, 120: 380, 121: 240, 122: 478, 123: 156, 124: 394, 125: 30, 126: 268, 127: 736, 128: 498, 129: 414, 130: 652, 131: 142, 132: 380, 133: 72, 134: 310, 135: 778, 136: 540, 137: 736, 138: 498, 139: 778, 140: 540, 141: 268, 142: 30, 143: 16, 144: 254, 145: 498, 146: 736, 147: 86, 148: 324, 149: 310, 150: 72, 151: 778, 152: 540, 153: 16, 154: 254, 155: 498, 156: 736, 157: 310, 158: 72, 159: 254, 160: 16, 161: 30, 162: 268, 163: 498, 164: 736, 165: 254, 166: 16, 167: 652, 168: 414, 169: 310, 170: 72, 171: 736, 172: 498, 173: 338, 174: 100, 175: 72, 176: 310, 177: 310, 178: 72, 179: 380, 180: 142, 181: 254, 182: 16, 183: 282, 184: 44, 185: 778, 186: 540, 187: 100, 188: 338, 189: 778, 190: 540, 191: 380, 192: 142, 193: 324, 194: 86, 195: 736, 196: 498, 197: 16, 198: 254, 199: 282, 200: 44}
Number of lables used:  24
Total time: 1.02 seconds
Memory used: 105.58 MB
--------------------------------------------------

Trying with at most 23 labels...
Solution:
{1: 498, 2: 736, 3: 380, 4: 142, 5: 652, 6: 414, 7: 86, 8: 324, 9: 498, 10: 736, 11: 380, 12: 142, 13: 86, 14: 324, 15: 380, 16: 142, 17: 142, 18: 380, 19: 100, 20: 338, 21: 652, 22: 414, 23: 338, 24: 100, 25: 282, 26: 44, 27: 778, 28: 540, 29: 44, 30: 282, 31: 414, 32: 652, 33: 324, 34: 86, 35: 44, 36: 282, 37: 736, 38: 498, 39: 778, 40: 540, 41: 44, 42: 282, 43: 86, 44: 324, 45: 254, 46: 16, 47: 380, 48: 142, 49: 736, 50: 498, 51: 380, 52: 142, 53: 652, 54: 414, 55: 736, 56: 498, 57: 652, 58: 414, 59: 652, 60: 414, 61: 324, 62: 86, 63: 414, 64: 652, 65: 778, 66: 540, 67: 736, 68: 498, 69: 100, 70: 338, 71: 44, 72: 282, 73: 652, 74: 414, 75: 338, 76: 100, 77: 16, 78: 254, 79: 736, 80: 498, 81: 86, 82: 324, 83: 380, 84: 142, 85: 282, 86: 44, 87: 652, 88: 414, 89: 498, 90: 736, 91: 254, 92: 16, 93: 324, 94: 86, 95: 414, 96: 652, 97: 380, 98: 142, 99: 170, 100: 408, 101: 16, 102: 254, 103: 380, 104: 142, 105: 324, 106: 86, 107: 778, 108: 540, 109: 498, 110: 736, 111: 282, 112: 44, 113: 16, 114: 254, 115: 16, 116: 254, 117: 736, 118: 498, 119: 142, 120: 380, 121: 240, 122: 478, 123: 16, 124: 254, 125: 498, 126: 736, 127: 736, 128: 498, 129: 282, 130: 44, 131: 142, 132: 380, 133: 778, 134: 540, 135: 778, 136: 540, 137: 736, 138: 498, 139: 778, 140: 540, 141: 282, 142: 44, 143: 142, 144: 380, 145: 498, 146: 736, 147: 86, 148: 324, 149: 254, 150: 16, 151: 778, 152: 540, 153: 16, 154: 254, 155: 414, 156: 652, 157: 338, 158: 100, 159: 254, 160: 16, 161: 44, 162: 282, 163: 498, 164: 736, 165: 254, 166: 16, 167: 540, 168: 778, 169: 282, 170: 44, 171: 736, 172: 498, 173: 338, 174: 100, 175: 44, 176: 282, 177: 324, 178: 86, 179: 380, 180: 142, 181: 254, 182: 16, 183: 282, 184: 44, 185: 778, 186: 540, 187: 100, 188: 338, 189: 778, 190: 540, 191: 142, 192: 380, 193: 540, 194: 778, 195: 414, 196: 652, 197: 324, 198: 86, 199: 282, 200: 44}
Number of lables used:  20
Total time: 1.03 seconds
Memory used: 105.59 MB
--------------------------------------------------

Trying with at most 19 labels...
Solution:
{1: 498, 2: 736, 3: 380, 4: 142, 5: 652, 6: 414, 7: 86, 8: 324, 9: 498, 10: 736, 11: 380, 12: 142, 13: 86, 14: 324, 15: 380, 16: 142, 17: 240, 18: 478, 19: 100, 20: 338, 21: 652, 22: 414, 23: 338, 24: 100, 25: 282, 26: 44, 27: 778, 28: 540, 29: 44, 30: 282, 31: 414, 32: 652, 33: 324, 34: 86, 35: 44, 36: 282, 37: 736, 38: 498, 39: 778, 40: 540, 41: 44, 42: 282, 43: 86, 44: 324, 45: 254, 46: 16, 47: 380, 48: 142, 49: 736, 50: 498, 51: 380, 52: 142, 53: 652, 54: 414, 55: 736, 56: 498, 57: 652, 58: 414, 59: 652, 60: 414, 61: 324, 62: 86, 63: 414, 64: 652, 65: 778, 66: 540, 67: 736, 68: 498, 69: 100, 70: 338, 71: 44, 72: 282, 73: 652, 74: 414, 75: 338, 76: 100, 77: 16, 78: 254, 79: 736, 80: 498, 81: 86, 82: 324, 83: 380, 84: 142, 85: 282, 86: 44, 87: 652, 88: 414, 89: 498, 90: 736, 91: 254, 92: 16, 93: 324, 94: 86, 95: 414, 96: 652, 97: 380, 98: 142, 99: 142, 100: 380, 101: 16, 102: 254, 103: 380, 104: 142, 105: 324, 106: 86, 107: 778, 108: 540, 109: 498, 110: 736, 111: 282, 112: 44, 113: 16, 114: 254, 115: 16, 116: 254, 117: 736, 118: 498, 119: 142, 120: 380, 121: 240, 122: 478, 123: 16, 124: 254, 125: 540, 126: 778, 127: 736, 128: 498, 129: 282, 130: 44, 131: 142, 132: 380, 133: 778, 134: 540, 135: 778, 136: 540, 137: 736, 138: 498, 139: 652, 140: 414, 141: 282, 142: 44, 143: 142, 144: 380, 145: 498, 146: 736, 147: 86, 148: 324, 149: 254, 150: 16, 151: 778, 152: 540, 153: 16, 154: 254, 155: 414, 156: 652, 157: 338, 158: 100, 159: 254, 160: 16, 161: 44, 162: 282, 163: 498, 164: 736, 165: 254, 166: 16, 167: 540, 168: 778, 169: 282, 170: 44, 171: 736, 172: 498, 173: 338, 174: 100, 175: 44, 176: 282, 177: 86, 178: 324, 179: 380, 180: 142, 181: 254, 182: 16, 183: 282, 184: 44, 185: 778, 186: 540, 187: 100, 188: 338, 189: 778, 190: 540, 191: 142, 192: 380, 193: 540, 194: 778, 195: 414, 196: 652, 197: 324, 198: 86, 199: 282, 200: 44}
Number of lables used:  18
Total time: 1.05 seconds
Memory used: 105.59 MB
--------------------------------------------------

Trying with at most 17 labels...
Solution:
{1: 540, 2: 778, 3: 380, 4: 142, 5: 156, 6: 394, 7: 142, 8: 380, 9: 142, 10: 380, 11: 240, 12: 478, 13: 652, 14: 414, 15: 652, 16: 414, 17: 142, 18: 380, 19: 414, 20: 652, 21: 652, 22: 414, 23: 156, 24: 394, 25: 380, 26: 142, 27: 652, 28: 414, 29: 142, 30: 380, 31: 254, 32: 16, 33: 380, 34: 142, 35: 380, 36: 142, 37: 778, 38: 540, 39: 652, 40: 414, 41: 72, 42: 310, 43: 72, 44: 310, 45: 16, 46: 254, 47: 394, 48: 156, 49: 142, 50: 380, 51: 456, 52: 694, 53: 72, 54: 310, 55: 456, 56: 694, 57: 652, 58: 414, 59: 72, 60: 310, 61: 254, 62: 16, 63: 414, 64: 652, 65: 16, 66: 254, 67: 72, 68: 310, 69: 310, 70: 72, 71: 540, 72: 778, 73: 778, 74: 540, 75: 156, 76: 394, 77: 72, 78: 310, 79: 778, 80: 540, 81: 16, 82: 254, 83: 72, 84: 310, 85: 540, 86: 778, 87: 694, 88: 456, 89: 456, 90: 694, 91: 254, 92: 16, 93: 310, 94: 72, 95: 414, 96: 652, 97: 142, 98: 380, 99: 478, 100: 240, 101: 694, 102: 456, 103: 380, 104: 142, 105: 254, 106: 16, 107: 414, 108: 652, 109: 540, 110: 778, 111: 310, 112: 72, 113: 72, 114: 310, 115: 16, 116: 254, 117: 694, 118: 456, 119: 694, 120: 456, 121: 380, 122: 142, 123: 394, 124: 156, 125: 540, 126: 778, 127: 652, 128: 414, 129: 310, 130: 72, 131: 478, 132: 240, 133: 540, 134: 778, 135: 16, 136: 254, 137: 142, 138: 380, 139: 652, 140: 414, 141: 310, 142: 72, 143: 694, 144: 456, 145: 456, 146: 694, 147: 142, 148: 380, 149: 254, 150: 16, 151: 778, 152: 540, 153: 778, 154: 540, 155: 540, 156: 778, 157: 456, 158: 694, 159: 254, 160: 16, 161: 310, 162: 72, 163: 380, 164: 142, 165: 254, 166: 16, 167: 310, 168: 72, 169: 778, 170: 540, 171: 16, 172: 254, 173: 540, 174: 778, 175: 778, 176: 540, 177: 254, 178: 16, 179: 380, 180: 142, 181: 16, 182: 254, 183: 310, 184: 72, 185: 540, 186: 778, 187: 16, 188: 254, 189: 778, 190: 540, 191: 72, 192: 310, 193: 540, 194: 778, 195: 16, 196: 254, 197: 652, 198: 414, 199: 254, 200: 16}
Number of lables used:  16
Total time: 1.07 seconds
Memory used: 105.59 MB
--------------------------------------------------

Trying with at most 15 labels...
Solution:
{1: 526, 2: 764, 3: 764, 4: 526, 5: 694, 6: 456, 7: 142, 8: 380, 9: 142, 10: 380, 11: 478, 12: 240, 13: 764, 14: 526, 15: 764, 16: 526, 17: 380, 18: 142, 19: 268, 20: 30, 21: 694, 22: 456, 23: 526, 24: 764, 25: 268, 26: 30, 27: 30, 28: 268, 29: 694, 30: 456, 31: 456, 32: 694, 33: 380, 34: 142, 35: 380, 36: 142, 37: 694, 38: 456, 39: 414, 40: 652, 41: 72, 42: 310, 43: 310, 44: 72, 45: 310, 46: 72, 47: 30, 48: 268, 49: 526, 50: 764, 51: 310, 52: 72, 53: 694, 54: 456, 55: 526, 56: 764, 57: 652, 58: 414, 59: 694, 60: 456, 61: 268, 62: 30, 63: 526, 64: 764, 65: 652, 66: 414, 67: 30, 68: 268, 69: 30, 70: 268, 71: 764, 72: 526, 73: 268, 74: 30, 75: 310, 76: 72, 77: 380, 78: 142, 79: 142, 80: 380, 81: 30, 82: 268, 83: 414, 84: 652, 85: 526, 86: 764, 87: 268, 88: 30, 89: 526, 90: 764, 91: 310, 92: 72, 93: 380, 94: 142, 95: 310, 96: 72, 97: 478, 98: 240, 99: 478, 100: 240, 101: 310, 102: 72, 103: 652, 104: 414, 105: 310, 106: 72, 107: 72, 108: 310, 109: 380, 110: 142, 111: 526, 112: 764, 113: 694, 114: 456, 115: 764, 116: 526, 117: 526, 118: 764, 119: 526, 120: 764, 121: 380, 122: 142, 123: 456, 124: 694, 125: 764, 126: 526, 127: 694, 128: 456, 129: 414, 130: 652, 131: 240, 132: 478, 133: 142, 134: 380, 135: 72, 136: 310, 137: 30, 138: 268, 139: 652, 140: 414, 141: 694, 142: 456, 143: 694, 144: 456, 145: 764, 146: 526, 147: 380, 148: 142, 149: 380, 150: 142, 151: 652, 152: 414, 153: 694, 154: 456, 155: 30, 156: 268, 157: 764, 158: 526, 159: 652, 160: 414, 161: 526, 162: 764, 163: 72, 164: 310, 165: 310, 166: 72, 167: 764, 168: 526, 169: 414, 170: 652, 171: 30, 172: 268, 173: 380, 174: 142, 175: 652, 176: 414, 177: 764, 178: 526, 179: 142, 180: 380, 181: 72, 182: 310, 183: 694, 184: 456, 185: 142, 186: 380, 187: 72, 188: 310, 189: 456, 190: 694, 191: 30, 192: 268, 193: 652, 194: 414, 195: 414, 196: 652, 197: 72, 198: 310, 199: 652, 200: 414}
Number of lables used:  14
Total time: 2.67 seconds
Memory used: 163.57 MB
--------------------------------------------------

Trying with at most 13 labels...
Cannot find solution.
No more solutions found.
Optimal number of labels used:  14
Total time: 4.23 seconds
Memory used: 146.25 MB
[runlim] end:			Sun Jun 14 20:26:20 2026
[runlim] status:		ok
[runlim] result:		0
[runlim] children:		1
[runlim] processes:		2
[runlim] real:			4.30 seconds
[runlim] time:			4.20 seconds
[runlim] space:			168 MB
[runlim] load:			1.53 maximum
[runlim] samples:		43
