[runlim] version:		2.0.0rc12
[runlim] host:			ap-Precision-7550
[runlim] time limit:		311040000 seconds
[runlim] real time limit:	600 seconds
[runlim] space limit:		14000 MB
[runlim] argv[0]:		python3
[runlim] argv[1]:		-u
[runlim] argv[2]:		main_no_processing.py
[runlim] argv[3]:		scen08
[runlim] argv[4]:		DSE
[runlim] argv[5]:		1
[runlim] start:			Thu Jun 11 10:36:21 2026
[runlim] child:			11589
---  DSE  [Cardinality Encoding: 1] ---
 solving MaxSAT (RC2)...
No solution found.
--------------------------------------------------
Time taken: 4.67 seconds
Memory used: 613.20 MB
[runlim] end:			Thu Jun 11 10:36:26 2026
[runlim] status:		ok
[runlim] result:		0
[runlim] children:		1
[runlim] processes:		2
[runlim] real:			4.87 seconds
[runlim] time:			4.80 seconds
[runlim] space:			681 MB
[runlim] load:			1.00 maximum
[runlim] samples:		49
