[runlim] version:		2.0.0rc12
[runlim] host:			ap-Precision-7550
[runlim] time limit:		311040000 seconds
[runlim] real time limit:	600 seconds
[runlim] space limit:		14000 MB
[runlim] argv[0]:		python3
[runlim] argv[1]:		-u
[runlim] argv[2]:		main_no_processing.py
[runlim] argv[3]:		TUD200.5
[runlim] argv[4]:		DSE
[runlim] argv[5]:		1
[runlim] start:			Thu Jun 11 10:37:02 2026
[runlim] child:			11610
---  DSE  [Cardinality Encoding: 1] ---
 solving MaxSAT (RC2)...
No solution found.
--------------------------------------------------
Time taken: 0.81 seconds
Memory used: 128.98 MB
[runlim] end:			Thu Jun 11 10:37:03 2026
[runlim] status:		ok
[runlim] result:		0
[runlim] children:		1
[runlim] processes:		2
[runlim] real:			0.89 seconds
[runlim] time:			0.80 seconds
[runlim] space:			138 MB
[runlim] load:			1.08 maximum
[runlim] samples:		9
