[runlim] version:		2.0.0rc12
[runlim] host:			ap-Precision-7550
[runlim] time limit:		311040000 seconds
[runlim] real time limit:	600 seconds
[runlim] space limit:		14000 MB
[runlim] argv[0]:		python3
[runlim] argv[1]:		-u
[runlim] argv[2]:		main_no_processing.py
[runlim] argv[3]:		TUD200.4
[runlim] argv[4]:		DSE
[runlim] argv[5]:		1
[runlim] start:			Thu Jun 11 10:37:00 2026
[runlim] child:			11607
---  DSE  [Cardinality Encoding: 1] ---
 solving MaxSAT (RC2)...

--------------------------------------------------
Found solution!
Number of labels used: 20
--------------------------------------------------
Time taken: 1.23 seconds
Memory used: 104.44 MB
[runlim] end:			Thu Jun 11 10:37:02 2026
[runlim] status:		ok
[runlim] result:		0
[runlim] children:		1
[runlim] processes:		2
[runlim] real:			1.30 seconds
[runlim] time:			1.20 seconds
[runlim] space:			116 MB
[runlim] load:			1.08 maximum
[runlim] samples:		13
