[runlim] version:		2.0.0rc12
[runlim] host:			ap-Precision-7550
[runlim] time limit:		311040000 seconds
[runlim] real time limit:	600 seconds
[runlim] space limit:		14000 MB
[runlim] argv[0]:		python3
[runlim] argv[1]:		-u
[runlim] argv[2]:		main_no_processing.py
[runlim] argv[3]:		TUD200.1
[runlim] argv[4]:		DSE
[runlim] argv[5]:		1
[runlim] start:			Thu Jun 11 10:36:26 2026
[runlim] child:			11598
---  DSE  [Cardinality Encoding: 1] ---
 solving MaxSAT (RC2)...
[runlim] sample:		10.00 time, 10.01 real, 100 MB, 1.00 load
[runlim] sample:		19.99 time, 20.01 real, 103 MB, 1.00 load

--------------------------------------------------
Found solution!
Number of labels used: 12
--------------------------------------------------
Time taken: 22.66 seconds
Memory used: 106.42 MB
[runlim] end:			Thu Jun 11 10:36:49 2026
[runlim] status:		ok
[runlim] result:		0
[runlim] children:		1
[runlim] processes:		2
[runlim] real:			22.72 seconds
[runlim] time:			22.69 seconds
[runlim] space:			119 MB
[runlim] load:			1.00 maximum
[runlim] samples:		228
