[runlim] version:		2.0.0rc12
[runlim] host:			ap-Precision-7550
[runlim] time limit:		311040000 seconds
[runlim] real time limit:	600 seconds
[runlim] space limit:		14000 MB
[runlim] argv[0]:		python3
[runlim] argv[1]:		-u
[runlim] argv[2]:		main_no_processing.py
[runlim] argv[3]:		graph12
[runlim] argv[4]:		CARD
[runlim] argv[5]:		6
[runlim] argv[6]:		6
[runlim] start:			Sun Jun 21 11:39:50 2026
[runlim] child:			10205
--- CARD [Exactly-One: 6, AMO: 6] ---
 solving MaxSAT (RC2)...
No solution found.
--------------------------------------------------
Time taken: 3.42 seconds
Memory used: 602.99 MB
[runlim] end:			Sun Jun 21 11:39:54 2026
[runlim] status:		ok
[runlim] result:		0
[runlim] children:		1
[runlim] processes:		2
[runlim] real:			3.61 seconds
[runlim] time:			3.60 seconds
[runlim] space:			647 MB
[runlim] load:			1.01 maximum
[runlim] samples:		37
