[runlim] version:		2.0.0rc12
[runlim] host:			ap-Precision-7550
[runlim] time limit:		311040000 seconds
[runlim] real time limit:	600 seconds
[runlim] space limit:		14000 MB
[runlim] argv[0]:		python3
[runlim] argv[1]:		-u
[runlim] argv[2]:		main_no_processing.py
[runlim] argv[3]:		scen09
[runlim] argv[4]:		CARD
[runlim] argv[5]:		6
[runlim] argv[6]:		6
[runlim] start:			Sun Jun 21 12:36:36 2026
[runlim] child:			10397
--- CARD [Exactly-One: 6, AMO: 6] ---
 solving MaxSAT (RC2)...
No solution found.
--------------------------------------------------
Time taken: 1.70 seconds
Memory used: 312.55 MB
[runlim] end:			Sun Jun 21 12:36:38 2026
[runlim] status:		ok
[runlim] result:		0
[runlim] children:		1
[runlim] processes:		2
[runlim] real:			1.86 seconds
[runlim] time:			1.78 seconds
[runlim] space:			313 MB
[runlim] load:			1.05 maximum
[runlim] samples:		19
