[runlim] version:		2.0.0rc12
[runlim] host:			ap-Precision-7550
[runlim] time limit:		311040000 seconds
[runlim] real time limit:	600 seconds
[runlim] space limit:		14000 MB
[runlim] argv[0]:		python3
[runlim] argv[1]:		-u
[runlim] argv[2]:		main_no_processing.py
[runlim] argv[3]:		TUD200.5
[runlim] argv[4]:		CARD
[runlim] argv[5]:		6
[runlim] argv[6]:		6
[runlim] start:			Sun Jun 21 12:53:49 2026
[runlim] child:			10464
--- CARD [Exactly-One: 6, AMO: 6] ---
[runlim] sample:		9.99 time, 10.01 real, 1765 MB, 1.01 load
 solving MaxSAT (RC2)...
No solution found.
--------------------------------------------------
Time taken: 14.39 seconds
Memory used: 2357.73 MB
[runlim] end:			Sun Jun 21 12:54:04 2026
[runlim] status:		ok
[runlim] result:		0
[runlim] children:		1
[runlim] processes:		2
[runlim] real:			15.12 seconds
[runlim] time:			15.08 seconds
[runlim] space:			3019 MB
[runlim] load:			1.01 maximum
[runlim] samples:		152
