[runlim] version:		2.0.0rc12
[runlim] host:			ap-Precision-7550
[runlim] time limit:		311040000 seconds
[runlim] real time limit:	600 seconds
[runlim] space limit:		14000 MB
[runlim] argv[0]:		python3
[runlim] argv[1]:		-u
[runlim] argv[2]:		no_preprocessing.py
[runlim] argv[3]:		TUD200.3
[runlim] argv[4]:		tot
[runlim] argv[5]:		assumptions
[runlim] argv[6]:		cadical195
[runlim] start:			Tue Mar 24 00:05:11 2026
[runlim] child:			16805
Solve first problem:
Solution:
{1: 296, 2: 58, 3: 380, 4: 142, 5: 652, 6: 414, 7: 442, 8: 680, 9: 352, 10: 114, 11: 380, 12: 142, 13: 652, 14: 414, 15: 380, 16: 142, 17: 170, 18: 408, 19: 142, 20: 380, 21: 282, 22: 44, 23: 652, 24: 414, 25: 540, 26: 778, 27: 694, 28: 456, 29: 792, 30: 554, 31: 442, 32: 680, 33: 268, 34: 30, 35: 114, 36: 352, 37: 652, 38: 414, 39: 652, 40: 414, 41: 114, 42: 352, 43: 268, 44: 30, 45: 338, 46: 100, 47: 512, 48: 750, 49: 414, 50: 652, 51: 310, 52: 72, 53: 338, 54: 100, 55: 414, 56: 652, 57: 352, 58: 114, 59: 694, 60: 456, 61: 254, 62: 16, 63: 778, 64: 540, 65: 156, 66: 394, 67: 352, 68: 114, 69: 296, 70: 58, 71: 296, 72: 58, 73: 652, 74: 414, 75: 366, 76: 128, 77: 338, 78: 100, 79: 680, 80: 442, 81: 254, 82: 16, 83: 310, 84: 72, 85: 282, 86: 44, 87: 736, 88: 498, 89: 764, 90: 526, 91: 254, 92: 16, 93: 750, 94: 512, 95: 792, 96: 554, 97: 170, 98: 408, 99: 478, 100: 240, 101: 380, 102: 142, 103: 352, 104: 114, 105: 72, 106: 310, 107: 310, 108: 72, 109: 414, 110: 652, 111: 282, 112: 44, 113: 722, 114: 484, 115: 652, 116: 414, 117: 708, 118: 470, 119: 310, 120: 72, 121: 380, 122: 142, 123: 296, 124: 58, 125: 666, 126: 428, 127: 750, 128: 512, 129: 324, 130: 86, 131: 380, 132: 142, 133: 310, 134: 72, 135: 254, 136: 16, 137: 652, 138: 414, 139: 268, 140: 30, 141: 310, 142: 72, 143: 296, 144: 58, 145: 456, 146: 694, 147: 428, 148: 666, 149: 254, 150: 16, 151: 352, 152: 114, 153: 652, 154: 414, 155: 414, 156: 652, 157: 268, 158: 30, 159: 296, 160: 58, 161: 268, 162: 30, 163: 254, 164: 16, 165: 254, 166: 16, 167: 380, 168: 142, 169: 310, 170: 72, 171: 254, 172: 16, 173: 366, 174: 128, 175: 338, 176: 100, 177: 366, 178: 128, 179: 380, 180: 142, 181: 254, 182: 16, 183: 310, 184: 72, 185: 324, 186: 86, 187: 254, 188: 16, 189: 310, 190: 72, 191: 268, 192: 30, 193: 324, 194: 86, 195: 736, 196: 498, 197: 282, 198: 44, 199: 254, 200: 16}
Number of lables used:  48
Time taken: 0.19 seconds
Memory used: 33.36 MB
--------------------------------------------------

Trying with at most 47 labels...
Solution:
{1: 526, 2: 764, 3: 442, 4: 680, 5: 526, 6: 764, 7: 324, 8: 86, 9: 414, 10: 652, 11: 408, 12: 170, 13: 414, 14: 652, 15: 442, 16: 680, 17: 142, 18: 380, 19: 708, 20: 470, 21: 554, 22: 792, 23: 652, 24: 414, 25: 282, 26: 44, 27: 58, 28: 296, 29: 394, 30: 156, 31: 366, 32: 128, 33: 540, 34: 778, 35: 44, 36: 282, 37: 142, 38: 380, 39: 142, 40: 380, 41: 72, 42: 310, 43: 540, 44: 778, 45: 442, 46: 680, 47: 282, 48: 44, 49: 554, 50: 792, 51: 484, 52: 722, 53: 470, 54: 708, 55: 394, 56: 156, 57: 442, 58: 680, 59: 114, 60: 352, 61: 30, 62: 268, 63: 456, 64: 694, 65: 680, 66: 442, 67: 456, 68: 694, 69: 366, 70: 128, 71: 512, 72: 750, 73: 380, 74: 142, 75: 428, 76: 666, 77: 156, 78: 394, 79: 142, 80: 380, 81: 554, 82: 792, 83: 470, 84: 708, 85: 526, 86: 764, 87: 366, 88: 128, 89: 764, 90: 526, 91: 554, 92: 792, 93: 44, 94: 282, 95: 30, 96: 268, 97: 478, 98: 240, 99: 170, 100: 408, 101: 554, 102: 792, 103: 470, 104: 708, 105: 456, 106: 694, 107: 100, 108: 338, 109: 394, 110: 156, 111: 540, 112: 778, 113: 44, 114: 282, 115: 142, 116: 380, 117: 100, 118: 338, 119: 750, 120: 512, 121: 240, 122: 478, 123: 512, 124: 750, 125: 100, 126: 338, 127: 652, 128: 414, 129: 484, 130: 722, 131: 240, 132: 478, 133: 484, 134: 722, 135: 554, 136: 792, 137: 114, 138: 352, 139: 554, 140: 792, 141: 484, 142: 722, 143: 512, 144: 750, 145: 86, 146: 324, 147: 708, 148: 470, 149: 512, 150: 750, 151: 792, 152: 554, 153: 58, 154: 296, 155: 394, 156: 156, 157: 540, 158: 778, 159: 512, 160: 750, 161: 554, 162: 792, 163: 554, 164: 792, 165: 268, 166: 30, 167: 442, 168: 680, 169: 484, 170: 722, 171: 554, 172: 792, 173: 526, 174: 764, 175: 470, 176: 708, 177: 428, 178: 666, 179: 170, 180: 408, 181: 792, 182: 554, 183: 470, 184: 708, 185: 484, 186: 722, 187: 128, 188: 366, 189: 484, 190: 722, 191: 540, 192: 778, 193: 484, 194: 722, 195: 72, 196: 310, 197: 526, 198: 764, 199: 554, 200: 792}
Number of lables used:  44
Time taken: 0.19 seconds
Memory used: 34.38 MB
--------------------------------------------------

Trying with at most 43 labels...
Solution:
{1: 512, 2: 750, 3: 414, 4: 652, 5: 512, 6: 750, 7: 324, 8: 86, 9: 554, 10: 792, 11: 408, 12: 170, 13: 380, 14: 142, 15: 414, 16: 652, 17: 142, 18: 380, 19: 694, 20: 456, 21: 512, 22: 750, 23: 156, 24: 394, 25: 268, 26: 30, 27: 44, 28: 282, 29: 352, 30: 114, 31: 366, 32: 128, 33: 58, 34: 296, 35: 44, 36: 282, 37: 708, 38: 470, 39: 142, 40: 380, 41: 72, 42: 310, 43: 58, 44: 296, 45: 414, 46: 652, 47: 282, 48: 44, 49: 554, 50: 792, 51: 484, 52: 722, 53: 456, 54: 694, 55: 394, 56: 156, 57: 414, 58: 652, 59: 114, 60: 352, 61: 30, 62: 268, 63: 414, 64: 652, 65: 652, 66: 414, 67: 414, 68: 652, 69: 366, 70: 128, 71: 512, 72: 750, 73: 380, 74: 142, 75: 652, 76: 414, 77: 156, 78: 394, 79: 142, 80: 380, 81: 554, 82: 792, 83: 456, 84: 694, 85: 512, 86: 750, 87: 352, 88: 114, 89: 470, 90: 708, 91: 554, 92: 792, 93: 44, 94: 282, 95: 30, 96: 268, 97: 478, 98: 240, 99: 170, 100: 408, 101: 554, 102: 792, 103: 414, 104: 652, 105: 456, 106: 694, 107: 72, 108: 310, 109: 394, 110: 156, 111: 512, 112: 750, 113: 44, 114: 282, 115: 142, 116: 380, 117: 100, 118: 338, 119: 750, 120: 512, 121: 240, 122: 478, 123: 484, 124: 722, 125: 100, 126: 338, 127: 652, 128: 414, 129: 484, 130: 722, 131: 240, 132: 478, 133: 484, 134: 722, 135: 554, 136: 792, 137: 114, 138: 352, 139: 554, 140: 792, 141: 470, 142: 708, 143: 512, 144: 750, 145: 86, 146: 324, 147: 708, 148: 470, 149: 484, 150: 722, 151: 792, 152: 554, 153: 58, 154: 296, 155: 394, 156: 156, 157: 512, 158: 750, 159: 512, 160: 750, 161: 554, 162: 792, 163: 554, 164: 792, 165: 268, 166: 30, 167: 414, 168: 652, 169: 484, 170: 722, 171: 554, 172: 792, 173: 512, 174: 750, 175: 470, 176: 708, 177: 414, 178: 652, 179: 170, 180: 408, 181: 792, 182: 554, 183: 456, 184: 694, 185: 470, 186: 708, 187: 128, 188: 366, 189: 484, 190: 722, 191: 750, 192: 512, 193: 470, 194: 708, 195: 58, 196: 296, 197: 512, 198: 750, 199: 554, 200: 792}
Number of lables used:  36
Time taken: 0.20 seconds
Memory used: 34.49 MB
--------------------------------------------------

Trying with at most 35 labels...
Solution:
{1: 722, 2: 484, 3: 142, 4: 380, 5: 156, 6: 394, 7: 352, 8: 114, 9: 86, 10: 324, 11: 408, 12: 170, 13: 792, 14: 554, 15: 30, 16: 268, 17: 142, 18: 380, 19: 652, 20: 414, 21: 792, 22: 554, 23: 156, 24: 394, 25: 296, 26: 58, 27: 58, 28: 296, 29: 324, 30: 86, 31: 352, 32: 114, 33: 86, 34: 324, 35: 30, 36: 268, 37: 114, 38: 352, 39: 100, 40: 338, 41: 268, 42: 30, 43: 722, 44: 484, 45: 268, 46: 30, 47: 268, 48: 30, 49: 554, 50: 792, 51: 484, 52: 722, 53: 414, 54: 652, 55: 310, 56: 72, 57: 414, 58: 652, 59: 114, 60: 352, 61: 324, 62: 86, 63: 554, 64: 792, 65: 58, 66: 296, 67: 156, 68: 394, 69: 366, 70: 128, 71: 142, 72: 380, 73: 324, 74: 86, 75: 414, 76: 652, 77: 142, 78: 380, 79: 142, 80: 380, 81: 554, 82: 792, 83: 792, 84: 554, 85: 484, 86: 722, 87: 296, 88: 58, 89: 414, 90: 652, 91: 554, 92: 792, 93: 142, 94: 380, 95: 30, 96: 268, 97: 408, 98: 170, 99: 170, 100: 408, 101: 554, 102: 792, 103: 156, 104: 394, 105: 414, 106: 652, 107: 30, 108: 268, 109: 324, 110: 86, 111: 484, 112: 722, 113: 30, 114: 268, 115: 142, 116: 380, 117: 268, 118: 30, 119: 380, 120: 142, 121: 240, 122: 478, 123: 414, 124: 652, 125: 30, 126: 268, 127: 652, 128: 414, 129: 484, 130: 722, 131: 240, 132: 478, 133: 366, 134: 128, 135: 142, 136: 380, 137: 114, 138: 352, 139: 652, 140: 414, 141: 352, 142: 114, 143: 484, 144: 722, 145: 58, 146: 296, 147: 352, 148: 114, 149: 792, 150: 554, 151: 792, 152: 554, 153: 58, 154: 296, 155: 394, 156: 156, 157: 484, 158: 722, 159: 484, 160: 722, 161: 554, 162: 792, 163: 554, 164: 792, 165: 268, 166: 30, 167: 414, 168: 652, 169: 484, 170: 722, 171: 554, 172: 792, 173: 142, 174: 380, 175: 394, 176: 156, 177: 792, 178: 554, 179: 170, 180: 408, 181: 722, 182: 484, 183: 722, 184: 484, 185: 414, 186: 652, 187: 128, 188: 366, 189: 86, 190: 324, 191: 722, 192: 484, 193: 414, 194: 652, 195: 30, 196: 268, 197: 484, 198: 722, 199: 554, 200: 792}
Number of lables used:  28
Time taken: 0.20 seconds
Memory used: 34.49 MB
--------------------------------------------------

Trying with at most 27 labels...
Solution:
{1: 722, 2: 484, 3: 142, 4: 380, 5: 156, 6: 394, 7: 352, 8: 114, 9: 86, 10: 324, 11: 408, 12: 170, 13: 792, 14: 554, 15: 324, 16: 86, 17: 142, 18: 380, 19: 652, 20: 414, 21: 792, 22: 554, 23: 156, 24: 394, 25: 296, 26: 58, 27: 58, 28: 296, 29: 296, 30: 58, 31: 352, 32: 114, 33: 86, 34: 324, 35: 86, 36: 324, 37: 114, 38: 352, 39: 86, 40: 324, 41: 268, 42: 30, 43: 722, 44: 484, 45: 268, 46: 30, 47: 268, 48: 30, 49: 554, 50: 792, 51: 484, 52: 722, 53: 414, 54: 652, 55: 296, 56: 58, 57: 414, 58: 652, 59: 114, 60: 352, 61: 324, 62: 86, 63: 554, 64: 792, 65: 58, 66: 296, 67: 156, 68: 394, 69: 324, 70: 86, 71: 142, 72: 380, 73: 324, 74: 86, 75: 414, 76: 652, 77: 142, 78: 380, 79: 142, 80: 380, 81: 554, 82: 792, 83: 792, 84: 554, 85: 484, 86: 722, 87: 296, 88: 58, 89: 414, 90: 652, 91: 554, 92: 792, 93: 142, 94: 380, 95: 30, 96: 268, 97: 408, 98: 170, 99: 170, 100: 408, 101: 554, 102: 792, 103: 156, 104: 394, 105: 414, 106: 652, 107: 30, 108: 268, 109: 324, 110: 86, 111: 484, 112: 722, 113: 30, 114: 268, 115: 142, 116: 380, 117: 268, 118: 30, 119: 380, 120: 142, 121: 240, 122: 478, 123: 414, 124: 652, 125: 30, 126: 268, 127: 652, 128: 414, 129: 484, 130: 722, 131: 240, 132: 478, 133: 352, 134: 114, 135: 142, 136: 380, 137: 114, 138: 352, 139: 652, 140: 414, 141: 352, 142: 114, 143: 484, 144: 722, 145: 58, 146: 296, 147: 352, 148: 114, 149: 792, 150: 554, 151: 792, 152: 554, 153: 30, 154: 268, 155: 394, 156: 156, 157: 484, 158: 722, 159: 484, 160: 722, 161: 554, 162: 792, 163: 554, 164: 792, 165: 268, 166: 30, 167: 414, 168: 652, 169: 484, 170: 722, 171: 554, 172: 792, 173: 142, 174: 380, 175: 394, 176: 156, 177: 792, 178: 554, 179: 170, 180: 408, 181: 722, 182: 484, 183: 722, 184: 484, 185: 414, 186: 652, 187: 114, 188: 352, 189: 86, 190: 324, 191: 722, 192: 484, 193: 414, 194: 652, 195: 30, 196: 268, 197: 484, 198: 722, 199: 554, 200: 792}
Number of lables used:  22
Time taken: 0.20 seconds
Memory used: 34.57 MB
--------------------------------------------------

Trying with at most 21 labels...
Solution:
{1: 708, 2: 470, 3: 142, 4: 380, 5: 30, 6: 268, 7: 352, 8: 114, 9: 86, 10: 324, 11: 408, 12: 170, 13: 554, 14: 792, 15: 268, 16: 30, 17: 142, 18: 380, 19: 652, 20: 414, 21: 652, 22: 414, 23: 414, 24: 652, 25: 268, 26: 30, 27: 652, 28: 414, 29: 324, 30: 86, 31: 352, 32: 114, 33: 86, 34: 324, 35: 86, 36: 324, 37: 114, 38: 352, 39: 86, 40: 324, 41: 114, 42: 352, 43: 722, 44: 484, 45: 722, 46: 484, 47: 380, 48: 142, 49: 554, 50: 792, 51: 484, 52: 722, 53: 414, 54: 652, 55: 554, 56: 792, 57: 414, 58: 652, 59: 114, 60: 352, 61: 268, 62: 30, 63: 414, 64: 652, 65: 30, 66: 268, 67: 414, 68: 652, 69: 352, 70: 114, 71: 142, 72: 380, 73: 268, 74: 30, 75: 414, 76: 652, 77: 86, 78: 324, 79: 142, 80: 380, 81: 554, 82: 792, 83: 792, 84: 554, 85: 484, 86: 722, 87: 268, 88: 30, 89: 414, 90: 652, 91: 554, 92: 792, 93: 142, 94: 380, 95: 30, 96: 268, 97: 408, 98: 170, 99: 478, 100: 240, 101: 554, 102: 792, 103: 142, 104: 380, 105: 86, 106: 324, 107: 470, 108: 708, 109: 324, 110: 86, 111: 484, 112: 722, 113: 792, 114: 554, 115: 30, 116: 268, 117: 380, 118: 142, 119: 380, 120: 142, 121: 408, 122: 170, 123: 414, 124: 652, 125: 86, 126: 324, 127: 652, 128: 414, 129: 652, 130: 414, 131: 478, 132: 240, 133: 380, 134: 142, 135: 114, 136: 352, 137: 30, 138: 268, 139: 652, 140: 414, 141: 352, 142: 114, 143: 484, 144: 722, 145: 30, 146: 268, 147: 324, 148: 86, 149: 792, 150: 554, 151: 792, 152: 554, 153: 30, 154: 268, 155: 554, 156: 792, 157: 484, 158: 722, 159: 484, 160: 722, 161: 554, 162: 792, 163: 414, 164: 652, 165: 268, 166: 30, 167: 414, 168: 652, 169: 484, 170: 722, 171: 554, 172: 792, 173: 142, 174: 380, 175: 380, 176: 142, 177: 792, 178: 554, 179: 170, 180: 408, 181: 722, 182: 484, 183: 722, 184: 484, 185: 380, 186: 142, 187: 114, 188: 352, 189: 30, 190: 268, 191: 722, 192: 484, 193: 554, 194: 792, 195: 30, 196: 268, 197: 484, 198: 722, 199: 554, 200: 792}
Number of lables used:  20
Time taken: 0.20 seconds
Memory used: 34.57 MB
--------------------------------------------------

Trying with at most 19 labels...
Solution:
{1: 380, 2: 142, 3: 142, 4: 380, 5: 30, 6: 268, 7: 352, 8: 114, 9: 498, 10: 736, 11: 240, 12: 478, 13: 554, 14: 792, 15: 324, 16: 86, 17: 142, 18: 380, 19: 736, 20: 498, 21: 680, 22: 442, 23: 736, 24: 498, 25: 268, 26: 30, 27: 680, 28: 442, 29: 442, 30: 680, 31: 30, 32: 268, 33: 86, 34: 324, 35: 86, 36: 324, 37: 736, 38: 498, 39: 394, 40: 156, 41: 86, 42: 324, 43: 86, 44: 324, 45: 352, 46: 114, 47: 380, 48: 142, 49: 498, 50: 736, 51: 142, 52: 380, 53: 736, 54: 498, 55: 498, 56: 736, 57: 792, 58: 554, 59: 30, 60: 268, 61: 268, 62: 30, 63: 156, 64: 394, 65: 156, 66: 394, 67: 736, 68: 498, 69: 736, 70: 498, 71: 114, 72: 352, 73: 736, 74: 498, 75: 736, 76: 498, 77: 394, 78: 156, 79: 142, 80: 380, 81: 554, 82: 792, 83: 394, 84: 156, 85: 142, 86: 380, 87: 268, 88: 30, 89: 736, 90: 498, 91: 554, 92: 792, 93: 268, 94: 30, 95: 268, 96: 30, 97: 380, 98: 142, 99: 478, 100: 240, 101: 554, 102: 792, 103: 142, 104: 380, 105: 86, 106: 324, 107: 442, 108: 680, 109: 498, 110: 736, 111: 352, 112: 114, 113: 86, 114: 324, 115: 30, 116: 268, 117: 380, 118: 142, 119: 324, 120: 86, 121: 380, 122: 142, 123: 114, 124: 352, 125: 86, 126: 324, 127: 442, 128: 680, 129: 680, 130: 442, 131: 478, 132: 240, 133: 352, 134: 114, 135: 792, 136: 554, 137: 268, 138: 30, 139: 680, 140: 442, 141: 352, 142: 114, 143: 156, 144: 394, 145: 30, 146: 268, 147: 554, 148: 792, 149: 792, 150: 554, 151: 394, 152: 156, 153: 30, 154: 268, 155: 554, 156: 792, 157: 30, 158: 268, 159: 442, 160: 680, 161: 554, 162: 792, 163: 792, 164: 554, 165: 268, 166: 30, 167: 736, 168: 498, 169: 680, 170: 442, 171: 554, 172: 792, 173: 114, 174: 352, 175: 324, 176: 86, 177: 792, 178: 554, 179: 142, 180: 380, 181: 680, 182: 442, 183: 680, 184: 442, 185: 380, 186: 142, 187: 114, 188: 352, 189: 324, 190: 86, 191: 142, 192: 380, 193: 554, 194: 792, 195: 30, 196: 268, 197: 680, 198: 442, 199: 554, 200: 792}
Number of lables used:  18
Time taken: 0.21 seconds
Memory used: 34.66 MB
--------------------------------------------------

Trying with at most 17 labels...
Solution:
{1: 380, 2: 142, 3: 114, 4: 352, 5: 30, 6: 268, 7: 380, 8: 142, 9: 498, 10: 736, 11: 240, 12: 478, 13: 554, 14: 792, 15: 498, 16: 736, 17: 142, 18: 380, 19: 736, 20: 498, 21: 680, 22: 442, 23: 736, 24: 498, 25: 268, 26: 30, 27: 680, 28: 442, 29: 442, 30: 680, 31: 30, 32: 268, 33: 30, 34: 268, 35: 442, 36: 680, 37: 792, 38: 554, 39: 380, 40: 142, 41: 86, 42: 324, 43: 86, 44: 324, 45: 324, 46: 86, 47: 380, 48: 142, 49: 554, 50: 792, 51: 142, 52: 380, 53: 142, 54: 380, 55: 554, 56: 792, 57: 736, 58: 498, 59: 30, 60: 268, 61: 268, 62: 30, 63: 498, 64: 736, 65: 142, 66: 380, 67: 736, 68: 498, 69: 736, 70: 498, 71: 114, 72: 352, 73: 736, 74: 498, 75: 736, 76: 498, 77: 352, 78: 114, 79: 142, 80: 380, 81: 554, 82: 792, 83: 352, 84: 114, 85: 142, 86: 380, 87: 268, 88: 30, 89: 554, 90: 792, 91: 554, 92: 792, 93: 268, 94: 30, 95: 268, 96: 30, 97: 240, 98: 478, 99: 478, 100: 240, 101: 554, 102: 792, 103: 142, 104: 380, 105: 86, 106: 324, 107: 442, 108: 680, 109: 498, 110: 736, 111: 86, 112: 324, 113: 86, 114: 324, 115: 30, 116: 268, 117: 380, 118: 142, 119: 324, 120: 86, 121: 380, 122: 142, 123: 114, 124: 352, 125: 86, 126: 324, 127: 442, 128: 680, 129: 498, 130: 736, 131: 478, 132: 240, 133: 324, 134: 86, 135: 792, 136: 554, 137: 268, 138: 30, 139: 680, 140: 442, 141: 324, 142: 86, 143: 736, 144: 498, 145: 30, 146: 268, 147: 554, 148: 792, 149: 792, 150: 554, 151: 380, 152: 142, 153: 86, 154: 324, 155: 554, 156: 792, 157: 30, 158: 268, 159: 442, 160: 680, 161: 554, 162: 792, 163: 792, 164: 554, 165: 268, 166: 30, 167: 114, 168: 352, 169: 680, 170: 442, 171: 680, 172: 442, 173: 498, 174: 736, 175: 792, 176: 554, 177: 792, 178: 554, 179: 142, 180: 380, 181: 680, 182: 442, 183: 680, 184: 442, 185: 380, 186: 142, 187: 268, 188: 30, 189: 324, 190: 86, 191: 142, 192: 380, 193: 554, 194: 792, 195: 30, 196: 268, 197: 680, 198: 442, 199: 554, 200: 792}
Number of lables used:  16
Time taken: 0.21 seconds
Memory used: 34.66 MB
--------------------------------------------------

Trying with at most 15 labels...
Solution:
{1: 142, 2: 380, 3: 86, 4: 324, 5: 86, 6: 324, 7: 736, 8: 498, 9: 86, 10: 324, 11: 380, 12: 142, 13: 498, 14: 736, 15: 792, 16: 554, 17: 240, 18: 478, 19: 666, 20: 428, 21: 498, 22: 736, 23: 792, 24: 554, 25: 736, 26: 498, 27: 792, 28: 554, 29: 428, 30: 666, 31: 498, 32: 736, 33: 86, 34: 324, 35: 428, 36: 666, 37: 86, 38: 324, 39: 792, 40: 554, 41: 44, 42: 282, 43: 666, 44: 428, 45: 792, 46: 554, 47: 282, 48: 44, 49: 736, 50: 498, 51: 142, 52: 380, 53: 142, 54: 380, 55: 736, 56: 498, 57: 554, 58: 792, 59: 282, 60: 44, 61: 324, 62: 86, 63: 498, 64: 736, 65: 142, 66: 380, 67: 324, 68: 86, 69: 86, 70: 324, 71: 86, 72: 324, 73: 792, 74: 554, 75: 792, 76: 554, 77: 86, 78: 324, 79: 736, 80: 498, 81: 498, 82: 736, 83: 428, 84: 666, 85: 282, 86: 44, 87: 792, 88: 554, 89: 282, 90: 44, 91: 666, 92: 428, 93: 428, 94: 666, 95: 86, 96: 324, 97: 142, 98: 380, 99: 142, 100: 380, 101: 428, 102: 666, 103: 282, 104: 44, 105: 666, 106: 428, 107: 666, 108: 428, 109: 736, 110: 498, 111: 86, 112: 324, 113: 86, 114: 324, 115: 142, 116: 380, 117: 736, 118: 498, 119: 498, 120: 736, 121: 240, 122: 478, 123: 792, 124: 554, 125: 736, 126: 498, 127: 554, 128: 792, 129: 282, 130: 44, 131: 380, 132: 142, 133: 282, 134: 44, 135: 666, 136: 428, 137: 554, 138: 792, 139: 44, 140: 282, 141: 142, 142: 380, 143: 666, 144: 428, 145: 736, 146: 498, 147: 428, 148: 666, 149: 142, 150: 380, 151: 142, 152: 380, 153: 792, 154: 554, 155: 666, 156: 428, 157: 86, 158: 324, 159: 44, 160: 282, 161: 44, 162: 282, 163: 380, 164: 142, 165: 282, 166: 44, 167: 554, 168: 792, 169: 282, 170: 44, 171: 142, 172: 380, 173: 44, 174: 282, 175: 44, 176: 282, 177: 736, 178: 498, 179: 142, 180: 380, 181: 142, 182: 380, 183: 324, 184: 86, 185: 282, 186: 44, 187: 498, 188: 736, 189: 44, 190: 282, 191: 142, 192: 380, 193: 554, 194: 792, 195: 380, 196: 142, 197: 428, 198: 666, 199: 498, 200: 736}
Number of lables used:  14
Time taken: 0.23 seconds
Memory used: 34.82 MB
--------------------------------------------------

Trying with at most 13 labels...
Cannot find solution.
No more solutions found.
Optimal number of labels used:  14
Time taken: 2.74 seconds
Memory used: 58.91 MB
[runlim] end:			Tue Mar 24 00:05:14 2026
[runlim] status:		ok
[runlim] result:		0
[runlim] children:		1
[runlim] processes:		2
[runlim] real:			2.78 seconds
[runlim] time:			2.70 seconds
[runlim] space:			63 MB
[runlim] load:			1.25 maximum
[runlim] samples:		28
