[runlim] version:		2.0.0rc12
[runlim] host:			ap-Precision-7550
[runlim] time limit:		311040000 seconds
[runlim] real time limit:	600 seconds
[runlim] space limit:		14000 MB
[runlim] argv[0]:		python3
[runlim] argv[1]:		-u
[runlim] argv[2]:		main.py
[runlim] argv[3]:		graph01
[runlim] argv[4]:		tot
[runlim] argv[5]:		assumptions
[runlim] argv[6]:		cadical195
[runlim] start:			Mon Mar 23 16:15:14 2026
[runlim] child:			11542
Solve first problem:
Solution:
{1: 296, 2: 58, 3: 652, 4: 414, 5: 16, 6: 254, 7: 380, 8: 142, 9: 380, 10: 142, 11: 778, 12: 540, 13: 338, 14: 100, 15: 296, 16: 58, 17: 652, 18: 414, 19: 394, 20: 156, 21: 296, 22: 58, 23: 478, 24: 240, 25: 310, 26: 72, 27: 114, 28: 352, 29: 296, 30: 58, 31: 268, 32: 30, 33: 352, 34: 114, 35: 310, 36: 72, 37: 338, 38: 100, 39: 324, 40: 86, 41: 282, 42: 44, 43: 778, 44: 540, 45: 254, 46: 16, 47: 72, 48: 310, 49: 282, 50: 44, 51: 394, 52: 156, 53: 310, 54: 72, 55: 86, 56: 324, 57: 16, 58: 254, 59: 778, 60: 540, 61: 254, 62: 16, 63: 352, 64: 114, 65: 254, 66: 16, 67: 296, 68: 58, 69: 254, 70: 16, 71: 324, 72: 86, 73: 380, 74: 142, 75: 268, 76: 30, 77: 750, 78: 512, 79: 310, 80: 72, 81: 254, 82: 16, 83: 268, 84: 30, 85: 324, 86: 86, 87: 680, 88: 442, 89: 338, 90: 100, 91: 652, 92: 414, 93: 254, 94: 16, 95: 44, 96: 282, 97: 478, 98: 240, 99: 30, 100: 268, 101: 380, 102: 142, 103: 282, 104: 44, 105: 352, 106: 114, 107: 296, 108: 58, 109: 296, 110: 58, 111: 380, 112: 142, 113: 268, 114: 30, 115: 114, 116: 352, 117: 254, 118: 16, 119: 296, 120: 58, 121: 380, 122: 142, 123: 380, 124: 142, 125: 254, 126: 16, 127: 296, 128: 58, 129: 338, 130: 100, 131: 268, 132: 30, 133: 694, 134: 456, 135: 478, 136: 240, 137: 282, 138: 44, 139: 296, 140: 58, 141: 324, 142: 86, 143: 324, 144: 86, 145: 268, 146: 30, 147: 254, 148: 16, 149: 324, 150: 86, 151: 652, 152: 414, 153: 254, 154: 16, 155: 324, 156: 86, 157: 268, 158: 30, 159: 268, 160: 30, 161: 394, 162: 156, 163: 296, 164: 58, 165: 352, 166: 114, 167: 366, 168: 128, 169: 254, 170: 16, 171: 268, 172: 30, 173: 254, 174: 16, 175: 324, 176: 86, 177: 254, 178: 16, 179: 282, 180: 44, 181: 652, 182: 414, 183: 268, 184: 30, 185: 324, 186: 86, 187: 268, 188: 30, 189: 254, 190: 16, 191: 310, 192: 72, 193: 380, 194: 142, 195: 268, 196: 30, 197: 254, 198: 16, 199: 254, 200: 16}
Number of lables used:  34
Time taken: 0.14 seconds
Memory used: 29.84 MB
--------------------------------------------------

Trying with at most 33 labels...
Solution:
{1: 526, 2: 764, 3: 652, 4: 414, 5: 442, 6: 680, 7: 240, 8: 478, 9: 170, 10: 408, 11: 526, 12: 764, 13: 498, 14: 736, 15: 680, 16: 442, 17: 652, 18: 414, 19: 100, 20: 338, 21: 512, 22: 750, 23: 380, 24: 142, 25: 498, 26: 736, 27: 428, 28: 666, 29: 512, 30: 750, 31: 540, 32: 778, 33: 470, 34: 708, 35: 498, 36: 736, 37: 484, 38: 722, 39: 156, 40: 394, 41: 540, 42: 778, 43: 30, 44: 268, 45: 142, 46: 380, 47: 484, 48: 722, 49: 512, 50: 750, 51: 156, 52: 394, 53: 512, 54: 750, 55: 142, 56: 380, 57: 792, 58: 554, 59: 114, 60: 352, 61: 554, 62: 792, 63: 470, 64: 708, 65: 526, 66: 764, 67: 142, 68: 380, 69: 540, 70: 778, 71: 498, 72: 736, 73: 240, 74: 478, 75: 442, 76: 680, 77: 680, 78: 442, 79: 498, 80: 736, 81: 142, 82: 380, 83: 554, 84: 792, 85: 484, 86: 722, 87: 526, 88: 764, 89: 554, 90: 792, 91: 86, 92: 324, 93: 554, 94: 792, 95: 142, 96: 380, 97: 170, 98: 408, 99: 526, 100: 764, 101: 442, 102: 680, 103: 498, 104: 736, 105: 470, 106: 708, 107: 512, 108: 750, 109: 512, 110: 750, 111: 442, 112: 680, 113: 554, 114: 792, 115: 792, 116: 554, 117: 156, 118: 394, 119: 512, 120: 750, 121: 170, 122: 408, 123: 240, 124: 478, 125: 554, 126: 792, 127: 512, 128: 750, 129: 456, 130: 694, 131: 540, 132: 778, 133: 540, 134: 778, 135: 170, 136: 408, 137: 526, 138: 764, 139: 484, 140: 722, 141: 498, 142: 736, 143: 526, 144: 764, 145: 540, 146: 778, 147: 554, 148: 792, 149: 498, 150: 736, 151: 156, 152: 394, 153: 554, 154: 792, 155: 512, 156: 750, 157: 554, 158: 792, 159: 554, 160: 792, 161: 414, 162: 652, 163: 484, 164: 722, 165: 456, 166: 694, 167: 442, 168: 680, 169: 156, 170: 394, 171: 554, 172: 792, 173: 526, 174: 764, 175: 470, 176: 708, 177: 554, 178: 792, 179: 554, 180: 792, 181: 456, 182: 694, 183: 540, 184: 778, 185: 498, 186: 736, 187: 540, 188: 778, 189: 554, 190: 792, 191: 498, 192: 736, 193: 240, 194: 478, 195: 540, 196: 778, 197: 554, 198: 792, 199: 554, 200: 792}
Number of lables used:  38
--------------------------------------------------

Trying with at most 37 labels...
Traceback (most recent call last):
  File "/home/ap/Desktop/Minimum-Order-Frequency-Assignment-Problem/SAT/sequence/main.py", line 568, in <module>
    main()
  File "/home/ap/Desktop/Minimum-Order-Frequency-Assignment-Problem/SAT/sequence/main.py", line 546, in main
    assignment = solve_and_print(solver, var_map, rhs, num_labels, sys.argv[3])
  File "/home/ap/Desktop/Minimum-Order-Frequency-Assignment-Problem/SAT/sequence/main.py", line 403, in solve_and_print
    status = solver.solve(assumptions = [-rhs[num_labels - 1]]) 
IndexError: list index out of range
[runlim] end:			Mon Mar 23 16:15:14 2026
[runlim] status:		ok
[runlim] result:		1
[runlim] children:		1
[runlim] processes:		2
[runlim] real:			0.19 seconds
[runlim] time:			0.10 seconds
[runlim] space:			27 MB
[runlim] load:			1.18 maximum
[runlim] samples:		2
