[runlim] version:		2.0.0rc12
[runlim] host:			ap-Precision-7550
[runlim] time limit:		311040000 seconds
[runlim] real time limit:	600 seconds
[runlim] space limit:		14000 MB
[runlim] argv[0]:		python3
[runlim] argv[1]:		-u
[runlim] argv[2]:		pairwise_multi.py
[runlim] argv[3]:		TUD200.1
[runlim] argv[4]:		assumptions
[runlim] start:			Mon Mar 23 19:24:05 2026
[runlim] child:			12359
Solve first problem:
Solution:
{1: 114, 2: 352, 3: 324, 4: 86, 5: 254, 6: 16, 7: 750, 8: 512, 9: 296, 10: 58, 11: 16, 12: 254, 13: 792, 14: 554, 15: 58, 16: 296, 17: 16, 18: 254, 19: 498, 20: 736, 21: 470, 22: 708, 23: 100, 24: 338, 25: 484, 26: 722, 27: 512, 28: 750, 29: 540, 30: 778, 31: 442, 32: 680, 33: 554, 34: 792, 35: 282, 36: 44, 37: 254, 38: 16, 39: 366, 40: 128, 41: 414, 42: 652, 43: 254, 44: 16, 45: 310, 46: 72, 47: 750, 48: 512, 49: 470, 50: 708, 51: 394, 52: 156, 53: 652, 54: 414, 55: 296, 56: 58, 57: 394, 58: 156, 59: 540, 60: 778, 61: 310, 62: 72, 63: 414, 64: 652, 65: 750, 66: 512, 67: 414, 68: 652, 69: 254, 70: 16, 71: 394, 72: 156, 73: 268, 74: 30, 75: 470, 76: 708, 77: 86, 78: 324, 79: 456, 80: 694, 81: 554, 82: 792, 83: 428, 84: 666, 85: 30, 86: 268, 87: 778, 88: 540, 89: 30, 90: 268, 91: 456, 92: 694, 93: 16, 94: 254, 95: 428, 96: 666, 97: 540, 98: 778, 99: 652, 100: 414, 101: 380, 102: 142, 103: 268, 104: 30, 105: 128, 106: 366, 107: 282, 108: 44, 109: 268, 110: 30, 111: 296, 112: 58, 113: 254, 114: 16, 115: 526, 116: 764, 117: 526, 118: 764, 119: 72, 120: 310, 121: 456, 122: 694, 123: 338, 124: 100, 125: 268, 126: 30, 127: 254, 128: 16, 129: 380, 130: 142, 131: 380, 132: 142, 133: 554, 134: 792, 135: 554, 136: 792, 137: 30, 138: 268, 139: 338, 140: 100, 141: 380, 142: 142, 143: 540, 144: 778, 145: 554, 146: 792, 147: 254, 148: 16, 149: 554, 150: 792, 151: 44, 152: 282, 153: 268, 154: 30, 155: 554, 156: 792, 157: 554, 158: 792, 159: 254, 160: 16, 161: 554, 162: 792, 163: 526, 164: 764, 165: 58, 166: 296, 167: 526, 168: 764, 169: 554, 170: 792, 171: 498, 172: 736, 173: 540, 174: 778, 175: 526, 176: 764, 177: 666, 178: 428, 179: 498, 180: 736, 181: 554, 182: 792, 183: 58, 184: 296, 185: 156, 186: 394, 187: 156, 188: 394, 189: 484, 190: 722, 191: 428, 192: 666, 193: 484, 194: 722, 195: 554, 196: 792, 197: 484, 198: 722, 199: 540, 200: 778}
Number of lables used:  44
Total time: 0.41 seconds
Memory used: 53.98 MB

Trying to find better solution with at most 43 labels...
Solution:
{1: 86, 2: 324, 3: 352, 4: 114, 5: 380, 6: 142, 7: 324, 8: 86, 9: 268, 10: 30, 11: 428, 12: 666, 13: 652, 14: 414, 15: 30, 16: 268, 17: 16, 18: 254, 19: 442, 20: 680, 21: 282, 22: 44, 23: 100, 24: 338, 25: 16, 26: 254, 27: 86, 28: 324, 29: 722, 30: 484, 31: 394, 32: 156, 33: 470, 34: 708, 35: 722, 36: 484, 37: 652, 38: 414, 39: 324, 40: 86, 41: 268, 42: 30, 43: 254, 44: 16, 45: 58, 46: 296, 47: 722, 48: 484, 49: 652, 50: 414, 51: 414, 52: 652, 53: 652, 54: 414, 55: 470, 56: 708, 57: 666, 58: 428, 59: 484, 60: 722, 61: 30, 62: 268, 63: 16, 64: 254, 65: 652, 66: 414, 67: 310, 68: 72, 69: 86, 70: 324, 71: 310, 72: 72, 73: 268, 74: 30, 75: 72, 76: 310, 77: 338, 78: 100, 79: 338, 80: 100, 81: 484, 82: 722, 83: 324, 84: 86, 85: 44, 86: 282, 87: 722, 88: 484, 89: 380, 90: 142, 91: 324, 92: 86, 93: 16, 94: 254, 95: 254, 96: 16, 97: 484, 98: 722, 99: 16, 100: 254, 101: 380, 102: 142, 103: 72, 104: 310, 105: 128, 106: 366, 107: 366, 108: 128, 109: 58, 110: 296, 111: 470, 112: 708, 113: 296, 114: 58, 115: 484, 116: 722, 117: 268, 118: 30, 119: 652, 120: 414, 121: 142, 122: 380, 123: 128, 124: 366, 125: 30, 126: 268, 127: 666, 128: 428, 129: 142, 130: 380, 131: 366, 132: 128, 133: 470, 134: 708, 135: 268, 136: 30, 137: 296, 138: 58, 139: 58, 140: 296, 141: 380, 142: 142, 143: 268, 144: 30, 145: 484, 146: 722, 147: 442, 148: 680, 149: 484, 150: 722, 151: 722, 152: 484, 153: 296, 154: 58, 155: 282, 156: 44, 157: 114, 158: 352, 159: 324, 160: 86, 161: 666, 162: 428, 163: 456, 164: 694, 165: 484, 166: 722, 167: 442, 168: 680, 169: 722, 170: 484, 171: 254, 172: 16, 173: 652, 174: 414, 175: 268, 176: 30, 177: 680, 178: 442, 179: 254, 180: 16, 181: 268, 182: 30, 183: 58, 184: 296, 185: 156, 186: 394, 187: 58, 188: 296, 189: 16, 190: 254, 191: 254, 192: 16, 193: 16, 194: 254, 195: 338, 196: 100, 197: 428, 198: 666, 199: 366, 200: 128}
Number of lables used:  34
Time taken: 0.78 seconds

Trying to find better solution with at most 33 labels...
Solution:
{1: 652, 2: 414, 3: 254, 4: 16, 5: 254, 6: 16, 7: 156, 8: 394, 9: 114, 10: 352, 11: 414, 12: 652, 13: 16, 14: 254, 15: 72, 16: 310, 17: 16, 18: 254, 19: 338, 20: 100, 21: 380, 22: 142, 23: 86, 24: 324, 25: 156, 26: 394, 27: 296, 28: 58, 29: 652, 30: 414, 31: 254, 32: 16, 33: 310, 34: 72, 35: 254, 36: 16, 37: 16, 38: 254, 39: 254, 40: 16, 41: 792, 42: 554, 43: 652, 44: 414, 45: 414, 46: 652, 47: 792, 48: 554, 49: 324, 50: 86, 51: 554, 52: 792, 53: 652, 54: 414, 55: 44, 56: 282, 57: 114, 58: 352, 59: 254, 60: 16, 61: 72, 62: 310, 63: 792, 64: 554, 65: 16, 66: 254, 67: 142, 68: 380, 69: 86, 70: 324, 71: 366, 72: 128, 73: 100, 74: 338, 75: 16, 76: 254, 77: 352, 78: 114, 79: 114, 80: 352, 81: 268, 82: 30, 83: 156, 84: 394, 85: 792, 86: 554, 87: 114, 88: 352, 89: 86, 90: 324, 91: 268, 92: 30, 93: 652, 94: 414, 95: 652, 96: 414, 97: 268, 98: 30, 99: 792, 100: 554, 101: 268, 102: 30, 103: 268, 104: 30, 105: 114, 106: 352, 107: 86, 108: 324, 109: 366, 110: 128, 111: 394, 112: 156, 113: 156, 114: 394, 115: 792, 116: 554, 117: 380, 118: 142, 119: 16, 120: 254, 121: 100, 122: 338, 123: 324, 124: 86, 125: 268, 126: 30, 127: 554, 128: 792, 129: 408, 130: 170, 131: 72, 132: 310, 133: 296, 134: 58, 135: 652, 136: 414, 137: 58, 138: 296, 139: 30, 140: 268, 141: 86, 142: 324, 143: 30, 144: 268, 145: 792, 146: 554, 147: 352, 148: 114, 149: 268, 150: 30, 151: 72, 152: 310, 153: 100, 154: 338, 155: 128, 156: 366, 157: 254, 158: 16, 159: 338, 160: 100, 161: 352, 162: 114, 163: 338, 164: 100, 165: 414, 166: 652, 167: 652, 168: 414, 169: 16, 170: 254, 171: 254, 172: 16, 173: 652, 174: 414, 175: 44, 176: 282, 177: 128, 178: 366, 179: 652, 180: 414, 181: 30, 182: 268, 183: 44, 184: 282, 185: 324, 186: 86, 187: 100, 188: 338, 189: 100, 190: 338, 191: 142, 192: 380, 193: 324, 194: 86, 195: 16, 196: 254, 197: 792, 198: 554, 199: 30, 200: 268}
Number of lables used:  28
Time taken: 1.16 seconds

Trying to find better solution with at most 27 labels...
Solution:
{1: 652, 2: 414, 3: 352, 4: 114, 5: 156, 6: 394, 7: 296, 8: 58, 9: 310, 10: 72, 11: 156, 12: 394, 13: 16, 14: 254, 15: 156, 16: 394, 17: 792, 18: 554, 19: 16, 20: 254, 21: 394, 22: 156, 23: 310, 24: 72, 25: 16, 26: 254, 27: 296, 28: 58, 29: 792, 30: 554, 31: 142, 32: 380, 33: 652, 34: 414, 35: 282, 36: 44, 37: 352, 38: 114, 39: 352, 40: 114, 41: 652, 42: 414, 43: 792, 44: 554, 45: 282, 46: 44, 47: 652, 48: 414, 49: 254, 50: 16, 51: 44, 52: 282, 53: 792, 54: 554, 55: 114, 56: 352, 57: 254, 58: 16, 59: 338, 60: 100, 61: 296, 62: 58, 63: 666, 64: 428, 65: 792, 66: 554, 67: 58, 68: 296, 69: 652, 70: 414, 71: 380, 72: 142, 73: 282, 74: 44, 75: 428, 76: 666, 77: 554, 78: 792, 79: 282, 80: 44, 81: 666, 82: 428, 83: 338, 84: 100, 85: 428, 86: 666, 87: 100, 88: 338, 89: 296, 90: 58, 91: 380, 92: 142, 93: 792, 94: 554, 95: 16, 96: 254, 97: 666, 98: 428, 99: 652, 100: 414, 101: 428, 102: 666, 103: 666, 104: 428, 105: 352, 106: 114, 107: 296, 108: 58, 109: 310, 110: 72, 111: 296, 112: 58, 113: 142, 114: 380, 115: 72, 116: 310, 117: 352, 118: 114, 119: 254, 120: 16, 121: 58, 122: 296, 123: 652, 124: 414, 125: 44, 126: 282, 127: 86, 128: 324, 129: 380, 130: 142, 131: 428, 132: 666, 133: 380, 134: 142, 135: 296, 136: 58, 137: 296, 138: 58, 139: 380, 140: 142, 141: 282, 142: 44, 143: 792, 144: 554, 145: 666, 146: 428, 147: 16, 148: 254, 149: 86, 150: 324, 151: 86, 152: 324, 153: 428, 154: 666, 155: 554, 156: 792, 157: 44, 158: 282, 159: 16, 160: 254, 161: 310, 162: 72, 163: 72, 164: 310, 165: 16, 166: 254, 167: 380, 168: 142, 169: 394, 170: 156, 171: 16, 172: 254, 173: 792, 174: 554, 175: 380, 176: 142, 177: 142, 178: 380, 179: 666, 180: 428, 181: 414, 182: 652, 183: 282, 184: 44, 185: 338, 186: 100, 187: 156, 188: 394, 189: 254, 190: 16, 191: 254, 192: 16, 193: 16, 194: 254, 195: 414, 196: 652, 197: 16, 198: 254, 199: 114, 200: 352}
Number of lables used:  24
Time taken: 1.55 seconds

Trying to find better solution with at most 23 labels...
Solution:
{1: 16, 2: 254, 3: 16, 4: 254, 5: 554, 6: 792, 7: 394, 8: 156, 9: 394, 10: 156, 11: 156, 12: 394, 13: 554, 14: 792, 15: 554, 16: 792, 17: 652, 18: 414, 19: 58, 20: 296, 21: 268, 22: 30, 23: 554, 24: 792, 25: 156, 26: 394, 27: 652, 28: 414, 29: 666, 30: 428, 31: 652, 32: 414, 33: 86, 34: 324, 35: 86, 36: 324, 37: 666, 38: 428, 39: 652, 40: 414, 41: 792, 42: 554, 43: 652, 44: 414, 45: 324, 46: 86, 47: 652, 48: 414, 49: 58, 50: 296, 51: 554, 52: 792, 53: 16, 54: 254, 55: 652, 56: 414, 57: 792, 58: 554, 59: 30, 60: 268, 61: 30, 62: 268, 63: 666, 64: 428, 65: 666, 66: 428, 67: 156, 68: 394, 69: 792, 70: 554, 71: 792, 72: 554, 73: 666, 74: 428, 75: 156, 76: 394, 77: 652, 78: 414, 79: 296, 80: 58, 81: 100, 82: 338, 83: 86, 84: 324, 85: 100, 86: 338, 87: 338, 88: 100, 89: 86, 90: 324, 91: 30, 92: 268, 93: 652, 94: 414, 95: 394, 96: 156, 97: 30, 98: 268, 99: 156, 100: 394, 101: 666, 102: 428, 103: 30, 104: 268, 105: 30, 106: 268, 107: 792, 108: 554, 109: 394, 110: 156, 111: 16, 112: 254, 113: 394, 114: 156, 115: 86, 116: 324, 117: 792, 118: 554, 119: 666, 120: 428, 121: 100, 122: 338, 123: 86, 124: 324, 125: 30, 126: 268, 127: 652, 128: 414, 129: 240, 130: 478, 131: 428, 132: 666, 133: 16, 134: 254, 135: 58, 136: 296, 137: 100, 138: 338, 139: 428, 140: 666, 141: 428, 142: 666, 143: 324, 144: 86, 145: 58, 146: 296, 147: 324, 148: 86, 149: 30, 150: 268, 151: 58, 152: 296, 153: 428, 154: 666, 155: 30, 156: 268, 157: 58, 158: 296, 159: 554, 160: 792, 161: 30, 162: 268, 163: 338, 164: 100, 165: 554, 166: 792, 167: 30, 168: 268, 169: 254, 170: 16, 171: 58, 172: 296, 173: 156, 174: 394, 175: 156, 176: 394, 177: 666, 178: 428, 179: 58, 180: 296, 181: 30, 182: 268, 183: 792, 184: 554, 185: 254, 186: 16, 187: 58, 188: 296, 189: 58, 190: 296, 191: 554, 192: 792, 193: 30, 194: 268, 195: 100, 196: 338, 197: 254, 198: 16, 199: 666, 200: 428}
Number of lables used:  20
Time taken: 1.92 seconds

Trying to find better solution with at most 19 labels...
Solution:
{1: 254, 2: 16, 3: 380, 4: 142, 5: 666, 6: 428, 7: 156, 8: 394, 9: 282, 10: 44, 11: 156, 12: 394, 13: 792, 14: 554, 15: 792, 16: 554, 17: 666, 18: 428, 19: 100, 20: 338, 21: 380, 22: 142, 23: 156, 24: 394, 25: 380, 26: 142, 27: 792, 28: 554, 29: 100, 30: 338, 31: 142, 32: 380, 33: 30, 34: 268, 35: 44, 36: 282, 37: 338, 38: 100, 39: 254, 40: 16, 41: 16, 42: 254, 43: 100, 44: 338, 45: 282, 46: 44, 47: 792, 48: 554, 49: 16, 50: 254, 51: 16, 52: 254, 53: 792, 54: 554, 55: 428, 56: 666, 57: 254, 58: 16, 59: 338, 60: 100, 61: 666, 62: 428, 63: 30, 64: 268, 65: 792, 66: 554, 67: 792, 68: 554, 69: 792, 70: 554, 71: 254, 72: 16, 73: 666, 74: 428, 75: 380, 76: 142, 77: 792, 78: 554, 79: 254, 80: 16, 81: 282, 82: 44, 83: 394, 84: 156, 85: 156, 86: 394, 87: 100, 88: 338, 89: 428, 90: 666, 91: 282, 92: 44, 93: 792, 94: 554, 95: 666, 96: 428, 97: 380, 98: 142, 99: 338, 100: 100, 101: 142, 102: 380, 103: 268, 104: 30, 105: 100, 106: 338, 107: 554, 108: 792, 109: 666, 110: 428, 111: 156, 112: 394, 113: 792, 114: 554, 115: 666, 116: 428, 117: 666, 118: 428, 119: 428, 120: 666, 121: 100, 122: 338, 123: 100, 124: 338, 125: 100, 126: 338, 127: 394, 128: 156, 129: 240, 130: 478, 131: 428, 132: 666, 133: 30, 134: 268, 135: 282, 136: 44, 137: 100, 138: 338, 139: 30, 140: 268, 141: 268, 142: 30, 143: 380, 144: 142, 145: 380, 146: 142, 147: 554, 148: 792, 149: 156, 150: 394, 151: 666, 152: 428, 153: 380, 154: 142, 155: 554, 156: 792, 157: 338, 158: 100, 159: 30, 160: 268, 161: 30, 162: 268, 163: 338, 164: 100, 165: 792, 166: 554, 167: 142, 168: 380, 169: 338, 170: 100, 171: 30, 172: 268, 173: 16, 174: 254, 175: 428, 176: 666, 177: 338, 178: 100, 179: 16, 180: 254, 181: 30, 182: 268, 183: 666, 184: 428, 185: 254, 186: 16, 187: 100, 188: 338, 189: 254, 190: 16, 191: 282, 192: 44, 193: 30, 194: 268, 195: 30, 196: 268, 197: 254, 198: 16, 199: 142, 200: 380}
Number of lables used:  18
Time taken: 2.31 seconds

Trying to find better solution with at most 17 labels...
Solution:
{1: 16, 2: 254, 3: 16, 4: 254, 5: 16, 6: 254, 7: 16, 8: 254, 9: 352, 10: 114, 11: 16, 12: 254, 13: 442, 14: 680, 15: 512, 16: 750, 17: 16, 18: 254, 19: 442, 20: 680, 21: 58, 22: 296, 23: 750, 24: 512, 25: 142, 26: 380, 27: 16, 28: 254, 29: 58, 30: 296, 31: 16, 32: 254, 33: 142, 34: 380, 35: 114, 36: 352, 37: 142, 38: 380, 39: 380, 40: 142, 41: 114, 42: 352, 43: 16, 44: 254, 45: 414, 46: 652, 47: 142, 48: 380, 49: 142, 50: 380, 51: 652, 52: 414, 53: 296, 54: 58, 55: 114, 56: 352, 57: 16, 58: 254, 59: 296, 60: 58, 61: 750, 62: 512, 63: 16, 64: 254, 65: 16, 66: 254, 67: 16, 68: 254, 69: 142, 70: 380, 71: 114, 72: 352, 73: 750, 74: 512, 75: 16, 76: 254, 77: 750, 78: 512, 79: 16, 80: 254, 81: 414, 82: 652, 83: 296, 84: 58, 85: 58, 86: 296, 87: 512, 88: 750, 89: 380, 90: 142, 91: 750, 92: 512, 93: 652, 94: 414, 95: 442, 96: 680, 97: 442, 98: 680, 99: 352, 100: 114, 101: 442, 102: 680, 103: 442, 104: 680, 105: 16, 106: 254, 107: 652, 108: 414, 109: 442, 110: 680, 111: 58, 112: 296, 113: 414, 114: 652, 115: 114, 116: 352, 117: 750, 118: 512, 119: 652, 120: 414, 121: 680, 122: 442, 123: 750, 124: 512, 125: 750, 126: 512, 127: 58, 128: 296, 129: 380, 130: 142, 131: 352, 132: 114, 133: 414, 134: 652, 135: 680, 136: 442, 137: 142, 138: 380, 139: 352, 140: 114, 141: 380, 142: 142, 143: 442, 144: 680, 145: 750, 146: 512, 147: 652, 148: 414, 149: 296, 150: 58, 151: 750, 152: 512, 153: 442, 154: 680, 155: 58, 156: 296, 157: 58, 158: 296, 159: 680, 160: 442, 161: 58, 162: 296, 163: 254, 164: 16, 165: 750, 166: 512, 167: 750, 168: 512, 169: 512, 170: 750, 171: 512, 172: 750, 173: 652, 174: 414, 175: 352, 176: 114, 177: 680, 178: 442, 179: 254, 180: 16, 181: 352, 182: 114, 183: 512, 184: 750, 185: 380, 186: 142, 187: 296, 188: 58, 189: 442, 190: 680, 191: 380, 192: 142, 193: 750, 194: 512, 195: 680, 196: 442, 197: 652, 198: 414, 199: 114, 200: 352}
Number of lables used:  14
Time taken: 2.70 seconds

Trying to find better solution with at most 13 labels...
Solution:
{1: 722, 2: 484, 3: 16, 4: 254, 5: 484, 6: 722, 7: 142, 8: 380, 9: 254, 10: 16, 11: 86, 12: 324, 13: 86, 14: 324, 15: 268, 16: 30, 17: 652, 18: 414, 19: 254, 20: 16, 21: 652, 22: 414, 23: 652, 24: 414, 25: 254, 26: 16, 27: 254, 28: 16, 29: 652, 30: 414, 31: 414, 32: 652, 33: 324, 34: 86, 35: 414, 36: 652, 37: 722, 38: 484, 39: 254, 40: 16, 41: 722, 42: 484, 43: 652, 44: 414, 45: 86, 46: 324, 47: 652, 48: 414, 49: 324, 50: 86, 51: 16, 52: 254, 53: 16, 54: 254, 55: 722, 56: 484, 57: 414, 58: 652, 59: 142, 60: 380, 61: 268, 62: 30, 63: 484, 64: 722, 65: 722, 66: 484, 67: 142, 68: 380, 69: 484, 70: 722, 71: 254, 72: 16, 73: 86, 74: 324, 75: 652, 76: 414, 77: 652, 78: 414, 79: 380, 80: 142, 81: 324, 82: 86, 83: 380, 84: 142, 85: 16, 86: 254, 87: 380, 88: 142, 89: 268, 90: 30, 91: 30, 92: 268, 93: 722, 94: 484, 95: 86, 96: 324, 97: 268, 98: 30, 99: 414, 100: 652, 101: 484, 102: 722, 103: 380, 104: 142, 105: 30, 106: 268, 107: 484, 108: 722, 109: 380, 110: 142, 111: 30, 112: 268, 113: 268, 114: 30, 115: 652, 116: 414, 117: 268, 118: 30, 119: 722, 120: 484, 121: 142, 122: 380, 123: 722, 124: 484, 125: 86, 126: 324, 127: 254, 128: 16, 129: 142, 130: 380, 131: 484, 132: 722, 133: 254, 134: 16, 135: 268, 136: 30, 137: 268, 138: 30, 139: 30, 140: 268, 141: 484, 142: 722, 143: 324, 144: 86, 145: 380, 146: 142, 147: 324, 148: 86, 149: 86, 150: 324, 151: 268, 152: 30, 153: 324, 154: 86, 155: 652, 156: 414, 157: 324, 158: 86, 159: 16, 160: 254, 161: 380, 162: 142, 163: 414, 164: 652, 165: 86, 166: 324, 167: 380, 168: 142, 169: 380, 170: 142, 171: 30, 172: 268, 173: 254, 174: 16, 175: 652, 176: 414, 177: 268, 178: 30, 179: 142, 180: 380, 181: 722, 182: 484, 183: 414, 184: 652, 185: 380, 186: 142, 187: 268, 188: 30, 189: 254, 190: 16, 191: 254, 192: 16, 193: 30, 194: 268, 195: 324, 196: 86, 197: 86, 198: 324, 199: 484, 200: 722}
Number of lables used:  12
Time taken: 3.09 seconds

Trying to find better solution with at most 11 labels...
[runlim] sample:		10.00 time, 10.01 real, 87 MB, 1.02 load
[runlim] sample:		19.99 time, 20.01 real, 98 MB, 1.01 load
[runlim] sample:		29.99 time, 30.01 real, 95 MB, 1.09 load
[runlim] sample:		39.99 time, 40.01 real, 95 MB, 1.08 load
Cannot find solution.
Optimal solution found with 12 labels.
Total time: 40.20 seconds
[runlim] end:			Mon Mar 23 19:24:45 2026
[runlim] status:		ok
[runlim] result:		0
[runlim] children:		1
[runlim] processes:		2
[runlim] real:			40.25 seconds
[runlim] time:			40.19 seconds
[runlim] space:			98 MB
[runlim] load:			1.09 maximum
[runlim] samples:		403
