[runlim] version:		2.0.0rc12
[runlim] host:			ap-Precision-7550
[runlim] time limit:		311040000 seconds
[runlim] real time limit:	600 seconds
[runlim] space limit:		14000 MB
[runlim] argv[0]:		python3
[runlim] argv[1]:		-u
[runlim] argv[2]:		mip.py
[runlim] argv[3]:		graph03
[runlim] start:			Wed Mar 25 00:20:59 2026
[runlim] child:			66954
--- Building MIP model for 200 variables ---
--- Solving with CPLEX MIP ---
Version identifier: 22.1.1.0 | 2022-11-28 | 9160aff4d
CPXPARAM_Read_DataCheck                          1
CPXPARAM_MIP_Tolerances_MIPGap                   0
Legacy callback                                  i
Tried aggregator 1 time.
MIP Presolve eliminated 438553 rows and 11 columns.
MIP Presolve modified 26214 coefficients.
Reduced MIP has 29182 rows, 7565 columns, and 502100 nonzeros.
Reduced MIP has 7565 binaries, 0 generals, 0 SOSs, and 0 indicators.
Presolve time = 2.61 sec. (3527.07 ticks)
Probing fixed 156 vars, tightened 0 bounds.
Probing changed sense of 3745 constraints.
Probing time = 0.06 sec. (28.45 ticks)
Tried aggregator 2 times.
MIP Presolve eliminated 6818 rows and 3839 columns.
MIP Presolve modified 6311 coefficients.
Aggregator did 2 substitutions.
Reduced MIP has 22358 rows, 3722 columns, and 514174 nonzeros.
Reduced MIP has 3722 binaries, 0 generals, 0 SOSs, and 0 indicators.
Presolve time = 1.52 sec. (2683.09 ticks)
Probing fixed 28 vars, tightened 0 bounds.
Probing changed sense of 6 constraints.
Probing time = 0.03 sec. (13.34 ticks)
Cover probing fixed 5 vars, tightened 0 bounds.
Tried aggregator 1 time.
Detecting symmetries...
MIP Presolve eliminated 65 rows and 42 columns.
MIP Presolve modified 3421 coefficients.
Reduced MIP has 22088 rows, 3680 columns, and 506390 nonzeros.
Reduced MIP has 3680 binaries, 0 generals, 0 SOSs, and 0 indicators.
Presolve time = 0.49 sec. (722.30 ticks)
Probing fixed 14 vars, tightened 0 bounds.
Probing changed sense of 2 constraints.
Probing time = 0.03 sec. (14.28 ticks)
Clique table members: 25959.
MIP emphasis: balance optimality and feasibility.
MIP search method: dynamic search.
Parallel mode: deterministic, using up to 12 threads.
[runlim] sample:		28.29 time, 10.01 real, 364 MB, 2.58 load
Root relaxation solution time = 3.03 sec. (1825.03 ticks)

        Nodes                                         Cuts/
   Node  Left     Objective  IInf  Best Integer    Best Bound    ItCnt     Gap

*     0+    0                           44.0000        0.0000           100.00%
*     0+    0                           42.0000        0.0000           100.00%
*     0+    0                           40.0000        0.0000           100.00%
*     0+    0                           38.0000        0.0000           100.00%
*     0+    0                           36.0000        0.0000           100.00%
*     0+    0                           34.0000        0.0000           100.00%
      0     0       12.0000   836       34.0000       12.0000       22   64.71%

Num labels used: 34
Current incumbent solution: {16, 30, 44, 58, 72, 86, 100, 114, 128, 142, 254, 268, 282, 296, 310, 324, 338, 352, 366, 380, 428, 442, 484, 512, 526, 540, 554, 666, 680, 722, 750, 764, 778, 792}}
Time taken: 10.43s

Num labels used: 34
Current incumbent solution: {16, 30, 44, 58, 72, 86, 100, 114, 128, 142, 254, 268, 282, 296, 310, 324, 338, 352, 366, 380, 428, 442, 484, 512, 526, 540, 554, 666, 680, 722, 750, 764, 778, 792}}
Time taken: 10.43s
[runlim] sample:		48.26 time, 20.01 real, 438 MB, 2.49 load
[runlim] sample:		68.25 time, 30.01 real, 444 MB, 2.58 load
[runlim] sample:		88.26 time, 40.01 real, 462 MB, 2.49 load
[runlim] sample:		108.25 time, 50.01 real, 462 MB, 2.41 load
[runlim] sample:		128.25 time, 60.01 real, 462 MB, 2.35 load
[runlim] sample:		148.24 time, 70.01 real, 462 MB, 2.29 load
[runlim] sample:		168.24 time, 80.01 real, 462 MB, 2.25 load
[runlim] sample:		188.23 time, 90.01 real, 462 MB, 2.21 load
[runlim] sample:		208.23 time, 100.01 real, 462 MB, 2.25 load
[runlim] sample:		228.22 time, 110.01 real, 462 MB, 2.29 load
[runlim] sample:		248.22 time, 120.01 real, 462 MB, 2.32 load
[runlim] sample:		268.21 time, 130.01 real, 462 MB, 2.27 load
[runlim] sample:		288.21 time, 140.01 real, 462 MB, 2.23 load
[runlim] sample:		308.21 time, 150.01 real, 462 MB, 2.19 load
[runlim] sample:		328.20 time, 160.01 real, 462 MB, 2.24 load
[runlim] sample:		348.20 time, 170.01 real, 462 MB, 2.20 load
[runlim] sample:		368.19 time, 180.01 real, 462 MB, 2.24 load
[runlim] sample:		388.19 time, 190.01 real, 462 MB, 2.21 load
[runlim] sample:		408.19 time, 200.01 real, 462 MB, 2.25 load
[runlim] sample:		428.18 time, 210.01 real, 462 MB, 2.21 load
[runlim] sample:		448.18 time, 220.01 real, 462 MB, 2.25 load
[runlim] sample:		468.18 time, 230.01 real, 462 MB, 2.21 load
[runlim] sample:		488.17 time, 240.01 real, 462 MB, 2.25 load
*     0+    0                           32.0000       12.0000            62.50%

Num labels used: 32
Current incumbent solution: {16, 30, 44, 58, 72, 86, 100, 114, 128, 142, 254, 268, 282, 296, 310, 324, 338, 352, 366, 380, 428, 442, 484, 512, 540, 554, 666, 680, 722, 750, 778, 792}}
Time taken: 245.53s
      0     0       12.0000  1312       32.0000     Cuts: 301    91154   62.50%

Num labels used: 32
Current incumbent solution: {16, 30, 44, 58, 72, 86, 100, 114, 128, 142, 254, 268, 282, 296, 310, 324, 338, 352, 366, 380, 428, 442, 484, 512, 540, 554, 666, 680, 722, 750, 778, 792}}
Time taken: 245.55s
[runlim] sample:		508.17 time, 250.01 real, 462 MB, 2.29 load
[runlim] sample:		528.16 time, 260.01 real, 467 MB, 2.25 load
[runlim] sample:		548.16 time, 270.01 real, 467 MB, 2.28 load
[runlim] sample:		568.15 time, 280.01 real, 467 MB, 2.24 load
[runlim] sample:		588.15 time, 290.01 real, 467 MB, 2.20 load
[runlim] sample:		608.14 time, 300.01 real, 467 MB, 2.17 load
[runlim] sample:		628.14 time, 310.01 real, 467 MB, 2.14 load
[runlim] sample:		648.14 time, 320.01 real, 467 MB, 2.12 load
[runlim] sample:		668.13 time, 330.01 real, 467 MB, 2.10 load
[runlim] sample:		688.12 time, 340.01 real, 467 MB, 2.09 load
[runlim] sample:		708.11 time, 350.01 real, 467 MB, 2.07 load
[runlim] sample:		728.11 time, 360.01 real, 467 MB, 2.06 load
[runlim] sample:		748.10 time, 370.01 real, 467 MB, 2.05 load
[runlim] sample:		768.10 time, 380.01 real, 467 MB, 2.04 load
[runlim] sample:		788.10 time, 390.01 real, 467 MB, 2.04 load
[runlim] sample:		808.09 time, 400.01 real, 467 MB, 2.03 load
[runlim] sample:		828.09 time, 410.01 real, 467 MB, 2.02 load
[runlim] sample:		848.08 time, 420.01 real, 467 MB, 2.02 load
[runlim] sample:		868.08 time, 430.01 real, 467 MB, 2.02 load
[runlim] sample:		888.08 time, 440.01 real, 467 MB, 2.01 load

Num labels used: 32
Current incumbent solution: {16, 30, 44, 58, 72, 86, 100, 114, 128, 142, 254, 268, 282, 296, 310, 324, 338, 352, 366, 380, 428, 442, 484, 512, 540, 554, 666, 680, 722, 750, 778, 792}}
Time taken: 440.65s
      0     0       12.0000  1292       32.0000     Cuts: 380   172898   62.50%

Num labels used: 32
Current incumbent solution: {16, 30, 44, 58, 72, 86, 100, 114, 128, 142, 254, 268, 282, 296, 310, 324, 338, 352, 366, 380, 428, 442, 484, 512, 540, 554, 666, 680, 722, 750, 778, 792}}
Time taken: 440.67s
[runlim] sample:		908.07 time, 450.01 real, 467 MB, 2.01 load
[runlim] sample:		928.07 time, 460.01 real, 467 MB, 2.01 load
[runlim] sample:		948.06 time, 470.01 real, 467 MB, 2.01 load
[runlim] sample:		968.06 time, 480.01 real, 467 MB, 2.01 load
[runlim] sample:		988.05 time, 490.01 real, 467 MB, 2.00 load
[runlim] sample:		1008.05 time, 500.01 real, 467 MB, 2.00 load
[runlim] sample:		1028.05 time, 510.01 real, 467 MB, 2.08 load
[runlim] sample:		1048.04 time, 520.01 real, 467 MB, 2.07 load
[runlim] sample:		1068.04 time, 530.01 real, 467 MB, 2.06 load
[runlim] sample:		1088.03 time, 540.01 real, 467 MB, 2.05 load
[runlim] sample:		1108.03 time, 550.01 real, 467 MB, 2.04 load
[runlim] sample:		1128.03 time, 560.01 real, 467 MB, 2.03 load
[runlim] sample:		1148.03 time, 570.01 real, 467 MB, 2.03 load
[runlim] sample:		1168.02 time, 580.01 real, 467 MB, 2.02 load
[runlim] sample:		1188.02 time, 590.01 real, 467 MB, 2.02 load
[runlim] sample:		1208.02 time, 600.01 real, 467 MB, 2.02 load
[runlim] end:			Wed Mar 25 00:31:00 2026
[runlim] status:		out of time
[runlim] result:		2
[runlim] children:		1
[runlim] processes:		2
[runlim] real:			601.06 seconds
[runlim] time:			1208.02 seconds
[runlim] space:			467 MB
[runlim] load:			2.58 maximum
[runlim] samples:		6000
