[runlim] version:		2.0.0rc12
[runlim] host:			ap-Precision-7550
[runlim] time limit:		311040000 seconds
[runlim] real time limit:	600 seconds
[runlim] space limit:		14000 MB
[runlim] argv[0]:		python3
[runlim] argv[1]:		-u
[runlim] argv[2]:		mip.py
[runlim] argv[3]:		graph13
[runlim] start:			Wed Mar 25 00:51:07 2026
[runlim] child:			67145
--- Building MIP model for 916 variables ---
--- Solving with CPLEX MIP ---
Version identifier: 22.1.1.0 | 2022-11-28 | 9160aff4d
CPXPARAM_Read_DataCheck                          1
CPXPARAM_MIP_Tolerances_MIPGap                   0
Legacy callback                                  i
Infeasibility row 'c33':  0  = 1.
Presolve time = 0.22 sec. (127.62 ticks)

Root node processing (before b&c):
  Real time             =    0.33 sec. (230.30 ticks)
Parallel b&c, 12 threads:
  Real time             =    0.00 sec. (0.00 ticks)
  Sync time (average)   =    0.00 sec.
  Wait time (average)   =    0.00 sec.
                          ------------
Total (root+branch&cut) =    0.33 sec. (230.30 ticks)
CPLEX Error  1217: No solution exists.
No solution found or the problem is infeasible.
Total time: 4.53s
Memory used: 103.51 MB
==============================
[runlim] end:			Wed Mar 25 00:51:11 2026
[runlim] status:		ok
[runlim] result:		0
[runlim] children:		1
[runlim] processes:		2
[runlim] real:			4.58 seconds
[runlim] time:			4.50 seconds
[runlim] space:			428 MB
[runlim] load:			2.77 maximum
[runlim] samples:		46
