[runlim] version:		2.0.0rc12
[runlim] host:			ap-Precision-7550
[runlim] time limit:		311040000 seconds
[runlim] real time limit:	600 seconds
[runlim] space limit:		14000 MB
[runlim] argv[0]:		python3
[runlim] argv[1]:		-u
[runlim] argv[2]:		mip.py
[runlim] argv[3]:		graph05
[runlim] start:			Wed Mar 25 00:41:01 2026
[runlim] child:			67046
Warning: variable 181 has no valid labels after preprocessing.
Cannot find solution!
Time taken: 0.04 seconds
Memory used: 18.89 MB
[runlim] end:			Wed Mar 25 00:41:01 2026
[runlim] status:		ok
[runlim] result:		0
[runlim] children:		0
[runlim] processes:		0
[runlim] real:			0.09 seconds
[runlim] time:			0.00 seconds
[runlim] space:			0 MB
[runlim] load:			2.02 maximum
[runlim] samples:		1
