[runlim] version:		2.0.0rc12
[runlim] host:			ap-Precision-7550
[runlim] time limit:		311040000 seconds
[runlim] real time limit:	600 seconds
[runlim] space limit:		14000 MB
[runlim] argv[0]:		python3
[runlim] argv[1]:		-u
[runlim] argv[2]:		mip.py
[runlim] argv[3]:		graph08
[runlim] start:			Tue Mar 24 05:13:52 2026
[runlim] child:			19389
Building MIP model...
[runlim] sample:		9.99 time, 10.01 real, 36 MB, 1.93 load
[runlim] sample:		19.99 time, 20.01 real, 37 MB, 1.79 load
[runlim] sample:		29.99 time, 30.01 real, 39 MB, 1.66 load
[runlim] sample:		39.98 time, 40.01 real, 40 MB, 1.56 load
[runlim] sample:		49.98 time, 50.01 real, 43 MB, 1.47 load
[runlim] sample:		59.98 time, 60.01 real, 44 MB, 1.40 load
[runlim] sample:		69.97 time, 70.01 real, 44 MB, 1.34 load
[runlim] sample:		79.97 time, 80.01 real, 46 MB, 1.29 load
[runlim] sample:		89.97 time, 90.01 real, 46 MB, 1.24 load
[runlim] sample:		99.96 time, 100.01 real, 48 MB, 1.20 load
[runlim] sample:		109.96 time, 110.01 real, 49 MB, 1.17 load
[runlim] sample:		119.95 time, 120.01 real, 51 MB, 1.15 load
[runlim] sample:		129.95 time, 130.01 real, 51 MB, 1.12 load
Build time: 132.67s
Solving MIP (minimizing number of labels)...
Version identifier: 22.1.1.0 | 2022-11-28 | 9160aff4d
CPXPARAM_Read_DataCheck                          1
Legacy callback                                  i
Tried aggregator 1 time.
MIP Presolve eliminated 334626 rows and 0 columns.
MIP Presolve modified 75322 coefficients.
Reduced MIP has 89245 rows, 25676 columns, and 537289 nonzeros.
Reduced MIP has 25676 binaries, 0 generals, 0 SOSs, and 0 indicators.
Presolve time = 1.92 sec. (1603.35 ticks)
Probing fixed 10 vars, tightened 0 bounds.
Probing changed sense of 12810 constraints.
Probing time = 0.15 sec. (37.26 ticks)
Tried aggregator 1 time.
MIP Presolve eliminated 28766 rows and 12819 columns.
MIP Presolve modified 49877 coefficients.
Reduced MIP has 60479 rows, 12857 columns, and 600301 nonzeros.
Reduced MIP has 12857 binaries, 0 generals, 0 SOSs, and 0 indicators.
Presolve time = 2.39 sec. (2092.37 ticks)
Probing time = 0.03 sec. (5.42 ticks)
Tried aggregator 1 time.
Detecting symmetries...
Reduced MIP has 60479 rows, 12857 columns, and 600301 nonzeros.
Reduced MIP has 12857 binaries, 0 generals, 0 SOSs, and 0 indicators.
Presolve time = 0.88 sec. (802.10 ticks)
Probing time = 0.02 sec. (5.37 ticks)
Clique table members: 64451.
MIP emphasis: balance optimality and feasibility.
MIP search method: dynamic search.
Parallel mode: deterministic, using up to 12 threads.
[runlim] sample:		148.58 time, 140.01 real, 561 MB, 1.26 load
[runlim] sample:		227.13 time, 150.01 real, 617 MB, 2.40 load
[runlim] sample:		257.12 time, 160.01 real, 617 MB, 2.65 load
Root relaxation solution time = 27.19 sec. (11513.84 ticks)

        Nodes                                         Cuts/
   Node  Left     Objective  IInf  Best Integer    Best Bound    ItCnt     Gap

*     0+    0                           26.0000        0.0000           100.00%
*     0+    0                           24.0000        0.0000           100.00%
*     0+    0                           22.0000        0.0000           100.00%
      0     0       18.0000  1694       22.0000       18.0000       15   18.18%

========== NEW INCUMBENT SOLUTION ==========
{1: 114, 2: 352, 3: 456, 4: 694, 5: 554, 6: 792, 7: 114, 8: 352, 9: 254, 10: 16, 11: 478, 12: 240, 13: 170, 14: 408, 15: 512, 16: 750, 17: 792, 18: 554, 19: 414, 20: 652, 21: 652, 22: 414, 23: 156, 24: 394, 25: 254, 26: 16, 27: 254, 28: 16, 29: 750, 30: 512, 31: 652, 32: 414, 33: 512, 34: 750, 35: 114, 36: 352, 37: 240, 38: 478, 39: 16, 40: 254, 41: 352, 42: 114, 43: 394, 44: 156, 45: 512, 46: 750, 47: 414, 48: 652, 49: 310, 50: 72, 51: 478, 52: 240, 53: 282, 54: 44, 55: 114, 56: 352, 57: 114, 58: 352, 59: 512, 60: 750, 61: 16, 62: 254, 63: 72, 64: 310, 65: 156, 66: 394, 67: 16, 68: 254, 69: 394, 70: 156, 71: 512, 72: 750, 73: 156, 74: 394, 75: 156, 76: 394, 77: 16, 78: 254, 79: 254, 80: 16, 81: 394, 82: 156, 83: 254, 84: 16, 85: 512, 86: 750, 87: 456, 88: 694, 89: 16, 90: 254, 91: 512, 92: 750, 93: 310, 94: 72, 95: 456, 96: 694, 97: 652, 98: 414, 99: 254, 100: 16, 101: 156, 102: 394, 103: 156, 104: 394, 105: 156, 106: 394, 107: 16, 108: 254, 109: 694, 110: 456, 111: 694, 112: 456, 113: 456, 114: 694, 115: 254, 116: 16, 117: 240, 118: 478, 119: 512, 120: 750, 121: 512, 122: 750, 123: 156, 124: 394, 125: 456, 126: 694, 127: 456, 128: 694, 129: 170, 130: 408, 131: 456, 132: 694, 133: 254, 134: 16, 135: 750, 136: 512, 137: 408, 138: 170, 139: 512, 140: 750, 141: 352, 142: 114, 143: 792, 144: 554, 145: 792, 146: 554, 147: 750, 148: 512, 149: 792, 150: 554, 151: 456, 152: 694, 153: 554, 154: 792, 155: 694, 156: 456, 157: 16, 158: 254, 159: 156, 160: 394, 161: 512, 162: 750, 163: 254, 164: 16, 165: 554, 166: 792, 167: 114, 168: 352, 169: 156, 170: 394, 171: 750, 172: 512, 173: 554, 174: 792, 175: 512, 176: 750, 177: 512, 178: 750, 179: 512, 180: 750, 181: 394, 182: 156, 183: 254, 184: 16, 185: 652, 186: 414, 187: 512, 188: 750, 189: 512, 190: 750, 191: 512, 192: 750, 193: 254, 194: 16, 195: 310, 196: 72, 197: 156, 198: 394, 199: 156, 200: 394, 201: 792, 202: 554, 203: 750, 204: 512, 205: 414, 206: 652, 207: 512, 208: 750, 209: 156, 210: 394, 211: 750, 212: 512, 213: 414, 214: 652, 215: 694, 216: 456, 217: 652, 218: 414, 219: 750, 220: 512, 221: 456, 222: 694, 223: 156, 224: 394, 225: 652, 226: 414, 227: 394, 228: 156, 229: 456, 230: 694, 231: 156, 232: 394, 233: 72, 234: 310, 235: 156, 236: 394, 237: 694, 238: 456, 239: 394, 240: 156, 241: 456, 242: 694, 243: 16, 244: 254, 245: 792, 246: 554, 247: 394, 248: 156, 249: 394, 250: 156, 251: 254, 252: 16, 253: 170, 254: 408, 255: 16, 256: 254, 257: 792, 258: 554, 259: 694, 260: 456, 261: 282, 262: 44, 263: 394, 264: 156, 265: 456, 266: 694, 267: 750, 268: 512, 269: 156, 270: 394, 271: 750, 272: 512, 273: 16, 274: 254, 275: 16, 276: 254, 277: 114, 278: 352, 279: 114, 280: 352, 281: 512, 282: 750, 283: 750, 284: 512, 285: 254, 286: 16, 287: 414, 288: 652, 289: 456, 290: 694, 291: 156, 292: 394, 293: 512, 294: 750, 295: 156, 296: 394, 297: 554, 298: 792, 299: 156, 300: 394, 301: 414, 302: 652, 303: 16, 304: 254, 305: 16, 306: 254, 307: 16, 308: 254, 309: 792, 310: 554, 311: 512, 312: 750, 313: 478, 314: 240, 315: 512, 316: 750, 317: 16, 318: 254, 319: 408, 320: 170, 321: 414, 322: 652, 323: 254, 324: 16, 325: 512, 326: 750, 327: 394, 328: 156, 329: 16, 330: 254, 331: 240, 332: 478, 333: 156, 334: 394, 335: 114, 336: 352, 337: 478, 338: 240, 339: 512, 340: 750, 341: 254, 342: 16, 343: 478, 344: 240, 345: 114, 346: 352, 347: 512, 348: 750, 349: 652, 350: 414, 351: 254, 352: 16, 353: 414, 354: 652, 355: 414, 356: 652, 357: 750, 358: 512, 359: 478, 360: 240, 361: 512, 362: 750, 363: 750, 364: 512, 365: 792, 366: 554, 367: 512, 368: 750, 369: 512, 370: 750, 371: 478, 372: 240, 373: 478, 374: 240, 375: 394, 376: 156, 377: 750, 378: 512, 379: 456, 380: 694, 381: 456, 382: 694, 383: 254, 384: 16, 385: 512, 386: 750, 387: 652, 388: 414, 389: 16, 390: 254, 391: 750, 392: 512, 393: 16, 394: 254, 395: 16, 396: 254, 397: 456, 398: 694, 399: 72, 400: 310, 401: 16, 402: 254, 403: 44, 404: 282, 405: 512, 406: 750, 407: 156, 408: 394, 409: 114, 410: 352, 411: 16, 412: 254, 413: 456, 414: 694, 415: 156, 416: 394, 417: 156, 418: 394, 419: 694, 420: 456, 421: 240, 422: 478, 423: 310, 424: 72, 425: 512, 426: 750, 427: 512, 428: 750, 429: 156, 430: 394, 431: 156, 432: 394, 433: 72, 434: 310, 435: 254, 436: 16, 437: 254, 438: 16, 439: 156, 440: 394, 441: 512, 442: 750, 443: 694, 444: 456, 445: 44, 446: 282, 447: 394, 448: 156, 449: 310, 450: 72, 451: 156, 452: 394, 453: 554, 454: 792, 455: 456, 456: 694, 457: 694, 458: 456, 459: 156, 460: 394, 461: 512, 462: 750, 463: 254, 464: 16, 465: 750, 466: 512, 467: 156, 468: 394, 469: 254, 470: 16, 471: 512, 472: 750, 473: 240, 474: 478, 475: 352, 476: 114, 477: 240, 478: 478, 479: 156, 480: 394, 481: 554, 482: 792, 483: 156, 484: 394, 485: 750, 486: 512, 487: 512, 488: 750, 489: 694, 490: 456, 491: 114, 492: 352, 493: 512, 494: 750, 495: 554, 496: 792, 497: 694, 498: 456, 499: 652, 500: 414, 501: 394, 502: 156, 503: 554, 504: 792, 505: 554, 506: 792, 507: 254, 508: 16, 509: 414, 510: 652, 511: 652, 512: 414, 513: 512, 514: 750, 515: 254, 516: 16, 517: 456, 518: 694, 519: 156, 520: 394, 521: 456, 522: 694, 523: 156, 524: 394, 525: 310, 526: 72, 527: 44, 528: 282, 529: 792, 530: 554, 531: 394, 532: 156, 533: 170, 534: 408, 535: 156, 536: 394, 537: 254, 538: 16, 539: 156, 540: 394, 541: 310, 542: 72, 543: 694, 544: 456, 545: 114, 546: 352, 547: 16, 548: 254, 549: 414, 550: 652, 551: 156, 552: 394, 553: 156, 554: 394, 555: 394, 556: 156, 557: 750, 558: 512, 559: 114, 560: 352, 561: 16, 562: 254, 563: 114, 564: 352, 565: 652, 566: 414, 567: 156, 568: 394, 569: 310, 570: 72, 571: 156, 572: 394, 573: 16, 574: 254, 575: 156, 576: 394, 577: 554, 578: 792, 579: 512, 580: 750, 581: 282, 582: 44, 583: 554, 584: 792, 585: 512, 586: 750, 587: 478, 588: 240, 589: 72, 590: 310, 591: 792, 592: 554, 593: 694, 594: 456, 595: 792, 596: 554, 597: 16, 598: 254, 599: 72, 600: 310, 601: 792, 602: 554, 603: 352, 604: 114, 605: 512, 606: 750, 607: 156, 608: 394, 609: 512, 610: 750, 611: 114, 612: 352, 613: 456, 614: 694, 615: 478, 616: 240, 617: 478, 618: 240, 619: 750, 620: 512, 621: 750, 622: 512, 623: 554, 624: 792, 625: 240, 626: 478, 627: 16, 628: 254, 629: 114, 630: 352, 631: 792, 632: 554, 633: 512, 634: 750, 635: 456, 636: 694, 637: 792, 638: 554, 639: 750, 640: 512, 641: 254, 642: 16, 643: 282, 644: 44, 645: 156, 646: 394, 647: 512, 648: 750, 649: 554, 650: 792, 651: 512, 652: 750, 653: 652, 654: 414, 655: 114, 656: 352, 657: 512, 658: 750, 659: 352, 660: 114, 661: 456, 662: 694, 663: 114, 664: 352, 665: 512, 666: 750, 667: 694, 668: 456, 669: 414, 670: 652, 671: 16, 672: 254, 673: 512, 674: 750, 675: 792, 676: 554, 677: 694, 678: 456, 679: 72, 680: 310}
Number of labels used: 22
Total time: 166.76 sec
Memory: 584.44 MB
=============================================

========== NEW INCUMBENT SOLUTION ==========
{1: 114, 2: 352, 3: 456, 4: 694, 5: 554, 6: 792, 7: 114, 8: 352, 9: 254, 10: 16, 11: 478, 12: 240, 13: 170, 14: 408, 15: 512, 16: 750, 17: 792, 18: 554, 19: 414, 20: 652, 21: 652, 22: 414, 23: 156, 24: 394, 25: 254, 26: 16, 27: 254, 28: 16, 29: 750, 30: 512, 31: 652, 32: 414, 33: 512, 34: 750, 35: 114, 36: 352, 37: 240, 38: 478, 39: 16, 40: 254, 41: 352, 42: 114, 43: 394, 44: 156, 45: 512, 46: 750, 47: 414, 48: 652, 49: 310, 50: 72, 51: 478, 52: 240, 53: 282, 54: 44, 55: 114, 56: 352, 57: 114, 58: 352, 59: 512, 60: 750, 61: 16, 62: 254, 63: 72, 64: 310, 65: 156, 66: 394, 67: 16, 68: 254, 69: 394, 70: 156, 71: 512, 72: 750, 73: 156, 74: 394, 75: 156, 76: 394, 77: 16, 78: 254, 79: 254, 80: 16, 81: 394, 82: 156, 83: 254, 84: 16, 85: 512, 86: 750, 87: 456, 88: 694, 89: 16, 90: 254, 91: 512, 92: 750, 93: 310, 94: 72, 95: 456, 96: 694, 97: 652, 98: 414, 99: 254, 100: 16, 101: 156, 102: 394, 103: 156, 104: 394, 105: 156, 106: 394, 107: 16, 108: 254, 109: 694, 110: 456, 111: 694, 112: 456, 113: 456, 114: 694, 115: 254, 116: 16, 117: 240, 118: 478, 119: 512, 120: 750, 121: 512, 122: 750, 123: 156, 124: 394, 125: 456, 126: 694, 127: 456, 128: 694, 129: 170, 130: 408, 131: 456, 132: 694, 133: 254, 134: 16, 135: 750, 136: 512, 137: 408, 138: 170, 139: 512, 140: 750, 141: 352, 142: 114, 143: 792, 144: 554, 145: 792, 146: 554, 147: 750, 148: 512, 149: 792, 150: 554, 151: 456, 152: 694, 153: 554, 154: 792, 155: 694, 156: 456, 157: 16, 158: 254, 159: 156, 160: 394, 161: 512, 162: 750, 163: 254, 164: 16, 165: 554, 166: 792, 167: 114, 168: 352, 169: 156, 170: 394, 171: 750, 172: 512, 173: 554, 174: 792, 175: 512, 176: 750, 177: 512, 178: 750, 179: 512, 180: 750, 181: 394, 182: 156, 183: 254, 184: 16, 185: 652, 186: 414, 187: 512, 188: 750, 189: 512, 190: 750, 191: 512, 192: 750, 193: 254, 194: 16, 195: 310, 196: 72, 197: 156, 198: 394, 199: 156, 200: 394, 201: 792, 202: 554, 203: 750, 204: 512, 205: 414, 206: 652, 207: 512, 208: 750, 209: 156, 210: 394, 211: 750, 212: 512, 213: 414, 214: 652, 215: 694, 216: 456, 217: 652, 218: 414, 219: 750, 220: 512, 221: 456, 222: 694, 223: 156, 224: 394, 225: 652, 226: 414, 227: 394, 228: 156, 229: 456, 230: 694, 231: 156, 232: 394, 233: 72, 234: 310, 235: 156, 236: 394, 237: 694, 238: 456, 239: 394, 240: 156, 241: 456, 242: 694, 243: 16, 244: 254, 245: 792, 246: 554, 247: 394, 248: 156, 249: 394, 250: 156, 251: 254, 252: 16, 253: 170, 254: 408, 255: 16, 256: 254, 257: 792, 258: 554, 259: 694, 260: 456, 261: 282, 262: 44, 263: 394, 264: 156, 265: 456, 266: 694, 267: 750, 268: 512, 269: 156, 270: 394, 271: 750, 272: 512, 273: 16, 274: 254, 275: 16, 276: 254, 277: 114, 278: 352, 279: 114, 280: 352, 281: 512, 282: 750, 283: 750, 284: 512, 285: 254, 286: 16, 287: 414, 288: 652, 289: 456, 290: 694, 291: 156, 292: 394, 293: 512, 294: 750, 295: 156, 296: 394, 297: 554, 298: 792, 299: 156, 300: 394, 301: 414, 302: 652, 303: 16, 304: 254, 305: 16, 306: 254, 307: 16, 308: 254, 309: 792, 310: 554, 311: 512, 312: 750, 313: 478, 314: 240, 315: 512, 316: 750, 317: 16, 318: 254, 319: 408, 320: 170, 321: 414, 322: 652, 323: 254, 324: 16, 325: 512, 326: 750, 327: 394, 328: 156, 329: 16, 330: 254, 331: 240, 332: 478, 333: 156, 334: 394, 335: 114, 336: 352, 337: 478, 338: 240, 339: 512, 340: 750, 341: 254, 342: 16, 343: 478, 344: 240, 345: 114, 346: 352, 347: 512, 348: 750, 349: 652, 350: 414, 351: 254, 352: 16, 353: 414, 354: 652, 355: 414, 356: 652, 357: 750, 358: 512, 359: 478, 360: 240, 361: 512, 362: 750, 363: 750, 364: 512, 365: 792, 366: 554, 367: 512, 368: 750, 369: 512, 370: 750, 371: 478, 372: 240, 373: 478, 374: 240, 375: 394, 376: 156, 377: 750, 378: 512, 379: 456, 380: 694, 381: 456, 382: 694, 383: 254, 384: 16, 385: 512, 386: 750, 387: 652, 388: 414, 389: 16, 390: 254, 391: 750, 392: 512, 393: 16, 394: 254, 395: 16, 396: 254, 397: 456, 398: 694, 399: 72, 400: 310, 401: 16, 402: 254, 403: 44, 404: 282, 405: 512, 406: 750, 407: 156, 408: 394, 409: 114, 410: 352, 411: 16, 412: 254, 413: 456, 414: 694, 415: 156, 416: 394, 417: 156, 418: 394, 419: 694, 420: 456, 421: 240, 422: 478, 423: 310, 424: 72, 425: 512, 426: 750, 427: 512, 428: 750, 429: 156, 430: 394, 431: 156, 432: 394, 433: 72, 434: 310, 435: 254, 436: 16, 437: 254, 438: 16, 439: 156, 440: 394, 441: 512, 442: 750, 443: 694, 444: 456, 445: 44, 446: 282, 447: 394, 448: 156, 449: 310, 450: 72, 451: 156, 452: 394, 453: 554, 454: 792, 455: 456, 456: 694, 457: 694, 458: 456, 459: 156, 460: 394, 461: 512, 462: 750, 463: 254, 464: 16, 465: 750, 466: 512, 467: 156, 468: 394, 469: 254, 470: 16, 471: 512, 472: 750, 473: 240, 474: 478, 475: 352, 476: 114, 477: 240, 478: 478, 479: 156, 480: 394, 481: 554, 482: 792, 483: 156, 484: 394, 485: 750, 486: 512, 487: 512, 488: 750, 489: 694, 490: 456, 491: 114, 492: 352, 493: 512, 494: 750, 495: 554, 496: 792, 497: 694, 498: 456, 499: 652, 500: 414, 501: 394, 502: 156, 503: 554, 504: 792, 505: 554, 506: 792, 507: 254, 508: 16, 509: 414, 510: 652, 511: 652, 512: 414, 513: 512, 514: 750, 515: 254, 516: 16, 517: 456, 518: 694, 519: 156, 520: 394, 521: 456, 522: 694, 523: 156, 524: 394, 525: 310, 526: 72, 527: 44, 528: 282, 529: 792, 530: 554, 531: 394, 532: 156, 533: 170, 534: 408, 535: 156, 536: 394, 537: 254, 538: 16, 539: 156, 540: 394, 541: 310, 542: 72, 543: 694, 544: 456, 545: 114, 546: 352, 547: 16, 548: 254, 549: 414, 550: 652, 551: 156, 552: 394, 553: 156, 554: 394, 555: 394, 556: 156, 557: 750, 558: 512, 559: 114, 560: 352, 561: 16, 562: 254, 563: 114, 564: 352, 565: 652, 566: 414, 567: 156, 568: 394, 569: 310, 570: 72, 571: 156, 572: 394, 573: 16, 574: 254, 575: 156, 576: 394, 577: 554, 578: 792, 579: 512, 580: 750, 581: 282, 582: 44, 583: 554, 584: 792, 585: 512, 586: 750, 587: 478, 588: 240, 589: 72, 590: 310, 591: 792, 592: 554, 593: 694, 594: 456, 595: 792, 596: 554, 597: 16, 598: 254, 599: 72, 600: 310, 601: 792, 602: 554, 603: 352, 604: 114, 605: 512, 606: 750, 607: 156, 608: 394, 609: 512, 610: 750, 611: 114, 612: 352, 613: 456, 614: 694, 615: 478, 616: 240, 617: 478, 618: 240, 619: 750, 620: 512, 621: 750, 622: 512, 623: 554, 624: 792, 625: 240, 626: 478, 627: 16, 628: 254, 629: 114, 630: 352, 631: 792, 632: 554, 633: 512, 634: 750, 635: 456, 636: 694, 637: 792, 638: 554, 639: 750, 640: 512, 641: 254, 642: 16, 643: 282, 644: 44, 645: 156, 646: 394, 647: 512, 648: 750, 649: 554, 650: 792, 651: 512, 652: 750, 653: 652, 654: 414, 655: 114, 656: 352, 657: 512, 658: 750, 659: 352, 660: 114, 661: 456, 662: 694, 663: 114, 664: 352, 665: 512, 666: 750, 667: 694, 668: 456, 669: 414, 670: 652, 671: 16, 672: 254, 673: 512, 674: 750, 675: 792, 676: 554, 677: 694, 678: 456, 679: 72, 680: 310}
Number of labels used: 22
Total time: 166.77 sec
Memory: 587.17 MB
=============================================
[runlim] sample:		280.53 time, 170.01 real, 647 MB, 2.54 load
[runlim] sample:		300.53 time, 180.01 real, 705 MB, 2.46 load
[runlim] sample:		320.53 time, 190.01 real, 707 MB, 2.39 load
[runlim] sample:		340.52 time, 200.01 real, 713 MB, 2.33 load
[runlim] sample:		360.51 time, 210.01 real, 721 MB, 2.28 load
[runlim] sample:		380.51 time, 220.01 real, 722 MB, 2.23 load
[runlim] sample:		400.51 time, 230.01 real, 723 MB, 2.20 load
[runlim] sample:		420.50 time, 240.01 real, 723 MB, 2.17 load
[runlim] sample:		440.50 time, 250.01 real, 724 MB, 2.14 load
[runlim] sample:		460.49 time, 260.01 real, 724 MB, 2.12 load
[runlim] sample:		480.49 time, 270.01 real, 724 MB, 2.10 load
[runlim] sample:		500.49 time, 280.01 real, 724 MB, 2.08 load
[runlim] sample:		520.48 time, 290.01 real, 724 MB, 2.07 load
[runlim] sample:		540.48 time, 300.01 real, 724 MB, 2.06 load
[runlim] sample:		560.48 time, 310.01 real, 752 MB, 2.05 load
[runlim] sample:		580.47 time, 320.01 real, 752 MB, 2.04 load
[runlim] sample:		600.47 time, 330.01 real, 753 MB, 2.03 load
[runlim] sample:		620.46 time, 340.01 real, 754 MB, 2.03 load
[runlim] sample:		640.46 time, 350.01 real, 754 MB, 2.02 load
[runlim] sample:		660.45 time, 360.01 real, 754 MB, 2.02 load
[runlim] sample:		680.45 time, 370.01 real, 754 MB, 2.02 load
[runlim] sample:		700.45 time, 380.01 real, 754 MB, 2.01 load
[runlim] sample:		720.44 time, 390.01 real, 754 MB, 2.01 load
[runlim] sample:		740.44 time, 400.01 real, 756 MB, 2.01 load
[runlim] sample:		760.43 time, 410.01 real, 756 MB, 2.01 load
[runlim] sample:		780.43 time, 420.01 real, 756 MB, 2.01 load
[runlim] sample:		800.42 time, 430.01 real, 756 MB, 2.00 load
[runlim] sample:		820.42 time, 440.01 real, 756 MB, 2.00 load
[runlim] sample:		840.42 time, 450.01 real, 756 MB, 2.00 load
[runlim] sample:		860.41 time, 460.01 real, 756 MB, 2.00 load
[runlim] sample:		880.41 time, 470.01 real, 756 MB, 2.00 load
[runlim] sample:		900.40 time, 480.01 real, 756 MB, 2.16 load
[runlim] sample:		920.40 time, 490.01 real, 756 MB, 2.13 load
[runlim] sample:		940.40 time, 500.01 real, 756 MB, 2.11 load
[runlim] sample:		960.39 time, 510.01 real, 756 MB, 2.10 load
[runlim] sample:		980.39 time, 520.01 real, 756 MB, 2.08 load
[runlim] sample:		1000.38 time, 530.01 real, 756 MB, 2.07 load
[runlim] sample:		1020.38 time, 540.01 real, 756 MB, 2.06 load
[runlim] sample:		1040.38 time, 550.01 real, 756 MB, 2.05 load
[runlim] sample:		1060.37 time, 560.01 real, 756 MB, 2.04 load
[runlim] sample:		1080.37 time, 570.01 real, 756 MB, 2.03 load
[runlim] sample:		1100.37 time, 580.01 real, 756 MB, 2.03 load
[runlim] sample:		1120.36 time, 590.01 real, 756 MB, 2.02 load
[runlim] sample:		1140.36 time, 600.01 real, 756 MB, 2.02 load
[runlim] end:			Tue Mar 24 05:23:53 2026
[runlim] status:		out of time
[runlim] result:		2
[runlim] children:		1
[runlim] processes:		2
[runlim] real:			601.06 seconds
[runlim] time:			1140.36 seconds
[runlim] space:			756 MB
[runlim] load:			2.67 maximum
[runlim] samples:		6000
