[runlim] version:		2.0.0rc12
[runlim] host:			ap-Precision-7550
[runlim] time limit:		311040000 seconds
[runlim] real time limit:	600 seconds
[runlim] space limit:		14000 MB
[runlim] argv[0]:		python3
[runlim] argv[1]:		-u
[runlim] argv[2]:		mip.py
[runlim] argv[3]:		TUD200.1
[runlim] start:			Tue Mar 24 07:22:18 2026
[runlim] child:			30366
Building MIP model...
[runlim] sample:		10.00 time, 10.01 real, 31 MB, 1.01 load
[runlim] sample:		19.99 time, 20.01 real, 34 MB, 1.00 load
Build time: 21.48s
Solving MIP (minimizing number of labels)...
Version identifier: 22.1.1.0 | 2022-11-28 | 9160aff4d
CPXPARAM_Read_DataCheck                          1
Legacy callback                                  i
Tried aggregator 1 time.
MIP Presolve eliminated 158548 rows and 0 columns.
MIP Presolve modified 23853 coefficients.
Reduced MIP has 28059 rows, 8034 columns, and 222207 nonzeros.
Reduced MIP has 8034 binaries, 0 generals, 0 SOSs, and 0 indicators.
Presolve time = 0.55 sec. (574.84 ticks)
Probing fixed 4 vars, tightened 0 bounds.
Probing changed sense of 3993 constraints.
Probing time = 0.04 sec. (14.29 ticks)
Tried aggregator 1 time.
MIP Presolve eliminated 10397 rows and 3995 columns.
MIP Presolve modified 15207 coefficients.
Reduced MIP has 17662 rows, 4039 columns, and 237341 nonzeros.
Reduced MIP has 4039 binaries, 0 generals, 0 SOSs, and 0 indicators.
Presolve time = 0.69 sec. (923.86 ticks)
Probing time = 0.01 sec. (2.98 ticks)
Tried aggregator 1 time.
Detecting symmetries...
MIP Presolve eliminated 2 rows and 0 columns.
Reduced MIP has 17660 rows, 4037 columns, and 237335 nonzeros.
Reduced MIP has 4037 binaries, 0 generals, 0 SOSs, and 0 indicators.
Presolve time = 0.20 sec. (267.07 ticks)
Probing time = 0.01 sec. (3.06 ticks)
Clique table members: 19755.
MIP emphasis: balance optimality and feasibility.
MIP search method: dynamic search.
Parallel mode: deterministic, using up to 12 threads.
Root relaxation solution time = 2.46 sec. (1672.94 ticks)

        Nodes                                         Cuts/
   Node  Left     Objective  IInf  Best Integer    Best Bound    ItCnt     Gap

*     0+    0                           20.0000        0.0000           100.00%
*     0+    0                           18.0000        0.0000           100.00%
*     0+    0                           16.0000        0.0000           100.00%
*     0+    0                           14.0000        0.0000           100.00%
      0     0       12.0000   764       14.0000       12.0000       17   14.29%

========== NEW INCUMBENT SOLUTION ==========
{1: 16, 2: 254, 3: 554, 4: 792, 5: 58, 6: 296, 7: 58, 8: 296, 9: 58, 10: 296, 11: 428, 12: 666, 13: 736, 14: 498, 15: 554, 16: 792, 17: 554, 18: 792, 19: 142, 20: 380, 21: 554, 22: 792, 23: 338, 24: 100, 25: 498, 26: 736, 27: 254, 28: 16, 29: 736, 30: 498, 31: 736, 32: 498, 33: 498, 34: 736, 35: 736, 36: 498, 37: 736, 38: 498, 39: 100, 40: 338, 41: 666, 42: 428, 43: 100, 44: 338, 45: 736, 46: 498, 47: 666, 48: 428, 49: 100, 50: 338, 51: 498, 52: 736, 53: 792, 54: 554, 55: 554, 56: 792, 57: 666, 58: 428, 59: 554, 60: 792, 61: 100, 62: 338, 63: 792, 64: 554, 65: 792, 66: 554, 67: 554, 68: 792, 69: 338, 70: 100, 71: 254, 72: 16, 73: 428, 74: 666, 75: 100, 76: 338, 77: 554, 78: 792, 79: 142, 80: 380, 81: 428, 82: 666, 83: 792, 84: 554, 85: 736, 86: 498, 87: 792, 88: 554, 89: 428, 90: 666, 91: 380, 92: 142, 93: 666, 94: 428, 95: 16, 96: 254, 97: 296, 98: 58, 99: 428, 100: 666, 101: 428, 102: 666, 103: 428, 104: 666, 105: 380, 106: 142, 107: 666, 108: 428, 109: 296, 110: 58, 111: 254, 112: 16, 113: 792, 114: 554, 115: 100, 116: 338, 117: 792, 118: 554, 119: 666, 120: 428, 121: 100, 122: 338, 123: 792, 124: 554, 125: 142, 126: 380, 127: 554, 128: 792, 129: 142, 130: 380, 131: 142, 132: 380, 133: 254, 134: 16, 135: 428, 136: 666, 137: 142, 138: 380, 139: 142, 140: 380, 141: 142, 142: 380, 143: 58, 144: 296, 145: 792, 146: 554, 147: 254, 148: 16, 149: 498, 150: 736, 151: 58, 152: 296, 153: 428, 154: 666, 155: 142, 156: 380, 157: 142, 158: 380, 159: 16, 160: 254, 161: 338, 162: 100, 163: 736, 164: 498, 165: 666, 166: 428, 167: 142, 168: 380, 169: 16, 170: 254, 171: 16, 172: 254, 173: 736, 174: 498, 175: 58, 176: 296, 177: 142, 178: 380, 179: 16, 180: 254, 181: 58, 182: 296, 183: 296, 184: 58, 185: 16, 186: 254, 187: 16, 188: 254, 189: 16, 190: 254, 191: 100, 192: 338, 193: 16, 194: 254, 195: 16, 196: 254, 197: 16, 198: 254, 199: 428, 200: 666}
Number of labels used: 14
Total time: 25.97 sec
Memory: 240.64 MB
=============================================

========== NEW INCUMBENT SOLUTION ==========
{1: 16, 2: 254, 3: 554, 4: 792, 5: 58, 6: 296, 7: 58, 8: 296, 9: 58, 10: 296, 11: 428, 12: 666, 13: 736, 14: 498, 15: 554, 16: 792, 17: 554, 18: 792, 19: 142, 20: 380, 21: 554, 22: 792, 23: 338, 24: 100, 25: 498, 26: 736, 27: 254, 28: 16, 29: 736, 30: 498, 31: 736, 32: 498, 33: 498, 34: 736, 35: 736, 36: 498, 37: 736, 38: 498, 39: 100, 40: 338, 41: 666, 42: 428, 43: 100, 44: 338, 45: 736, 46: 498, 47: 666, 48: 428, 49: 100, 50: 338, 51: 498, 52: 736, 53: 792, 54: 554, 55: 554, 56: 792, 57: 666, 58: 428, 59: 554, 60: 792, 61: 100, 62: 338, 63: 792, 64: 554, 65: 792, 66: 554, 67: 554, 68: 792, 69: 338, 70: 100, 71: 254, 72: 16, 73: 428, 74: 666, 75: 100, 76: 338, 77: 554, 78: 792, 79: 142, 80: 380, 81: 428, 82: 666, 83: 792, 84: 554, 85: 736, 86: 498, 87: 792, 88: 554, 89: 428, 90: 666, 91: 380, 92: 142, 93: 666, 94: 428, 95: 16, 96: 254, 97: 296, 98: 58, 99: 428, 100: 666, 101: 428, 102: 666, 103: 428, 104: 666, 105: 380, 106: 142, 107: 666, 108: 428, 109: 296, 110: 58, 111: 254, 112: 16, 113: 792, 114: 554, 115: 100, 116: 338, 117: 792, 118: 554, 119: 666, 120: 428, 121: 100, 122: 338, 123: 792, 124: 554, 125: 142, 126: 380, 127: 554, 128: 792, 129: 142, 130: 380, 131: 142, 132: 380, 133: 254, 134: 16, 135: 428, 136: 666, 137: 142, 138: 380, 139: 142, 140: 380, 141: 142, 142: 380, 143: 58, 144: 296, 145: 792, 146: 554, 147: 254, 148: 16, 149: 498, 150: 736, 151: 58, 152: 296, 153: 428, 154: 666, 155: 142, 156: 380, 157: 142, 158: 380, 159: 16, 160: 254, 161: 338, 162: 100, 163: 736, 164: 498, 165: 666, 166: 428, 167: 142, 168: 380, 169: 16, 170: 254, 171: 16, 172: 254, 173: 736, 174: 498, 175: 58, 176: 296, 177: 142, 178: 380, 179: 16, 180: 254, 181: 58, 182: 296, 183: 296, 184: 58, 185: 16, 186: 254, 187: 16, 188: 254, 189: 16, 190: 254, 191: 100, 192: 338, 193: 16, 194: 254, 195: 16, 196: 254, 197: 16, 198: 254, 199: 428, 200: 666}
Number of labels used: 14
Total time: 26.46 sec
Memory: 254.26 MB
=============================================
[runlim] sample:		45.31 time, 30.01 real, 287 MB, 1.24 load
*     0+    0                           12.0000       12.0000             0.00%
      0     0        cutoff             12.0000       12.0000       17    0.00%
Elapsed time = 11.36 sec. (12283.61 ticks, tree = 0.01 MB, solutions = 5)

Root node processing (before b&c):
  Real time             =   11.36 sec. (12284.14 ticks)
Parallel b&c, 12 threads:
  Real time             =    0.00 sec. (0.00 ticks)
  Sync time (average)   =    0.00 sec.
  Wait time (average)   =    0.00 sec.
                          ------------
Total (root+branch&cut) =   11.36 sec. (12284.14 ticks)
Solution :
{694, 456, 792, 554, 268, 30, 722, 484, 380, 142, 792, 554, 268, 30, 142, 380, 380, 142, 792, 554, 380, 142, 554, 792, 554, 792, 86, 324, 86, 324, 792, 554, 694, 456, 554, 792, 456, 694, 86, 324, 456, 694, 792, 554, 694, 456, 792, 554, 456, 694, 142, 380, 30, 268, 30, 268, 484, 722, 456, 694, 142, 380, 792, 554, 722, 484, 792, 554, 324, 86, 268, 30, 142, 380, 456, 694, 324, 86, 86, 324, 268, 30, 722, 484, 554, 792, 722, 484, 86, 324, 142, 380, 694, 456, 484, 722, 268, 30, 792, 554, 268, 30, 722, 484, 86, 324, 694, 456, 722, 484, 268, 30, 142, 380, 30, 268, 380, 142, 792, 554, 694, 456, 554, 792, 142, 380, 484, 722, 142, 380, 142, 380, 324, 86, 456, 694, 722, 484, 30, 268, 324, 86, 268, 30, 792, 554, 268, 30, 554, 792, 86, 324, 142, 380, 722, 484, 86, 324, 30, 268, 722, 484, 380, 142, 30, 268, 694, 456, 456, 694, 86, 324, 694, 456, 722, 484, 142, 380, 30, 268, 792, 554, 792, 554, 86, 324, 86, 324, 554, 792, 694, 456, 86, 324, 380, 142, 30, 268, 484, 722}
Number of labels used: 12
Total time: 32.92s
Memory used: 298.88 MB
[runlim] end:			Tue Mar 24 07:22:51 2026
[runlim] status:		ok
[runlim] result:		0
[runlim] children:		1
[runlim] processes:		2
[runlim] real:			32.98 seconds
[runlim] time:			51.11 seconds
[runlim] space:			297 MB
[runlim] load:			1.30 maximum
[runlim] samples:		330
