[runlim] version:		2.0.0rc12
[runlim] host:			ap-Precision-7550
[runlim] time limit:		311040000 seconds
[runlim] real time limit:	600 seconds
[runlim] space limit:		14000 MB
[runlim] argv[0]:		python3
[runlim] argv[1]:		-u
[runlim] argv[2]:		mip.py
[runlim] argv[3]:		TUD200.4
[runlim] start:			Wed Mar 25 00:51:56 2026
[runlim] child:			67285
--- Building MIP model for 200 variables ---
--- Solving with CPLEX MIP ---
Version identifier: 22.1.1.0 | 2022-11-28 | 9160aff4d
CPXPARAM_Read_DataCheck                          1
CPXPARAM_MIP_Tolerances_MIPGap                   0
Legacy callback                                  i
Tried aggregator 4 times.
MIP Presolve eliminated 112420 rows and 3100 columns.
MIP Presolve modified 27265 coefficients.
Aggregator did 44 substitutions.
Reduced MIP has 1523 rows, 580 columns, and 11678 nonzeros.
Reduced MIP has 580 binaries, 0 generals, 0 SOSs, and 0 indicators.
Presolve time = 0.25 sec. (461.34 ticks)
Found incumbent of value 36.000000 after 0.28 sec. (493.13 ticks)
Probing fixed 120 vars, tightened 0 bounds.
Probing changed sense of 246 constraints.
Probing time = 0.00 sec. (1.28 ticks)
Tried aggregator 1 time.
MIP Presolve eliminated 980 rows and 351 columns.
MIP Presolve modified 270 coefficients.
Reduced MIP has 543 rows, 229 columns, and 5999 nonzeros.
Reduced MIP has 229 binaries, 0 generals, 0 SOSs, and 0 indicators.
Presolve time = 0.02 sec. (33.27 ticks)
Probing time = 0.00 sec. (0.86 ticks)
Tried aggregator 2 times.
Detecting symmetries...
MIP Presolve eliminated 4 rows and 0 columns.
MIP Presolve modified 54 coefficients.
Aggregator did 1 substitutions.
Reduced MIP has 533 rows, 224 columns, and 5918 nonzeros.
Reduced MIP has 224 binaries, 0 generals, 0 SOSs, and 0 indicators.
Presolve time = 0.00 sec. (7.96 ticks)
Probing time = 0.00 sec. (0.91 ticks)
Clique table members: 662.
MIP emphasis: balance optimality and feasibility.
MIP search method: dynamic search.
Parallel mode: deterministic, using up to 12 threads.
Root relaxation solution time = 0.00 sec. (1.32 ticks)

        Nodes                                         Cuts/
   Node  Left     Objective  IInf  Best Integer    Best Bound    ItCnt     Gap

*     0+    0                           36.0000       18.0000            50.00%
*     0+    0                           22.0000       18.0000            18.18%
*     0     0      integral     0       20.0000       20.0000       47    0.00%
Elapsed time = 0.31 sec. (543.26 ticks, tree = 0.00 MB, solutions = 3)

Root node processing (before b&c):
  Real time             =    0.31 sec. (543.41 ticks)
Parallel b&c, 12 threads:
  Real time             =    0.00 sec. (0.00 ticks)
  Sync time (average)   =    0.00 sec.
  Wait time (average)   =    0.00 sec.
                          ------------
Total (root+branch&cut) =    0.31 sec. (543.41 ticks)

==============================
FINAL INCUMBENT SOLUTION:
{86, 324, 86, 324, 792, 554, 156, 394, 128, 366, 792, 554, 86, 324, 114, 352, 156, 394, 100, 338, 156, 394, 86, 324, 100, 338, 792, 554, 170, 408, 128, 366, 72, 310, 156, 394, 128, 366, 100, 338, 114, 352, 792, 554, 170, 408, 72, 310, 792, 554, 100, 338, 142, 380, 86, 324, 156, 394, 170, 408, 114, 352, 792, 554, 240, 478, 100, 338, 128, 366, 792, 554, 142, 380, 72, 310, 128, 366, 72, 310, 128, 366, 72, 310, 170, 408, 128, 366, 792, 554, 170, 408, 240, 478, 156, 394, 792, 554, 114, 352, 72, 310, 792, 554, 72, 310, 156, 394, 792, 554, 170, 408, 72, 310, 100, 338, 72, 310, 100, 338, 72, 310, 86, 324, 72, 310, 128, 366, 72, 310, 792, 554, 792, 554, 170, 408, 86, 324, 128, 366, 156, 394, 792, 554, 240, 478, 72, 310, 114, 352, 792, 554, 86, 324, 114, 352, 114, 352, 86, 324, 72, 310, 86, 324, 792, 554, 792, 554, 240, 478, 240, 478, 100, 338, 72, 310, 86, 324, 86, 324, 142, 380, 142, 380, 72, 310, 240, 478, 240, 478, 156, 394, 170, 408, 170, 408, 156, 394, 72, 310}
Number of labels used: 20
Total time: 0.74s
Memory used: 75.70 MB
==============================
[runlim] end:			Wed Mar 25 00:51:57 2026
[runlim] status:		ok
[runlim] result:		0
[runlim] children:		1
[runlim] processes:		2
[runlim] real:			0.79 seconds
[runlim] time:			0.70 seconds
[runlim] space:			67 MB
[runlim] load:			1.98 maximum
[runlim] samples:		8
