[runlim] version:		2.0.0rc12
[runlim] host:			ap-Precision-7550
[runlim] time limit:		311040000 seconds
[runlim] real time limit:	600 seconds
[runlim] space limit:		14000 MB
[runlim] argv[0]:		python3
[runlim] argv[1]:		-u
[runlim] argv[2]:		mip.py
[runlim] argv[3]:		TUD916.5
[runlim] start:			Tue Mar 24 07:50:04 2026
[runlim] child:			30633
Warning: variable 41 has no valid labels after preprocessing.
Cannot find solution!
Time taken: 0.24 seconds
Memory used: 19.44 MB
[runlim] end:			Tue Mar 24 07:50:04 2026
[runlim] status:		ok
[runlim] result:		0
[runlim] children:		1
[runlim] processes:		2
[runlim] real:			0.29 seconds
[runlim] time:			0.20 seconds
[runlim] space:			19 MB
[runlim] load:			1.04 maximum
[runlim] samples:		3
