[runlim] version:		1.10
[runlim] time limit:		311040000 seconds
[runlim] real time limit:	600 seconds
[runlim] space limit:		14000 MB
[runlim] argv[0]:		python3
[runlim] argv[1]:		-u
[runlim] argv[2]:		pairwise.py
[runlim] argv[3]:		graph02
[runlim] argv[4]:		assumptions
[runlim] start:			Mon Mar  2 20:01:37 2026
[runlim] main pid:		5735
Solve first problem:
Solution:
{1: 666, 2: 428, 3: 100, 4: 338, 5: 268, 6: 30, 7: 324, 8: 86, 9: 652, 10: 414, 11: 394, 12: 156, 13: 694, 14: 456, 15: 310, 16: 72, 17: 282, 18: 44, 19: 296, 20: 58, 21: 142, 22: 380, 23: 366, 24: 128, 25: 268, 26: 30, 27: 324, 28: 86, 29: 156, 30: 394, 31: 114, 32: 352, 33: 380, 34: 142, 35: 666, 36: 428, 37: 86, 38: 324, 39: 380, 40: 142, 41: 324, 42: 86, 43: 254, 44: 16, 45: 680, 46: 442, 47: 338, 48: 100, 49: 310, 50: 72, 51: 44, 52: 282, 53: 380, 54: 142, 55: 296, 56: 58, 57: 666, 58: 428, 59: 310, 60: 72, 61: 128, 62: 366, 63: 310, 64: 72, 65: 30, 66: 268, 67: 652, 68: 414, 69: 254, 70: 16, 71: 380, 72: 142, 73: 16, 74: 254, 75: 254, 76: 16, 77: 394, 78: 156, 79: 282, 80: 44, 81: 310, 82: 72, 83: 156, 84: 394, 85: 694, 86: 456, 87: 86, 88: 324, 89: 156, 90: 394, 91: 268, 92: 30, 93: 324, 94: 86, 95: 666, 96: 428, 97: 128, 98: 366, 99: 310, 100: 72, 101: 324, 102: 86, 103: 380, 104: 142, 105: 16, 106: 254, 107: 352, 108: 114, 109: 282, 110: 44, 111: 296, 112: 58, 113: 30, 114: 268, 115: 338, 116: 100, 117: 114, 118: 352, 119: 380, 120: 142, 121: 338, 122: 100, 123: 324, 124: 86, 125: 268, 126: 30, 127: 338, 128: 100, 129: 380, 130: 142, 131: 324, 132: 86, 133: 680, 134: 442, 135: 380, 136: 142, 137: 324, 138: 86, 139: 282, 140: 44, 141: 352, 142: 114, 143: 680, 144: 442, 145: 282, 146: 44, 147: 352, 148: 114, 149: 58, 150: 296, 151: 338, 152: 100, 153: 254, 154: 16, 155: 380, 156: 142, 157: 652, 158: 414, 159: 310, 160: 72, 161: 708, 162: 470, 163: 380, 164: 142, 165: 352, 166: 114, 167: 310, 168: 72, 169: 324, 170: 86, 171: 338, 172: 100, 173: 296, 174: 58, 175: 680, 176: 442, 177: 156, 178: 394, 179: 380, 180: 142, 181: 268, 182: 30, 183: 694, 184: 456, 185: 282, 186: 44, 187: 652, 188: 414, 189: 380, 190: 142, 191: 680, 192: 442, 193: 128, 194: 366, 195: 324, 196: 86, 197: 296, 198: 58, 199: 310, 200: 72, 201: 156, 202: 394, 203: 268, 204: 30, 205: 324, 206: 86, 207: 338, 208: 100, 209: 310, 210: 72, 211: 268, 212: 30, 213: 478, 214: 240, 215: 366, 216: 128, 217: 254, 218: 16, 219: 268, 220: 30, 221: 352, 222: 114, 223: 324, 224: 86, 225: 254, 226: 16, 227: 408, 228: 170, 229: 310, 230: 72, 231: 16, 232: 254, 233: 366, 234: 128, 235: 282, 236: 44, 237: 268, 238: 30, 239: 338, 240: 100, 241: 296, 242: 58, 243: 338, 244: 100, 245: 666, 246: 428, 247: 380, 248: 142, 249: 324, 250: 86, 251: 16, 252: 254, 253: 58, 254: 296, 255: 380, 256: 142, 257: 310, 258: 72, 259: 380, 260: 142, 261: 254, 262: 16, 263: 380, 264: 142, 265: 380, 266: 142, 267: 44, 268: 282, 269: 282, 270: 44, 271: 268, 272: 30, 273: 296, 274: 58, 275: 254, 276: 16, 277: 310, 278: 72, 279: 666, 280: 428, 281: 366, 282: 128, 283: 268, 284: 30, 285: 380, 286: 142, 287: 254, 288: 16, 289: 324, 290: 86, 291: 380, 292: 142, 293: 380, 294: 142, 295: 338, 296: 100, 297: 380, 298: 142, 299: 408, 300: 170, 301: 282, 302: 44, 303: 652, 304: 414, 305: 268, 306: 30, 307: 296, 308: 58, 309: 380, 310: 142, 311: 380, 312: 142, 313: 380, 314: 142, 315: 296, 316: 58, 317: 408, 318: 170, 319: 310, 320: 72, 321: 380, 322: 142, 323: 338, 324: 100, 325: 310, 326: 72, 327: 282, 328: 44, 329: 268, 330: 30, 331: 268, 332: 30, 333: 268, 334: 30, 335: 254, 336: 16, 337: 282, 338: 44, 339: 380, 340: 142, 341: 296, 342: 58, 343: 254, 344: 16, 345: 310, 346: 72, 347: 310, 348: 72, 349: 380, 350: 142, 351: 380, 352: 142, 353: 254, 354: 16, 355: 268, 356: 30, 357: 324, 358: 86, 359: 338, 360: 100, 361: 338, 362: 100, 363: 268, 364: 30, 365: 268, 366: 30, 367: 254, 368: 16, 369: 282, 370: 44, 371: 254, 372: 16, 373: 324, 374: 86, 375: 254, 376: 16, 377: 254, 378: 16, 379: 282, 380: 44, 381: 268, 382: 30, 383: 254, 384: 16, 385: 268, 386: 30, 387: 268, 388: 30, 389: 254, 390: 16, 391: 254, 392: 16, 393: 254, 394: 16, 395: 268, 396: 30, 397: 324, 398: 86, 399: 268, 400: 30}
Number of lables used:  36
Total time: 0.54 seconds
Memory used: 42.60 MB
--------------------------------------------------

Trying with at most 35 labels...
Solution:
{1: 666, 2: 428, 3: 540, 4: 778, 5: 526, 6: 764, 7: 526, 8: 764, 9: 764, 10: 526, 11: 778, 12: 540, 13: 750, 14: 512, 15: 792, 16: 554, 17: 764, 18: 526, 19: 428, 20: 666, 21: 156, 22: 394, 23: 394, 24: 156, 25: 764, 26: 526, 27: 394, 28: 156, 29: 512, 30: 750, 31: 680, 32: 442, 33: 680, 34: 442, 35: 666, 36: 428, 37: 554, 38: 792, 39: 512, 40: 750, 41: 792, 42: 554, 43: 554, 44: 792, 45: 750, 46: 512, 47: 156, 48: 394, 49: 680, 50: 442, 51: 778, 52: 540, 53: 240, 54: 478, 55: 540, 56: 778, 57: 526, 58: 764, 59: 764, 60: 526, 61: 512, 62: 750, 63: 666, 64: 428, 65: 680, 66: 442, 67: 792, 68: 554, 69: 512, 70: 750, 71: 478, 72: 240, 73: 750, 74: 512, 75: 442, 76: 680, 77: 156, 78: 394, 79: 442, 80: 680, 81: 666, 82: 428, 83: 156, 84: 394, 85: 680, 86: 442, 87: 792, 88: 554, 89: 750, 90: 512, 91: 554, 92: 792, 93: 526, 94: 764, 95: 512, 96: 750, 97: 156, 98: 394, 99: 792, 100: 554, 101: 428, 102: 666, 103: 778, 104: 540, 105: 512, 106: 750, 107: 666, 108: 428, 109: 554, 110: 792, 111: 680, 112: 442, 113: 764, 114: 526, 115: 394, 116: 156, 117: 554, 118: 792, 119: 478, 120: 240, 121: 680, 122: 442, 123: 764, 124: 526, 125: 442, 126: 680, 127: 666, 128: 428, 129: 478, 130: 240, 131: 666, 132: 428, 133: 540, 134: 778, 135: 478, 136: 240, 137: 394, 138: 156, 139: 750, 140: 512, 141: 750, 142: 512, 143: 680, 144: 442, 145: 792, 146: 554, 147: 554, 148: 792, 149: 156, 150: 394, 151: 156, 152: 394, 153: 394, 154: 156, 155: 478, 156: 240, 157: 428, 158: 666, 159: 680, 160: 442, 161: 442, 162: 680, 163: 240, 164: 478, 165: 156, 166: 394, 167: 428, 168: 666, 169: 792, 170: 554, 171: 394, 172: 156, 173: 750, 174: 512, 175: 156, 176: 394, 177: 750, 178: 512, 179: 478, 180: 240, 181: 750, 182: 512, 183: 442, 184: 680, 185: 680, 186: 442, 187: 750, 188: 512, 189: 240, 190: 478, 191: 554, 192: 792, 193: 156, 194: 394, 195: 666, 196: 428, 197: 778, 198: 540, 199: 394, 200: 156, 201: 394, 202: 156, 203: 666, 204: 428, 205: 778, 206: 540, 207: 666, 208: 428, 209: 792, 210: 554, 211: 394, 212: 156, 213: 478, 214: 240, 215: 394, 216: 156, 217: 394, 218: 156, 219: 394, 220: 156, 221: 156, 222: 394, 223: 764, 224: 526, 225: 394, 226: 156, 227: 478, 228: 240, 229: 750, 230: 512, 231: 540, 232: 778, 233: 512, 234: 750, 235: 666, 236: 428, 237: 750, 238: 512, 239: 554, 240: 792, 241: 764, 242: 526, 243: 394, 244: 156, 245: 428, 246: 666, 247: 240, 248: 478, 249: 778, 250: 540, 251: 778, 252: 540, 253: 666, 254: 428, 255: 240, 256: 478, 257: 394, 258: 156, 259: 478, 260: 240, 261: 666, 262: 428, 263: 240, 264: 478, 265: 478, 266: 240, 267: 680, 268: 442, 269: 764, 270: 526, 271: 442, 272: 680, 273: 680, 274: 442, 275: 680, 276: 442, 277: 778, 278: 540, 279: 540, 280: 778, 281: 750, 282: 512, 283: 428, 284: 666, 285: 240, 286: 478, 287: 442, 288: 680, 289: 554, 290: 792, 291: 478, 292: 240, 293: 478, 294: 240, 295: 680, 296: 442, 297: 478, 298: 240, 299: 478, 300: 240, 301: 792, 302: 554, 303: 792, 304: 554, 305: 526, 306: 764, 307: 394, 308: 156, 309: 478, 310: 240, 311: 240, 312: 478, 313: 478, 314: 240, 315: 512, 316: 750, 317: 478, 318: 240, 319: 750, 320: 512, 321: 394, 322: 156, 323: 792, 324: 554, 325: 512, 326: 750, 327: 666, 328: 428, 329: 666, 330: 428, 331: 156, 332: 394, 333: 792, 334: 554, 335: 394, 336: 156, 337: 394, 338: 156, 339: 478, 340: 240, 341: 554, 342: 792, 343: 764, 344: 526, 345: 750, 346: 512, 347: 778, 348: 540, 349: 478, 350: 240, 351: 478, 352: 240, 353: 442, 354: 680, 355: 680, 356: 442, 357: 750, 358: 512, 359: 750, 360: 512, 361: 750, 362: 512, 363: 428, 364: 666, 365: 394, 366: 156, 367: 428, 368: 666, 369: 428, 370: 666, 371: 680, 372: 442, 373: 394, 374: 156, 375: 666, 376: 428, 377: 666, 378: 428, 379: 394, 380: 156, 381: 680, 382: 442, 383: 680, 384: 442, 385: 792, 386: 554, 387: 778, 388: 540, 389: 554, 390: 792, 391: 666, 392: 428, 393: 666, 394: 428, 395: 750, 396: 512, 397: 394, 398: 156, 399: 666, 400: 428}
Number of lables used:  16
Total time: 0.56 seconds
Memory used: 43.48 MB
--------------------------------------------------

Trying with at most 15 labels...
Solution:
{1: 394, 2: 156, 3: 156, 4: 394, 5: 680, 6: 442, 7: 526, 8: 764, 9: 498, 10: 736, 11: 792, 12: 554, 13: 792, 14: 554, 15: 792, 16: 554, 17: 736, 18: 498, 19: 764, 20: 526, 21: 156, 22: 394, 23: 394, 24: 156, 25: 736, 26: 498, 27: 394, 28: 156, 29: 282, 30: 44, 31: 554, 32: 792, 33: 680, 34: 442, 35: 282, 36: 44, 37: 554, 38: 792, 39: 792, 40: 554, 41: 792, 42: 554, 43: 554, 44: 792, 45: 282, 46: 44, 47: 156, 48: 394, 49: 792, 50: 554, 51: 792, 52: 554, 53: 240, 54: 478, 55: 442, 56: 680, 57: 526, 58: 764, 59: 764, 60: 526, 61: 282, 62: 44, 63: 526, 64: 764, 65: 680, 66: 442, 67: 156, 68: 394, 69: 282, 70: 44, 71: 240, 72: 478, 73: 792, 74: 554, 75: 442, 76: 680, 77: 282, 78: 44, 79: 442, 80: 680, 81: 282, 82: 44, 83: 680, 84: 442, 85: 792, 86: 554, 87: 792, 88: 554, 89: 442, 90: 680, 91: 554, 92: 792, 93: 526, 94: 764, 95: 736, 96: 498, 97: 156, 98: 394, 99: 792, 100: 554, 101: 764, 102: 526, 103: 394, 104: 156, 105: 282, 106: 44, 107: 764, 108: 526, 109: 554, 110: 792, 111: 680, 112: 442, 113: 764, 114: 526, 115: 394, 116: 156, 117: 282, 118: 44, 119: 240, 120: 478, 121: 680, 122: 442, 123: 394, 124: 156, 125: 442, 126: 680, 127: 680, 128: 442, 129: 478, 130: 240, 131: 554, 132: 792, 133: 498, 134: 736, 135: 240, 136: 478, 137: 394, 138: 156, 139: 394, 140: 156, 141: 282, 142: 44, 143: 680, 144: 442, 145: 792, 146: 554, 147: 394, 148: 156, 149: 394, 150: 156, 151: 680, 152: 442, 153: 498, 154: 736, 155: 478, 156: 240, 157: 156, 158: 394, 159: 680, 160: 442, 161: 442, 162: 680, 163: 240, 164: 478, 165: 156, 166: 394, 167: 526, 168: 764, 169: 736, 170: 498, 171: 394, 172: 156, 173: 282, 174: 44, 175: 156, 176: 394, 177: 736, 178: 498, 179: 240, 180: 478, 181: 498, 182: 736, 183: 792, 184: 554, 185: 498, 186: 736, 187: 764, 188: 526, 189: 478, 190: 240, 191: 554, 192: 792, 193: 554, 194: 792, 195: 680, 196: 442, 197: 526, 198: 764, 199: 394, 200: 156, 201: 442, 202: 680, 203: 736, 204: 498, 205: 156, 206: 394, 207: 442, 208: 680, 209: 792, 210: 554, 211: 394, 212: 156, 213: 478, 214: 240, 215: 44, 216: 282, 217: 792, 218: 554, 219: 394, 220: 156, 221: 282, 222: 44, 223: 554, 224: 792, 225: 394, 226: 156, 227: 240, 228: 478, 229: 736, 230: 498, 231: 526, 232: 764, 233: 764, 234: 526, 235: 764, 236: 526, 237: 282, 238: 44, 239: 44, 240: 282, 241: 792, 242: 554, 243: 736, 244: 498, 245: 680, 246: 442, 247: 478, 248: 240, 249: 736, 250: 498, 251: 498, 252: 736, 253: 156, 254: 394, 255: 240, 256: 478, 257: 764, 258: 526, 259: 478, 260: 240, 261: 442, 262: 680, 263: 240, 264: 478, 265: 240, 266: 478, 267: 680, 268: 442, 269: 764, 270: 526, 271: 554, 272: 792, 273: 680, 274: 442, 275: 680, 276: 442, 277: 44, 278: 282, 279: 498, 280: 736, 281: 764, 282: 526, 283: 156, 284: 394, 285: 478, 286: 240, 287: 282, 288: 44, 289: 554, 290: 792, 291: 478, 292: 240, 293: 478, 294: 240, 295: 442, 296: 680, 297: 240, 298: 478, 299: 478, 300: 240, 301: 498, 302: 736, 303: 44, 304: 282, 305: 282, 306: 44, 307: 394, 308: 156, 309: 240, 310: 478, 311: 240, 312: 478, 313: 240, 314: 478, 315: 282, 316: 44, 317: 478, 318: 240, 319: 680, 320: 442, 321: 442, 322: 680, 323: 736, 324: 498, 325: 282, 326: 44, 327: 526, 328: 764, 329: 736, 330: 498, 331: 526, 332: 764, 333: 736, 334: 498, 335: 282, 336: 44, 337: 394, 338: 156, 339: 240, 340: 478, 341: 554, 342: 792, 343: 282, 344: 44, 345: 554, 346: 792, 347: 526, 348: 764, 349: 240, 350: 478, 351: 478, 352: 240, 353: 442, 354: 680, 355: 680, 356: 442, 357: 44, 358: 282, 359: 498, 360: 736, 361: 282, 362: 44, 363: 764, 364: 526, 365: 792, 366: 554, 367: 44, 368: 282, 369: 764, 370: 526, 371: 156, 372: 394, 373: 394, 374: 156, 375: 736, 376: 498, 377: 736, 378: 498, 379: 394, 380: 156, 381: 680, 382: 442, 383: 680, 384: 442, 385: 44, 386: 282, 387: 498, 388: 736, 389: 44, 390: 282, 391: 736, 392: 498, 393: 442, 394: 680, 395: 764, 396: 526, 397: 554, 398: 792, 399: 282, 400: 44}
Number of lables used:  14
Total time: 0.56 seconds
Memory used: 43.56 MB
--------------------------------------------------

Trying with at most 13 labels...
[runlim] sample:		10.0 time, 10.0 real, 91.2 MB
[runlim] sample:		20.0 time, 20.0 real, 92.4 MB
[runlim] sample:		30.0 time, 30.0 real, 94.4 MB
[runlim] sample:		40.0 time, 40.0 real, 96.2 MB
[runlim] sample:		50.0 time, 50.0 real, 101.9 MB
[runlim] sample:		60.0 time, 60.0 real, 109.6 MB
[runlim] sample:		70.0 time, 70.0 real, 130.2 MB
[runlim] sample:		79.9 time, 80.0 real, 130.2 MB
[runlim] sample:		89.9 time, 90.0 real, 130.2 MB
[runlim] sample:		99.9 time, 100.0 real, 130.2 MB
[runlim] sample:		109.9 time, 110.0 real, 130.6 MB
[runlim] sample:		119.9 time, 120.0 real, 131.1 MB
[runlim] sample:		129.9 time, 130.0 real, 131.7 MB
[runlim] sample:		139.9 time, 140.0 real, 132.5 MB
[runlim] sample:		149.9 time, 150.0 real, 133.4 MB
[runlim] sample:		159.9 time, 160.0 real, 134.2 MB
[runlim] sample:		169.9 time, 170.0 real, 134.4 MB
[runlim] sample:		179.9 time, 180.0 real, 135.0 MB
[runlim] sample:		189.9 time, 190.0 real, 135.1 MB
[runlim] sample:		199.9 time, 200.0 real, 135.9 MB
[runlim] sample:		209.9 time, 210.0 real, 136.5 MB
[runlim] sample:		219.9 time, 220.0 real, 136.7 MB
[runlim] sample:		229.9 time, 230.0 real, 136.9 MB
[runlim] sample:		239.9 time, 240.0 real, 137.0 MB
[runlim] sample:		249.9 time, 250.0 real, 137.2 MB
[runlim] sample:		259.9 time, 260.0 real, 137.9 MB
[runlim] sample:		269.9 time, 270.0 real, 138.2 MB
[runlim] sample:		279.9 time, 280.0 real, 138.5 MB
[runlim] sample:		289.9 time, 290.0 real, 139.0 MB
[runlim] sample:		299.8 time, 300.0 real, 139.2 MB
[runlim] sample:		309.8 time, 310.0 real, 139.2 MB
[runlim] sample:		319.8 time, 320.0 real, 140.0 MB
[runlim] sample:		329.8 time, 330.0 real, 140.0 MB
[runlim] sample:		339.8 time, 340.0 real, 140.5 MB
[runlim] sample:		349.8 time, 350.0 real, 140.6 MB
[runlim] sample:		359.8 time, 360.0 real, 189.7 MB
[runlim] sample:		369.8 time, 370.0 real, 190.0 MB
[runlim] sample:		379.8 time, 380.0 real, 172.6 MB
[runlim] sample:		389.8 time, 390.0 real, 176.7 MB
[runlim] sample:		399.8 time, 400.0 real, 175.5 MB
[runlim] sample:		409.8 time, 410.0 real, 177.0 MB
[runlim] sample:		419.8 time, 420.0 real, 175.4 MB
[runlim] sample:		429.8 time, 430.0 real, 176.3 MB
[runlim] sample:		439.8 time, 440.0 real, 178.2 MB
[runlim] sample:		449.8 time, 450.0 real, 177.6 MB
[runlim] sample:		459.8 time, 460.0 real, 178.4 MB
[runlim] sample:		469.8 time, 470.0 real, 179.2 MB
[runlim] sample:		479.8 time, 480.0 real, 179.7 MB
[runlim] sample:		489.8 time, 490.0 real, 177.3 MB
[runlim] sample:		499.8 time, 500.0 real, 176.8 MB
[runlim] sample:		509.8 time, 510.0 real, 175.4 MB
[runlim] sample:		519.8 time, 520.0 real, 193.9 MB
[runlim] sample:		529.7 time, 530.0 real, 192.6 MB
[runlim] sample:		539.7 time, 540.0 real, 190.9 MB
[runlim] sample:		549.7 time, 550.0 real, 189.1 MB
[runlim] sample:		559.7 time, 560.0 real, 187.1 MB
[runlim] sample:		569.7 time, 570.0 real, 183.2 MB
[runlim] sample:		579.7 time, 580.0 real, 180.5 MB
[runlim] sample:		589.7 time, 590.0 real, 197.6 MB
[runlim] sample:		599.7 time, 600.0 real, 193.8 MB
[runlim] end:			Mon Mar  2 20:11:37 2026
[runlim] status:		out of time
[runlim] result:		2
[runlim] children:		0
[runlim] real:			600.06 seconds
[runlim] time:			599.71 seconds
[runlim] space:			230.0 MB
[runlim] samples:		6000
