[runlim] version:		1.10
[runlim] time limit:		311040000 seconds
[runlim] real time limit:	600 seconds
[runlim] space limit:		14000 MB
[runlim] argv[0]:		python3
[runlim] argv[1]:		-u
[runlim] argv[2]:		pairwise.py
[runlim] argv[3]:		graph05
[runlim] argv[4]:		assumptions
[runlim] start:			Mon Mar  2 20:32:17 2026
[runlim] main pid:		5840
Warning: variable 181 has no valid labels after preprocessing.
Solve first problem:
Cannot find solution.
[runlim] end:			Mon Mar  2 20:32:17 2026
[runlim] status:		ok
[runlim] result:		0
[runlim] children:		0
[runlim] real:			0.56 seconds
[runlim] time:			0.09 seconds
[runlim] space:			20.2 MB
[runlim] samples:		1
