[runlim] version:		1.10
[runlim] time limit:		311040000 seconds
[runlim] real time limit:	600 seconds
[runlim] space limit:		14000 MB
[runlim] argv[0]:		python3
[runlim] argv[1]:		-u
[runlim] argv[2]:		pairwise.py
[runlim] argv[3]:		graph03
[runlim] argv[4]:		assumptions
[runlim] start:			Mon Mar  2 20:31:51 2026
[runlim] main pid:		5834
Solve first problem:
Solution:
{1: 114, 2: 352, 3: 86, 4: 324, 5: 652, 6: 414, 7: 680, 8: 442, 9: 142, 10: 380, 11: 142, 12: 380, 13: 58, 14: 296, 15: 86, 16: 324, 17: 680, 18: 442, 19: 736, 20: 498, 21: 16, 22: 254, 23: 86, 24: 324, 25: 694, 26: 456, 27: 100, 28: 338, 29: 114, 30: 352, 31: 128, 32: 366, 33: 778, 34: 540, 35: 652, 36: 414, 37: 72, 38: 310, 39: 16, 40: 254, 41: 16, 42: 254, 43: 44, 44: 282, 45: 750, 46: 512, 47: 708, 48: 470, 49: 764, 50: 526, 51: 72, 52: 310, 53: 652, 54: 414, 55: 750, 56: 512, 57: 86, 58: 324, 59: 58, 60: 296, 61: 86, 62: 324, 63: 792, 64: 554, 65: 736, 66: 498, 67: 708, 68: 470, 69: 764, 70: 526, 71: 44, 72: 282, 73: 114, 74: 352, 75: 16, 76: 254, 77: 750, 78: 512, 79: 16, 80: 254, 81: 736, 82: 498, 83: 778, 84: 540, 85: 778, 86: 540, 87: 16, 88: 254, 89: 750, 90: 512, 91: 30, 92: 268, 93: 30, 94: 268, 95: 142, 96: 380, 97: 30, 98: 268, 99: 750, 100: 512, 101: 778, 102: 540, 103: 652, 104: 414, 105: 736, 106: 498, 107: 58, 108: 296, 109: 142, 110: 380, 111: 778, 112: 540, 113: 778, 114: 540, 115: 736, 116: 498, 117: 142, 118: 380, 119: 44, 120: 282, 121: 114, 122: 352, 123: 792, 124: 554, 125: 142, 126: 380, 127: 792, 128: 554, 129: 694, 130: 456, 131: 86, 132: 324, 133: 722, 134: 484, 135: 142, 136: 380, 137: 680, 138: 442, 139: 708, 140: 470, 141: 722, 142: 484, 143: 58, 144: 296, 145: 764, 146: 526, 147: 30, 148: 268, 149: 128, 150: 366, 151: 750, 152: 512, 153: 16, 154: 254, 155: 30, 156: 268, 157: 16, 158: 254, 159: 736, 160: 498, 161: 30, 162: 268, 163: 114, 164: 352, 165: 708, 166: 470, 167: 792, 168: 554, 169: 86, 170: 324, 171: 30, 172: 268, 173: 722, 174: 484, 175: 666, 176: 428, 177: 722, 178: 484, 179: 72, 180: 310, 181: 72, 182: 310, 183: 30, 184: 268, 185: 666, 186: 428, 187: 736, 188: 498, 189: 30, 190: 268, 191: 16, 192: 254, 193: 764, 194: 526, 195: 778, 196: 540, 197: 128, 198: 366, 199: 764, 200: 526}
Number of lables used:  42
Total time: 0.55 seconds
Memory used: 46.30 MB
--------------------------------------------------

Trying with at most 41 labels...
Solution:
{1: 114, 2: 352, 3: 86, 4: 324, 5: 652, 6: 414, 7: 680, 8: 442, 9: 142, 10: 380, 11: 142, 12: 380, 13: 58, 14: 296, 15: 86, 16: 324, 17: 680, 18: 442, 19: 736, 20: 498, 21: 16, 22: 254, 23: 86, 24: 324, 25: 694, 26: 456, 27: 694, 28: 456, 29: 114, 30: 352, 31: 128, 32: 366, 33: 778, 34: 540, 35: 652, 36: 414, 37: 72, 38: 310, 39: 16, 40: 254, 41: 16, 42: 254, 43: 44, 44: 282, 45: 750, 46: 512, 47: 708, 48: 470, 49: 764, 50: 526, 51: 72, 52: 310, 53: 652, 54: 414, 55: 750, 56: 512, 57: 86, 58: 324, 59: 58, 60: 296, 61: 86, 62: 324, 63: 792, 64: 554, 65: 736, 66: 498, 67: 708, 68: 470, 69: 764, 70: 526, 71: 44, 72: 282, 73: 114, 74: 352, 75: 16, 76: 254, 77: 750, 78: 512, 79: 16, 80: 254, 81: 736, 82: 498, 83: 778, 84: 540, 85: 778, 86: 540, 87: 16, 88: 254, 89: 750, 90: 512, 91: 30, 92: 268, 93: 30, 94: 268, 95: 142, 96: 380, 97: 30, 98: 268, 99: 750, 100: 512, 101: 778, 102: 540, 103: 652, 104: 414, 105: 736, 106: 498, 107: 58, 108: 296, 109: 142, 110: 380, 111: 778, 112: 540, 113: 778, 114: 540, 115: 736, 116: 498, 117: 142, 118: 380, 119: 44, 120: 282, 121: 114, 122: 352, 123: 792, 124: 554, 125: 142, 126: 380, 127: 722, 128: 484, 129: 694, 130: 456, 131: 86, 132: 324, 133: 722, 134: 484, 135: 142, 136: 380, 137: 680, 138: 442, 139: 708, 140: 470, 141: 722, 142: 484, 143: 58, 144: 296, 145: 764, 146: 526, 147: 30, 148: 268, 149: 128, 150: 366, 151: 750, 152: 512, 153: 16, 154: 254, 155: 30, 156: 268, 157: 16, 158: 254, 159: 736, 160: 498, 161: 30, 162: 268, 163: 114, 164: 352, 165: 708, 166: 470, 167: 792, 168: 554, 169: 86, 170: 324, 171: 30, 172: 268, 173: 722, 174: 484, 175: 666, 176: 428, 177: 722, 178: 484, 179: 72, 180: 310, 181: 72, 182: 310, 183: 30, 184: 268, 185: 666, 186: 428, 187: 736, 188: 498, 189: 30, 190: 268, 191: 16, 192: 254, 193: 764, 194: 526, 195: 778, 196: 540, 197: 128, 198: 366, 199: 764, 200: 526}
Number of lables used:  40
Total time: 0.55 seconds
Memory used: 46.72 MB
--------------------------------------------------

Trying with at most 39 labels...
Solution:
{1: 114, 2: 352, 3: 30, 4: 268, 5: 652, 6: 414, 7: 680, 8: 442, 9: 142, 10: 380, 11: 142, 12: 380, 13: 58, 14: 296, 15: 114, 16: 352, 17: 680, 18: 442, 19: 736, 20: 498, 21: 16, 22: 254, 23: 86, 24: 324, 25: 694, 26: 456, 27: 694, 28: 456, 29: 114, 30: 352, 31: 128, 32: 366, 33: 778, 34: 540, 35: 652, 36: 414, 37: 72, 38: 310, 39: 16, 40: 254, 41: 16, 42: 254, 43: 44, 44: 282, 45: 736, 46: 498, 47: 708, 48: 470, 49: 764, 50: 526, 51: 666, 52: 428, 53: 652, 54: 414, 55: 750, 56: 512, 57: 86, 58: 324, 59: 58, 60: 296, 61: 86, 62: 324, 63: 778, 64: 540, 65: 736, 66: 498, 67: 694, 68: 456, 69: 764, 70: 526, 71: 44, 72: 282, 73: 652, 74: 414, 75: 16, 76: 254, 77: 750, 78: 512, 79: 16, 80: 254, 81: 736, 82: 498, 83: 764, 84: 526, 85: 778, 86: 540, 87: 16, 88: 254, 89: 72, 90: 310, 91: 30, 92: 268, 93: 30, 94: 268, 95: 142, 96: 380, 97: 30, 98: 268, 99: 44, 100: 282, 101: 778, 102: 540, 103: 652, 104: 414, 105: 736, 106: 498, 107: 58, 108: 296, 109: 142, 110: 380, 111: 778, 112: 540, 113: 778, 114: 540, 115: 736, 116: 498, 117: 142, 118: 380, 119: 44, 120: 282, 121: 114, 122: 352, 123: 778, 124: 540, 125: 142, 126: 380, 127: 722, 128: 484, 129: 680, 130: 442, 131: 86, 132: 324, 133: 72, 134: 310, 135: 142, 136: 380, 137: 680, 138: 442, 139: 708, 140: 470, 141: 722, 142: 484, 143: 58, 144: 296, 145: 764, 146: 526, 147: 30, 148: 268, 149: 128, 150: 366, 151: 750, 152: 512, 153: 16, 154: 254, 155: 30, 156: 268, 157: 16, 158: 254, 159: 736, 160: 498, 161: 30, 162: 268, 163: 114, 164: 352, 165: 708, 166: 470, 167: 778, 168: 540, 169: 86, 170: 324, 171: 30, 172: 268, 173: 722, 174: 484, 175: 666, 176: 428, 177: 722, 178: 484, 179: 72, 180: 310, 181: 72, 182: 310, 183: 708, 184: 470, 185: 652, 186: 414, 187: 736, 188: 498, 189: 30, 190: 268, 191: 16, 192: 254, 193: 764, 194: 526, 195: 778, 196: 540, 197: 128, 198: 366, 199: 764, 200: 526}
Number of lables used:  38
Total time: 0.55 seconds
Memory used: 46.73 MB
--------------------------------------------------

Trying with at most 37 labels...
Solution:
{1: 114, 2: 352, 3: 30, 4: 268, 5: 652, 6: 414, 7: 680, 8: 442, 9: 142, 10: 380, 11: 652, 12: 414, 13: 58, 14: 296, 15: 128, 16: 366, 17: 680, 18: 442, 19: 736, 20: 498, 21: 16, 22: 254, 23: 86, 24: 324, 25: 694, 26: 456, 27: 694, 28: 456, 29: 114, 30: 352, 31: 128, 32: 366, 33: 778, 34: 540, 35: 652, 36: 414, 37: 72, 38: 310, 39: 16, 40: 254, 41: 16, 42: 254, 43: 44, 44: 282, 45: 736, 46: 498, 47: 708, 48: 470, 49: 764, 50: 526, 51: 666, 52: 428, 53: 652, 54: 414, 55: 72, 56: 310, 57: 708, 58: 470, 59: 680, 60: 442, 61: 86, 62: 324, 63: 778, 64: 540, 65: 736, 66: 498, 67: 694, 68: 456, 69: 764, 70: 526, 71: 72, 72: 310, 73: 652, 74: 414, 75: 16, 76: 254, 77: 58, 78: 296, 79: 778, 80: 540, 81: 86, 82: 324, 83: 764, 84: 526, 85: 778, 86: 540, 87: 16, 88: 254, 89: 72, 90: 310, 91: 30, 92: 268, 93: 30, 94: 268, 95: 142, 96: 380, 97: 30, 98: 268, 99: 44, 100: 282, 101: 778, 102: 540, 103: 652, 104: 414, 105: 736, 106: 498, 107: 58, 108: 296, 109: 142, 110: 380, 111: 778, 112: 540, 113: 778, 114: 540, 115: 736, 116: 498, 117: 694, 118: 456, 119: 44, 120: 282, 121: 114, 122: 352, 123: 778, 124: 540, 125: 142, 126: 380, 127: 722, 128: 484, 129: 680, 130: 442, 131: 652, 132: 414, 133: 86, 134: 324, 135: 142, 136: 380, 137: 680, 138: 442, 139: 708, 140: 470, 141: 736, 142: 498, 143: 58, 144: 296, 145: 764, 146: 526, 147: 30, 148: 268, 149: 128, 150: 366, 151: 58, 152: 296, 153: 16, 154: 254, 155: 30, 156: 268, 157: 16, 158: 254, 159: 736, 160: 498, 161: 30, 162: 268, 163: 114, 164: 352, 165: 708, 166: 470, 167: 778, 168: 540, 169: 666, 170: 428, 171: 666, 172: 428, 173: 44, 174: 282, 175: 666, 176: 428, 177: 722, 178: 484, 179: 72, 180: 310, 181: 72, 182: 310, 183: 708, 184: 470, 185: 652, 186: 414, 187: 736, 188: 498, 189: 30, 190: 268, 191: 16, 192: 254, 193: 778, 194: 540, 195: 44, 196: 282, 197: 128, 198: 366, 199: 764, 200: 526}
Number of lables used:  36
Total time: 0.56 seconds
Memory used: 46.73 MB
--------------------------------------------------

Trying with at most 35 labels...
Solution:
{1: 652, 2: 414, 3: 666, 4: 428, 5: 114, 6: 352, 7: 666, 8: 428, 9: 128, 10: 366, 11: 652, 12: 414, 13: 44, 14: 282, 15: 114, 16: 352, 17: 114, 18: 352, 19: 694, 20: 456, 21: 16, 22: 254, 23: 86, 24: 324, 25: 100, 26: 338, 27: 100, 28: 338, 29: 114, 30: 352, 31: 128, 32: 366, 33: 44, 34: 282, 35: 142, 36: 380, 37: 44, 38: 282, 39: 764, 40: 526, 41: 16, 42: 254, 43: 694, 44: 456, 45: 58, 46: 296, 47: 86, 48: 324, 49: 750, 50: 512, 51: 128, 52: 366, 53: 142, 54: 380, 55: 44, 56: 282, 57: 694, 58: 456, 59: 666, 60: 428, 61: 722, 62: 484, 63: 792, 64: 554, 65: 58, 66: 296, 67: 680, 68: 442, 69: 778, 70: 540, 71: 722, 72: 484, 73: 142, 74: 380, 75: 58, 76: 296, 77: 44, 78: 282, 79: 778, 80: 540, 81: 86, 82: 324, 83: 778, 84: 540, 85: 16, 86: 254, 87: 16, 88: 254, 89: 58, 90: 296, 91: 778, 92: 540, 93: 750, 94: 512, 95: 142, 96: 380, 97: 778, 98: 540, 99: 44, 100: 282, 101: 764, 102: 526, 103: 652, 104: 414, 105: 722, 106: 484, 107: 680, 108: 442, 109: 142, 110: 380, 111: 778, 112: 540, 113: 16, 114: 254, 115: 58, 116: 296, 117: 142, 118: 380, 119: 44, 120: 282, 121: 666, 122: 428, 123: 764, 124: 526, 125: 666, 126: 428, 127: 722, 128: 484, 129: 666, 130: 428, 131: 142, 132: 380, 133: 694, 134: 456, 135: 128, 136: 366, 137: 750, 138: 512, 139: 694, 140: 456, 141: 100, 142: 338, 143: 58, 144: 296, 145: 750, 146: 512, 147: 722, 148: 484, 149: 128, 150: 366, 151: 722, 152: 484, 153: 764, 154: 526, 155: 694, 156: 456, 157: 792, 158: 554, 159: 58, 160: 296, 161: 44, 162: 282, 163: 114, 164: 352, 165: 778, 166: 540, 167: 764, 168: 526, 169: 128, 170: 366, 171: 128, 172: 366, 173: 44, 174: 282, 175: 100, 176: 338, 177: 44, 178: 282, 179: 722, 180: 484, 181: 680, 182: 442, 183: 86, 184: 324, 185: 114, 186: 352, 187: 58, 188: 296, 189: 750, 190: 512, 191: 778, 192: 540, 193: 722, 194: 484, 195: 750, 196: 512, 197: 128, 198: 366, 199: 722, 200: 484}
Number of lables used:  34
Total time: 0.58 seconds
Memory used: 47.14 MB
--------------------------------------------------

Trying with at most 33 labels...
Solution:
{1: 694, 2: 456, 3: 142, 4: 380, 5: 30, 6: 268, 7: 142, 8: 380, 9: 142, 10: 380, 11: 694, 12: 456, 13: 778, 14: 540, 15: 114, 16: 352, 17: 16, 18: 254, 19: 736, 20: 498, 21: 764, 22: 526, 23: 86, 24: 324, 25: 736, 26: 498, 27: 736, 28: 498, 29: 114, 30: 352, 31: 142, 32: 380, 33: 44, 34: 282, 35: 142, 36: 380, 37: 72, 38: 310, 39: 792, 40: 554, 41: 16, 42: 254, 43: 722, 44: 484, 45: 736, 46: 498, 47: 694, 48: 456, 49: 736, 50: 498, 51: 128, 52: 366, 53: 142, 54: 380, 55: 44, 56: 282, 57: 86, 58: 324, 59: 114, 60: 352, 61: 86, 62: 324, 63: 778, 64: 540, 65: 778, 66: 540, 67: 694, 68: 456, 69: 30, 70: 268, 71: 142, 72: 380, 73: 142, 74: 380, 75: 736, 76: 498, 77: 736, 78: 498, 79: 16, 80: 254, 81: 694, 82: 456, 83: 764, 84: 526, 85: 16, 86: 254, 87: 16, 88: 254, 89: 764, 90: 526, 91: 764, 92: 526, 93: 30, 94: 268, 95: 170, 96: 408, 97: 30, 98: 268, 99: 764, 100: 526, 101: 16, 102: 254, 103: 142, 104: 380, 105: 778, 106: 540, 107: 44, 108: 282, 109: 142, 110: 380, 111: 16, 112: 254, 113: 792, 114: 554, 115: 44, 116: 282, 117: 142, 118: 380, 119: 44, 120: 282, 121: 114, 122: 352, 123: 792, 124: 554, 125: 142, 126: 380, 127: 72, 128: 310, 129: 694, 130: 456, 131: 142, 132: 380, 133: 72, 134: 310, 135: 142, 136: 380, 137: 114, 138: 352, 139: 722, 140: 484, 141: 680, 142: 442, 143: 778, 144: 540, 145: 778, 146: 540, 147: 722, 148: 484, 149: 128, 150: 366, 151: 736, 152: 498, 153: 16, 154: 254, 155: 680, 156: 442, 157: 764, 158: 526, 159: 44, 160: 282, 161: 736, 162: 498, 163: 722, 164: 484, 165: 86, 166: 324, 167: 16, 168: 254, 169: 128, 170: 366, 171: 680, 172: 442, 173: 44, 174: 282, 175: 680, 176: 442, 177: 44, 178: 282, 179: 72, 180: 310, 181: 680, 182: 442, 183: 86, 184: 324, 185: 86, 186: 324, 187: 722, 188: 484, 189: 764, 190: 526, 191: 16, 192: 254, 193: 722, 194: 484, 195: 44, 196: 282, 197: 128, 198: 366, 199: 764, 200: 526}
Number of lables used:  32
Total time: 0.60 seconds
Memory used: 47.27 MB
--------------------------------------------------

Trying with at most 31 labels...
Solution:
{1: 72, 2: 310, 3: 142, 4: 380, 5: 114, 6: 352, 7: 142, 8: 380, 9: 156, 10: 394, 11: 142, 12: 380, 13: 750, 14: 512, 15: 156, 16: 394, 17: 142, 18: 380, 19: 30, 20: 268, 21: 792, 22: 554, 23: 86, 24: 324, 25: 100, 26: 338, 27: 750, 28: 512, 29: 114, 30: 352, 31: 128, 32: 366, 33: 764, 34: 526, 35: 666, 36: 428, 37: 72, 38: 310, 39: 792, 40: 554, 41: 792, 42: 554, 43: 86, 44: 324, 45: 750, 46: 512, 47: 722, 48: 484, 49: 30, 50: 268, 51: 128, 52: 366, 53: 666, 54: 428, 55: 764, 56: 526, 57: 722, 58: 484, 59: 114, 60: 352, 61: 722, 62: 484, 63: 792, 64: 554, 65: 750, 66: 512, 67: 100, 68: 338, 69: 72, 70: 310, 71: 142, 72: 380, 73: 666, 74: 428, 75: 750, 76: 512, 77: 764, 78: 526, 79: 16, 80: 254, 81: 722, 82: 484, 83: 30, 84: 268, 85: 792, 86: 554, 87: 792, 88: 554, 89: 86, 90: 324, 91: 16, 92: 254, 93: 30, 94: 268, 95: 142, 96: 380, 97: 30, 98: 268, 99: 764, 100: 526, 101: 792, 102: 554, 103: 666, 104: 428, 105: 86, 106: 324, 107: 100, 108: 338, 109: 100, 110: 338, 111: 792, 112: 554, 113: 792, 114: 554, 115: 750, 116: 512, 117: 666, 118: 428, 119: 764, 120: 526, 121: 114, 122: 352, 123: 16, 124: 254, 125: 142, 126: 380, 127: 72, 128: 310, 129: 764, 130: 526, 131: 142, 132: 380, 133: 114, 134: 352, 135: 142, 136: 380, 137: 114, 138: 352, 139: 86, 140: 324, 141: 72, 142: 310, 143: 750, 144: 512, 145: 30, 146: 268, 147: 100, 148: 338, 149: 128, 150: 366, 151: 72, 152: 310, 153: 792, 154: 554, 155: 722, 156: 484, 157: 16, 158: 254, 159: 30, 160: 268, 161: 72, 162: 310, 163: 72, 164: 310, 165: 86, 166: 324, 167: 16, 168: 254, 169: 156, 170: 394, 171: 666, 172: 428, 173: 764, 174: 526, 175: 100, 176: 338, 177: 764, 178: 526, 179: 30, 180: 268, 181: 142, 182: 380, 183: 86, 184: 324, 185: 142, 186: 380, 187: 750, 188: 512, 189: 30, 190: 268, 191: 792, 192: 554, 193: 750, 194: 512, 195: 764, 196: 526, 197: 128, 198: 366, 199: 750, 200: 512}
Number of lables used:  28
Total time: 0.68 seconds
Memory used: 48.26 MB
--------------------------------------------------

Trying with at most 27 labels...
Solution:
{1: 72, 2: 310, 3: 142, 4: 380, 5: 114, 6: 352, 7: 142, 8: 380, 9: 142, 10: 380, 11: 142, 12: 380, 13: 58, 14: 296, 15: 142, 16: 380, 17: 114, 18: 352, 19: 722, 20: 484, 21: 16, 22: 254, 23: 86, 24: 324, 25: 58, 26: 296, 27: 100, 28: 338, 29: 114, 30: 352, 31: 128, 32: 366, 33: 722, 34: 484, 35: 142, 36: 380, 37: 694, 38: 456, 39: 16, 40: 254, 41: 16, 42: 254, 43: 750, 44: 512, 45: 58, 46: 296, 47: 694, 48: 456, 49: 736, 50: 498, 51: 128, 52: 366, 53: 100, 54: 338, 55: 722, 56: 484, 57: 86, 58: 324, 59: 114, 60: 352, 61: 86, 62: 324, 63: 750, 64: 512, 65: 16, 66: 254, 67: 100, 68: 338, 69: 736, 70: 498, 71: 142, 72: 380, 73: 114, 74: 352, 75: 58, 76: 296, 77: 722, 78: 484, 79: 750, 80: 512, 81: 86, 82: 324, 83: 736, 84: 498, 85: 750, 86: 512, 87: 750, 88: 512, 89: 694, 90: 456, 91: 16, 92: 254, 93: 736, 94: 498, 95: 142, 96: 380, 97: 736, 98: 498, 99: 736, 100: 498, 101: 16, 102: 254, 103: 142, 104: 380, 105: 86, 106: 324, 107: 736, 108: 498, 109: 100, 110: 338, 111: 750, 112: 512, 113: 16, 114: 254, 115: 58, 116: 296, 117: 694, 118: 456, 119: 722, 120: 484, 121: 114, 122: 352, 123: 16, 124: 254, 125: 142, 126: 380, 127: 72, 128: 310, 129: 114, 130: 352, 131: 142, 132: 380, 133: 694, 134: 456, 135: 142, 136: 380, 137: 750, 138: 512, 139: 86, 140: 324, 141: 736, 142: 498, 143: 16, 144: 254, 145: 750, 146: 512, 147: 72, 148: 310, 149: 128, 150: 366, 151: 736, 152: 498, 153: 750, 154: 512, 155: 86, 156: 324, 157: 750, 158: 512, 159: 58, 160: 296, 161: 72, 162: 310, 163: 72, 164: 310, 165: 86, 166: 324, 167: 16, 168: 254, 169: 128, 170: 366, 171: 128, 172: 366, 173: 722, 174: 484, 175: 100, 176: 338, 177: 722, 178: 484, 179: 694, 180: 456, 181: 114, 182: 352, 183: 86, 184: 324, 185: 142, 186: 380, 187: 58, 188: 296, 189: 736, 190: 498, 191: 16, 192: 254, 193: 58, 194: 296, 195: 722, 196: 484, 197: 128, 198: 366, 199: 750, 200: 512}
Number of lables used:  24
Total time: 0.80 seconds
Memory used: 49.86 MB
--------------------------------------------------

Trying with at most 23 labels...
Solution:
{1: 100, 2: 338, 3: 666, 4: 428, 5: 142, 6: 380, 7: 666, 8: 428, 9: 666, 10: 428, 11: 666, 12: 428, 13: 100, 14: 338, 15: 142, 16: 380, 17: 142, 18: 380, 19: 722, 20: 484, 21: 792, 22: 554, 23: 100, 24: 338, 25: 708, 26: 470, 27: 708, 28: 470, 29: 694, 30: 456, 31: 142, 32: 380, 33: 764, 34: 526, 35: 666, 36: 428, 37: 142, 38: 380, 39: 792, 40: 554, 41: 792, 42: 554, 43: 100, 44: 338, 45: 750, 46: 512, 47: 722, 48: 484, 49: 778, 50: 540, 51: 142, 52: 380, 53: 142, 54: 380, 55: 764, 56: 526, 57: 722, 58: 484, 59: 694, 60: 456, 61: 722, 62: 484, 63: 792, 64: 554, 65: 750, 66: 512, 67: 86, 68: 324, 69: 778, 70: 540, 71: 666, 72: 428, 73: 666, 74: 428, 75: 750, 76: 512, 77: 764, 78: 526, 79: 792, 80: 554, 81: 100, 82: 338, 83: 778, 84: 540, 85: 792, 86: 554, 87: 792, 88: 554, 89: 86, 90: 324, 91: 792, 92: 554, 93: 778, 94: 540, 95: 142, 96: 380, 97: 778, 98: 540, 99: 764, 100: 526, 101: 792, 102: 554, 103: 666, 104: 428, 105: 722, 106: 484, 107: 708, 108: 470, 109: 666, 110: 428, 111: 792, 112: 554, 113: 792, 114: 554, 115: 750, 116: 512, 117: 666, 118: 428, 119: 764, 120: 526, 121: 694, 122: 456, 123: 792, 124: 554, 125: 666, 126: 428, 127: 86, 128: 324, 129: 694, 130: 456, 131: 666, 132: 428, 133: 100, 134: 338, 135: 666, 136: 428, 137: 694, 138: 456, 139: 722, 140: 484, 141: 708, 142: 470, 143: 750, 144: 512, 145: 778, 146: 540, 147: 86, 148: 324, 149: 142, 150: 380, 151: 764, 152: 526, 153: 792, 154: 554, 155: 86, 156: 324, 157: 792, 158: 554, 159: 750, 160: 512, 161: 86, 162: 324, 163: 694, 164: 456, 165: 722, 166: 484, 167: 792, 168: 554, 169: 142, 170: 380, 171: 86, 172: 324, 173: 764, 174: 526, 175: 708, 176: 470, 177: 764, 178: 526, 179: 86, 180: 324, 181: 694, 182: 456, 183: 722, 184: 484, 185: 666, 186: 428, 187: 750, 188: 512, 189: 778, 190: 540, 191: 792, 192: 554, 193: 750, 194: 512, 195: 764, 196: 526, 197: 142, 198: 380, 199: 750, 200: 512}
Number of lables used:  22
Total time: 2.67 seconds
Memory used: 69.55 MB
--------------------------------------------------

Trying with at most 21 labels...
Solution:
{1: 100, 2: 338, 3: 142, 4: 380, 5: 142, 6: 380, 7: 142, 8: 380, 9: 142, 10: 380, 11: 142, 12: 380, 13: 750, 14: 512, 15: 114, 16: 352, 17: 114, 18: 352, 19: 750, 20: 512, 21: 792, 22: 554, 23: 86, 24: 324, 25: 100, 26: 338, 27: 100, 28: 338, 29: 114, 30: 352, 31: 128, 32: 366, 33: 750, 34: 512, 35: 142, 36: 380, 37: 72, 38: 310, 39: 792, 40: 554, 41: 778, 42: 540, 43: 86, 44: 324, 45: 750, 46: 512, 47: 86, 48: 324, 49: 778, 50: 540, 51: 128, 52: 366, 53: 142, 54: 380, 55: 764, 56: 526, 57: 86, 58: 324, 59: 114, 60: 352, 61: 86, 62: 324, 63: 792, 64: 554, 65: 750, 66: 512, 67: 100, 68: 338, 69: 778, 70: 540, 71: 142, 72: 380, 73: 142, 74: 380, 75: 750, 76: 512, 77: 764, 78: 526, 79: 792, 80: 554, 81: 86, 82: 324, 83: 778, 84: 540, 85: 792, 86: 554, 87: 792, 88: 554, 89: 72, 90: 310, 91: 792, 92: 554, 93: 778, 94: 540, 95: 142, 96: 380, 97: 764, 98: 526, 99: 764, 100: 526, 101: 792, 102: 554, 103: 142, 104: 380, 105: 86, 106: 324, 107: 100, 108: 338, 109: 142, 110: 380, 111: 792, 112: 554, 113: 792, 114: 554, 115: 750, 116: 512, 117: 142, 118: 380, 119: 764, 120: 526, 121: 114, 122: 352, 123: 792, 124: 554, 125: 142, 126: 380, 127: 72, 128: 310, 129: 114, 130: 352, 131: 142, 132: 380, 133: 72, 134: 310, 135: 142, 136: 380, 137: 114, 138: 352, 139: 86, 140: 324, 141: 100, 142: 338, 143: 750, 144: 512, 145: 778, 146: 540, 147: 72, 148: 310, 149: 128, 150: 366, 151: 764, 152: 526, 153: 792, 154: 554, 155: 86, 156: 324, 157: 778, 158: 540, 159: 750, 160: 512, 161: 72, 162: 310, 163: 114, 164: 352, 165: 86, 166: 324, 167: 792, 168: 554, 169: 128, 170: 366, 171: 128, 172: 366, 173: 750, 174: 512, 175: 100, 176: 338, 177: 764, 178: 526, 179: 72, 180: 310, 181: 114, 182: 352, 183: 86, 184: 324, 185: 142, 186: 380, 187: 750, 188: 512, 189: 778, 190: 540, 191: 792, 192: 554, 193: 750, 194: 512, 195: 764, 196: 526, 197: 128, 198: 366, 199: 778, 200: 540}
Number of lables used:  20
Total time: 5.85 seconds
Memory used: 94.64 MB
--------------------------------------------------

Trying with at most 19 labels...
[runlim] sample:		9.9 time, 10.8 real, 95.6 MB
Cannot find solution.
No more solutions found.
Optimal number of labels used:  20
Total time: 9.99 seconds
Memory used: 95.68 MB
[runlim] end:			Mon Mar  2 20:32:01 2026
[runlim] status:		ok
[runlim] result:		0
[runlim] children:		0
[runlim] real:			10.86 seconds
[runlim] time:			9.93 seconds
[runlim] space:			95.6 MB
[runlim] samples:		100
