[runlim] version:		1.10
[runlim] time limit:		311040000 seconds
[runlim] real time limit:	600 seconds
[runlim] space limit:		14000 MB
[runlim] argv[0]:		python3
[runlim] argv[1]:		-u
[runlim] argv[2]:		pairwise.py
[runlim] argv[3]:		scen05
[runlim] argv[4]:		assumptions
[runlim] start:			Mon Mar  2 20:34:13 2026
[runlim] main pid:		5867
Solve first problem:
Solution:
{13: 156, 14: 394, 15: 156, 16: 394, 53: 86, 54: 324, 71: 44, 72: 282, 79: 554, 80: 792, 81: 16, 82: 254, 83: 156, 84: 394, 85: 442, 86: 680, 117: 792, 118: 554, 119: 554, 120: 792, 127: 16, 128: 254, 129: 708, 130: 470, 143: 680, 144: 442, 145: 442, 146: 680, 151: 72, 152: 310, 153: 414, 154: 652, 163: 128, 164: 366, 165: 764, 166: 526, 179: 44, 180: 282, 181: 268, 182: 30, 183: 442, 184: 680, 191: 750, 192: 512, 193: 282, 194: 44, 205: 310, 206: 72, 209: 736, 210: 498, 211: 792, 212: 554, 213: 310, 214: 72, 217: 764, 218: 526, 219: 310, 220: 72, 233: 442, 234: 680, 235: 44, 236: 282, 237: 498, 238: 736, 255: 666, 256: 428, 259: 44, 260: 282, 261: 526, 262: 764, 263: 268, 264: 30, 265: 58, 266: 296, 267: 540, 268: 778, 269: 296, 270: 58, 271: 296, 272: 58, 273: 30, 274: 268, 275: 30, 276: 268, 277: 296, 278: 58, 281: 394, 282: 156, 283: 128, 284: 366, 285: 16, 286: 254, 287: 254, 288: 16, 289: 778, 290: 540, 291: 156, 292: 394, 293: 380, 294: 142, 295: 792, 296: 554, 299: 254, 300: 16, 301: 156, 302: 394, 303: 324, 304: 86, 305: 554, 306: 792, 307: 512, 308: 750, 309: 394, 310: 156, 311: 16, 312: 254, 313: 296, 314: 58, 321: 254, 322: 16, 323: 156, 324: 394, 325: 456, 326: 694, 327: 296, 328: 58, 329: 254, 330: 16, 335: 652, 336: 414, 337: 526, 338: 764, 341: 394, 342: 156, 343: 394, 344: 156, 349: 282, 350: 44, 351: 694, 352: 456, 353: 680, 354: 442, 369: 750, 370: 512, 371: 428, 372: 666, 373: 666, 374: 428, 375: 128, 376: 366, 377: 352, 378: 114, 379: 352, 380: 114, 381: 58, 382: 296, 385: 764, 386: 526, 391: 722, 392: 484, 393: 764, 394: 526, 401: 366, 402: 128, 403: 282, 404: 44, 405: 428, 406: 666, 413: 764, 414: 526, 435: 30, 436: 268, 439: 394, 440: 156, 443: 58, 444: 296, 449: 764, 450: 526, 471: 750, 472: 512, 473: 352, 474: 114, 475: 470, 476: 708, 477: 680, 478: 442, 479: 268, 480: 30, 481: 128, 482: 366, 517: 680, 518: 442, 519: 428, 520: 666, 537: 142, 538: 380, 539: 86, 540: 324, 541: 414, 542: 652, 545: 652, 546: 414, 551: 792, 552: 554, 553: 254, 554: 16, 555: 442, 556: 680, 557: 540, 558: 778, 559: 380, 560: 142, 561: 128, 562: 366, 563: 708, 564: 470, 565: 540, 566: 778, 567: 268, 568: 30, 569: 540, 570: 778, 571: 470, 572: 708, 573: 30, 574: 268, 575: 44, 576: 282, 577: 554, 578: 792, 579: 652, 580: 414, 581: 16, 582: 254, 583: 778, 584: 540, 585: 380, 586: 142, 587: 680, 588: 442, 589: 380, 590: 142, 591: 526, 592: 764, 593: 268, 594: 30, 595: 428, 596: 666, 597: 296, 598: 58, 599: 694, 600: 456, 601: 282, 602: 44, 603: 470, 604: 708, 605: 268, 606: 30, 607: 324, 608: 86, 613: 310, 614: 72, 615: 86, 616: 324, 617: 750, 618: 512, 619: 540, 620: 778, 621: 540, 622: 778, 623: 778, 624: 540, 625: 30, 626: 268, 629: 282, 630: 44, 631: 428, 632: 666, 633: 128, 634: 366, 635: 708, 636: 470, 639: 86, 640: 324, 641: 114, 642: 352, 643: 114, 644: 352, 645: 16, 646: 254, 651: 254, 652: 16, 653: 666, 654: 428, 661: 652, 662: 414, 663: 456, 664: 694, 665: 394, 666: 156, 667: 778, 668: 540, 671: 310, 672: 72, 711: 254, 712: 16, 713: 296, 714: 58, 715: 694, 716: 456, 717: 142, 718: 380, 719: 254, 720: 16, 721: 554, 722: 792, 723: 442, 724: 680, 739: 694, 740: 456, 741: 442, 742: 680, 743: 352, 744: 114, 745: 58, 746: 296, 747: 512, 748: 750, 751: 526, 752: 764, 753: 30, 754: 268, 755: 694, 756: 456, 757: 142, 758: 380, 759: 540, 760: 778, 763: 540, 764: 778, 765: 16, 766: 254, 767: 324, 768: 86, 769: 268, 770: 30, 773: 128, 774: 366, 775: 526, 776: 764, 783: 778, 784: 540, 785: 722, 786: 484, 787: 540, 788: 778, 789: 282, 790: 44, 791: 750, 792: 512, 793: 268, 794: 30, 795: 512, 796: 750, 797: 428, 798: 666, 799: 282, 800: 44, 801: 764, 802: 526, 803: 114, 804: 352, 805: 30, 806: 268, 807: 128, 808: 366, 809: 484, 810: 722, 811: 428, 812: 666, 813: 268, 814: 30, 815: 470, 816: 708, 817: 282, 818: 44, 825: 268, 826: 30, 827: 694, 828: 456, 829: 764, 830: 526, 879: 268, 880: 30, 911: 114, 912: 352, 913: 380, 914: 142, 915: 44, 916: 282}
Number of lables used:  42
Total time: 0.52 seconds
Memory used: 43.86 MB
--------------------------------------------------

Trying with at most 41 labels...
Solution:
{13: 156, 14: 394, 15: 156, 16: 394, 53: 86, 54: 324, 71: 30, 72: 268, 79: 554, 80: 792, 81: 352, 82: 114, 83: 142, 84: 380, 85: 428, 86: 666, 117: 792, 118: 554, 119: 554, 120: 792, 127: 30, 128: 268, 129: 708, 130: 470, 143: 680, 144: 442, 145: 456, 146: 694, 151: 72, 152: 310, 153: 428, 154: 666, 163: 156, 164: 394, 165: 778, 166: 540, 179: 44, 180: 282, 181: 282, 182: 44, 183: 442, 184: 680, 191: 736, 192: 498, 193: 268, 194: 30, 205: 310, 206: 72, 209: 736, 210: 498, 211: 792, 212: 554, 213: 310, 214: 72, 217: 764, 218: 526, 219: 310, 220: 72, 233: 442, 234: 680, 235: 44, 236: 282, 237: 484, 238: 722, 255: 86, 256: 324, 259: 16, 260: 254, 261: 282, 262: 44, 263: 268, 264: 30, 265: 44, 266: 282, 267: 540, 268: 778, 269: 296, 270: 58, 271: 296, 272: 58, 273: 30, 274: 268, 275: 30, 276: 268, 277: 296, 278: 58, 281: 394, 282: 156, 283: 128, 284: 366, 285: 16, 286: 254, 287: 254, 288: 16, 289: 778, 290: 540, 291: 156, 292: 394, 293: 380, 294: 142, 295: 792, 296: 554, 299: 254, 300: 16, 301: 156, 302: 394, 303: 324, 304: 86, 305: 554, 306: 792, 307: 526, 308: 764, 309: 394, 310: 156, 311: 16, 312: 254, 313: 296, 314: 58, 321: 254, 322: 16, 323: 156, 324: 394, 325: 456, 326: 694, 327: 282, 328: 44, 329: 254, 330: 16, 335: 764, 336: 526, 337: 554, 338: 792, 341: 394, 342: 156, 343: 394, 344: 156, 349: 268, 350: 30, 351: 694, 352: 456, 353: 694, 354: 456, 369: 764, 370: 526, 371: 428, 372: 666, 373: 708, 374: 470, 375: 128, 376: 366, 377: 352, 378: 114, 379: 366, 380: 128, 381: 86, 382: 324, 385: 778, 386: 540, 391: 722, 392: 484, 393: 764, 394: 526, 401: 366, 402: 128, 403: 268, 404: 30, 405: 428, 406: 666, 413: 694, 414: 456, 435: 736, 436: 498, 439: 394, 440: 156, 443: 86, 444: 324, 449: 764, 450: 526, 471: 722, 472: 484, 473: 352, 474: 114, 475: 324, 476: 86, 477: 680, 478: 442, 479: 268, 480: 30, 481: 666, 482: 428, 517: 666, 518: 428, 519: 428, 520: 666, 537: 128, 538: 366, 539: 72, 540: 310, 541: 414, 542: 652, 545: 652, 546: 414, 551: 792, 552: 554, 553: 282, 554: 44, 555: 442, 556: 680, 557: 526, 558: 764, 559: 366, 560: 128, 561: 114, 562: 352, 563: 708, 564: 470, 565: 540, 566: 778, 567: 324, 568: 86, 569: 540, 570: 778, 571: 470, 572: 708, 573: 58, 574: 296, 575: 44, 576: 282, 577: 554, 578: 792, 579: 680, 580: 442, 581: 16, 582: 254, 583: 778, 584: 540, 585: 366, 586: 128, 587: 694, 588: 456, 589: 310, 590: 72, 591: 526, 592: 764, 593: 268, 594: 30, 595: 428, 596: 666, 597: 296, 598: 58, 599: 694, 600: 456, 601: 268, 602: 30, 603: 470, 604: 708, 605: 268, 606: 30, 607: 324, 608: 86, 613: 310, 614: 72, 615: 86, 616: 324, 617: 764, 618: 526, 619: 540, 620: 778, 621: 540, 622: 778, 623: 778, 624: 540, 625: 30, 626: 268, 629: 310, 630: 72, 631: 484, 632: 722, 633: 114, 634: 352, 635: 680, 636: 442, 639: 86, 640: 324, 641: 114, 642: 352, 643: 114, 644: 352, 645: 72, 646: 310, 651: 254, 652: 16, 653: 694, 654: 456, 661: 778, 662: 540, 663: 442, 664: 680, 665: 394, 666: 156, 667: 778, 668: 540, 671: 310, 672: 72, 711: 254, 712: 16, 713: 296, 714: 58, 715: 694, 716: 456, 717: 128, 718: 366, 719: 254, 720: 16, 721: 554, 722: 792, 723: 456, 724: 694, 739: 694, 740: 456, 741: 442, 742: 680, 743: 352, 744: 114, 745: 44, 746: 282, 747: 498, 748: 736, 751: 526, 752: 764, 753: 58, 754: 296, 755: 680, 756: 442, 757: 142, 758: 380, 759: 540, 760: 778, 763: 540, 764: 778, 765: 16, 766: 254, 767: 324, 768: 86, 769: 268, 770: 30, 773: 128, 774: 366, 775: 526, 776: 764, 783: 30, 784: 268, 785: 708, 786: 470, 787: 540, 788: 778, 789: 268, 790: 30, 791: 694, 792: 456, 793: 268, 794: 30, 795: 526, 796: 764, 797: 442, 798: 680, 799: 268, 800: 30, 801: 764, 802: 526, 803: 296, 804: 58, 805: 694, 806: 456, 807: 72, 808: 310, 809: 540, 810: 778, 811: 470, 812: 708, 813: 268, 814: 30, 815: 470, 816: 708, 817: 268, 818: 30, 825: 268, 826: 30, 827: 694, 828: 456, 829: 764, 830: 526, 879: 268, 880: 30, 911: 114, 912: 352, 913: 282, 914: 44, 915: 44, 916: 282}
Number of lables used:  40
Total time: 0.54 seconds
Memory used: 44.49 MB
--------------------------------------------------

Trying with at most 39 labels...
Cannot find solution.
No more solutions found.
Optimal number of labels used:  40
Total time: 0.54 seconds
Memory used: 44.52 MB
[runlim] end:			Mon Mar  2 20:34:13 2026
[runlim] status:		ok
[runlim] result:		0
[runlim] children:		0
[runlim] real:			0.59 seconds
[runlim] time:			0.49 seconds
[runlim] space:			41.6 MB
[runlim] samples:		5
