[runlim] version:		1.10
[runlim] time limit:		311040000 seconds
[runlim] real time limit:	600 seconds
[runlim] space limit:		14000 MB
[runlim] argv[0]:		python3
[runlim] argv[1]:		-u
[runlim] argv[2]:		pairwise.py
[runlim] argv[3]:		TUD916.5
[runlim] argv[4]:		assumptions
[runlim] start:			Mon Mar  2 20:34:52 2026
[runlim] main pid:		5912
Warning: variable 41 has no valid labels after preprocessing.
Solve first problem:
Cannot find solution.
[runlim] end:			Mon Mar  2 20:34:52 2026
[runlim] status:		ok
[runlim] result:		0
[runlim] children:		0
[runlim] real:			0.97 seconds
[runlim] time:			0.88 seconds
[runlim] space:			23.7 MB
[runlim] samples:		9
