[runlim] version:		1.10
[runlim] time limit:		311040000 seconds
[runlim] real time limit:	600 seconds
[runlim] space limit:		14000 MB
[runlim] argv[0]:		python3
[runlim] argv[1]:		-u
[runlim] argv[2]:		pairwise_no_preprocessing.py
[runlim] argv[3]:		scen06
[runlim] argv[4]:		assumptions
[runlim] start:			Thu Mar 12 16:50:10 2026
[runlim] main pid:		5896
Solve first problem:
Cannot find solution.
Time taken: 0.68 seconds 
Memory used: 61.63 MB
[runlim] end:			Thu Mar 12 16:50:11 2026
[runlim] status:		ok
[runlim] result:		0
[runlim] children:		0
[runlim] real:			1.54 seconds
[runlim] time:			0.70 seconds
[runlim] space:			61.2 MB
[runlim] samples:		7
