[runlim] version:		1.10
[runlim] time limit:		311040000 seconds
[runlim] real time limit:	600 seconds
[runlim] space limit:		14000 MB
[runlim] argv[0]:		python3
[runlim] argv[1]:		-u
[runlim] argv[2]:		pairwise_no_preprocessing.py
[runlim] argv[3]:		scen09
[runlim] argv[4]:		assumptions
[runlim] start:			Thu Mar 12 16:50:15 2026
[runlim] main pid:		5906
Solve first problem:
Cannot find solution.
Time taken: 0.11 seconds 
Memory used: 21.71 MB
[runlim] end:			Thu Mar 12 16:50:16 2026
[runlim] status:		ok
[runlim] result:		0
[runlim] children:		0
[runlim] real:			1.10 seconds
[runlim] time:			0.09 seconds
[runlim] space:			21.6 MB
[runlim] samples:		1
