[runlim] version:		2.0.0rc12
[runlim] host:			ap-Precision-7550
[runlim] time limit:		311040000 seconds
[runlim] real time limit:	600 seconds
[runlim] space limit:		14000 MB
[runlim] argv[0]:		python3
[runlim] argv[1]:		-u
[runlim] argv[2]:		main_no_processing.py
[runlim] argv[3]:		graph13
[runlim] argv[4]:		CARD
[runlim] argv[5]:		3
[runlim] argv[6]:		3
[runlim] start:			Sun Jun 21 18:34:14 2026
[runlim] child:			14301
--- CARD [Exactly-One: 3, AMO: 3] ---
[runlim] sample:		10.00 time, 10.01 real, 1482 MB, 1.00 load
 solving MaxSAT (RC2)...
[runlim] sample:		19.99 time, 20.01 real, 3117 MB, 1.00 load
No solution found.
--------------------------------------------------
Time taken: 29.27 seconds
Memory used: 5195.57 MB
[runlim] sample:		29.99 time, 30.01 real, 3051 MB, 1.00 load
[runlim] end:			Sun Jun 21 18:34:44 2026
[runlim] status:		ok
[runlim] result:		0
[runlim] children:		1
[runlim] processes:		2
[runlim] real:			30.40 seconds
[runlim] time:			30.29 seconds
[runlim] space:			6971 MB
[runlim] load:			1.00 maximum
[runlim] samples:		304
