[runlim] version:		2.0.0rc12
[runlim] host:			ap-Precision-7550
[runlim] time limit:		311040000 seconds
[runlim] real time limit:	600 seconds
[runlim] space limit:		14000 MB
[runlim] argv[0]:		python3
[runlim] argv[1]:		-u
[runlim] argv[2]:		main_no_processing.py
[runlim] argv[3]:		scen07
[runlim] argv[4]:		CARD
[runlim] argv[5]:		3
[runlim] argv[6]:		3
[runlim] start:			Sun Jun 21 19:27:42 2026
[runlim] child:			14466
--- CARD [Exactly-One: 3, AMO: 3] ---
[runlim] sample:		10.00 time, 10.01 real, 1496 MB, 1.02 load
 solving MaxSAT (RC2)...
No solution found.
--------------------------------------------------
Time taken: 18.19 seconds
Memory used: 3128.64 MB
[runlim] end:			Sun Jun 21 19:28:01 2026
[runlim] status:		ok
[runlim] result:		0
[runlim] children:		1
[runlim] processes:		2
[runlim] real:			19.03 seconds
[runlim] time:			18.99 seconds
[runlim] space:			4249 MB
[runlim] load:			1.03 maximum
[runlim] samples:		191
