[runlim] version:		2.0.0rc12
[runlim] host:			ap-Precision-7550
[runlim] time limit:		311040000 seconds
[runlim] real time limit:	600 seconds
[runlim] space limit:		14000 MB
[runlim] argv[0]:		python3
[runlim] argv[1]:		-u
[runlim] argv[2]:		main_no_processing.py
[runlim] argv[3]:		TUD200.2
[runlim] argv[4]:		CARD
[runlim] argv[5]:		3
[runlim] argv[6]:		3
[runlim] start:			Sun Jun 21 19:39:32 2026
[runlim] child:			14526
--- CARD [Exactly-One: 3, AMO: 3] ---
 solving MaxSAT (RC2)...
[runlim] sample:		9.99 time, 10.01 real, 1791 MB, 1.01 load
[runlim] sample:		19.99 time, 20.01 real, 1791 MB, 1.01 load
[runlim] sample:		29.99 time, 30.01 real, 1791 MB, 1.01 load
[runlim] sample:		39.98 time, 40.01 real, 1791 MB, 1.01 load
[runlim] sample:		49.98 time, 50.01 real, 1791 MB, 1.00 load
[runlim] sample:		59.98 time, 60.01 real, 1791 MB, 1.00 load
[runlim] sample:		69.97 time, 70.01 real, 1791 MB, 1.00 load
[runlim] sample:		79.97 time, 80.01 real, 1791 MB, 1.00 load
[runlim] sample:		89.96 time, 90.01 real, 1791 MB, 1.00 load
[runlim] sample:		99.96 time, 100.01 real, 1791 MB, 1.00 load
[runlim] sample:		109.96 time, 110.01 real, 1791 MB, 1.00 load
[runlim] sample:		119.96 time, 120.01 real, 1791 MB, 1.00 load
[runlim] sample:		129.95 time, 130.01 real, 1791 MB, 1.00 load
[runlim] sample:		139.95 time, 140.01 real, 1791 MB, 1.00 load
[runlim] sample:		149.94 time, 150.01 real, 1791 MB, 1.00 load
[runlim] sample:		159.94 time, 160.01 real, 1791 MB, 1.00 load

--------------------------------------------------
Found solution!
Number of labels used: 46
--------------------------------------------------
Time taken: 161.13 seconds
Memory used: 1447.94 MB
[runlim] end:			Sun Jun 21 19:42:13 2026
[runlim] status:		ok
[runlim] result:		0
[runlim] children:		1
[runlim] processes:		2
[runlim] real:			161.47 seconds
[runlim] time:			161.34 seconds
[runlim] space:			1884 MB
[runlim] load:			1.01 maximum
[runlim] samples:		1615
