[runlim] version:		2.0.0rc12
[runlim] host:			ap-Precision-7550
[runlim] time limit:		311040000 seconds
[runlim] real time limit:	600 seconds
[runlim] space limit:		14000 MB
[runlim] argv[0]:		python3
[runlim] argv[1]:		-u
[runlim] argv[2]:		main_no_processing.py
[runlim] argv[3]:		TUD200.5
[runlim] argv[4]:		CARD
[runlim] argv[5]:		3
[runlim] argv[6]:		3
[runlim] start:			Sun Jun 21 19:44:42 2026
[runlim] child:			14549
--- CARD [Exactly-One: 3, AMO: 3] ---
 solving MaxSAT (RC2)...
No solution found.
--------------------------------------------------
Time taken: 6.00 seconds
Memory used: 1018.23 MB
[runlim] end:			Sun Jun 21 19:44:48 2026
[runlim] status:		ok
[runlim] result:		0
[runlim] children:		1
[runlim] processes:		2
[runlim] real:			6.29 seconds
[runlim] time:			6.19 seconds
[runlim] space:			1373 MB
[runlim] load:			1.02 maximum
[runlim] samples:		63
