[runlim] version:		2.0.0rc12
[runlim] host:			ap-Precision-7550
[runlim] time limit:		311040000 seconds
[runlim] real time limit:	600 seconds
[runlim] space limit:		14000 MB
[runlim] argv[0]:		python3
[runlim] argv[1]:		cp_no.py
[runlim] argv[2]:		scen02
[runlim] start:			Tue Mar 24 03:17:37 2026
[runlim] child:			17941
Building CP model...
Solving CP Optimizer...
 ! --------------------------------------------------- CP Optimizer 22.1.1.0 --
 ! Minimization problem - 8048 variables, 199457 constraints
 ! Presolve      : 199659 extractables eliminated
 ! LogVerbosity         = Terse
 ! Initial process time : 1.60s (1.59s extraction + 0.02s propagation)
 !  . Log search space  : 8048.0 (before), 8048.0 (after)
 !  . Memory usage      : 31.5 MB (before), 31.5 MB (after)
 ! Using parallel search with 12 workers.
 ! ----------------------------------------------------------------------------
 !          Best Branches  Non-fixed    W       Branch decision
                        0       8048                 -
 + New bound is 0
                        0       8048    1            -
 + New bound is 1
 *            44      224  3.21s        3      (gap is 97.73%)
 *            42      458  3.25s        6      (gap is 97.62%)
 *            40     2780  3.62s        6      (gap is 97.50%)
 *            30     2963  3.65s        8      (gap is 96.67%)
 *            29     5396  4.40s       12      (gap is 96.55%)
 *            28     6283  5.20s        8      (gap is 96.43%)
 *            27     8062  5.95s        6      (gap is 96.30%)
[runlim] sample:		42.83 time, 10.01 real, 1433 MB, 3.63 load
 *            26     7465  6.37s        8      (gap is 96.15%)
 *            24    10168  7.71s        8      (gap is 95.83%)
 *            23    10660  8.60s        8      (gap is 95.65%)
 *            22    13108  9.19s        3      (gap is 95.45%)
 *            21    12651  9.82s        5      (gap is 95.24%)
 *            20    18444  10.52s       8      (gap is 95.00%)
 *            19    20612  11.48s       3      (gap is 94.74%)
 *            18    20824  11.50s       6      (gap is 94.44%)
 *            17    24615  12.65s       8      (gap is 94.12%)
 *            16    24751  12.92s       8      (gap is 93.75%)
 *            15    34871  14.60s       1      (gap is 93.33%)
 ! Time = 14.60s, Average fail depth = 976, Memory usage = 974.7 MB
 ! Current bound is 1 (gap is 93.33%)
 !          Best Branches  Non-fixed    W       Branch decision
 *            14    33353  15.30s       9      (gap is 92.86%)
[runlim] sample:		110.82 time, 20.01 real, 1452 MB, 4.54 load
[runlim] sample:		173.00 time, 30.01 real, 1467 MB, 4.75 load
[runlim] sample:		236.38 time, 40.01 real, 1504 MB, 5.05 load
[runlim] sample:		299.62 time, 50.01 real, 1516 MB, 6.12 load
[runlim] sample:		368.36 time, 60.01 real, 1533 MB, 6.07 load
[runlim] sample:		455.11 time, 70.01 real, 1545 MB, 6.76 load
[runlim] sample:		537.98 time, 80.02 real, 1552 MB, 7.01 load
[runlim] sample:		610.99 time, 90.01 real, 1555 MB, 6.96 load
[runlim] sample:		691.44 time, 100.01 real, 1564 MB, 7.18 load
[runlim] sample:		774.99 time, 110.02 real, 1565 MB, 7.15 load
[runlim] sample:		856.75 time, 120.02 real, 1568 MB, 7.75 load
[runlim] sample:		941.66 time, 130.02 real, 1570 MB, 8.08 load
[runlim] sample:		1026.19 time, 140.01 real, 1571 MB, 7.96 load
              14     316k        390    9   F     0 != x_614_296
 + New bound is 2 (gap is 85.71%)
[runlim] sample:		1108.33 time, 150.02 real, 1571 MB, 8.43 load
[runlim] sample:		1191.04 time, 160.01 real, 1571 MB, 8.58 load
[runlim] sample:		1272.42 time, 170.02 real, 1571 MB, 9.03 load
[runlim] sample:		1360.25 time, 180.01 real, 1571 MB, 8.85 load
[runlim] sample:		1446.78 time, 190.02 real, 1571 MB, 9.04 load
[runlim] sample:		1528.82 time, 200.01 real, 1571 MB, 9.01 load
[runlim] sample:		1610.42 time, 210.02 real, 1571 MB, 8.78 load
[runlim] sample:		1692.25 time, 220.02 real, 1571 MB, 9.05 load
[runlim] sample:		1774.63 time, 230.01 real, 1571 MB, 9.51 load
[runlim] sample:		1854.13 time, 240.01 real, 1571 MB, 9.14 load
[runlim] sample:		1929.46 time, 250.01 real, 1571 MB, 7.89 load
[runlim] sample:		2006.14 time, 260.01 real, 1571 MB, 7.80 load
[runlim] sample:		2080.46 time, 270.01 real, 1571 MB, 6.75 load
[runlim] sample:		2154.36 time, 280.02 real, 1571 MB, 7.27 load
[runlim] sample:		2225.01 time, 290.01 real, 1571 MB, 7.53 load
[runlim] sample:		2285.99 time, 300.01 real, 1572 MB, 6.89 load
[runlim] sample:		2346.26 time, 310.01 real, 1572 MB, 7.39 load
[runlim] sample:		2409.93 time, 320.01 real, 1572 MB, 7.36 load
[runlim] sample:		2471.79 time, 330.01 real, 1572 MB, 7.86 load
[runlim] sample:		2525.38 time, 340.01 real, 1573 MB, 6.81 load
[runlim] sample:		2575.68 time, 350.01 real, 1575 MB, 6.58 load
[runlim] sample:		2629.64 time, 360.02 real, 1575 MB, 5.72 load
[runlim] sample:		2680.17 time, 370.01 real, 1575 MB, 4.99 load
[runlim] sample:		2728.18 time, 380.01 real, 1575 MB, 4.38 load
[runlim] sample:		2774.11 time, 390.01 real, 1575 MB, 4.74 load
[runlim] sample:		2815.95 time, 400.01 real, 1575 MB, 4.31 load
[runlim] sample:		2854.43 time, 410.01 real, 1576 MB, 3.88 load
[runlim] sample:		2898.59 time, 420.01 real, 1576 MB, 3.51 load
[runlim] sample:		2973.75 time, 430.01 real, 1576 MB, 3.94 load
[runlim] sample:		3054.32 time, 440.01 real, 1577 MB, 4.55 load
[runlim] sample:		3132.71 time, 450.02 real, 1577 MB, 5.15 load
[runlim] sample:		3214.40 time, 460.02 real, 1578 MB, 5.65 load
[runlim] sample:		3292.67 time, 470.02 real, 1578 MB, 6.01 load
[runlim] sample:		3371.48 time, 480.01 real, 1578 MB, 6.71 load
[runlim] sample:		3447.30 time, 490.02 real, 1578 MB, 6.61 load
[runlim] sample:		3527.05 time, 500.02 real, 1578 MB, 6.22 load
[runlim] sample:		3608.86 time, 510.01 real, 1579 MB, 7.03 load
[runlim] sample:		3685.36 time, 520.02 real, 1579 MB, 7.05 load
[runlim] sample:		3761.91 time, 530.01 real, 1579 MB, 7.52 load
[runlim] sample:		3840.72 time, 540.01 real, 1579 MB, 7.58 load
[runlim] sample:		3918.23 time, 550.01 real, 1580 MB, 7.96 load
[runlim] sample:		3992.58 time, 560.01 real, 1580 MB, 8.42 load
[runlim] sample:		4067.68 time, 570.01 real, 1580 MB, 8.49 load
[runlim] sample:		4145.07 time, 580.01 real, 1581 MB, 8.55 load
[runlim] sample:		4217.04 time, 590.01 real, 1581 MB, 8.34 load
[runlim] sample:		4293.38 time, 600.01 real, 1582 MB, 8.04 load
[runlim] end:			Tue Mar 24 03:27:38 2026
[runlim] status:		out of time
[runlim] result:		2
[runlim] children:		2
[runlim] processes:		3
[runlim] real:			601.07 seconds
[runlim] time:			4293.38 seconds
[runlim] space:			1675 MB
[runlim] load:			9.51 maximum
[runlim] samples:		6000
