[runlim] version:		2.0.0rc12
[runlim] host:			ap-Precision-7550
[runlim] time limit:		311040000 seconds
[runlim] real time limit:	600 seconds
[runlim] space limit:		14000 MB
[runlim] argv[0]:		python3
[runlim] argv[1]:		cp_no.py
[runlim] argv[2]:		scen03
[runlim] start:			Tue Mar 24 03:27:38 2026
[runlim] child:			17987
[runlim] sample:		9.99 time, 10.01 real, 1151 MB, 6.41 load
Building CP model...
Solving CP Optimizer...
 ! --------------------------------------------------- CP Optimizer 22.1.1.0 --
 ! Minimization problem - 15940 variables, 405233 constraints
 ! Presolve      : 405635 extractables eliminated
 ! LogVerbosity         = Terse
 ! Initial process time : 3.23s (3.22s extraction + 0.01s propagation)
 !  . Log search space  : 15940.0 (before), 15940.0 (after)
 !  . Memory usage      : 62.8 MB (before), 62.8 MB (after)
 ! Using parallel search with 12 workers.
 ! ----------------------------------------------------------------------------
 !          Best Branches  Non-fixed    W       Branch decision
                        0      15940                 -
 + New bound is 0
                        0      15940    1            -
 + New bound is 1
 *            47      558  7.17s        8      (gap is 97.87%)
 *            44      407  7.23s       12      (gap is 97.73%)
 *            43      868  7.30s       12      (gap is 97.67%)
 *            42     1296  8.63s       12      (gap is 97.62%)
 *            41     1851  8.69s       12      (gap is 97.56%)
[runlim] sample:		77.96 time, 20.01 real, 2326 MB, 6.25 load
 *            40     5356  14.36s       3      (gap is 97.50%)
 *            39     6455  17.69s      10      (gap is 97.44%)
 *            38    11924  18.84s      12      (gap is 97.37%)
[runlim] sample:		140.01 time, 30.01 real, 2420 MB, 6.47 load
 *            37    13724  22.47s       8      (gap is 97.30%)
 *            36    13950  25.09s       8      (gap is 97.22%)
[runlim] sample:		198.45 time, 40.01 real, 2457 MB, 6.10 load
 *            35    16291  32.92s       6      (gap is 97.14%)
 *            34    16741  34.96s       6      (gap is 97.06%)
[runlim] sample:		247.97 time, 50.02 real, 2540 MB, 5.77 load
 *            17    32980  44.94s       7      (gap is 94.12%)
[runlim] sample:		308.19 time, 60.01 real, 2652 MB, 5.48 load
[runlim] sample:		375.62 time, 70.01 real, 2679 MB, 6.26 load
[runlim] sample:		439.40 time, 80.01 real, 2769 MB, 6.08 load
 *            16    52304  76.54s      12      (gap is 93.75%)
[runlim] sample:		502.48 time, 90.01 real, 2851 MB, 6.40 load
[runlim] sample:		562.28 time, 100.02 real, 2900 MB, 5.87 load
[runlim] sample:		622.10 time, 110.01 real, 2979 MB, 6.41 load
[runlim] sample:		686.64 time, 120.02 real, 3061 MB, 6.87 load
[runlim] sample:		754.14 time, 130.01 real, 3124 MB, 6.69 load
[runlim] sample:		821.84 time, 140.02 real, 3184 MB, 6.98 load
[runlim] sample:		892.26 time, 150.01 real, 3203 MB, 7.75 load
[runlim] sample:		961.37 time, 160.02 real, 3247 MB, 8.25 load
[runlim] sample:		1033.30 time, 170.02 real, 3276 MB, 8.53 load
 *            15     193k  168.13s      1      (gap is 93.33%)
[runlim] sample:		1105.77 time, 180.02 real, 3302 MB, 8.84 load
 *            14     140k  174.10s      2      (gap is 92.86%)
[runlim] sample:		1173.45 time, 190.01 real, 3318 MB, 8.93 load
[runlim] sample:		1244.91 time, 200.02 real, 3319 MB, 8.59 load
[runlim] sample:		1322.57 time, 210.02 real, 3320 MB, 8.30 load
[runlim] sample:		1401.23 time, 220.02 real, 3322 MB, 8.43 load
[runlim] sample:		1482.13 time, 230.02 real, 3330 MB, 8.46 load
[runlim] sample:		1557.06 time, 240.01 real, 3332 MB, 7.88 load
[runlim] sample:		1632.66 time, 250.01 real, 3336 MB, 7.88 load
[runlim] sample:		1706.75 time, 260.01 real, 3350 MB, 8.19 load
[runlim] sample:		1778.85 time, 270.02 real, 3361 MB, 8.46 load
[runlim] sample:		1848.06 time, 280.01 real, 3365 MB, 7.46 load
[runlim] sample:		1912.44 time, 290.02 real, 3368 MB, 7.67 load
[runlim] sample:		1979.36 time, 300.02 real, 3368 MB, 7.94 load
[runlim] sample:		2053.31 time, 310.01 real, 3370 MB, 8.56 load
[runlim] sample:		2124.49 time, 320.02 real, 3380 MB, 8.18 load
[runlim] sample:		2195.30 time, 330.01 real, 3380 MB, 8.40 load
[runlim] sample:		2266.54 time, 340.02 real, 3396 MB, 8.58 load
[runlim] sample:		2348.28 time, 350.01 real, 3396 MB, 7.49 load
[runlim] sample:		2424.97 time, 360.01 real, 3398 MB, 8.11 load
[runlim] sample:		2496.28 time, 370.02 real, 3405 MB, 8.31 load
[runlim] sample:		2570.38 time, 380.01 real, 3409 MB, 8.57 load
[runlim] sample:		2649.49 time, 390.02 real, 3409 MB, 8.61 load
[runlim] sample:		2727.14 time, 400.02 real, 3409 MB, 8.57 load
[runlim] sample:		2808.30 time, 410.01 real, 3409 MB, 8.81 load
[runlim] sample:		2885.11 time, 420.02 real, 3409 MB, 8.76 load
[runlim] sample:		2955.50 time, 430.02 real, 3409 MB, 7.96 load
[runlim] sample:		3026.51 time, 440.02 real, 3409 MB, 7.59 load
[runlim] sample:		3093.21 time, 450.01 real, 3410 MB, 7.25 load
[runlim] sample:		3162.05 time, 460.01 real, 3410 MB, 7.67 load
[runlim] sample:		3229.36 time, 470.02 real, 3410 MB, 7.79 load
[runlim] sample:		3302.53 time, 480.01 real, 3410 MB, 6.98 load
[runlim] sample:		3376.54 time, 490.02 real, 3412 MB, 7.11 load
[runlim] sample:		3446.79 time, 500.02 real, 3412 MB, 7.16 load
[runlim] sample:		3517.79 time, 510.02 real, 3412 MB, 7.29 load
[runlim] sample:		3594.66 time, 520.02 real, 3412 MB, 7.70 load
[runlim] sample:		3672.98 time, 530.01 real, 3412 MB, 7.70 load
[runlim] sample:		3745.33 time, 540.02 real, 3412 MB, 7.58 load
[runlim] sample:		3818.57 time, 550.01 real, 3412 MB, 8.17 load
[runlim] sample:		3897.60 time, 560.01 real, 3412 MB, 8.84 load
[runlim] sample:		3972.15 time, 570.01 real, 3412 MB, 7.64 load
[runlim] sample:		4050.72 time, 580.01 real, 3412 MB, 8.39 load
[runlim] sample:		4125.93 time, 590.01 real, 3413 MB, 8.22 load
[runlim] sample:		4200.20 time, 600.01 real, 3413 MB, 7.78 load
[runlim] end:			Tue Mar 24 03:37:39 2026
[runlim] status:		out of time
[runlim] result:		2
[runlim] children:		2
[runlim] processes:		3
[runlim] real:			601.06 seconds
[runlim] time:			4200.20 seconds
[runlim] space:			3413 MB
[runlim] load:			9.10 maximum
[runlim] samples:		6000
