[runlim] version:		2.0.0rc12
[runlim] host:			ap-Precision-7550
[runlim] time limit:		311040000 seconds
[runlim] real time limit:	600 seconds
[runlim] space limit:		14000 MB
[runlim] argv[0]:		python3
[runlim] argv[1]:		cp_no.py
[runlim] argv[2]:		TUD916.5
[runlim] start:			Tue Mar 24 05:11:31 2026
[runlim] child:			19321
[runlim] sample:		9.98 time, 10.01 real, 577 MB, 3.04 load
[runlim] sample:		19.97 time, 20.01 real, 1140 MB, 2.73 load
[runlim] sample:		29.92 time, 30.01 real, 2020 MB, 2.46 load
[runlim] sample:		39.91 time, 40.01 real, 2158 MB, 2.24 load
[runlim] sample:		49.91 time, 50.01 real, 3446 MB, 2.05 load
[runlim] sample:		59.90 time, 60.01 real, 5420 MB, 1.89 load
[runlim] sample:		69.89 time, 70.01 real, 7098 MB, 1.75 load
Building CP model...
Solving CP Optimizer...
 ! --------------------------------------------------- CP Optimizer 22.1.1.0 --
 ! Minimization problem - 34524 variables, 2643461 constraints
 ! Presolve      : 2644379 extractables eliminated
 ! LogVerbosity         = Terse
 ! Initial process time : 23.77s (23.67s extraction + 0.10s propagation)
 !  . Log search space  : 34524.0 (before), 34524.0 (after)
 !  . Memory usage      : 378.1 MB (before), 378.1 MB (after)
 ! Using parallel search with 12 workers.
 ! ----------------------------------------------------------------------------
 !          Best Branches  Non-fixed    W       Branch decision
                        0      34524                 -
 + New bound is 0
[runlim] sample:		135.72 time, 80.02 real, 12562 MB, 2.52 load
[runlim] end:			Tue Mar 24 05:12:55 2026
[runlim] status:		out of memory
[runlim] result:		3
[runlim] children:		2
[runlim] processes:		3
[runlim] real:			83.96 seconds
[runlim] time:			170.10 seconds
[runlim] space:			14210 MB
[runlim] load:			3.42 maximum
[runlim] samples:		829
