[runlim] version:		2.0.0rc12
[runlim] host:			ap-Precision-7550
[runlim] time limit:		311040000 seconds
[runlim] real time limit:	600 seconds
[runlim] space limit:		14000 MB
[runlim] argv[0]:		python3
[runlim] argv[1]:		-u
[runlim] argv[2]:		main_no_processing.py
[runlim] argv[3]:		graph11
[runlim] argv[4]:		CARD
[runlim] argv[5]:		5
[runlim] argv[6]:		5
[runlim] start:			Sun Jun 21 06:33:49 2026
[runlim] child:			8896
--- CARD [Exactly-One: 5, AMO: 5] ---
 solving MaxSAT (RC2)...
[runlim] sample:		9.99 time, 10.01 real, 1660 MB, 1.01 load
No solution found.
--------------------------------------------------
Time taken: 12.94 seconds
Memory used: 1827.61 MB
[runlim] end:			Sun Jun 21 06:34:02 2026
[runlim] status:		ok
[runlim] result:		0
[runlim] children:		1
[runlim] processes:		2
[runlim] real:			13.50 seconds
[runlim] time:			13.39 seconds
[runlim] space:			2232 MB
[runlim] load:			1.01 maximum
[runlim] samples:		135
