[runlim] version:		2.0.0rc12
[runlim] host:			ap-Precision-7550
[runlim] time limit:		311040000 seconds
[runlim] real time limit:	600 seconds
[runlim] space limit:		14000 MB
[runlim] argv[0]:		python3
[runlim] argv[1]:		-u
[runlim] argv[2]:		main_no_processing.py
[runlim] argv[3]:		graph06
[runlim] argv[4]:		CARD
[runlim] argv[5]:		5
[runlim] argv[6]:		5
[runlim] start:			Sun Jun 21 06:03:36 2026
[runlim] child:			8336
--- CARD [Exactly-One: 5, AMO: 5] ---
 solving MaxSAT (RC2)...
No solution found.
--------------------------------------------------
Time taken: 9.41 seconds
Memory used: 1040.12 MB
[runlim] end:			Sun Jun 21 06:03:46 2026
[runlim] status:		ok
[runlim] result:		0
[runlim] children:		1
[runlim] processes:		2
[runlim] real:			9.74 seconds
[runlim] time:			9.70 seconds
[runlim] space:			1265 MB
[runlim] load:			1.11 maximum
[runlim] samples:		98
