[runlim] version:		2.0.0rc12
[runlim] host:			ap-Precision-7550
[runlim] time limit:		311040000 seconds
[runlim] real time limit:	600 seconds
[runlim] space limit:		14000 MB
[runlim] argv[0]:		python3
[runlim] argv[1]:		-u
[runlim] argv[2]:		pairwise_no_preprocessing.py
[runlim] argv[3]:		graph07
[runlim] argv[4]:		assumptions
[runlim] argv[5]:		4
[runlim] argv[6]:		card
[runlim] argv[7]:		4
[runlim] start:			Sun Jun 14 21:52:57 2026
[runlim] child:			107952
Exactly-one cardinality encoding:  4
Distance constraint mode:  card
Distance cardinality encoding:  4
Number of assignment variables:  3802
Number of clauses for exactly one constraints:  20734
Number of clauses for distance constraints:  0
---------------------------------------------------
Solve first problem:
Cannot find solution.
Time taken: 0.30 seconds 
Memory used: 25.94 MB
[runlim] end:			Sun Jun 14 21:52:58 2026
[runlim] status:		ok
[runlim] result:		0
[runlim] children:		1
[runlim] processes:		2
[runlim] real:			0.35 seconds
[runlim] time:			0.30 seconds
[runlim] space:			26 MB
[runlim] load:			1.26 maximum
[runlim] samples:		4
