[runlim] version:		2.0.0rc12
[runlim] host:			ap-Precision-7550
[runlim] time limit:		311040000 seconds
[runlim] real time limit:	600 seconds
[runlim] space limit:		14000 MB
[runlim] argv[0]:		python3
[runlim] argv[1]:		-u
[runlim] argv[2]:		pairwise_no_preprocessing.py
[runlim] argv[3]:		scen07
[runlim] argv[4]:		assumptions
[runlim] argv[5]:		4
[runlim] argv[6]:		card
[runlim] argv[7]:		4
[runlim] start:			Sun Jun 14 22:03:36 2026
[runlim] child:			110823
Exactly-one cardinality encoding:  4
Distance constraint mode:  card
Distance cardinality encoding:  4
Number of assignment variables:  15952
Number of clauses for exactly one constraints:  95936
Number of clauses for distance constraints:  9346421
---------------------------------------------------
Solve first problem:
Cannot find solution.
Time taken: 7.83 seconds 
Memory used: 1006.12 MB
[runlim] end:			Sun Jun 14 22:03:44 2026
[runlim] status:		ok
[runlim] result:		0
[runlim] children:		1
[runlim] processes:		2
[runlim] real:			8.29 seconds
[runlim] time:			8.20 seconds
[runlim] space:			1027 MB
[runlim] load:			1.11 maximum
[runlim] samples:		83
