[runlim] version:		2.0.0rc12
[runlim] host:			ap-Precision-7550
[runlim] time limit:		311040000 seconds
[runlim] real time limit:	600 seconds
[runlim] space limit:		14000 MB
[runlim] argv[0]:		python3
[runlim] argv[1]:		-u
[runlim] argv[2]:		pairwise_no_preprocessing.py
[runlim] argv[3]:		scen05
[runlim] argv[4]:		assumptions
[runlim] argv[5]:		4
[runlim] argv[6]:		card
[runlim] argv[7]:		4
[runlim] start:			Sun Jun 14 22:03:20 2026
[runlim] child:			110696
Exactly-one cardinality encoding:  4
Distance constraint mode:  card
Distance cardinality encoding:  4
Number of assignment variables:  15768
Number of clauses for exactly one constraints:  94752
Number of clauses for distance constraints:  8305387
---------------------------------------------------
Solve first problem:
Solution:
{13: 156, 14: 394, 15: 156, 16: 394, 53: 16, 54: 254, 71: 30, 72: 268, 79: 554, 80: 792, 81: 394, 82: 156, 83: 156, 84: 394, 85: 442, 86: 680, 117: 792, 118: 554, 119: 554, 120: 792, 127: 16, 128: 254, 129: 708, 130: 470, 143: 680, 144: 442, 145: 456, 146: 694, 151: 72, 152: 310, 153: 428, 154: 666, 163: 156, 164: 394, 165: 792, 166: 554, 179: 44, 180: 282, 181: 254, 182: 16, 183: 442, 184: 680, 191: 750, 192: 512, 193: 310, 194: 72, 205: 324, 206: 86, 209: 736, 210: 498, 211: 792, 212: 554, 213: 324, 214: 86, 217: 764, 218: 526, 219: 394, 220: 156, 233: 442, 234: 680, 235: 778, 236: 540, 237: 498, 238: 736, 255: 16, 256: 254, 259: 16, 260: 254, 261: 554, 262: 792, 263: 296, 264: 58, 265: 16, 266: 254, 267: 526, 268: 764, 269: 296, 270: 58, 271: 296, 272: 58, 273: 44, 274: 282, 275: 44, 276: 282, 277: 296, 278: 58, 281: 394, 282: 156, 283: 128, 284: 366, 285: 16, 286: 254, 287: 554, 288: 792, 289: 750, 290: 512, 291: 156, 292: 394, 293: 142, 294: 380, 295: 792, 296: 554, 299: 254, 300: 16, 301: 156, 302: 394, 303: 324, 304: 86, 305: 554, 306: 792, 307: 554, 308: 792, 309: 394, 310: 156, 311: 30, 312: 268, 313: 310, 314: 72, 321: 254, 322: 16, 323: 156, 324: 394, 325: 456, 326: 694, 327: 310, 328: 72, 329: 254, 330: 16, 335: 792, 336: 554, 337: 554, 338: 792, 341: 394, 342: 156, 343: 394, 344: 156, 349: 296, 350: 58, 351: 708, 352: 470, 353: 694, 354: 456, 369: 764, 370: 526, 371: 442, 372: 680, 373: 722, 374: 484, 375: 142, 376: 380, 377: 324, 378: 86, 379: 338, 380: 100, 381: 100, 382: 338, 385: 778, 386: 540, 391: 722, 392: 484, 393: 778, 394: 540, 401: 380, 402: 142, 403: 296, 404: 58, 405: 428, 406: 666, 413: 778, 414: 540, 435: 72, 436: 310, 439: 394, 440: 156, 443: 16, 444: 254, 449: 764, 450: 526, 471: 142, 472: 380, 473: 366, 474: 128, 475: 484, 476: 722, 477: 694, 478: 456, 479: 268, 480: 30, 481: 142, 482: 380, 517: 680, 518: 442, 519: 540, 520: 778, 537: 156, 538: 394, 539: 100, 540: 338, 541: 428, 542: 666, 545: 652, 546: 414, 551: 792, 552: 554, 553: 282, 554: 44, 555: 442, 556: 680, 557: 540, 558: 778, 559: 352, 560: 114, 561: 142, 562: 380, 563: 708, 564: 470, 565: 540, 566: 778, 567: 380, 568: 142, 569: 540, 570: 778, 571: 484, 572: 722, 573: 30, 574: 268, 575: 58, 576: 296, 577: 554, 578: 792, 579: 680, 580: 442, 581: 16, 582: 254, 583: 778, 584: 540, 585: 366, 586: 128, 587: 708, 588: 470, 589: 394, 590: 156, 591: 526, 592: 764, 593: 282, 594: 44, 595: 442, 596: 680, 597: 310, 598: 72, 599: 708, 600: 470, 601: 268, 602: 30, 603: 428, 604: 666, 605: 540, 606: 778, 607: 338, 608: 100, 613: 310, 614: 72, 615: 100, 616: 338, 617: 764, 618: 526, 619: 540, 620: 778, 621: 540, 622: 778, 623: 680, 624: 442, 625: 86, 626: 324, 629: 282, 630: 44, 631: 428, 632: 666, 633: 114, 634: 352, 635: 708, 636: 470, 639: 86, 640: 324, 641: 128, 642: 366, 643: 128, 644: 366, 645: 44, 646: 282, 651: 324, 652: 86, 653: 708, 654: 470, 661: 680, 662: 442, 663: 470, 664: 708, 665: 394, 666: 156, 667: 778, 668: 540, 671: 310, 672: 72, 711: 394, 712: 156, 713: 296, 714: 58, 715: 694, 716: 456, 717: 142, 718: 380, 719: 254, 720: 16, 721: 554, 722: 792, 723: 456, 724: 694, 739: 708, 740: 470, 741: 456, 742: 694, 743: 352, 744: 114, 745: 58, 746: 296, 747: 540, 748: 778, 751: 540, 752: 778, 753: 86, 754: 324, 755: 694, 756: 456, 757: 114, 758: 352, 759: 428, 760: 666, 763: 540, 764: 778, 765: 16, 766: 254, 767: 324, 768: 86, 769: 268, 770: 30, 773: 86, 774: 324, 775: 540, 776: 778, 783: 778, 784: 540, 785: 722, 786: 484, 787: 540, 788: 778, 789: 366, 790: 128, 791: 736, 792: 498, 793: 268, 794: 30, 795: 540, 796: 778, 797: 470, 798: 708, 799: 268, 800: 30, 801: 764, 802: 526, 803: 30, 804: 268, 805: 778, 806: 540, 807: 128, 808: 366, 809: 554, 810: 792, 811: 498, 812: 736, 813: 352, 814: 114, 815: 526, 816: 764, 817: 268, 818: 30, 825: 268, 826: 30, 827: 694, 828: 456, 829: 764, 830: 526, 879: 380, 880: 142, 911: 114, 912: 352, 913: 380, 914: 142, 915: 128, 916: 366}
Number of lables used:  44
Total time: 7.33 seconds
Memory used: 919.38 MB
--------------------------------------------------
Number of label variables:  48
Number of clauses for label constraints:  15402
Number of new variables for cardinality constraints:  1161
Number of clauses for cardinality constraints:  4558
Initial variable count:  434053
Initial clause count:  8350100
--------------------------------------------------

Trying with at most 43 labels...
Solution:
{13: 156, 14: 394, 15: 156, 16: 394, 53: 16, 54: 254, 71: 142, 72: 380, 79: 428, 80: 666, 81: 254, 82: 16, 83: 156, 84: 394, 85: 442, 86: 680, 117: 792, 118: 554, 119: 554, 120: 792, 127: 16, 128: 254, 129: 708, 130: 470, 143: 680, 144: 442, 145: 456, 146: 694, 151: 72, 152: 310, 153: 428, 154: 666, 163: 142, 164: 380, 165: 792, 166: 554, 179: 44, 180: 282, 181: 282, 182: 44, 183: 442, 184: 680, 191: 736, 192: 498, 193: 254, 194: 16, 205: 324, 206: 86, 209: 736, 210: 498, 211: 792, 212: 554, 213: 310, 214: 72, 217: 764, 218: 526, 219: 310, 220: 72, 233: 428, 234: 666, 235: 30, 236: 268, 237: 498, 238: 736, 255: 680, 256: 442, 259: 156, 260: 394, 261: 470, 262: 708, 263: 296, 264: 58, 265: 72, 266: 310, 267: 484, 268: 722, 269: 296, 270: 58, 271: 296, 272: 58, 273: 44, 274: 282, 275: 44, 276: 282, 277: 296, 278: 58, 281: 394, 282: 156, 283: 128, 284: 366, 285: 16, 286: 254, 287: 484, 288: 722, 289: 792, 290: 554, 291: 156, 292: 394, 293: 380, 294: 142, 295: 792, 296: 554, 299: 254, 300: 16, 301: 156, 302: 394, 303: 324, 304: 86, 305: 554, 306: 792, 307: 498, 308: 736, 309: 380, 310: 142, 311: 16, 312: 254, 313: 268, 314: 30, 321: 254, 322: 16, 323: 156, 324: 394, 325: 456, 326: 694, 327: 310, 328: 72, 329: 310, 330: 72, 335: 778, 336: 540, 337: 554, 338: 792, 341: 394, 342: 156, 343: 394, 344: 156, 349: 268, 350: 30, 351: 708, 352: 470, 353: 680, 354: 442, 369: 778, 370: 540, 371: 456, 372: 694, 373: 708, 374: 470, 375: 128, 376: 366, 377: 352, 378: 114, 379: 352, 380: 114, 381: 86, 382: 324, 385: 778, 386: 540, 391: 722, 392: 484, 393: 778, 394: 540, 401: 380, 402: 142, 403: 296, 404: 58, 405: 428, 406: 666, 413: 764, 414: 526, 435: 30, 436: 268, 439: 394, 440: 156, 443: 16, 444: 254, 449: 764, 450: 526, 471: 44, 472: 282, 473: 366, 474: 128, 475: 428, 476: 666, 477: 680, 478: 442, 479: 282, 480: 44, 481: 100, 482: 338, 517: 680, 518: 442, 519: 442, 520: 680, 537: 156, 538: 394, 539: 100, 540: 338, 541: 428, 542: 666, 545: 652, 546: 414, 551: 792, 552: 554, 553: 254, 554: 16, 555: 442, 556: 680, 557: 540, 558: 778, 559: 380, 560: 142, 561: 114, 562: 352, 563: 708, 564: 470, 565: 540, 566: 778, 567: 352, 568: 114, 569: 540, 570: 778, 571: 484, 572: 722, 573: 72, 574: 310, 575: 44, 576: 282, 577: 554, 578: 792, 579: 680, 580: 442, 581: 16, 582: 254, 583: 778, 584: 540, 585: 394, 586: 156, 587: 708, 588: 470, 589: 254, 590: 16, 591: 526, 592: 764, 593: 282, 594: 44, 595: 428, 596: 666, 597: 310, 598: 72, 599: 680, 600: 442, 601: 296, 602: 58, 603: 428, 604: 666, 605: 442, 606: 680, 607: 338, 608: 100, 613: 310, 614: 72, 615: 100, 616: 338, 617: 764, 618: 526, 619: 540, 620: 778, 621: 540, 622: 778, 623: 666, 624: 428, 625: 30, 626: 268, 629: 282, 630: 44, 631: 428, 632: 666, 633: 142, 634: 380, 635: 708, 636: 470, 639: 86, 640: 324, 641: 114, 642: 352, 643: 114, 644: 352, 645: 44, 646: 282, 651: 16, 652: 254, 653: 694, 654: 456, 661: 680, 662: 442, 663: 442, 664: 680, 665: 394, 666: 156, 667: 778, 668: 540, 671: 296, 672: 58, 711: 394, 712: 156, 713: 296, 714: 58, 715: 694, 716: 456, 717: 142, 718: 380, 719: 254, 720: 16, 721: 554, 722: 792, 723: 456, 724: 694, 739: 708, 740: 470, 741: 442, 742: 680, 743: 352, 744: 114, 745: 58, 746: 296, 747: 540, 748: 778, 751: 540, 752: 778, 753: 142, 754: 380, 755: 666, 756: 428, 757: 142, 758: 380, 759: 540, 760: 778, 763: 540, 764: 778, 765: 16, 766: 254, 767: 324, 768: 86, 769: 268, 770: 30, 773: 128, 774: 366, 775: 540, 776: 778, 783: 722, 784: 484, 785: 722, 786: 484, 787: 526, 788: 764, 789: 268, 790: 30, 791: 708, 792: 470, 793: 380, 794: 142, 795: 540, 796: 778, 797: 470, 798: 708, 799: 268, 800: 30, 801: 764, 802: 526, 803: 30, 804: 268, 805: 484, 806: 722, 807: 30, 808: 268, 809: 484, 810: 722, 811: 428, 812: 666, 813: 268, 814: 30, 815: 526, 816: 764, 817: 296, 818: 58, 825: 268, 826: 30, 827: 694, 828: 456, 829: 778, 830: 540, 879: 268, 880: 30, 911: 114, 912: 352, 913: 366, 914: 128, 915: 128, 916: 366}
Number of lables used:  42
Total time: 9.22 seconds
Memory used: 1172.73 MB
--------------------------------------------------

Trying with at most 41 labels...
[runlim] sample:		10.00 time, 10.01 real, 1266 MB, 1.12 load
Solution:
{13: 156, 14: 394, 15: 156, 16: 394, 53: 16, 54: 254, 71: 30, 72: 268, 79: 414, 80: 652, 81: 254, 82: 16, 83: 156, 84: 394, 85: 428, 86: 666, 117: 792, 118: 554, 119: 554, 120: 792, 127: 44, 128: 282, 129: 708, 130: 470, 143: 666, 144: 428, 145: 442, 146: 680, 151: 72, 152: 310, 153: 428, 154: 666, 163: 128, 164: 366, 165: 764, 166: 526, 179: 44, 180: 282, 181: 254, 182: 16, 183: 442, 184: 680, 191: 736, 192: 498, 193: 254, 194: 16, 205: 310, 206: 72, 209: 736, 210: 498, 211: 792, 212: 554, 213: 310, 214: 72, 217: 764, 218: 526, 219: 310, 220: 72, 233: 428, 234: 666, 235: 30, 236: 268, 237: 484, 238: 722, 255: 30, 256: 268, 259: 16, 260: 254, 261: 414, 262: 652, 263: 296, 264: 58, 265: 16, 266: 254, 267: 554, 268: 792, 269: 296, 270: 58, 271: 296, 272: 58, 273: 30, 274: 268, 275: 16, 276: 254, 277: 296, 278: 58, 281: 366, 282: 128, 283: 128, 284: 366, 285: 16, 286: 254, 287: 414, 288: 652, 289: 764, 290: 526, 291: 156, 292: 394, 293: 408, 294: 170, 295: 792, 296: 554, 299: 254, 300: 16, 301: 156, 302: 394, 303: 324, 304: 86, 305: 554, 306: 792, 307: 526, 308: 764, 309: 394, 310: 156, 311: 30, 312: 268, 313: 282, 314: 44, 321: 254, 322: 16, 323: 156, 324: 394, 325: 456, 326: 694, 327: 254, 328: 16, 329: 296, 330: 58, 335: 666, 336: 428, 337: 442, 338: 680, 341: 394, 342: 156, 343: 394, 344: 156, 349: 268, 350: 30, 351: 694, 352: 456, 353: 694, 354: 456, 369: 764, 370: 526, 371: 414, 372: 652, 373: 722, 374: 484, 375: 114, 376: 352, 377: 324, 378: 86, 379: 366, 380: 128, 381: 30, 382: 268, 385: 778, 386: 540, 391: 722, 392: 484, 393: 778, 394: 540, 401: 366, 402: 128, 403: 268, 404: 30, 405: 428, 406: 666, 413: 764, 414: 526, 435: 30, 436: 268, 439: 394, 440: 156, 443: 16, 444: 254, 449: 764, 450: 526, 471: 16, 472: 254, 473: 352, 474: 114, 475: 428, 476: 666, 477: 680, 478: 442, 479: 296, 480: 58, 481: 114, 482: 352, 517: 666, 518: 428, 519: 428, 520: 666, 537: 156, 538: 394, 539: 72, 540: 310, 541: 414, 542: 652, 545: 652, 546: 414, 551: 792, 552: 554, 553: 254, 554: 16, 555: 442, 556: 680, 557: 540, 558: 778, 559: 352, 560: 114, 561: 114, 562: 352, 563: 708, 564: 470, 565: 540, 566: 778, 567: 268, 568: 30, 569: 526, 570: 764, 571: 470, 572: 708, 573: 30, 574: 268, 575: 58, 576: 296, 577: 554, 578: 792, 579: 652, 580: 414, 581: 16, 582: 254, 583: 778, 584: 540, 585: 366, 586: 128, 587: 680, 588: 442, 589: 366, 590: 128, 591: 526, 592: 764, 593: 268, 594: 30, 595: 428, 596: 666, 597: 296, 598: 58, 599: 680, 600: 442, 601: 268, 602: 30, 603: 498, 604: 736, 605: 428, 606: 666, 607: 324, 608: 86, 613: 310, 614: 72, 615: 86, 616: 324, 617: 764, 618: 526, 619: 540, 620: 778, 621: 540, 622: 778, 623: 666, 624: 428, 625: 30, 626: 268, 629: 310, 630: 72, 631: 540, 632: 778, 633: 128, 634: 366, 635: 708, 636: 470, 639: 86, 640: 324, 641: 128, 642: 366, 643: 128, 644: 366, 645: 44, 646: 282, 651: 16, 652: 254, 653: 694, 654: 456, 661: 680, 662: 442, 663: 442, 664: 680, 665: 394, 666: 156, 667: 778, 668: 540, 671: 296, 672: 58, 711: 254, 712: 16, 713: 296, 714: 58, 715: 694, 716: 456, 717: 128, 718: 366, 719: 254, 720: 16, 721: 540, 722: 778, 723: 442, 724: 680, 739: 708, 740: 470, 741: 414, 742: 652, 743: 352, 744: 114, 745: 58, 746: 296, 747: 540, 748: 778, 751: 540, 752: 778, 753: 30, 754: 268, 755: 680, 756: 442, 757: 114, 758: 352, 759: 428, 760: 666, 763: 540, 764: 778, 765: 16, 766: 254, 767: 324, 768: 86, 769: 268, 770: 30, 773: 86, 774: 324, 775: 540, 776: 778, 783: 722, 784: 484, 785: 708, 786: 470, 787: 540, 788: 778, 789: 268, 790: 30, 791: 666, 792: 428, 793: 268, 794: 30, 795: 498, 796: 736, 797: 428, 798: 666, 799: 268, 800: 30, 801: 764, 802: 526, 803: 30, 804: 268, 805: 484, 806: 722, 807: 30, 808: 268, 809: 484, 810: 722, 811: 428, 812: 666, 813: 268, 814: 30, 815: 428, 816: 666, 817: 268, 818: 30, 825: 268, 826: 30, 827: 694, 828: 456, 829: 764, 830: 526, 879: 268, 880: 30, 911: 114, 912: 352, 913: 366, 914: 128, 915: 44, 916: 282}
Number of lables used:  40
Total time: 12.18 seconds
Memory used: 1022.47 MB
--------------------------------------------------

Trying with at most 39 labels...
Cannot find solution.
No more solutions found.
Optimal number of labels used:  40
Total time: 12.57 seconds
Memory used: 1058.09 MB
[runlim] end:			Sun Jun 14 22:03:32 2026
[runlim] status:		ok
[runlim] result:		0
[runlim] children:		1
[runlim] processes:		2
[runlim] real:			12.72 seconds
[runlim] time:			12.69 seconds
[runlim] space:			1376 MB
[runlim] load:			1.14 maximum
[runlim] samples:		128
