[runlim] version:		2.0.0rc12
[runlim] host:			ap-Precision-7550
[runlim] time limit:		311040000 seconds
[runlim] real time limit:	600 seconds
[runlim] space limit:		14000 MB
[runlim] argv[0]:		python3
[runlim] argv[1]:		-u
[runlim] argv[2]:		evalmaxsat_no_processing.py
[runlim] argv[3]:		graph11
[runlim] argv[4]:		CARD
[runlim] argv[5]:		1
[runlim] argv[6]:		1
[runlim] start:			Sun Jun 21 23:10:06 2026
[runlim] child:			17282
[INFO] Generating WCNF for graph11 (CARD,1,1)
[runlim] sample:		10.00 time, 10.01 real, 839 MB, 1.12 load
[INFO] Solving wcnf/no_preprocessing/CARD_1_1/graph11_CARD_1_1.wcnf
s UNSATISFIABLE
c Total time : 1.78958s
[INFO] Decode summary
[INFO] status=UNSATISFIABLE, objective=None, assigned_vars=0, complete=False, labels_used=0
[INFO] Decoded assignment file: results/no_preprocessing/decode/CARD_1_1/graph11.decoded.txt
[runlim] end:			Sun Jun 21 23:10:20 2026
[runlim] status:		ok
[runlim] result:		0
[runlim] children:		2
[runlim] processes:		3
[runlim] real:			14.79 seconds
[runlim] time:			14.59 seconds
[runlim] space:			981 MB
[runlim] load:			1.19 maximum
[runlim] samples:		148
