[runlim] version:		2.0.0rc12
[runlim] host:			ap-Precision-7550
[runlim] time limit:		311040000 seconds
[runlim] real time limit:	600 seconds
[runlim] space limit:		14000 MB
[runlim] argv[0]:		python3
[runlim] argv[1]:		-u
[runlim] argv[2]:		evalmaxsat_no_processing.py
[runlim] argv[3]:		graph13
[runlim] argv[4]:		CARD
[runlim] argv[5]:		1
[runlim] argv[6]:		1
[runlim] start:			Sun Jun 21 23:10:22 2026
[runlim] child:			17295
[INFO] Generating WCNF for graph13 (CARD,1,1)
[runlim] sample:		9.99 time, 10.01 real, 1239 MB, 1.16 load
[INFO] Solving wcnf/no_preprocessing/CARD_1_1/graph13_CARD_1_1.wcnf
[runlim] sample:		19.83 time, 20.01 real, 557 MB, 1.14 load
s UNSATISFIABLE
c Total time : 2.76401s
[INFO] Decode summary
[INFO] status=UNSATISFIABLE, objective=None, assigned_vars=0, complete=False, labels_used=0
[INFO] Decoded assignment file: results/no_preprocessing/decode/CARD_1_1/graph13.decoded.txt
[runlim] end:			Sun Jun 21 23:10:44 2026
[runlim] status:		ok
[runlim] result:		0
[runlim] children:		2
[runlim] processes:		3
[runlim] real:			22.03 seconds
[runlim] time:			21.83 seconds
[runlim] space:			1441 MB
[runlim] load:			1.19 maximum
[runlim] samples:		221
