[runlim] version:		2.0.0rc12
[runlim] host:			ap-Precision-7550
[runlim] time limit:		311040000 seconds
[runlim] real time limit:	600 seconds
[runlim] space limit:		14000 MB
[runlim] argv[0]:		python3
[runlim] argv[1]:		-u
[runlim] argv[2]:		evalmaxsat_no_processing.py
[runlim] argv[3]:		scen07
[runlim] argv[4]:		CARD
[runlim] argv[5]:		1
[runlim] argv[6]:		1
[runlim] start:			Sun Jun 21 23:43:12 2026
[runlim] child:			17433
[INFO] Generating WCNF for scen07 (CARD,1,1)
[runlim] sample:		10.00 time, 10.01 real, 803 MB, 1.11 load
[INFO] Solving wcnf/no_preprocessing/CARD_1_1/scen07_CARD_1_1.wcnf
s UNSATISFIABLE
c Total time : 2.91932s
[INFO] Decode summary
[INFO] status=UNSATISFIABLE, objective=None, assigned_vars=0, complete=False, labels_used=0
[INFO] Decoded assignment file: results/no_preprocessing/decode/CARD_1_1/scen07.decoded.txt
[runlim] end:			Sun Jun 21 23:43:27 2026
[runlim] status:		ok
[runlim] result:		0
[runlim] children:		2
[runlim] processes:		3
[runlim] real:			15.57 seconds
[runlim] time:			15.38 seconds
[runlim] space:			1027 MB
[runlim] load:			1.14 maximum
[runlim] samples:		156
