[runlim] version:		2.0.0rc12
[runlim] host:			ap-Precision-7550
[runlim] time limit:		311040000 seconds
[runlim] real time limit:	600 seconds
[runlim] space limit:		14000 MB
[runlim] argv[0]:		python3
[runlim] argv[1]:		-u
[runlim] argv[2]:		evalmaxsat_no_processing.py
[runlim] argv[3]:		scen09
[runlim] argv[4]:		CARD
[runlim] argv[5]:		1
[runlim] argv[6]:		1
[runlim] start:			Sun Jun 21 23:43:54 2026
[runlim] child:			17447
[INFO] Generating WCNF for scen09 (CARD,1,1)
[INFO] Solving wcnf/no_preprocessing/CARD_1_1/scen09_CARD_1_1.wcnf
c found falsified original clause
s UNSATISFIABLE
c Total time : 0.0405496s
[INFO] Decode summary
[INFO] status=UNSATISFIABLE, objective=None, assigned_vars=0, complete=False, labels_used=0
[INFO] Decoded assignment file: results/no_preprocessing/decode/CARD_1_1/scen09.decoded.txt
[runlim] end:			Sun Jun 21 23:43:55 2026
[runlim] status:		ok
[runlim] result:		0
[runlim] children:		2
[runlim] processes:		3
[runlim] real:			0.64 seconds
[runlim] time:			0.59 seconds
[runlim] space:			54 MB
[runlim] load:			1.07 maximum
[runlim] samples:		7
