[runlim] version:		2.0.0rc12
[runlim] host:			ap-Precision-7550
[runlim] time limit:		311040000 seconds
[runlim] real time limit:	600 seconds
[runlim] space limit:		14000 MB
[runlim] argv[0]:		python3
[runlim] argv[1]:		-u
[runlim] argv[2]:		main.py
[runlim] argv[3]:		graph03
[runlim] argv[4]:		tot
[runlim] argv[5]:		assumptions
[runlim] argv[6]:		cadical195
[runlim] start:			Mon Mar 23 16:17:25 2026
[runlim] child:			11564
Solve first problem:
Solution:
{1: 72, 2: 310, 3: 142, 4: 380, 5: 114, 6: 352, 7: 142, 8: 380, 9: 666, 10: 428, 11: 156, 12: 394, 13: 750, 14: 512, 15: 128, 16: 366, 17: 114, 18: 352, 19: 30, 20: 268, 21: 792, 22: 554, 23: 100, 24: 338, 25: 708, 26: 470, 27: 708, 28: 470, 29: 128, 30: 366, 31: 30, 32: 268, 33: 736, 34: 498, 35: 142, 36: 380, 37: 736, 38: 498, 39: 792, 40: 554, 41: 16, 42: 254, 43: 666, 44: 428, 45: 58, 46: 296, 47: 86, 48: 324, 49: 30, 50: 268, 51: 128, 52: 366, 53: 156, 54: 394, 55: 722, 56: 484, 57: 722, 58: 484, 59: 114, 60: 352, 61: 86, 62: 324, 63: 792, 64: 554, 65: 72, 66: 310, 67: 708, 68: 470, 69: 44, 70: 282, 71: 156, 72: 394, 73: 156, 74: 394, 75: 778, 76: 540, 77: 58, 78: 296, 79: 792, 80: 554, 81: 722, 82: 484, 83: 750, 84: 512, 85: 30, 86: 268, 87: 792, 88: 554, 89: 736, 90: 498, 91: 792, 92: 554, 93: 778, 94: 540, 95: 170, 96: 408, 97: 750, 98: 512, 99: 764, 100: 526, 101: 16, 102: 254, 103: 694, 104: 456, 105: 694, 106: 456, 107: 58, 108: 296, 109: 142, 110: 380, 111: 44, 112: 282, 113: 792, 114: 554, 115: 58, 116: 296, 117: 666, 118: 428, 119: 58, 120: 296, 121: 114, 122: 352, 123: 736, 124: 498, 125: 142, 126: 380, 127: 736, 128: 498, 129: 72, 130: 310, 131: 142, 132: 380, 133: 708, 134: 470, 135: 666, 136: 428, 137: 694, 138: 456, 139: 722, 140: 484, 141: 708, 142: 470, 143: 750, 144: 512, 145: 778, 146: 540, 147: 764, 148: 526, 149: 128, 150: 366, 151: 44, 152: 282, 153: 792, 154: 554, 155: 778, 156: 540, 157: 16, 158: 254, 159: 750, 160: 512, 161: 30, 162: 268, 163: 694, 164: 456, 165: 100, 166: 338, 167: 16, 168: 254, 169: 708, 170: 470, 171: 142, 172: 380, 173: 44, 174: 282, 175: 736, 176: 498, 177: 44, 178: 282, 179: 72, 180: 310, 181: 722, 182: 484, 183: 86, 184: 324, 185: 100, 186: 338, 187: 58, 188: 296, 189: 778, 190: 540, 191: 30, 192: 268, 193: 750, 194: 512, 195: 764, 196: 526, 197: 128, 198: 366, 199: 778, 200: 540}
Number of lables used:  42
Time taken: 0.18 seconds
Memory used: 31.16 MB
--------------------------------------------------

Trying with at most 41 labels...
Solution:
{1: 72, 2: 310, 3: 142, 4: 380, 5: 114, 6: 352, 7: 142, 8: 380, 9: 666, 10: 428, 11: 156, 12: 394, 13: 750, 14: 512, 15: 128, 16: 366, 17: 114, 18: 352, 19: 30, 20: 268, 21: 792, 22: 554, 23: 100, 24: 338, 25: 708, 26: 470, 27: 708, 28: 470, 29: 128, 30: 366, 31: 30, 32: 268, 33: 736, 34: 498, 35: 142, 36: 380, 37: 736, 38: 498, 39: 792, 40: 554, 41: 16, 42: 254, 43: 666, 44: 428, 45: 58, 46: 296, 47: 86, 48: 324, 49: 30, 50: 268, 51: 128, 52: 366, 53: 156, 54: 394, 55: 722, 56: 484, 57: 722, 58: 484, 59: 114, 60: 352, 61: 86, 62: 324, 63: 792, 64: 554, 65: 72, 66: 310, 67: 708, 68: 470, 69: 44, 70: 282, 71: 156, 72: 394, 73: 156, 74: 394, 75: 778, 76: 540, 77: 58, 78: 296, 79: 792, 80: 554, 81: 722, 82: 484, 83: 750, 84: 512, 85: 30, 86: 268, 87: 792, 88: 554, 89: 736, 90: 498, 91: 792, 92: 554, 93: 778, 94: 540, 95: 170, 96: 408, 97: 750, 98: 512, 99: 764, 100: 526, 101: 16, 102: 254, 103: 694, 104: 456, 105: 694, 106: 456, 107: 58, 108: 296, 109: 142, 110: 380, 111: 44, 112: 282, 113: 792, 114: 554, 115: 58, 116: 296, 117: 666, 118: 428, 119: 58, 120: 296, 121: 114, 122: 352, 123: 736, 124: 498, 125: 142, 126: 380, 127: 736, 128: 498, 129: 72, 130: 310, 131: 142, 132: 380, 133: 708, 134: 470, 135: 666, 136: 428, 137: 694, 138: 456, 139: 722, 140: 484, 141: 708, 142: 470, 143: 750, 144: 512, 145: 778, 146: 540, 147: 764, 148: 526, 149: 128, 150: 366, 151: 44, 152: 282, 153: 792, 154: 554, 155: 778, 156: 540, 157: 16, 158: 254, 159: 750, 160: 512, 161: 30, 162: 268, 163: 694, 164: 456, 165: 100, 166: 338, 167: 16, 168: 254, 169: 708, 170: 470, 171: 142, 172: 380, 173: 44, 174: 282, 175: 736, 176: 498, 177: 44, 178: 282, 179: 72, 180: 310, 181: 722, 182: 484, 183: 86, 184: 324, 185: 100, 186: 338, 187: 58, 188: 296, 189: 778, 190: 540, 191: 30, 192: 268, 193: 750, 194: 512, 195: 764, 196: 526, 197: 128, 198: 366, 199: 778, 200: 540}
Number of lables used:  42
--------------------------------------------------

Trying with at most 41 labels...
Solution:
{1: 100, 2: 338, 3: 156, 4: 394, 5: 708, 6: 470, 7: 142, 8: 380, 9: 282, 10: 44, 11: 156, 12: 394, 13: 736, 14: 498, 15: 128, 16: 366, 17: 142, 18: 380, 19: 792, 20: 554, 21: 792, 22: 554, 23: 100, 24: 338, 25: 708, 26: 470, 27: 764, 28: 526, 29: 128, 30: 366, 31: 142, 32: 380, 33: 764, 34: 526, 35: 666, 36: 428, 37: 666, 38: 428, 39: 792, 40: 554, 41: 16, 42: 254, 43: 86, 44: 324, 45: 722, 46: 484, 47: 722, 48: 484, 49: 778, 50: 540, 51: 142, 52: 380, 53: 666, 54: 428, 55: 44, 56: 282, 57: 708, 58: 470, 59: 694, 60: 456, 61: 114, 62: 352, 63: 30, 64: 268, 65: 100, 66: 338, 67: 100, 68: 338, 69: 44, 70: 282, 71: 156, 72: 394, 73: 722, 74: 484, 75: 736, 76: 498, 77: 58, 78: 296, 79: 30, 80: 268, 81: 100, 82: 338, 83: 44, 84: 282, 85: 30, 86: 268, 87: 16, 88: 254, 89: 722, 90: 484, 91: 44, 92: 282, 93: 778, 94: 540, 95: 142, 96: 380, 97: 778, 98: 540, 99: 44, 100: 282, 101: 16, 102: 254, 103: 86, 104: 324, 105: 722, 106: 484, 107: 792, 108: 554, 109: 142, 110: 380, 111: 778, 112: 540, 113: 30, 114: 268, 115: 750, 116: 512, 117: 666, 118: 428, 119: 764, 120: 526, 121: 114, 122: 352, 123: 16, 124: 254, 125: 694, 126: 456, 127: 792, 128: 554, 129: 114, 130: 352, 131: 142, 132: 380, 133: 792, 134: 554, 135: 142, 136: 380, 137: 750, 138: 512, 139: 722, 140: 484, 141: 708, 142: 470, 143: 708, 144: 470, 145: 30, 146: 268, 147: 722, 148: 484, 149: 708, 150: 470, 151: 72, 152: 310, 153: 792, 154: 554, 155: 86, 156: 324, 157: 44, 158: 282, 159: 72, 160: 310, 161: 72, 162: 310, 163: 114, 164: 352, 165: 778, 166: 540, 167: 16, 168: 254, 169: 666, 170: 428, 171: 666, 172: 428, 173: 72, 174: 310, 175: 736, 176: 498, 177: 44, 178: 282, 179: 72, 180: 310, 181: 58, 182: 296, 183: 694, 184: 456, 185: 750, 186: 512, 187: 86, 188: 324, 189: 722, 190: 484, 191: 778, 192: 540, 193: 72, 194: 310, 195: 750, 196: 512, 197: 128, 198: 366, 199: 30, 200: 268}
Number of lables used:  40
Time taken: 0.21 seconds
Memory used: 32.21 MB
--------------------------------------------------

Trying with at most 39 labels...
Solution:
{1: 750, 2: 512, 3: 156, 4: 394, 5: 708, 6: 470, 7: 142, 8: 380, 9: 282, 10: 44, 11: 142, 12: 380, 13: 736, 14: 498, 15: 128, 16: 366, 17: 142, 18: 380, 19: 792, 20: 554, 21: 792, 22: 554, 23: 86, 24: 324, 25: 708, 26: 470, 27: 764, 28: 526, 29: 114, 30: 352, 31: 128, 32: 366, 33: 764, 34: 526, 35: 666, 36: 428, 37: 666, 38: 428, 39: 792, 40: 554, 41: 16, 42: 254, 43: 86, 44: 324, 45: 722, 46: 484, 47: 722, 48: 484, 49: 778, 50: 540, 51: 142, 52: 380, 53: 666, 54: 428, 55: 44, 56: 282, 57: 708, 58: 470, 59: 694, 60: 456, 61: 114, 62: 352, 63: 30, 64: 268, 65: 86, 66: 324, 67: 792, 68: 554, 69: 44, 70: 282, 71: 156, 72: 394, 73: 666, 74: 428, 75: 736, 76: 498, 77: 764, 78: 526, 79: 16, 80: 254, 81: 86, 82: 324, 83: 44, 84: 282, 85: 792, 86: 554, 87: 16, 88: 254, 89: 722, 90: 484, 91: 44, 92: 282, 93: 778, 94: 540, 95: 142, 96: 380, 97: 778, 98: 540, 99: 44, 100: 282, 101: 16, 102: 254, 103: 86, 104: 324, 105: 722, 106: 484, 107: 792, 108: 554, 109: 142, 110: 380, 111: 778, 112: 540, 113: 30, 114: 268, 115: 750, 116: 512, 117: 666, 118: 428, 119: 764, 120: 526, 121: 114, 122: 352, 123: 16, 124: 254, 125: 694, 126: 456, 127: 792, 128: 554, 129: 114, 130: 352, 131: 142, 132: 380, 133: 736, 134: 498, 135: 142, 136: 380, 137: 750, 138: 512, 139: 722, 140: 484, 141: 708, 142: 470, 143: 708, 144: 470, 145: 30, 146: 268, 147: 722, 148: 484, 149: 708, 150: 470, 151: 72, 152: 310, 153: 792, 154: 554, 155: 86, 156: 324, 157: 44, 158: 282, 159: 72, 160: 310, 161: 72, 162: 310, 163: 114, 164: 352, 165: 778, 166: 540, 167: 16, 168: 254, 169: 666, 170: 428, 171: 666, 172: 428, 173: 72, 174: 310, 175: 736, 176: 498, 177: 44, 178: 282, 179: 72, 180: 310, 181: 58, 182: 296, 183: 694, 184: 456, 185: 750, 186: 512, 187: 86, 188: 324, 189: 722, 190: 484, 191: 778, 192: 540, 193: 58, 194: 296, 195: 750, 196: 512, 197: 128, 198: 366, 199: 30, 200: 268}
Number of lables used:  38
Time taken: 0.22 seconds
Memory used: 32.21 MB
--------------------------------------------------

Trying with at most 37 labels...
Solution:
{1: 750, 2: 512, 3: 142, 4: 380, 5: 708, 6: 470, 7: 142, 8: 380, 9: 156, 10: 394, 11: 722, 12: 484, 13: 72, 14: 310, 15: 128, 16: 366, 17: 736, 18: 498, 19: 792, 20: 554, 21: 792, 22: 554, 23: 86, 24: 324, 25: 72, 26: 310, 27: 764, 28: 526, 29: 114, 30: 352, 31: 156, 32: 394, 33: 764, 34: 526, 35: 142, 36: 380, 37: 72, 38: 310, 39: 16, 40: 254, 41: 16, 42: 254, 43: 86, 44: 324, 45: 58, 46: 296, 47: 86, 48: 324, 49: 778, 50: 540, 51: 128, 52: 366, 53: 114, 54: 352, 55: 44, 56: 282, 57: 708, 58: 470, 59: 694, 60: 456, 61: 750, 62: 512, 63: 792, 64: 554, 65: 30, 66: 268, 67: 792, 68: 554, 69: 44, 70: 282, 71: 156, 72: 394, 73: 156, 74: 394, 75: 736, 76: 498, 77: 764, 78: 526, 79: 16, 80: 254, 81: 722, 82: 484, 83: 764, 84: 526, 85: 792, 86: 554, 87: 792, 88: 554, 89: 86, 90: 324, 91: 16, 92: 254, 93: 778, 94: 540, 95: 142, 96: 380, 97: 778, 98: 540, 99: 44, 100: 282, 101: 16, 102: 254, 103: 156, 104: 394, 105: 86, 106: 324, 107: 694, 108: 456, 109: 114, 110: 352, 111: 778, 112: 540, 113: 30, 114: 268, 115: 750, 116: 512, 117: 156, 118: 394, 119: 764, 120: 526, 121: 114, 122: 352, 123: 778, 124: 540, 125: 694, 126: 456, 127: 792, 128: 554, 129: 114, 130: 352, 131: 142, 132: 380, 133: 736, 134: 498, 135: 142, 136: 380, 137: 750, 138: 512, 139: 722, 140: 484, 141: 708, 142: 470, 143: 750, 144: 512, 145: 30, 146: 268, 147: 722, 148: 484, 149: 142, 150: 380, 151: 44, 152: 282, 153: 792, 154: 554, 155: 86, 156: 324, 157: 30, 158: 268, 159: 72, 160: 310, 161: 72, 162: 310, 163: 86, 164: 324, 165: 778, 166: 540, 167: 16, 168: 254, 169: 142, 170: 380, 171: 694, 172: 456, 173: 58, 174: 296, 175: 736, 176: 498, 177: 764, 178: 526, 179: 44, 180: 282, 181: 128, 182: 366, 183: 694, 184: 456, 185: 142, 186: 380, 187: 58, 188: 296, 189: 722, 190: 484, 191: 792, 192: 554, 193: 750, 194: 512, 195: 764, 196: 526, 197: 128, 198: 366, 199: 30, 200: 268}
Number of lables used:  36
Time taken: 0.22 seconds
Memory used: 32.21 MB
--------------------------------------------------

Trying with at most 35 labels...
Solution:
{1: 750, 2: 512, 3: 142, 4: 380, 5: 142, 6: 380, 7: 142, 8: 380, 9: 156, 10: 394, 11: 722, 12: 484, 13: 72, 14: 310, 15: 128, 16: 366, 17: 736, 18: 498, 19: 792, 20: 554, 21: 792, 22: 554, 23: 86, 24: 324, 25: 72, 26: 310, 27: 764, 28: 526, 29: 114, 30: 352, 31: 156, 32: 394, 33: 764, 34: 526, 35: 142, 36: 380, 37: 72, 38: 310, 39: 16, 40: 254, 41: 16, 42: 254, 43: 86, 44: 324, 45: 58, 46: 296, 47: 86, 48: 324, 49: 778, 50: 540, 51: 128, 52: 366, 53: 114, 54: 352, 55: 44, 56: 282, 57: 722, 58: 484, 59: 694, 60: 456, 61: 750, 62: 512, 63: 792, 64: 554, 65: 30, 66: 268, 67: 792, 68: 554, 69: 44, 70: 282, 71: 156, 72: 394, 73: 156, 74: 394, 75: 736, 76: 498, 77: 764, 78: 526, 79: 16, 80: 254, 81: 722, 82: 484, 83: 764, 84: 526, 85: 792, 86: 554, 87: 792, 88: 554, 89: 86, 90: 324, 91: 16, 92: 254, 93: 778, 94: 540, 95: 142, 96: 380, 97: 778, 98: 540, 99: 44, 100: 282, 101: 16, 102: 254, 103: 156, 104: 394, 105: 86, 106: 324, 107: 694, 108: 456, 109: 114, 110: 352, 111: 778, 112: 540, 113: 30, 114: 268, 115: 750, 116: 512, 117: 156, 118: 394, 119: 764, 120: 526, 121: 114, 122: 352, 123: 778, 124: 540, 125: 694, 126: 456, 127: 792, 128: 554, 129: 114, 130: 352, 131: 142, 132: 380, 133: 736, 134: 498, 135: 142, 136: 380, 137: 750, 138: 512, 139: 722, 140: 484, 141: 114, 142: 352, 143: 750, 144: 512, 145: 30, 146: 268, 147: 722, 148: 484, 149: 142, 150: 380, 151: 44, 152: 282, 153: 792, 154: 554, 155: 86, 156: 324, 157: 30, 158: 268, 159: 72, 160: 310, 161: 72, 162: 310, 163: 86, 164: 324, 165: 778, 166: 540, 167: 16, 168: 254, 169: 142, 170: 380, 171: 694, 172: 456, 173: 58, 174: 296, 175: 736, 176: 498, 177: 764, 178: 526, 179: 44, 180: 282, 181: 128, 182: 366, 183: 694, 184: 456, 185: 142, 186: 380, 187: 58, 188: 296, 189: 722, 190: 484, 191: 792, 192: 554, 193: 750, 194: 512, 195: 764, 196: 526, 197: 128, 198: 366, 199: 30, 200: 268}
Number of lables used:  34
Time taken: 0.22 seconds
Memory used: 32.21 MB
--------------------------------------------------

Trying with at most 33 labels...
Solution:
{1: 72, 2: 310, 3: 142, 4: 380, 5: 114, 6: 352, 7: 142, 8: 380, 9: 156, 10: 394, 11: 722, 12: 484, 13: 72, 14: 310, 15: 128, 16: 366, 17: 736, 18: 498, 19: 694, 20: 456, 21: 792, 22: 554, 23: 86, 24: 324, 25: 72, 26: 310, 27: 764, 28: 526, 29: 114, 30: 352, 31: 156, 32: 394, 33: 764, 34: 526, 35: 142, 36: 380, 37: 72, 38: 310, 39: 16, 40: 254, 41: 16, 42: 254, 43: 86, 44: 324, 45: 58, 46: 296, 47: 86, 48: 324, 49: 778, 50: 540, 51: 128, 52: 366, 53: 114, 54: 352, 55: 44, 56: 282, 57: 694, 58: 456, 59: 694, 60: 456, 61: 750, 62: 512, 63: 792, 64: 554, 65: 750, 66: 512, 67: 792, 68: 554, 69: 44, 70: 282, 71: 142, 72: 380, 73: 156, 74: 394, 75: 736, 76: 498, 77: 764, 78: 526, 79: 16, 80: 254, 81: 722, 82: 484, 83: 764, 84: 526, 85: 792, 86: 554, 87: 792, 88: 554, 89: 86, 90: 324, 91: 16, 92: 254, 93: 778, 94: 540, 95: 142, 96: 380, 97: 778, 98: 540, 99: 44, 100: 282, 101: 16, 102: 254, 103: 142, 104: 380, 105: 86, 106: 324, 107: 694, 108: 456, 109: 114, 110: 352, 111: 778, 112: 540, 113: 16, 114: 254, 115: 722, 116: 484, 117: 156, 118: 394, 119: 764, 120: 526, 121: 114, 122: 352, 123: 778, 124: 540, 125: 694, 126: 456, 127: 792, 128: 554, 129: 114, 130: 352, 131: 142, 132: 380, 133: 86, 134: 324, 135: 142, 136: 380, 137: 750, 138: 512, 139: 86, 140: 324, 141: 114, 142: 352, 143: 750, 144: 512, 145: 750, 146: 512, 147: 722, 148: 484, 149: 128, 150: 366, 151: 44, 152: 282, 153: 792, 154: 554, 155: 86, 156: 324, 157: 16, 158: 254, 159: 58, 160: 296, 161: 72, 162: 310, 163: 86, 164: 324, 165: 778, 166: 540, 167: 16, 168: 254, 169: 128, 170: 366, 171: 694, 172: 456, 173: 44, 174: 282, 175: 736, 176: 498, 177: 764, 178: 526, 179: 44, 180: 282, 181: 114, 182: 352, 183: 694, 184: 456, 185: 142, 186: 380, 187: 58, 188: 296, 189: 722, 190: 484, 191: 792, 192: 554, 193: 750, 194: 512, 195: 764, 196: 526, 197: 128, 198: 366, 199: 722, 200: 484}
Number of lables used:  32
Time taken: 0.22 seconds
Memory used: 32.21 MB
--------------------------------------------------

Trying with at most 31 labels...
Solution:
{1: 708, 2: 470, 3: 652, 4: 414, 5: 142, 6: 380, 7: 142, 8: 380, 9: 652, 10: 414, 11: 142, 12: 380, 13: 58, 14: 296, 15: 114, 16: 352, 17: 680, 18: 442, 19: 58, 20: 296, 21: 16, 22: 254, 23: 86, 24: 324, 25: 44, 26: 282, 27: 778, 28: 540, 29: 114, 30: 352, 31: 128, 32: 366, 33: 44, 34: 282, 35: 652, 36: 414, 37: 652, 38: 414, 39: 16, 40: 254, 41: 16, 42: 254, 43: 86, 44: 324, 45: 58, 46: 296, 47: 708, 48: 470, 49: 778, 50: 540, 51: 666, 52: 428, 53: 86, 54: 324, 55: 44, 56: 282, 57: 86, 58: 324, 59: 114, 60: 352, 61: 86, 62: 324, 63: 16, 64: 254, 65: 666, 66: 428, 67: 708, 68: 470, 69: 694, 70: 456, 71: 142, 72: 380, 73: 86, 74: 324, 75: 44, 76: 282, 77: 680, 78: 442, 79: 16, 80: 254, 81: 778, 82: 540, 83: 778, 84: 540, 85: 708, 86: 470, 87: 708, 88: 470, 89: 72, 90: 310, 91: 778, 92: 540, 93: 694, 94: 456, 95: 142, 96: 380, 97: 778, 98: 540, 99: 44, 100: 282, 101: 16, 102: 254, 103: 128, 104: 366, 105: 86, 106: 324, 107: 694, 108: 456, 109: 44, 110: 282, 111: 778, 112: 540, 113: 16, 114: 254, 115: 58, 116: 296, 117: 652, 118: 414, 119: 680, 120: 442, 121: 114, 122: 352, 123: 778, 124: 540, 125: 666, 126: 428, 127: 72, 128: 310, 129: 114, 130: 352, 131: 142, 132: 380, 133: 652, 134: 414, 135: 142, 136: 380, 137: 778, 138: 540, 139: 86, 140: 324, 141: 694, 142: 456, 143: 666, 144: 428, 145: 778, 146: 540, 147: 58, 148: 296, 149: 128, 150: 366, 151: 58, 152: 296, 153: 708, 154: 470, 155: 86, 156: 324, 157: 16, 158: 254, 159: 58, 160: 296, 161: 72, 162: 310, 163: 16, 164: 254, 165: 86, 166: 324, 167: 16, 168: 254, 169: 666, 170: 428, 171: 128, 172: 366, 173: 44, 174: 282, 175: 708, 176: 470, 177: 680, 178: 442, 179: 652, 180: 414, 181: 680, 182: 442, 183: 114, 184: 352, 185: 142, 186: 380, 187: 72, 188: 310, 189: 778, 190: 540, 191: 16, 192: 254, 193: 58, 194: 296, 195: 44, 196: 282, 197: 128, 198: 366, 199: 778, 200: 540}
Number of lables used:  28
Time taken: 0.23 seconds
Memory used: 32.21 MB
--------------------------------------------------

Trying with at most 27 labels...
Solution:
{1: 778, 2: 540, 3: 30, 4: 268, 5: 736, 6: 498, 7: 30, 8: 268, 9: 30, 10: 268, 11: 72, 12: 310, 13: 750, 14: 512, 15: 16, 16: 254, 17: 16, 18: 254, 19: 58, 20: 296, 21: 792, 22: 554, 23: 16, 24: 254, 25: 30, 26: 268, 27: 30, 28: 268, 29: 44, 30: 282, 31: 58, 32: 296, 33: 764, 34: 526, 35: 44, 36: 282, 37: 736, 38: 498, 39: 792, 40: 554, 41: 792, 42: 554, 43: 722, 44: 484, 45: 750, 46: 512, 47: 722, 48: 484, 49: 778, 50: 540, 51: 680, 52: 442, 53: 72, 54: 310, 55: 764, 56: 526, 57: 722, 58: 484, 59: 44, 60: 282, 61: 722, 62: 484, 63: 792, 64: 554, 65: 750, 66: 512, 67: 30, 68: 268, 69: 778, 70: 540, 71: 72, 72: 310, 73: 44, 74: 282, 75: 750, 76: 512, 77: 764, 78: 526, 79: 792, 80: 554, 81: 722, 82: 484, 83: 778, 84: 540, 85: 792, 86: 554, 87: 792, 88: 554, 89: 736, 90: 498, 91: 792, 92: 554, 93: 778, 94: 540, 95: 142, 96: 380, 97: 778, 98: 540, 99: 764, 100: 526, 101: 792, 102: 554, 103: 58, 104: 296, 105: 722, 106: 484, 107: 30, 108: 268, 109: 72, 110: 310, 111: 792, 112: 554, 113: 792, 114: 554, 115: 16, 116: 254, 117: 72, 118: 310, 119: 764, 120: 526, 121: 44, 122: 282, 123: 792, 124: 554, 125: 72, 126: 310, 127: 736, 128: 498, 129: 44, 130: 282, 131: 72, 132: 310, 133: 736, 134: 498, 135: 72, 136: 310, 137: 44, 138: 282, 139: 722, 140: 484, 141: 30, 142: 268, 143: 750, 144: 512, 145: 778, 146: 540, 147: 736, 148: 498, 149: 58, 150: 296, 151: 764, 152: 526, 153: 792, 154: 554, 155: 722, 156: 484, 157: 792, 158: 554, 159: 750, 160: 512, 161: 736, 162: 498, 163: 44, 164: 282, 165: 722, 166: 484, 167: 792, 168: 554, 169: 680, 170: 442, 171: 680, 172: 442, 173: 764, 174: 526, 175: 30, 176: 268, 177: 764, 178: 526, 179: 736, 180: 498, 181: 30, 182: 268, 183: 722, 184: 484, 185: 72, 186: 310, 187: 750, 188: 512, 189: 778, 190: 540, 191: 792, 192: 554, 193: 750, 194: 512, 195: 764, 196: 526, 197: 680, 198: 442, 199: 30, 200: 268}
Number of lables used:  26
Time taken: 0.31 seconds
Memory used: 35.57 MB
--------------------------------------------------

Trying with at most 25 labels...
Solution:
{1: 736, 2: 498, 3: 142, 4: 380, 5: 142, 6: 380, 7: 736, 8: 498, 9: 142, 10: 380, 11: 142, 12: 380, 13: 58, 14: 296, 15: 114, 16: 352, 17: 114, 18: 352, 19: 58, 20: 296, 21: 16, 22: 254, 23: 86, 24: 324, 25: 680, 26: 442, 27: 680, 28: 442, 29: 114, 30: 352, 31: 128, 32: 366, 33: 44, 34: 282, 35: 142, 36: 380, 37: 72, 38: 310, 39: 16, 40: 254, 41: 16, 42: 254, 43: 86, 44: 324, 45: 58, 46: 296, 47: 736, 48: 498, 49: 736, 50: 498, 51: 128, 52: 366, 53: 142, 54: 380, 55: 750, 56: 512, 57: 680, 58: 442, 59: 114, 60: 352, 61: 86, 62: 324, 63: 750, 64: 512, 65: 58, 66: 296, 67: 750, 68: 512, 69: 30, 70: 268, 71: 142, 72: 380, 73: 142, 74: 380, 75: 58, 76: 296, 77: 44, 78: 282, 79: 16, 80: 254, 81: 86, 82: 324, 83: 736, 84: 498, 85: 750, 86: 512, 87: 16, 88: 254, 89: 72, 90: 310, 91: 16, 92: 254, 93: 30, 94: 268, 95: 142, 96: 380, 97: 30, 98: 268, 99: 44, 100: 282, 101: 16, 102: 254, 103: 142, 104: 380, 105: 86, 106: 324, 107: 680, 108: 442, 109: 142, 110: 380, 111: 750, 112: 512, 113: 16, 114: 254, 115: 58, 116: 296, 117: 142, 118: 380, 119: 736, 120: 498, 121: 114, 122: 352, 123: 16, 124: 254, 125: 142, 126: 380, 127: 72, 128: 310, 129: 114, 130: 352, 131: 142, 132: 380, 133: 72, 134: 310, 135: 142, 136: 380, 137: 114, 138: 352, 139: 680, 140: 442, 141: 680, 142: 442, 143: 58, 144: 296, 145: 30, 146: 268, 147: 72, 148: 310, 149: 128, 150: 366, 151: 44, 152: 282, 153: 16, 154: 254, 155: 86, 156: 324, 157: 16, 158: 254, 159: 736, 160: 498, 161: 72, 162: 310, 163: 114, 164: 352, 165: 86, 166: 324, 167: 16, 168: 254, 169: 128, 170: 366, 171: 128, 172: 366, 173: 44, 174: 282, 175: 680, 176: 442, 177: 736, 178: 498, 179: 72, 180: 310, 181: 114, 182: 352, 183: 680, 184: 442, 185: 142, 186: 380, 187: 58, 188: 296, 189: 30, 190: 268, 191: 750, 192: 512, 193: 58, 194: 296, 195: 44, 196: 282, 197: 750, 198: 512, 199: 30, 200: 268}
Number of lables used:  24
Time taken: 0.36 seconds
Memory used: 35.61 MB
--------------------------------------------------

Trying with at most 23 labels...
Solution:
{1: 736, 2: 498, 3: 142, 4: 380, 5: 142, 6: 380, 7: 142, 8: 380, 9: 142, 10: 380, 11: 142, 12: 380, 13: 58, 14: 296, 15: 114, 16: 352, 17: 114, 18: 352, 19: 58, 20: 296, 21: 16, 22: 254, 23: 86, 24: 324, 25: 680, 26: 442, 27: 680, 28: 442, 29: 114, 30: 352, 31: 128, 32: 366, 33: 44, 34: 282, 35: 142, 36: 380, 37: 72, 38: 310, 39: 16, 40: 254, 41: 16, 42: 254, 43: 86, 44: 324, 45: 58, 46: 296, 47: 736, 48: 498, 49: 736, 50: 498, 51: 128, 52: 366, 53: 142, 54: 380, 55: 44, 56: 282, 57: 86, 58: 324, 59: 114, 60: 352, 61: 86, 62: 324, 63: 16, 64: 254, 65: 58, 66: 296, 67: 736, 68: 498, 69: 30, 70: 268, 71: 142, 72: 380, 73: 142, 74: 380, 75: 58, 76: 296, 77: 44, 78: 282, 79: 16, 80: 254, 81: 86, 82: 324, 83: 736, 84: 498, 85: 16, 86: 254, 87: 16, 88: 254, 89: 72, 90: 310, 91: 16, 92: 254, 93: 30, 94: 268, 95: 142, 96: 380, 97: 30, 98: 268, 99: 44, 100: 282, 101: 16, 102: 254, 103: 142, 104: 380, 105: 86, 106: 324, 107: 680, 108: 442, 109: 142, 110: 380, 111: 16, 112: 254, 113: 16, 114: 254, 115: 58, 116: 296, 117: 142, 118: 380, 119: 736, 120: 498, 121: 114, 122: 352, 123: 16, 124: 254, 125: 142, 126: 380, 127: 72, 128: 310, 129: 114, 130: 352, 131: 142, 132: 380, 133: 72, 134: 310, 135: 142, 136: 380, 137: 114, 138: 352, 139: 680, 140: 442, 141: 680, 142: 442, 143: 58, 144: 296, 145: 736, 146: 498, 147: 72, 148: 310, 149: 128, 150: 366, 151: 44, 152: 282, 153: 16, 154: 254, 155: 86, 156: 324, 157: 16, 158: 254, 159: 736, 160: 498, 161: 72, 162: 310, 163: 114, 164: 352, 165: 86, 166: 324, 167: 16, 168: 254, 169: 128, 170: 366, 171: 128, 172: 366, 173: 44, 174: 282, 175: 680, 176: 442, 177: 736, 178: 498, 179: 72, 180: 310, 181: 114, 182: 352, 183: 86, 184: 324, 185: 142, 186: 380, 187: 58, 188: 296, 189: 30, 190: 268, 191: 16, 192: 254, 193: 58, 194: 296, 195: 44, 196: 282, 197: 736, 198: 498, 199: 30, 200: 268}
Number of lables used:  22
Time taken: 0.36 seconds
Memory used: 35.61 MB
--------------------------------------------------

Trying with at most 21 labels...
Solution:
{1: 736, 2: 498, 3: 142, 4: 380, 5: 142, 6: 380, 7: 142, 8: 380, 9: 142, 10: 380, 11: 142, 12: 380, 13: 58, 14: 296, 15: 114, 16: 352, 17: 114, 18: 352, 19: 58, 20: 296, 21: 16, 22: 254, 23: 86, 24: 324, 25: 736, 26: 498, 27: 736, 28: 498, 29: 114, 30: 352, 31: 128, 32: 366, 33: 44, 34: 282, 35: 142, 36: 380, 37: 72, 38: 310, 39: 16, 40: 254, 41: 16, 42: 254, 43: 86, 44: 324, 45: 58, 46: 296, 47: 736, 48: 498, 49: 736, 50: 498, 51: 128, 52: 366, 53: 142, 54: 380, 55: 44, 56: 282, 57: 86, 58: 324, 59: 114, 60: 352, 61: 86, 62: 324, 63: 16, 64: 254, 65: 58, 66: 296, 67: 736, 68: 498, 69: 30, 70: 268, 71: 142, 72: 380, 73: 142, 74: 380, 75: 58, 76: 296, 77: 44, 78: 282, 79: 16, 80: 254, 81: 86, 82: 324, 83: 736, 84: 498, 85: 16, 86: 254, 87: 16, 88: 254, 89: 72, 90: 310, 91: 16, 92: 254, 93: 30, 94: 268, 95: 142, 96: 380, 97: 30, 98: 268, 99: 44, 100: 282, 101: 16, 102: 254, 103: 142, 104: 380, 105: 86, 106: 324, 107: 736, 108: 498, 109: 142, 110: 380, 111: 16, 112: 254, 113: 16, 114: 254, 115: 58, 116: 296, 117: 142, 118: 380, 119: 44, 120: 282, 121: 114, 122: 352, 123: 16, 124: 254, 125: 142, 126: 380, 127: 72, 128: 310, 129: 114, 130: 352, 131: 142, 132: 380, 133: 72, 134: 310, 135: 142, 136: 380, 137: 114, 138: 352, 139: 86, 140: 324, 141: 736, 142: 498, 143: 58, 144: 296, 145: 736, 146: 498, 147: 72, 148: 310, 149: 128, 150: 366, 151: 44, 152: 282, 153: 16, 154: 254, 155: 86, 156: 324, 157: 16, 158: 254, 159: 736, 160: 498, 161: 72, 162: 310, 163: 114, 164: 352, 165: 86, 166: 324, 167: 16, 168: 254, 169: 128, 170: 366, 171: 128, 172: 366, 173: 44, 174: 282, 175: 736, 176: 498, 177: 736, 178: 498, 179: 72, 180: 310, 181: 114, 182: 352, 183: 86, 184: 324, 185: 142, 186: 380, 187: 58, 188: 296, 189: 30, 190: 268, 191: 16, 192: 254, 193: 58, 194: 296, 195: 44, 196: 282, 197: 128, 198: 366, 199: 30, 200: 268}
Number of lables used:  20
Time taken: 0.36 seconds
Memory used: 35.61 MB
--------------------------------------------------

Trying with at most 19 labels...
Cannot find solution.
No more solutions found.
Optimal number of labels used:  20
Time taken: 4.09 seconds
Memory used: 37.00 MB
[runlim] end:			Mon Mar 23 16:17:29 2026
[runlim] status:		ok
[runlim] result:		0
[runlim] children:		1
[runlim] processes:		2
[runlim] real:			4.13 seconds
[runlim] time:			4.10 seconds
[runlim] space:			42 MB
[runlim] load:			1.13 maximum
[runlim] samples:		42
