[runlim] version:		2.0.0rc12
[runlim] host:			ap-Precision-7550
[runlim] time limit:		311040000 seconds
[runlim] real time limit:	600 seconds
[runlim] space limit:		14000 MB
[runlim] argv[0]:		python3
[runlim] argv[1]:		-u
[runlim] argv[2]:		main.py
[runlim] argv[3]:		TUD200.3
[runlim] argv[4]:		tot
[runlim] argv[5]:		assumptions
[runlim] argv[6]:		cadical195
[runlim] start:			Tue Mar 24 16:56:34 2026
[runlim] child:			47913
Solve first problem:
Solution:
{1: 526, 2: 764, 3: 442, 4: 680, 5: 414, 6: 652, 7: 352, 8: 114, 9: 442, 10: 680, 11: 142, 12: 380, 13: 16, 14: 254, 15: 86, 16: 324, 17: 408, 18: 170, 19: 708, 20: 470, 21: 526, 22: 764, 23: 778, 24: 540, 25: 282, 26: 44, 27: 58, 28: 296, 29: 394, 30: 156, 31: 366, 32: 128, 33: 456, 34: 694, 35: 694, 36: 456, 37: 142, 38: 380, 39: 142, 40: 380, 41: 86, 42: 324, 43: 540, 44: 778, 45: 484, 46: 722, 47: 282, 48: 44, 49: 554, 50: 792, 51: 428, 52: 666, 53: 470, 54: 708, 55: 394, 56: 156, 57: 442, 58: 680, 59: 100, 60: 338, 61: 324, 62: 86, 63: 156, 64: 394, 65: 680, 66: 442, 67: 456, 68: 694, 69: 114, 70: 352, 71: 512, 72: 750, 73: 142, 74: 380, 75: 442, 76: 680, 77: 156, 78: 394, 79: 142, 80: 380, 81: 554, 82: 792, 83: 512, 84: 750, 85: 526, 86: 764, 87: 652, 88: 414, 89: 44, 90: 282, 91: 554, 92: 792, 93: 58, 94: 296, 95: 30, 96: 268, 97: 478, 98: 240, 99: 478, 100: 240, 101: 666, 102: 428, 103: 484, 104: 722, 105: 498, 106: 736, 107: 554, 108: 792, 109: 394, 110: 156, 111: 540, 112: 778, 113: 86, 114: 324, 115: 142, 116: 380, 117: 100, 118: 338, 119: 72, 120: 310, 121: 380, 122: 142, 123: 512, 124: 750, 125: 764, 126: 526, 127: 736, 128: 498, 129: 456, 130: 694, 131: 240, 132: 478, 133: 498, 134: 736, 135: 554, 136: 792, 137: 652, 138: 414, 139: 554, 140: 792, 141: 498, 142: 736, 143: 512, 144: 750, 145: 86, 146: 324, 147: 694, 148: 456, 149: 428, 150: 666, 151: 792, 152: 554, 153: 156, 154: 394, 155: 394, 156: 156, 157: 540, 158: 778, 159: 512, 160: 750, 161: 554, 162: 792, 163: 554, 164: 792, 165: 394, 166: 156, 167: 428, 168: 666, 169: 498, 170: 736, 171: 554, 172: 792, 173: 442, 174: 680, 175: 470, 176: 708, 177: 428, 178: 666, 179: 170, 180: 408, 181: 792, 182: 554, 183: 498, 184: 736, 185: 484, 186: 722, 187: 792, 188: 554, 189: 498, 190: 736, 191: 540, 192: 778, 193: 484, 194: 722, 195: 72, 196: 310, 197: 526, 198: 764, 199: 554, 200: 792}
Number of lables used:  48
Time taken: 0.16 seconds
Memory used: 29.96 MB
--------------------------------------------------

Trying with at most 47 labels...
Solution:
{1: 526, 2: 764, 3: 442, 4: 680, 5: 414, 6: 652, 7: 352, 8: 114, 9: 442, 10: 680, 11: 142, 12: 380, 13: 16, 14: 254, 15: 86, 16: 324, 17: 408, 18: 170, 19: 708, 20: 470, 21: 526, 22: 764, 23: 778, 24: 540, 25: 282, 26: 44, 27: 58, 28: 296, 29: 394, 30: 156, 31: 366, 32: 128, 33: 442, 34: 680, 35: 694, 36: 456, 37: 142, 38: 380, 39: 142, 40: 380, 41: 86, 42: 324, 43: 540, 44: 778, 45: 484, 46: 722, 47: 282, 48: 44, 49: 554, 50: 792, 51: 428, 52: 666, 53: 470, 54: 708, 55: 394, 56: 156, 57: 442, 58: 680, 59: 100, 60: 338, 61: 324, 62: 86, 63: 156, 64: 394, 65: 680, 66: 442, 67: 456, 68: 694, 69: 114, 70: 352, 71: 512, 72: 750, 73: 142, 74: 380, 75: 792, 76: 554, 77: 156, 78: 394, 79: 142, 80: 380, 81: 554, 82: 792, 83: 512, 84: 750, 85: 526, 86: 764, 87: 652, 88: 414, 89: 254, 90: 16, 91: 428, 92: 666, 93: 44, 94: 282, 95: 30, 96: 268, 97: 478, 98: 240, 99: 478, 100: 240, 101: 666, 102: 428, 103: 484, 104: 722, 105: 352, 106: 114, 107: 554, 108: 792, 109: 394, 110: 156, 111: 540, 112: 778, 113: 86, 114: 324, 115: 142, 116: 380, 117: 296, 118: 58, 119: 666, 120: 428, 121: 380, 122: 142, 123: 512, 124: 750, 125: 764, 126: 526, 127: 540, 128: 778, 129: 456, 130: 694, 131: 240, 132: 478, 133: 484, 134: 722, 135: 484, 136: 722, 137: 268, 138: 30, 139: 554, 140: 792, 141: 484, 142: 722, 143: 512, 144: 750, 145: 86, 146: 324, 147: 156, 148: 394, 149: 86, 150: 324, 151: 58, 152: 296, 153: 156, 154: 394, 155: 366, 156: 128, 157: 540, 158: 778, 159: 428, 160: 666, 161: 512, 162: 750, 163: 470, 164: 708, 165: 338, 166: 100, 167: 428, 168: 666, 169: 792, 170: 554, 171: 554, 172: 792, 173: 442, 174: 680, 175: 470, 176: 708, 177: 428, 178: 666, 179: 170, 180: 408, 181: 792, 182: 554, 183: 778, 184: 540, 185: 484, 186: 722, 187: 484, 188: 722, 189: 484, 190: 722, 191: 540, 192: 778, 193: 484, 194: 722, 195: 72, 196: 310, 197: 526, 198: 764, 199: 554, 200: 792}
Number of lables used:  46
Time taken: 0.16 seconds
Memory used: 30.89 MB
--------------------------------------------------

Trying with at most 45 labels...
Solution:
{1: 540, 2: 778, 3: 414, 4: 652, 5: 414, 6: 652, 7: 352, 8: 114, 9: 414, 10: 652, 11: 142, 12: 380, 13: 16, 14: 254, 15: 86, 16: 324, 17: 408, 18: 170, 19: 708, 20: 470, 21: 554, 22: 792, 23: 778, 24: 540, 25: 282, 26: 44, 27: 58, 28: 296, 29: 394, 30: 156, 31: 366, 32: 128, 33: 338, 34: 100, 35: 694, 36: 456, 37: 128, 38: 366, 39: 142, 40: 380, 41: 86, 42: 324, 43: 540, 44: 778, 45: 484, 46: 722, 47: 282, 48: 44, 49: 554, 50: 792, 51: 428, 52: 666, 53: 470, 54: 708, 55: 394, 56: 156, 57: 652, 58: 414, 59: 100, 60: 338, 61: 324, 62: 86, 63: 156, 64: 394, 65: 666, 66: 428, 67: 456, 68: 694, 69: 114, 70: 352, 71: 512, 72: 750, 73: 142, 74: 380, 75: 792, 76: 554, 77: 156, 78: 394, 79: 142, 80: 380, 81: 554, 82: 792, 83: 512, 84: 750, 85: 540, 86: 778, 87: 652, 88: 414, 89: 254, 90: 16, 91: 792, 92: 554, 93: 44, 94: 282, 95: 30, 96: 268, 97: 478, 98: 240, 99: 478, 100: 240, 101: 16, 102: 254, 103: 484, 104: 722, 105: 352, 106: 114, 107: 554, 108: 792, 109: 394, 110: 156, 111: 540, 112: 778, 113: 86, 114: 324, 115: 142, 116: 380, 117: 296, 118: 58, 119: 666, 120: 428, 121: 380, 122: 142, 123: 512, 124: 750, 125: 540, 126: 778, 127: 540, 128: 778, 129: 282, 130: 44, 131: 240, 132: 478, 133: 484, 134: 722, 135: 484, 136: 722, 137: 268, 138: 30, 139: 652, 140: 414, 141: 484, 142: 722, 143: 512, 144: 750, 145: 86, 146: 324, 147: 156, 148: 394, 149: 86, 150: 324, 151: 58, 152: 296, 153: 156, 154: 394, 155: 366, 156: 128, 157: 540, 158: 778, 159: 428, 160: 666, 161: 512, 162: 750, 163: 470, 164: 708, 165: 338, 166: 100, 167: 414, 168: 652, 169: 792, 170: 554, 171: 554, 172: 792, 173: 428, 174: 666, 175: 470, 176: 708, 177: 792, 178: 554, 179: 170, 180: 408, 181: 792, 182: 554, 183: 778, 184: 540, 185: 484, 186: 722, 187: 484, 188: 722, 189: 484, 190: 722, 191: 540, 192: 778, 193: 484, 194: 722, 195: 72, 196: 310, 197: 554, 198: 792, 199: 512, 200: 750}
Number of lables used:  42
Time taken: 0.17 seconds
Memory used: 31.00 MB
--------------------------------------------------

Trying with at most 41 labels...
Solution:
{1: 540, 2: 778, 3: 414, 4: 652, 5: 414, 6: 652, 7: 352, 8: 114, 9: 414, 10: 652, 11: 170, 12: 408, 13: 16, 14: 254, 15: 86, 16: 324, 17: 408, 18: 170, 19: 708, 20: 470, 21: 554, 22: 792, 23: 778, 24: 540, 25: 282, 26: 44, 27: 44, 28: 282, 29: 394, 30: 156, 31: 366, 32: 128, 33: 324, 34: 86, 35: 694, 36: 456, 37: 128, 38: 366, 39: 142, 40: 380, 41: 72, 42: 310, 43: 540, 44: 778, 45: 484, 46: 722, 47: 282, 48: 44, 49: 380, 50: 142, 51: 736, 52: 498, 53: 470, 54: 708, 55: 100, 56: 338, 57: 652, 58: 414, 59: 100, 60: 338, 61: 324, 62: 86, 63: 156, 64: 394, 65: 652, 66: 414, 67: 456, 68: 694, 69: 114, 70: 352, 71: 128, 72: 366, 73: 128, 74: 366, 75: 792, 76: 554, 77: 156, 78: 394, 79: 142, 80: 380, 81: 554, 82: 792, 83: 456, 84: 694, 85: 540, 86: 778, 87: 652, 88: 414, 89: 254, 90: 16, 91: 792, 92: 554, 93: 44, 94: 282, 95: 30, 96: 268, 97: 478, 98: 240, 99: 478, 100: 240, 101: 16, 102: 254, 103: 484, 104: 722, 105: 352, 106: 114, 107: 554, 108: 792, 109: 394, 110: 156, 111: 540, 112: 778, 113: 86, 114: 324, 115: 142, 116: 380, 117: 282, 118: 44, 119: 456, 120: 694, 121: 380, 122: 142, 123: 44, 124: 282, 125: 540, 126: 778, 127: 540, 128: 778, 129: 282, 130: 44, 131: 240, 132: 478, 133: 484, 134: 722, 135: 484, 136: 722, 137: 268, 138: 30, 139: 652, 140: 414, 141: 484, 142: 722, 143: 498, 144: 736, 145: 86, 146: 324, 147: 498, 148: 736, 149: 72, 150: 310, 151: 414, 152: 652, 153: 156, 154: 394, 155: 352, 156: 114, 157: 540, 158: 778, 159: 414, 160: 652, 161: 498, 162: 736, 163: 470, 164: 708, 165: 254, 166: 16, 167: 414, 168: 652, 169: 792, 170: 554, 171: 554, 172: 792, 173: 722, 174: 484, 175: 456, 176: 694, 177: 792, 178: 554, 179: 170, 180: 408, 181: 792, 182: 554, 183: 778, 184: 540, 185: 484, 186: 722, 187: 484, 188: 722, 189: 722, 190: 484, 191: 540, 192: 778, 193: 484, 194: 722, 195: 72, 196: 310, 197: 554, 198: 792, 199: 498, 200: 736}
Number of lables used:  38
Time taken: 0.17 seconds
Memory used: 31.00 MB
--------------------------------------------------

Trying with at most 37 labels...
Solution:
{1: 540, 2: 778, 3: 414, 4: 652, 5: 414, 6: 652, 7: 352, 8: 114, 9: 414, 10: 652, 11: 170, 12: 408, 13: 414, 14: 652, 15: 86, 16: 324, 17: 408, 18: 170, 19: 708, 20: 470, 21: 554, 22: 792, 23: 778, 24: 540, 25: 282, 26: 44, 27: 44, 28: 282, 29: 394, 30: 156, 31: 366, 32: 128, 33: 324, 34: 86, 35: 694, 36: 456, 37: 128, 38: 366, 39: 142, 40: 380, 41: 72, 42: 310, 43: 540, 44: 778, 45: 484, 46: 722, 47: 282, 48: 44, 49: 380, 50: 142, 51: 736, 52: 498, 53: 470, 54: 708, 55: 100, 56: 338, 57: 652, 58: 414, 59: 100, 60: 338, 61: 324, 62: 86, 63: 156, 64: 394, 65: 652, 66: 414, 67: 456, 68: 694, 69: 114, 70: 352, 71: 128, 72: 366, 73: 128, 74: 366, 75: 792, 76: 554, 77: 156, 78: 394, 79: 142, 80: 380, 81: 554, 82: 792, 83: 456, 84: 694, 85: 540, 86: 778, 87: 652, 88: 414, 89: 268, 90: 30, 91: 792, 92: 554, 93: 44, 94: 282, 95: 30, 96: 268, 97: 478, 98: 240, 99: 478, 100: 240, 101: 366, 102: 128, 103: 484, 104: 722, 105: 352, 106: 114, 107: 554, 108: 792, 109: 394, 110: 156, 111: 540, 112: 778, 113: 86, 114: 324, 115: 142, 116: 380, 117: 282, 118: 44, 119: 456, 120: 694, 121: 380, 122: 142, 123: 44, 124: 282, 125: 540, 126: 778, 127: 540, 128: 778, 129: 282, 130: 44, 131: 240, 132: 478, 133: 484, 134: 722, 135: 484, 136: 722, 137: 268, 138: 30, 139: 652, 140: 414, 141: 484, 142: 722, 143: 498, 144: 736, 145: 86, 146: 324, 147: 498, 148: 736, 149: 72, 150: 310, 151: 414, 152: 652, 153: 156, 154: 394, 155: 352, 156: 114, 157: 540, 158: 778, 159: 414, 160: 652, 161: 498, 162: 736, 163: 470, 164: 708, 165: 268, 166: 30, 167: 414, 168: 652, 169: 792, 170: 554, 171: 554, 172: 792, 173: 722, 174: 484, 175: 456, 176: 694, 177: 792, 178: 554, 179: 170, 180: 408, 181: 792, 182: 554, 183: 778, 184: 540, 185: 484, 186: 722, 187: 484, 188: 722, 189: 722, 190: 484, 191: 540, 192: 778, 193: 484, 194: 722, 195: 72, 196: 310, 197: 554, 198: 792, 199: 498, 200: 736}
Number of lables used:  36
Time taken: 0.17 seconds
Memory used: 31.00 MB
--------------------------------------------------

Trying with at most 35 labels...
Solution:
{1: 540, 2: 778, 3: 414, 4: 652, 5: 414, 6: 652, 7: 352, 8: 114, 9: 414, 10: 652, 11: 170, 12: 408, 13: 414, 14: 652, 15: 86, 16: 324, 17: 408, 18: 170, 19: 694, 20: 456, 21: 554, 22: 792, 23: 778, 24: 540, 25: 282, 26: 44, 27: 44, 28: 282, 29: 394, 30: 156, 31: 366, 32: 128, 33: 324, 34: 86, 35: 694, 36: 456, 37: 128, 38: 366, 39: 142, 40: 380, 41: 72, 42: 310, 43: 540, 44: 778, 45: 484, 46: 722, 47: 282, 48: 44, 49: 380, 50: 142, 51: 736, 52: 498, 53: 456, 54: 694, 55: 100, 56: 338, 57: 652, 58: 414, 59: 100, 60: 338, 61: 324, 62: 86, 63: 156, 64: 394, 65: 652, 66: 414, 67: 456, 68: 694, 69: 114, 70: 352, 71: 128, 72: 366, 73: 128, 74: 366, 75: 792, 76: 554, 77: 156, 78: 394, 79: 142, 80: 380, 81: 554, 82: 792, 83: 456, 84: 694, 85: 540, 86: 778, 87: 652, 88: 414, 89: 268, 90: 30, 91: 792, 92: 554, 93: 44, 94: 282, 95: 30, 96: 268, 97: 478, 98: 240, 99: 478, 100: 240, 101: 366, 102: 128, 103: 484, 104: 722, 105: 352, 106: 114, 107: 554, 108: 792, 109: 394, 110: 156, 111: 540, 112: 778, 113: 86, 114: 324, 115: 142, 116: 380, 117: 282, 118: 44, 119: 456, 120: 694, 121: 380, 122: 142, 123: 44, 124: 282, 125: 540, 126: 778, 127: 540, 128: 778, 129: 282, 130: 44, 131: 240, 132: 478, 133: 484, 134: 722, 135: 484, 136: 722, 137: 268, 138: 30, 139: 652, 140: 414, 141: 484, 142: 722, 143: 498, 144: 736, 145: 86, 146: 324, 147: 498, 148: 736, 149: 72, 150: 310, 151: 414, 152: 652, 153: 156, 154: 394, 155: 352, 156: 114, 157: 540, 158: 778, 159: 414, 160: 652, 161: 498, 162: 736, 163: 456, 164: 694, 165: 268, 166: 30, 167: 414, 168: 652, 169: 792, 170: 554, 171: 554, 172: 792, 173: 722, 174: 484, 175: 456, 176: 694, 177: 792, 178: 554, 179: 170, 180: 408, 181: 792, 182: 554, 183: 778, 184: 540, 185: 484, 186: 722, 187: 484, 188: 722, 189: 722, 190: 484, 191: 540, 192: 778, 193: 484, 194: 722, 195: 72, 196: 310, 197: 554, 198: 792, 199: 498, 200: 736}
Number of lables used:  34
Time taken: 0.17 seconds
Memory used: 31.00 MB
--------------------------------------------------

Trying with at most 33 labels...
Solution:
{1: 540, 2: 778, 3: 414, 4: 652, 5: 414, 6: 652, 7: 352, 8: 114, 9: 414, 10: 652, 11: 142, 12: 380, 13: 554, 14: 792, 15: 86, 16: 324, 17: 142, 18: 380, 19: 694, 20: 456, 21: 554, 22: 792, 23: 778, 24: 540, 25: 282, 26: 44, 27: 44, 28: 282, 29: 394, 30: 156, 31: 366, 32: 128, 33: 324, 34: 86, 35: 380, 36: 142, 37: 128, 38: 366, 39: 142, 40: 380, 41: 72, 42: 310, 43: 540, 44: 778, 45: 324, 46: 86, 47: 282, 48: 44, 49: 380, 50: 142, 51: 324, 52: 86, 53: 456, 54: 694, 55: 114, 56: 352, 57: 652, 58: 414, 59: 16, 60: 254, 61: 324, 62: 86, 63: 156, 64: 394, 65: 652, 66: 414, 67: 498, 68: 736, 69: 114, 70: 352, 71: 128, 72: 366, 73: 128, 74: 366, 75: 792, 76: 554, 77: 156, 78: 394, 79: 142, 80: 380, 81: 554, 82: 792, 83: 456, 84: 694, 85: 540, 86: 778, 87: 652, 88: 414, 89: 254, 90: 16, 91: 792, 92: 554, 93: 44, 94: 282, 95: 30, 96: 268, 97: 478, 98: 240, 99: 478, 100: 240, 101: 16, 102: 254, 103: 792, 104: 554, 105: 352, 106: 114, 107: 380, 108: 142, 109: 394, 110: 156, 111: 540, 112: 778, 113: 86, 114: 324, 115: 142, 116: 380, 117: 282, 118: 44, 119: 456, 120: 694, 121: 380, 122: 142, 123: 44, 124: 282, 125: 540, 126: 778, 127: 554, 128: 792, 129: 282, 130: 44, 131: 240, 132: 478, 133: 456, 134: 694, 135: 778, 136: 540, 137: 652, 138: 414, 139: 652, 140: 414, 141: 456, 142: 694, 143: 498, 144: 736, 145: 44, 146: 282, 147: 498, 148: 736, 149: 72, 150: 310, 151: 414, 152: 652, 153: 114, 154: 352, 155: 352, 156: 114, 157: 540, 158: 778, 159: 414, 160: 652, 161: 498, 162: 736, 163: 456, 164: 694, 165: 268, 166: 30, 167: 414, 168: 652, 169: 792, 170: 554, 171: 554, 172: 792, 173: 694, 174: 456, 175: 456, 176: 694, 177: 792, 178: 554, 179: 240, 180: 478, 181: 778, 182: 540, 183: 778, 184: 540, 185: 30, 186: 268, 187: 456, 188: 694, 189: 694, 190: 456, 191: 540, 192: 778, 193: 456, 194: 694, 195: 72, 196: 310, 197: 554, 198: 792, 199: 498, 200: 736}
Number of lables used:  30
Time taken: 0.18 seconds
Memory used: 31.00 MB
--------------------------------------------------

Trying with at most 29 labels...
Solution:
{1: 456, 2: 694, 3: 652, 4: 414, 5: 16, 6: 254, 7: 268, 8: 30, 9: 652, 10: 414, 11: 142, 12: 380, 13: 554, 14: 792, 15: 652, 16: 414, 17: 170, 18: 408, 19: 554, 20: 792, 21: 792, 22: 554, 23: 44, 24: 282, 25: 282, 26: 44, 27: 792, 28: 554, 29: 268, 30: 30, 31: 366, 32: 128, 33: 352, 34: 114, 35: 324, 36: 86, 37: 694, 38: 456, 39: 128, 40: 366, 41: 114, 42: 352, 43: 380, 44: 142, 45: 324, 46: 86, 47: 128, 48: 366, 49: 352, 50: 114, 51: 694, 52: 456, 53: 156, 54: 394, 55: 86, 56: 324, 57: 652, 58: 414, 59: 86, 60: 324, 61: 268, 62: 30, 63: 792, 64: 554, 65: 16, 66: 254, 67: 86, 68: 324, 69: 72, 70: 310, 71: 128, 72: 366, 73: 128, 74: 366, 75: 792, 76: 554, 77: 394, 78: 156, 79: 44, 80: 282, 81: 554, 82: 792, 83: 414, 84: 652, 85: 456, 86: 694, 87: 156, 88: 394, 89: 554, 90: 792, 91: 694, 92: 456, 93: 456, 94: 694, 95: 156, 96: 394, 97: 240, 98: 478, 99: 478, 100: 240, 101: 310, 102: 72, 103: 792, 104: 554, 105: 352, 106: 114, 107: 380, 108: 142, 109: 414, 110: 652, 111: 456, 112: 694, 113: 16, 114: 254, 115: 30, 116: 268, 117: 310, 118: 72, 119: 142, 120: 380, 121: 408, 122: 170, 123: 554, 124: 792, 125: 86, 126: 324, 127: 694, 128: 456, 129: 456, 130: 694, 131: 142, 132: 380, 133: 694, 134: 456, 135: 694, 136: 456, 137: 324, 138: 86, 139: 652, 140: 414, 141: 456, 142: 694, 143: 456, 144: 694, 145: 792, 146: 554, 147: 44, 148: 282, 149: 72, 150: 310, 151: 652, 152: 414, 153: 652, 154: 414, 155: 282, 156: 44, 157: 142, 158: 380, 159: 414, 160: 652, 161: 456, 162: 694, 163: 310, 164: 72, 165: 16, 166: 254, 167: 414, 168: 652, 169: 652, 170: 414, 171: 554, 172: 792, 173: 86, 174: 324, 175: 282, 176: 44, 177: 792, 178: 554, 179: 240, 180: 478, 181: 44, 182: 282, 183: 352, 184: 114, 185: 156, 186: 394, 187: 16, 188: 254, 189: 366, 190: 128, 191: 142, 192: 380, 193: 694, 194: 456, 195: 72, 196: 310, 197: 792, 198: 554, 199: 694, 200: 456}
Number of lables used:  28
Time taken: 0.19 seconds
Memory used: 31.05 MB
--------------------------------------------------

Trying with at most 27 labels...
Solution:
{1: 456, 2: 694, 3: 652, 4: 414, 5: 16, 6: 254, 7: 268, 8: 30, 9: 652, 10: 414, 11: 142, 12: 380, 13: 554, 14: 792, 15: 652, 16: 414, 17: 170, 18: 408, 19: 554, 20: 792, 21: 792, 22: 554, 23: 44, 24: 282, 25: 282, 26: 44, 27: 792, 28: 554, 29: 268, 30: 30, 31: 366, 32: 128, 33: 366, 34: 128, 35: 324, 36: 86, 37: 694, 38: 456, 39: 128, 40: 366, 41: 114, 42: 352, 43: 380, 44: 142, 45: 324, 46: 86, 47: 128, 48: 366, 49: 352, 50: 114, 51: 694, 52: 456, 53: 156, 54: 394, 55: 394, 56: 156, 57: 652, 58: 414, 59: 86, 60: 324, 61: 268, 62: 30, 63: 792, 64: 554, 65: 16, 66: 254, 67: 86, 68: 324, 69: 30, 70: 268, 71: 128, 72: 366, 73: 30, 74: 268, 75: 792, 76: 554, 77: 394, 78: 156, 79: 44, 80: 282, 81: 554, 82: 792, 83: 414, 84: 652, 85: 456, 86: 694, 87: 156, 88: 394, 89: 554, 90: 792, 91: 694, 92: 456, 93: 456, 94: 694, 95: 156, 96: 394, 97: 240, 98: 478, 99: 478, 100: 240, 101: 324, 102: 86, 103: 792, 104: 554, 105: 352, 106: 114, 107: 380, 108: 142, 109: 414, 110: 652, 111: 456, 112: 694, 113: 16, 114: 254, 115: 30, 116: 268, 117: 324, 118: 86, 119: 694, 120: 456, 121: 408, 122: 170, 123: 456, 124: 694, 125: 114, 126: 352, 127: 652, 128: 414, 129: 456, 130: 694, 131: 142, 132: 380, 133: 694, 134: 456, 135: 694, 136: 456, 137: 324, 138: 86, 139: 652, 140: 414, 141: 456, 142: 694, 143: 456, 144: 694, 145: 792, 146: 554, 147: 44, 148: 282, 149: 86, 150: 324, 151: 792, 152: 554, 153: 652, 154: 414, 155: 282, 156: 44, 157: 142, 158: 380, 159: 414, 160: 652, 161: 456, 162: 694, 163: 282, 164: 44, 165: 324, 166: 86, 167: 414, 168: 652, 169: 652, 170: 414, 171: 554, 172: 792, 173: 86, 174: 324, 175: 282, 176: 44, 177: 792, 178: 554, 179: 240, 180: 478, 181: 44, 182: 282, 183: 352, 184: 114, 185: 156, 186: 394, 187: 16, 188: 254, 189: 366, 190: 128, 191: 142, 192: 380, 193: 694, 194: 456, 195: 44, 196: 282, 197: 792, 198: 554, 199: 694, 200: 456}
Number of lables used:  26
Time taken: 0.19 seconds
Memory used: 31.05 MB
--------------------------------------------------

Trying with at most 25 labels...
Solution:
{1: 456, 2: 694, 3: 652, 4: 414, 5: 254, 6: 16, 7: 268, 8: 30, 9: 652, 10: 414, 11: 380, 12: 142, 13: 554, 14: 792, 15: 554, 16: 792, 17: 240, 18: 478, 19: 792, 20: 554, 21: 792, 22: 554, 23: 44, 24: 282, 25: 282, 26: 44, 27: 792, 28: 554, 29: 414, 30: 652, 31: 366, 32: 128, 33: 310, 34: 72, 35: 310, 36: 72, 37: 694, 38: 456, 39: 128, 40: 366, 41: 310, 42: 72, 43: 380, 44: 142, 45: 352, 46: 114, 47: 128, 48: 366, 49: 254, 50: 16, 51: 694, 52: 456, 53: 156, 54: 394, 55: 394, 56: 156, 57: 554, 58: 792, 59: 72, 60: 310, 61: 310, 62: 72, 63: 792, 64: 554, 65: 30, 66: 268, 67: 128, 68: 366, 69: 456, 70: 694, 71: 128, 72: 366, 73: 30, 74: 268, 75: 652, 76: 414, 77: 156, 78: 394, 79: 694, 80: 456, 81: 554, 82: 792, 83: 414, 84: 652, 85: 268, 86: 30, 87: 156, 88: 394, 89: 554, 90: 792, 91: 694, 92: 456, 93: 456, 94: 694, 95: 156, 96: 394, 97: 240, 98: 478, 99: 142, 100: 380, 101: 156, 102: 394, 103: 792, 104: 554, 105: 114, 106: 352, 107: 380, 108: 142, 109: 414, 110: 652, 111: 456, 112: 694, 113: 16, 114: 254, 115: 30, 116: 268, 117: 366, 118: 128, 119: 268, 120: 30, 121: 240, 122: 478, 123: 456, 124: 694, 125: 694, 126: 456, 127: 792, 128: 554, 129: 268, 130: 30, 131: 380, 132: 142, 133: 456, 134: 694, 135: 44, 136: 282, 137: 352, 138: 114, 139: 792, 140: 554, 141: 456, 142: 694, 143: 456, 144: 694, 145: 792, 146: 554, 147: 310, 148: 72, 149: 114, 150: 352, 151: 394, 152: 156, 153: 16, 154: 254, 155: 380, 156: 142, 157: 142, 158: 380, 159: 792, 160: 554, 161: 282, 162: 44, 163: 694, 164: 456, 165: 114, 166: 352, 167: 414, 168: 652, 169: 414, 170: 652, 171: 554, 172: 792, 173: 72, 174: 310, 175: 282, 176: 44, 177: 694, 178: 456, 179: 380, 180: 142, 181: 44, 182: 282, 183: 268, 184: 30, 185: 44, 186: 282, 187: 156, 188: 394, 189: 114, 190: 352, 191: 380, 192: 142, 193: 694, 194: 456, 195: 114, 196: 352, 197: 792, 198: 554, 199: 694, 200: 456}
Number of lables used:  24
Time taken: 0.20 seconds
Memory used: 31.16 MB
--------------------------------------------------

Trying with at most 23 labels...
Solution:
{1: 114, 2: 352, 3: 114, 4: 352, 5: 282, 6: 44, 7: 86, 8: 324, 9: 86, 10: 324, 11: 240, 12: 478, 13: 498, 14: 736, 15: 352, 16: 114, 17: 142, 18: 380, 19: 666, 20: 428, 21: 694, 22: 456, 23: 310, 24: 72, 25: 498, 26: 736, 27: 736, 28: 498, 29: 456, 30: 694, 31: 498, 32: 736, 33: 498, 34: 736, 35: 310, 36: 72, 37: 792, 38: 554, 39: 114, 40: 352, 41: 86, 42: 324, 43: 666, 44: 428, 45: 792, 46: 554, 47: 282, 48: 44, 49: 352, 50: 114, 51: 428, 52: 666, 53: 142, 54: 380, 55: 380, 56: 142, 57: 498, 58: 736, 59: 736, 60: 498, 61: 268, 62: 30, 63: 694, 64: 456, 65: 142, 66: 380, 67: 282, 68: 44, 69: 498, 70: 736, 71: 114, 72: 352, 73: 30, 74: 268, 75: 666, 76: 428, 77: 142, 78: 380, 79: 666, 80: 428, 81: 792, 82: 554, 83: 44, 84: 282, 85: 282, 86: 44, 87: 72, 88: 310, 89: 554, 90: 792, 91: 694, 92: 456, 93: 456, 94: 694, 95: 114, 96: 352, 97: 240, 98: 478, 99: 478, 100: 240, 101: 456, 102: 694, 103: 792, 104: 554, 105: 456, 106: 694, 107: 380, 108: 142, 109: 428, 110: 666, 111: 428, 112: 666, 113: 44, 114: 282, 115: 142, 116: 380, 117: 380, 118: 142, 119: 268, 120: 30, 121: 380, 122: 142, 123: 456, 124: 694, 125: 86, 126: 324, 127: 792, 128: 554, 129: 666, 130: 428, 131: 142, 132: 380, 133: 324, 134: 86, 135: 114, 136: 352, 137: 554, 138: 792, 139: 142, 140: 380, 141: 268, 142: 30, 143: 142, 144: 380, 145: 792, 146: 554, 147: 456, 148: 694, 149: 114, 150: 352, 151: 310, 152: 72, 153: 380, 154: 142, 155: 456, 156: 694, 157: 72, 158: 310, 159: 72, 160: 310, 161: 310, 162: 72, 163: 554, 164: 792, 165: 114, 166: 352, 167: 554, 168: 792, 169: 666, 170: 428, 171: 736, 172: 498, 173: 72, 174: 310, 175: 72, 176: 310, 177: 694, 178: 456, 179: 380, 180: 142, 181: 30, 182: 268, 183: 282, 184: 44, 185: 324, 186: 86, 187: 114, 188: 352, 189: 86, 190: 324, 191: 268, 192: 30, 193: 554, 194: 792, 195: 554, 196: 792, 197: 428, 198: 666, 199: 694, 200: 456}
Number of lables used:  22
Time taken: 0.21 seconds
Memory used: 31.17 MB
--------------------------------------------------

Trying with at most 21 labels...
Solution:
{1: 114, 2: 352, 3: 30, 4: 268, 5: 268, 6: 30, 7: 86, 8: 324, 9: 86, 10: 324, 11: 240, 12: 478, 13: 498, 14: 736, 15: 352, 16: 114, 17: 142, 18: 380, 19: 666, 20: 428, 21: 498, 22: 736, 23: 310, 24: 72, 25: 498, 26: 736, 27: 736, 28: 498, 29: 380, 30: 142, 31: 498, 32: 736, 33: 498, 34: 736, 35: 310, 36: 72, 37: 792, 38: 554, 39: 114, 40: 352, 41: 86, 42: 324, 43: 666, 44: 428, 45: 792, 46: 554, 47: 268, 48: 30, 49: 352, 50: 114, 51: 428, 52: 666, 53: 86, 54: 324, 55: 380, 56: 142, 57: 498, 58: 736, 59: 736, 60: 498, 61: 268, 62: 30, 63: 498, 64: 736, 65: 142, 66: 380, 67: 268, 68: 30, 69: 86, 70: 324, 71: 114, 72: 352, 73: 792, 74: 554, 75: 394, 76: 156, 77: 142, 78: 380, 79: 666, 80: 428, 81: 792, 82: 554, 83: 30, 84: 268, 85: 268, 86: 30, 87: 72, 88: 310, 89: 554, 90: 792, 91: 666, 92: 428, 93: 428, 94: 666, 95: 114, 96: 352, 97: 240, 98: 478, 99: 478, 100: 240, 101: 498, 102: 736, 103: 394, 104: 156, 105: 792, 106: 554, 107: 736, 108: 498, 109: 428, 110: 666, 111: 142, 112: 380, 113: 30, 114: 268, 115: 142, 116: 380, 117: 380, 118: 142, 119: 428, 120: 666, 121: 380, 122: 142, 123: 498, 124: 736, 125: 86, 126: 324, 127: 554, 128: 792, 129: 554, 130: 792, 131: 142, 132: 380, 133: 324, 134: 86, 135: 114, 136: 352, 137: 554, 138: 792, 139: 142, 140: 380, 141: 268, 142: 30, 143: 142, 144: 380, 145: 792, 146: 554, 147: 498, 148: 736, 149: 114, 150: 352, 151: 30, 152: 268, 153: 380, 154: 142, 155: 428, 156: 666, 157: 72, 158: 310, 159: 72, 160: 310, 161: 310, 162: 72, 163: 554, 164: 792, 165: 310, 166: 72, 167: 554, 168: 792, 169: 666, 170: 428, 171: 736, 172: 498, 173: 72, 174: 310, 175: 72, 176: 310, 177: 736, 178: 498, 179: 380, 180: 142, 181: 30, 182: 268, 183: 268, 184: 30, 185: 324, 186: 86, 187: 114, 188: 352, 189: 86, 190: 324, 191: 268, 192: 30, 193: 554, 194: 792, 195: 554, 196: 792, 197: 428, 198: 666, 199: 142, 200: 380}
Number of lables used:  20
Time taken: 0.21 seconds
Memory used: 31.17 MB
--------------------------------------------------

Trying with at most 19 labels...
Solution:
{1: 540, 2: 778, 3: 58, 4: 296, 5: 30, 6: 268, 7: 442, 8: 680, 9: 58, 10: 296, 11: 240, 12: 478, 13: 680, 14: 442, 15: 268, 16: 30, 17: 478, 18: 240, 19: 456, 20: 694, 21: 456, 22: 694, 23: 114, 24: 352, 25: 296, 26: 58, 27: 652, 28: 414, 29: 652, 30: 414, 31: 58, 32: 296, 33: 142, 34: 380, 35: 58, 36: 296, 37: 142, 38: 380, 39: 58, 40: 296, 41: 30, 42: 268, 43: 778, 44: 540, 45: 142, 46: 380, 47: 268, 48: 30, 49: 142, 50: 380, 51: 456, 52: 694, 53: 778, 54: 540, 55: 352, 56: 114, 57: 58, 58: 296, 59: 268, 60: 30, 61: 296, 62: 58, 63: 442, 64: 680, 65: 142, 66: 380, 67: 114, 68: 352, 69: 30, 70: 268, 71: 414, 72: 652, 73: 694, 74: 456, 75: 414, 76: 652, 77: 380, 78: 142, 79: 142, 80: 380, 81: 296, 82: 58, 83: 456, 84: 694, 85: 540, 86: 778, 87: 652, 88: 414, 89: 414, 90: 652, 91: 652, 92: 414, 93: 414, 94: 652, 95: 778, 96: 540, 97: 142, 98: 380, 99: 142, 100: 380, 101: 694, 102: 456, 103: 778, 104: 540, 105: 352, 106: 114, 107: 58, 108: 296, 109: 778, 110: 540, 111: 30, 112: 268, 113: 30, 114: 268, 115: 142, 116: 380, 117: 30, 118: 268, 119: 694, 120: 456, 121: 240, 122: 478, 123: 456, 124: 694, 125: 778, 126: 540, 127: 652, 128: 414, 129: 414, 130: 652, 131: 478, 132: 240, 133: 540, 134: 778, 135: 58, 136: 296, 137: 114, 138: 352, 139: 694, 140: 456, 141: 694, 142: 456, 143: 652, 144: 414, 145: 30, 146: 268, 147: 778, 148: 540, 149: 380, 150: 142, 151: 142, 152: 380, 153: 30, 154: 268, 155: 58, 156: 296, 157: 58, 158: 296, 159: 778, 160: 540, 161: 540, 162: 778, 163: 694, 164: 456, 165: 296, 166: 58, 167: 694, 168: 456, 169: 778, 170: 540, 171: 268, 172: 30, 173: 114, 174: 352, 175: 380, 176: 142, 177: 142, 178: 380, 179: 142, 180: 380, 181: 778, 182: 540, 183: 540, 184: 778, 185: 58, 186: 296, 187: 114, 188: 352, 189: 268, 190: 30, 191: 694, 192: 456, 193: 414, 194: 652, 195: 30, 196: 268, 197: 694, 198: 456, 199: 142, 200: 380}
Number of lables used:  18
Time taken: 0.23 seconds
Memory used: 31.17 MB
--------------------------------------------------

Trying with at most 17 labels...
Solution:
{1: 666, 2: 428, 3: 708, 4: 470, 5: 428, 6: 666, 7: 352, 8: 114, 9: 708, 10: 470, 11: 380, 12: 142, 13: 352, 14: 114, 15: 708, 16: 470, 17: 380, 18: 142, 19: 44, 20: 282, 21: 142, 22: 380, 23: 554, 24: 792, 25: 282, 26: 44, 27: 44, 28: 282, 29: 554, 30: 792, 31: 428, 32: 666, 33: 44, 34: 282, 35: 352, 36: 114, 37: 764, 38: 526, 39: 114, 40: 352, 41: 114, 42: 352, 43: 114, 44: 352, 45: 792, 46: 554, 47: 428, 48: 666, 49: 792, 50: 554, 51: 282, 52: 44, 53: 666, 54: 428, 55: 282, 56: 44, 57: 380, 58: 142, 59: 666, 60: 428, 61: 282, 62: 44, 63: 428, 64: 666, 65: 708, 66: 470, 67: 428, 68: 666, 69: 142, 70: 380, 71: 764, 72: 526, 73: 282, 74: 44, 75: 114, 76: 352, 77: 142, 78: 380, 79: 114, 80: 352, 81: 708, 82: 470, 83: 114, 84: 352, 85: 352, 86: 114, 87: 764, 88: 526, 89: 554, 90: 792, 91: 554, 92: 792, 93: 114, 94: 352, 95: 470, 96: 708, 97: 240, 98: 478, 99: 478, 100: 240, 101: 114, 102: 352, 103: 114, 104: 352, 105: 380, 106: 142, 107: 554, 108: 792, 109: 428, 110: 666, 111: 428, 112: 666, 113: 792, 114: 554, 115: 554, 116: 792, 117: 470, 118: 708, 119: 428, 120: 666, 121: 380, 122: 142, 123: 526, 124: 764, 125: 764, 126: 526, 127: 526, 128: 764, 129: 428, 130: 666, 131: 240, 132: 478, 133: 282, 134: 44, 135: 44, 136: 282, 137: 352, 138: 114, 139: 708, 140: 470, 141: 428, 142: 666, 143: 282, 144: 44, 145: 44, 146: 282, 147: 282, 148: 44, 149: 380, 150: 142, 151: 470, 152: 708, 153: 142, 154: 380, 155: 380, 156: 142, 157: 142, 158: 380, 159: 792, 160: 554, 161: 554, 162: 792, 163: 526, 164: 764, 165: 352, 166: 114, 167: 142, 168: 380, 169: 526, 170: 764, 171: 526, 172: 764, 173: 526, 174: 764, 175: 428, 176: 666, 177: 764, 178: 526, 179: 240, 180: 478, 181: 708, 182: 470, 183: 428, 184: 666, 185: 282, 186: 44, 187: 44, 188: 282, 189: 666, 190: 428, 191: 708, 192: 470, 193: 282, 194: 44, 195: 428, 196: 666, 197: 352, 198: 114, 199: 142, 200: 380}
Number of lables used:  16
Time taken: 0.28 seconds
Memory used: 34.18 MB
--------------------------------------------------

Trying with at most 15 labels...
Solution:
{1: 142, 2: 380, 3: 652, 4: 414, 5: 16, 6: 254, 7: 254, 8: 16, 9: 16, 10: 254, 11: 240, 12: 478, 13: 380, 14: 142, 15: 58, 16: 296, 17: 142, 18: 380, 19: 296, 20: 58, 21: 128, 22: 366, 23: 540, 24: 778, 25: 414, 26: 652, 27: 652, 28: 414, 29: 414, 30: 652, 31: 540, 32: 778, 33: 366, 34: 128, 35: 58, 36: 296, 37: 778, 38: 540, 39: 366, 40: 128, 41: 128, 42: 366, 43: 142, 44: 380, 45: 778, 46: 540, 47: 778, 48: 540, 49: 414, 50: 652, 51: 296, 52: 58, 53: 778, 54: 540, 55: 142, 56: 380, 57: 58, 58: 296, 59: 414, 60: 652, 61: 254, 62: 16, 63: 414, 64: 652, 65: 16, 66: 254, 67: 540, 68: 778, 69: 366, 70: 128, 71: 778, 72: 540, 73: 778, 74: 540, 75: 142, 76: 380, 77: 16, 78: 254, 79: 778, 80: 540, 81: 16, 82: 254, 83: 254, 84: 16, 85: 366, 86: 128, 87: 254, 88: 16, 89: 414, 90: 652, 91: 296, 92: 58, 93: 16, 94: 254, 95: 296, 96: 58, 97: 240, 98: 478, 99: 478, 100: 240, 101: 652, 102: 414, 103: 652, 104: 414, 105: 296, 106: 58, 107: 366, 108: 128, 109: 414, 110: 652, 111: 380, 112: 142, 113: 58, 114: 296, 115: 652, 116: 414, 117: 778, 118: 540, 119: 296, 120: 58, 121: 380, 122: 142, 123: 778, 124: 540, 125: 778, 126: 540, 127: 778, 128: 540, 129: 296, 130: 58, 131: 478, 132: 240, 133: 296, 134: 58, 135: 16, 136: 254, 137: 380, 138: 142, 139: 58, 140: 296, 141: 296, 142: 58, 143: 414, 144: 652, 145: 16, 146: 254, 147: 414, 148: 652, 149: 296, 150: 58, 151: 254, 152: 16, 153: 16, 154: 254, 155: 414, 156: 652, 157: 142, 158: 380, 159: 254, 160: 16, 161: 366, 162: 128, 163: 414, 164: 652, 165: 142, 166: 380, 167: 128, 168: 366, 169: 778, 170: 540, 171: 380, 172: 142, 173: 142, 174: 380, 175: 540, 176: 778, 177: 652, 178: 414, 179: 240, 180: 478, 181: 652, 182: 414, 183: 540, 184: 778, 185: 296, 186: 58, 187: 128, 188: 366, 189: 778, 190: 540, 191: 366, 192: 128, 193: 58, 194: 296, 195: 540, 196: 778, 197: 380, 198: 142, 199: 296, 200: 58}
Number of lables used:  14
Time taken: 0.45 seconds
Memory used: 34.26 MB
--------------------------------------------------

Trying with at most 13 labels...
Cannot find solution.
No more solutions found.
Optimal number of labels used:  14
Time taken: 1.04 seconds
Memory used: 39.27 MB
[runlim] end:			Tue Mar 24 16:56:35 2026
[runlim] status:		ok
[runlim] result:		0
[runlim] children:		1
[runlim] processes:		2
[runlim] real:			1.08 seconds
[runlim] time:			1.00 seconds
[runlim] space:			39 MB
[runlim] load:			1.08 maximum
[runlim] samples:		11
