[runlim] version:		2.0.0rc12
[runlim] host:			ap-Precision-7550
[runlim] time limit:		311040000 seconds
[runlim] real time limit:	600 seconds
[runlim] space limit:		14000 MB
[runlim] argv[0]:		python3
[runlim] argv[1]:		-u
[runlim] argv[2]:		pairwise_no_preprocessing.py
[runlim] argv[3]:		graph05
[runlim] argv[4]:		tot
[runlim] argv[5]:		assumptions
[runlim] argv[6]:		cadical195
[runlim] argv[7]:		1
[runlim] argv[8]:		card
[runlim] argv[9]:		1
[runlim] start:			Sat Jun 27 06:12:06 2026
[runlim] child:			18763
Exactly-one cardinality encoding:  1
Distance constraint mode:  card
Distance cardinality encoding:  1
Objective strategy:  tot
SAT type:  assumptions
Solver:  cadical195
Number of assignment variables:  7416
Number of clauses for exactly one constraints:  21648
Number of clauses for distance constraints:  1529588
---------------------------------------------------
Solve first problem:
Cannot find solution.
Time taken: 1.45 seconds 
Memory used: 349.54 MB
[runlim] end:			Sat Jun 27 06:12:08 2026
[runlim] status:		ok
[runlim] result:		0
[runlim] children:		1
[runlim] processes:		2
[runlim] real:			1.62 seconds
[runlim] time:			1.60 seconds
[runlim] space:			349 MB
[runlim] load:			1.20 maximum
[runlim] samples:		17
