[runlim] version:		2.0.0rc12
[runlim] host:			ap-Precision-7550
[runlim] time limit:		311040000 seconds
[runlim] real time limit:	600 seconds
[runlim] space limit:		14000 MB
[runlim] argv[0]:		python3
[runlim] argv[1]:		-u
[runlim] argv[2]:		pairwise_no_preprocessing.py
[runlim] argv[3]:		scen02
[runlim] argv[4]:		tot
[runlim] argv[5]:		assumptions
[runlim] argv[6]:		cadical195
[runlim] argv[7]:		1
[runlim] argv[8]:		card
[runlim] argv[9]:		1
[runlim] start:			Sat Jun 27 05:38:36 2026
[runlim] child:			18685
Exactly-one cardinality encoding:  1
Distance constraint mode:  card
Distance cardinality encoding:  1
Objective strategy:  tot
SAT type:  assumptions
Solver:  cadical195
Number of assignment variables:  8004
Number of clauses for exactly one constraints:  23412
Number of clauses for distance constraints:  499257
---------------------------------------------------
Solve first problem:
Solution:
{13: 16, 14: 254, 15: 16, 16: 254, 53: 16, 54: 254, 79: 30, 80: 268, 81: 16, 82: 254, 83: 16, 84: 254, 85: 86, 86: 324, 127: 16, 128: 254, 129: 114, 130: 352, 143: 16, 144: 254, 145: 16, 146: 254, 205: 44, 206: 282, 233: 30, 234: 268, 235: 44, 236: 282, 237: 30, 238: 268, 261: 16, 262: 254, 263: 16, 264: 254, 265: 16, 266: 254, 267: 86, 268: 324, 269: 16, 270: 254, 271: 16, 272: 254, 273: 86, 274: 324, 275: 86, 276: 324, 277: 30, 278: 268, 281: 44, 282: 282, 283: 44, 284: 282, 289: 30, 290: 268, 291: 44, 292: 282, 303: 16, 304: 254, 305: 86, 306: 324, 321: 30, 322: 268, 323: 100, 324: 338, 325: 30, 326: 268, 327: 100, 328: 338, 329: 16, 330: 254, 341: 114, 342: 352, 343: 114, 344: 352, 349: 100, 350: 338, 351: 86, 352: 324, 435: 30, 436: 268, 475: 44, 476: 282, 481: 58, 482: 296, 517: 310, 518: 72, 519: 30, 520: 268, 555: 282, 556: 44, 557: 44, 558: 282, 559: 268, 560: 30, 561: 128, 562: 366, 565: 100, 566: 338, 577: 114, 578: 352, 579: 16, 580: 254, 583: 296, 584: 58, 585: 30, 586: 268, 587: 86, 588: 324, 589: 16, 590: 254, 591: 428, 592: 666, 593: 30, 594: 268, 595: 86, 596: 324, 597: 100, 598: 338, 599: 58, 600: 296, 601: 428, 602: 666, 603: 44, 604: 282, 605: 30, 606: 268, 607: 128, 608: 366, 613: 428, 614: 666, 615: 30, 616: 268, 617: 72, 618: 310, 621: 100, 622: 338, 625: 268, 626: 30, 629: 86, 630: 324, 631: 114, 632: 352, 633: 338, 634: 100, 635: 380, 636: 142, 645: 30, 646: 268, 651: 16, 652: 254, 661: 72, 662: 310, 663: 16, 664: 254, 665: 352, 666: 114, 667: 16, 668: 254, 713: 30, 714: 268, 717: 86, 718: 324, 719: 156, 720: 394, 721: 366, 722: 128, 723: 16, 724: 254, 743: 44, 744: 282, 745: 128, 746: 366, 747: 114, 748: 352, 763: 296, 764: 58, 765: 268, 766: 30, 767: 156, 768: 394, 785: 16, 786: 254, 787: 310, 788: 72, 789: 44, 790: 282, 791: 114, 792: 352, 793: 30, 794: 268, 795: 100, 796: 338, 797: 30, 798: 268, 799: 100, 800: 338, 801: 498, 802: 736, 879: 44, 880: 282}
Number of lables used:  26
Total time: 0.62 seconds
Memory used: 120.03 MB
--------------------------------------------------
Number of label variables:  48
Number of clauses for label constraints:  8004
Number of clauses for cardinality constraints:  1141
Initial variable count:  182069
Initial clause count:  531814
--------------------------------------------------

Trying with at most 25 labels...
Solution:
{13: 16, 14: 254, 15: 30, 16: 268, 53: 254, 54: 16, 79: 324, 80: 86, 81: 16, 82: 254, 83: 324, 84: 86, 85: 394, 86: 156, 127: 380, 128: 142, 129: 254, 130: 16, 143: 324, 144: 86, 145: 324, 146: 86, 205: 254, 206: 16, 233: 142, 234: 380, 235: 30, 236: 268, 237: 380, 238: 142, 261: 254, 262: 16, 263: 380, 264: 142, 265: 16, 266: 254, 267: 394, 268: 156, 269: 156, 270: 394, 271: 156, 272: 394, 273: 142, 274: 380, 275: 142, 276: 380, 277: 268, 278: 30, 281: 254, 282: 16, 283: 282, 284: 44, 289: 324, 290: 86, 291: 16, 292: 254, 303: 16, 304: 254, 305: 366, 306: 128, 321: 16, 322: 254, 323: 142, 324: 380, 325: 16, 326: 254, 327: 366, 328: 128, 329: 156, 330: 394, 341: 16, 342: 254, 343: 16, 344: 254, 349: 58, 350: 296, 351: 366, 352: 128, 435: 366, 436: 128, 475: 44, 476: 282, 481: 30, 482: 268, 517: 282, 518: 44, 519: 366, 520: 128, 555: 44, 556: 282, 557: 86, 558: 324, 559: 296, 560: 58, 561: 366, 562: 128, 565: 142, 566: 380, 577: 394, 578: 156, 579: 366, 580: 128, 583: 58, 584: 296, 585: 366, 586: 128, 587: 282, 588: 44, 589: 254, 590: 16, 591: 44, 592: 282, 593: 128, 594: 366, 595: 366, 596: 128, 597: 30, 598: 268, 599: 128, 600: 366, 601: 44, 602: 282, 603: 366, 604: 128, 605: 30, 606: 268, 607: 366, 608: 128, 613: 142, 614: 380, 615: 366, 616: 128, 617: 30, 618: 268, 621: 58, 622: 296, 625: 282, 626: 44, 629: 366, 630: 128, 631: 30, 632: 268, 633: 86, 634: 324, 635: 30, 636: 268, 645: 58, 646: 296, 651: 254, 652: 16, 661: 254, 662: 16, 663: 16, 664: 254, 665: 394, 666: 156, 667: 254, 668: 16, 713: 268, 714: 30, 717: 142, 718: 380, 719: 254, 720: 16, 721: 394, 722: 156, 723: 324, 724: 86, 743: 44, 744: 282, 745: 268, 746: 30, 747: 366, 748: 128, 763: 268, 764: 30, 765: 268, 766: 30, 767: 58, 768: 296, 785: 16, 786: 254, 787: 142, 788: 380, 789: 366, 790: 128, 791: 268, 792: 30, 793: 366, 794: 128, 795: 268, 796: 30, 797: 366, 798: 128, 799: 282, 800: 44, 801: 268, 802: 30, 879: 268, 880: 30}
Number of lables used:  16
Total time: 0.74 seconds
Memory used: 123.41 MB
--------------------------------------------------

Trying with at most 15 labels...
Solution:
{13: 128, 14: 366, 15: 30, 16: 268, 53: 254, 54: 16, 79: 324, 80: 86, 81: 16, 82: 254, 83: 324, 84: 86, 85: 394, 86: 156, 127: 380, 128: 142, 129: 254, 130: 16, 143: 324, 144: 86, 145: 324, 146: 86, 205: 254, 206: 16, 233: 142, 234: 380, 235: 58, 236: 296, 237: 268, 238: 30, 261: 254, 262: 16, 263: 380, 264: 142, 265: 86, 266: 324, 267: 16, 268: 254, 269: 156, 270: 394, 271: 156, 272: 394, 273: 142, 274: 380, 275: 142, 276: 380, 277: 156, 278: 394, 281: 268, 282: 30, 283: 296, 284: 58, 289: 366, 290: 128, 291: 16, 292: 254, 303: 254, 304: 16, 305: 156, 306: 394, 321: 128, 322: 366, 323: 16, 324: 254, 325: 16, 326: 254, 327: 366, 328: 128, 329: 394, 330: 156, 341: 30, 342: 268, 343: 30, 344: 268, 349: 296, 350: 58, 351: 30, 352: 268, 435: 366, 436: 128, 475: 58, 476: 296, 481: 30, 482: 268, 517: 366, 518: 128, 519: 366, 520: 128, 555: 296, 556: 58, 557: 58, 558: 296, 559: 268, 560: 30, 561: 366, 562: 128, 565: 128, 566: 366, 577: 394, 578: 156, 579: 142, 580: 380, 583: 324, 584: 86, 585: 380, 586: 142, 587: 254, 588: 16, 589: 254, 590: 16, 591: 324, 592: 86, 593: 142, 594: 380, 595: 366, 596: 128, 597: 30, 598: 268, 599: 142, 600: 380, 601: 380, 602: 142, 603: 58, 604: 296, 605: 30, 606: 268, 607: 366, 608: 128, 613: 128, 614: 366, 615: 366, 616: 128, 617: 30, 618: 268, 621: 296, 622: 58, 625: 366, 626: 128, 629: 366, 630: 128, 631: 30, 632: 268, 633: 366, 634: 128, 635: 58, 636: 296, 645: 58, 646: 296, 651: 254, 652: 16, 661: 254, 662: 16, 663: 16, 664: 254, 665: 394, 666: 156, 667: 254, 668: 16, 713: 156, 714: 394, 717: 142, 718: 380, 719: 30, 720: 268, 721: 254, 722: 16, 723: 324, 724: 86, 743: 58, 744: 296, 745: 268, 746: 30, 747: 380, 748: 142, 763: 268, 764: 30, 765: 268, 766: 30, 767: 86, 768: 324, 785: 16, 786: 254, 787: 142, 788: 380, 789: 366, 790: 128, 791: 268, 792: 30, 793: 366, 794: 128, 795: 296, 796: 58, 797: 30, 798: 268, 799: 366, 800: 128, 801: 30, 802: 268, 879: 268, 880: 30}
Number of lables used:  14
Total time: 0.78 seconds
Memory used: 123.40 MB
--------------------------------------------------

Trying with at most 13 labels...
[runlim] sample:		10.00 time, 10.01 real, 159 MB, 1.00 load
[runlim] sample:		19.99 time, 20.01 real, 161 MB, 1.00 load
[runlim] sample:		29.99 time, 30.01 real, 163 MB, 1.00 load
[runlim] sample:		39.98 time, 40.01 real, 177 MB, 1.00 load
[runlim] sample:		49.98 time, 50.01 real, 177 MB, 1.00 load
[runlim] sample:		59.98 time, 60.01 real, 152 MB, 1.00 load
[runlim] sample:		69.97 time, 70.01 real, 167 MB, 1.00 load
[runlim] sample:		79.97 time, 80.01 real, 167 MB, 1.00 load
[runlim] sample:		89.96 time, 90.01 real, 152 MB, 1.00 load
[runlim] sample:		99.96 time, 100.01 real, 152 MB, 1.00 load
[runlim] sample:		109.96 time, 110.01 real, 164 MB, 1.00 load
[runlim] sample:		119.96 time, 120.01 real, 164 MB, 1.00 load
[runlim] sample:		129.95 time, 130.01 real, 141 MB, 1.00 load
[runlim] sample:		139.94 time, 140.01 real, 156 MB, 1.00 load
[runlim] sample:		149.95 time, 150.01 real, 158 MB, 1.00 load
[runlim] sample:		159.94 time, 160.01 real, 156 MB, 1.00 load
[runlim] sample:		169.94 time, 170.01 real, 169 MB, 1.00 load
[runlim] sample:		179.93 time, 180.01 real, 175 MB, 1.00 load
[runlim] sample:		189.93 time, 190.01 real, 175 MB, 1.00 load
[runlim] sample:		199.92 time, 200.01 real, 175 MB, 1.00 load
[runlim] sample:		209.92 time, 210.01 real, 177 MB, 1.00 load
[runlim] sample:		219.92 time, 220.01 real, 160 MB, 1.00 load
[runlim] sample:		229.92 time, 230.01 real, 160 MB, 1.00 load
[runlim] sample:		239.91 time, 240.01 real, 160 MB, 1.00 load
[runlim] sample:		249.91 time, 250.01 real, 160 MB, 1.00 load
[runlim] sample:		259.90 time, 260.01 real, 160 MB, 1.00 load
[runlim] sample:		269.90 time, 270.01 real, 160 MB, 1.00 load
[runlim] sample:		279.90 time, 280.01 real, 160 MB, 1.00 load
[runlim] sample:		289.89 time, 290.01 real, 160 MB, 1.08 load
[runlim] sample:		299.89 time, 300.01 real, 160 MB, 1.15 load
[runlim] sample:		309.88 time, 310.01 real, 160 MB, 1.20 load
[runlim] sample:		319.88 time, 320.01 real, 160 MB, 1.17 load
[runlim] sample:		329.88 time, 330.01 real, 160 MB, 1.14 load
[runlim] sample:		339.87 time, 340.01 real, 160 MB, 1.12 load
[runlim] sample:		349.87 time, 350.01 real, 160 MB, 1.10 load
[runlim] sample:		359.87 time, 360.01 real, 160 MB, 1.08 load
[runlim] sample:		369.86 time, 370.01 real, 160 MB, 1.07 load
[runlim] sample:		379.86 time, 380.01 real, 160 MB, 1.06 load
[runlim] sample:		389.85 time, 390.01 real, 160 MB, 1.05 load
[runlim] sample:		399.85 time, 400.01 real, 160 MB, 1.04 load
[runlim] sample:		409.85 time, 410.01 real, 165 MB, 1.04 load
[runlim] sample:		419.84 time, 420.01 real, 165 MB, 1.03 load
[runlim] sample:		429.83 time, 430.01 real, 165 MB, 1.02 load
[runlim] sample:		439.83 time, 440.01 real, 167 MB, 1.02 load
[runlim] sample:		449.82 time, 450.01 real, 167 MB, 1.09 load
[runlim] sample:		459.82 time, 460.01 real, 185 MB, 1.08 load
[runlim] sample:		469.82 time, 470.01 real, 185 MB, 1.06 load
[runlim] sample:		479.81 time, 480.01 real, 165 MB, 1.05 load
[runlim] sample:		489.81 time, 490.01 real, 165 MB, 1.04 load
[runlim] sample:		499.80 time, 500.01 real, 165 MB, 1.04 load
[runlim] sample:		509.80 time, 510.01 real, 188 MB, 1.03 load
[runlim] sample:		519.80 time, 520.01 real, 154 MB, 1.03 load
[runlim] sample:		529.79 time, 530.01 real, 159 MB, 1.02 load
[runlim] sample:		539.78 time, 540.01 real, 150 MB, 1.02 load
[runlim] sample:		549.79 time, 550.01 real, 168 MB, 1.01 load
[runlim] sample:		559.78 time, 560.01 real, 186 MB, 1.01 load
[runlim] sample:		569.78 time, 570.01 real, 186 MB, 1.01 load
[runlim] sample:		579.77 time, 580.01 real, 186 MB, 1.01 load
[runlim] sample:		589.77 time, 590.01 real, 190 MB, 1.01 load
[runlim] sample:		599.76 time, 600.01 real, 190 MB, 1.00 load
[runlim] end:			Sat Jun 27 05:48:37 2026
[runlim] status:		out of time
[runlim] result:		2
[runlim] children:		1
[runlim] processes:		2
[runlim] real:			601.06 seconds
[runlim] time:			599.76 seconds
[runlim] space:			193 MB
[runlim] load:			1.22 maximum
[runlim] samples:		6000
