[runlim] version:		2.0.0rc12
[runlim] host:			ap-Precision-7550
[runlim] time limit:		311040000 seconds
[runlim] real time limit:	600 seconds
[runlim] space limit:		14000 MB
[runlim] argv[0]:		python3
[runlim] argv[1]:		-u
[runlim] argv[2]:		pairwise_no_preprocessing.py
[runlim] argv[3]:		TUD200.1
[runlim] argv[4]:		tot
[runlim] argv[5]:		assumptions
[runlim] argv[6]:		cadical195
[runlim] argv[7]:		1
[runlim] argv[8]:		card
[runlim] argv[9]:		1
[runlim] start:			Sat Jun 27 06:23:05 2026
[runlim] child:			18831
Exactly-one cardinality encoding:  1
Distance constraint mode:  card
Distance cardinality encoding:  1
Objective strategy:  tot
SAT type:  assumptions
Solver:  cadical195
Number of assignment variables:  8128
Number of clauses for exactly one constraints:  23784
Number of clauses for distance constraints:  489320
---------------------------------------------------
Solve first problem:
Solution:
{1: 100, 2: 338, 3: 414, 4: 652, 5: 708, 6: 470, 7: 366, 8: 128, 9: 114, 10: 352, 11: 736, 12: 498, 13: 680, 14: 442, 15: 554, 16: 792, 17: 652, 18: 414, 19: 310, 20: 72, 21: 114, 22: 352, 23: 310, 24: 72, 25: 156, 26: 394, 27: 694, 28: 456, 29: 722, 30: 484, 31: 666, 32: 428, 33: 254, 34: 16, 35: 394, 36: 156, 37: 694, 38: 456, 39: 414, 40: 652, 41: 750, 42: 512, 43: 666, 44: 428, 45: 156, 46: 394, 47: 16, 48: 254, 49: 380, 50: 142, 51: 764, 52: 526, 53: 722, 54: 484, 55: 652, 56: 414, 57: 114, 58: 352, 59: 414, 60: 652, 61: 310, 62: 72, 63: 792, 64: 554, 65: 680, 66: 442, 67: 394, 68: 156, 69: 254, 70: 16, 71: 540, 72: 778, 73: 128, 74: 366, 75: 254, 76: 16, 77: 282, 78: 44, 79: 86, 80: 324, 81: 268, 82: 30, 83: 142, 84: 380, 85: 156, 86: 394, 87: 142, 88: 380, 89: 428, 90: 666, 91: 442, 92: 680, 93: 526, 94: 764, 95: 722, 96: 484, 97: 72, 98: 310, 99: 736, 100: 498, 101: 442, 102: 680, 103: 268, 104: 30, 105: 352, 106: 114, 107: 442, 108: 680, 109: 114, 110: 352, 111: 254, 112: 16, 113: 324, 114: 86, 115: 652, 116: 414, 117: 282, 118: 44, 119: 708, 120: 470, 121: 142, 122: 380, 123: 442, 124: 680, 125: 540, 126: 778, 127: 652, 128: 414, 129: 170, 130: 408, 131: 442, 132: 680, 133: 254, 134: 16, 135: 338, 136: 100, 137: 352, 138: 114, 139: 380, 140: 142, 141: 694, 142: 456, 143: 30, 144: 268, 145: 268, 146: 30, 147: 324, 148: 86, 149: 268, 150: 30, 151: 30, 152: 268, 153: 380, 154: 142, 155: 268, 156: 30, 157: 254, 158: 16, 159: 310, 160: 72, 161: 254, 162: 16, 163: 296, 164: 58, 165: 736, 166: 498, 167: 282, 168: 44, 169: 72, 170: 310, 171: 310, 172: 72, 173: 128, 174: 366, 175: 352, 176: 114, 177: 666, 178: 428, 179: 310, 180: 72, 181: 268, 182: 30, 183: 282, 184: 44, 185: 394, 186: 156, 187: 254, 188: 16, 189: 324, 190: 86, 191: 58, 192: 296, 193: 86, 194: 324, 195: 254, 196: 16, 197: 58, 198: 296, 199: 268, 200: 30}
Number of lables used:  46
Total time: 0.68 seconds
Memory used: 122.11 MB
--------------------------------------------------
Number of label variables:  48
Number of clauses for label constraints:  8128
Number of clauses for cardinality constraints:  1397
Initial variable count:  180584
Initial clause count:  522670
--------------------------------------------------

Trying with at most 45 labels...
Solution:
{1: 100, 2: 338, 3: 414, 4: 652, 5: 708, 6: 470, 7: 366, 8: 128, 9: 114, 10: 352, 11: 456, 12: 694, 13: 680, 14: 442, 15: 554, 16: 792, 17: 652, 18: 414, 19: 310, 20: 72, 21: 114, 22: 352, 23: 310, 24: 72, 25: 156, 26: 394, 27: 694, 28: 456, 29: 722, 30: 484, 31: 666, 32: 428, 33: 254, 34: 16, 35: 394, 36: 156, 37: 694, 38: 456, 39: 414, 40: 652, 41: 778, 42: 540, 43: 666, 44: 428, 45: 156, 46: 394, 47: 16, 48: 254, 49: 380, 50: 142, 51: 540, 52: 778, 53: 722, 54: 484, 55: 652, 56: 414, 57: 114, 58: 352, 59: 414, 60: 652, 61: 310, 62: 72, 63: 792, 64: 554, 65: 680, 66: 442, 67: 394, 68: 156, 69: 254, 70: 16, 71: 540, 72: 778, 73: 128, 74: 366, 75: 338, 76: 100, 77: 282, 78: 44, 79: 86, 80: 324, 81: 268, 82: 30, 83: 142, 84: 380, 85: 156, 86: 394, 87: 142, 88: 380, 89: 428, 90: 666, 91: 442, 92: 680, 93: 394, 94: 156, 95: 722, 96: 484, 97: 72, 98: 310, 99: 722, 100: 484, 101: 442, 102: 680, 103: 268, 104: 30, 105: 352, 106: 114, 107: 442, 108: 680, 109: 114, 110: 352, 111: 254, 112: 16, 113: 324, 114: 86, 115: 652, 116: 414, 117: 282, 118: 44, 119: 708, 120: 470, 121: 142, 122: 380, 123: 442, 124: 680, 125: 540, 126: 778, 127: 652, 128: 414, 129: 170, 130: 408, 131: 442, 132: 680, 133: 254, 134: 16, 135: 338, 136: 100, 137: 352, 138: 114, 139: 380, 140: 142, 141: 694, 142: 456, 143: 30, 144: 268, 145: 268, 146: 30, 147: 324, 148: 86, 149: 268, 150: 30, 151: 30, 152: 268, 153: 380, 154: 142, 155: 268, 156: 30, 157: 254, 158: 16, 159: 310, 160: 72, 161: 254, 162: 16, 163: 296, 164: 58, 165: 778, 166: 540, 167: 282, 168: 44, 169: 72, 170: 310, 171: 310, 172: 72, 173: 128, 174: 366, 175: 352, 176: 114, 177: 666, 178: 428, 179: 310, 180: 72, 181: 324, 182: 86, 183: 282, 184: 44, 185: 254, 186: 16, 187: 254, 188: 16, 189: 324, 190: 86, 191: 58, 192: 296, 193: 86, 194: 324, 195: 254, 196: 16, 197: 58, 198: 296, 199: 380, 200: 142}
Number of lables used:  40
Total time: 0.70 seconds
Memory used: 122.21 MB
--------------------------------------------------

Trying with at most 39 labels...
Solution:
{1: 470, 2: 708, 3: 254, 4: 16, 5: 722, 6: 484, 7: 366, 8: 128, 9: 86, 10: 324, 11: 708, 12: 470, 13: 16, 14: 254, 15: 142, 16: 380, 17: 708, 18: 470, 19: 338, 20: 100, 21: 114, 22: 352, 23: 310, 24: 72, 25: 156, 26: 394, 27: 484, 28: 722, 29: 30, 30: 268, 31: 722, 32: 484, 33: 310, 34: 72, 35: 394, 36: 156, 37: 708, 38: 470, 39: 470, 40: 708, 41: 484, 42: 722, 43: 722, 44: 484, 45: 58, 46: 296, 47: 708, 48: 470, 49: 380, 50: 142, 51: 722, 52: 484, 53: 722, 54: 484, 55: 16, 56: 254, 57: 114, 58: 352, 59: 86, 60: 324, 61: 310, 62: 72, 63: 484, 64: 722, 65: 44, 66: 282, 67: 394, 68: 156, 69: 254, 70: 16, 71: 470, 72: 708, 73: 708, 74: 470, 75: 722, 76: 484, 77: 282, 78: 44, 79: 86, 80: 324, 81: 268, 82: 30, 83: 156, 84: 394, 85: 156, 86: 394, 87: 142, 88: 380, 89: 268, 90: 30, 91: 470, 92: 708, 93: 722, 94: 484, 95: 366, 96: 128, 97: 142, 98: 380, 99: 470, 100: 708, 101: 470, 102: 708, 103: 268, 104: 30, 105: 282, 106: 44, 107: 100, 108: 338, 109: 114, 110: 352, 111: 268, 112: 30, 113: 366, 114: 128, 115: 30, 116: 268, 117: 282, 118: 44, 119: 142, 120: 380, 121: 114, 122: 352, 123: 484, 124: 722, 125: 100, 126: 338, 127: 44, 128: 282, 129: 478, 130: 240, 131: 470, 132: 708, 133: 254, 134: 16, 135: 338, 136: 100, 137: 100, 138: 338, 139: 484, 140: 722, 141: 708, 142: 470, 143: 30, 144: 268, 145: 30, 146: 268, 147: 324, 148: 86, 149: 268, 150: 30, 151: 380, 152: 142, 153: 708, 154: 470, 155: 142, 156: 380, 157: 324, 158: 86, 159: 16, 160: 254, 161: 310, 162: 72, 163: 310, 164: 72, 165: 16, 166: 254, 167: 394, 168: 156, 169: 72, 170: 310, 171: 72, 172: 310, 173: 16, 174: 254, 175: 352, 176: 114, 177: 86, 178: 324, 179: 708, 180: 470, 181: 708, 182: 470, 183: 394, 184: 156, 185: 366, 186: 128, 187: 366, 188: 128, 189: 324, 190: 86, 191: 16, 192: 254, 193: 86, 194: 324, 195: 72, 196: 310, 197: 58, 198: 296, 199: 142, 200: 380}
Number of lables used:  28
Total time: 0.74 seconds
Memory used: 122.21 MB
--------------------------------------------------

Trying with at most 27 labels...
Solution:
{1: 708, 2: 470, 3: 254, 4: 16, 5: 254, 6: 16, 7: 394, 8: 156, 9: 86, 10: 324, 11: 708, 12: 470, 13: 16, 14: 254, 15: 86, 16: 324, 17: 16, 18: 254, 19: 708, 20: 470, 21: 114, 22: 352, 23: 282, 24: 44, 25: 30, 26: 268, 27: 484, 28: 722, 29: 30, 30: 268, 31: 156, 32: 394, 33: 310, 34: 72, 35: 394, 36: 156, 37: 16, 38: 254, 39: 470, 40: 708, 41: 484, 42: 722, 43: 72, 44: 310, 45: 30, 46: 268, 47: 708, 48: 470, 49: 338, 50: 100, 51: 722, 52: 484, 53: 722, 54: 484, 55: 16, 56: 254, 57: 114, 58: 352, 59: 310, 60: 72, 61: 722, 62: 484, 63: 484, 64: 722, 65: 44, 66: 282, 67: 484, 68: 722, 69: 470, 70: 708, 71: 470, 72: 708, 73: 708, 74: 470, 75: 722, 76: 484, 77: 282, 78: 44, 79: 156, 80: 394, 81: 268, 82: 30, 83: 156, 84: 394, 85: 156, 86: 394, 87: 114, 88: 352, 89: 268, 90: 30, 91: 470, 92: 708, 93: 722, 94: 484, 95: 394, 96: 156, 97: 324, 98: 86, 99: 470, 100: 708, 101: 470, 102: 708, 103: 114, 104: 352, 105: 268, 106: 30, 107: 114, 108: 352, 109: 114, 110: 352, 111: 30, 112: 268, 113: 338, 114: 100, 115: 30, 116: 268, 117: 282, 118: 44, 119: 156, 120: 394, 121: 114, 122: 352, 123: 484, 124: 722, 125: 100, 126: 338, 127: 44, 128: 282, 129: 478, 130: 240, 131: 470, 132: 708, 133: 254, 134: 16, 135: 338, 136: 100, 137: 100, 138: 338, 139: 484, 140: 722, 141: 708, 142: 470, 143: 30, 144: 268, 145: 44, 146: 282, 147: 324, 148: 86, 149: 268, 150: 30, 151: 156, 152: 394, 153: 708, 154: 470, 155: 156, 156: 394, 157: 156, 158: 394, 159: 72, 160: 310, 161: 310, 162: 72, 163: 310, 164: 72, 165: 16, 166: 254, 167: 394, 168: 156, 169: 72, 170: 310, 171: 72, 172: 310, 173: 484, 174: 722, 175: 352, 176: 114, 177: 86, 178: 324, 179: 708, 180: 470, 181: 708, 182: 470, 183: 394, 184: 156, 185: 394, 186: 156, 187: 100, 188: 338, 189: 708, 190: 470, 191: 254, 192: 16, 193: 44, 194: 282, 195: 16, 196: 254, 197: 16, 198: 254, 199: 114, 200: 352}
Number of lables used:  22
Total time: 0.76 seconds
Memory used: 122.22 MB
--------------------------------------------------

Trying with at most 21 labels...
Solution:
{1: 16, 2: 254, 3: 394, 4: 156, 5: 554, 6: 792, 7: 16, 8: 254, 9: 16, 10: 254, 11: 554, 12: 792, 13: 442, 14: 680, 15: 554, 16: 792, 17: 16, 18: 254, 19: 666, 20: 428, 21: 666, 22: 428, 23: 792, 24: 554, 25: 394, 26: 156, 27: 666, 28: 428, 29: 442, 30: 680, 31: 16, 32: 254, 33: 310, 34: 72, 35: 394, 36: 156, 37: 72, 38: 310, 39: 666, 40: 428, 41: 554, 42: 792, 43: 722, 44: 484, 45: 254, 46: 16, 47: 722, 48: 484, 49: 16, 50: 254, 51: 156, 52: 394, 53: 86, 54: 324, 55: 86, 56: 324, 57: 16, 58: 254, 59: 310, 60: 72, 61: 722, 62: 484, 63: 554, 64: 792, 65: 554, 66: 792, 67: 554, 68: 792, 69: 428, 70: 666, 71: 156, 72: 394, 73: 666, 74: 428, 75: 680, 76: 442, 77: 16, 78: 254, 79: 310, 80: 72, 81: 394, 82: 156, 83: 156, 84: 394, 85: 86, 86: 324, 87: 338, 88: 100, 89: 324, 90: 86, 91: 722, 92: 484, 93: 394, 94: 156, 95: 16, 96: 254, 97: 156, 98: 394, 99: 324, 100: 86, 101: 72, 102: 310, 103: 72, 104: 310, 105: 310, 106: 72, 107: 156, 108: 394, 109: 310, 110: 72, 111: 156, 112: 394, 113: 338, 114: 100, 115: 394, 116: 156, 117: 722, 118: 484, 119: 100, 120: 338, 121: 666, 122: 428, 123: 16, 124: 254, 125: 72, 126: 310, 127: 86, 128: 324, 129: 170, 130: 408, 131: 428, 132: 666, 133: 254, 134: 16, 135: 72, 136: 310, 137: 666, 138: 428, 139: 484, 140: 722, 141: 666, 142: 428, 143: 310, 144: 72, 145: 792, 146: 554, 147: 324, 148: 86, 149: 792, 150: 554, 151: 442, 152: 680, 153: 324, 154: 86, 155: 722, 156: 484, 157: 484, 158: 722, 159: 722, 160: 484, 161: 792, 162: 554, 163: 72, 164: 310, 165: 156, 166: 394, 167: 394, 168: 156, 169: 792, 170: 554, 171: 254, 172: 16, 173: 428, 174: 666, 175: 428, 176: 666, 177: 72, 178: 310, 179: 722, 180: 484, 181: 792, 182: 554, 183: 554, 184: 792, 185: 254, 186: 16, 187: 310, 188: 72, 189: 792, 190: 554, 191: 792, 192: 554, 193: 16, 194: 254, 195: 16, 196: 254, 197: 156, 198: 394, 199: 100, 200: 338}
Number of lables used:  20
Total time: 0.84 seconds
Memory used: 124.79 MB
--------------------------------------------------

Trying with at most 19 labels...
Solution:
{1: 16, 2: 254, 3: 394, 4: 156, 5: 554, 6: 792, 7: 16, 8: 254, 9: 16, 10: 254, 11: 554, 12: 792, 13: 442, 14: 680, 15: 554, 16: 792, 17: 16, 18: 254, 19: 792, 20: 554, 21: 666, 22: 428, 23: 792, 24: 554, 25: 394, 26: 156, 27: 666, 28: 428, 29: 442, 30: 680, 31: 16, 32: 254, 33: 310, 34: 72, 35: 394, 36: 156, 37: 72, 38: 310, 39: 666, 40: 428, 41: 554, 42: 792, 43: 722, 44: 484, 45: 86, 46: 324, 47: 722, 48: 484, 49: 16, 50: 254, 51: 156, 52: 394, 53: 86, 54: 324, 55: 72, 56: 310, 57: 680, 58: 442, 59: 484, 60: 722, 61: 722, 62: 484, 63: 554, 64: 792, 65: 554, 66: 792, 67: 72, 68: 310, 69: 428, 70: 666, 71: 72, 72: 310, 73: 666, 74: 428, 75: 680, 76: 442, 77: 16, 78: 254, 79: 310, 80: 72, 81: 394, 82: 156, 83: 156, 84: 394, 85: 86, 86: 324, 87: 72, 88: 310, 89: 324, 90: 86, 91: 722, 92: 484, 93: 394, 94: 156, 95: 16, 96: 254, 97: 156, 98: 394, 99: 254, 100: 16, 101: 72, 102: 310, 103: 72, 104: 310, 105: 310, 106: 72, 107: 156, 108: 394, 109: 310, 110: 72, 111: 156, 112: 394, 113: 16, 114: 254, 115: 394, 116: 156, 117: 722, 118: 484, 119: 156, 120: 394, 121: 666, 122: 428, 123: 16, 124: 254, 125: 72, 126: 310, 127: 86, 128: 324, 129: 170, 130: 408, 131: 428, 132: 666, 133: 792, 134: 554, 135: 324, 136: 86, 137: 666, 138: 428, 139: 484, 140: 722, 141: 666, 142: 428, 143: 310, 144: 72, 145: 792, 146: 554, 147: 324, 148: 86, 149: 792, 150: 554, 151: 442, 152: 680, 153: 324, 154: 86, 155: 722, 156: 484, 157: 484, 158: 722, 159: 666, 160: 428, 161: 792, 162: 554, 163: 72, 164: 310, 165: 156, 166: 394, 167: 394, 168: 156, 169: 792, 170: 554, 171: 254, 172: 16, 173: 428, 174: 666, 175: 428, 176: 666, 177: 72, 178: 310, 179: 722, 180: 484, 181: 792, 182: 554, 183: 554, 184: 792, 185: 254, 186: 16, 187: 310, 188: 72, 189: 792, 190: 554, 191: 792, 192: 554, 193: 16, 194: 254, 195: 16, 196: 254, 197: 156, 198: 394, 199: 86, 200: 324}
Number of lables used:  18
Total time: 0.86 seconds
Memory used: 124.77 MB
--------------------------------------------------

Trying with at most 17 labels...
Solution:
{1: 16, 2: 254, 3: 394, 4: 156, 5: 652, 6: 414, 7: 414, 8: 652, 9: 296, 10: 58, 11: 484, 12: 722, 13: 554, 14: 792, 15: 554, 16: 792, 17: 156, 18: 394, 19: 792, 20: 554, 21: 484, 22: 722, 23: 30, 24: 268, 25: 394, 26: 156, 27: 254, 28: 16, 29: 58, 30: 296, 31: 394, 32: 156, 33: 254, 34: 16, 35: 414, 36: 652, 37: 156, 38: 394, 39: 58, 40: 296, 41: 16, 42: 254, 43: 722, 44: 484, 45: 554, 46: 792, 47: 30, 48: 268, 49: 394, 50: 156, 51: 554, 52: 792, 53: 792, 54: 554, 55: 652, 56: 414, 57: 16, 58: 254, 59: 484, 60: 722, 61: 58, 62: 296, 63: 30, 64: 268, 65: 16, 66: 254, 67: 254, 68: 16, 69: 792, 70: 554, 71: 30, 72: 268, 73: 30, 74: 268, 75: 792, 76: 554, 77: 16, 78: 254, 79: 652, 80: 414, 81: 268, 82: 30, 83: 792, 84: 554, 85: 58, 86: 296, 87: 30, 88: 268, 89: 484, 90: 722, 91: 30, 92: 268, 93: 792, 94: 554, 95: 554, 96: 792, 97: 156, 98: 394, 99: 394, 100: 156, 101: 296, 102: 58, 103: 30, 104: 268, 105: 58, 106: 296, 107: 30, 108: 268, 109: 484, 110: 722, 111: 30, 112: 268, 113: 30, 114: 268, 115: 394, 116: 156, 117: 722, 118: 484, 119: 156, 120: 394, 121: 58, 122: 296, 123: 16, 124: 254, 125: 722, 126: 484, 127: 58, 128: 296, 129: 408, 130: 170, 131: 484, 132: 722, 133: 554, 134: 792, 135: 296, 136: 58, 137: 58, 138: 296, 139: 484, 140: 722, 141: 484, 142: 722, 143: 554, 144: 792, 145: 652, 146: 414, 147: 792, 148: 554, 149: 484, 150: 722, 151: 722, 152: 484, 153: 296, 154: 58, 155: 30, 156: 268, 157: 484, 158: 722, 159: 30, 160: 268, 161: 792, 162: 554, 163: 254, 164: 16, 165: 30, 166: 268, 167: 414, 168: 652, 169: 414, 170: 652, 171: 394, 172: 156, 173: 58, 174: 296, 175: 394, 176: 156, 177: 722, 178: 484, 179: 554, 180: 792, 181: 652, 182: 414, 183: 156, 184: 394, 185: 156, 186: 394, 187: 156, 188: 394, 189: 792, 190: 554, 191: 792, 192: 554, 193: 156, 194: 394, 195: 254, 196: 16, 197: 414, 198: 652, 199: 484, 200: 722}
Number of lables used:  16
Total time: 0.92 seconds
Memory used: 124.77 MB
--------------------------------------------------

Trying with at most 15 labels...
Solution:
{1: 58, 2: 296, 3: 414, 4: 652, 5: 554, 6: 792, 7: 414, 8: 652, 9: 58, 10: 296, 11: 484, 12: 722, 13: 554, 14: 792, 15: 554, 16: 792, 17: 156, 18: 394, 19: 792, 20: 554, 21: 484, 22: 722, 23: 792, 24: 554, 25: 652, 26: 414, 27: 652, 28: 414, 29: 156, 30: 394, 31: 156, 32: 394, 33: 268, 34: 30, 35: 58, 36: 296, 37: 156, 38: 394, 39: 554, 40: 792, 41: 30, 42: 268, 43: 722, 44: 484, 45: 554, 46: 792, 47: 156, 48: 394, 49: 554, 50: 792, 51: 554, 52: 792, 53: 58, 54: 296, 55: 414, 56: 652, 57: 414, 58: 652, 59: 484, 60: 722, 61: 58, 62: 296, 63: 268, 64: 30, 65: 58, 66: 296, 67: 296, 68: 58, 69: 414, 70: 652, 71: 554, 72: 792, 73: 30, 74: 268, 75: 652, 76: 414, 77: 296, 78: 58, 79: 30, 80: 268, 81: 268, 82: 30, 83: 414, 84: 652, 85: 792, 86: 554, 87: 296, 88: 58, 89: 484, 90: 722, 91: 58, 92: 296, 93: 652, 94: 414, 95: 58, 96: 296, 97: 156, 98: 394, 99: 268, 100: 30, 101: 30, 102: 268, 103: 30, 104: 268, 105: 268, 106: 30, 107: 484, 108: 722, 109: 484, 110: 722, 111: 484, 112: 722, 113: 156, 114: 394, 115: 652, 116: 414, 117: 156, 118: 394, 119: 156, 120: 394, 121: 268, 122: 30, 123: 156, 124: 394, 125: 722, 126: 484, 127: 58, 128: 296, 129: 478, 130: 240, 131: 484, 132: 722, 133: 554, 134: 792, 135: 554, 136: 792, 137: 722, 138: 484, 139: 30, 140: 268, 141: 484, 142: 722, 143: 58, 144: 296, 145: 414, 146: 652, 147: 554, 148: 792, 149: 268, 150: 30, 151: 394, 152: 156, 153: 58, 154: 296, 155: 296, 156: 58, 157: 484, 158: 722, 159: 652, 160: 414, 161: 792, 162: 554, 163: 156, 164: 394, 165: 30, 166: 268, 167: 414, 168: 652, 169: 30, 170: 268, 171: 394, 172: 156, 173: 296, 174: 58, 175: 414, 176: 652, 177: 722, 178: 484, 179: 792, 180: 554, 181: 554, 182: 792, 183: 554, 184: 792, 185: 394, 186: 156, 187: 394, 188: 156, 189: 792, 190: 554, 191: 554, 192: 792, 193: 30, 194: 268, 195: 156, 196: 394, 197: 30, 198: 268, 199: 722, 200: 484}
Number of lables used:  14
Total time: 0.96 seconds
Memory used: 124.77 MB
--------------------------------------------------

Trying with at most 13 labels...
Solution:
{1: 254, 2: 16, 3: 16, 4: 254, 5: 254, 6: 16, 7: 16, 8: 254, 9: 16, 10: 254, 11: 16, 12: 254, 13: 708, 14: 470, 15: 380, 16: 142, 17: 16, 18: 254, 19: 338, 20: 100, 21: 442, 22: 680, 23: 254, 24: 16, 25: 708, 26: 470, 27: 16, 28: 254, 29: 338, 30: 100, 31: 100, 32: 338, 33: 708, 34: 470, 35: 708, 36: 470, 37: 100, 38: 338, 39: 338, 40: 100, 41: 142, 42: 380, 43: 708, 44: 470, 45: 470, 46: 708, 47: 100, 48: 338, 49: 680, 50: 442, 51: 338, 52: 100, 53: 708, 54: 470, 55: 296, 56: 58, 57: 254, 58: 16, 59: 442, 60: 680, 61: 680, 62: 442, 63: 58, 64: 296, 65: 16, 66: 254, 67: 708, 68: 470, 69: 254, 70: 16, 71: 16, 72: 254, 73: 380, 74: 142, 75: 100, 76: 338, 77: 708, 78: 470, 79: 16, 80: 254, 81: 296, 82: 58, 83: 58, 84: 296, 85: 296, 86: 58, 87: 708, 88: 470, 89: 470, 90: 708, 91: 58, 92: 296, 93: 708, 94: 470, 95: 442, 96: 680, 97: 296, 98: 58, 99: 58, 100: 296, 101: 142, 102: 380, 103: 338, 104: 100, 105: 380, 106: 142, 107: 296, 108: 58, 109: 442, 110: 680, 111: 470, 112: 708, 113: 100, 114: 338, 115: 708, 116: 470, 117: 100, 118: 338, 119: 680, 120: 442, 121: 380, 122: 142, 123: 380, 124: 142, 125: 708, 126: 470, 127: 680, 128: 442, 129: 380, 130: 142, 131: 296, 132: 58, 133: 254, 134: 16, 135: 142, 136: 380, 137: 142, 138: 380, 139: 142, 140: 380, 141: 142, 142: 380, 143: 680, 144: 442, 145: 708, 146: 470, 147: 708, 148: 470, 149: 338, 150: 100, 151: 680, 152: 442, 153: 58, 154: 296, 155: 708, 156: 470, 157: 680, 158: 442, 159: 442, 160: 680, 161: 58, 162: 296, 163: 254, 164: 16, 165: 708, 166: 470, 167: 142, 168: 380, 169: 708, 170: 470, 171: 680, 172: 442, 173: 380, 174: 142, 175: 100, 176: 338, 177: 142, 178: 380, 179: 254, 180: 16, 181: 296, 182: 58, 183: 296, 184: 58, 185: 254, 186: 16, 187: 338, 188: 100, 189: 708, 190: 470, 191: 680, 192: 442, 193: 708, 194: 470, 195: 16, 196: 254, 197: 442, 198: 680, 199: 380, 200: 142}
Number of lables used:  12
Total time: 2.43 seconds
Memory used: 149.59 MB
--------------------------------------------------

Trying with at most 11 labels...
[runlim] sample:		10.00 time, 10.01 real, 160 MB, 1.00 load
[runlim] sample:		19.99 time, 20.01 real, 161 MB, 1.00 load
[runlim] sample:		29.98 time, 30.01 real, 161 MB, 1.00 load
[runlim] sample:		39.98 time, 40.01 real, 161 MB, 1.00 load
Cannot find solution.
No more solutions found.
Optimal number of labels used:  12
Total time: 48.48 seconds
Memory used: 134.13 MB
[runlim] end:			Sat Jun 27 06:23:54 2026
[runlim] status:		ok
[runlim] result:		0
[runlim] children:		1
[runlim] processes:		2
[runlim] real:			48.54 seconds
[runlim] time:			48.47 seconds
[runlim] space:			193 MB
[runlim] load:			1.00 maximum
[runlim] samples:		486
