[runlim] version:		2.0.0rc12
[runlim] host:			ap-Precision-7550
[runlim] time limit:		311040000 seconds
[runlim] real time limit:	600 seconds
[runlim] space limit:		14000 MB
[runlim] argv[0]:		python3
[runlim] argv[1]:		-u
[runlim] argv[2]:		evalmaxsat_no_processing.py
[runlim] argv[3]:		graph05
[runlim] argv[4]:		CARD
[runlim] argv[5]:		3
[runlim] argv[6]:		3
[runlim] start:			Mon Jun 22 06:37:38 2026
[runlim] child:			19386
[INFO] Generating WCNF for graph05 (CARD,3,3)
[INFO] Solving wcnf/no_preprocessing/CARD_3_3/graph05_CARD_3_3.wcnf
s UNSATISFIABLE
c Total time : 1.43353s
[INFO] Decode summary
[INFO] status=UNSATISFIABLE, objective=None, assigned_vars=0, complete=False, labels_used=0
[INFO] Decoded assignment file: results/no_preprocessing/decode/CARD_3_3/graph05.decoded.txt
[runlim] end:			Mon Jun 22 06:37:47 2026
[runlim] status:		ok
[runlim] result:		0
[runlim] children:		2
[runlim] processes:		3
[runlim] real:			8.93 seconds
[runlim] time:			8.80 seconds
[runlim] space:			992 MB
[runlim] load:			1.02 maximum
[runlim] samples:		90
