[runlim] version:		2.0.0rc12
[runlim] host:			ap-Precision-7550
[runlim] time limit:		311040000 seconds
[runlim] real time limit:	600 seconds
[runlim] space limit:		14000 MB
[runlim] argv[0]:		python3
[runlim] argv[1]:		-u
[runlim] argv[2]:		evalmaxsat_no_processing.py
[runlim] argv[3]:		scen07
[runlim] argv[4]:		CARD
[runlim] argv[5]:		3
[runlim] argv[6]:		3
[runlim] start:			Mon Jun 22 07:42:37 2026
[runlim] child:			19764
[INFO] Generating WCNF for scen07 (CARD,3,3)
[runlim] sample:		10.00 time, 10.01 real, 1493 MB, 1.05 load
[runlim] sample:		19.94 time, 20.01 real, 1790 MB, 1.04 load
[INFO] Solving wcnf/no_preprocessing/CARD_3_3/scen07_CARD_3_3.wcnf
[runlim] sample:		29.69 time, 30.01 real, 2468 MB, 1.03 load
s UNSATISFIABLE
c Total time : 5.65467s
[INFO] Decode summary
[INFO] status=UNSATISFIABLE, objective=None, assigned_vars=0, complete=False, labels_used=0
[INFO] Decoded assignment file: results/no_preprocessing/decode/CARD_3_3/scen07.decoded.txt
[runlim] end:			Mon Jun 22 07:43:08 2026
[runlim] status:		ok
[runlim] result:		0
[runlim] children:		2
[runlim] processes:		3
[runlim] real:			31.04 seconds
[runlim] time:			30.58 seconds
[runlim] space:			2508 MB
[runlim] load:			1.06 maximum
[runlim] samples:		311
