[runlim] version:		2.0.0rc12
[runlim] host:			ap-Precision-7550
[runlim] time limit:		311040000 seconds
[runlim] real time limit:	600 seconds
[runlim] space limit:		14000 MB
[runlim] argv[0]:		python3
[runlim] argv[1]:		-u
[runlim] argv[2]:		evalmaxsat_no_processing.py
[runlim] argv[3]:		scen09
[runlim] argv[4]:		CARD
[runlim] argv[5]:		3
[runlim] argv[6]:		3
[runlim] start:			Mon Jun 22 07:44:05 2026
[runlim] child:			19778
[INFO] Generating WCNF for scen09 (CARD,3,3)
[INFO] Solving wcnf/no_preprocessing/CARD_3_3/scen09_CARD_3_3.wcnf
c found falsified original clause
s UNSATISFIABLE
c Total time : 0.116557s
[INFO] Decode summary
[INFO] status=UNSATISFIABLE, objective=None, assigned_vars=0, complete=False, labels_used=0
[INFO] Decoded assignment file: results/no_preprocessing/decode/CARD_3_3/scen09.decoded.txt
[runlim] end:			Mon Jun 22 07:44:06 2026
[runlim] status:		ok
[runlim] result:		0
[runlim] children:		2
[runlim] processes:		3
[runlim] real:			1.27 seconds
[runlim] time:			1.18 seconds
[runlim] space:			113 MB
[runlim] load:			1.01 maximum
[runlim] samples:		13
