[runlim] version:		2.0.0rc12
[runlim] host:			ap-Precision-7550
[runlim] time limit:		311040000 seconds
[runlim] real time limit:	600 seconds
[runlim] space limit:		14000 MB
[runlim] argv[0]:		python3
[runlim] argv[1]:		-u
[runlim] argv[2]:		pairwise_no_preprocessing.py
[runlim] argv[3]:		graph07
[runlim] argv[4]:		assumptions
[runlim] argv[5]:		6
[runlim] argv[6]:		card
[runlim] argv[7]:		6
[runlim] start:			Sun Jun 14 00:10:18 2026
[runlim] child:			17551
Exactly-one cardinality encoding:  6
Distance constraint mode:  card
Distance cardinality encoding:  6
Number of assignment variables:  3802
Number of clauses for exactly one constraints:  86088
Number of clauses for distance constraints:  2341
---------------------------------------------------
Solve first problem:
Cannot find solution.
Time taken: 0.75 seconds 
Memory used: 128.25 MB
[runlim] end:			Sun Jun 14 00:10:19 2026
[runlim] status:		ok
[runlim] result:		0
[runlim] children:		1
[runlim] processes:		2
[runlim] real:			0.80 seconds
[runlim] time:			0.70 seconds
[runlim] space:			127 MB
[runlim] load:			1.03 maximum
[runlim] samples:		8
