[runlim] version:		1.10
[runlim] time limit:		311040000 seconds
[runlim] real time limit:	600 seconds
[runlim] space limit:		14000 MB
[runlim] argv[0]:		python3
[runlim] argv[1]:		-u
[runlim] argv[2]:		main.py
[runlim] argv[3]:		scen08
[runlim] argv[4]:		nsc
[runlim] argv[5]:		assumptions
[runlim] argv[6]:		cadical195
[runlim] start:			Wed Mar 11 23:15:04 2026
[runlim] main pid:		13722
Solve first problem:
Cannot find solution.
Time taken: 0.68 seconds
Memory used: 48.42 MB
[runlim] end:			Wed Mar 11 23:15:05 2026
[runlim] status:		ok
[runlim] result:		0
[runlim] children:		0
[runlim] real:			1.20 seconds
[runlim] time:			0.69 seconds
[runlim] space:			49.6 MB
[runlim] samples:		7
