[runlim] version:		2.0.0rc12
[runlim] host:			ap-Precision-7550
[runlim] time limit:		311040000 seconds
[runlim] real time limit:	600 seconds
[runlim] space limit:		14000 MB
[runlim] argv[0]:		python3
[runlim] argv[1]:		cp.py
[runlim] argv[2]:		scen07
[runlim] start:			Tue Mar 10 18:47:15 2026
[runlim] child:			8364
[runlim] sample:		9.99 time, 10.01 real, 729 MB, 1.98 load
Building CP model...
Solving CP Optimizer...
 ! --------------------------------------------------- CP Optimizer 22.1.1.0 --
 ! Minimization problem - 9484 variables, 555073 constraints
 ! Presolve      : 555471 extractables eliminated
 ! LogVerbosity         = Terse
 ! Initial process time : 4.47s (4.46s extraction + 0.02s propagation)
 !  . Log search space  : 9484.0 (before), 9484.0 (after)
 !  . Memory usage      : 87.2 MB (before), 87.2 MB (after)
 ! Using parallel search with 12 workers.
 ! ----------------------------------------------------------------------------
 !          Best Branches  Non-fixed    W       Branch decision
                        0       9484                 -
 + New bound is 0
                        0       9484    1            -
 + New bound is 1
                      207       8322    1   F     0 != x_667_394
 + New bound is 2
 ! ----------------------------------------------------------------------------
 ! Search completed, model has no solution.
 ! Best bound             : 2
 ! ----------------------------------------------------------------------------
 ! Number of branches     : 11220
 ! Number of fails        : 1873
 ! Total memory usage     : 2.1 GB (2.1 GB CP Optimizer + 0.0 GB Concert)
 ! Time spent in solve    : 7.76s (3.31s engine + 4.46s extraction)
 ! Search speed (br. / s) : 3389.7
 ! ----------------------------------------------------------------------------
No valid solution: Infeasible
Total time: 18.07s
Memory used: 534.43 MB
[runlim] end:			Tue Mar 10 18:47:34 2026
[runlim] status:		ok
[runlim] result:		0
[runlim] children:		2
[runlim] processes:		3
[runlim] real:			19.24 seconds
[runlim] time:			49.38 seconds
[runlim] space:			4733 MB
[runlim] load:			2.47 maximum
[runlim] samples:		193
