[runlim] version:		2.0.0rc12
[runlim] host:			ap-Precision-7550
[runlim] time limit:		311040000 seconds
[runlim] real time limit:	600 seconds
[runlim] space limit:		14000 MB
[runlim] argv[0]:		python3
[runlim] argv[1]:		cp.py
[runlim] argv[2]:		scen09
[runlim] start:			Tue Mar 10 02:12:39 2026
[runlim] child:			6850
Warning: variable 13 has no valid labels after preprocessing.
Cannot find solution!
Total time: 0.01s
Memory used: 22.63 MB
[runlim] end:			Tue Mar 10 02:12:39 2026
[runlim] status:		ok
[runlim] result:		0
[runlim] children:		0
[runlim] processes:		0
[runlim] real:			0.08 seconds
[runlim] time:			0.00 seconds
[runlim] space:			0 MB
[runlim] load:			5.14 maximum
[runlim] samples:		1
