[runlim] version:		2.0.0rc12
[runlim] host:			ap-Precision-7550
[runlim] time limit:		311040000 seconds
[runlim] real time limit:	600 seconds
[runlim] space limit:		14000 MB
[runlim] argv[0]:		python3
[runlim] argv[1]:		-u
[runlim] argv[2]:		pairwise_no_preprocessing.py
[runlim] argv[3]:		graph11
[runlim] argv[4]:		assumptions
[runlim] argv[5]:		6
[runlim] start:			Thu Jun 11 05:49:43 2026
[runlim] child:			9714
Number of assignment variables:  25640
Number of clauses for exactly one constraints:  646588
Number of clauses for distance constraints:  1891398
---------------------------------------------------
Solve first problem:
Cannot find solution.
Time taken: 1.96 seconds 
Memory used: 320.78 MB
[runlim] end:			Thu Jun 11 05:49:45 2026
[runlim] status:		ok
[runlim] result:		0
[runlim] children:		1
[runlim] processes:		2
[runlim] real:			2.11 seconds
[runlim] time:			2.10 seconds
[runlim] space:			321 MB
[runlim] load:			1.05 maximum
[runlim] samples:		22
