[runlim] version:		1.10
[runlim] time limit:		311040000 seconds
[runlim] real time limit:	600 seconds
[runlim] space limit:		14000 MB
[runlim] argv[0]:		python3
[runlim] argv[1]:		-u
[runlim] argv[2]:		no_preprocessing.py
[runlim] argv[3]:		TUD200.1
[runlim] argv[4]:		tot
[runlim] argv[5]:		assumptions
[runlim] argv[6]:		cadical195
[runlim] start:			Thu Mar 12 00:22:54 2026
[runlim] main pid:		16649
Solve first problem:
Solution:
{1: 366, 2: 128, 3: 652, 4: 414, 5: 366, 6: 128, 7: 442, 8: 680, 9: 128, 10: 366, 11: 44, 12: 282, 13: 792, 14: 554, 15: 414, 16: 652, 17: 156, 18: 394, 19: 498, 20: 736, 21: 470, 22: 708, 23: 792, 24: 554, 25: 484, 26: 722, 27: 128, 28: 366, 29: 142, 30: 380, 31: 156, 32: 394, 33: 554, 34: 792, 35: 456, 36: 694, 37: 128, 38: 366, 39: 268, 40: 30, 41: 526, 42: 764, 43: 142, 44: 380, 45: 442, 46: 680, 47: 792, 48: 554, 49: 470, 50: 708, 51: 58, 52: 296, 53: 142, 54: 380, 55: 86, 56: 324, 57: 72, 58: 310, 59: 540, 60: 778, 61: 512, 62: 750, 63: 414, 64: 652, 65: 16, 66: 254, 67: 414, 68: 652, 69: 680, 70: 442, 71: 268, 72: 30, 73: 456, 74: 694, 75: 512, 76: 750, 77: 540, 78: 778, 79: 792, 80: 554, 81: 554, 82: 792, 83: 428, 84: 666, 85: 736, 86: 498, 87: 778, 88: 540, 89: 44, 90: 282, 91: 540, 92: 778, 93: 16, 94: 254, 95: 352, 96: 114, 97: 540, 98: 778, 99: 142, 100: 380, 101: 380, 102: 142, 103: 540, 104: 778, 105: 156, 106: 394, 107: 380, 108: 142, 109: 694, 110: 456, 111: 722, 112: 484, 113: 414, 114: 652, 115: 470, 116: 708, 117: 526, 118: 764, 119: 100, 120: 338, 121: 456, 122: 694, 123: 156, 124: 394, 125: 310, 126: 72, 127: 72, 128: 310, 129: 408, 130: 170, 131: 380, 132: 142, 133: 554, 134: 792, 135: 554, 136: 792, 137: 456, 138: 694, 139: 442, 140: 680, 141: 380, 142: 142, 143: 540, 144: 778, 145: 554, 146: 792, 147: 254, 148: 16, 149: 554, 150: 792, 151: 72, 152: 310, 153: 498, 154: 736, 155: 554, 156: 792, 157: 554, 158: 792, 159: 498, 160: 736, 161: 554, 162: 792, 163: 526, 164: 764, 165: 100, 166: 338, 167: 526, 168: 764, 169: 554, 170: 792, 171: 498, 172: 736, 173: 540, 174: 778, 175: 526, 176: 764, 177: 666, 178: 428, 179: 498, 180: 736, 181: 554, 182: 792, 183: 526, 184: 764, 185: 156, 186: 394, 187: 156, 188: 394, 189: 484, 190: 722, 191: 428, 192: 666, 193: 484, 194: 722, 195: 554, 196: 792, 197: 484, 198: 722, 199: 540, 200: 778}
Number of lables used:  46
Time taken: 0.20 seconds
Memory used: 36.47 MB
--------------------------------------------------

Trying with at most 45 labels...
Solution:
{1: 16, 2: 254, 3: 100, 4: 338, 5: 366, 6: 128, 7: 652, 8: 414, 9: 128, 10: 366, 11: 30, 12: 268, 13: 708, 14: 470, 15: 652, 16: 414, 17: 156, 18: 394, 19: 484, 20: 722, 21: 428, 22: 666, 23: 792, 24: 554, 25: 428, 26: 666, 27: 128, 28: 366, 29: 142, 30: 380, 31: 156, 32: 394, 33: 554, 34: 792, 35: 456, 36: 694, 37: 86, 38: 324, 39: 394, 40: 156, 41: 484, 42: 722, 43: 142, 44: 380, 45: 442, 46: 680, 47: 792, 48: 554, 49: 470, 50: 708, 51: 44, 52: 282, 53: 142, 54: 380, 55: 72, 56: 310, 57: 72, 58: 310, 59: 540, 60: 778, 61: 470, 62: 708, 63: 792, 64: 554, 65: 16, 66: 254, 67: 414, 68: 652, 69: 680, 70: 442, 71: 254, 72: 16, 73: 456, 74: 694, 75: 484, 76: 722, 77: 540, 78: 778, 79: 792, 80: 554, 81: 554, 82: 792, 83: 428, 84: 666, 85: 708, 86: 470, 87: 778, 88: 540, 89: 44, 90: 282, 91: 540, 92: 778, 93: 16, 94: 254, 95: 338, 96: 100, 97: 540, 98: 778, 99: 792, 100: 554, 101: 338, 102: 100, 103: 540, 104: 778, 105: 86, 106: 324, 107: 282, 108: 44, 109: 694, 110: 456, 111: 156, 112: 394, 113: 414, 114: 652, 115: 722, 116: 484, 117: 142, 118: 380, 119: 86, 120: 324, 121: 442, 122: 680, 123: 58, 124: 296, 125: 310, 126: 72, 127: 72, 128: 310, 129: 408, 130: 170, 131: 380, 132: 142, 133: 554, 134: 792, 135: 554, 136: 792, 137: 442, 138: 680, 139: 142, 140: 380, 141: 380, 142: 142, 143: 540, 144: 778, 145: 554, 146: 792, 147: 254, 148: 16, 149: 554, 150: 792, 151: 72, 152: 310, 153: 128, 154: 366, 155: 554, 156: 792, 157: 554, 158: 792, 159: 484, 160: 722, 161: 554, 162: 792, 163: 484, 164: 722, 165: 44, 166: 282, 167: 652, 168: 414, 169: 554, 170: 792, 171: 484, 172: 722, 173: 540, 174: 778, 175: 470, 176: 708, 177: 114, 178: 352, 179: 484, 180: 722, 181: 554, 182: 792, 183: 456, 184: 694, 185: 156, 186: 394, 187: 156, 188: 394, 189: 484, 190: 722, 191: 428, 192: 666, 193: 484, 194: 722, 195: 554, 196: 792, 197: 484, 198: 722, 199: 540, 200: 778}
Number of lables used:  40
Time taken: 0.21 seconds
Memory used: 37.64 MB
--------------------------------------------------

Trying with at most 39 labels...
Solution:
{1: 792, 2: 554, 3: 100, 4: 338, 5: 792, 6: 554, 7: 30, 8: 268, 9: 142, 10: 380, 11: 30, 12: 268, 13: 324, 14: 86, 15: 254, 16: 16, 17: 792, 18: 554, 19: 114, 20: 352, 21: 128, 22: 366, 23: 708, 24: 470, 25: 86, 26: 324, 27: 128, 28: 366, 29: 58, 30: 296, 31: 128, 32: 366, 33: 470, 34: 708, 35: 156, 36: 394, 37: 792, 38: 554, 39: 338, 40: 100, 41: 254, 42: 16, 43: 128, 44: 366, 45: 470, 46: 708, 47: 16, 48: 254, 49: 470, 50: 708, 51: 722, 52: 484, 53: 30, 54: 268, 55: 142, 56: 380, 57: 722, 58: 484, 59: 484, 60: 722, 61: 380, 62: 142, 63: 394, 64: 156, 65: 16, 66: 254, 67: 100, 68: 338, 69: 708, 70: 470, 71: 16, 72: 254, 73: 142, 74: 380, 75: 16, 76: 254, 77: 100, 78: 338, 79: 792, 80: 554, 81: 484, 82: 722, 83: 114, 84: 352, 85: 268, 86: 30, 87: 282, 88: 44, 89: 30, 90: 268, 91: 722, 92: 484, 93: 16, 94: 254, 95: 484, 96: 722, 97: 792, 98: 554, 99: 142, 100: 380, 101: 296, 102: 58, 103: 722, 104: 484, 105: 58, 106: 296, 107: 142, 108: 380, 109: 142, 110: 380, 111: 296, 112: 58, 113: 792, 114: 554, 115: 58, 116: 296, 117: 100, 118: 338, 119: 708, 120: 470, 121: 44, 122: 282, 123: 310, 124: 72, 125: 708, 126: 470, 127: 30, 128: 268, 129: 408, 130: 170, 131: 484, 132: 722, 133: 470, 134: 708, 135: 86, 136: 324, 137: 44, 138: 282, 139: 86, 140: 324, 141: 708, 142: 470, 143: 142, 144: 380, 145: 708, 146: 470, 147: 554, 148: 792, 149: 484, 150: 722, 151: 722, 152: 484, 153: 86, 154: 324, 155: 72, 156: 310, 157: 114, 158: 352, 159: 792, 160: 554, 161: 708, 162: 470, 163: 394, 164: 156, 165: 722, 166: 484, 167: 484, 168: 722, 169: 86, 170: 324, 171: 708, 172: 470, 173: 142, 174: 380, 175: 142, 176: 380, 177: 470, 178: 708, 179: 86, 180: 324, 181: 324, 182: 86, 183: 128, 184: 366, 185: 156, 186: 394, 187: 30, 188: 268, 189: 324, 190: 86, 191: 114, 192: 352, 193: 708, 194: 470, 195: 792, 196: 554, 197: 16, 198: 254, 199: 380, 200: 142}
Number of lables used:  30
Time taken: 0.22 seconds
Memory used: 37.65 MB
--------------------------------------------------

Trying with at most 29 labels...
Solution:
{1: 792, 2: 554, 3: 100, 4: 338, 5: 792, 6: 554, 7: 30, 8: 268, 9: 142, 10: 380, 11: 30, 12: 268, 13: 324, 14: 86, 15: 254, 16: 16, 17: 792, 18: 554, 19: 114, 20: 352, 21: 114, 22: 352, 23: 156, 24: 394, 25: 86, 26: 324, 27: 114, 28: 352, 29: 58, 30: 296, 31: 142, 32: 380, 33: 470, 34: 708, 35: 156, 36: 394, 37: 792, 38: 554, 39: 338, 40: 100, 41: 254, 42: 16, 43: 114, 44: 352, 45: 470, 46: 708, 47: 16, 48: 254, 49: 470, 50: 708, 51: 722, 52: 484, 53: 708, 54: 470, 55: 142, 56: 380, 57: 722, 58: 484, 59: 484, 60: 722, 61: 380, 62: 142, 63: 394, 64: 156, 65: 16, 66: 254, 67: 100, 68: 338, 69: 708, 70: 470, 71: 16, 72: 254, 73: 142, 74: 380, 75: 16, 76: 254, 77: 100, 78: 338, 79: 722, 80: 484, 81: 484, 82: 722, 83: 114, 84: 352, 85: 268, 86: 30, 87: 282, 88: 44, 89: 30, 90: 268, 91: 722, 92: 484, 93: 792, 94: 554, 95: 484, 96: 722, 97: 792, 98: 554, 99: 142, 100: 380, 101: 296, 102: 58, 103: 722, 104: 484, 105: 30, 106: 268, 107: 142, 108: 380, 109: 142, 110: 380, 111: 296, 112: 58, 113: 792, 114: 554, 115: 58, 116: 296, 117: 100, 118: 338, 119: 708, 120: 470, 121: 44, 122: 282, 123: 310, 124: 72, 125: 708, 126: 470, 127: 30, 128: 268, 129: 408, 130: 170, 131: 484, 132: 722, 133: 470, 134: 708, 135: 86, 136: 324, 137: 44, 138: 282, 139: 86, 140: 324, 141: 708, 142: 470, 143: 142, 144: 380, 145: 708, 146: 470, 147: 554, 148: 792, 149: 484, 150: 722, 151: 722, 152: 484, 153: 86, 154: 324, 155: 72, 156: 310, 157: 114, 158: 352, 159: 792, 160: 554, 161: 708, 162: 470, 163: 394, 164: 156, 165: 722, 166: 484, 167: 484, 168: 722, 169: 86, 170: 324, 171: 708, 172: 470, 173: 142, 174: 380, 175: 142, 176: 380, 177: 470, 178: 708, 179: 86, 180: 324, 181: 324, 182: 86, 183: 100, 184: 338, 185: 156, 186: 394, 187: 30, 188: 268, 189: 324, 190: 86, 191: 114, 192: 352, 193: 708, 194: 470, 195: 254, 196: 16, 197: 16, 198: 254, 199: 380, 200: 142}
Number of lables used:  28
Time taken: 0.22 seconds
Memory used: 37.65 MB
--------------------------------------------------

Trying with at most 27 labels...
Solution:
{1: 282, 2: 44, 3: 114, 4: 352, 5: 512, 6: 750, 7: 16, 8: 254, 9: 142, 10: 380, 11: 380, 12: 142, 13: 708, 14: 470, 15: 512, 16: 750, 17: 750, 18: 512, 19: 114, 20: 352, 21: 114, 22: 352, 23: 142, 24: 380, 25: 142, 26: 380, 27: 750, 28: 512, 29: 72, 30: 310, 31: 142, 32: 380, 33: 470, 34: 708, 35: 380, 36: 142, 37: 708, 38: 470, 39: 338, 40: 100, 41: 512, 42: 750, 43: 666, 44: 428, 45: 666, 46: 428, 47: 16, 48: 254, 49: 470, 50: 708, 51: 666, 52: 428, 53: 750, 54: 512, 55: 16, 56: 254, 57: 666, 58: 428, 59: 428, 60: 666, 61: 310, 62: 72, 63: 750, 64: 512, 65: 708, 66: 470, 67: 254, 68: 16, 69: 666, 70: 428, 71: 310, 72: 72, 73: 296, 74: 58, 75: 16, 76: 254, 77: 268, 78: 30, 79: 708, 80: 470, 81: 428, 82: 666, 83: 114, 84: 352, 85: 268, 86: 30, 87: 282, 88: 44, 89: 296, 90: 58, 91: 142, 92: 380, 93: 750, 94: 512, 95: 30, 96: 268, 97: 750, 98: 512, 99: 750, 100: 512, 101: 338, 102: 100, 103: 708, 104: 470, 105: 30, 106: 268, 107: 296, 108: 58, 109: 708, 110: 470, 111: 296, 112: 58, 113: 750, 114: 512, 115: 666, 116: 428, 117: 58, 118: 296, 119: 708, 120: 470, 121: 114, 122: 352, 123: 324, 124: 86, 125: 666, 126: 428, 127: 30, 128: 268, 129: 142, 130: 380, 131: 470, 132: 708, 133: 114, 134: 352, 135: 86, 136: 324, 137: 142, 138: 380, 139: 512, 140: 750, 141: 708, 142: 470, 143: 72, 144: 310, 145: 708, 146: 470, 147: 268, 148: 30, 149: 470, 150: 708, 151: 86, 152: 324, 153: 72, 154: 310, 155: 72, 156: 310, 157: 114, 158: 352, 159: 282, 160: 44, 161: 708, 162: 470, 163: 142, 164: 380, 165: 750, 166: 512, 167: 666, 168: 428, 169: 86, 170: 324, 171: 708, 172: 470, 173: 282, 174: 44, 175: 142, 176: 380, 177: 470, 178: 708, 179: 86, 180: 324, 181: 324, 182: 86, 183: 100, 184: 338, 185: 114, 186: 352, 187: 352, 188: 114, 189: 324, 190: 86, 191: 114, 192: 352, 193: 708, 194: 470, 195: 254, 196: 16, 197: 16, 198: 254, 199: 380, 200: 142}
Number of lables used:  24
Time taken: 0.22 seconds
Memory used: 37.65 MB
--------------------------------------------------

Trying with at most 23 labels...
Solution:
{1: 268, 2: 30, 3: 114, 4: 352, 5: 310, 6: 72, 7: 380, 8: 142, 9: 142, 10: 380, 11: 666, 12: 428, 13: 708, 14: 470, 15: 512, 16: 750, 17: 750, 18: 512, 19: 114, 20: 352, 21: 114, 22: 352, 23: 142, 24: 380, 25: 666, 26: 428, 27: 694, 28: 456, 29: 72, 30: 310, 31: 142, 32: 380, 33: 470, 34: 708, 35: 380, 36: 142, 37: 708, 38: 470, 39: 338, 40: 100, 41: 750, 42: 512, 43: 268, 44: 30, 45: 666, 46: 428, 47: 268, 48: 30, 49: 470, 50: 708, 51: 708, 52: 470, 53: 708, 54: 470, 55: 30, 56: 268, 57: 30, 58: 268, 59: 750, 60: 512, 61: 296, 62: 58, 63: 750, 64: 512, 65: 708, 66: 470, 67: 456, 68: 694, 69: 666, 70: 428, 71: 310, 72: 72, 73: 296, 74: 58, 75: 708, 76: 470, 77: 268, 78: 30, 79: 750, 80: 512, 81: 428, 82: 666, 83: 114, 84: 352, 85: 428, 86: 666, 87: 296, 88: 58, 89: 296, 90: 58, 91: 142, 92: 380, 93: 666, 94: 428, 95: 30, 96: 268, 97: 750, 98: 512, 99: 750, 100: 512, 101: 338, 102: 100, 103: 142, 104: 380, 105: 30, 106: 268, 107: 296, 108: 58, 109: 470, 110: 708, 111: 296, 112: 58, 113: 296, 114: 58, 115: 666, 116: 428, 117: 58, 118: 296, 119: 708, 120: 470, 121: 142, 122: 380, 123: 380, 124: 142, 125: 750, 126: 512, 127: 30, 128: 268, 129: 142, 130: 380, 131: 470, 132: 708, 133: 114, 134: 352, 135: 30, 136: 268, 137: 142, 138: 380, 139: 512, 140: 750, 141: 750, 142: 512, 143: 694, 144: 456, 145: 708, 146: 470, 147: 268, 148: 30, 149: 470, 150: 708, 151: 58, 152: 296, 153: 72, 154: 310, 155: 114, 156: 352, 157: 114, 158: 352, 159: 268, 160: 30, 161: 708, 162: 470, 163: 142, 164: 380, 165: 310, 166: 72, 167: 666, 168: 428, 169: 72, 170: 310, 171: 750, 172: 512, 173: 666, 174: 428, 175: 666, 176: 428, 177: 512, 178: 750, 179: 72, 180: 310, 181: 666, 182: 428, 183: 100, 184: 338, 185: 380, 186: 142, 187: 352, 188: 114, 189: 310, 190: 72, 191: 114, 192: 352, 193: 750, 194: 512, 195: 512, 196: 750, 197: 72, 198: 310, 199: 428, 200: 666}
Number of lables used:  20
Time taken: 0.22 seconds
Memory used: 37.66 MB
--------------------------------------------------

Trying with at most 19 labels...
Solution:
{1: 268, 2: 30, 3: 114, 4: 352, 5: 310, 6: 72, 7: 380, 8: 142, 9: 142, 10: 380, 11: 666, 12: 428, 13: 708, 14: 470, 15: 512, 16: 750, 17: 750, 18: 512, 19: 114, 20: 352, 21: 114, 22: 352, 23: 142, 24: 380, 25: 666, 26: 428, 27: 694, 28: 456, 29: 72, 30: 310, 31: 142, 32: 380, 33: 470, 34: 708, 35: 380, 36: 142, 37: 708, 38: 470, 39: 338, 40: 100, 41: 750, 42: 512, 43: 428, 44: 666, 45: 666, 46: 428, 47: 268, 48: 30, 49: 470, 50: 708, 51: 708, 52: 470, 53: 708, 54: 470, 55: 30, 56: 268, 57: 30, 58: 268, 59: 750, 60: 512, 61: 268, 62: 30, 63: 750, 64: 512, 65: 708, 66: 470, 67: 456, 68: 694, 69: 666, 70: 428, 71: 142, 72: 380, 73: 268, 74: 30, 75: 708, 76: 470, 77: 268, 78: 30, 79: 750, 80: 512, 81: 428, 82: 666, 83: 114, 84: 352, 85: 428, 86: 666, 87: 268, 88: 30, 89: 310, 90: 72, 91: 142, 92: 380, 93: 666, 94: 428, 95: 30, 96: 268, 97: 750, 98: 512, 99: 750, 100: 512, 101: 338, 102: 100, 103: 380, 104: 142, 105: 30, 106: 268, 107: 310, 108: 72, 109: 470, 110: 708, 111: 310, 112: 72, 113: 352, 114: 114, 115: 666, 116: 428, 117: 30, 118: 268, 119: 750, 120: 512, 121: 142, 122: 380, 123: 470, 124: 708, 125: 750, 126: 512, 127: 30, 128: 268, 129: 142, 130: 380, 131: 470, 132: 708, 133: 114, 134: 352, 135: 100, 136: 338, 137: 310, 138: 72, 139: 512, 140: 750, 141: 750, 142: 512, 143: 694, 144: 456, 145: 708, 146: 470, 147: 268, 148: 30, 149: 470, 150: 708, 151: 72, 152: 310, 153: 30, 154: 268, 155: 114, 156: 352, 157: 310, 158: 72, 159: 268, 160: 30, 161: 708, 162: 470, 163: 142, 164: 380, 165: 310, 166: 72, 167: 666, 168: 428, 169: 72, 170: 310, 171: 750, 172: 512, 173: 666, 174: 428, 175: 666, 176: 428, 177: 512, 178: 750, 179: 352, 180: 114, 181: 666, 182: 428, 183: 100, 184: 338, 185: 380, 186: 142, 187: 352, 188: 114, 189: 310, 190: 72, 191: 114, 192: 352, 193: 750, 194: 512, 195: 512, 196: 750, 197: 72, 198: 310, 199: 428, 200: 666}
Number of lables used:  18
Time taken: 0.23 seconds
Memory used: 37.67 MB
--------------------------------------------------

Trying with at most 17 labels...
Solution:
{1: 268, 2: 30, 3: 114, 4: 352, 5: 352, 6: 114, 7: 380, 8: 142, 9: 142, 10: 380, 11: 666, 12: 428, 13: 708, 14: 470, 15: 512, 16: 750, 17: 750, 18: 512, 19: 114, 20: 352, 21: 114, 22: 352, 23: 142, 24: 380, 25: 666, 26: 428, 27: 114, 28: 352, 29: 72, 30: 310, 31: 750, 32: 512, 33: 470, 34: 708, 35: 428, 36: 666, 37: 708, 38: 470, 39: 428, 40: 666, 41: 750, 42: 512, 43: 428, 44: 666, 45: 666, 46: 428, 47: 268, 48: 30, 49: 470, 50: 708, 51: 708, 52: 470, 53: 708, 54: 470, 55: 30, 56: 268, 57: 30, 58: 268, 59: 750, 60: 512, 61: 268, 62: 30, 63: 750, 64: 512, 65: 708, 66: 470, 67: 456, 68: 694, 69: 666, 70: 428, 71: 428, 72: 666, 73: 380, 74: 142, 75: 708, 76: 470, 77: 268, 78: 30, 79: 750, 80: 512, 81: 428, 82: 666, 83: 72, 84: 310, 85: 428, 86: 666, 87: 352, 88: 114, 89: 310, 90: 72, 91: 142, 92: 380, 93: 666, 94: 428, 95: 30, 96: 268, 97: 750, 98: 512, 99: 750, 100: 512, 101: 380, 102: 142, 103: 380, 104: 142, 105: 30, 106: 268, 107: 456, 108: 694, 109: 470, 110: 708, 111: 310, 112: 72, 113: 352, 114: 114, 115: 666, 116: 428, 117: 30, 118: 268, 119: 750, 120: 512, 121: 142, 122: 380, 123: 470, 124: 708, 125: 750, 126: 512, 127: 30, 128: 268, 129: 142, 130: 380, 131: 470, 132: 708, 133: 30, 134: 268, 135: 268, 136: 30, 137: 310, 138: 72, 139: 512, 140: 750, 141: 750, 142: 512, 143: 694, 144: 456, 145: 310, 146: 72, 147: 268, 148: 30, 149: 512, 150: 750, 151: 72, 152: 310, 153: 30, 154: 268, 155: 114, 156: 352, 157: 310, 158: 72, 159: 268, 160: 30, 161: 708, 162: 470, 163: 142, 164: 380, 165: 310, 166: 72, 167: 666, 168: 428, 169: 72, 170: 310, 171: 750, 172: 512, 173: 666, 174: 428, 175: 666, 176: 428, 177: 512, 178: 750, 179: 352, 180: 114, 181: 666, 182: 428, 183: 114, 184: 352, 185: 380, 186: 142, 187: 352, 188: 114, 189: 310, 190: 72, 191: 114, 192: 352, 193: 750, 194: 512, 195: 512, 196: 750, 197: 72, 198: 310, 199: 428, 200: 666}
Number of lables used:  16
Time taken: 0.23 seconds
Memory used: 37.80 MB
--------------------------------------------------

Trying with at most 15 labels...
Solution:
{1: 44, 2: 282, 3: 428, 4: 666, 5: 352, 6: 114, 7: 380, 8: 142, 9: 114, 10: 352, 11: 666, 12: 428, 13: 708, 14: 470, 15: 512, 16: 750, 17: 470, 18: 708, 19: 114, 20: 352, 21: 114, 22: 352, 23: 72, 24: 310, 25: 666, 26: 428, 27: 310, 28: 72, 29: 72, 30: 310, 31: 512, 32: 750, 33: 750, 34: 512, 35: 428, 36: 666, 37: 708, 38: 470, 39: 142, 40: 380, 41: 750, 42: 512, 43: 428, 44: 666, 45: 666, 46: 428, 47: 44, 48: 282, 49: 470, 50: 708, 51: 708, 52: 470, 53: 708, 54: 470, 55: 44, 56: 282, 57: 750, 58: 512, 59: 750, 60: 512, 61: 282, 62: 44, 63: 750, 64: 512, 65: 708, 66: 470, 67: 470, 68: 708, 69: 282, 70: 44, 71: 142, 72: 380, 73: 44, 74: 282, 75: 708, 76: 470, 77: 282, 78: 44, 79: 750, 80: 512, 81: 428, 82: 666, 83: 72, 84: 310, 85: 380, 86: 142, 87: 428, 88: 666, 89: 380, 90: 142, 91: 44, 92: 282, 93: 666, 94: 428, 95: 708, 96: 470, 97: 750, 98: 512, 99: 750, 100: 512, 101: 282, 102: 44, 103: 380, 104: 142, 105: 44, 106: 282, 107: 428, 108: 666, 109: 470, 110: 708, 111: 310, 112: 72, 113: 352, 114: 114, 115: 666, 116: 428, 117: 352, 118: 114, 119: 750, 120: 512, 121: 142, 122: 380, 123: 470, 124: 708, 125: 750, 126: 512, 127: 282, 128: 44, 129: 142, 130: 380, 131: 470, 132: 708, 133: 380, 134: 142, 135: 142, 136: 380, 137: 666, 138: 428, 139: 750, 140: 512, 141: 708, 142: 470, 143: 44, 144: 282, 145: 44, 146: 282, 147: 380, 148: 142, 149: 512, 150: 750, 151: 72, 152: 310, 153: 282, 154: 44, 155: 114, 156: 352, 157: 310, 158: 72, 159: 282, 160: 44, 161: 708, 162: 470, 163: 310, 164: 72, 165: 310, 166: 72, 167: 666, 168: 428, 169: 72, 170: 310, 171: 750, 172: 512, 173: 666, 174: 428, 175: 666, 176: 428, 177: 512, 178: 750, 179: 352, 180: 114, 181: 666, 182: 428, 183: 114, 184: 352, 185: 380, 186: 142, 187: 310, 188: 72, 189: 310, 190: 72, 191: 114, 192: 352, 193: 750, 194: 512, 195: 512, 196: 750, 197: 72, 198: 310, 199: 428, 200: 666}
Number of lables used:  14
Time taken: 0.23 seconds
Memory used: 37.80 MB
--------------------------------------------------

Trying with at most 13 labels...
Solution:
{1: 16, 2: 254, 3: 254, 4: 16, 5: 680, 6: 442, 7: 142, 8: 380, 9: 254, 10: 16, 11: 142, 12: 380, 13: 442, 14: 680, 15: 722, 16: 484, 17: 442, 18: 680, 19: 100, 20: 338, 21: 680, 22: 442, 23: 254, 24: 16, 25: 338, 26: 100, 27: 30, 28: 268, 29: 30, 30: 268, 31: 16, 32: 254, 33: 722, 34: 484, 35: 142, 36: 380, 37: 268, 38: 30, 39: 338, 40: 100, 41: 100, 42: 338, 43: 680, 44: 442, 45: 442, 46: 680, 47: 142, 48: 380, 49: 100, 50: 338, 51: 16, 52: 254, 53: 722, 54: 484, 55: 100, 56: 338, 57: 100, 58: 338, 59: 100, 60: 338, 61: 442, 62: 680, 63: 30, 64: 268, 65: 16, 66: 254, 67: 680, 68: 442, 69: 142, 70: 380, 71: 268, 72: 30, 73: 380, 74: 142, 75: 16, 76: 254, 77: 722, 78: 484, 79: 100, 80: 338, 81: 338, 82: 100, 83: 338, 84: 100, 85: 30, 86: 268, 87: 680, 88: 442, 89: 722, 90: 484, 91: 142, 92: 380, 93: 722, 94: 484, 95: 442, 96: 680, 97: 484, 98: 722, 99: 338, 100: 100, 101: 442, 102: 680, 103: 442, 104: 680, 105: 268, 106: 30, 107: 30, 108: 268, 109: 484, 110: 722, 111: 268, 112: 30, 113: 254, 114: 16, 115: 338, 116: 100, 117: 484, 118: 722, 119: 100, 120: 338, 121: 680, 122: 442, 123: 254, 124: 16, 125: 722, 126: 484, 127: 680, 128: 442, 129: 380, 130: 142, 131: 268, 132: 30, 133: 30, 134: 268, 135: 484, 136: 722, 137: 142, 138: 380, 139: 380, 140: 142, 141: 142, 142: 380, 143: 680, 144: 442, 145: 722, 146: 484, 147: 680, 148: 442, 149: 338, 150: 100, 151: 722, 152: 484, 153: 442, 154: 680, 155: 722, 156: 484, 157: 380, 158: 142, 159: 30, 160: 268, 161: 16, 162: 254, 163: 254, 164: 16, 165: 722, 166: 484, 167: 142, 168: 380, 169: 722, 170: 484, 171: 30, 172: 268, 173: 30, 174: 268, 175: 380, 176: 142, 177: 30, 178: 268, 179: 680, 180: 442, 181: 142, 182: 380, 183: 380, 184: 142, 185: 338, 186: 100, 187: 100, 188: 338, 189: 484, 190: 722, 191: 484, 192: 722, 193: 722, 194: 484, 195: 680, 196: 442, 197: 338, 198: 100, 199: 142, 200: 380}
Number of lables used:  12
Time taken: 1.79 seconds
Memory used: 62.14 MB
--------------------------------------------------

Trying with at most 11 labels...
Cannot find solution.
No more solutions found.
Optimal number of labels used:  12
Time taken: 4.49 seconds
Memory used: 67.64 MB
[runlim] end:			Thu Mar 12 00:22:59 2026
[runlim] status:		ok
[runlim] result:		0
[runlim] children:		0
[runlim] real:			5.17 seconds
[runlim] time:			4.49 seconds
[runlim] space:			71.4 MB
[runlim] samples:		45
