[runlim] version:		2.0.0rc12
[runlim] host:			ap-Precision-7550
[runlim] time limit:		311040000 seconds
[runlim] real time limit:	600 seconds
[runlim] space limit:		14000 MB
[runlim] argv[0]:		python3
[runlim] argv[1]:		-u
[runlim] argv[2]:		remain.py
[runlim] argv[3]:		graph04
[runlim] argv[4]:		nsc
[runlim] argv[5]:		cadical195
[runlim] start:			Wed Mar 25 20:59:11 2026
[runlim] child:			21515
Solve first problem:
Solution:
{1: 58, 2: 296, 3: 16, 4: 254, 5: 16, 6: 254, 7: 30, 8: 268, 9: 142, 10: 380, 11: 58, 12: 296, 13: 72, 14: 310, 15: 778, 16: 540, 17: 792, 18: 554, 19: 156, 20: 394, 21: 792, 22: 554, 23: 16, 24: 254, 25: 16, 26: 254, 27: 16, 28: 254, 29: 680, 30: 442, 31: 750, 32: 512, 33: 16, 34: 254, 35: 666, 36: 428, 37: 792, 38: 554, 39: 30, 40: 268, 41: 680, 42: 442, 43: 750, 44: 512, 45: 86, 46: 324, 47: 44, 48: 282, 49: 708, 50: 470, 51: 736, 52: 498, 53: 680, 54: 442, 55: 156, 56: 394, 57: 16, 58: 254, 59: 722, 60: 484, 61: 114, 62: 352, 63: 680, 64: 442, 65: 764, 66: 526, 67: 750, 68: 512, 69: 652, 70: 414, 71: 680, 72: 442, 73: 44, 74: 282, 75: 652, 76: 414, 77: 652, 78: 414, 79: 736, 80: 498, 81: 114, 82: 352, 83: 16, 84: 254, 85: 44, 86: 282, 87: 16, 88: 254, 89: 792, 90: 554, 91: 792, 92: 554, 93: 58, 94: 296, 95: 156, 96: 394, 97: 142, 98: 380, 99: 128, 100: 366, 101: 792, 102: 554, 103: 778, 104: 540, 105: 86, 106: 324, 107: 156, 108: 394, 109: 666, 110: 428, 111: 156, 112: 394, 113: 16, 114: 254, 115: 142, 116: 380, 117: 792, 118: 554, 119: 86, 120: 324, 121: 792, 122: 554, 123: 666, 124: 428, 125: 142, 126: 380, 127: 16, 128: 254, 129: 44, 130: 282, 131: 58, 132: 296, 133: 30, 134: 268, 135: 100, 136: 338, 137: 86, 138: 324, 139: 156, 140: 394, 141: 142, 142: 380, 143: 736, 144: 498, 145: 30, 146: 268, 147: 792, 148: 554, 149: 778, 150: 540, 151: 736, 152: 498, 153: 792, 154: 554, 155: 30, 156: 268, 157: 100, 158: 338, 159: 708, 160: 470, 161: 114, 162: 352, 163: 16, 164: 254, 165: 750, 166: 512, 167: 764, 168: 526, 169: 156, 170: 394, 171: 156, 172: 394, 173: 128, 174: 366, 175: 100, 176: 338, 177: 16, 178: 254, 179: 708, 180: 470, 181: 58, 182: 296, 183: 16, 184: 254, 185: 86, 186: 324, 187: 30, 188: 268, 189: 16, 190: 254, 191: 128, 192: 366, 193: 128, 194: 366, 195: 750, 196: 512, 197: 142, 198: 380, 199: 652, 200: 414, 201: 86, 202: 324, 203: 778, 204: 540, 205: 750, 206: 512, 207: 708, 208: 470, 209: 72, 210: 310, 211: 666, 212: 428, 213: 680, 214: 442, 215: 114, 216: 352, 217: 680, 218: 442, 219: 652, 220: 414, 221: 750, 222: 512, 223: 694, 224: 456, 225: 128, 226: 366, 227: 680, 228: 442, 229: 764, 230: 526, 231: 30, 232: 268, 233: 100, 234: 338, 235: 128, 236: 366, 237: 44, 238: 282, 239: 722, 240: 484, 241: 16, 242: 254, 243: 750, 244: 512, 245: 680, 246: 442, 247: 736, 248: 498, 249: 30, 250: 268, 251: 142, 252: 380, 253: 736, 254: 498, 255: 652, 256: 414, 257: 708, 258: 470, 259: 156, 260: 394, 261: 792, 262: 554, 263: 30, 264: 268, 265: 708, 266: 470, 267: 156, 268: 394, 269: 156, 270: 394, 271: 736, 272: 498, 273: 86, 274: 324, 275: 156, 276: 394, 277: 708, 278: 470, 279: 16, 280: 254, 281: 142, 282: 380, 283: 708, 284: 470, 285: 736, 286: 498, 287: 652, 288: 414, 289: 72, 290: 310, 291: 156, 292: 394, 293: 142, 294: 380, 295: 778, 296: 540, 297: 100, 298: 338, 299: 30, 300: 268, 301: 114, 302: 352, 303: 694, 304: 456, 305: 72, 306: 310, 307: 666, 308: 428, 309: 750, 310: 512, 311: 58, 312: 296, 313: 114, 314: 352, 315: 128, 316: 366, 317: 792, 318: 554, 319: 778, 320: 540, 321: 722, 322: 484, 323: 156, 324: 394, 325: 708, 326: 470, 327: 156, 328: 394, 329: 694, 330: 456, 331: 764, 332: 526, 333: 142, 334: 380, 335: 652, 336: 414, 337: 764, 338: 526, 339: 100, 340: 338, 341: 128, 342: 366, 343: 680, 344: 442, 345: 16, 346: 254, 347: 764, 348: 526, 349: 156, 350: 394, 351: 114, 352: 352, 353: 44, 354: 282, 355: 778, 356: 540, 357: 792, 358: 554, 359: 736, 360: 498, 361: 30, 362: 268, 363: 708, 364: 470, 365: 58, 366: 296, 367: 736, 368: 498, 369: 778, 370: 540, 371: 778, 372: 540, 373: 778, 374: 540, 375: 30, 376: 268, 377: 128, 378: 366, 379: 58, 380: 296, 381: 44, 382: 282, 383: 736, 384: 498, 385: 652, 386: 414, 387: 30, 388: 268, 389: 764, 390: 526, 391: 778, 392: 540, 393: 86, 394: 324, 395: 156, 396: 394, 397: 778, 398: 540, 399: 764, 400: 526}
Number of lables used:  44
Time taken: 0.84 seconds
Memory used: 49.41 MB
--------------------------------------------------

Trying with at most 43 labels...
Solution:
{1: 764, 2: 526, 3: 792, 4: 554, 5: 114, 6: 352, 7: 778, 8: 540, 9: 652, 10: 414, 11: 652, 12: 414, 13: 72, 14: 310, 15: 778, 16: 540, 17: 792, 18: 554, 19: 792, 20: 554, 21: 16, 22: 254, 23: 16, 24: 254, 25: 142, 26: 380, 27: 156, 28: 394, 29: 680, 30: 442, 31: 652, 32: 414, 33: 652, 34: 414, 35: 666, 36: 428, 37: 778, 38: 540, 39: 30, 40: 268, 41: 114, 42: 352, 43: 736, 44: 498, 45: 86, 46: 324, 47: 750, 48: 512, 49: 142, 50: 380, 51: 736, 52: 498, 53: 114, 54: 352, 55: 156, 56: 394, 57: 16, 58: 254, 59: 666, 60: 428, 61: 142, 62: 380, 63: 128, 64: 366, 65: 792, 66: 554, 67: 722, 68: 484, 69: 666, 70: 428, 71: 114, 72: 352, 73: 778, 74: 540, 75: 526, 76: 764, 77: 156, 78: 394, 79: 58, 80: 296, 81: 114, 82: 352, 83: 16, 84: 254, 85: 58, 86: 296, 87: 30, 88: 268, 89: 16, 90: 254, 91: 792, 92: 554, 93: 792, 94: 554, 95: 156, 96: 394, 97: 142, 98: 380, 99: 666, 100: 428, 101: 792, 102: 554, 103: 16, 104: 254, 105: 86, 106: 324, 107: 156, 108: 394, 109: 72, 110: 310, 111: 156, 112: 394, 113: 16, 114: 254, 115: 142, 116: 380, 117: 792, 118: 554, 119: 86, 120: 324, 121: 792, 122: 554, 123: 58, 124: 296, 125: 86, 126: 324, 127: 16, 128: 254, 129: 778, 130: 540, 131: 58, 132: 296, 133: 30, 134: 268, 135: 694, 136: 456, 137: 100, 138: 338, 139: 652, 140: 414, 141: 100, 142: 338, 143: 736, 144: 498, 145: 30, 146: 268, 147: 16, 148: 254, 149: 764, 150: 526, 151: 750, 152: 512, 153: 694, 154: 456, 155: 156, 156: 394, 157: 554, 158: 792, 159: 86, 160: 324, 161: 680, 162: 442, 163: 16, 164: 254, 165: 750, 166: 512, 167: 764, 168: 526, 169: 156, 170: 394, 171: 156, 172: 394, 173: 128, 174: 366, 175: 100, 176: 338, 177: 792, 178: 554, 179: 708, 180: 470, 181: 58, 182: 296, 183: 16, 184: 254, 185: 86, 186: 324, 187: 792, 188: 554, 189: 16, 190: 254, 191: 128, 192: 366, 193: 680, 194: 442, 195: 750, 196: 512, 197: 30, 198: 268, 199: 666, 200: 428, 201: 708, 202: 470, 203: 30, 204: 268, 205: 58, 206: 296, 207: 722, 208: 484, 209: 666, 210: 428, 211: 142, 212: 380, 213: 114, 214: 352, 215: 114, 216: 352, 217: 694, 218: 456, 219: 652, 220: 414, 221: 792, 222: 554, 223: 128, 224: 366, 225: 128, 226: 366, 227: 680, 228: 442, 229: 764, 230: 526, 231: 778, 232: 540, 233: 708, 234: 470, 235: 114, 236: 352, 237: 778, 238: 540, 239: 722, 240: 484, 241: 16, 242: 254, 243: 750, 244: 512, 245: 680, 246: 442, 247: 736, 248: 498, 249: 30, 250: 268, 251: 30, 252: 268, 253: 750, 254: 512, 255: 652, 256: 414, 257: 86, 258: 324, 259: 114, 260: 352, 261: 792, 262: 554, 263: 30, 264: 268, 265: 100, 266: 338, 267: 156, 268: 394, 269: 652, 270: 414, 271: 750, 272: 512, 273: 86, 274: 324, 275: 156, 276: 394, 277: 722, 278: 484, 279: 16, 280: 254, 281: 156, 282: 394, 283: 708, 284: 470, 285: 750, 286: 512, 287: 652, 288: 414, 289: 736, 290: 498, 291: 652, 292: 414, 293: 142, 294: 380, 295: 792, 296: 554, 297: 694, 298: 456, 299: 30, 300: 268, 301: 694, 302: 456, 303: 722, 304: 484, 305: 72, 306: 310, 307: 666, 308: 428, 309: 30, 310: 268, 311: 58, 312: 296, 313: 708, 314: 470, 315: 128, 316: 366, 317: 16, 318: 254, 319: 16, 320: 254, 321: 722, 322: 484, 323: 652, 324: 414, 325: 722, 326: 484, 327: 156, 328: 394, 329: 708, 330: 470, 331: 30, 332: 268, 333: 708, 334: 470, 335: 666, 336: 428, 337: 58, 338: 296, 339: 100, 340: 338, 341: 128, 342: 366, 343: 680, 344: 442, 345: 792, 346: 554, 347: 778, 348: 540, 349: 156, 350: 394, 351: 778, 352: 540, 353: 750, 354: 512, 355: 30, 356: 268, 357: 792, 358: 554, 359: 736, 360: 498, 361: 764, 362: 526, 363: 722, 364: 484, 365: 736, 366: 498, 367: 736, 368: 498, 369: 792, 370: 554, 371: 778, 372: 540, 373: 778, 374: 540, 375: 764, 376: 526, 377: 128, 378: 366, 379: 736, 380: 498, 381: 764, 382: 526, 383: 736, 384: 498, 385: 142, 386: 380, 387: 708, 388: 470, 389: 778, 390: 540, 391: 792, 392: 554, 393: 652, 394: 414, 395: 652, 396: 414, 397: 792, 398: 554, 399: 778, 400: 540}
Number of lables used:  42
--------------------------------------------------

Trying with at most 41 labels...
Solution:
{1: 58, 2: 296, 3: 30, 4: 268, 5: 114, 6: 352, 7: 44, 8: 282, 9: 156, 10: 394, 11: 156, 12: 394, 13: 128, 14: 366, 15: 114, 16: 352, 17: 16, 18: 254, 19: 156, 20: 394, 21: 16, 22: 254, 23: 72, 24: 310, 25: 680, 26: 442, 27: 72, 28: 310, 29: 128, 30: 366, 31: 694, 32: 456, 33: 666, 34: 428, 35: 128, 36: 366, 37: 16, 38: 254, 39: 100, 40: 338, 41: 554, 42: 792, 43: 44, 44: 282, 45: 680, 46: 442, 47: 764, 48: 526, 49: 86, 50: 324, 51: 792, 52: 554, 53: 114, 54: 352, 55: 142, 56: 380, 57: 16, 58: 254, 59: 72, 60: 310, 61: 666, 62: 428, 63: 764, 64: 526, 65: 30, 66: 268, 67: 58, 68: 296, 69: 142, 70: 380, 71: 114, 72: 352, 73: 764, 74: 526, 75: 792, 76: 554, 77: 156, 78: 394, 79: 58, 80: 296, 81: 114, 82: 352, 83: 16, 84: 254, 85: 58, 86: 296, 87: 30, 88: 268, 89: 16, 90: 254, 91: 16, 92: 254, 93: 680, 94: 442, 95: 156, 96: 394, 97: 652, 98: 414, 99: 366, 100: 128, 101: 16, 102: 254, 103: 16, 104: 254, 105: 86, 106: 324, 107: 156, 108: 394, 109: 694, 110: 456, 111: 156, 112: 394, 113: 114, 114: 352, 115: 142, 116: 380, 117: 16, 118: 254, 119: 680, 120: 442, 121: 100, 122: 338, 123: 128, 124: 366, 125: 156, 126: 394, 127: 16, 128: 254, 129: 44, 130: 282, 131: 58, 132: 296, 133: 30, 134: 268, 135: 100, 136: 338, 137: 792, 138: 554, 139: 156, 140: 394, 141: 156, 142: 394, 143: 792, 144: 554, 145: 30, 146: 268, 147: 16, 148: 254, 149: 44, 150: 282, 151: 58, 152: 296, 153: 16, 154: 254, 155: 156, 156: 394, 157: 156, 158: 394, 159: 484, 160: 722, 161: 680, 162: 442, 163: 44, 164: 282, 165: 58, 166: 296, 167: 44, 168: 282, 169: 156, 170: 394, 171: 156, 172: 394, 173: 764, 174: 526, 175: 792, 176: 554, 177: 792, 178: 554, 179: 100, 180: 338, 181: 58, 182: 296, 183: 16, 184: 254, 185: 86, 186: 324, 187: 30, 188: 268, 189: 16, 190: 254, 191: 694, 192: 456, 193: 666, 194: 428, 195: 736, 196: 498, 197: 764, 198: 526, 199: 694, 200: 456, 201: 100, 202: 338, 203: 30, 204: 268, 205: 58, 206: 296, 207: 86, 208: 324, 209: 72, 210: 310, 211: 142, 212: 380, 213: 114, 214: 352, 215: 694, 216: 456, 217: 114, 218: 352, 219: 156, 220: 394, 221: 764, 222: 526, 223: 792, 224: 554, 225: 128, 226: 366, 227: 666, 228: 428, 229: 44, 230: 282, 231: 30, 232: 268, 233: 694, 234: 456, 235: 680, 236: 442, 237: 44, 238: 282, 239: 86, 240: 324, 241: 16, 242: 254, 243: 58, 244: 296, 245: 694, 246: 456, 247: 72, 248: 310, 249: 764, 250: 526, 251: 156, 252: 394, 253: 58, 254: 296, 255: 156, 256: 394, 257: 86, 258: 324, 259: 114, 260: 352, 261: 16, 262: 254, 263: 30, 264: 268, 265: 100, 266: 338, 267: 156, 268: 394, 269: 736, 270: 498, 271: 58, 272: 296, 273: 86, 274: 324, 275: 666, 276: 428, 277: 86, 278: 324, 279: 16, 280: 254, 281: 554, 282: 792, 283: 100, 284: 338, 285: 58, 286: 296, 287: 792, 288: 554, 289: 72, 290: 310, 291: 156, 292: 394, 293: 142, 294: 380, 295: 16, 296: 254, 297: 680, 298: 442, 299: 30, 300: 268, 301: 694, 302: 456, 303: 694, 304: 456, 305: 792, 306: 554, 307: 652, 308: 414, 309: 44, 310: 282, 311: 58, 312: 296, 313: 526, 314: 764, 315: 764, 316: 526, 317: 792, 318: 554, 319: 16, 320: 254, 321: 86, 322: 324, 323: 680, 324: 442, 325: 86, 326: 324, 327: 156, 328: 394, 329: 694, 330: 456, 331: 30, 332: 268, 333: 680, 334: 442, 335: 142, 336: 380, 337: 58, 338: 296, 339: 694, 340: 456, 341: 680, 342: 442, 343: 680, 344: 442, 345: 792, 346: 554, 347: 30, 348: 268, 349: 792, 350: 554, 351: 30, 352: 268, 353: 58, 354: 296, 355: 30, 356: 268, 357: 16, 358: 254, 359: 72, 360: 310, 361: 44, 362: 282, 363: 86, 364: 324, 365: 72, 366: 310, 367: 72, 368: 310, 369: 792, 370: 554, 371: 30, 372: 268, 373: 764, 374: 526, 375: 44, 376: 282, 377: 128, 378: 366, 379: 722, 380: 484, 381: 764, 382: 526, 383: 72, 384: 310, 385: 792, 386: 554, 387: 100, 388: 338, 389: 30, 390: 268, 391: 16, 392: 254, 393: 652, 394: 414, 395: 156, 396: 394, 397: 16, 398: 254, 399: 30, 400: 268}
Number of lables used:  38
Time taken: 1.19 seconds
Memory used: 45.97 MB
--------------------------------------------------

Trying with at most 37 labels...
Solution:
{1: 58, 2: 296, 3: 30, 4: 268, 5: 114, 6: 352, 7: 44, 8: 282, 9: 156, 10: 394, 11: 156, 12: 394, 13: 128, 14: 366, 15: 114, 16: 352, 17: 16, 18: 254, 19: 156, 20: 394, 21: 16, 22: 254, 23: 72, 24: 310, 25: 142, 26: 380, 27: 72, 28: 310, 29: 128, 30: 366, 31: 58, 32: 296, 33: 142, 34: 380, 35: 128, 36: 366, 37: 16, 38: 254, 39: 100, 40: 338, 41: 114, 42: 352, 43: 44, 44: 282, 45: 142, 46: 380, 47: 44, 48: 282, 49: 86, 50: 324, 51: 58, 52: 296, 53: 114, 54: 352, 55: 142, 56: 380, 57: 16, 58: 254, 59: 72, 60: 310, 61: 128, 62: 366, 63: 128, 64: 366, 65: 30, 66: 268, 67: 58, 68: 296, 69: 142, 70: 380, 71: 114, 72: 352, 73: 44, 74: 282, 75: 156, 76: 394, 77: 156, 78: 394, 79: 58, 80: 296, 81: 114, 82: 352, 83: 16, 84: 254, 85: 58, 86: 296, 87: 30, 88: 268, 89: 16, 90: 254, 91: 16, 92: 254, 93: 114, 94: 352, 95: 156, 96: 394, 97: 142, 98: 380, 99: 142, 100: 380, 101: 16, 102: 254, 103: 16, 104: 254, 105: 86, 106: 324, 107: 156, 108: 394, 109: 128, 110: 366, 111: 156, 112: 394, 113: 114, 114: 352, 115: 142, 116: 380, 117: 16, 118: 254, 119: 86, 120: 324, 121: 100, 122: 338, 123: 128, 124: 366, 125: 156, 126: 394, 127: 16, 128: 254, 129: 44, 130: 282, 131: 58, 132: 296, 133: 30, 134: 268, 135: 100, 136: 338, 137: 100, 138: 338, 139: 156, 140: 394, 141: 156, 142: 394, 143: 72, 144: 310, 145: 30, 146: 268, 147: 16, 148: 254, 149: 44, 150: 282, 151: 58, 152: 296, 153: 16, 154: 254, 155: 156, 156: 394, 157: 156, 158: 394, 159: 86, 160: 324, 161: 128, 162: 366, 163: 16, 164: 254, 165: 58, 166: 296, 167: 44, 168: 282, 169: 156, 170: 394, 171: 156, 172: 394, 173: 128, 174: 366, 175: 100, 176: 338, 177: 16, 178: 254, 179: 100, 180: 338, 181: 58, 182: 296, 183: 16, 184: 254, 185: 86, 186: 324, 187: 30, 188: 268, 189: 16, 190: 254, 191: 128, 192: 366, 193: 128, 194: 366, 195: 58, 196: 296, 197: 30, 198: 268, 199: 142, 200: 380, 201: 100, 202: 338, 203: 30, 204: 268, 205: 58, 206: 296, 207: 86, 208: 324, 209: 72, 210: 310, 211: 142, 212: 380, 213: 114, 214: 352, 215: 114, 216: 352, 217: 114, 218: 352, 219: 156, 220: 394, 221: 58, 222: 296, 223: 114, 224: 352, 225: 128, 226: 366, 227: 128, 228: 366, 229: 44, 230: 282, 231: 30, 232: 268, 233: 100, 234: 338, 235: 128, 236: 366, 237: 44, 238: 282, 239: 86, 240: 324, 241: 16, 242: 254, 243: 58, 244: 296, 245: 114, 246: 352, 247: 72, 248: 310, 249: 44, 250: 282, 251: 156, 252: 394, 253: 58, 254: 296, 255: 156, 256: 394, 257: 86, 258: 324, 259: 114, 260: 352, 261: 16, 262: 254, 263: 30, 264: 268, 265: 100, 266: 338, 267: 156, 268: 394, 269: 156, 270: 394, 271: 58, 272: 296, 273: 86, 274: 324, 275: 156, 276: 394, 277: 86, 278: 324, 279: 16, 280: 254, 281: 156, 282: 394, 283: 100, 284: 338, 285: 58, 286: 296, 287: 156, 288: 394, 289: 72, 290: 310, 291: 156, 292: 394, 293: 142, 294: 380, 295: 16, 296: 254, 297: 114, 298: 352, 299: 30, 300: 268, 301: 114, 302: 352, 303: 86, 304: 324, 305: 72, 306: 310, 307: 142, 308: 380, 309: 44, 310: 282, 311: 58, 312: 296, 313: 128, 314: 366, 315: 128, 316: 366, 317: 16, 318: 254, 319: 16, 320: 254, 321: 86, 322: 324, 323: 156, 324: 394, 325: 86, 326: 324, 327: 156, 328: 394, 329: 100, 330: 338, 331: 30, 332: 268, 333: 142, 334: 380, 335: 142, 336: 380, 337: 58, 338: 296, 339: 100, 340: 338, 341: 128, 342: 366, 343: 128, 344: 366, 345: 16, 346: 254, 347: 30, 348: 268, 349: 156, 350: 394, 351: 30, 352: 268, 353: 58, 354: 296, 355: 30, 356: 268, 357: 16, 358: 254, 359: 72, 360: 310, 361: 44, 362: 282, 363: 86, 364: 324, 365: 72, 366: 310, 367: 72, 368: 310, 369: 16, 370: 254, 371: 30, 372: 268, 373: 30, 374: 268, 375: 44, 376: 282, 377: 128, 378: 366, 379: 72, 380: 310, 381: 44, 382: 282, 383: 72, 384: 310, 385: 142, 386: 380, 387: 100, 388: 338, 389: 30, 390: 268, 391: 16, 392: 254, 393: 156, 394: 394, 395: 156, 396: 394, 397: 16, 398: 254, 399: 30, 400: 268}
Number of lables used:  22
Time taken: 1.42 seconds
Memory used: 46.32 MB
--------------------------------------------------

Trying with at most 21 labels...
[runlim] sample:		10.00 time, 10.01 real, 68 MB, 1.05 load
Cannot find solution.
No more solutions found.
Optimal number of labels used:  22
Time taken: 11.85 seconds
Memory used: 51.99 MB
[runlim] end:			Wed Mar 25 20:59:23 2026
[runlim] status:		ok
[runlim] result:		0
[runlim] children:		1
[runlim] processes:		2
[runlim] real:			11.89 seconds
[runlim] time:			11.80 seconds
[runlim] space:			74 MB
[runlim] load:			1.06 maximum
[runlim] samples:		119
