[runlim] version:		2.0.0rc12
[runlim] host:			ap-Precision-7550
[runlim] time limit:		311040000 seconds
[runlim] real time limit:	600 seconds
[runlim] space limit:		14000 MB
[runlim] argv[0]:		python3
[runlim] argv[1]:		-u
[runlim] argv[2]:		remain.py
[runlim] argv[3]:		TUD200.3
[runlim] argv[4]:		nsc
[runlim] argv[5]:		cadical195
[runlim] start:			Wed Mar 25 21:00:28 2026
[runlim] child:			21663
Solve first problem:
Solution:
{1: 526, 2: 764, 3: 442, 4: 680, 5: 414, 6: 652, 7: 352, 8: 114, 9: 442, 10: 680, 11: 142, 12: 380, 13: 16, 14: 254, 15: 86, 16: 324, 17: 408, 18: 170, 19: 708, 20: 470, 21: 526, 22: 764, 23: 778, 24: 540, 25: 282, 26: 44, 27: 58, 28: 296, 29: 394, 30: 156, 31: 366, 32: 128, 33: 456, 34: 694, 35: 694, 36: 456, 37: 156, 38: 394, 39: 142, 40: 380, 41: 86, 42: 324, 43: 540, 44: 778, 45: 484, 46: 722, 47: 282, 48: 44, 49: 554, 50: 792, 51: 428, 52: 666, 53: 470, 54: 708, 55: 394, 56: 156, 57: 708, 58: 470, 59: 100, 60: 338, 61: 324, 62: 86, 63: 156, 64: 394, 65: 680, 66: 442, 67: 456, 68: 694, 69: 114, 70: 352, 71: 512, 72: 750, 73: 142, 74: 380, 75: 442, 76: 680, 77: 156, 78: 394, 79: 142, 80: 380, 81: 554, 82: 792, 83: 512, 84: 750, 85: 526, 86: 764, 87: 652, 88: 414, 89: 44, 90: 282, 91: 554, 92: 792, 93: 58, 94: 296, 95: 30, 96: 268, 97: 478, 98: 240, 99: 478, 100: 240, 101: 666, 102: 428, 103: 484, 104: 722, 105: 498, 106: 736, 107: 554, 108: 792, 109: 394, 110: 156, 111: 540, 112: 778, 113: 86, 114: 324, 115: 142, 116: 380, 117: 100, 118: 338, 119: 72, 120: 310, 121: 380, 122: 142, 123: 512, 124: 750, 125: 764, 126: 526, 127: 736, 128: 498, 129: 456, 130: 694, 131: 240, 132: 478, 133: 498, 134: 736, 135: 554, 136: 792, 137: 652, 138: 414, 139: 554, 140: 792, 141: 498, 142: 736, 143: 512, 144: 750, 145: 86, 146: 324, 147: 694, 148: 456, 149: 428, 150: 666, 151: 792, 152: 554, 153: 156, 154: 394, 155: 394, 156: 156, 157: 540, 158: 778, 159: 512, 160: 750, 161: 554, 162: 792, 163: 554, 164: 792, 165: 394, 166: 156, 167: 428, 168: 666, 169: 498, 170: 736, 171: 554, 172: 792, 173: 442, 174: 680, 175: 470, 176: 708, 177: 428, 178: 666, 179: 170, 180: 408, 181: 792, 182: 554, 183: 498, 184: 736, 185: 484, 186: 722, 187: 792, 188: 554, 189: 498, 190: 736, 191: 540, 192: 778, 193: 484, 194: 722, 195: 72, 196: 310, 197: 526, 198: 764, 199: 554, 200: 792}
Number of lables used:  48
Time taken: 0.31 seconds
Memory used: 29.70 MB
--------------------------------------------------

Trying with at most 47 labels...
Solution:
{1: 526, 2: 764, 3: 442, 4: 680, 5: 414, 6: 652, 7: 352, 8: 114, 9: 442, 10: 680, 11: 142, 12: 380, 13: 16, 14: 254, 15: 86, 16: 324, 17: 408, 18: 170, 19: 708, 20: 470, 21: 526, 22: 764, 23: 778, 24: 540, 25: 282, 26: 44, 27: 58, 28: 296, 29: 394, 30: 156, 31: 366, 32: 128, 33: 456, 34: 694, 35: 694, 36: 456, 37: 128, 38: 366, 39: 142, 40: 380, 41: 86, 42: 324, 43: 540, 44: 778, 45: 484, 46: 722, 47: 282, 48: 44, 49: 380, 50: 142, 51: 428, 52: 666, 53: 470, 54: 708, 55: 394, 56: 156, 57: 708, 58: 470, 59: 100, 60: 338, 61: 324, 62: 86, 63: 156, 64: 394, 65: 680, 66: 442, 67: 456, 68: 694, 69: 114, 70: 352, 71: 512, 72: 750, 73: 142, 74: 380, 75: 442, 76: 680, 77: 156, 78: 394, 79: 142, 80: 380, 81: 58, 82: 296, 83: 512, 84: 750, 85: 540, 86: 778, 87: 652, 88: 414, 89: 254, 90: 16, 91: 456, 92: 694, 93: 58, 94: 296, 95: 30, 96: 268, 97: 478, 98: 240, 99: 478, 100: 240, 101: 666, 102: 428, 103: 484, 104: 722, 105: 498, 106: 736, 107: 526, 108: 764, 109: 394, 110: 156, 111: 540, 112: 778, 113: 86, 114: 324, 115: 142, 116: 380, 117: 100, 118: 338, 119: 44, 120: 282, 121: 380, 122: 142, 123: 512, 124: 750, 125: 764, 126: 526, 127: 540, 128: 778, 129: 456, 130: 694, 131: 240, 132: 478, 133: 498, 134: 736, 135: 470, 136: 708, 137: 268, 138: 30, 139: 652, 140: 414, 141: 498, 142: 736, 143: 484, 144: 722, 145: 86, 146: 324, 147: 498, 148: 736, 149: 86, 150: 324, 151: 414, 152: 652, 153: 100, 154: 338, 155: 394, 156: 156, 157: 540, 158: 778, 159: 512, 160: 750, 161: 778, 162: 540, 163: 470, 164: 708, 165: 366, 166: 128, 167: 414, 168: 652, 169: 778, 170: 540, 171: 526, 172: 764, 173: 442, 174: 680, 175: 442, 176: 680, 177: 72, 178: 310, 179: 170, 180: 408, 181: 778, 182: 540, 183: 778, 184: 540, 185: 484, 186: 722, 187: 484, 188: 722, 189: 764, 190: 526, 191: 540, 192: 778, 193: 470, 194: 708, 195: 72, 196: 310, 197: 540, 198: 778, 199: 512, 200: 750}
Number of lables used:  46
--------------------------------------------------

Trying with at most 45 labels...
Solution:
{1: 142, 2: 380, 3: 708, 4: 470, 5: 86, 6: 324, 7: 254, 8: 16, 9: 86, 10: 324, 11: 170, 12: 408, 13: 380, 14: 142, 15: 58, 16: 296, 17: 240, 18: 478, 19: 694, 20: 456, 21: 484, 22: 722, 23: 666, 24: 428, 25: 484, 26: 722, 27: 666, 28: 428, 29: 352, 30: 114, 31: 366, 32: 128, 33: 428, 34: 666, 35: 498, 36: 736, 37: 156, 38: 394, 39: 680, 40: 442, 41: 268, 42: 30, 43: 512, 44: 750, 45: 456, 46: 694, 47: 282, 48: 44, 49: 142, 50: 380, 51: 750, 52: 512, 53: 428, 54: 666, 55: 338, 56: 100, 57: 680, 58: 442, 59: 58, 60: 296, 61: 16, 62: 254, 63: 722, 64: 484, 65: 652, 66: 414, 67: 414, 68: 652, 69: 86, 70: 324, 71: 456, 72: 694, 73: 366, 74: 128, 75: 156, 76: 394, 77: 156, 78: 394, 79: 100, 80: 338, 81: 498, 82: 736, 83: 428, 84: 666, 85: 512, 86: 750, 87: 352, 88: 114, 89: 254, 90: 16, 91: 142, 92: 380, 93: 394, 94: 156, 95: 498, 96: 736, 97: 478, 98: 240, 99: 170, 100: 408, 101: 456, 102: 694, 103: 414, 104: 652, 105: 142, 106: 380, 107: 58, 108: 296, 109: 394, 110: 156, 111: 498, 112: 736, 113: 30, 114: 268, 115: 142, 116: 380, 117: 86, 118: 324, 119: 428, 120: 666, 121: 240, 122: 478, 123: 484, 124: 722, 125: 114, 126: 352, 127: 512, 128: 750, 129: 750, 130: 512, 131: 408, 132: 170, 133: 456, 134: 694, 135: 428, 136: 666, 137: 142, 138: 380, 139: 58, 140: 296, 141: 470, 142: 708, 143: 512, 144: 750, 145: 156, 146: 394, 147: 394, 148: 156, 149: 680, 150: 442, 151: 470, 152: 708, 153: 156, 154: 394, 155: 380, 156: 142, 157: 512, 158: 750, 159: 442, 160: 680, 161: 512, 162: 750, 163: 484, 164: 722, 165: 338, 166: 100, 167: 156, 168: 394, 169: 750, 170: 512, 171: 380, 172: 142, 173: 456, 174: 694, 175: 442, 176: 680, 177: 414, 178: 652, 179: 240, 180: 478, 181: 30, 182: 268, 183: 512, 184: 750, 185: 442, 186: 680, 187: 456, 188: 694, 189: 470, 190: 708, 191: 512, 192: 750, 193: 414, 194: 652, 195: 30, 196: 268, 197: 484, 198: 722, 199: 512, 200: 750}
Number of lables used:  40
Time taken: 0.44 seconds
Memory used: 30.88 MB
--------------------------------------------------

Trying with at most 39 labels...
Solution:
{1: 442, 2: 680, 3: 708, 4: 470, 5: 666, 6: 428, 7: 470, 8: 708, 9: 142, 10: 380, 11: 170, 12: 408, 13: 16, 14: 254, 15: 86, 16: 324, 17: 240, 18: 478, 19: 30, 20: 268, 21: 58, 22: 296, 23: 282, 24: 44, 25: 296, 26: 58, 27: 708, 28: 470, 29: 44, 30: 282, 31: 470, 32: 708, 33: 338, 34: 100, 35: 128, 36: 366, 37: 100, 38: 338, 39: 694, 40: 456, 41: 16, 42: 254, 43: 428, 44: 666, 45: 156, 46: 394, 47: 708, 48: 470, 49: 414, 50: 652, 51: 324, 52: 86, 53: 442, 54: 680, 55: 72, 56: 310, 57: 142, 58: 380, 59: 394, 60: 156, 61: 30, 62: 268, 63: 428, 64: 666, 65: 666, 66: 428, 67: 470, 68: 708, 69: 86, 70: 324, 71: 366, 72: 128, 73: 296, 74: 58, 75: 142, 76: 380, 77: 128, 78: 366, 79: 694, 80: 456, 81: 414, 82: 652, 83: 428, 84: 666, 85: 352, 86: 114, 87: 296, 88: 58, 89: 456, 90: 694, 91: 128, 92: 366, 93: 394, 94: 156, 95: 86, 96: 324, 97: 408, 98: 170, 99: 170, 100: 408, 101: 694, 102: 456, 103: 708, 104: 470, 105: 352, 106: 114, 107: 394, 108: 156, 109: 324, 110: 86, 111: 428, 112: 666, 113: 16, 114: 254, 115: 16, 116: 254, 117: 282, 118: 44, 119: 142, 120: 380, 121: 240, 122: 478, 123: 680, 124: 442, 125: 114, 126: 352, 127: 708, 128: 470, 129: 428, 130: 666, 131: 142, 132: 380, 133: 100, 134: 338, 135: 44, 136: 282, 137: 470, 138: 708, 139: 708, 140: 470, 141: 428, 142: 666, 143: 394, 144: 156, 145: 708, 146: 470, 147: 16, 148: 254, 149: 114, 150: 352, 151: 666, 152: 428, 153: 268, 154: 30, 155: 366, 156: 128, 157: 708, 158: 470, 159: 456, 160: 694, 161: 44, 162: 282, 163: 414, 164: 652, 165: 44, 166: 282, 167: 16, 168: 254, 169: 100, 170: 338, 171: 352, 172: 114, 173: 30, 174: 268, 175: 428, 176: 666, 177: 156, 178: 394, 179: 478, 180: 240, 181: 86, 182: 324, 183: 86, 184: 324, 185: 414, 186: 652, 187: 16, 188: 254, 189: 428, 190: 666, 191: 708, 192: 470, 193: 114, 194: 352, 195: 428, 196: 666, 197: 394, 198: 156, 199: 428, 200: 666}
Number of lables used:  36
Time taken: 0.55 seconds
Memory used: 31.35 MB
--------------------------------------------------

Trying with at most 35 labels...
Solution:
{1: 114, 2: 352, 3: 114, 4: 352, 5: 16, 6: 254, 7: 114, 8: 352, 9: 114, 10: 352, 11: 380, 12: 142, 13: 114, 14: 352, 15: 268, 16: 30, 17: 240, 18: 478, 19: 44, 20: 282, 21: 58, 22: 296, 23: 128, 24: 366, 25: 414, 26: 652, 27: 708, 28: 470, 29: 142, 30: 380, 31: 470, 32: 708, 33: 128, 34: 366, 35: 114, 36: 352, 37: 268, 38: 30, 39: 86, 40: 324, 41: 380, 42: 142, 43: 442, 44: 680, 45: 708, 46: 470, 47: 708, 48: 470, 49: 680, 50: 442, 51: 44, 52: 282, 53: 708, 54: 470, 55: 128, 56: 366, 57: 86, 58: 324, 59: 142, 60: 380, 61: 324, 62: 86, 63: 254, 64: 16, 65: 652, 66: 414, 67: 708, 68: 470, 69: 30, 70: 268, 71: 652, 72: 414, 73: 652, 74: 414, 75: 282, 76: 44, 77: 128, 78: 366, 79: 680, 80: 442, 81: 708, 82: 470, 83: 100, 84: 338, 85: 338, 86: 100, 87: 680, 88: 442, 89: 414, 90: 652, 91: 708, 92: 470, 93: 470, 94: 708, 95: 86, 96: 324, 97: 478, 98: 240, 99: 142, 100: 380, 101: 652, 102: 414, 103: 268, 104: 30, 105: 114, 106: 352, 107: 86, 108: 324, 109: 338, 110: 100, 111: 44, 112: 282, 113: 58, 114: 296, 115: 16, 116: 254, 117: 268, 118: 30, 119: 142, 120: 380, 121: 240, 122: 478, 123: 680, 124: 442, 125: 442, 126: 680, 127: 708, 128: 470, 129: 30, 130: 268, 131: 380, 132: 142, 133: 44, 134: 282, 135: 652, 136: 414, 137: 470, 138: 708, 139: 142, 140: 380, 141: 380, 142: 142, 143: 72, 144: 310, 145: 44, 146: 282, 147: 16, 148: 254, 149: 142, 150: 380, 151: 652, 152: 414, 153: 30, 154: 268, 155: 442, 156: 680, 157: 708, 158: 470, 159: 100, 160: 338, 161: 44, 162: 282, 163: 652, 164: 414, 165: 72, 166: 310, 167: 16, 168: 254, 169: 324, 170: 86, 171: 708, 172: 470, 173: 128, 174: 366, 175: 142, 176: 380, 177: 86, 178: 324, 179: 142, 180: 380, 181: 652, 182: 414, 183: 708, 184: 470, 185: 44, 186: 282, 187: 142, 188: 380, 189: 142, 190: 380, 191: 680, 192: 442, 193: 142, 194: 380, 195: 414, 196: 652, 197: 338, 198: 100, 199: 652, 200: 414}
Number of lables used:  28
Time taken: 0.67 seconds
Memory used: 31.43 MB
--------------------------------------------------

Trying with at most 27 labels...
Solution:
{1: 666, 2: 428, 3: 58, 4: 296, 5: 666, 6: 428, 7: 680, 8: 442, 9: 142, 10: 380, 11: 170, 12: 408, 13: 142, 14: 380, 15: 58, 16: 296, 17: 142, 18: 380, 19: 296, 20: 58, 21: 58, 22: 296, 23: 694, 24: 456, 25: 296, 26: 58, 27: 750, 28: 512, 29: 114, 30: 352, 31: 512, 32: 750, 33: 142, 34: 380, 35: 352, 36: 114, 37: 114, 38: 352, 39: 142, 40: 380, 41: 114, 42: 352, 43: 428, 44: 666, 45: 114, 46: 352, 47: 708, 48: 470, 49: 792, 50: 554, 51: 58, 52: 296, 53: 666, 54: 428, 55: 750, 56: 512, 57: 708, 58: 470, 59: 708, 60: 470, 61: 254, 62: 16, 63: 428, 64: 666, 65: 792, 66: 554, 67: 708, 68: 470, 69: 58, 70: 296, 71: 750, 72: 512, 73: 792, 74: 554, 75: 750, 76: 512, 77: 114, 78: 352, 79: 58, 80: 296, 81: 792, 82: 554, 83: 394, 84: 156, 85: 380, 86: 142, 87: 58, 88: 296, 89: 428, 90: 666, 91: 792, 92: 554, 93: 58, 94: 296, 95: 708, 96: 470, 97: 240, 98: 478, 99: 478, 100: 240, 101: 750, 102: 512, 103: 750, 104: 512, 105: 16, 106: 254, 107: 708, 108: 470, 109: 428, 110: 666, 111: 142, 112: 380, 113: 708, 114: 470, 115: 16, 116: 254, 117: 296, 118: 58, 119: 666, 120: 428, 121: 380, 122: 142, 123: 792, 124: 554, 125: 666, 126: 428, 127: 792, 128: 554, 129: 114, 130: 352, 131: 170, 132: 408, 133: 694, 134: 456, 135: 750, 136: 512, 137: 142, 138: 380, 139: 750, 140: 512, 141: 666, 142: 428, 143: 58, 144: 296, 145: 456, 146: 694, 147: 16, 148: 254, 149: 114, 150: 352, 151: 750, 152: 512, 153: 156, 154: 394, 155: 708, 156: 470, 157: 142, 158: 380, 159: 792, 160: 554, 161: 694, 162: 456, 163: 428, 164: 666, 165: 142, 166: 380, 167: 114, 168: 352, 169: 792, 170: 554, 171: 792, 172: 554, 173: 296, 174: 58, 175: 156, 176: 394, 177: 380, 178: 142, 179: 380, 180: 142, 181: 156, 182: 394, 183: 512, 184: 750, 185: 666, 186: 428, 187: 58, 188: 296, 189: 666, 190: 428, 191: 58, 192: 296, 193: 114, 194: 352, 195: 296, 196: 58, 197: 394, 198: 156, 199: 114, 200: 352}
Number of lables used:  26
Time taken: 0.78 seconds
Memory used: 31.44 MB
--------------------------------------------------

Trying with at most 25 labels...
Solution:
{1: 58, 2: 296, 3: 58, 4: 296, 5: 114, 6: 352, 7: 142, 8: 380, 9: 142, 10: 380, 11: 380, 12: 142, 13: 16, 14: 254, 15: 58, 16: 296, 17: 478, 18: 240, 19: 114, 20: 352, 21: 58, 22: 296, 23: 666, 24: 428, 25: 498, 26: 736, 27: 736, 28: 498, 29: 666, 30: 428, 31: 282, 32: 44, 33: 58, 34: 296, 35: 114, 36: 352, 37: 792, 38: 554, 39: 792, 40: 554, 41: 58, 42: 296, 43: 44, 44: 282, 45: 792, 46: 554, 47: 708, 48: 470, 49: 114, 50: 352, 51: 708, 52: 470, 53: 114, 54: 352, 55: 736, 56: 498, 57: 708, 58: 470, 59: 142, 60: 380, 61: 296, 62: 58, 63: 554, 64: 792, 65: 792, 66: 554, 67: 282, 68: 44, 69: 282, 70: 44, 71: 736, 72: 498, 73: 708, 74: 470, 75: 792, 76: 554, 77: 16, 78: 254, 79: 142, 80: 380, 81: 792, 82: 554, 83: 380, 84: 142, 85: 428, 86: 666, 87: 352, 88: 114, 89: 736, 90: 498, 91: 736, 92: 498, 93: 428, 94: 666, 95: 792, 96: 554, 97: 380, 98: 142, 99: 142, 100: 380, 101: 708, 102: 470, 103: 736, 104: 498, 105: 666, 106: 428, 107: 792, 108: 554, 109: 470, 110: 708, 111: 58, 112: 296, 113: 114, 114: 352, 115: 16, 116: 254, 117: 428, 118: 666, 119: 352, 120: 114, 121: 240, 122: 478, 123: 792, 124: 554, 125: 428, 126: 666, 127: 666, 128: 428, 129: 792, 130: 554, 131: 478, 132: 240, 133: 142, 134: 380, 135: 708, 136: 470, 137: 736, 138: 498, 139: 114, 140: 352, 141: 380, 142: 142, 143: 666, 144: 428, 145: 708, 146: 470, 147: 296, 148: 58, 149: 142, 150: 380, 151: 708, 152: 470, 153: 554, 154: 792, 155: 470, 156: 708, 157: 44, 158: 282, 159: 114, 160: 352, 161: 792, 162: 554, 163: 380, 164: 142, 165: 16, 166: 254, 167: 282, 168: 44, 169: 296, 170: 58, 171: 16, 172: 254, 173: 380, 174: 142, 175: 708, 176: 470, 177: 666, 178: 428, 179: 478, 180: 240, 181: 58, 182: 296, 183: 58, 184: 296, 185: 792, 186: 554, 187: 142, 188: 380, 189: 114, 190: 352, 191: 58, 192: 296, 193: 114, 194: 352, 195: 352, 196: 114, 197: 498, 198: 736, 199: 142, 200: 380}
Number of lables used:  20
Time taken: 0.90 seconds
Memory used: 32.46 MB
--------------------------------------------------

Trying with at most 19 labels...
Solution:
{1: 380, 2: 142, 3: 58, 4: 296, 5: 352, 6: 114, 7: 254, 8: 16, 9: 142, 10: 380, 11: 478, 12: 240, 13: 254, 14: 16, 15: 142, 16: 380, 17: 170, 18: 408, 19: 58, 20: 296, 21: 58, 22: 296, 23: 512, 24: 750, 25: 352, 26: 114, 27: 750, 28: 512, 29: 512, 30: 750, 31: 456, 32: 694, 33: 352, 34: 114, 35: 142, 36: 380, 37: 72, 38: 310, 39: 750, 40: 512, 41: 72, 42: 310, 43: 456, 44: 694, 45: 16, 46: 254, 47: 750, 48: 512, 49: 16, 50: 254, 51: 58, 52: 296, 53: 694, 54: 456, 55: 114, 56: 352, 57: 380, 58: 142, 59: 456, 60: 694, 61: 254, 62: 16, 63: 456, 64: 694, 65: 142, 66: 380, 67: 380, 68: 142, 69: 72, 70: 310, 71: 750, 72: 512, 73: 58, 74: 296, 75: 58, 76: 296, 77: 352, 78: 114, 79: 694, 80: 456, 81: 114, 82: 352, 83: 296, 84: 58, 85: 380, 86: 142, 87: 72, 88: 310, 89: 750, 90: 512, 91: 114, 92: 352, 93: 512, 94: 750, 95: 296, 96: 58, 97: 170, 98: 408, 99: 478, 100: 240, 101: 380, 102: 142, 103: 456, 104: 694, 105: 254, 106: 16, 107: 352, 108: 114, 109: 750, 110: 512, 111: 750, 112: 512, 113: 750, 114: 512, 115: 16, 116: 254, 117: 512, 118: 750, 119: 114, 120: 352, 121: 380, 122: 142, 123: 694, 124: 456, 125: 114, 126: 352, 127: 694, 128: 456, 129: 456, 130: 694, 131: 142, 132: 380, 133: 352, 134: 114, 135: 72, 136: 310, 137: 58, 138: 296, 139: 694, 140: 456, 141: 456, 142: 694, 143: 512, 144: 750, 145: 694, 146: 456, 147: 142, 148: 380, 149: 142, 150: 380, 151: 750, 152: 512, 153: 694, 154: 456, 155: 310, 156: 72, 157: 58, 158: 296, 159: 380, 160: 142, 161: 58, 162: 296, 163: 16, 164: 254, 165: 16, 166: 254, 167: 114, 168: 352, 169: 380, 170: 142, 171: 380, 172: 142, 173: 380, 174: 142, 175: 456, 176: 694, 177: 58, 178: 296, 179: 478, 180: 240, 181: 58, 182: 296, 183: 58, 184: 296, 185: 456, 186: 694, 187: 114, 188: 352, 189: 456, 190: 694, 191: 310, 192: 72, 193: 114, 194: 352, 195: 456, 196: 694, 197: 310, 198: 72, 199: 142, 200: 380}
Number of lables used:  18
Time taken: 1.03 seconds
Memory used: 31.91 MB
--------------------------------------------------

Trying with at most 17 labels...
Solution:
{1: 540, 2: 778, 3: 680, 4: 442, 5: 16, 6: 254, 7: 16, 8: 254, 9: 142, 10: 380, 11: 142, 12: 380, 13: 680, 14: 442, 15: 58, 16: 296, 17: 142, 18: 380, 19: 128, 20: 366, 21: 680, 22: 442, 23: 778, 24: 540, 25: 380, 26: 142, 27: 680, 28: 442, 29: 142, 30: 380, 31: 540, 32: 778, 33: 380, 34: 142, 35: 58, 36: 296, 37: 778, 38: 540, 39: 680, 40: 442, 41: 16, 42: 254, 43: 58, 44: 296, 45: 296, 46: 58, 47: 366, 48: 128, 49: 16, 50: 254, 51: 128, 52: 366, 53: 778, 54: 540, 55: 680, 56: 442, 57: 380, 58: 142, 59: 442, 60: 680, 61: 254, 62: 16, 63: 128, 64: 366, 65: 58, 66: 296, 67: 540, 68: 778, 69: 442, 70: 680, 71: 540, 72: 778, 73: 58, 74: 296, 75: 128, 76: 366, 77: 254, 78: 16, 79: 778, 80: 540, 81: 380, 82: 142, 83: 254, 84: 16, 85: 296, 86: 58, 87: 58, 88: 296, 89: 778, 90: 540, 91: 128, 92: 366, 93: 366, 94: 128, 95: 128, 96: 366, 97: 170, 98: 408, 99: 170, 100: 408, 101: 680, 102: 442, 103: 366, 104: 128, 105: 380, 106: 142, 107: 540, 108: 778, 109: 442, 110: 680, 111: 442, 112: 680, 113: 58, 114: 296, 115: 16, 116: 254, 117: 680, 118: 442, 119: 58, 120: 296, 121: 240, 122: 478, 123: 778, 124: 540, 125: 778, 126: 540, 127: 778, 128: 540, 129: 296, 130: 58, 131: 478, 132: 240, 133: 58, 134: 296, 135: 16, 136: 254, 137: 442, 138: 680, 139: 680, 140: 442, 141: 296, 142: 58, 143: 142, 144: 380, 145: 540, 146: 778, 147: 128, 148: 366, 149: 254, 150: 16, 151: 16, 152: 254, 153: 16, 154: 254, 155: 540, 156: 778, 157: 128, 158: 366, 159: 254, 160: 16, 161: 58, 162: 296, 163: 680, 164: 442, 165: 142, 166: 380, 167: 296, 168: 58, 169: 778, 170: 540, 171: 680, 172: 442, 173: 380, 174: 142, 175: 778, 176: 540, 177: 142, 178: 380, 179: 408, 180: 170, 181: 296, 182: 58, 183: 296, 184: 58, 185: 58, 186: 296, 187: 128, 188: 366, 189: 540, 190: 778, 191: 680, 192: 442, 193: 540, 194: 778, 195: 540, 196: 778, 197: 366, 198: 128, 199: 296, 200: 58}
Number of lables used:  16
Time taken: 1.24 seconds
Memory used: 34.52 MB
--------------------------------------------------

Trying with at most 15 labels...
Solution:
{1: 72, 2: 310, 3: 680, 4: 442, 5: 16, 6: 254, 7: 380, 8: 142, 9: 16, 10: 254, 11: 478, 12: 240, 13: 16, 14: 254, 15: 380, 16: 142, 17: 380, 18: 142, 19: 142, 20: 380, 21: 114, 22: 352, 23: 778, 24: 540, 25: 442, 26: 680, 27: 680, 28: 442, 29: 72, 30: 310, 31: 442, 32: 680, 33: 380, 34: 142, 35: 142, 36: 380, 37: 778, 38: 540, 39: 142, 40: 380, 41: 72, 42: 310, 43: 142, 44: 380, 45: 778, 46: 540, 47: 778, 48: 540, 49: 16, 50: 254, 51: 142, 52: 380, 53: 778, 54: 540, 55: 142, 56: 380, 57: 352, 58: 114, 59: 442, 60: 680, 61: 254, 62: 16, 63: 540, 64: 778, 65: 16, 66: 254, 67: 680, 68: 442, 69: 442, 70: 680, 71: 540, 72: 778, 73: 778, 74: 540, 75: 310, 76: 72, 77: 16, 78: 254, 79: 778, 80: 540, 81: 16, 82: 254, 83: 254, 84: 16, 85: 310, 86: 72, 87: 16, 88: 254, 89: 778, 90: 540, 91: 442, 92: 680, 93: 310, 94: 72, 95: 72, 96: 310, 97: 478, 98: 240, 99: 478, 100: 240, 101: 680, 102: 442, 103: 680, 104: 442, 105: 114, 106: 352, 107: 114, 108: 352, 109: 380, 110: 142, 111: 142, 112: 380, 113: 254, 114: 16, 115: 680, 116: 442, 117: 442, 118: 680, 119: 72, 120: 310, 121: 380, 122: 142, 123: 680, 124: 442, 125: 778, 126: 540, 127: 778, 128: 540, 129: 352, 130: 114, 131: 380, 132: 142, 133: 540, 134: 778, 135: 142, 136: 380, 137: 442, 138: 680, 139: 114, 140: 352, 141: 114, 142: 352, 143: 114, 144: 352, 145: 72, 146: 310, 147: 114, 148: 352, 149: 310, 150: 72, 151: 16, 152: 254, 153: 114, 154: 352, 155: 778, 156: 540, 157: 778, 158: 540, 159: 16, 160: 254, 161: 310, 162: 72, 163: 778, 164: 540, 165: 142, 166: 380, 167: 254, 168: 16, 169: 72, 170: 310, 171: 680, 172: 442, 173: 778, 174: 540, 175: 778, 176: 540, 177: 16, 178: 254, 179: 240, 180: 478, 181: 680, 182: 442, 183: 442, 184: 680, 185: 142, 186: 380, 187: 254, 188: 16, 189: 540, 190: 778, 191: 442, 192: 680, 193: 72, 194: 310, 195: 142, 196: 380, 197: 16, 198: 254, 199: 142, 200: 380}
Number of lables used:  14
Time taken: 1.50 seconds
Memory used: 37.05 MB
--------------------------------------------------

Trying with at most 13 labels...
Cannot find solution.
No more solutions found.
Optimal number of labels used:  14
Time taken: 1.77 seconds
Memory used: 37.56 MB
[runlim] end:			Wed Mar 25 21:00:30 2026
[runlim] status:		ok
[runlim] result:		0
[runlim] children:		1
[runlim] processes:		2
[runlim] real:			1.81 seconds
[runlim] time:			1.80 seconds
[runlim] space:			37 MB
[runlim] load:			1.20 maximum
[runlim] samples:		19
