[runlim] version:		2.0.0rc12
[runlim] host:			ap-Precision-7550
[runlim] time limit:		311040000 seconds
[runlim] real time limit:	600 seconds
[runlim] space limit:		14000 MB
[runlim] argv[0]:		python3
[runlim] argv[1]:		cp.py
[runlim] argv[2]:		graph12
[runlim] start:			Mon Mar 23 23:09:59 2026
[runlim] child:			14882
Building CP model...
Solving CP Optimizer...
 ! --------------------------------------------------- CP Optimizer 22.1.1.0 --
 ! Minimization problem - 6918 variables, 175213 constraints
 ! LogVerbosity         = Terse
 ! Initial process time : 0.20s (0.18s extraction + 0.02s propagation)
 !  . Log search space  : 6408.0 (before), 6408.0 (after)
 !  . Memory usage      : 5.1 MB (before), 5.1 MB (after)
 ! Using parallel search with 12 workers.
 ! ----------------------------------------------------------------------------
 !          Best Branches  Non-fixed    W       Branch decision
                        0       6918                 -
 + New bound is 0
 ! ----------------------------------------------------------------------------
 ! Search completed, model has no solution.
 ! Best bound             : 0
 ! ----------------------------------------------------------------------------
 ! Number of branches     : 0
 ! Number of fails        : 0
 ! Total memory usage     : 149.8 MB (148.2 MB CP Optimizer + 1.6 MB Concert)
 ! Time spent in solve    : 0.21s (0.03s engine + 0.18s extraction)
 ! ----------------------------------------------------------------------------
No valid solution: Infeasible
Total time: 3.42s
Memory used: 196.13 MB
[runlim] end:			Mon Mar 23 23:10:03 2026
[runlim] status:		ok
[runlim] result:		0
[runlim] children:		2
[runlim] processes:		3
[runlim] real:			3.89 seconds
[runlim] time:			3.73 seconds
[runlim] space:			381 MB
[runlim] load:			3.42 maximum
[runlim] samples:		39
