[runlim] version:		2.0.0rc12
[runlim] host:			ap-Precision-7550
[runlim] time limit:		311040000 seconds
[runlim] real time limit:	600 seconds
[runlim] space limit:		14000 MB
[runlim] argv[0]:		python3
[runlim] argv[1]:		cp.py
[runlim] argv[2]:		graph07
[runlim] start:			Fri Jun 26 17:20:04 2026
[runlim] child:			8573
Warning: variable 182 has assigned label 716 that is not in the domain 5.
Cannot find solution!
Time taken: 0.00 seconds
Memory used: 70.36 MB
[runlim] end:			Fri Jun 26 17:20:04 2026
[runlim] status:		ok
[runlim] result:		0
[runlim] children:		1
[runlim] processes:		2
[runlim] real:			0.44 seconds
[runlim] time:			1.36 seconds
[runlim] space:			70 MB
[runlim] load:			0.85 maximum
[runlim] samples:		5
