[runlim] version:		2.0.0rc12
[runlim] host:			ap-Precision-7550
[runlim] time limit:		311040000 seconds
[runlim] real time limit:	600 seconds
[runlim] space limit:		14000 MB
[runlim] argv[0]:		python3
[runlim] argv[1]:		cp.py
[runlim] argv[2]:		graph14
[runlim] start:			Mon Mar 23 21:47:02 2026
[runlim] child:			14345
[runlim] sample:		9.99 time, 10.01 real, 490 MB, 4.86 load
Building CP model...
Solving CP Optimizer...
 ! --------------------------------------------------- CP Optimizer 22.1.1.0 --
 ! Minimization problem - 36760 variables, 515693 constraints
 ! Presolve      : 516611 extractables eliminated
 ! LogVerbosity         = Terse
 ! Initial process time : 4.46s (4.44s extraction + 0.02s propagation)
 !  . Log search space  : 36760.0 (before), 36760.0 (after)
 !  . Memory usage      : 90.7 MB (before), 90.7 MB (after)
 ! Using parallel search with 12 workers.
 ! ----------------------------------------------------------------------------
 !          Best Branches  Non-fixed    W       Branch decision
                        0      36760                 -
 + New bound is 0
[runlim] sample:		66.99 time, 20.02 real, 3260 MB, 5.23 load
                        0      36760    1            -
 + New bound is 1
 *            44     1413  18.97s       5      (gap is 97.73%)
[runlim] sample:		151.42 time, 30.02 real, 3369 MB, 5.90 load
[runlim] sample:		236.47 time, 40.01 real, 3386 MB, 6.68 load
[runlim] sample:		317.33 time, 50.01 real, 3411 MB, 7.11 load
[runlim] sample:		386.41 time, 60.01 real, 3445 MB, 6.78 load
[runlim] sample:		440.15 time, 70.02 real, 3523 MB, 6.29 load
 *            36    14817  60.63s       5      (gap is 97.22%)
[runlim] sample:		503.67 time, 80.02 real, 3610 MB, 6.22 load
[runlim] sample:		575.93 time, 90.01 real, 3613 MB, 6.33 load
[runlim] sample:		646.41 time, 100.01 real, 3617 MB, 6.72 load
[runlim] sample:		709.60 time, 110.02 real, 3624 MB, 6.59 load
 *            35    25848  105.88s     12      (gap is 97.14%)
[runlim] sample:		778.16 time, 120.01 real, 3641 MB, 6.25 load
[runlim] sample:		851.60 time, 130.02 real, 3676 MB, 6.75 load
[runlim] sample:		932.32 time, 140.01 real, 3678 MB, 7.01 load
[runlim] sample:		1004.78 time, 150.01 real, 3679 MB, 7.04 load
[runlim] sample:		1077.81 time, 160.01 real, 3689 MB, 6.95 load
 *            34    33534  150.60s     12      (gap is 97.06%)
 *            33    34789  158.22s     12      (gap is 96.97%)
[runlim] sample:		1142.25 time, 170.01 real, 3708 MB, 7.61 load
[runlim] sample:		1204.28 time, 180.01 real, 3717 MB, 7.04 load
 *            32    36041  169.71s     12      (gap is 96.88%)
[runlim] sample:		1274.27 time, 190.02 real, 3719 MB, 7.19 load
[runlim] sample:		1342.80 time, 200.01 real, 3720 MB, 7.09 load
[runlim] sample:		1416.74 time, 210.01 real, 3755 MB, 6.92 load
[runlim] sample:		1485.38 time, 220.01 real, 3757 MB, 6.47 load
[runlim] sample:		1555.13 time, 230.01 real, 3758 MB, 6.40 load
[runlim] sample:		1625.30 time, 240.01 real, 3811 MB, 6.75 load
 *            31    16672  230.54s      8      (gap is 96.77%)
[runlim] sample:		1694.55 time, 250.01 real, 3820 MB, 7.56 load
 *            30    18143  240.25s      8      (gap is 96.67%)
[runlim] sample:		1765.88 time, 260.01 real, 3824 MB, 8.10 load
[runlim] sample:		1831.83 time, 270.01 real, 3827 MB, 8.62 load
[runlim] sample:		1901.36 time, 280.01 real, 3829 MB, 8.67 load
[runlim] sample:		1962.90 time, 290.01 real, 3832 MB, 7.94 load
[runlim] sample:		2020.34 time, 300.01 real, 3833 MB, 7.83 load
 *            28    31316  296.16s      8      (gap is 96.43%)
[runlim] sample:		2082.44 time, 310.01 real, 3844 MB, 7.23 load
 *            27    32775  302.54s      8      (gap is 96.30%)
[runlim] sample:		2134.81 time, 320.01 real, 3863 MB, 6.72 load
[runlim] sample:		2183.85 time, 330.01 real, 3885 MB, 6.54 load
[runlim] sample:		2231.06 time, 340.01 real, 3896 MB, 6.14 load
 *            26    51904  331.11s     10      (gap is 96.15%)
[runlim] sample:		2279.20 time, 350.01 real, 3920 MB, 5.51 load
 *            25    53391  348.12s     10      (gap is 96.00%)
[runlim] sample:		2319.02 time, 360.01 real, 3961 MB, 4.81 load
[runlim] sample:		2364.28 time, 370.01 real, 3980 MB, 5.28 load
 *            24    54255  362.24s     10      (gap is 95.83%)
[runlim] sample:		2423.68 time, 380.01 real, 3982 MB, 5.01 load
[runlim] sample:		2477.41 time, 390.01 real, 3983 MB, 4.68 load
 *            23    55892  382.59s     10      (gap is 95.65%)
[runlim] sample:		2543.27 time, 400.01 real, 3993 MB, 5.21 load
 *            22    42180  395.95s      5      (gap is 95.45%)
 *            21    43662  397.56s      5      (gap is 95.24%)
 *            20    44757  398.40s      5      (gap is 95.00%)
[runlim] sample:		2605.93 time, 410.01 real, 4052 MB, 5.01 load
[runlim] sample:		2640.55 time, 420.01 real, 4054 MB, 5.15 load
[runlim] sample:		2682.26 time, 430.01 real, 4057 MB, 6.13 load
[runlim] sample:		2723.15 time, 440.01 real, 4070 MB, 6.22 load
[runlim] sample:		2768.58 time, 450.01 real, 4078 MB, 5.56 load
[runlim] sample:		2812.72 time, 460.01 real, 4086 MB, 5.45 load
[runlim] sample:		2852.49 time, 470.02 real, 4101 MB, 4.99 load
[runlim] sample:		2901.62 time, 480.02 real, 4118 MB, 4.70 load
 *            19    81738  473.68s      5      (gap is 94.74%)
 ! Time = 473.68s, Average fail depth = 1673, Memory usage = 2.9 GB
 ! Current bound is 1 (gap is 94.74%)
 !          Best Branches  Non-fixed    W       Branch decision
[runlim] sample:		2962.58 time, 490.01 real, 4135 MB, 4.13 load
 *            18     115k  486.95s      4      (gap is 94.44%)
[runlim] sample:		3018.26 time, 500.01 real, 4221 MB, 4.81 load
 *            15     108k  497.96s      9      (gap is 93.33%)
[runlim] sample:		3067.30 time, 510.01 real, 4298 MB, 4.85 load
[runlim] sample:		3119.38 time, 520.01 real, 4328 MB, 4.41 load
[runlim] sample:		3178.59 time, 530.02 real, 4336 MB, 4.75 load
[runlim] sample:		3227.85 time, 540.01 real, 4346 MB, 5.16 load
[runlim] sample:		3283.33 time, 550.01 real, 4365 MB, 5.16 load
[runlim] sample:		3350.02 time, 560.01 real, 4373 MB, 4.75 load
[runlim] sample:		3405.42 time, 570.01 real, 4402 MB, 4.92 load
[runlim] sample:		3456.27 time, 580.01 real, 4407 MB, 5.23 load
[runlim] sample:		3510.43 time, 590.01 real, 4423 MB, 4.80 load
 *            14    77427  583.39s      3      (gap is 92.86%)
[runlim] sample:		3561.92 time, 600.01 real, 4443 MB, 4.75 load
[runlim] end:			Mon Mar 23 21:57:03 2026
[runlim] status:		out of time
[runlim] result:		2
[runlim] children:		2
[runlim] processes:		3
[runlim] real:			601.06 seconds
[runlim] time:			3561.92 seconds
[runlim] space:			4443 MB
[runlim] load:			8.81 maximum
[runlim] samples:		6000
