[runlim] version:		2.0.0rc12
[runlim] host:			ap-Precision-7550
[runlim] time limit:		311040000 seconds
[runlim] real time limit:	600 seconds
[runlim] space limit:		14000 MB
[runlim] argv[0]:		python3
[runlim] argv[1]:		cp.py
[runlim] argv[2]:		scen02
[runlim] start:			Mon Mar 23 22:07:04 2026
[runlim] child:			14449
Building CP model...
Solving CP Optimizer...
 ! --------------------------------------------------- CP Optimizer 22.1.1.0 --
 ! Minimization problem - 8048 variables, 199457 constraints
 ! Presolve      : 199659 extractables eliminated
 ! LogVerbosity         = Terse
 ! Initial process time : 1.56s (1.55s extraction + 0.01s propagation)
 !  . Log search space  : 8048.0 (before), 8048.0 (after)
 !  . Memory usage      : 31.5 MB (before), 31.5 MB (after)
 ! Using parallel search with 12 workers.
 ! ----------------------------------------------------------------------------
 !          Best Branches  Non-fixed    W       Branch decision
                        0       8048                 -
 + New bound is 0
                        0       8048    1            -
 + New bound is 1
 *            44      224  3.12s        3      (gap is 97.73%)
 *            42      458  3.16s        6      (gap is 97.62%)
 *            40     2780  3.53s        6      (gap is 97.50%)
 *            30     2963  3.56s        8      (gap is 96.67%)
 *            29     5396  4.32s       12      (gap is 96.55%)
 *            28     6283  5.10s        8      (gap is 96.43%)
 *            27     8062  5.89s        6      (gap is 96.30%)
[runlim] sample:		42.05 time, 10.01 real, 1434 MB, 5.24 load
 *            26     7465  6.32s        8      (gap is 96.15%)
 *            24    10168  7.72s        8      (gap is 95.83%)
 *            23    10660  8.60s        8      (gap is 95.65%)
 *            22    13108  9.15s        3      (gap is 95.45%)
 *            21    12651  9.80s        5      (gap is 95.24%)
 *            20    18444  10.51s       8      (gap is 95.00%)
 *            19    20612  11.51s       3      (gap is 94.74%)
 *            18    20824  11.53s       6      (gap is 94.44%)
 *            17    24615  12.72s       8      (gap is 94.12%)
 *            16    24751  13.00s       8      (gap is 93.75%)
 *            15    34871  14.66s       1      (gap is 93.33%)
 ! Time = 14.66s, Average fail depth = 976, Memory usage = 974.7 MB
 ! Current bound is 1 (gap is 93.33%)
 !          Best Branches  Non-fixed    W       Branch decision
 *            14    33353  15.38s       9      (gap is 92.86%)
[runlim] sample:		109.78 time, 20.02 real, 1453 MB, 5.87 load
[runlim] sample:		173.09 time, 30.02 real, 1468 MB, 6.28 load
[runlim] sample:		235.41 time, 40.01 real, 1505 MB, 7.31 load
[runlim] sample:		300.89 time, 50.01 real, 1517 MB, 7.15 load
[runlim] sample:		369.25 time, 60.02 real, 1535 MB, 7.14 load
[runlim] sample:		457.40 time, 70.02 real, 1547 MB, 7.36 load
[runlim] sample:		539.47 time, 80.01 real, 1553 MB, 7.27 load
[runlim] sample:		615.46 time, 90.01 real, 1559 MB, 6.90 load
[runlim] sample:		698.29 time, 100.02 real, 1566 MB, 6.43 load
[runlim] sample:		781.60 time, 110.01 real, 1566 MB, 6.77 load
[runlim] sample:		864.04 time, 120.01 real, 1570 MB, 7.01 load
[runlim] sample:		948.83 time, 130.02 real, 1572 MB, 7.78 load
[runlim] sample:		1033.10 time, 140.01 real, 1572 MB, 7.21 load
              14     316k        390    9   F     0 != x_614_296
 + New bound is 2 (gap is 85.71%)
[runlim] sample:		1114.97 time, 150.01 real, 1572 MB, 7.65 load
[runlim] sample:		1196.98 time, 160.01 real, 1572 MB, 8.16 load
[runlim] sample:		1278.17 time, 170.01 real, 1572 MB, 7.91 load
[runlim] sample:		1365.77 time, 180.01 real, 1573 MB, 8.54 load
[runlim] sample:		1450.50 time, 190.02 real, 1573 MB, 9.00 load
[runlim] sample:		1531.47 time, 200.01 real, 1573 MB, 8.57 load
[runlim] sample:		1612.61 time, 210.01 real, 1573 MB, 8.07 load
[runlim] sample:		1695.09 time, 220.02 real, 1573 MB, 8.36 load
[runlim] sample:		1776.33 time, 230.02 real, 1573 MB, 8.10 load
[runlim] sample:		1856.50 time, 240.02 real, 1573 MB, 7.94 load
[runlim] sample:		1930.16 time, 250.01 real, 1573 MB, 7.44 load
[runlim] sample:		2005.31 time, 260.01 real, 1573 MB, 6.82 load
[runlim] sample:		2080.63 time, 270.02 real, 1573 MB, 6.93 load
[runlim] sample:		2156.11 time, 280.01 real, 1573 MB, 7.34 load
[runlim] sample:		2225.78 time, 290.01 real, 1573 MB, 7.00 load
[runlim] sample:		2288.37 time, 300.01 real, 1573 MB, 7.69 load
[runlim] sample:		2347.48 time, 310.01 real, 1573 MB, 6.98 load
[runlim] sample:		2410.20 time, 320.01 real, 1573 MB, 6.87 load
[runlim] sample:		2472.12 time, 330.01 real, 1573 MB, 7.27 load
[runlim] sample:		2524.40 time, 340.01 real, 1574 MB, 6.76 load
[runlim] sample:		2573.45 time, 350.02 real, 1577 MB, 6.04 load
[runlim] sample:		2627.89 time, 360.01 real, 1577 MB, 5.90 load
[runlim] sample:		2677.39 time, 370.01 real, 1577 MB, 5.62 load
[runlim] sample:		2722.35 time, 380.01 real, 1577 MB, 5.38 load
[runlim] sample:		2772.04 time, 390.01 real, 1577 MB, 4.85 load
[runlim] sample:		2811.65 time, 400.01 real, 1577 MB, 4.26 load
[runlim] sample:		2849.53 time, 410.01 real, 1577 MB, 4.57 load
[runlim] sample:		2890.45 time, 420.01 real, 1577 MB, 4.02 load
[runlim] sample:		2963.33 time, 430.01 real, 1577 MB, 4.29 load
[runlim] sample:		3042.37 time, 440.01 real, 1577 MB, 5.18 load
[runlim] sample:		3121.71 time, 450.01 real, 1578 MB, 6.16 load
[runlim] sample:		3204.22 time, 460.01 real, 1579 MB, 6.58 load
[runlim] sample:		3282.38 time, 470.01 real, 1579 MB, 6.61 load
[runlim] sample:		3359.95 time, 480.02 real, 1579 MB, 6.21 load
[runlim] sample:		3435.73 time, 490.01 real, 1579 MB, 6.38 load
[runlim] sample:		3513.94 time, 500.01 real, 1579 MB, 6.87 load
[runlim] sample:		3597.29 time, 510.02 real, 1580 MB, 7.42 load
[runlim] sample:		3674.05 time, 520.01 real, 1580 MB, 7.57 load
[runlim] sample:		3751.19 time, 530.01 real, 1580 MB, 8.11 load
[runlim] sample:		3830.65 time, 540.01 real, 1580 MB, 8.10 load
[runlim] sample:		3908.17 time, 550.01 real, 1581 MB, 8.28 load
[runlim] sample:		3981.76 time, 560.01 real, 1581 MB, 7.16 load
[runlim] sample:		4056.93 time, 570.01 real, 1581 MB, 7.03 load
[runlim] sample:		4133.07 time, 580.02 real, 1582 MB, 7.01 load
[runlim] sample:		4206.32 time, 590.02 real, 1582 MB, 7.16 load
[runlim] sample:		4279.97 time, 600.02 real, 1583 MB, 6.92 load
[runlim] end:			Mon Mar 23 22:17:05 2026
[runlim] status:		out of time
[runlim] result:		2
[runlim] children:		2
[runlim] processes:		3
[runlim] real:			601.07 seconds
[runlim] time:			4279.97 seconds
[runlim] space:			1756 MB
[runlim] load:			9.00 maximum
[runlim] samples:		6000
