[runlim] version:		2.0.0rc12
[runlim] host:			ap-Precision-7550
[runlim] time limit:		311040000 seconds
[runlim] real time limit:	600 seconds
[runlim] space limit:		14000 MB
[runlim] argv[0]:		python3
[runlim] argv[1]:		cp.py
[runlim] argv[2]:		scen01
[runlim] start:			Mon Mar 23 21:57:03 2026
[runlim] child:			14393
[runlim] sample:		9.99 time, 10.01 real, 702 MB, 4.18 load
[runlim] sample:		19.99 time, 20.01 real, 2530 MB, 3.69 load
Building CP model...
Solving CP Optimizer...
 ! --------------------------------------------------- CP Optimizer 22.1.1.0 --
 ! Minimization problem - 36248 variables, 768328 constraints
 ! Presolve      : 769246 extractables eliminated
 ! LogVerbosity         = Terse
 ! Initial process time : 6.48s (6.45s extraction + 0.04s propagation)
 !  . Log search space  : 36248.0 (before), 36248.0 (after)
 !  . Memory usage      : 127.2 MB (before), 127.2 MB (after)
 ! Using parallel search with 12 workers.
 ! ----------------------------------------------------------------------------
 !          Best Branches  Non-fixed    W       Branch decision
                        0      36248                 -
 + New bound is 0
[runlim] sample:		104.09 time, 30.01 real, 4215 MB, 4.31 load
                        0      36248    1            -
 + New bound is 1
 *            48     1912  22.46s       5      (gap is 97.92%)
[runlim] sample:		196.11 time, 40.02 real, 4361 MB, 4.81 load
[runlim] sample:		279.44 time, 50.01 real, 4379 MB, 5.53 load
[runlim] sample:		355.70 time, 60.01 real, 4406 MB, 5.91 load
[runlim] sample:		410.81 time, 70.01 real, 4437 MB, 6.33 load
[runlim] sample:		470.63 time, 80.01 real, 4470 MB, 6.43 load
[runlim] sample:		536.73 time, 90.01 real, 4495 MB, 6.75 load
[runlim] sample:		606.85 time, 100.01 real, 4500 MB, 6.96 load
[runlim] sample:		676.97 time, 110.01 real, 4506 MB, 6.95 load
[runlim] sample:		741.66 time, 120.02 real, 4508 MB, 6.88 load
[runlim] sample:		811.11 time, 130.01 real, 4526 MB, 6.97 load
[runlim] sample:		889.17 time, 140.01 real, 4552 MB, 6.98 load
 *            44    28640  125.50s      5      (gap is 97.73%)
[runlim] sample:		960.44 time, 150.01 real, 4555 MB, 6.36 load
[runlim] sample:		1032.43 time, 160.01 real, 4558 MB, 6.68 load
[runlim] sample:		1094.82 time, 170.01 real, 4587 MB, 6.57 load
 *            43    34984  156.67s      5      (gap is 97.67%)
[runlim] sample:		1153.88 time, 180.01 real, 4601 MB, 6.26 load
 *            41    36281  166.33s      5      (gap is 97.56%)
[runlim] sample:		1230.52 time, 190.01 real, 4615 MB, 6.38 load
 *            40    37749  177.75s      5      (gap is 97.50%)
[runlim] sample:		1304.95 time, 200.01 real, 4617 MB, 6.71 load
[runlim] sample:		1373.63 time, 210.01 real, 4622 MB, 6.75 load
[runlim] sample:		1442.21 time, 220.01 real, 4640 MB, 6.96 load
[runlim] sample:		1510.62 time, 230.01 real, 4643 MB, 6.95 load
[runlim] sample:		1570.50 time, 240.02 real, 4649 MB, 7.41 load
 *            39    48743  227.83s      5      (gap is 97.44%)
[runlim] sample:		1619.35 time, 250.02 real, 4697 MB, 6.80 load
[runlim] sample:		1673.14 time, 260.02 real, 4720 MB, 6.05 load
[runlim] sample:		1710.55 time, 270.01 real, 4762 MB, 5.83 load
[runlim] sample:		1745.10 time, 280.01 real, 4767 MB, 5.25 load
[runlim] sample:		1790.19 time, 290.01 real, 4814 MB, 5.15 load
[runlim] sample:		1831.83 time, 300.01 real, 4813 MB, 4.96 load
 *            38    67525  294.29s     12      (gap is 97.37%)
[runlim] sample:		1872.55 time, 310.01 real, 4867 MB, 4.59 load
[runlim] sample:		1929.10 time, 320.01 real, 4876 MB, 4.82 load
 *            30    62264  311.04s      4      (gap is 96.67%)
[runlim] sample:		1968.45 time, 330.01 real, 4932 MB, 4.30 load
[runlim] sample:		2015.91 time, 340.01 real, 4942 MB, 4.04 load
[runlim] sample:		2055.88 time, 350.01 real, 4989 MB, 3.88 load
[runlim] sample:		2101.01 time, 360.01 real, 4997 MB, 3.67 load
[runlim] sample:		2140.62 time, 370.01 real, 5000 MB, 3.78 load
[runlim] sample:		2181.60 time, 380.01 real, 5001 MB, 3.82 load
[runlim] sample:		2228.70 time, 390.01 real, 5021 MB, 3.70 load
 *            29    71256  375.07s     12      (gap is 96.55%)
[runlim] sample:		2275.96 time, 400.01 real, 5027 MB, 3.88 load
[runlim] sample:		2320.22 time, 410.01 real, 5031 MB, 3.67 load
[runlim] sample:		2363.87 time, 420.01 real, 5038 MB, 3.80 load
[runlim] sample:		2402.76 time, 430.01 real, 5045 MB, 4.08 load
 *            28    92565  416.37s      9      (gap is 96.43%)
[runlim] sample:		2443.13 time, 440.01 real, 5123 MB, 3.75 load
[runlim] sample:		2489.48 time, 450.01 real, 5124 MB, 3.72 load
 *            27    98201  437.17s      9      (gap is 96.30%)
[runlim] sample:		2531.13 time, 460.01 real, 5188 MB, 3.77 load
 *            25    98254  448.87s      1      (gap is 96.00%)
[runlim] sample:		2583.87 time, 470.01 real, 5213 MB, 3.64 load
[runlim] sample:		2638.42 time, 480.01 real, 5221 MB, 4.23 load
[runlim] sample:		2693.84 time, 490.01 real, 5229 MB, 4.87 load
[runlim] sample:		2746.80 time, 500.01 real, 5234 MB, 5.17 load
[runlim] sample:		2804.32 time, 510.01 real, 5240 MB, 5.54 load
[runlim] sample:		2862.66 time, 520.01 real, 5256 MB, 5.40 load
[runlim] sample:		2906.07 time, 530.01 real, 5277 MB, 5.18 load
[runlim] sample:		2948.29 time, 540.01 real, 5292 MB, 5.43 load
[runlim] sample:		2997.15 time, 550.01 real, 5298 MB, 5.53 load
[runlim] sample:		3046.65 time, 560.01 real, 5314 MB, 5.75 load
[runlim] sample:		3092.69 time, 570.01 real, 5330 MB, 5.65 load
[runlim] sample:		3136.00 time, 580.01 real, 5338 MB, 5.92 load
[runlim] sample:		3185.33 time, 590.01 real, 5344 MB, 5.78 load
[runlim] sample:		3222.90 time, 600.01 real, 5443 MB, 5.92 load
[runlim] end:			Mon Mar 23 22:07:04 2026
[runlim] status:		out of time
[runlim] result:		2
[runlim] children:		2
[runlim] processes:		3
[runlim] real:			601.06 seconds
[runlim] time:			3222.90 seconds
[runlim] space:			6288 MB
[runlim] load:			7.41 maximum
[runlim] samples:		6000
