[runlim] version:		2.0.0rc12
[runlim] host:			ap-Precision-7550
[runlim] time limit:		311040000 seconds
[runlim] real time limit:	600 seconds
[runlim] space limit:		14000 MB
[runlim] argv[0]:		python3
[runlim] argv[1]:		cp.py
[runlim] argv[2]:		TUD916.5
[runlim] start:			Tue Mar 24 02:16:06 2026
[runlim] child:			17576
[runlim] sample:		9.99 time, 10.01 real, 575 MB, 2.56 load
[runlim] sample:		19.99 time, 20.01 real, 1128 MB, 2.32 load
[runlim] sample:		29.92 time, 30.01 real, 1978 MB, 2.12 load
[runlim] sample:		39.92 time, 40.01 real, 2158 MB, 2.31 load
[runlim] sample:		49.90 time, 50.01 real, 3067 MB, 2.11 load
[runlim] sample:		59.90 time, 60.01 real, 5033 MB, 1.94 load
[runlim] sample:		69.89 time, 70.01 real, 8362 MB, 1.79 load
Building CP model...
Solving CP Optimizer...
 ! --------------------------------------------------- CP Optimizer 22.1.1.0 --
 ! Minimization problem - 34524 variables, 2643461 constraints
 ! Presolve      : 2644379 extractables eliminated
 ! LogVerbosity         = Terse
 ! Initial process time : 24.05s (23.96s extraction + 0.09s propagation)
 !  . Log search space  : 34524.0 (before), 34524.0 (after)
 !  . Memory usage      : 378.1 MB (before), 378.1 MB (after)
 ! Using parallel search with 12 workers.
 ! ----------------------------------------------------------------------------
 !          Best Branches  Non-fixed    W       Branch decision
                        0      34524                 -
 + New bound is 0
[runlim] sample:		126.35 time, 80.02 real, 12249 MB, 2.55 load
[runlim] end:			Tue Mar 24 02:17:30 2026
[runlim] status:		out of memory
[runlim] result:		3
[runlim] children:		2
[runlim] processes:		3
[runlim] real:			84.66 seconds
[runlim] time:			168.87 seconds
[runlim] space:			14179 MB
[runlim] load:			3.31 maximum
[runlim] samples:		836
