[runlim] version:		2.0.0rc12
[runlim] host:			ap-Precision-7550
[runlim] time limit:		311040000 seconds
[runlim] real time limit:	600 seconds
[runlim] space limit:		14000 MB
[runlim] argv[0]:		python3
[runlim] argv[1]:		-u
[runlim] argv[2]:		mip.py
[runlim] argv[3]:		graph13
[runlim] start:			Tue Mar 10 04:27:01 2026
[runlim] child:			7713
Building MIP model...
[runlim] sample:		9.99 time, 10.01 real, 35 MB, 1.02 load
[runlim] sample:		19.99 time, 20.01 real, 38 MB, 1.01 load
[runlim] sample:		29.98 time, 30.01 real, 40 MB, 1.01 load
[runlim] sample:		39.99 time, 40.01 real, 41 MB, 1.01 load
[runlim] sample:		49.98 time, 50.01 real, 42 MB, 1.01 load
[runlim] sample:		59.98 time, 60.01 real, 42 MB, 1.01 load
[runlim] sample:		69.98 time, 70.01 real, 45 MB, 1.00 load
[runlim] sample:		79.97 time, 80.01 real, 46 MB, 1.00 load
[runlim] sample:		89.96 time, 90.01 real, 47 MB, 1.00 load
[runlim] sample:		99.96 time, 100.01 real, 47 MB, 1.00 load
[runlim] sample:		109.95 time, 110.01 real, 49 MB, 1.00 load
[runlim] sample:		119.95 time, 120.01 real, 49 MB, 1.15 load
[runlim] sample:		129.94 time, 130.01 real, 50 MB, 1.28 load
[runlim] sample:		139.94 time, 140.01 real, 52 MB, 1.31 load
[runlim] sample:		149.93 time, 150.01 real, 53 MB, 1.26 load
[runlim] sample:		159.93 time, 160.01 real, 53 MB, 1.22 load
[runlim] sample:		169.92 time, 170.01 real, 53 MB, 1.19 load
[runlim] sample:		179.92 time, 180.01 real, 56 MB, 1.16 load
[runlim] sample:		189.92 time, 190.01 real, 57 MB, 1.13 load
[runlim] sample:		199.91 time, 200.01 real, 57 MB, 1.26 load
[runlim] sample:		209.91 time, 210.01 real, 58 MB, 1.22 load
[runlim] sample:		219.90 time, 220.01 real, 58 MB, 1.26 load
[runlim] sample:		229.90 time, 230.01 real, 58 MB, 1.22 load
[runlim] sample:		239.89 time, 240.01 real, 62 MB, 1.26 load
[runlim] sample:		249.88 time, 250.01 real, 62 MB, 1.22 load
[runlim] sample:		259.87 time, 260.01 real, 63 MB, 1.26 load
[runlim] sample:		269.87 time, 270.01 real, 63 MB, 1.22 load
[runlim] sample:		279.86 time, 280.01 real, 63 MB, 1.26 load
[runlim] sample:		289.86 time, 290.01 real, 63 MB, 1.22 load
[runlim] sample:		299.85 time, 300.01 real, 63 MB, 1.26 load
[runlim] sample:		309.85 time, 310.01 real, 67 MB, 1.22 load
[runlim] sample:		319.85 time, 320.01 real, 68 MB, 1.26 load
[runlim] sample:		329.84 time, 330.01 real, 69 MB, 1.22 load
[runlim] sample:		339.83 time, 340.01 real, 69 MB, 1.19 load
[runlim] sample:		349.83 time, 350.01 real, 69 MB, 1.16 load
[runlim] sample:		359.82 time, 360.01 real, 70 MB, 1.13 load
[runlim] sample:		369.82 time, 370.01 real, 70 MB, 1.11 load
[runlim] sample:		379.81 time, 380.01 real, 70 MB, 1.09 load
[runlim] sample:		389.81 time, 390.01 real, 70 MB, 1.08 load
[runlim] sample:		399.80 time, 400.01 real, 70 MB, 1.07 load
[runlim] sample:		409.79 time, 410.01 real, 75 MB, 1.06 load
[runlim] sample:		419.80 time, 420.01 real, 76 MB, 1.05 load
[runlim] sample:		429.79 time, 430.01 real, 76 MB, 1.04 load
[runlim] sample:		439.79 time, 440.01 real, 77 MB, 1.03 load
[runlim] sample:		449.78 time, 450.01 real, 77 MB, 1.03 load
[runlim] sample:		459.78 time, 460.01 real, 77 MB, 1.02 load
[runlim] sample:		469.77 time, 470.01 real, 77 MB, 1.02 load
[runlim] sample:		479.77 time, 480.01 real, 78 MB, 1.02 load
[runlim] sample:		489.76 time, 490.01 real, 78 MB, 1.01 load
[runlim] sample:		499.76 time, 500.01 real, 78 MB, 1.01 load
[runlim] sample:		509.75 time, 510.01 real, 78 MB, 1.01 load
[runlim] sample:		519.75 time, 520.01 real, 78 MB, 1.01 load
[runlim] sample:		529.74 time, 530.01 real, 83 MB, 1.00 load
Build time: 531.35s
Solving MIP (minimizing number of labels)...
Version identifier: 22.1.1.0 | 2022-11-28 | 9160aff4d
CPXPARAM_Read_DataCheck                          1
Legacy callback                                  i
Infeasibility row 'c357':  0  = 1.
Presolve time = 0.23 sec. (132.79 ticks)

Root node processing (before b&c):
  Real time             =    0.27 sec. (186.75 ticks)
Parallel b&c, 12 threads:
  Real time             =    0.00 sec. (0.00 ticks)
  Sync time (average)   =    0.00 sec.
  Wait time (average)   =    0.00 sec.
                          ------------
Total (root+branch&cut) =    0.27 sec. (186.75 ticks)
CPLEX Error  1217: No solution exists.
No solution found.
Total time: 531.92s
Memory used: 92.27 MB
[runlim] end:			Tue Mar 10 04:35:53 2026
[runlim] status:		ok
[runlim] result:		0
[runlim] children:		1
[runlim] processes:		2
[runlim] real:			531.97 seconds
[runlim] time:			531.64 seconds
[runlim] space:			222 MB
[runlim] load:			1.34 maximum
[runlim] samples:		5320
