[runlim] version:		2.0.0rc12
[runlim] host:			ap-Precision-7550
[runlim] time limit:		311040000 seconds
[runlim] real time limit:	600 seconds
[runlim] space limit:		14000 MB
[runlim] argv[0]:		python3
[runlim] argv[1]:		-u
[runlim] argv[2]:		mip.py
[runlim] argv[3]:		TUD916.2
[runlim] start:			Tue Mar 10 05:02:59 2026
[runlim] child:			8009
Building MIP model...
[runlim] sample:		9.99 time, 10.01 real, 33 MB, 2.16 load
[runlim] sample:		19.98 time, 20.01 real, 35 MB, 1.98 load
[runlim] sample:		29.98 time, 30.01 real, 37 MB, 1.83 load
[runlim] sample:		39.98 time, 40.01 real, 38 MB, 1.70 load
[runlim] sample:		49.97 time, 50.01 real, 40 MB, 1.59 load
[runlim] sample:		59.97 time, 60.01 real, 42 MB, 1.50 load
[runlim] sample:		69.96 time, 70.01 real, 44 MB, 1.42 load
[runlim] sample:		79.96 time, 80.01 real, 44 MB, 1.36 load
[runlim] sample:		89.95 time, 90.01 real, 47 MB, 1.30 load
[runlim] sample:		99.93 time, 100.01 real, 47 MB, 1.26 load
[runlim] sample:		109.91 time, 110.01 real, 48 MB, 1.22 load
[runlim] sample:		119.90 time, 120.01 real, 51 MB, 1.18 load
Build time: 121.35s
Solving MIP (minimizing number of labels)...
Version identifier: 22.1.1.0 | 2022-11-28 | 9160aff4d
CPXPARAM_Read_DataCheck                          1
Legacy callback                                  i
Tried aggregator 2 times.
MIP Presolve eliminated 498344 rows and 14763 columns.
MIP Presolve modified 35192 coefficients.
Aggregator did 1087 substitutions.
Reduced MIP has 184 rows, 84 columns, and 571 nonzeros.
Reduced MIP has 84 binaries, 0 generals, 0 SOSs, and 0 indicators.
Presolve time = 0.30 sec. (505.07 ticks)
Found incumbent of value 48.000000 after 0.32 sec. (529.95 ticks)

Root node processing (before b&c):
  Real time             =    0.32 sec. (530.44 ticks)
Parallel b&c, 12 threads:
  Real time             =    0.00 sec. (0.00 ticks)
  Sync time (average)   =    0.00 sec.
  Wait time (average)   =    0.00 sec.
                          ------------
Total (root+branch&cut) =    0.32 sec. (530.44 ticks)
Solution :
{100, 338, 750, 512, 100, 338, 170, 408, 792, 554, 114, 352, 142, 380, 764, 526, 736, 498, 778, 540, 722, 484, 666, 428, 778, 540, 736, 498, 708, 470, 156, 394, 16, 254, 652, 414, 792, 554, 792, 554, 736, 498, 666, 428, 764, 526, 16, 254, 142, 380, 58, 296, 16, 254, 170, 408, 792, 554, 128, 366, 694, 456, 240, 478, 142, 380, 16, 254, 792, 554, 16, 254, 16, 254, 750, 512, 86, 324, 30, 268, 722, 484, 16, 254, 750, 512, 16, 254, 722, 484, 114, 352, 156, 394, 778, 540, 16, 254, 240, 478, 652, 414, 44, 282, 680, 442, 16, 254, 58, 296, 86, 324, 72, 310, 792, 554, 16, 254, 114, 352, 16, 254, 142, 380, 792, 554, 652, 414, 100, 338, 778, 540, 708, 470, 16, 254, 16, 254, 736, 498, 100, 338, 750, 512, 240, 478, 666, 428, 142, 380, 694, 456, 16, 254, 652, 414, 100, 338, 652, 414, 764, 526, 72, 310, 30, 268, 792, 554, 792, 554, 694, 456, 694, 456, 156, 394, 156, 394, 666, 428, 708, 470, 694, 456, 170, 408, 792, 554, 694, 456, 86, 324, 128, 366, 240, 478, 72, 310, 58, 296, 30, 268, 792, 554, 680, 442, 764, 526, 240, 478, 86, 324, 44, 282, 792, 554, 736, 498, 156, 394, 114, 352, 16, 254, 170, 408, 16, 254, 792, 554, 16, 254, 170, 408, 666, 428, 736, 498, 16, 254, 100, 338, 268, 30, 792, 554, 128, 366, 666, 428, 240, 478, 680, 442, 708, 470, 16, 254, 142, 380, 114, 352, 680, 442, 30, 268, 142, 380, 792, 554, 86, 324, 170, 408, 708, 470, 792, 554, 30, 268, 484, 722, 100, 338, 792, 554, 764, 526, 708, 470, 170, 408, 666, 428, 16, 254, 58, 296, 156, 394, 792, 554, 44, 282, 778, 540, 58, 296, 100, 338, 16, 254, 58, 296, 44, 282, 156, 394, 708, 470, 792, 554, 16, 254, 240, 478, 666, 428, 652, 414, 114, 352, 694, 456, 170, 408, 44, 282, 792, 554, 170, 408, 100, 338, 778, 540, 170, 408, 694, 456, 708, 470, 792, 554, 58, 296, 792, 554, 736, 498, 380, 142, 44, 282, 86, 324, 792, 554, 156, 394, 16, 254, 792, 554, 666, 428, 114, 352, 16, 254, 128, 366, 44, 282, 170, 408, 722, 484, 792, 554, 128, 366, 792, 554, 750, 512, 16, 254, 792, 554, 30, 268, 666, 428, 142, 380, 156, 394, 142, 380, 170, 408, 16, 254, 792, 554, 792, 554, 44, 282, 100, 338, 16, 254, 792, 554, 240, 478, 708, 470, 16, 254, 240, 478, 44, 282, 708, 470, 680, 442, 778, 540, 128, 366, 792, 554, 666, 428, 792, 554, 16, 254, 792, 554, 792, 554, 722, 484, 764, 526, 128, 366, 16, 254, 156, 394, 128, 366, 792, 554, 652, 414, 16, 254, 240, 478, 16, 254, 58, 296, 114, 352, 764, 526, 792, 554, 708, 470, 240, 478, 666, 428, 16, 254, 44, 282, 16, 254, 722, 484, 156, 394, 30, 268, 30, 268, 142, 380, 764, 526, 694, 456, 750, 512, 680, 442, 86, 324, 58, 296, 708, 470, 680, 442, 680, 442, 694, 456, 114, 352, 240, 478, 58, 296, 16, 254, 30, 268, 240, 478, 44, 282, 30, 268, 16, 254, 72, 310, 792, 554, 694, 456, 16, 254, 100, 338, 72, 310, 16, 254, 156, 394, 100, 338, 16, 254, 58, 296, 86, 324, 792, 554, 750, 512, 72, 310, 778, 540, 16, 254, 722, 484, 156, 394, 156, 394, 778, 540, 666, 428, 680, 442, 142, 380, 72, 310, 708, 470, 736, 498, 16, 254, 128, 366, 722, 484, 16, 254, 750, 512, 722, 484, 30, 268, 694, 456, 778, 540, 666, 428, 114, 352, 778, 540, 100, 338, 100, 338, 16, 254, 240, 478, 16, 254, 722, 484, 30, 268, 16, 254, 44, 282, 142, 380, 86, 324, 170, 408, 114, 352, 128, 366, 100, 338, 722, 484, 114, 352, 128, 366, 170, 408, 86, 324, 142, 380, 100, 338, 680, 442, 652, 414, 778, 540, 240, 478, 680, 442, 666, 428, 30, 268, 666, 428, 722, 484, 792, 554, 708, 470, 792, 554, 764, 526, 16, 254, 44, 282, 652, 414, 792, 554, 666, 428, 240, 478, 792, 554, 100, 338, 792, 554, 680, 442, 156, 394, 128, 366, 240, 478, 652, 414, 170, 408, 72, 310, 666, 428, 792, 554, 156, 394, 708, 470, 86, 324, 16, 254, 694, 456, 764, 526, 736, 498, 652, 414, 30, 268, 764, 526, 736, 498, 142, 380, 666, 428, 736, 498, 652, 414, 128, 366, 58, 296, 128, 366, 16, 254, 16, 254, 142, 380, 778, 540, 708, 470, 72, 310, 680, 442, 764, 526, 680, 442, 778, 540, 750, 512, 58, 296, 750, 512, 792, 554, 268, 30, 680, 442, 652, 414, 792, 554, 142, 380, 58, 296, 240, 478, 764, 526, 792, 554, 666, 428, 44, 282, 722, 484, 680, 442, 792, 554, 764, 526, 44, 282, 44, 282, 72, 310, 170, 408, 86, 324, 680, 442, 170, 408, 30, 268, 694, 456, 778, 540, 142, 380, 792, 554, 86, 324, 680, 442, 142, 380, 778, 540, 16, 254, 16, 254, 30, 268, 736, 498, 750, 512, 30, 268, 58, 296, 750, 512, 142, 380, 16, 254, 72, 310, 170, 408, 170, 408, 750, 512, 114, 352, 764, 526, 792, 554, 16, 254, 792, 554, 778, 540, 694, 456, 142, 380, 680, 442, 750, 512, 680, 442, 778, 540, 16, 254, 240, 478, 44, 282, 708, 470}
Number of labels used: 48
Total time: 121.93s
Memory used: 96.25 MB
[runlim] end:			Tue Mar 10 05:05:01 2026
[runlim] status:		ok
[runlim] result:		0
[runlim] children:		1
[runlim] processes:		2
[runlim] real:			121.98 seconds
[runlim] time:			121.80 seconds
[runlim] space:			116 MB
[runlim] load:			2.37 maximum
[runlim] samples:		1220
