[runlim] version:		2.0.0rc12
[runlim] host:			ap-Precision-7550
[runlim] time limit:		311040000 seconds
[runlim] real time limit:	600 seconds
[runlim] space limit:		14000 MB
[runlim] argv[0]:		python3
[runlim] argv[1]:		cp_no.py
[runlim] argv[2]:		graph07
[runlim] start:			Tue Mar 24 04:09:27 2026
[runlim] child:			18307
Building CP model...
Solving CP Optimizer...
 ! --------------------------------------------------- CP Optimizer 22.1.1.0 --
 ! Minimization problem - 3851 variables, 85782 constraints
 ! LogVerbosity         = Terse
 ! Initial process time : 0.09s (0.09s extraction + 0.00s propagation)
 !  . Log search space  : 3549.0 (before), 3549.0 (after)
 !  . Memory usage      : 2.8 MB (before), 2.8 MB (after)
 ! Using parallel search with 12 workers.
 ! ----------------------------------------------------------------------------
 !          Best Branches  Non-fixed    W       Branch decision
                        0       3851                 -
 + New bound is 0
 ! ----------------------------------------------------------------------------
 ! Search completed, model has no solution.
 ! Best bound             : 0
 ! ----------------------------------------------------------------------------
 ! Number of branches     : 0
 ! Number of fails        : 0
 ! Total memory usage     : 74.5 MB (73.6 MB CP Optimizer + 0.9 MB Concert)
 ! Time spent in solve    : 0.10s (0.01s engine + 0.09s extraction)
 ! ----------------------------------------------------------------------------
No valid solution: Infeasible
Total time: 1.68s
Memory used: 103.95 MB
[runlim] end:			Tue Mar 24 04:09:29 2026
[runlim] status:		ok
[runlim] result:		0
[runlim] children:		2
[runlim] processes:		3
[runlim] real:			1.91 seconds
[runlim] time:			1.76 seconds
[runlim] space:			202 MB
[runlim] load:			5.75 maximum
[runlim] samples:		19
