[runlim] version:		2.0.0rc12
[runlim] host:			ap-Precision-7550
[runlim] time limit:		311040000 seconds
[runlim] real time limit:	600 seconds
[runlim] space limit:		14000 MB
[runlim] argv[0]:		python3
[runlim] argv[1]:		cp_no.py
[runlim] argv[2]:		graph01
[runlim] start:			Tue Mar 24 02:17:30 2026
[runlim] child:			17618
Building CP model...
Solving CP Optimizer...
 ! --------------------------------------------------- CP Optimizer 22.1.1.0 --
 ! Minimization problem - 6968 variables, 82478 constraints
 ! Presolve      : 82680 extractables eliminated
 ! LogVerbosity         = Terse
 ! Initial process time : 0.63s (0.63s extraction + 0.00s propagation)
 !  . Log search space  : 6968.0 (before), 6968.0 (after)
 !  . Memory usage      : 17.1 MB (before), 17.1 MB (after)
 ! Using parallel search with 12 workers.
 ! ----------------------------------------------------------------------------
 !          Best Branches  Non-fixed    W       Branch decision
                        0       6968                 -
 + New bound is 0
                        0       6968    1            -
 + New bound is 1
 *            48      242  1.50s        6      (gap is 97.92%)
 *            47      511  1.51s        6      (gap is 97.87%)
 *            44      799  1.53s        6      (gap is 97.73%)
 *            43     1143  1.84s        6      (gap is 97.67%)
 *            42     1369  1.84s        6      (gap is 97.62%)
 *            37     2904  2.21s       12      (gap is 97.30%)
 *            36     5935  3.31s        6      (gap is 97.22%)
 *            35     8284  4.09s        8      (gap is 97.14%)
 *            34     8551  4.10s        8      (gap is 97.06%)
 *            33     8733  4.50s        3      (gap is 96.97%)
 *            32    13226  5.22s        8      (gap is 96.88%)
 *            31    15061  5.62s       11      (gap is 96.77%)
 *            30    13619  5.80s        5      (gap is 96.67%)
 *            25    16376  5.99s        9      (gap is 96.00%)
 *            24    20277  6.62s        8      (gap is 95.83%)
[runlim] sample:		55.84 time, 10.01 real, 874 MB, 3.28 load
 *            23    31480  8.84s        1      (gap is 95.65%)
 *            22    33467  10.14s       9      (gap is 95.45%)
 *            21    33703  10.17s       9      (gap is 95.24%)
 ! Time = 10.17s, Average fail depth = 553, Memory usage = 565.3 MB
 ! Current bound is 1 (gap is 95.24%)
 !          Best Branches  Non-fixed    W       Branch decision
 *            20    34762  10.46s       9      (gap is 95.00%)
 *            19    57046  18.29s      12      (gap is 94.74%)
[runlim] sample:		128.37 time, 20.01 real, 902 MB, 3.39 load
 *            18    57709  20.08s       4      (gap is 94.44%)
[runlim] sample:		201.87 time, 30.02 real, 929 MB, 3.84 load
[runlim] sample:		276.02 time, 40.01 real, 954 MB, 4.52 load
[runlim] sample:		348.20 time, 50.01 real, 977 MB, 4.96 load
[runlim] sample:		425.25 time, 60.01 real, 996 MB, 5.68 load
[runlim] sample:		507.55 time, 70.01 real, 1001 MB, 6.42 load
[runlim] sample:		591.82 time, 80.01 real, 1007 MB, 7.28 load
[runlim] sample:		679.39 time, 90.02 real, 1010 MB, 8.11 load
[runlim] sample:		764.98 time, 100.02 real, 1020 MB, 8.17 load
[runlim] sample:		851.67 time, 110.01 real, 1026 MB, 8.38 load
[runlim] sample:		936.86 time, 120.01 real, 1028 MB, 8.57 load
[runlim] sample:		1019.47 time, 130.01 real, 1029 MB, 8.25 load
[runlim] sample:		1096.60 time, 140.02 real, 1029 MB, 7.86 load
[runlim] sample:		1175.05 time, 150.01 real, 1030 MB, 7.10 load
[runlim] sample:		1254.58 time, 160.01 real, 1031 MB, 7.48 load
[runlim] sample:		1334.87 time, 170.02 real, 1033 MB, 7.54 load
[runlim] sample:		1419.36 time, 180.01 real, 1033 MB, 7.84 load
              18     425k       2003    1   F     0 != x_170_114
 + New bound is 2 (gap is 88.89%)
              18     514k       4711    7   F     1 != x_24_408
 + New bound is 4 (gap is 77.78%)
[runlim] sample:		1502.95 time, 190.02 real, 1033 MB, 7.92 load
[runlim] sample:		1589.99 time, 200.02 real, 1034 MB, 8.03 load
[runlim] sample:		1673.65 time, 210.01 real, 1034 MB, 8.00 load
[runlim] sample:		1757.78 time, 220.02 real, 1034 MB, 7.90 load
[runlim] sample:		1843.53 time, 230.01 real, 1034 MB, 7.24 load
[runlim] sample:		1925.14 time, 240.02 real, 1034 MB, 7.97 load
[runlim] sample:		2009.34 time, 250.02 real, 1034 MB, 8.08 load
[runlim] sample:		2090.40 time, 260.01 real, 1034 MB, 7.88 load
[runlim] sample:		2167.35 time, 270.01 real, 1034 MB, 7.13 load
[runlim] sample:		2241.77 time, 280.01 real, 1034 MB, 7.64 load
[runlim] sample:		2319.09 time, 290.02 real, 1034 MB, 7.79 load
[runlim] sample:		2400.78 time, 300.02 real, 1035 MB, 7.70 load
[runlim] sample:		2481.56 time, 310.01 real, 1035 MB, 7.56 load
[runlim] sample:		2561.17 time, 320.01 real, 1036 MB, 7.42 load
[runlim] sample:		2645.72 time, 330.01 real, 1036 MB, 7.57 load
[runlim] sample:		2727.36 time, 340.01 real, 1036 MB, 7.81 load
[runlim] sample:		2810.19 time, 350.01 real, 1036 MB, 7.71 load
[runlim] sample:		2894.89 time, 360.01 real, 1036 MB, 8.30 load
[runlim] sample:		2977.51 time, 370.01 real, 1037 MB, 8.42 load
[runlim] sample:		3055.07 time, 380.01 real, 1037 MB, 8.44 load
[runlim] sample:		3134.63 time, 390.02 real, 1037 MB, 8.62 load
[runlim] sample:		3211.95 time, 400.01 real, 1038 MB, 8.61 load
[runlim] sample:		3293.87 time, 410.01 real, 1038 MB, 8.56 load
[runlim] sample:		3363.33 time, 420.01 real, 1038 MB, 8.61 load
[runlim] sample:		3439.87 time, 430.01 real, 1039 MB, 8.65 load
[runlim] sample:		3520.46 time, 440.01 real, 1040 MB, 8.51 load
[runlim] sample:		3603.00 time, 450.01 real, 1041 MB, 8.03 load
[runlim] sample:		3682.37 time, 460.01 real, 1041 MB, 8.35 load
[runlim] sample:		3765.38 time, 470.01 real, 1041 MB, 7.22 load
[runlim] sample:		3843.93 time, 480.01 real, 1041 MB, 6.50 load
[runlim] sample:		3921.93 time, 490.01 real, 1041 MB, 6.39 load
[runlim] sample:		4000.21 time, 500.01 real, 1041 MB, 6.93 load
[runlim] sample:		4079.77 time, 510.01 real, 1041 MB, 7.25 load
[runlim] sample:		4159.01 time, 520.02 real, 1041 MB, 6.66 load
[runlim] sample:		4237.77 time, 530.01 real, 1041 MB, 6.76 load
[runlim] sample:		4315.19 time, 540.02 real, 1042 MB, 7.51 load
[runlim] sample:		4391.23 time, 550.01 real, 1042 MB, 7.66 load
[runlim] sample:		4462.19 time, 560.01 real, 1042 MB, 7.95 load
[runlim] sample:		4538.66 time, 570.01 real, 1042 MB, 8.43 load
[runlim] sample:		4611.14 time, 580.01 real, 1042 MB, 8.66 load
[runlim] sample:		4687.17 time, 590.01 real, 1042 MB, 8.38 load
              18    1512k       6811    4   F     1 != x_24_142
 + New bound is 5 (gap is 72.22%)
[runlim] sample:		4766.14 time, 600.01 real, 1042 MB, 8.05 load
[runlim] end:			Tue Mar 24 02:27:31 2026
[runlim] status:		out of time
[runlim] result:		2
[runlim] children:		2
[runlim] processes:		3
[runlim] real:			601.06 seconds
[runlim] time:			4766.14 seconds
[runlim] space:			1042 MB
[runlim] load:			9.04 maximum
[runlim] samples:		6000
