[runlim] version:		2.0.0rc12
[runlim] host:			ap-Precision-7550
[runlim] time limit:		311040000 seconds
[runlim] real time limit:	600 seconds
[runlim] space limit:		14000 MB
[runlim] argv[0]:		python3
[runlim] argv[1]:		cp_no.py
[runlim] argv[2]:		graph09
[runlim] start:			Tue Mar 24 02:47:33 2026
[runlim] child:			17753
[runlim] sample:		9.98 time, 10.01 real, 576 MB, 5.59 load
Building CP model...
Solving CP Optimizer...
 ! --------------------------------------------------- CP Optimizer 22.1.1.0 --
 ! Minimization problem - 36140 variables, 634831 constraints
 ! Presolve      : 635749 extractables eliminated
 ! LogVerbosity         = Terse
 ! Initial process time : 5.46s (5.44s extraction + 0.03s propagation)
 !  . Log search space  : 36140.0 (before), 36140.0 (after)
 !  . Memory usage      : 116.6 MB (before), 116.6 MB (after)
 ! Using parallel search with 12 workers.
 ! ----------------------------------------------------------------------------
 !          Best Branches  Non-fixed    W       Branch decision
                        0      36140                 -
 + New bound is 0
[runlim] sample:		31.90 time, 20.02 real, 3513 MB, 4.89 load
                        0      36140    1            -
 + New bound is 1
[runlim] sample:		131.54 time, 30.02 real, 3736 MB, 5.34 load
[runlim] sample:		216.26 time, 40.02 real, 3752 MB, 5.22 load
[runlim] sample:		292.84 time, 50.01 real, 3779 MB, 5.67 load
[runlim] sample:		361.77 time, 60.02 real, 3820 MB, 5.48 load
[runlim] sample:		417.00 time, 70.02 real, 3873 MB, 5.64 load
[runlim] sample:		475.89 time, 80.01 real, 3880 MB, 5.77 load
[runlim] sample:		535.11 time, 90.01 real, 3905 MB, 5.74 load
 *            48    13691  81.71s       6      (gap is 97.92%)
[runlim] sample:		598.70 time, 100.01 real, 4075 MB, 6.33 load
[runlim] sample:		672.53 time, 110.02 real, 4097 MB, 6.66 load
[runlim] sample:		755.71 time, 120.02 real, 4099 MB, 6.71 load
[runlim] sample:		839.29 time, 130.01 real, 4118 MB, 7.01 load
 *            44    22051  119.10s     12      (gap is 97.73%)
[runlim] sample:		907.25 time, 140.01 real, 4124 MB, 7.08 load
[runlim] sample:		964.69 time, 150.01 real, 4129 MB, 6.76 load
[runlim] sample:		1037.03 time, 160.01 real, 4141 MB, 6.18 load
[runlim] sample:		1102.78 time, 170.01 real, 4146 MB, 6.60 load
[runlim] sample:		1163.92 time, 180.01 real, 4155 MB, 6.51 load
[runlim] sample:		1220.88 time, 190.01 real, 4158 MB, 6.88 load
[runlim] sample:		1278.11 time, 200.02 real, 4167 MB, 7.17 load
[runlim] sample:		1339.32 time, 210.01 real, 4170 MB, 7.44 load
[runlim] sample:		1399.79 time, 220.01 real, 4173 MB, 7.23 load
[runlim] sample:		1442.17 time, 230.01 real, 4180 MB, 6.71 load
 *            42    48261  225.42s      8      (gap is 97.62%)
[runlim] sample:		1483.08 time, 240.01 real, 4242 MB, 6.06 load
[runlim] sample:		1524.82 time, 250.02 real, 4246 MB, 5.81 load
[runlim] sample:		1579.94 time, 260.01 real, 4249 MB, 5.29 load
[runlim] sample:		1636.47 time, 270.01 real, 4263 MB, 5.49 load
[runlim] sample:		1690.22 time, 280.01 real, 4306 MB, 4.87 load
[runlim] sample:		1749.68 time, 290.01 real, 4311 MB, 4.72 load
[runlim] sample:		1806.66 time, 300.02 real, 4329 MB, 5.12 load
[runlim] sample:		1847.56 time, 310.01 real, 4357 MB, 4.63 load
[runlim] sample:		1891.62 time, 320.01 real, 4363 MB, 4.31 load
[runlim] sample:		1939.32 time, 330.01 real, 4366 MB, 3.96 load
[runlim] sample:		1988.74 time, 340.01 real, 4384 MB, 4.24 load
[runlim] sample:		2030.63 time, 350.01 real, 4388 MB, 4.05 load
[runlim] sample:		2073.28 time, 360.01 real, 4393 MB, 4.03 load
 *            40    71895  352.74s      6      (gap is 97.50%)
[runlim] sample:		2115.89 time, 370.01 real, 4421 MB, 4.02 load
[runlim] sample:		2166.05 time, 380.01 real, 4423 MB, 4.01 load
[runlim] sample:		2217.29 time, 390.02 real, 4428 MB, 4.94 load
[runlim] sample:		2263.74 time, 400.01 real, 4431 MB, 4.93 load
[runlim] sample:		2302.73 time, 410.01 real, 4437 MB, 4.79 load
 *            38     100k  400.41s     12      (gap is 97.37%)
[runlim] sample:		2354.11 time, 420.01 real, 4450 MB, 4.53 load
[runlim] sample:		2405.99 time, 430.01 real, 4451 MB, 4.62 load
 *            32    96778  420.54s      4      (gap is 96.88%)
[runlim] sample:		2458.97 time, 440.01 real, 4492 MB, 4.14 load
[runlim] sample:		2502.14 time, 450.01 real, 4494 MB, 3.73 load
[runlim] sample:		2551.05 time, 460.01 real, 4494 MB, 4.07 load
[runlim] sample:		2606.37 time, 470.01 real, 4495 MB, 4.08 load
[runlim] sample:		2652.67 time, 480.01 real, 4497 MB, 3.83 load
[runlim] sample:		2696.76 time, 490.01 real, 4504 MB, 3.99 load
[runlim] sample:		2740.98 time, 500.01 real, 4508 MB, 3.92 load
[runlim] sample:		2785.53 time, 510.01 real, 4513 MB, 3.84 load
[runlim] sample:		2829.54 time, 520.01 real, 4515 MB, 4.15 load
[runlim] sample:		2870.75 time, 530.01 real, 4521 MB, 4.42 load
[runlim] sample:		2917.99 time, 540.01 real, 4560 MB, 4.66 load
[runlim] sample:		2956.41 time, 550.01 real, 4560 MB, 5.23 load
[runlim] sample:		2998.23 time, 560.02 real, 4563 MB, 5.30 load
[runlim] sample:		3042.83 time, 570.01 real, 4583 MB, 4.94 load
[runlim] sample:		3079.89 time, 580.01 real, 4586 MB, 4.33 load
[runlim] sample:		3135.48 time, 590.01 real, 4595 MB, 4.27 load
[runlim] sample:		3177.37 time, 600.02 real, 4596 MB, 4.72 load
[runlim] end:			Tue Mar 24 02:57:35 2026
[runlim] status:		out of time
[runlim] result:		2
[runlim] children:		2
[runlim] processes:		3
[runlim] real:			601.07 seconds
[runlim] time:			3177.37 seconds
[runlim] space:			5580 MB
[runlim] load:			7.48 maximum
[runlim] samples:		6000
