[runlim] version:		1.10
[runlim] time limit:		311040000 seconds
[runlim] real time limit:	600 seconds
[runlim] space limit:		14000 MB
[runlim] argv[0]:		python3
[runlim] argv[1]:		cp.py
[runlim] argv[2]:		TUD200.5
[runlim] start:			Fri Mar 13 05:43:44 2026
[runlim] main pid:		24665
[runlim] sample:		10.0 time, 10.0 real, 553.0 MB
Building CP model...
Solving CP Optimizer...
 ! --------------------------------------------------- CP Optimizer 22.1.1.0 --
 ! Minimization problem - 7636 variables, 614769 constraints
 ! Presolve      : 614971 extractables eliminated
 ! LogVerbosity         = Terse
 ! Initial process time : 4.92s (4.89s extraction + 0.03s propagation)
 !  . Log search space  : 7636.0 (before), 7636.0 (after)
 !  . Memory usage      : 89.9 MB (before), 89.9 MB (after)
 ! Using parallel search with 12 workers.
 ! ----------------------------------------------------------------------------
 !          Best Branches  Non-fixed    W       Branch decision
                        0       7636                 -
 + New bound is 0
                        0       7636    1            -
 + New bound is 1
                      622       6054    4   F     0 != l_408
 + New bound is 2
[runlim] sample:		58.8 time, 20.0 real, 2920.4 MB
 ! ----------------------------------------------------------------------------
 ! Search completed, model has no solution.
 ! Best bound             : 2
 ! ----------------------------------------------------------------------------
 ! Number of branches     : 100604
 ! Number of fails        : 27942
 ! Total memory usage     : 2.1 GB (2.1 GB CP Optimizer + 0.0 GB Concert)
 ! Time spent in solve    : 10.36s (5.47s engine + 4.89s extraction)
 ! Search speed (br. / s) : 18392.0
 ! ----------------------------------------------------------------------------
No valid solution: Infeasible
Total time: 21.07s
Memory used: 580.49 MB
[runlim] end:			Fri Mar 13 05:44:06 2026
[runlim] status:		ok
[runlim] result:		0
[runlim] children:		169
[runlim] real:			22.34 seconds
[runlim] time:			67.33 seconds
[runlim] space:			5205.8 MB
[runlim] samples:		223
