[runlim] version:		2.0.0rc12
[runlim] host:			ap-Precision-7550
[runlim] time limit:		311040000 seconds
[runlim] real time limit:	600 seconds
[runlim] space limit:		14000 MB
[runlim] argv[0]:		python3
[runlim] argv[1]:		cp_no.py
[runlim] argv[2]:		TUD200.2
[runlim] start:			Tue Mar 24 04:37:14 2026
[runlim] child:			19027
[runlim] sample:		9.99 time, 10.01 real, 650 MB, 7.96 load
Building CP model...
Solving CP Optimizer...
 ! --------------------------------------------------- CP Optimizer 22.1.1.0 --
 ! Minimization problem - 7728 variables, 709870 constraints
 ! Presolve      : 710072 extractables eliminated
 ! LogVerbosity         = Terse
 ! Initial process time : 6.05s (6.04s extraction + 0.02s propagation)
 !  . Log search space  : 7728.0 (before), 7728.0 (after)
 !  . Memory usage      : 97.6 MB (before), 97.6 MB (after)
 ! Using parallel search with 12 workers.
 ! ----------------------------------------------------------------------------
 !          Best Branches  Non-fixed    W       Branch decision
                        0       7728                 -
 + New bound is 0
[runlim] sample:		19.99 time, 20.01 real, 2198 MB, 6.89 load
                        0       7728    1            -
 + New bound is 1
                     1916       4418   11   F     0 != x_50_100
 + New bound is 2
 *            46     5624  11.96s       2      (gap is 95.65%)
              46    15785       2728    2   F     1 != x_119_408
 + New bound is 25 (gap is 45.65%)
              46    15801       2728    2   F     1 != x_119_142
 + New bound is 37 (gap is 19.57%)
[runlim] sample:		99.97 time, 30.01 real, 3366 MB, 7.23 load
              46    15815       2728    2   F     1 != x_119_142
 + New bound is 43 (gap is 6.52%)
              46    15827       2728    2   F     1 != x_119_408
 + New bound is 46 (gap is 0.00%)
 ! ----------------------------------------------------------------------------
 ! Search completed, 1 solution found.
 ! Best objective         : 46 (optimal - effective tol. is 0)
 ! Best bound             : 46
 ! ----------------------------------------------------------------------------
 ! Number of branches     : 173867
 ! Number of fails        : 46295
 ! Total memory usage     : 2.4 GB (2.4 GB CP Optimizer + 0.0 GB Concert)
 ! Time spent in solve    : 16.32s (10.29s engine + 6.04s extraction)
 ! Search speed (br. / s) : 16913.1
 ! ----------------------------------------------------------------------------

FINAL SOLUTION:
{708, 470, 778, 540, 16, 254, 16, 254, 30, 268, 86, 324, 680, 442, 16, 254, 240, 478, 114, 352, 156, 394, 708, 470, 16, 254, 16, 254, 722, 484, 764, 526, 792, 554, 16, 254, 680, 442, 722, 484, 16, 254, 652, 414, 666, 428, 16, 254, 114, 352, 736, 498, 240, 478, 708, 470, 652, 414, 694, 456, 16, 254, 170, 408, 750, 512, 792, 554, 86, 324, 44, 282, 652, 414, 128, 366, 652, 414, 680, 442, 792, 554, 792, 554, 128, 366, 16, 254, 128, 366, 764, 526, 792, 554, 750, 512, 142, 380, 722, 484, 114, 352, 16, 254, 156, 394, 764, 526, 30, 268, 792, 554, 708, 470, 652, 414, 778, 540, 170, 408, 16, 254, 708, 470, 792, 554, 16, 254, 792, 554, 44, 282, 792, 554, 16, 254, 156, 394, 30, 268, 156, 394, 778, 540, 86, 324, 750, 512, 652, 414, 666, 428, 30, 268, 792, 554, 680, 442, 792, 554, 142, 380, 16, 254, 86, 324, 792, 554, 16, 254, 666, 428, 666, 428, 792, 554, 722, 484, 652, 414, 58, 296, 792, 554, 792, 554, 86, 324, 72, 310, 142, 380, 792, 554, 680, 442, 16, 254, 792, 554}
Number of labels used: 46
Total time: 30.25s
Memory used: 695.72 MB
[runlim] end:			Tue Mar 24 04:37:46 2026
[runlim] status:		ok
[runlim] result:		0
[runlim] children:		2
[runlim] processes:		3
[runlim] real:			31.71 seconds
[runlim] time:			101.98 seconds
[runlim] space:			5873 MB
[runlim] load:			9.22 maximum
[runlim] samples:		317
