[runlim] version:		2.0.0rc12
[runlim] host:			ap-Precision-7550
[runlim] time limit:		311040000 seconds
[runlim] real time limit:	600 seconds
[runlim] space limit:		14000 MB
[runlim] argv[0]:		python3
[runlim] argv[1]:		-u
[runlim] argv[2]:		mip.py
[runlim] argv[3]:		TUD200.5
[runlim] start:			Tue Mar 10 04:52:38 2026
[runlim] child:			7953
Building MIP model...
[runlim] sample:		9.98 time, 10.01 real, 31 MB, 1.44 load
Build time: 19.79s
Solving MIP (minimizing number of labels)...
Version identifier: 22.1.1.0 | 2022-11-28 | 9160aff4d
CPXPARAM_Read_DataCheck                          1
Legacy callback                                  i
Infeasibility row 'c91':  0  = 1.
Presolve time = 0.04 sec. (26.10 ticks)

Root node processing (before b&c):
  Real time             =    0.05 sec. (36.72 ticks)
Parallel b&c, 12 threads:
  Real time             =    0.00 sec. (0.00 ticks)
  Sync time (average)   =    0.00 sec.
  Wait time (average)   =    0.00 sec.
                          ------------
Total (root+branch&cut) =    0.05 sec. (36.72 ticks)
CPLEX Error  1217: No solution exists.
No solution found.
Total time: 19.92s
Memory used: 38.37 MB
[runlim] sample:		19.87 time, 19.97 real, 0 MB, 1.37 load
[runlim] end:			Tue Mar 10 04:52:58 2026
[runlim] status:		ok
[runlim] result:		0
[runlim] children:		1
[runlim] processes:		2
[runlim] real:			19.97 seconds
[runlim] time:			19.87 seconds
[runlim] space:			44 MB
[runlim] load:			1.52 maximum
[runlim] samples:		200
