[runlim] version:		2.0.0rc12
[runlim] host:			ap-Precision-7550
[runlim] time limit:		311040000 seconds
[runlim] real time limit:	600 seconds
[runlim] space limit:		14000 MB
[runlim] argv[0]:		python3
[runlim] argv[1]:		-u
[runlim] argv[2]:		pairwise_no_preprocessing.py
[runlim] argv[3]:		graph03
[runlim] argv[4]:		tot
[runlim] argv[5]:		assumptions
[runlim] argv[6]:		cadical195
[runlim] argv[7]:		6
[runlim] argv[8]:		card
[runlim] argv[9]:		6
[runlim] start:			Sat Jun 27 12:45:55 2026
[runlim] child:			24786
Exactly-one cardinality encoding:  6
Distance constraint mode:  card
Distance cardinality encoding:  6
Objective strategy:  tot
SAT type:  assumptions
Solver:  cadical195
Number of assignment variables:  7820
Number of clauses for exactly one constraints:  195506
Number of clauses for distance constraints:  6901767
---------------------------------------------------
Solve first problem:
Solution:
{1: 100, 2: 338, 3: 142, 4: 380, 5: 142, 6: 380, 7: 142, 8: 380, 9: 652, 10: 414, 11: 736, 12: 498, 13: 58, 14: 296, 15: 114, 16: 352, 17: 114, 18: 352, 19: 778, 20: 540, 21: 16, 22: 254, 23: 86, 24: 324, 25: 100, 26: 338, 27: 100, 28: 338, 29: 114, 30: 352, 31: 128, 32: 366, 33: 750, 34: 512, 35: 142, 36: 380, 37: 72, 38: 310, 39: 16, 40: 254, 41: 778, 42: 540, 43: 680, 44: 442, 45: 58, 46: 296, 47: 86, 48: 324, 49: 30, 50: 268, 51: 666, 52: 428, 53: 142, 54: 380, 55: 44, 56: 282, 57: 86, 58: 324, 59: 114, 60: 352, 61: 778, 62: 540, 63: 16, 64: 254, 65: 58, 66: 296, 67: 100, 68: 338, 69: 764, 70: 526, 71: 652, 72: 414, 73: 142, 74: 380, 75: 58, 76: 296, 77: 44, 78: 282, 79: 16, 80: 254, 81: 694, 82: 456, 83: 30, 84: 268, 85: 16, 86: 254, 87: 16, 88: 254, 89: 722, 90: 484, 91: 16, 92: 254, 93: 30, 94: 268, 95: 142, 96: 380, 97: 30, 98: 268, 99: 44, 100: 282, 101: 16, 102: 254, 103: 142, 104: 380, 105: 86, 106: 324, 107: 666, 108: 428, 109: 142, 110: 380, 111: 16, 112: 254, 113: 16, 114: 254, 115: 58, 116: 296, 117: 142, 118: 380, 119: 44, 120: 282, 121: 114, 122: 352, 123: 16, 124: 254, 125: 142, 126: 380, 127: 72, 128: 310, 129: 114, 130: 352, 131: 652, 132: 414, 133: 694, 134: 456, 135: 142, 136: 380, 137: 114, 138: 352, 139: 680, 140: 442, 141: 680, 142: 442, 143: 708, 144: 470, 145: 30, 146: 268, 147: 72, 148: 310, 149: 736, 150: 498, 151: 44, 152: 282, 153: 750, 154: 512, 155: 86, 156: 324, 157: 16, 158: 254, 159: 58, 160: 296, 161: 694, 162: 456, 163: 114, 164: 352, 165: 86, 166: 324, 167: 16, 168: 254, 169: 128, 170: 366, 171: 128, 172: 366, 173: 44, 174: 282, 175: 100, 176: 338, 177: 44, 178: 282, 179: 72, 180: 310, 181: 666, 182: 428, 183: 86, 184: 324, 185: 142, 186: 380, 187: 764, 188: 526, 189: 30, 190: 268, 191: 778, 192: 540, 193: 722, 194: 484, 195: 30, 196: 268, 197: 666, 198: 428, 199: 30, 200: 268}
Number of lables used:  40
Total time: 6.56 seconds
Memory used: 1496.47 MB
--------------------------------------------------
Number of label variables:  48
Number of clauses for label constraints:  7817
Number of clauses for cardinality constraints:  1364
Initial variable count:  2210005
Initial clause count:  5250239
--------------------------------------------------

Trying with at most 39 labels...
Solution:
{1: 100, 2: 338, 3: 142, 4: 380, 5: 142, 6: 380, 7: 142, 8: 380, 9: 708, 10: 470, 11: 722, 12: 484, 13: 58, 14: 296, 15: 114, 16: 352, 17: 114, 18: 352, 19: 58, 20: 296, 21: 16, 22: 254, 23: 86, 24: 324, 25: 100, 26: 338, 27: 100, 28: 338, 29: 114, 30: 352, 31: 128, 32: 366, 33: 44, 34: 282, 35: 142, 36: 380, 37: 72, 38: 310, 39: 16, 40: 254, 41: 16, 42: 254, 43: 86, 44: 324, 45: 58, 46: 296, 47: 86, 48: 324, 49: 30, 50: 268, 51: 708, 52: 470, 53: 722, 54: 484, 55: 44, 56: 282, 57: 86, 58: 324, 59: 114, 60: 352, 61: 86, 62: 324, 63: 16, 64: 254, 65: 58, 66: 296, 67: 100, 68: 338, 69: 30, 70: 268, 71: 708, 72: 470, 73: 142, 74: 380, 75: 58, 76: 296, 77: 44, 78: 282, 79: 16, 80: 254, 81: 86, 82: 324, 83: 30, 84: 268, 85: 16, 86: 254, 87: 16, 88: 254, 89: 72, 90: 310, 91: 16, 92: 254, 93: 30, 94: 268, 95: 142, 96: 380, 97: 30, 98: 268, 99: 44, 100: 282, 101: 16, 102: 254, 103: 708, 104: 470, 105: 86, 106: 324, 107: 708, 108: 470, 109: 142, 110: 380, 111: 16, 112: 254, 113: 16, 114: 254, 115: 58, 116: 296, 117: 142, 118: 380, 119: 44, 120: 282, 121: 114, 122: 352, 123: 16, 124: 254, 125: 142, 126: 380, 127: 72, 128: 310, 129: 114, 130: 352, 131: 708, 132: 470, 133: 72, 134: 310, 135: 142, 136: 380, 137: 114, 138: 352, 139: 86, 140: 324, 141: 100, 142: 338, 143: 708, 144: 470, 145: 30, 146: 268, 147: 72, 148: 310, 149: 708, 150: 470, 151: 44, 152: 282, 153: 16, 154: 254, 155: 86, 156: 324, 157: 16, 158: 254, 159: 58, 160: 296, 161: 72, 162: 310, 163: 114, 164: 352, 165: 86, 166: 324, 167: 16, 168: 254, 169: 722, 170: 484, 171: 128, 172: 366, 173: 44, 174: 282, 175: 100, 176: 338, 177: 44, 178: 282, 179: 72, 180: 310, 181: 114, 182: 352, 183: 86, 184: 324, 185: 142, 186: 380, 187: 58, 188: 296, 189: 30, 190: 268, 191: 16, 192: 254, 193: 708, 194: 470, 195: 44, 196: 282, 197: 722, 198: 484, 199: 30, 200: 268}
Number of lables used:  24
Total time: 6.82 seconds
Memory used: 1496.76 MB
--------------------------------------------------

Trying with at most 23 labels...
Solution:
{1: 72, 2: 310, 3: 142, 4: 380, 5: 114, 6: 352, 7: 142, 8: 380, 9: 708, 10: 470, 11: 708, 12: 470, 13: 58, 14: 296, 15: 114, 16: 352, 17: 708, 18: 470, 19: 30, 20: 268, 21: 16, 22: 254, 23: 86, 24: 324, 25: 100, 26: 338, 27: 100, 28: 338, 29: 114, 30: 352, 31: 128, 32: 366, 33: 44, 34: 282, 35: 142, 36: 380, 37: 72, 38: 310, 39: 16, 40: 254, 41: 16, 42: 254, 43: 86, 44: 324, 45: 708, 46: 470, 47: 86, 48: 324, 49: 30, 50: 268, 51: 128, 52: 366, 53: 142, 54: 380, 55: 44, 56: 282, 57: 86, 58: 324, 59: 114, 60: 352, 61: 86, 62: 324, 63: 16, 64: 254, 65: 708, 66: 470, 67: 100, 68: 338, 69: 30, 70: 268, 71: 142, 72: 380, 73: 142, 74: 380, 75: 58, 76: 296, 77: 44, 78: 282, 79: 16, 80: 254, 81: 86, 82: 324, 83: 30, 84: 268, 85: 16, 86: 254, 87: 16, 88: 254, 89: 72, 90: 310, 91: 16, 92: 254, 93: 30, 94: 268, 95: 142, 96: 380, 97: 30, 98: 268, 99: 44, 100: 282, 101: 16, 102: 254, 103: 142, 104: 380, 105: 86, 106: 324, 107: 100, 108: 338, 109: 142, 110: 380, 111: 16, 112: 254, 113: 16, 114: 254, 115: 58, 116: 296, 117: 708, 118: 470, 119: 44, 120: 282, 121: 114, 122: 352, 123: 16, 124: 254, 125: 142, 126: 380, 127: 72, 128: 310, 129: 114, 130: 352, 131: 708, 132: 470, 133: 72, 134: 310, 135: 142, 136: 380, 137: 114, 138: 352, 139: 86, 140: 324, 141: 100, 142: 338, 143: 58, 144: 296, 145: 30, 146: 268, 147: 72, 148: 310, 149: 708, 150: 470, 151: 44, 152: 282, 153: 16, 154: 254, 155: 86, 156: 324, 157: 16, 158: 254, 159: 58, 160: 296, 161: 72, 162: 310, 163: 708, 164: 470, 165: 86, 166: 324, 167: 16, 168: 254, 169: 708, 170: 470, 171: 128, 172: 366, 173: 44, 174: 282, 175: 100, 176: 338, 177: 44, 178: 282, 179: 72, 180: 310, 181: 114, 182: 352, 183: 86, 184: 324, 185: 142, 186: 380, 187: 58, 188: 296, 189: 30, 190: 268, 191: 16, 192: 254, 193: 58, 194: 296, 195: 44, 196: 282, 197: 128, 198: 366, 199: 708, 200: 470}
Number of lables used:  22
Total time: 7.10 seconds
Memory used: 1496.76 MB
--------------------------------------------------

Trying with at most 21 labels...
Solution:
{1: 72, 2: 310, 3: 142, 4: 380, 5: 114, 6: 352, 7: 142, 8: 380, 9: 708, 10: 470, 11: 142, 12: 380, 13: 58, 14: 296, 15: 114, 16: 352, 17: 708, 18: 470, 19: 30, 20: 268, 21: 16, 22: 254, 23: 86, 24: 324, 25: 708, 26: 470, 27: 708, 28: 470, 29: 114, 30: 352, 31: 128, 32: 366, 33: 44, 34: 282, 35: 142, 36: 380, 37: 72, 38: 310, 39: 16, 40: 254, 41: 16, 42: 254, 43: 86, 44: 324, 45: 708, 46: 470, 47: 86, 48: 324, 49: 30, 50: 268, 51: 128, 52: 366, 53: 142, 54: 380, 55: 44, 56: 282, 57: 86, 58: 324, 59: 114, 60: 352, 61: 86, 62: 324, 63: 16, 64: 254, 65: 58, 66: 296, 67: 708, 68: 470, 69: 30, 70: 268, 71: 142, 72: 380, 73: 142, 74: 380, 75: 58, 76: 296, 77: 44, 78: 282, 79: 16, 80: 254, 81: 86, 82: 324, 83: 30, 84: 268, 85: 16, 86: 254, 87: 16, 88: 254, 89: 72, 90: 310, 91: 16, 92: 254, 93: 30, 94: 268, 95: 142, 96: 380, 97: 30, 98: 268, 99: 44, 100: 282, 101: 16, 102: 254, 103: 142, 104: 380, 105: 86, 106: 324, 107: 708, 108: 470, 109: 142, 110: 380, 111: 16, 112: 254, 113: 16, 114: 254, 115: 58, 116: 296, 117: 142, 118: 380, 119: 44, 120: 282, 121: 114, 122: 352, 123: 16, 124: 254, 125: 142, 126: 380, 127: 72, 128: 310, 129: 114, 130: 352, 131: 142, 132: 380, 133: 72, 134: 310, 135: 142, 136: 380, 137: 114, 138: 352, 139: 86, 140: 324, 141: 708, 142: 470, 143: 58, 144: 296, 145: 30, 146: 268, 147: 72, 148: 310, 149: 128, 150: 366, 151: 44, 152: 282, 153: 16, 154: 254, 155: 86, 156: 324, 157: 16, 158: 254, 159: 58, 160: 296, 161: 72, 162: 310, 163: 114, 164: 352, 165: 86, 166: 324, 167: 16, 168: 254, 169: 708, 170: 470, 171: 128, 172: 366, 173: 44, 174: 282, 175: 708, 176: 470, 177: 44, 178: 282, 179: 72, 180: 310, 181: 114, 182: 352, 183: 86, 184: 324, 185: 142, 186: 380, 187: 58, 188: 296, 189: 30, 190: 268, 191: 16, 192: 254, 193: 58, 194: 296, 195: 44, 196: 282, 197: 128, 198: 366, 199: 708, 200: 470}
Number of lables used:  20
Total time: 7.32 seconds
Memory used: 1496.78 MB
--------------------------------------------------

Trying with at most 19 labels...
[runlim] sample:		9.99 time, 10.01 real, 1615 MB, 1.02 load
[runlim] sample:		19.99 time, 20.01 real, 1376 MB, 1.01 load
[runlim] sample:		29.98 time, 30.01 real, 1217 MB, 1.01 load
[runlim] sample:		39.98 time, 40.01 real, 1218 MB, 1.01 load
[runlim] sample:		49.97 time, 50.01 real, 1218 MB, 1.01 load
[runlim] sample:		59.97 time, 60.01 real, 1168 MB, 1.00 load
[runlim] sample:		69.97 time, 70.01 real, 1168 MB, 1.00 load
[runlim] sample:		79.96 time, 80.01 real, 1168 MB, 1.00 load
[runlim] sample:		89.96 time, 90.01 real, 1168 MB, 1.00 load
[runlim] sample:		99.95 time, 100.01 real, 1168 MB, 1.00 load
[runlim] sample:		109.95 time, 110.01 real, 1168 MB, 1.00 load
Cannot find solution.
No more solutions found.
Optimal number of labels used:  20
Total time: 113.84 seconds
Memory used: 1168.18 MB
[runlim] end:			Sat Jun 27 12:47:49 2026
[runlim] status:		ok
[runlim] result:		0
[runlim] children:		1
[runlim] processes:		2
[runlim] real:			114.01 seconds
[runlim] time:			113.95 seconds
[runlim] space:			1863 MB
[runlim] load:			1.02 maximum
[runlim] samples:		1141
