[runlim] version:		2.0.0rc12
[runlim] host:			ap-Precision-7550
[runlim] time limit:		311040000 seconds
[runlim] real time limit:	600 seconds
[runlim] space limit:		14000 MB
[runlim] argv[0]:		python3
[runlim] argv[1]:		-u
[runlim] argv[2]:		pairwise_no_preprocessing.py
[runlim] argv[3]:		scen07
[runlim] argv[4]:		tot
[runlim] argv[5]:		assumptions
[runlim] argv[6]:		cadical195
[runlim] argv[7]:		6
[runlim] argv[8]:		card
[runlim] argv[9]:		6
[runlim] start:			Sat Jun 27 13:05:30 2026
[runlim] child:			24858
Exactly-one cardinality encoding:  6
Distance constraint mode:  card
Distance cardinality encoding:  6
Objective strategy:  tot
SAT type:  assumptions
Solver:  cadical195
Number of assignment variables:  15952
Number of clauses for exactly one constraints:  401080
[runlim] sample:		10.00 time, 10.01 real, 2205 MB, 1.00 load
[runlim] sample:		19.99 time, 20.01 real, 4386 MB, 1.00 load
Number of clauses for distance constraints:  30008988
---------------------------------------------------
Solve first problem:
Cannot find solution.
Time taken: 25.71 seconds 
Memory used: 5839.21 MB
[runlim] end:			Sat Jun 27 13:05:58 2026
[runlim] status:		ok
[runlim] result:		0
[runlim] children:		1
[runlim] processes:		2
[runlim] real:			27.95 seconds
[runlim] time:			27.89 seconds
[runlim] space:			5904 MB
[runlim] load:			1.00 maximum
[runlim] samples:		280
