[runlim] version:		2.0.0rc12
[runlim] host:			ap-Precision-7550
[runlim] time limit:		311040000 seconds
[runlim] real time limit:	600 seconds
[runlim] space limit:		14000 MB
[runlim] argv[0]:		python3
[runlim] argv[1]:		-u
[runlim] argv[2]:		pairwise_no_preprocessing.py
[runlim] argv[3]:		TUD916.5
[runlim] argv[4]:		tot
[runlim] argv[5]:		assumptions
[runlim] argv[6]:		cadical195
[runlim] argv[7]:		6
[runlim] argv[8]:		card
[runlim] argv[9]:		6
[runlim] start:			Sat Jun 27 13:13:14 2026
[runlim] child:			24911
Exactly-one cardinality encoding:  6
Distance constraint mode:  card
Distance cardinality encoding:  6
Objective strategy:  tot
SAT type:  assumptions
Solver:  cadical195
Number of assignment variables:  34476
Number of clauses for exactly one constraints:  866490
[runlim] sample:		10.00 time, 10.01 real, 2530 MB, 1.02 load
[runlim] sample:		20.00 time, 20.01 real, 4642 MB, 1.09 load
Number of clauses for distance constraints:  38472805
---------------------------------------------------
Solve first problem:
Cannot find solution.
Time taken: 29.13 seconds 
Memory used: 6974.11 MB
[runlim] sample:		29.99 time, 30.01 real, 6974 MB, 1.07 load
[runlim] end:			Sat Jun 27 13:13:46 2026
[runlim] status:		ok
[runlim] result:		0
[runlim] children:		1
[runlim] processes:		2
[runlim] real:			31.94 seconds
[runlim] time:			31.89 seconds
[runlim] space:			6974 MB
[runlim] load:			1.10 maximum
[runlim] samples:		320
