[runlim] version:		2.0.0rc12
[runlim] host:			ap-Precision-7550
[runlim] time limit:		311040000 seconds
[runlim] real time limit:	600 seconds
[runlim] space limit:		14000 MB
[runlim] argv[0]:		python3
[runlim] argv[1]:		-u
[runlim] argv[2]:		main.py
[runlim] argv[3]:		graph14
[runlim] argv[4]:		DSE
[runlim] argv[5]:		1
[runlim] start:			Sun Jun  7 21:11:44 2026
[runlim] child:			5727
---  DSE  [Cardinality Encoding: 1] ---
 solving MaxSAT (RC2)...
[runlim] sample:		10.00 time, 10.01 real, 171 MB, 1.00 load
[runlim] sample:		20.00 time, 20.01 real, 171 MB, 1.00 load

--------------------------------------------------
Found solution!
Number of labels used: 8
--------------------------------------------------
Time taken: 24.89 seconds
Memory used: 163.48 MB
[runlim] end:			Sun Jun  7 21:12:09 2026
[runlim] status:		ok
[runlim] result:		0
[runlim] children:		1
[runlim] processes:		2
[runlim] real:			24.98 seconds
[runlim] time:			24.89 seconds
[runlim] space:			171 MB
[runlim] load:			1.01 maximum
[runlim] samples:		250
