[runlim] version:		2.0.0rc12
[runlim] host:			ap-Precision-7550
[runlim] time limit:		311040000 seconds
[runlim] real time limit:	600 seconds
[runlim] space limit:		14000 MB
[runlim] argv[0]:		python3
[runlim] argv[1]:		-u
[runlim] argv[2]:		main.py
[runlim] argv[3]:		graph13
[runlim] argv[4]:		DSE
[runlim] argv[5]:		1
[runlim] start:			Sun Jun  7 21:14:34 2026
[runlim] child:			5757
Warning: variable 777 has no valid labels after preprocessing.
No solution found in the preprocessing step!
[runlim] end:			Sun Jun  7 21:14:34 2026
[runlim] status:		ok
[runlim] result:		0
[runlim] children:		0
[runlim] processes:		2
[runlim] real:			0.24 seconds
[runlim] time:			0.20 seconds
[runlim] space:			21 MB
[runlim] load:			1.00 maximum
[runlim] samples:		3
