[runlim] version:		2.0.0rc12
[runlim] host:			ap-Precision-7550
[runlim] time limit:		311040000 seconds
[runlim] real time limit:	600 seconds
[runlim] space limit:		14000 MB
[runlim] argv[0]:		python3
[runlim] argv[1]:		-u
[runlim] argv[2]:		main.py
[runlim] argv[3]:		graph03
[runlim] argv[4]:		600
[runlim] start:			Sun Jun 14 12:23:57 2026
[runlim] child:			23489
Dataset: graph03
Preprocessing: on
Building CP-SAT CP-style model for 200 variables...
Number of frequency variables: 200
Number of label variables: 48
Build time: 0.44s
Solving with OR-Tools CP-SAT CP-style model...
[runlim] sample:		42.68 time, 10.02 real, 639 MB, 11.99 load
Number of labels used: 40
Time taken: 12.81s
Number of labels used: 36
Time taken: 12.99s
Number of labels used: 34
Time taken: 13.26s
Number of labels used: 32
Time taken: 14.21s
Number of labels used: 22
Time taken: 14.55s
[runlim] sample:		160.58 time, 20.02 real, 962 MB, 11.99 load
Number of labels used: 20
Time taken: 20.93s
[runlim] sample:		279.20 time, 30.02 real, 1006 MB, 11.99 load
[runlim] sample:		397.49 time, 40.02 real, 1018 MB, 11.99 load
[runlim] sample:		516.17 time, 50.02 real, 1022 MB, 11.99 load
[runlim] sample:		634.78 time, 60.02 real, 1025 MB, 12.00 load
[runlim] sample:		753.44 time, 70.02 real, 1028 MB, 12.00 load
Status: OPTIMAL
Solution:
{1: 100, 2: 338, 3: 142, 4: 380, 5: 142, 6: 380, 7: 142, 8: 380, 9: 142, 10: 380, 11: 778, 12: 540, 13: 58, 14: 296, 15: 114, 16: 352, 17: 114, 18: 352, 19: 58, 20: 296, 21: 16, 22: 254, 23: 86, 24: 324, 25: 100, 26: 338, 27: 100, 28: 338, 29: 114, 30: 352, 31: 128, 32: 366, 33: 44, 34: 282, 35: 142, 36: 380, 37: 72, 38: 310, 39: 16, 40: 254, 41: 16, 42: 254, 43: 86, 44: 324, 45: 58, 46: 296, 47: 86, 48: 324, 49: 778, 50: 540, 51: 128, 52: 366, 53: 142, 54: 380, 55: 44, 56: 282, 57: 86, 58: 324, 59: 114, 60: 352, 61: 86, 62: 324, 63: 16, 64: 254, 65: 58, 66: 296, 67: 100, 68: 338, 69: 778, 70: 540, 71: 142, 72: 380, 73: 142, 74: 380, 75: 58, 76: 296, 77: 44, 78: 282, 79: 16, 80: 254, 81: 86, 82: 324, 83: 778, 84: 540, 85: 16, 86: 254, 87: 16, 88: 254, 89: 72, 90: 310, 91: 16, 92: 254, 93: 778, 94: 540, 95: 142, 96: 380, 97: 778, 98: 540, 99: 44, 100: 282, 101: 16, 102: 254, 103: 142, 104: 380, 105: 86, 106: 324, 107: 100, 108: 338, 109: 142, 110: 380, 111: 778, 112: 540, 113: 16, 114: 254, 115: 58, 116: 296, 117: 142, 118: 380, 119: 44, 120: 282, 121: 114, 122: 352, 123: 778, 124: 540, 125: 142, 126: 380, 127: 72, 128: 310, 129: 114, 130: 352, 131: 142, 132: 380, 133: 72, 134: 310, 135: 142, 136: 380, 137: 114, 138: 352, 139: 86, 140: 324, 141: 100, 142: 338, 143: 58, 144: 296, 145: 778, 146: 540, 147: 72, 148: 310, 149: 128, 150: 366, 151: 44, 152: 282, 153: 16, 154: 254, 155: 86, 156: 324, 157: 16, 158: 254, 159: 778, 160: 540, 161: 72, 162: 310, 163: 114, 164: 352, 165: 86, 166: 324, 167: 16, 168: 254, 169: 128, 170: 366, 171: 128, 172: 366, 173: 44, 174: 282, 175: 778, 176: 540, 177: 44, 178: 282, 179: 778, 180: 540, 181: 114, 182: 352, 183: 86, 184: 324, 185: 142, 186: 380, 187: 58, 188: 296, 189: 778, 190: 540, 191: 16, 192: 254, 193: 58, 194: 296, 195: 44, 196: 282, 197: 128, 198: 366, 199: 778, 200: 540}
Number of labels used: 20
Objective value: 20.0
Best objective bound: 20.0
Solution is CORRECT!
Total time: 69.88s
Memory used: 622.10 MB
[runlim] end:			Sun Jun 14 12:25:08 2026
[runlim] status:		ok
[runlim] result:		0
[runlim] children:		1
[runlim] processes:		2
[runlim] real:			70.29 seconds
[runlim] time:			754.79 seconds
[runlim] space:			1028 MB
[runlim] load:			12.85 maximum
[runlim] samples:		703
