[runlim] version:		2.0.0rc12
[runlim] host:			ap-Precision-7550
[runlim] time limit:		311040000 seconds
[runlim] real time limit:	600 seconds
[runlim] space limit:		14000 MB
[runlim] argv[0]:		python3
[runlim] argv[1]:		-u
[runlim] argv[2]:		main.py
[runlim] argv[3]:		scen11
[runlim] argv[4]:		600
[runlim] start:			Sun Jun 14 12:16:15 2026
[runlim] child:			21852
Dataset: scen11
Preprocessing: on
Building CP-SAT CP-style model for 680 variables...
Number of frequency variables: 680
Number of label variables: 48
Build time: 0.68s
Solving with OR-Tools CP-SAT CP-style model...
[runlim] sample:		11.07 time, 10.01 real, 275 MB, 10.48 load
Number of labels used: 44
Time taken: 15.19s
[runlim] sample:		113.34 time, 20.02 real, 1528 MB, 9.91 load
Number of labels used: 42
Time taken: 20.90s
Number of labels used: 40
Time taken: 21.39s
Number of labels used: 40
Time taken: 21.47s
Number of labels used: 38
Time taken: 21.68s
Number of labels used: 36
Time taken: 22.70s
Number of labels used: 34
Time taken: 22.78s
Number of labels used: 32
Time taken: 23.48s
Number of labels used: 30
Time taken: 23.60s
Number of labels used: 30
Time taken: 23.71s
Number of labels used: 30
Time taken: 23.83s
Number of labels used: 30
Time taken: 23.94s
Number of labels used: 28
Time taken: 24.06s
Number of labels used: 28
Time taken: 24.33s
Number of labels used: 26
Time taken: 24.45s
Number of labels used: 24
Time taken: 28.69s
[runlim] sample:		230.71 time, 30.02 real, 1708 MB, 10.23 load
[runlim] sample:		348.59 time, 40.02 real, 1755 MB, 10.50 load
[runlim] sample:		467.23 time, 50.02 real, 1841 MB, 10.81 load
[runlim] sample:		585.84 time, 60.02 real, 1929 MB, 10.99 load
Number of labels used: 22
Time taken: 68.64s
[runlim] sample:		704.35 time, 70.02 real, 1922 MB, 11.30 load
[runlim] sample:		822.44 time, 80.02 real, 1943 MB, 11.56 load
[runlim] sample:		941.10 time, 90.02 real, 1965 MB, 11.78 load
[runlim] sample:		1059.73 time, 100.02 real, 1907 MB, 11.97 load
[runlim] sample:		1178.32 time, 110.02 real, 1970 MB, 12.13 load
[runlim] sample:		1296.41 time, 120.02 real, 2121 MB, 12.34 load
[runlim] sample:		1415.01 time, 130.02 real, 2184 MB, 12.44 load
[runlim] sample:		1533.61 time, 140.02 real, 2097 MB, 12.52 load
[runlim] sample:		1652.26 time, 150.02 real, 2111 MB, 12.51 load
[runlim] sample:		1770.41 time, 160.02 real, 2077 MB, 12.59 load
[runlim] sample:		1888.86 time, 170.02 real, 2077 MB, 12.73 load
[runlim] sample:		2007.39 time, 180.02 real, 2037 MB, 12.76 load
[runlim] sample:		2125.88 time, 190.02 real, 2120 MB, 12.94 load
[runlim] sample:		2244.52 time, 200.02 real, 2213 MB, 12.87 load
[runlim] sample:		2362.66 time, 210.03 real, 2141 MB, 12.81 load
[runlim] sample:		2481.27 time, 220.02 real, 2097 MB, 12.84 load
[runlim] sample:		2599.82 time, 230.02 real, 2130 MB, 12.78 load
[runlim] sample:		2717.92 time, 240.02 real, 2162 MB, 12.74 load
[runlim] sample:		2836.48 time, 250.02 real, 2101 MB, 12.77 load
[runlim] sample:		2955.11 time, 260.02 real, 2193 MB, 12.73 load
[runlim] sample:		3073.66 time, 270.02 real, 2096 MB, 12.69 load
[runlim] sample:		3191.86 time, 280.02 real, 2208 MB, 12.66 load
[runlim] sample:		3310.43 time, 290.02 real, 2240 MB, 12.63 load
[runlim] sample:		3428.97 time, 300.02 real, 2116 MB, 12.61 load
[runlim] sample:		3547.64 time, 310.02 real, 2154 MB, 12.73 load
[runlim] sample:		3666.30 time, 320.03 real, 2079 MB, 12.69 load
[runlim] sample:		3784.33 time, 330.02 real, 2145 MB, 12.66 load
[runlim] sample:		3902.84 time, 340.02 real, 2183 MB, 12.63 load
[runlim] sample:		4021.43 time, 350.02 real, 2194 MB, 12.61 load
[runlim] sample:		4139.49 time, 360.02 real, 2137 MB, 12.59 load
[runlim] sample:		4258.07 time, 370.02 real, 2190 MB, 12.65 load
[runlim] sample:		4376.69 time, 380.02 real, 2159 MB, 12.63 load
[runlim] sample:		4495.29 time, 390.02 real, 2095 MB, 12.68 load
[runlim] sample:		4613.72 time, 400.02 real, 2136 MB, 12.65 load
[runlim] sample:		4731.75 time, 410.02 real, 2231 MB, 12.62 load
[runlim] sample:		4850.21 time, 420.02 real, 2133 MB, 12.60 load
[runlim] sample:		4968.83 time, 430.02 real, 2186 MB, 12.58 load
[runlim] sample:		5087.41 time, 440.02 real, 2230 MB, 12.57 load
[runlim] sample:		5205.38 time, 450.02 real, 2224 MB, 12.70 load
[runlim] sample:		5324.02 time, 460.02 real, 2220 MB, 12.67 load
Status: OPTIMAL
Solution:
{1: 44, 2: 282, 7: 414, 8: 652, 9: 484, 10: 722, 13: 114, 14: 352, 15: 764, 16: 526, 21: 694, 22: 456, 23: 352, 24: 114, 25: 764, 26: 526, 27: 394, 28: 156, 49: 792, 50: 554, 51: 484, 52: 722, 53: 414, 54: 652, 67: 414, 68: 652, 69: 16, 70: 254, 71: 694, 72: 456, 79: 526, 80: 764, 81: 554, 82: 792, 83: 414, 84: 652, 85: 44, 86: 282, 87: 156, 88: 394, 91: 142, 92: 380, 93: 456, 94: 694, 95: 526, 96: 764, 97: 554, 98: 792, 103: 484, 104: 722, 105: 456, 106: 694, 107: 484, 108: 722, 117: 254, 118: 16, 119: 380, 120: 142, 127: 792, 128: 554, 129: 254, 130: 16, 143: 254, 144: 16, 145: 394, 146: 156, 151: 484, 152: 722, 153: 16, 154: 254, 155: 792, 156: 554, 157: 722, 158: 484, 163: 156, 164: 394, 165: 694, 166: 456, 171: 694, 172: 456, 179: 156, 180: 394, 181: 324, 182: 86, 183: 414, 184: 652, 185: 554, 186: 792, 187: 16, 188: 254, 191: 526, 192: 764, 193: 16, 194: 254, 195: 554, 196: 792, 197: 456, 198: 694, 199: 484, 200: 722, 205: 324, 206: 86, 209: 694, 210: 456, 211: 764, 212: 526, 213: 394, 214: 156, 215: 792, 216: 554, 217: 456, 218: 694, 219: 764, 220: 526, 229: 456, 230: 694, 233: 694, 234: 456, 235: 526, 236: 764, 237: 484, 238: 722, 255: 526, 256: 764, 259: 652, 260: 414, 261: 16, 262: 254, 263: 652, 264: 414, 265: 792, 266: 554, 267: 722, 268: 484, 269: 16, 270: 254, 271: 156, 272: 394, 273: 44, 274: 282, 275: 114, 276: 352, 277: 554, 278: 792, 279: 792, 280: 554, 281: 352, 282: 114, 283: 414, 284: 652, 285: 526, 286: 764, 287: 554, 288: 792, 289: 526, 290: 764, 291: 554, 292: 792, 293: 380, 294: 142, 295: 792, 296: 554, 297: 554, 298: 792, 299: 484, 300: 722, 301: 414, 302: 652, 303: 456, 304: 694, 305: 554, 306: 792, 307: 554, 308: 792, 309: 414, 310: 652, 311: 456, 312: 694, 313: 394, 314: 156, 317: 652, 318: 414, 319: 722, 320: 484, 321: 792, 322: 554, 323: 652, 324: 414, 325: 16, 326: 254, 327: 484, 328: 722, 329: 554, 330: 792, 331: 484, 332: 722, 333: 554, 334: 792, 335: 792, 336: 554, 337: 792, 338: 554, 339: 394, 340: 156, 341: 142, 342: 380, 343: 764, 344: 526, 345: 44, 346: 282, 347: 414, 348: 652, 349: 526, 350: 764, 351: 282, 352: 44, 353: 526, 354: 764, 355: 142, 356: 380, 357: 694, 358: 456, 359: 694, 360: 456, 361: 764, 362: 526, 363: 352, 364: 114, 365: 526, 366: 764, 367: 324, 368: 86, 369: 526, 370: 764, 371: 554, 372: 792, 373: 694, 374: 456, 375: 352, 376: 114, 377: 114, 378: 352, 379: 456, 380: 694, 381: 484, 382: 722, 383: 456, 384: 694, 385: 142, 386: 380, 387: 352, 388: 114, 389: 554, 390: 792, 391: 142, 392: 380, 393: 722, 394: 484, 395: 114, 396: 352, 397: 484, 398: 722, 399: 484, 400: 722, 401: 352, 402: 114, 403: 484, 404: 722, 405: 484, 406: 722, 409: 764, 410: 526, 411: 456, 412: 694, 413: 352, 414: 114, 415: 722, 416: 484, 417: 142, 418: 380, 419: 694, 420: 456, 435: 484, 436: 722, 439: 526, 440: 764, 441: 142, 442: 380, 443: 456, 444: 694, 449: 114, 450: 352, 451: 554, 452: 792, 455: 792, 456: 554, 457: 456, 458: 694, 459: 44, 460: 282, 461: 526, 462: 764, 463: 114, 464: 352, 465: 44, 466: 282, 467: 86, 468: 324, 469: 764, 470: 526, 471: 414, 472: 652, 473: 694, 474: 456, 475: 352, 476: 114, 477: 380, 478: 142, 479: 484, 480: 722, 481: 526, 482: 764, 485: 254, 486: 16, 489: 282, 490: 44, 491: 44, 492: 282, 493: 526, 494: 764, 495: 526, 496: 764, 515: 526, 516: 764, 517: 44, 518: 282, 519: 456, 520: 694, 523: 114, 524: 352, 525: 142, 526: 380, 527: 456, 528: 694, 529: 554, 530: 792, 533: 352, 534: 114, 535: 254, 536: 16, 537: 44, 538: 282, 539: 554, 540: 792, 541: 554, 542: 792, 543: 16, 544: 254, 545: 554, 546: 792, 547: 394, 548: 156, 549: 554, 550: 792, 551: 44, 552: 282, 553: 44, 554: 282, 555: 380, 556: 142, 557: 86, 558: 324, 559: 456, 560: 694, 561: 484, 562: 722, 563: 694, 564: 456, 565: 142, 566: 380, 567: 352, 568: 114, 569: 282, 570: 44, 571: 526, 572: 764, 573: 456, 574: 694, 575: 484, 576: 722, 577: 16, 578: 254, 579: 254, 580: 16, 581: 414, 582: 652, 583: 324, 584: 86, 585: 554, 586: 792, 587: 652, 588: 414, 589: 764, 590: 526, 591: 352, 592: 114, 593: 114, 594: 352, 595: 694, 596: 456, 597: 526, 598: 764, 599: 142, 600: 380, 601: 764, 602: 526, 603: 764, 604: 526, 605: 282, 606: 44, 607: 694, 608: 456, 609: 792, 610: 554, 611: 764, 612: 526, 613: 142, 614: 380, 615: 380, 616: 142, 617: 282, 618: 44, 619: 44, 620: 282, 621: 380, 622: 142, 623: 456, 624: 694, 625: 526, 626: 764, 627: 86, 628: 324, 629: 380, 630: 142, 631: 282, 632: 44, 633: 380, 634: 142, 635: 324, 636: 86, 637: 554, 638: 792, 639: 526, 640: 764, 641: 142, 642: 380, 643: 44, 644: 282, 645: 352, 646: 114, 651: 554, 652: 792, 653: 554, 654: 792, 661: 554, 662: 792, 663: 16, 664: 254, 665: 394, 666: 156, 667: 792, 668: 554, 671: 282, 672: 44, 677: 526, 678: 764, 679: 456, 680: 694, 681: 526, 682: 764, 683: 456, 684: 694, 685: 526, 686: 764, 687: 44, 688: 282, 689: 114, 690: 352, 691: 456, 692: 694, 693: 526, 694: 764, 703: 652, 704: 414, 705: 254, 706: 16, 711: 414, 712: 652, 713: 484, 714: 722, 715: 16, 716: 254, 717: 526, 718: 764, 719: 652, 720: 414, 721: 324, 722: 86, 723: 456, 724: 694, 725: 324, 726: 86, 727: 254, 728: 16, 729: 324, 730: 86, 731: 282, 732: 44, 733: 282, 734: 44, 735: 484, 736: 722, 737: 526, 738: 764, 739: 764, 740: 526, 741: 554, 742: 792, 743: 44, 744: 282, 745: 484, 746: 722, 747: 484, 748: 722, 749: 282, 750: 44, 751: 86, 752: 324, 753: 526, 754: 764, 755: 282, 756: 44, 757: 526, 758: 764, 759: 282, 760: 44, 761: 526, 762: 764, 763: 764, 764: 526, 765: 254, 766: 16, 767: 694, 768: 456, 769: 282, 770: 44, 771: 554, 772: 792, 773: 254, 774: 16, 775: 722, 776: 484, 783: 282, 784: 44, 785: 554, 786: 792, 787: 324, 788: 86, 789: 44, 790: 282, 791: 722, 792: 484, 793: 142, 794: 380, 795: 526, 796: 764, 797: 44, 798: 282, 799: 526, 800: 764, 801: 282, 802: 44, 803: 526, 804: 764, 805: 456, 806: 694, 807: 526, 808: 764, 809: 254, 810: 16, 811: 380, 812: 142, 813: 456, 814: 694, 815: 526, 816: 764, 817: 380, 818: 142, 819: 456, 820: 694, 821: 352, 822: 114, 823: 282, 824: 44, 825: 764, 826: 526, 827: 554, 828: 792, 829: 394, 830: 156, 833: 526, 834: 764, 835: 722, 836: 484, 837: 456, 838: 694, 839: 456, 840: 694, 841: 16, 842: 254, 843: 394, 844: 156, 845: 254, 846: 16, 847: 456, 848: 694, 849: 44, 850: 282, 859: 694, 860: 456, 861: 156, 862: 394, 863: 16, 864: 254, 865: 324, 866: 86, 867: 764, 868: 526, 869: 526, 870: 764, 871: 554, 872: 792, 875: 484, 876: 722, 877: 380, 878: 142, 879: 456, 880: 694, 881: 694, 882: 456, 883: 114, 884: 352, 885: 324, 886: 86, 887: 282, 888: 44, 889: 44, 890: 282, 891: 380, 892: 142, 893: 352, 894: 114, 895: 484, 896: 722, 897: 142, 898: 380, 899: 114, 900: 352, 901: 526, 902: 764, 903: 554, 904: 792, 905: 456, 906: 694, 911: 282, 912: 44, 913: 526, 914: 764, 915: 86, 916: 324}
Number of labels used: 22
Objective value: 22.0
Best objective bound: 22.0
Solution is CORRECT!
Total time: 461.56s
Memory used: 1462.71 MB
[runlim] end:			Sun Jun 14 12:23:57 2026
[runlim] status:		ok
[runlim] result:		0
[runlim] children:		1
[runlim] processes:		2
[runlim] real:			462.01 seconds
[runlim] time:			5343.28 seconds
[runlim] space:			2290 MB
[runlim] load:			13.02 maximum
[runlim] samples:		4621
