[runlim] version:		2.0.0rc12
[runlim] host:			ap-Precision-7550
[runlim] time limit:		311040000 seconds
[runlim] real time limit:	600 seconds
[runlim] space limit:		14000 MB
[runlim] argv[0]:		python3
[runlim] argv[1]:		-u
[runlim] argv[2]:		main.py
[runlim] argv[3]:		scen01
[runlim] argv[4]:		600
[runlim] start:			Sun Jun 14 11:46:11 2026
[runlim] child:			15543
Dataset: scen01
Preprocessing: on
Building CP-SAT CP-style model for 916 variables...
Number of frequency variables: 916
Number of label variables: 48
Build time: 0.94s
Solving with OR-Tools CP-SAT CP-style model...
[runlim] sample:		11.07 time, 10.01 real, 336 MB, 9.72 load
Number of labels used: 44
Time taken: 19.65s
[runlim] sample:		73.69 time, 20.02 real, 2052 MB, 9.34 load
Number of labels used: 42
Time taken: 22.72s
Number of labels used: 42
Time taken: 22.95s
Number of labels used: 30
Time taken: 26.43s
Number of labels used: 28
Time taken: 26.76s
Number of labels used: 24
Time taken: 27.07s
Number of labels used: 22
Time taken: 27.23s
Number of labels used: 18
Time taken: 27.58s
Number of labels used: 16
Time taken: 28.01s
[runlim] sample:		191.15 time, 30.02 real, 2312 MB, 9.75 load
[runlim] sample:		309.71 time, 40.02 real, 2486 MB, 10.18 load
[runlim] sample:		427.80 time, 50.02 real, 2450 MB, 10.53 load
[runlim] sample:		546.46 time, 60.02 real, 2542 MB, 10.76 load
[runlim] sample:		664.23 time, 70.02 real, 2639 MB, 10.95 load
[runlim] sample:		782.95 time, 80.02 real, 2640 MB, 11.11 load
[runlim] sample:		901.63 time, 90.02 real, 2617 MB, 11.25 load
[runlim] sample:		1019.83 time, 100.02 real, 2655 MB, 11.36 load
[runlim] sample:		1138.47 time, 110.02 real, 2655 MB, 11.46 load
[runlim] sample:		1257.04 time, 120.02 real, 2727 MB, 11.55 load
[runlim] sample:		1375.72 time, 130.02 real, 2719 MB, 11.62 load
[runlim] sample:		1493.96 time, 140.02 real, 2652 MB, 11.68 load
[runlim] sample:		1612.63 time, 150.02 real, 2759 MB, 11.73 load
[runlim] sample:		1731.26 time, 160.02 real, 2769 MB, 11.77 load
[runlim] sample:		1849.85 time, 170.02 real, 2683 MB, 11.80 load
[runlim] sample:		1967.92 time, 180.02 real, 2745 MB, 11.83 load
[runlim] sample:		2086.65 time, 190.02 real, 2670 MB, 11.94 load
[runlim] sample:		2205.28 time, 200.02 real, 2635 MB, 12.10 load
[runlim] sample:		2323.88 time, 210.02 real, 2833 MB, 12.24 load
[runlim] sample:		2442.14 time, 220.02 real, 2742 MB, 12.36 load
[runlim] sample:		2560.84 time, 230.02 real, 2798 MB, 12.46 load
[runlim] sample:		2679.35 time, 240.02 real, 2747 MB, 12.54 load
[runlim] sample:		2796.89 time, 250.02 real, 2860 MB, 12.53 load
[runlim] sample:		2915.48 time, 260.02 real, 2850 MB, 12.45 load
[runlim] sample:		3034.06 time, 270.02 real, 2852 MB, 12.38 load
[runlim] sample:		3152.12 time, 280.02 real, 2734 MB, 12.32 load
[runlim] sample:		3270.67 time, 290.02 real, 2827 MB, 12.27 load
[runlim] sample:		3389.27 time, 300.02 real, 2861 MB, 12.23 load
[runlim] sample:		3507.86 time, 310.02 real, 2784 MB, 12.19 load
[runlim] sample:		3625.95 time, 320.02 real, 2864 MB, 12.16 load
[runlim] sample:		3744.56 time, 330.02 real, 2803 MB, 12.14 load
[runlim] sample:		3863.16 time, 340.02 real, 2862 MB, 12.12 load
[runlim] sample:		3981.67 time, 350.02 real, 2826 MB, 12.10 load
[runlim] sample:		4099.84 time, 360.02 real, 2740 MB, 12.08 load
[runlim] sample:		4218.36 time, 370.02 real, 2932 MB, 12.07 load
[runlim] sample:		4337.13 time, 380.02 real, 2937 MB, 12.06 load
[runlim] sample:		4455.72 time, 390.02 real, 2871 MB, 12.05 load
[runlim] sample:		4573.87 time, 400.02 real, 2813 MB, 12.19 load
[runlim] sample:		4692.40 time, 410.02 real, 2792 MB, 12.16 load
[runlim] sample:		4810.97 time, 420.02 real, 2771 MB, 12.13 load
[runlim] sample:		4929.58 time, 430.02 real, 2912 MB, 12.11 load
[runlim] sample:		5047.75 time, 440.02 real, 2870 MB, 12.10 load
[runlim] sample:		5166.31 time, 450.02 real, 2956 MB, 12.08 load
[runlim] sample:		5284.90 time, 460.02 real, 2927 MB, 12.07 load
[runlim] sample:		5403.39 time, 470.02 real, 2835 MB, 12.06 load
[runlim] sample:		5521.92 time, 480.02 real, 2970 MB, 12.05 load
[runlim] sample:		5640.12 time, 490.02 real, 2942 MB, 12.04 load
[runlim] sample:		5758.74 time, 500.02 real, 2909 MB, 12.03 load
[runlim] sample:		5877.36 time, 510.02 real, 2880 MB, 12.03 load
[runlim] sample:		5995.28 time, 520.02 real, 2802 MB, 12.02 load
[runlim] sample:		6113.78 time, 530.02 real, 2867 MB, 12.02 load
[runlim] sample:		6232.26 time, 540.02 real, 2845 MB, 12.02 load
[runlim] sample:		6350.68 time, 550.02 real, 2957 MB, 12.65 load
[runlim] sample:		6468.88 time, 560.02 real, 2826 MB, 12.55 load
[runlim] sample:		6587.51 time, 570.02 real, 2997 MB, 12.46 load
[runlim] sample:		6705.98 time, 580.02 real, 2861 MB, 12.39 load
[runlim] sample:		6824.54 time, 590.02 real, 2970 MB, 12.33 load
[runlim] sample:		6942.57 time, 600.02 real, 2937 MB, 12.28 load
[runlim] end:			Sun Jun 14 11:56:12 2026
[runlim] status:		out of time
[runlim] result:		2
[runlim] children:		1
[runlim] processes:		2
[runlim] real:			601.08 seconds
[runlim] time:			6942.57 seconds
[runlim] space:			3006 MB
[runlim] load:			12.65 maximum
[runlim] samples:		6000
