[runlim] version:		2.0.0rc12
[runlim] host:			ap-Precision-7550
[runlim] time limit:		311040000 seconds
[runlim] real time limit:	600 seconds
[runlim] space limit:		14000 MB
[runlim] argv[0]:		python3
[runlim] argv[1]:		-u
[runlim] argv[2]:		main.py
[runlim] argv[3]:		TUD200.3
[runlim] argv[4]:		600
[runlim] start:			Sun Jun 14 12:40:14 2026
[runlim] child:			27297
Dataset: TUD200.3
Preprocessing: on
Building CP-SAT CP-style model for 200 variables...
Number of frequency variables: 200
Number of label variables: 48
Build time: 0.38s
Solving with OR-Tools CP-SAT CP-style model...
Number of labels used: 46
Time taken: 5.10s
Number of labels used: 44
Time taken: 5.10s
Number of labels used: 40
Time taken: 5.71s
Number of labels used: 38
Time taken: 6.34s
Number of labels used: 30
Time taken: 7.22s
Number of labels used: 28
Time taken: 7.26s
Number of labels used: 26
Time taken: 7.31s
Number of labels used: 24
Time taken: 7.38s
Number of labels used: 24
Time taken: 7.40s
Number of labels used: 22
Time taken: 7.45s
Number of labels used: 18
Time taken: 7.49s
Number of labels used: 16
Time taken: 7.74s
[runlim] sample:		75.32 time, 10.02 real, 604 MB, 16.60 load
Number of labels used: 14
Time taken: 10.85s
Number of labels used: 14
Time taken: 10.88s
Status: OPTIMAL
Solution:
{1: 268, 2: 30, 3: 470, 4: 708, 5: 30, 6: 268, 7: 268, 8: 30, 9: 142, 10: 380, 11: 240, 12: 478, 13: 142, 14: 380, 15: 708, 16: 470, 17: 142, 18: 380, 19: 792, 20: 554, 21: 708, 22: 470, 23: 666, 24: 428, 25: 470, 26: 708, 27: 792, 28: 554, 29: 666, 30: 428, 31: 268, 32: 30, 33: 380, 34: 142, 35: 470, 36: 708, 37: 554, 38: 792, 39: 310, 40: 72, 41: 72, 42: 310, 43: 310, 44: 72, 45: 554, 46: 792, 47: 30, 48: 268, 49: 30, 50: 268, 51: 708, 52: 470, 53: 554, 54: 792, 55: 428, 56: 666, 57: 380, 58: 142, 59: 310, 60: 72, 61: 268, 62: 30, 63: 708, 64: 470, 65: 792, 66: 554, 67: 792, 68: 554, 69: 72, 70: 310, 71: 30, 72: 268, 73: 708, 74: 470, 75: 428, 76: 666, 77: 380, 78: 142, 79: 708, 80: 470, 81: 554, 82: 792, 83: 310, 84: 72, 85: 428, 86: 666, 87: 380, 88: 142, 89: 554, 90: 792, 91: 554, 92: 792, 93: 310, 94: 72, 95: 380, 96: 142, 97: 478, 98: 240, 99: 478, 100: 240, 101: 792, 102: 554, 103: 30, 104: 268, 105: 666, 106: 428, 107: 428, 108: 666, 109: 268, 110: 30, 111: 72, 112: 310, 113: 72, 114: 310, 115: 792, 116: 554, 117: 310, 118: 72, 119: 428, 120: 666, 121: 380, 122: 142, 123: 380, 124: 142, 125: 666, 126: 428, 127: 470, 128: 708, 129: 310, 130: 72, 131: 142, 132: 380, 133: 708, 134: 470, 135: 30, 136: 268, 137: 554, 138: 792, 139: 72, 140: 310, 141: 268, 142: 30, 143: 428, 144: 666, 145: 30, 146: 268, 147: 380, 148: 142, 149: 792, 150: 554, 151: 554, 152: 792, 153: 142, 154: 380, 155: 554, 156: 792, 157: 708, 158: 470, 159: 470, 160: 708, 161: 72, 162: 310, 163: 554, 164: 792, 165: 268, 166: 30, 167: 470, 168: 708, 169: 666, 170: 428, 171: 554, 172: 792, 173: 666, 174: 428, 175: 310, 176: 72, 177: 666, 178: 428, 179: 240, 180: 478, 181: 792, 182: 554, 183: 142, 184: 380, 185: 268, 186: 30, 187: 268, 188: 30, 189: 470, 190: 708, 191: 30, 192: 268, 193: 666, 194: 428, 195: 268, 196: 30, 197: 380, 198: 142, 199: 666, 200: 428}
Number of labels used: 14
Objective value: 14.0
Best objective bound: 14.0
Solution is CORRECT!
Total time: 17.56s
Memory used: 533.88 MB
[runlim] end:			Sun Jun 14 12:40:32 2026
[runlim] status:		ok
[runlim] result:		0
[runlim] children:		1
[runlim] processes:		2
[runlim] real:			17.99 seconds
[runlim] time:			168.14 seconds
[runlim] space:			666 MB
[runlim] load:			17.35 maximum
[runlim] samples:		180
