[runlim] version:		2.0.0rc12
[runlim] host:			ap-Precision-7550
[runlim] time limit:		311040000 seconds
[runlim] real time limit:	600 seconds
[runlim] space limit:		14000 MB
[runlim] argv[0]:		python3
[runlim] argv[1]:		-u
[runlim] argv[2]:		main.py
[runlim] argv[3]:		TUD916.3
[runlim] argv[4]:		600
[runlim] start:			Sun Jun 14 12:42:44 2026
[runlim] child:			28014
Dataset: TUD916.3
Preprocessing: on
Building CP-SAT CP-style model for 916 variables...
Number of frequency variables: 916
Number of label variables: 48
Build time: 1.75s
Solving with OR-Tools CP-SAT CP-style model...
[runlim] sample:		11.07 time, 10.01 real, 311 MB, 10.61 load
[runlim] sample:		71.92 time, 20.02 real, 1919 MB, 10.10 load
Number of labels used: 48
Time taken: 21.29s
Number of labels used: 46
Time taken: 28.88s
Number of labels used: 46
Time taken: 29.04s
[runlim] sample:		188.03 time, 30.02 real, 2225 MB, 10.39 load
Number of labels used: 42
Time taken: 30.60s
Number of labels used: 40
Time taken: 30.80s
Number of labels used: 38
Time taken: 31.16s
Number of labels used: 36
Time taken: 31.60s
Number of labels used: 30
Time taken: 31.70s
Number of labels used: 28
Time taken: 34.15s
Number of labels used: 26
Time taken: 34.71s
Number of labels used: 24
Time taken: 37.62s
Number of labels used: 24
Time taken: 37.78s
[runlim] sample:		304.90 time, 40.03 real, 2327 MB, 10.64 load
Status: OPTIMAL
Solution:
{1: 750, 2: 512, 3: 16, 4: 254, 5: 142, 6: 380, 7: 478, 8: 240, 9: 750, 10: 512, 11: 792, 12: 554, 13: 100, 14: 338, 15: 142, 16: 380, 17: 512, 18: 750, 19: 442, 20: 680, 21: 442, 22: 680, 23: 554, 24: 792, 25: 512, 26: 750, 27: 554, 28: 792, 29: 470, 30: 708, 31: 338, 32: 100, 33: 16, 34: 254, 35: 100, 36: 338, 37: 470, 38: 708, 39: 100, 40: 338, 41: 142, 42: 380, 43: 540, 44: 778, 45: 282, 46: 44, 47: 30, 48: 268, 49: 442, 50: 680, 51: 442, 52: 680, 53: 380, 54: 142, 55: 44, 56: 282, 57: 708, 58: 470, 59: 512, 60: 750, 61: 30, 62: 268, 63: 268, 64: 30, 65: 554, 66: 792, 67: 792, 68: 554, 69: 72, 70: 310, 71: 240, 72: 478, 73: 680, 74: 442, 75: 442, 76: 680, 77: 680, 78: 442, 79: 540, 80: 778, 81: 30, 82: 268, 83: 470, 84: 708, 85: 282, 86: 44, 87: 680, 88: 442, 89: 442, 90: 680, 91: 30, 92: 268, 93: 338, 94: 100, 95: 680, 96: 442, 97: 540, 98: 778, 99: 310, 100: 72, 101: 470, 102: 708, 103: 470, 104: 708, 105: 442, 106: 680, 107: 268, 108: 30, 109: 338, 110: 100, 111: 310, 112: 72, 113: 30, 114: 268, 115: 380, 116: 142, 117: 750, 118: 512, 119: 442, 120: 680, 121: 30, 122: 268, 123: 540, 124: 778, 125: 470, 126: 708, 127: 380, 128: 142, 129: 680, 130: 442, 131: 750, 132: 512, 133: 792, 134: 554, 135: 442, 136: 680, 137: 708, 138: 470, 139: 30, 140: 268, 141: 72, 142: 310, 143: 792, 144: 554, 145: 554, 146: 792, 147: 512, 148: 750, 149: 380, 150: 142, 151: 44, 152: 282, 153: 792, 154: 554, 155: 268, 156: 30, 157: 100, 158: 338, 159: 72, 160: 310, 161: 442, 162: 680, 163: 380, 164: 142, 165: 44, 166: 282, 167: 554, 168: 792, 169: 100, 170: 338, 171: 792, 172: 554, 173: 100, 174: 338, 175: 792, 176: 554, 177: 380, 178: 142, 179: 72, 180: 310, 181: 442, 182: 680, 183: 470, 184: 708, 185: 540, 186: 778, 187: 708, 188: 470, 189: 680, 190: 442, 191: 512, 192: 750, 193: 72, 194: 310, 195: 30, 196: 268, 197: 792, 198: 554, 199: 100, 200: 338, 201: 708, 202: 470, 203: 680, 204: 442, 205: 478, 206: 240, 207: 792, 208: 554, 209: 750, 210: 512, 211: 254, 212: 16, 213: 512, 214: 750, 215: 100, 216: 338, 217: 72, 218: 310, 219: 540, 220: 778, 221: 512, 222: 750, 223: 142, 224: 380, 225: 708, 226: 470, 227: 708, 228: 470, 229: 30, 230: 268, 231: 100, 232: 338, 233: 282, 234: 44, 235: 142, 236: 380, 237: 470, 238: 708, 239: 442, 240: 680, 241: 254, 242: 16, 243: 792, 244: 554, 245: 554, 246: 792, 247: 792, 248: 554, 249: 792, 250: 554, 251: 540, 252: 778, 253: 512, 254: 750, 255: 470, 256: 708, 257: 100, 258: 338, 259: 792, 260: 554, 261: 680, 262: 442, 263: 792, 264: 554, 265: 338, 266: 100, 267: 442, 268: 680, 269: 708, 270: 470, 271: 750, 272: 512, 273: 750, 274: 512, 275: 72, 276: 310, 277: 338, 278: 100, 279: 512, 280: 750, 281: 268, 282: 30, 283: 470, 284: 708, 285: 792, 286: 554, 287: 512, 288: 750, 289: 100, 290: 338, 291: 442, 292: 680, 293: 792, 294: 554, 295: 72, 296: 310, 297: 30, 298: 268, 299: 792, 300: 554, 301: 142, 302: 380, 303: 470, 304: 708, 305: 792, 306: 554, 307: 142, 308: 380, 309: 778, 310: 540, 311: 470, 312: 708, 313: 142, 314: 380, 315: 792, 316: 554, 317: 100, 318: 338, 319: 142, 320: 380, 321: 470, 322: 708, 323: 470, 324: 708, 325: 254, 326: 16, 327: 72, 328: 310, 329: 16, 330: 254, 331: 750, 332: 512, 333: 142, 334: 380, 335: 380, 336: 142, 337: 442, 338: 680, 339: 708, 340: 470, 341: 778, 342: 540, 343: 540, 344: 778, 345: 310, 346: 72, 347: 470, 348: 708, 349: 380, 350: 142, 351: 470, 352: 708, 353: 512, 354: 750, 355: 470, 356: 708, 357: 792, 358: 554, 359: 792, 360: 554, 361: 240, 362: 478, 363: 142, 364: 380, 365: 142, 366: 380, 367: 268, 368: 30, 369: 338, 370: 100, 371: 778, 372: 540, 373: 792, 374: 554, 375: 470, 376: 708, 377: 100, 378: 338, 379: 478, 380: 240, 381: 240, 382: 478, 383: 142, 384: 380, 385: 44, 386: 282, 387: 380, 388: 142, 389: 778, 390: 540, 391: 282, 392: 44, 393: 512, 394: 750, 395: 442, 396: 680, 397: 72, 398: 310, 399: 554, 400: 792, 401: 442, 402: 680, 403: 512, 404: 750, 405: 778, 406: 540, 407: 792, 408: 554, 409: 142, 410: 380, 411: 750, 412: 512, 413: 750, 414: 512, 415: 554, 416: 792, 417: 680, 418: 442, 419: 442, 420: 680, 421: 338, 422: 100, 423: 442, 424: 680, 425: 100, 426: 338, 427: 778, 428: 540, 429: 554, 430: 792, 431: 540, 432: 778, 433: 142, 434: 380, 435: 792, 436: 554, 437: 792, 438: 554, 439: 512, 440: 750, 441: 792, 442: 554, 443: 554, 444: 792, 445: 100, 446: 338, 447: 310, 448: 72, 449: 750, 450: 512, 451: 792, 452: 554, 453: 792, 454: 554, 455: 380, 456: 142, 457: 792, 458: 554, 459: 310, 460: 72, 461: 380, 462: 142, 463: 470, 464: 708, 465: 554, 466: 792, 467: 708, 468: 470, 469: 442, 470: 680, 471: 680, 472: 442, 473: 792, 474: 554, 475: 442, 476: 680, 477: 100, 478: 338, 479: 282, 480: 44, 481: 44, 482: 282, 483: 792, 484: 554, 485: 268, 486: 30, 487: 554, 488: 792, 489: 708, 490: 470, 491: 338, 492: 100, 493: 142, 494: 380, 495: 778, 496: 540, 497: 792, 498: 554, 499: 442, 500: 680, 501: 708, 502: 470, 503: 240, 504: 478, 505: 72, 506: 310, 507: 240, 508: 478, 509: 680, 510: 442, 511: 680, 512: 442, 513: 282, 514: 44, 515: 16, 516: 254, 517: 338, 518: 100, 519: 380, 520: 142, 521: 72, 522: 310, 523: 792, 524: 554, 525: 792, 526: 554, 527: 554, 528: 792, 529: 470, 530: 708, 531: 100, 532: 338, 533: 442, 534: 680, 535: 72, 536: 310, 537: 16, 538: 254, 539: 282, 540: 44, 541: 442, 542: 680, 543: 750, 544: 512, 545: 338, 546: 100, 547: 380, 548: 142, 549: 30, 550: 268, 551: 72, 552: 310, 553: 442, 554: 680, 555: 792, 556: 554, 557: 540, 558: 778, 559: 750, 560: 512, 561: 72, 562: 310, 563: 470, 564: 708, 565: 680, 566: 442, 567: 540, 568: 778, 569: 478, 570: 240, 571: 142, 572: 380, 573: 338, 574: 100, 575: 708, 576: 470, 577: 792, 578: 554, 579: 792, 580: 554, 581: 44, 582: 282, 583: 380, 584: 142, 585: 478, 586: 240, 587: 16, 588: 254, 589: 442, 590: 680, 591: 380, 592: 142, 593: 470, 594: 708, 595: 778, 596: 540, 597: 380, 598: 142, 599: 30, 600: 268, 601: 792, 602: 554, 603: 554, 604: 792, 605: 442, 606: 680, 607: 680, 608: 442, 609: 442, 610: 680, 611: 540, 612: 778, 613: 708, 614: 470, 615: 380, 616: 142, 617: 554, 618: 792, 619: 554, 620: 792, 621: 282, 622: 44, 623: 338, 624: 100, 625: 792, 626: 554, 627: 442, 628: 680, 629: 778, 630: 540, 631: 240, 632: 478, 633: 792, 634: 554, 635: 30, 636: 268, 637: 44, 638: 282, 639: 680, 640: 442, 641: 792, 642: 554, 643: 792, 644: 554, 645: 680, 646: 442, 647: 470, 648: 708, 649: 680, 650: 442, 651: 512, 652: 750, 653: 554, 654: 792, 655: 30, 656: 268, 657: 512, 658: 750, 659: 554, 660: 792, 661: 512, 662: 750, 663: 72, 664: 310, 665: 282, 666: 44, 667: 72, 668: 310, 669: 470, 670: 708, 671: 30, 672: 268, 673: 540, 674: 778, 675: 554, 676: 792, 677: 778, 678: 540, 679: 380, 680: 142, 681: 470, 682: 708, 683: 750, 684: 512, 685: 240, 686: 478, 687: 750, 688: 512, 689: 470, 690: 708, 691: 792, 692: 554, 693: 540, 694: 778, 695: 470, 696: 708, 697: 72, 698: 310, 699: 792, 700: 554, 701: 470, 702: 708, 703: 380, 704: 142, 705: 680, 706: 442, 707: 100, 708: 338, 709: 310, 710: 72, 711: 310, 712: 72, 713: 30, 714: 268, 715: 442, 716: 680, 717: 540, 718: 778, 719: 442, 720: 680, 721: 72, 722: 310, 723: 680, 724: 442, 725: 750, 726: 512, 727: 240, 728: 478, 729: 750, 730: 512, 731: 100, 732: 338, 733: 540, 734: 778, 735: 30, 736: 268, 737: 268, 738: 30, 739: 478, 740: 240, 741: 778, 742: 540, 743: 268, 744: 30, 745: 792, 746: 554, 747: 44, 748: 282, 749: 442, 750: 680, 751: 470, 752: 708, 753: 142, 754: 380, 755: 338, 756: 100, 757: 680, 758: 442, 759: 72, 760: 310, 761: 338, 762: 100, 763: 254, 764: 16, 765: 100, 766: 338, 767: 310, 768: 72, 769: 142, 770: 380, 771: 30, 772: 268, 773: 478, 774: 240, 775: 254, 776: 16, 777: 442, 778: 680, 779: 778, 780: 540, 781: 268, 782: 30, 783: 512, 784: 750, 785: 338, 786: 100, 787: 30, 788: 268, 789: 708, 790: 470, 791: 750, 792: 512, 793: 16, 794: 254, 795: 100, 796: 338, 797: 380, 798: 142, 799: 240, 800: 478, 801: 470, 802: 708, 803: 100, 804: 338, 805: 268, 806: 30, 807: 750, 808: 512, 809: 442, 810: 680, 811: 142, 812: 380, 813: 792, 814: 554, 815: 44, 816: 282, 817: 540, 818: 778, 819: 512, 820: 750, 821: 680, 822: 442, 823: 16, 824: 254, 825: 268, 826: 30, 827: 750, 828: 512, 829: 142, 830: 380, 831: 750, 832: 512, 833: 442, 834: 680, 835: 16, 836: 254, 837: 442, 838: 680, 839: 680, 840: 442, 841: 512, 842: 750, 843: 338, 844: 100, 845: 142, 846: 380, 847: 512, 848: 750, 849: 100, 850: 338, 851: 310, 852: 72, 853: 792, 854: 554, 855: 142, 856: 380, 857: 380, 858: 142, 859: 442, 860: 680, 861: 792, 862: 554, 863: 478, 864: 240, 865: 338, 866: 100, 867: 470, 868: 708, 869: 44, 870: 282, 871: 778, 872: 540, 873: 680, 874: 442, 875: 100, 876: 338, 877: 442, 878: 680, 879: 512, 880: 750, 881: 142, 882: 380, 883: 142, 884: 380, 885: 512, 886: 750, 887: 708, 888: 470, 889: 338, 890: 100, 891: 540, 892: 778, 893: 282, 894: 44, 895: 750, 896: 512, 897: 310, 898: 72, 899: 380, 900: 142, 901: 554, 902: 792, 903: 708, 904: 470, 905: 512, 906: 750, 907: 512, 908: 750, 909: 100, 910: 338, 911: 254, 912: 16, 913: 268, 914: 30, 915: 680, 916: 442}
Number of labels used: 24
Objective value: 24.0
Best objective bound: 24.0
Solution is CORRECT!
Total time: 41.59s
Memory used: 1622.63 MB
[runlim] end:			Sun Jun 14 12:43:26 2026
[runlim] status:		ok
[runlim] result:		0
[runlim] children:		1
[runlim] processes:		2
[runlim] real:			42.06 seconds
[runlim] time:			324.26 seconds
[runlim] space:			2337 MB
[runlim] load:			12.36 maximum
[runlim] samples:		421
