[runlim] version:		2.0.0rc12
[runlim] host:			ap-Precision-7550
[runlim] time limit:		311040000 seconds
[runlim] real time limit:	600 seconds
[runlim] space limit:		14000 MB
[runlim] argv[0]:		python3
[runlim] argv[1]:		-u
[runlim] argv[2]:		pairwise.py
[runlim] argv[3]:		graph03
[runlim] argv[4]:		tot
[runlim] argv[5]:		assumptions
[runlim] argv[6]:		cadical195
[runlim] argv[7]:		6
[runlim] argv[8]:		card
[runlim] argv[9]:		6
[runlim] start:			Sat Jun 27 11:05:29 2026
[runlim] child:			24449
Exactly-one cardinality encoding:  6
Distance constraint mode:  card
Distance cardinality encoding:  6
Objective strategy:  tot
SAT type:  assumptions
Solver:  cadical195
Number of assignment variables:  7480
Number of clauses for exactly one constraints:  182528
Number of clauses for distance constraints:  6254540
---------------------------------------------------
Solve first problem:
Solution:
{1: 456, 2: 694, 3: 268, 4: 30, 5: 498, 6: 736, 7: 540, 8: 778, 9: 540, 10: 778, 11: 540, 12: 778, 13: 456, 14: 694, 15: 296, 16: 58, 17: 296, 18: 58, 19: 414, 20: 652, 21: 414, 22: 652, 23: 338, 24: 100, 25: 498, 26: 736, 27: 324, 28: 86, 29: 512, 30: 750, 31: 268, 32: 30, 33: 366, 34: 128, 35: 268, 36: 30, 37: 470, 38: 708, 39: 792, 40: 554, 41: 254, 42: 16, 43: 324, 44: 86, 45: 352, 46: 114, 47: 470, 48: 708, 49: 778, 50: 540, 51: 282, 52: 44, 53: 540, 54: 778, 55: 764, 56: 526, 57: 484, 58: 722, 59: 296, 60: 58, 61: 324, 62: 86, 63: 394, 64: 156, 65: 456, 66: 694, 67: 498, 68: 736, 69: 428, 70: 666, 71: 526, 72: 764, 73: 268, 74: 30, 75: 352, 76: 114, 77: 366, 78: 128, 79: 414, 80: 652, 81: 484, 82: 722, 83: 428, 84: 666, 85: 414, 86: 652, 87: 394, 88: 156, 89: 470, 90: 708, 91: 394, 92: 156, 93: 428, 94: 666, 95: 170, 96: 408, 97: 428, 98: 666, 99: 72, 100: 310, 101: 792, 102: 554, 103: 526, 104: 764, 105: 484, 106: 722, 107: 310, 108: 72, 109: 268, 110: 30, 111: 394, 112: 156, 113: 394, 114: 156, 115: 750, 116: 512, 117: 268, 118: 30, 119: 268, 120: 30, 121: 512, 122: 750, 123: 394, 124: 156, 125: 526, 126: 764, 127: 470, 128: 708, 129: 296, 130: 58, 131: 268, 132: 30, 133: 470, 134: 708, 135: 540, 136: 778, 137: 296, 138: 58, 139: 722, 140: 484, 141: 498, 142: 736, 143: 352, 144: 114, 145: 58, 146: 296, 147: 456, 148: 694, 149: 512, 150: 750, 151: 366, 152: 128, 153: 414, 154: 652, 155: 324, 156: 86, 157: 394, 158: 156, 159: 352, 160: 114, 161: 338, 162: 100, 163: 296, 164: 58, 165: 470, 166: 708, 167: 254, 168: 16, 169: 512, 170: 750, 171: 282, 172: 44, 173: 366, 174: 128, 175: 310, 176: 72, 177: 442, 178: 680, 179: 470, 180: 708, 181: 296, 182: 58, 183: 484, 184: 722, 185: 268, 186: 30, 187: 526, 188: 764, 189: 428, 190: 666, 191: 296, 192: 58, 193: 456, 194: 694, 195: 268, 196: 30, 197: 526, 198: 764, 199: 268, 200: 30}
Number of lables used:  44
Total time: 6.09 seconds
Memory used: 1118.45 MB
--------------------------------------------------
Number of label variables:  48
Number of clauses for label constraints:  7480
Number of clauses for cardinality constraints:  1390
Initial variable count:  2028682
Initial clause count:  4748524
--------------------------------------------------

Trying with at most 43 labels...
Solution:
{1: 708, 2: 470, 3: 142, 4: 380, 5: 142, 6: 380, 7: 652, 8: 414, 9: 142, 10: 380, 11: 142, 12: 380, 13: 58, 14: 296, 15: 114, 16: 352, 17: 114, 18: 352, 19: 58, 20: 296, 21: 16, 22: 254, 23: 86, 24: 324, 25: 100, 26: 338, 27: 100, 28: 338, 29: 666, 30: 428, 31: 128, 32: 366, 33: 44, 34: 282, 35: 142, 36: 380, 37: 72, 38: 310, 39: 16, 40: 254, 41: 16, 42: 254, 43: 86, 44: 324, 45: 58, 46: 296, 47: 86, 48: 324, 49: 30, 50: 268, 51: 128, 52: 366, 53: 142, 54: 380, 55: 44, 56: 282, 57: 86, 58: 324, 59: 680, 60: 442, 61: 722, 62: 484, 63: 16, 64: 254, 65: 58, 66: 296, 67: 694, 68: 456, 69: 30, 70: 268, 71: 652, 72: 414, 73: 142, 74: 380, 75: 58, 76: 296, 77: 44, 78: 282, 79: 16, 80: 254, 81: 86, 82: 324, 83: 30, 84: 268, 85: 16, 86: 254, 87: 16, 88: 254, 89: 72, 90: 310, 91: 16, 92: 254, 93: 30, 94: 268, 95: 142, 96: 380, 97: 30, 98: 268, 99: 44, 100: 282, 101: 16, 102: 254, 103: 142, 104: 380, 105: 86, 106: 324, 107: 100, 108: 338, 109: 142, 110: 380, 111: 16, 112: 254, 113: 16, 114: 254, 115: 58, 116: 296, 117: 142, 118: 380, 119: 44, 120: 282, 121: 680, 122: 442, 123: 16, 124: 254, 125: 142, 126: 380, 127: 72, 128: 310, 129: 114, 130: 352, 131: 652, 132: 414, 133: 72, 134: 310, 135: 142, 136: 380, 137: 114, 138: 352, 139: 722, 140: 484, 141: 100, 142: 338, 143: 58, 144: 296, 145: 30, 146: 268, 147: 722, 148: 484, 149: 128, 150: 366, 151: 44, 152: 282, 153: 16, 154: 254, 155: 708, 156: 470, 157: 16, 158: 254, 159: 58, 160: 296, 161: 72, 162: 310, 163: 722, 164: 484, 165: 86, 166: 324, 167: 16, 168: 254, 169: 666, 170: 428, 171: 128, 172: 366, 173: 44, 174: 282, 175: 708, 176: 470, 177: 44, 178: 282, 179: 72, 180: 310, 181: 680, 182: 442, 183: 722, 184: 484, 185: 652, 186: 414, 187: 58, 188: 296, 189: 30, 190: 268, 191: 16, 192: 254, 193: 58, 194: 296, 195: 722, 196: 484, 197: 128, 198: 366, 199: 30, 200: 268}
Number of lables used:  32
Total time: 6.39 seconds
Memory used: 1118.93 MB
--------------------------------------------------

Trying with at most 31 labels...
Solution:
{1: 708, 2: 470, 3: 142, 4: 380, 5: 142, 6: 380, 7: 652, 8: 414, 9: 142, 10: 380, 11: 142, 12: 380, 13: 58, 14: 296, 15: 114, 16: 352, 17: 114, 18: 352, 19: 58, 20: 296, 21: 16, 22: 254, 23: 86, 24: 324, 25: 100, 26: 338, 27: 100, 28: 338, 29: 666, 30: 428, 31: 128, 32: 366, 33: 44, 34: 282, 35: 142, 36: 380, 37: 72, 38: 310, 39: 16, 40: 254, 41: 16, 42: 254, 43: 86, 44: 324, 45: 58, 46: 296, 47: 86, 48: 324, 49: 30, 50: 268, 51: 128, 52: 366, 53: 142, 54: 380, 55: 44, 56: 282, 57: 86, 58: 324, 59: 680, 60: 442, 61: 722, 62: 484, 63: 16, 64: 254, 65: 58, 66: 296, 67: 100, 68: 338, 69: 30, 70: 268, 71: 652, 72: 414, 73: 142, 74: 380, 75: 58, 76: 296, 77: 44, 78: 282, 79: 16, 80: 254, 81: 86, 82: 324, 83: 30, 84: 268, 85: 16, 86: 254, 87: 16, 88: 254, 89: 72, 90: 310, 91: 16, 92: 254, 93: 30, 94: 268, 95: 142, 96: 380, 97: 30, 98: 268, 99: 44, 100: 282, 101: 16, 102: 254, 103: 142, 104: 380, 105: 86, 106: 324, 107: 100, 108: 338, 109: 142, 110: 380, 111: 16, 112: 254, 113: 16, 114: 254, 115: 58, 116: 296, 117: 142, 118: 380, 119: 44, 120: 282, 121: 680, 122: 442, 123: 16, 124: 254, 125: 142, 126: 380, 127: 72, 128: 310, 129: 114, 130: 352, 131: 652, 132: 414, 133: 72, 134: 310, 135: 142, 136: 380, 137: 114, 138: 352, 139: 722, 140: 484, 141: 100, 142: 338, 143: 58, 144: 296, 145: 30, 146: 268, 147: 722, 148: 484, 149: 128, 150: 366, 151: 44, 152: 282, 153: 16, 154: 254, 155: 708, 156: 470, 157: 16, 158: 254, 159: 58, 160: 296, 161: 72, 162: 310, 163: 722, 164: 484, 165: 86, 166: 324, 167: 16, 168: 254, 169: 666, 170: 428, 171: 128, 172: 366, 173: 44, 174: 282, 175: 708, 176: 470, 177: 44, 178: 282, 179: 72, 180: 310, 181: 680, 182: 442, 183: 722, 184: 484, 185: 652, 186: 414, 187: 58, 188: 296, 189: 30, 190: 268, 191: 16, 192: 254, 193: 58, 194: 296, 195: 722, 196: 484, 197: 128, 198: 366, 199: 30, 200: 268}
Number of lables used:  30
Total time: 6.60 seconds
Memory used: 1118.93 MB
--------------------------------------------------

Trying with at most 29 labels...
Solution:
{1: 708, 2: 470, 3: 142, 4: 380, 5: 142, 6: 380, 7: 652, 8: 414, 9: 142, 10: 380, 11: 142, 12: 380, 13: 58, 14: 296, 15: 114, 16: 352, 17: 114, 18: 352, 19: 58, 20: 296, 21: 16, 22: 254, 23: 86, 24: 324, 25: 100, 26: 338, 27: 100, 28: 338, 29: 114, 30: 352, 31: 128, 32: 366, 33: 44, 34: 282, 35: 142, 36: 380, 37: 72, 38: 310, 39: 16, 40: 254, 41: 16, 42: 254, 43: 86, 44: 324, 45: 58, 46: 296, 47: 86, 48: 324, 49: 30, 50: 268, 51: 128, 52: 366, 53: 142, 54: 380, 55: 44, 56: 282, 57: 86, 58: 324, 59: 114, 60: 352, 61: 722, 62: 484, 63: 16, 64: 254, 65: 58, 66: 296, 67: 100, 68: 338, 69: 30, 70: 268, 71: 652, 72: 414, 73: 142, 74: 380, 75: 58, 76: 296, 77: 44, 78: 282, 79: 16, 80: 254, 81: 86, 82: 324, 83: 30, 84: 268, 85: 16, 86: 254, 87: 16, 88: 254, 89: 72, 90: 310, 91: 16, 92: 254, 93: 30, 94: 268, 95: 142, 96: 380, 97: 30, 98: 268, 99: 44, 100: 282, 101: 16, 102: 254, 103: 142, 104: 380, 105: 86, 106: 324, 107: 100, 108: 338, 109: 142, 110: 380, 111: 16, 112: 254, 113: 16, 114: 254, 115: 58, 116: 296, 117: 142, 118: 380, 119: 44, 120: 282, 121: 114, 122: 352, 123: 16, 124: 254, 125: 142, 126: 380, 127: 72, 128: 310, 129: 114, 130: 352, 131: 652, 132: 414, 133: 72, 134: 310, 135: 142, 136: 380, 137: 114, 138: 352, 139: 722, 140: 484, 141: 100, 142: 338, 143: 58, 144: 296, 145: 30, 146: 268, 147: 72, 148: 310, 149: 128, 150: 366, 151: 44, 152: 282, 153: 16, 154: 254, 155: 708, 156: 470, 157: 16, 158: 254, 159: 58, 160: 296, 161: 72, 162: 310, 163: 722, 164: 484, 165: 86, 166: 324, 167: 16, 168: 254, 169: 128, 170: 366, 171: 128, 172: 366, 173: 44, 174: 282, 175: 708, 176: 470, 177: 44, 178: 282, 179: 72, 180: 310, 181: 652, 182: 414, 183: 722, 184: 484, 185: 652, 186: 414, 187: 58, 188: 296, 189: 30, 190: 268, 191: 16, 192: 254, 193: 58, 194: 296, 195: 722, 196: 484, 197: 128, 198: 366, 199: 30, 200: 268}
Number of lables used:  26
Total time: 6.81 seconds
Memory used: 1118.93 MB
--------------------------------------------------

Trying with at most 25 labels...
[runlim] sample:		9.99 time, 10.01 real, 1345 MB, 1.00 load
[runlim] sample:		19.99 time, 20.01 real, 1310 MB, 1.00 load
Solution:
{1: 100, 2: 338, 3: 142, 4: 380, 5: 142, 6: 380, 7: 142, 8: 380, 9: 142, 10: 380, 11: 142, 12: 380, 13: 750, 14: 512, 15: 114, 16: 352, 17: 114, 18: 352, 19: 750, 20: 512, 21: 16, 22: 254, 23: 86, 24: 324, 25: 100, 26: 338, 27: 100, 28: 338, 29: 114, 30: 352, 31: 128, 32: 366, 33: 44, 34: 282, 35: 142, 36: 380, 37: 72, 38: 310, 39: 16, 40: 254, 41: 16, 42: 254, 43: 86, 44: 324, 45: 750, 46: 512, 47: 86, 48: 324, 49: 778, 50: 540, 51: 128, 52: 366, 53: 142, 54: 380, 55: 44, 56: 282, 57: 86, 58: 324, 59: 694, 60: 456, 61: 778, 62: 540, 63: 16, 64: 254, 65: 750, 66: 512, 67: 100, 68: 338, 69: 778, 70: 540, 71: 694, 72: 456, 73: 142, 74: 380, 75: 750, 76: 512, 77: 44, 78: 282, 79: 16, 80: 254, 81: 86, 82: 324, 83: 778, 84: 540, 85: 16, 86: 254, 87: 16, 88: 254, 89: 778, 90: 540, 91: 16, 92: 254, 93: 778, 94: 540, 95: 142, 96: 380, 97: 778, 98: 540, 99: 44, 100: 282, 101: 16, 102: 254, 103: 142, 104: 380, 105: 86, 106: 324, 107: 100, 108: 338, 109: 142, 110: 380, 111: 16, 112: 254, 113: 16, 114: 254, 115: 750, 116: 512, 117: 694, 118: 456, 119: 44, 120: 282, 121: 114, 122: 352, 123: 778, 124: 540, 125: 142, 126: 380, 127: 72, 128: 310, 129: 114, 130: 352, 131: 142, 132: 380, 133: 72, 134: 310, 135: 142, 136: 380, 137: 114, 138: 352, 139: 86, 140: 324, 141: 100, 142: 338, 143: 750, 144: 512, 145: 778, 146: 540, 147: 72, 148: 310, 149: 128, 150: 366, 151: 44, 152: 282, 153: 16, 154: 254, 155: 86, 156: 324, 157: 16, 158: 254, 159: 778, 160: 540, 161: 72, 162: 310, 163: 694, 164: 456, 165: 86, 166: 324, 167: 16, 168: 254, 169: 128, 170: 366, 171: 128, 172: 366, 173: 44, 174: 282, 175: 100, 176: 338, 177: 44, 178: 282, 179: 72, 180: 310, 181: 694, 182: 456, 183: 86, 184: 324, 185: 142, 186: 380, 187: 750, 188: 512, 189: 778, 190: 540, 191: 16, 192: 254, 193: 778, 194: 540, 195: 44, 196: 282, 197: 128, 198: 366, 199: 778, 200: 540}
Number of lables used:  22
Total time: 22.67 seconds
Memory used: 1296.15 MB
--------------------------------------------------

Trying with at most 21 labels...
Solution:
{1: 100, 2: 338, 3: 142, 4: 380, 5: 142, 6: 380, 7: 142, 8: 380, 9: 142, 10: 380, 11: 142, 12: 380, 13: 750, 14: 512, 15: 114, 16: 352, 17: 114, 18: 352, 19: 750, 20: 512, 21: 16, 22: 254, 23: 86, 24: 324, 25: 100, 26: 338, 27: 100, 28: 338, 29: 114, 30: 352, 31: 128, 32: 366, 33: 44, 34: 282, 35: 142, 36: 380, 37: 72, 38: 310, 39: 16, 40: 254, 41: 16, 42: 254, 43: 86, 44: 324, 45: 750, 46: 512, 47: 86, 48: 324, 49: 778, 50: 540, 51: 128, 52: 366, 53: 142, 54: 380, 55: 44, 56: 282, 57: 86, 58: 324, 59: 114, 60: 352, 61: 778, 62: 540, 63: 16, 64: 254, 65: 750, 66: 512, 67: 100, 68: 338, 69: 778, 70: 540, 71: 142, 72: 380, 73: 142, 74: 380, 75: 750, 76: 512, 77: 44, 78: 282, 79: 16, 80: 254, 81: 86, 82: 324, 83: 778, 84: 540, 85: 16, 86: 254, 87: 16, 88: 254, 89: 778, 90: 540, 91: 16, 92: 254, 93: 778, 94: 540, 95: 142, 96: 380, 97: 778, 98: 540, 99: 44, 100: 282, 101: 16, 102: 254, 103: 142, 104: 380, 105: 86, 106: 324, 107: 100, 108: 338, 109: 142, 110: 380, 111: 16, 112: 254, 113: 16, 114: 254, 115: 750, 116: 512, 117: 142, 118: 380, 119: 44, 120: 282, 121: 114, 122: 352, 123: 778, 124: 540, 125: 142, 126: 380, 127: 72, 128: 310, 129: 114, 130: 352, 131: 142, 132: 380, 133: 72, 134: 310, 135: 142, 136: 380, 137: 114, 138: 352, 139: 86, 140: 324, 141: 100, 142: 338, 143: 750, 144: 512, 145: 778, 146: 540, 147: 72, 148: 310, 149: 128, 150: 366, 151: 44, 152: 282, 153: 16, 154: 254, 155: 86, 156: 324, 157: 16, 158: 254, 159: 778, 160: 540, 161: 72, 162: 310, 163: 114, 164: 352, 165: 86, 166: 324, 167: 16, 168: 254, 169: 128, 170: 366, 171: 128, 172: 366, 173: 44, 174: 282, 175: 100, 176: 338, 177: 44, 178: 282, 179: 72, 180: 310, 181: 114, 182: 352, 183: 86, 184: 324, 185: 142, 186: 380, 187: 750, 188: 512, 189: 778, 190: 540, 191: 16, 192: 254, 193: 778, 194: 540, 195: 44, 196: 282, 197: 128, 198: 366, 199: 778, 200: 540}
Number of lables used:  20
Total time: 23.67 seconds
Memory used: 1106.55 MB
--------------------------------------------------

Trying with at most 19 labels...
[runlim] sample:		29.98 time, 30.01 real, 1125 MB, 1.00 load
[runlim] sample:		39.98 time, 40.01 real, 1125 MB, 1.00 load
[runlim] sample:		49.97 time, 50.01 real, 1125 MB, 1.00 load
[runlim] sample:		59.97 time, 60.01 real, 1125 MB, 1.00 load
[runlim] sample:		69.96 time, 70.01 real, 1126 MB, 1.00 load
[runlim] sample:		79.96 time, 80.01 real, 1126 MB, 1.00 load
[runlim] sample:		89.96 time, 90.01 real, 1126 MB, 1.00 load
[runlim] sample:		99.95 time, 100.01 real, 1126 MB, 1.00 load
Cannot find solution.
No more solutions found.
Optimal number of labels used:  20
Total time: 100.39 seconds
Memory used: 1126.03 MB
[runlim] end:			Sat Jun 27 11:07:10 2026
[runlim] status:		ok
[runlim] result:		0
[runlim] children:		1
[runlim] processes:		2
[runlim] real:			100.56 seconds
[runlim] time:			100.45 seconds
[runlim] space:			1473 MB
[runlim] load:			1.00 maximum
[runlim] samples:		1006
