[runlim] version:		2.0.0rc12
[runlim] host:			ap-Precision-7550
[runlim] time limit:		311040000 seconds
[runlim] real time limit:	600 seconds
[runlim] space limit:		14000 MB
[runlim] argv[0]:		python3
[runlim] argv[1]:		-u
[runlim] argv[2]:		pairwise.py
[runlim] argv[3]:		graph04
[runlim] argv[4]:		tot
[runlim] argv[5]:		assumptions
[runlim] argv[6]:		cadical195
[runlim] argv[7]:		6
[runlim] argv[8]:		card
[runlim] argv[9]:		6
[runlim] start:			Sat Jun 27 11:07:10 2026
[runlim] child:			24454
Exactly-one cardinality encoding:  6
Distance constraint mode:  card
Distance cardinality encoding:  6
Objective strategy:  tot
SAT type:  assumptions
Solver:  cadical195
Number of assignment variables:  14816
Number of clauses for exactly one constraints:  357904
Number of clauses for distance constraints:  12180865
---------------------------------------------------
Solve first problem:
[runlim] sample:		10.00 time, 10.01 real, 2106 MB, 1.00 load
Solution:
{1: 58, 2: 296, 3: 16, 4: 254, 5: 16, 6: 254, 7: 30, 8: 268, 9: 142, 10: 380, 11: 58, 12: 296, 13: 72, 14: 310, 15: 16, 16: 254, 17: 792, 18: 554, 19: 142, 20: 380, 21: 764, 22: 526, 23: 16, 24: 254, 25: 16, 26: 254, 27: 16, 28: 254, 29: 30, 30: 268, 31: 750, 32: 512, 33: 16, 34: 254, 35: 680, 36: 442, 37: 792, 38: 554, 39: 30, 40: 268, 41: 114, 42: 352, 43: 750, 44: 512, 45: 652, 46: 414, 47: 44, 48: 282, 49: 708, 50: 470, 51: 554, 52: 792, 53: 736, 54: 498, 55: 30, 56: 268, 57: 792, 58: 554, 59: 58, 60: 296, 61: 680, 62: 442, 63: 680, 64: 442, 65: 764, 66: 526, 67: 750, 68: 512, 69: 128, 70: 366, 71: 694, 72: 456, 73: 44, 74: 282, 75: 100, 76: 338, 77: 652, 78: 414, 79: 736, 80: 498, 81: 114, 82: 352, 83: 16, 84: 254, 85: 44, 86: 282, 87: 16, 88: 254, 89: 792, 90: 554, 91: 792, 92: 554, 93: 58, 94: 296, 95: 282, 96: 44, 97: 44, 98: 282, 99: 142, 100: 380, 101: 792, 102: 554, 103: 778, 104: 540, 105: 86, 106: 324, 107: 156, 108: 394, 109: 72, 110: 310, 111: 652, 112: 414, 113: 16, 114: 254, 115: 142, 116: 380, 117: 792, 118: 554, 119: 86, 120: 324, 121: 114, 122: 352, 123: 680, 124: 442, 125: 86, 126: 324, 127: 16, 128: 254, 129: 44, 130: 282, 131: 792, 132: 554, 133: 30, 134: 268, 135: 708, 136: 470, 137: 86, 138: 324, 139: 30, 140: 268, 141: 142, 142: 380, 143: 736, 144: 498, 145: 30, 146: 268, 147: 16, 148: 254, 149: 44, 150: 282, 151: 750, 152: 512, 153: 792, 154: 554, 155: 652, 156: 414, 157: 100, 158: 338, 159: 708, 160: 470, 161: 114, 162: 352, 163: 16, 164: 254, 165: 58, 166: 296, 167: 764, 168: 526, 169: 58, 170: 296, 171: 652, 172: 414, 173: 114, 174: 352, 175: 708, 176: 470, 177: 16, 178: 254, 179: 708, 180: 470, 181: 100, 182: 338, 183: 16, 184: 254, 185: 86, 186: 324, 187: 30, 188: 268, 189: 16, 190: 254, 191: 128, 192: 366, 193: 128, 194: 366, 195: 750, 196: 512, 197: 778, 198: 540, 199: 142, 200: 380, 201: 30, 202: 268, 203: 764, 204: 526, 205: 58, 206: 296, 207: 722, 208: 484, 209: 72, 210: 310, 211: 142, 212: 380, 213: 694, 214: 456, 215: 694, 216: 456, 217: 694, 218: 456, 219: 652, 220: 414, 221: 792, 222: 554, 223: 156, 224: 394, 225: 30, 226: 268, 227: 680, 228: 442, 229: 86, 230: 324, 231: 30, 232: 268, 233: 708, 234: 470, 235: 680, 236: 442, 237: 44, 238: 282, 239: 128, 240: 366, 241: 16, 242: 254, 243: 750, 244: 512, 245: 792, 246: 554, 247: 736, 248: 498, 249: 30, 250: 268, 251: 156, 252: 394, 253: 750, 254: 512, 255: 652, 256: 414, 257: 694, 258: 456, 259: 114, 260: 352, 261: 792, 262: 554, 263: 30, 264: 268, 265: 100, 266: 338, 267: 156, 268: 394, 269: 554, 270: 792, 271: 750, 272: 512, 273: 722, 274: 484, 275: 156, 276: 394, 277: 722, 278: 484, 279: 792, 280: 554, 281: 652, 282: 414, 283: 708, 284: 470, 285: 750, 286: 512, 287: 652, 288: 414, 289: 736, 290: 498, 291: 652, 292: 414, 293: 142, 294: 380, 295: 792, 296: 554, 297: 694, 298: 456, 299: 778, 300: 540, 301: 114, 302: 352, 303: 722, 304: 484, 305: 778, 306: 540, 307: 666, 308: 428, 309: 764, 310: 526, 311: 58, 312: 296, 313: 30, 314: 268, 315: 680, 316: 442, 317: 792, 318: 554, 319: 16, 320: 254, 321: 722, 322: 484, 323: 652, 324: 414, 325: 58, 326: 296, 327: 652, 328: 414, 329: 86, 330: 324, 331: 30, 332: 268, 333: 652, 334: 414, 335: 114, 336: 352, 337: 58, 338: 296, 339: 708, 340: 470, 341: 128, 342: 366, 343: 128, 344: 366, 345: 792, 346: 554, 347: 778, 348: 540, 349: 652, 350: 414, 351: 114, 352: 352, 353: 750, 354: 512, 355: 30, 356: 268, 357: 16, 358: 254, 359: 736, 360: 498, 361: 764, 362: 526, 363: 722, 364: 484, 365: 72, 366: 310, 367: 736, 368: 498, 369: 792, 370: 554, 371: 778, 372: 540, 373: 30, 374: 268, 375: 44, 376: 282, 377: 680, 378: 442, 379: 736, 380: 498, 381: 764, 382: 526, 383: 736, 384: 498, 385: 666, 386: 428, 387: 708, 388: 470, 389: 778, 390: 540, 391: 792, 392: 554, 393: 156, 394: 394, 395: 156, 396: 394, 397: 778, 398: 540, 399: 764, 400: 526}
Number of lables used:  44
Total time: 12.83 seconds
Memory used: 2168.79 MB
--------------------------------------------------
Number of label variables:  48
Number of clauses for label constraints:  14803
Number of clauses for cardinality constraints:  1390
Initial variable count:  3953179
Initial clause count:  9246508
--------------------------------------------------

Trying with at most 43 labels...
Solution:
{1: 58, 2: 296, 3: 30, 4: 268, 5: 680, 6: 442, 7: 44, 8: 282, 9: 694, 10: 456, 11: 156, 12: 394, 13: 128, 14: 366, 15: 114, 16: 352, 17: 16, 18: 254, 19: 156, 20: 394, 21: 16, 22: 254, 23: 72, 24: 310, 25: 142, 26: 380, 27: 72, 28: 310, 29: 666, 30: 428, 31: 58, 32: 296, 33: 142, 34: 380, 35: 680, 36: 442, 37: 16, 38: 254, 39: 722, 40: 484, 41: 114, 42: 352, 43: 44, 44: 282, 45: 142, 46: 380, 47: 44, 48: 282, 49: 86, 50: 324, 51: 58, 52: 296, 53: 114, 54: 352, 55: 142, 56: 380, 57: 16, 58: 254, 59: 72, 60: 310, 61: 128, 62: 366, 63: 680, 64: 442, 65: 30, 66: 268, 67: 58, 68: 296, 69: 142, 70: 380, 71: 694, 72: 456, 73: 44, 74: 282, 75: 156, 76: 394, 77: 156, 78: 394, 79: 58, 80: 296, 81: 114, 82: 352, 83: 16, 84: 254, 85: 58, 86: 296, 87: 30, 88: 268, 89: 16, 90: 254, 91: 16, 92: 254, 93: 114, 94: 352, 95: 156, 96: 394, 97: 142, 98: 380, 99: 142, 100: 380, 101: 16, 102: 254, 103: 16, 104: 254, 105: 86, 106: 324, 107: 156, 108: 394, 109: 128, 110: 366, 111: 156, 112: 394, 113: 114, 114: 352, 115: 142, 116: 380, 117: 722, 118: 484, 119: 86, 120: 324, 121: 100, 122: 338, 123: 128, 124: 366, 125: 652, 126: 414, 127: 16, 128: 254, 129: 44, 130: 282, 131: 58, 132: 296, 133: 30, 134: 268, 135: 708, 136: 470, 137: 666, 138: 428, 139: 652, 140: 414, 141: 156, 142: 394, 143: 72, 144: 310, 145: 30, 146: 268, 147: 16, 148: 254, 149: 44, 150: 282, 151: 58, 152: 296, 153: 16, 154: 254, 155: 156, 156: 394, 157: 156, 158: 394, 159: 722, 160: 484, 161: 128, 162: 366, 163: 16, 164: 254, 165: 58, 166: 296, 167: 44, 168: 282, 169: 156, 170: 394, 171: 652, 172: 414, 173: 128, 174: 366, 175: 708, 176: 470, 177: 16, 178: 254, 179: 100, 180: 338, 181: 58, 182: 296, 183: 16, 184: 254, 185: 86, 186: 324, 187: 30, 188: 268, 189: 16, 190: 254, 191: 680, 192: 442, 193: 128, 194: 366, 195: 58, 196: 296, 197: 30, 198: 268, 199: 142, 200: 380, 201: 100, 202: 338, 203: 30, 204: 268, 205: 58, 206: 296, 207: 86, 208: 324, 209: 72, 210: 310, 211: 142, 212: 380, 213: 694, 214: 456, 215: 114, 216: 352, 217: 694, 218: 456, 219: 708, 220: 470, 221: 58, 222: 296, 223: 680, 224: 442, 225: 666, 226: 428, 227: 128, 228: 366, 229: 44, 230: 282, 231: 30, 232: 268, 233: 694, 234: 456, 235: 128, 236: 366, 237: 44, 238: 282, 239: 86, 240: 324, 241: 16, 242: 254, 243: 58, 244: 296, 245: 114, 246: 352, 247: 72, 248: 310, 249: 44, 250: 282, 251: 156, 252: 394, 253: 58, 254: 296, 255: 156, 256: 394, 257: 86, 258: 324, 259: 114, 260: 352, 261: 16, 262: 254, 263: 30, 264: 268, 265: 100, 266: 338, 267: 156, 268: 394, 269: 156, 270: 394, 271: 58, 272: 296, 273: 86, 274: 324, 275: 156, 276: 394, 277: 722, 278: 484, 279: 16, 280: 254, 281: 156, 282: 394, 283: 708, 284: 470, 285: 58, 286: 296, 287: 652, 288: 414, 289: 72, 290: 310, 291: 652, 292: 414, 293: 142, 294: 380, 295: 16, 296: 254, 297: 114, 298: 352, 299: 30, 300: 268, 301: 114, 302: 352, 303: 86, 304: 324, 305: 722, 306: 484, 307: 680, 308: 442, 309: 44, 310: 282, 311: 58, 312: 296, 313: 128, 314: 366, 315: 128, 316: 366, 317: 16, 318: 254, 319: 16, 320: 254, 321: 86, 322: 324, 323: 652, 324: 414, 325: 86, 326: 324, 327: 652, 328: 414, 329: 100, 330: 338, 331: 30, 332: 268, 333: 652, 334: 414, 335: 142, 336: 380, 337: 58, 338: 296, 339: 100, 340: 338, 341: 128, 342: 366, 343: 128, 344: 366, 345: 16, 346: 254, 347: 30, 348: 268, 349: 652, 350: 414, 351: 30, 352: 268, 353: 58, 354: 296, 355: 30, 356: 268, 357: 16, 358: 254, 359: 72, 360: 310, 361: 44, 362: 282, 363: 86, 364: 324, 365: 72, 366: 310, 367: 72, 368: 310, 369: 16, 370: 254, 371: 30, 372: 268, 373: 30, 374: 268, 375: 44, 376: 282, 377: 680, 378: 442, 379: 72, 380: 310, 381: 44, 382: 282, 383: 72, 384: 310, 385: 142, 386: 380, 387: 722, 388: 484, 389: 30, 390: 268, 391: 16, 392: 254, 393: 666, 394: 428, 395: 652, 396: 414, 397: 16, 398: 254, 399: 30, 400: 268}
Number of lables used:  34
Total time: 13.90 seconds
Memory used: 2169.70 MB
--------------------------------------------------

Trying with at most 33 labels...
Solution:
{1: 58, 2: 296, 3: 30, 4: 268, 5: 680, 6: 442, 7: 44, 8: 282, 9: 708, 10: 470, 11: 156, 12: 394, 13: 128, 14: 366, 15: 114, 16: 352, 17: 16, 18: 254, 19: 156, 20: 394, 21: 16, 22: 254, 23: 72, 24: 310, 25: 142, 26: 380, 27: 72, 28: 310, 29: 666, 30: 428, 31: 58, 32: 296, 33: 142, 34: 380, 35: 680, 36: 442, 37: 16, 38: 254, 39: 722, 40: 484, 41: 114, 42: 352, 43: 44, 44: 282, 45: 142, 46: 380, 47: 44, 48: 282, 49: 86, 50: 324, 51: 58, 52: 296, 53: 114, 54: 352, 55: 142, 56: 380, 57: 16, 58: 254, 59: 72, 60: 310, 61: 128, 62: 366, 63: 680, 64: 442, 65: 30, 66: 268, 67: 58, 68: 296, 69: 142, 70: 380, 71: 114, 72: 352, 73: 44, 74: 282, 75: 156, 76: 394, 77: 156, 78: 394, 79: 58, 80: 296, 81: 114, 82: 352, 83: 16, 84: 254, 85: 58, 86: 296, 87: 30, 88: 268, 89: 16, 90: 254, 91: 16, 92: 254, 93: 114, 94: 352, 95: 156, 96: 394, 97: 142, 98: 380, 99: 142, 100: 380, 101: 16, 102: 254, 103: 16, 104: 254, 105: 86, 106: 324, 107: 156, 108: 394, 109: 128, 110: 366, 111: 156, 112: 394, 113: 114, 114: 352, 115: 142, 116: 380, 117: 722, 118: 484, 119: 86, 120: 324, 121: 100, 122: 338, 123: 128, 124: 366, 125: 652, 126: 414, 127: 16, 128: 254, 129: 44, 130: 282, 131: 58, 132: 296, 133: 30, 134: 268, 135: 708, 136: 470, 137: 666, 138: 428, 139: 652, 140: 414, 141: 156, 142: 394, 143: 72, 144: 310, 145: 30, 146: 268, 147: 16, 148: 254, 149: 44, 150: 282, 151: 58, 152: 296, 153: 16, 154: 254, 155: 156, 156: 394, 157: 156, 158: 394, 159: 722, 160: 484, 161: 128, 162: 366, 163: 16, 164: 254, 165: 58, 166: 296, 167: 44, 168: 282, 169: 156, 170: 394, 171: 652, 172: 414, 173: 128, 174: 366, 175: 708, 176: 470, 177: 16, 178: 254, 179: 100, 180: 338, 181: 58, 182: 296, 183: 16, 184: 254, 185: 86, 186: 324, 187: 30, 188: 268, 189: 16, 190: 254, 191: 680, 192: 442, 193: 128, 194: 366, 195: 58, 196: 296, 197: 30, 198: 268, 199: 142, 200: 380, 201: 100, 202: 338, 203: 30, 204: 268, 205: 58, 206: 296, 207: 86, 208: 324, 209: 72, 210: 310, 211: 142, 212: 380, 213: 114, 214: 352, 215: 114, 216: 352, 217: 114, 218: 352, 219: 708, 220: 470, 221: 58, 222: 296, 223: 680, 224: 442, 225: 666, 226: 428, 227: 128, 228: 366, 229: 44, 230: 282, 231: 30, 232: 268, 233: 100, 234: 338, 235: 128, 236: 366, 237: 44, 238: 282, 239: 86, 240: 324, 241: 16, 242: 254, 243: 58, 244: 296, 245: 114, 246: 352, 247: 72, 248: 310, 249: 44, 250: 282, 251: 156, 252: 394, 253: 58, 254: 296, 255: 156, 256: 394, 257: 86, 258: 324, 259: 114, 260: 352, 261: 16, 262: 254, 263: 30, 264: 268, 265: 100, 266: 338, 267: 156, 268: 394, 269: 156, 270: 394, 271: 58, 272: 296, 273: 86, 274: 324, 275: 156, 276: 394, 277: 722, 278: 484, 279: 16, 280: 254, 281: 156, 282: 394, 283: 708, 284: 470, 285: 58, 286: 296, 287: 652, 288: 414, 289: 72, 290: 310, 291: 652, 292: 414, 293: 142, 294: 380, 295: 16, 296: 254, 297: 114, 298: 352, 299: 30, 300: 268, 301: 114, 302: 352, 303: 86, 304: 324, 305: 722, 306: 484, 307: 680, 308: 442, 309: 44, 310: 282, 311: 58, 312: 296, 313: 128, 314: 366, 315: 128, 316: 366, 317: 16, 318: 254, 319: 16, 320: 254, 321: 86, 322: 324, 323: 652, 324: 414, 325: 86, 326: 324, 327: 652, 328: 414, 329: 100, 330: 338, 331: 30, 332: 268, 333: 652, 334: 414, 335: 142, 336: 380, 337: 58, 338: 296, 339: 100, 340: 338, 341: 128, 342: 366, 343: 128, 344: 366, 345: 16, 346: 254, 347: 30, 348: 268, 349: 652, 350: 414, 351: 30, 352: 268, 353: 58, 354: 296, 355: 30, 356: 268, 357: 16, 358: 254, 359: 72, 360: 310, 361: 44, 362: 282, 363: 86, 364: 324, 365: 72, 366: 310, 367: 72, 368: 310, 369: 16, 370: 254, 371: 30, 372: 268, 373: 30, 374: 268, 375: 44, 376: 282, 377: 680, 378: 442, 379: 72, 380: 310, 381: 44, 382: 282, 383: 72, 384: 310, 385: 142, 386: 380, 387: 722, 388: 484, 389: 30, 390: 268, 391: 16, 392: 254, 393: 666, 394: 428, 395: 652, 396: 414, 397: 16, 398: 254, 399: 30, 400: 268}
Number of lables used:  32
Total time: 14.32 seconds
Memory used: 2199.34 MB
--------------------------------------------------

Trying with at most 31 labels...
Solution:
{1: 58, 2: 296, 3: 30, 4: 268, 5: 114, 6: 352, 7: 44, 8: 282, 9: 708, 10: 470, 11: 156, 12: 394, 13: 128, 14: 366, 15: 114, 16: 352, 17: 16, 18: 254, 19: 156, 20: 394, 21: 16, 22: 254, 23: 72, 24: 310, 25: 142, 26: 380, 27: 72, 28: 310, 29: 128, 30: 366, 31: 58, 32: 296, 33: 142, 34: 380, 35: 128, 36: 366, 37: 16, 38: 254, 39: 100, 40: 338, 41: 114, 42: 352, 43: 44, 44: 282, 45: 142, 46: 380, 47: 44, 48: 282, 49: 86, 50: 324, 51: 58, 52: 296, 53: 114, 54: 352, 55: 142, 56: 380, 57: 16, 58: 254, 59: 72, 60: 310, 61: 128, 62: 366, 63: 128, 64: 366, 65: 30, 66: 268, 67: 58, 68: 296, 69: 142, 70: 380, 71: 114, 72: 352, 73: 44, 74: 282, 75: 156, 76: 394, 77: 156, 78: 394, 79: 58, 80: 296, 81: 114, 82: 352, 83: 16, 84: 254, 85: 58, 86: 296, 87: 30, 88: 268, 89: 16, 90: 254, 91: 16, 92: 254, 93: 114, 94: 352, 95: 156, 96: 394, 97: 142, 98: 380, 99: 142, 100: 380, 101: 16, 102: 254, 103: 16, 104: 254, 105: 86, 106: 324, 107: 156, 108: 394, 109: 128, 110: 366, 111: 156, 112: 394, 113: 114, 114: 352, 115: 142, 116: 380, 117: 722, 118: 484, 119: 86, 120: 324, 121: 100, 122: 338, 123: 128, 124: 366, 125: 652, 126: 414, 127: 16, 128: 254, 129: 44, 130: 282, 131: 58, 132: 296, 133: 30, 134: 268, 135: 708, 136: 470, 137: 100, 138: 338, 139: 652, 140: 414, 141: 156, 142: 394, 143: 72, 144: 310, 145: 30, 146: 268, 147: 16, 148: 254, 149: 44, 150: 282, 151: 58, 152: 296, 153: 16, 154: 254, 155: 156, 156: 394, 157: 156, 158: 394, 159: 722, 160: 484, 161: 128, 162: 366, 163: 16, 164: 254, 165: 58, 166: 296, 167: 44, 168: 282, 169: 156, 170: 394, 171: 652, 172: 414, 173: 128, 174: 366, 175: 708, 176: 470, 177: 16, 178: 254, 179: 100, 180: 338, 181: 58, 182: 296, 183: 16, 184: 254, 185: 86, 186: 324, 187: 30, 188: 268, 189: 16, 190: 254, 191: 128, 192: 366, 193: 128, 194: 366, 195: 58, 196: 296, 197: 30, 198: 268, 199: 142, 200: 380, 201: 100, 202: 338, 203: 30, 204: 268, 205: 58, 206: 296, 207: 86, 208: 324, 209: 72, 210: 310, 211: 142, 212: 380, 213: 114, 214: 352, 215: 114, 216: 352, 217: 114, 218: 352, 219: 708, 220: 470, 221: 58, 222: 296, 223: 114, 224: 352, 225: 128, 226: 366, 227: 128, 228: 366, 229: 44, 230: 282, 231: 30, 232: 268, 233: 100, 234: 338, 235: 128, 236: 366, 237: 44, 238: 282, 239: 86, 240: 324, 241: 16, 242: 254, 243: 58, 244: 296, 245: 114, 246: 352, 247: 72, 248: 310, 249: 44, 250: 282, 251: 156, 252: 394, 253: 58, 254: 296, 255: 156, 256: 394, 257: 86, 258: 324, 259: 114, 260: 352, 261: 16, 262: 254, 263: 30, 264: 268, 265: 100, 266: 338, 267: 156, 268: 394, 269: 156, 270: 394, 271: 58, 272: 296, 273: 86, 274: 324, 275: 156, 276: 394, 277: 722, 278: 484, 279: 16, 280: 254, 281: 156, 282: 394, 283: 708, 284: 470, 285: 58, 286: 296, 287: 652, 288: 414, 289: 72, 290: 310, 291: 652, 292: 414, 293: 142, 294: 380, 295: 16, 296: 254, 297: 114, 298: 352, 299: 30, 300: 268, 301: 114, 302: 352, 303: 86, 304: 324, 305: 722, 306: 484, 307: 722, 308: 484, 309: 44, 310: 282, 311: 58, 312: 296, 313: 128, 314: 366, 315: 128, 316: 366, 317: 16, 318: 254, 319: 16, 320: 254, 321: 86, 322: 324, 323: 652, 324: 414, 325: 86, 326: 324, 327: 652, 328: 414, 329: 100, 330: 338, 331: 30, 332: 268, 333: 652, 334: 414, 335: 142, 336: 380, 337: 58, 338: 296, 339: 100, 340: 338, 341: 128, 342: 366, 343: 128, 344: 366, 345: 16, 346: 254, 347: 30, 348: 268, 349: 652, 350: 414, 351: 30, 352: 268, 353: 58, 354: 296, 355: 30, 356: 268, 357: 16, 358: 254, 359: 72, 360: 310, 361: 44, 362: 282, 363: 86, 364: 324, 365: 72, 366: 310, 367: 72, 368: 310, 369: 16, 370: 254, 371: 30, 372: 268, 373: 30, 374: 268, 375: 44, 376: 282, 377: 128, 378: 366, 379: 72, 380: 310, 381: 44, 382: 282, 383: 72, 384: 310, 385: 142, 386: 380, 387: 100, 388: 338, 389: 30, 390: 268, 391: 16, 392: 254, 393: 708, 394: 470, 395: 652, 396: 414, 397: 16, 398: 254, 399: 30, 400: 268}
Number of lables used:  28
Total time: 14.73 seconds
Memory used: 2199.34 MB
--------------------------------------------------

Trying with at most 27 labels...
[runlim] sample:		19.99 time, 20.01 real, 2541 MB, 1.00 load
[runlim] sample:		29.98 time, 30.01 real, 2531 MB, 1.00 load
[runlim] sample:		39.98 time, 40.01 real, 2466 MB, 1.00 load
[runlim] sample:		49.97 time, 50.01 real, 2140 MB, 1.00 load
Solution:
{1: 58, 2: 296, 3: 30, 4: 268, 5: 736, 6: 498, 7: 44, 8: 282, 9: 156, 10: 394, 11: 156, 12: 394, 13: 722, 14: 484, 15: 736, 16: 498, 17: 16, 18: 254, 19: 156, 20: 394, 21: 16, 22: 254, 23: 72, 24: 310, 25: 142, 26: 380, 27: 72, 28: 310, 29: 736, 30: 498, 31: 58, 32: 296, 33: 142, 34: 380, 35: 680, 36: 442, 37: 16, 38: 254, 39: 736, 40: 498, 41: 680, 42: 442, 43: 736, 44: 498, 45: 142, 46: 380, 47: 44, 48: 282, 49: 86, 50: 324, 51: 58, 52: 296, 53: 722, 54: 484, 55: 142, 56: 380, 57: 16, 58: 254, 59: 72, 60: 310, 61: 680, 62: 442, 63: 736, 64: 498, 65: 30, 66: 268, 67: 58, 68: 296, 69: 722, 70: 484, 71: 680, 72: 442, 73: 44, 74: 282, 75: 156, 76: 394, 77: 156, 78: 394, 79: 58, 80: 296, 81: 736, 82: 498, 83: 16, 84: 254, 85: 58, 86: 296, 87: 30, 88: 268, 89: 16, 90: 254, 91: 16, 92: 254, 93: 736, 94: 498, 95: 156, 96: 394, 97: 142, 98: 380, 99: 142, 100: 380, 101: 16, 102: 254, 103: 16, 104: 254, 105: 86, 106: 324, 107: 156, 108: 394, 109: 736, 110: 498, 111: 156, 112: 394, 113: 680, 114: 442, 115: 142, 116: 380, 117: 16, 118: 254, 119: 86, 120: 324, 121: 100, 122: 338, 123: 722, 124: 484, 125: 156, 126: 394, 127: 16, 128: 254, 129: 44, 130: 282, 131: 58, 132: 296, 133: 30, 134: 268, 135: 100, 136: 338, 137: 736, 138: 498, 139: 680, 140: 442, 141: 156, 142: 394, 143: 736, 144: 498, 145: 30, 146: 268, 147: 16, 148: 254, 149: 44, 150: 282, 151: 58, 152: 296, 153: 16, 154: 254, 155: 156, 156: 394, 157: 156, 158: 394, 159: 86, 160: 324, 161: 736, 162: 498, 163: 16, 164: 254, 165: 58, 166: 296, 167: 44, 168: 282, 169: 156, 170: 394, 171: 736, 172: 498, 173: 680, 174: 442, 175: 100, 176: 338, 177: 16, 178: 254, 179: 100, 180: 338, 181: 58, 182: 296, 183: 16, 184: 254, 185: 86, 186: 324, 187: 30, 188: 268, 189: 16, 190: 254, 191: 736, 192: 498, 193: 498, 194: 736, 195: 58, 196: 296, 197: 30, 198: 268, 199: 142, 200: 380, 201: 100, 202: 338, 203: 30, 204: 268, 205: 58, 206: 296, 207: 86, 208: 324, 209: 72, 210: 310, 211: 142, 212: 380, 213: 736, 214: 498, 215: 722, 216: 484, 217: 736, 218: 498, 219: 156, 220: 394, 221: 58, 222: 296, 223: 680, 224: 442, 225: 722, 226: 484, 227: 722, 228: 484, 229: 44, 230: 282, 231: 30, 232: 268, 233: 100, 234: 338, 235: 722, 236: 484, 237: 44, 238: 282, 239: 86, 240: 324, 241: 16, 242: 254, 243: 58, 244: 296, 245: 736, 246: 498, 247: 72, 248: 310, 249: 44, 250: 282, 251: 736, 252: 498, 253: 58, 254: 296, 255: 156, 256: 394, 257: 86, 258: 324, 259: 722, 260: 484, 261: 16, 262: 254, 263: 30, 264: 268, 265: 100, 266: 338, 267: 156, 268: 394, 269: 156, 270: 394, 271: 58, 272: 296, 273: 86, 274: 324, 275: 498, 276: 736, 277: 86, 278: 324, 279: 16, 280: 254, 281: 156, 282: 394, 283: 736, 284: 498, 285: 58, 286: 296, 287: 156, 288: 394, 289: 72, 290: 310, 291: 156, 292: 394, 293: 142, 294: 380, 295: 16, 296: 254, 297: 736, 298: 498, 299: 30, 300: 268, 301: 736, 302: 498, 303: 86, 304: 324, 305: 72, 306: 310, 307: 142, 308: 380, 309: 44, 310: 282, 311: 58, 312: 296, 313: 498, 314: 736, 315: 722, 316: 484, 317: 16, 318: 254, 319: 16, 320: 254, 321: 86, 322: 324, 323: 156, 324: 394, 325: 86, 326: 324, 327: 156, 328: 394, 329: 100, 330: 338, 331: 30, 332: 268, 333: 394, 334: 156, 335: 142, 336: 380, 337: 58, 338: 296, 339: 100, 340: 338, 341: 722, 342: 484, 343: 722, 344: 484, 345: 16, 346: 254, 347: 30, 348: 268, 349: 156, 350: 394, 351: 30, 352: 268, 353: 58, 354: 296, 355: 30, 356: 268, 357: 16, 358: 254, 359: 72, 360: 310, 361: 44, 362: 282, 363: 86, 364: 324, 365: 736, 366: 498, 367: 72, 368: 310, 369: 16, 370: 254, 371: 30, 372: 268, 373: 30, 374: 268, 375: 44, 376: 282, 377: 736, 378: 498, 379: 736, 380: 498, 381: 44, 382: 282, 383: 72, 384: 310, 385: 142, 386: 380, 387: 100, 388: 338, 389: 30, 390: 268, 391: 16, 392: 254, 393: 156, 394: 394, 395: 736, 396: 498, 397: 16, 398: 254, 399: 30, 400: 268}
Number of lables used:  24
Total time: 50.01 seconds
Memory used: 2024.30 MB
--------------------------------------------------

Trying with at most 23 labels...
Solution:
{1: 736, 2: 498, 3: 30, 4: 268, 5: 736, 6: 498, 7: 736, 8: 498, 9: 156, 10: 394, 11: 156, 12: 394, 13: 736, 14: 498, 15: 114, 16: 352, 17: 16, 18: 254, 19: 156, 20: 394, 21: 16, 22: 254, 23: 72, 24: 310, 25: 142, 26: 380, 27: 72, 28: 310, 29: 736, 30: 498, 31: 58, 32: 296, 33: 142, 34: 380, 35: 736, 36: 498, 37: 16, 38: 254, 39: 736, 40: 498, 41: 114, 42: 352, 43: 44, 44: 282, 45: 142, 46: 380, 47: 44, 48: 282, 49: 86, 50: 324, 51: 58, 52: 296, 53: 114, 54: 352, 55: 142, 56: 380, 57: 16, 58: 254, 59: 72, 60: 310, 61: 736, 62: 498, 63: 736, 64: 498, 65: 30, 66: 268, 67: 58, 68: 296, 69: 142, 70: 380, 71: 114, 72: 352, 73: 44, 74: 282, 75: 156, 76: 394, 77: 156, 78: 394, 79: 58, 80: 296, 81: 114, 82: 352, 83: 16, 84: 254, 85: 58, 86: 296, 87: 30, 88: 268, 89: 16, 90: 254, 91: 16, 92: 254, 93: 114, 94: 352, 95: 156, 96: 394, 97: 142, 98: 380, 99: 142, 100: 380, 101: 16, 102: 254, 103: 16, 104: 254, 105: 86, 106: 324, 107: 156, 108: 394, 109: 736, 110: 498, 111: 156, 112: 394, 113: 114, 114: 352, 115: 142, 116: 380, 117: 16, 118: 254, 119: 86, 120: 324, 121: 100, 122: 338, 123: 736, 124: 498, 125: 156, 126: 394, 127: 16, 128: 254, 129: 44, 130: 282, 131: 736, 132: 498, 133: 30, 134: 268, 135: 100, 136: 338, 137: 100, 138: 338, 139: 156, 140: 394, 141: 156, 142: 394, 143: 72, 144: 310, 145: 30, 146: 268, 147: 16, 148: 254, 149: 44, 150: 282, 151: 58, 152: 296, 153: 16, 154: 254, 155: 156, 156: 394, 157: 156, 158: 394, 159: 86, 160: 324, 161: 736, 162: 498, 163: 16, 164: 254, 165: 58, 166: 296, 167: 44, 168: 282, 169: 156, 170: 394, 171: 156, 172: 394, 173: 498, 174: 736, 175: 100, 176: 338, 177: 16, 178: 254, 179: 100, 180: 338, 181: 58, 182: 296, 183: 16, 184: 254, 185: 86, 186: 324, 187: 30, 188: 268, 189: 16, 190: 254, 191: 736, 192: 498, 193: 736, 194: 498, 195: 58, 196: 296, 197: 736, 198: 498, 199: 142, 200: 380, 201: 100, 202: 338, 203: 30, 204: 268, 205: 58, 206: 296, 207: 86, 208: 324, 209: 72, 210: 310, 211: 142, 212: 380, 213: 114, 214: 352, 215: 114, 216: 352, 217: 736, 218: 498, 219: 156, 220: 394, 221: 58, 222: 296, 223: 114, 224: 352, 225: 736, 226: 498, 227: 736, 228: 498, 229: 44, 230: 282, 231: 30, 232: 268, 233: 736, 234: 498, 235: 736, 236: 498, 237: 44, 238: 282, 239: 86, 240: 324, 241: 16, 242: 254, 243: 58, 244: 296, 245: 114, 246: 352, 247: 72, 248: 310, 249: 44, 250: 282, 251: 156, 252: 394, 253: 58, 254: 296, 255: 156, 256: 394, 257: 86, 258: 324, 259: 114, 260: 352, 261: 16, 262: 254, 263: 30, 264: 268, 265: 100, 266: 338, 267: 736, 268: 498, 269: 498, 270: 736, 271: 58, 272: 296, 273: 86, 274: 324, 275: 736, 276: 498, 277: 86, 278: 324, 279: 16, 280: 254, 281: 156, 282: 394, 283: 100, 284: 338, 285: 58, 286: 296, 287: 156, 288: 394, 289: 72, 290: 310, 291: 156, 292: 394, 293: 142, 294: 380, 295: 16, 296: 254, 297: 114, 298: 352, 299: 30, 300: 268, 301: 114, 302: 352, 303: 736, 304: 498, 305: 72, 306: 310, 307: 142, 308: 380, 309: 44, 310: 282, 311: 58, 312: 296, 313: 736, 314: 498, 315: 736, 316: 498, 317: 16, 318: 254, 319: 16, 320: 254, 321: 86, 322: 324, 323: 736, 324: 498, 325: 86, 326: 324, 327: 156, 328: 394, 329: 100, 330: 338, 331: 30, 332: 268, 333: 142, 334: 380, 335: 142, 336: 380, 337: 58, 338: 296, 339: 100, 340: 338, 341: 736, 342: 498, 343: 736, 344: 498, 345: 16, 346: 254, 347: 30, 348: 268, 349: 156, 350: 394, 351: 736, 352: 498, 353: 58, 354: 296, 355: 30, 356: 268, 357: 16, 358: 254, 359: 72, 360: 310, 361: 44, 362: 282, 363: 86, 364: 324, 365: 72, 366: 310, 367: 72, 368: 310, 369: 16, 370: 254, 371: 30, 372: 268, 373: 30, 374: 268, 375: 44, 376: 282, 377: 736, 378: 498, 379: 72, 380: 310, 381: 44, 382: 282, 383: 72, 384: 310, 385: 142, 386: 380, 387: 100, 388: 338, 389: 30, 390: 268, 391: 16, 392: 254, 393: 156, 394: 394, 395: 156, 396: 394, 397: 16, 398: 254, 399: 30, 400: 268}
Number of lables used:  22
Total time: 57.26 seconds
Memory used: 2028.78 MB
--------------------------------------------------

Trying with at most 21 labels...
[runlim] sample:		59.97 time, 60.01 real, 1997 MB, 1.00 load
[runlim] sample:		69.96 time, 70.01 real, 2011 MB, 1.00 load
[runlim] sample:		79.95 time, 80.01 real, 2012 MB, 1.00 load
[runlim] sample:		89.95 time, 90.01 real, 2012 MB, 1.00 load
[runlim] sample:		99.94 time, 100.01 real, 2012 MB, 1.00 load
[runlim] sample:		109.94 time, 110.01 real, 2013 MB, 1.00 load
[runlim] sample:		119.93 time, 120.01 real, 2013 MB, 1.00 load
[runlim] sample:		129.92 time, 130.01 real, 2014 MB, 1.00 load
[runlim] sample:		139.92 time, 140.01 real, 2013 MB, 1.00 load
[runlim] sample:		149.92 time, 150.01 real, 2013 MB, 1.08 load
[runlim] sample:		159.92 time, 160.01 real, 2013 MB, 1.14 load
[runlim] sample:		169.91 time, 170.01 real, 2014 MB, 1.12 load
[runlim] sample:		179.90 time, 180.01 real, 2015 MB, 1.10 load
[runlim] sample:		189.90 time, 190.01 real, 2014 MB, 1.08 load
[runlim] sample:		199.89 time, 200.01 real, 2014 MB, 1.07 load
[runlim] sample:		209.88 time, 210.01 real, 2014 MB, 1.06 load
[runlim] sample:		219.88 time, 220.01 real, 2015 MB, 1.05 load
[runlim] sample:		229.87 time, 230.01 real, 2016 MB, 1.04 load
Cannot find solution.
No more solutions found.
Optimal number of labels used:  22
Total time: 233.61 seconds
Memory used: 2016.02 MB
[runlim] end:			Sat Jun 27 11:11:04 2026
[runlim] status:		ok
[runlim] result:		0
[runlim] children:		1
[runlim] processes:		2
[runlim] real:			233.91 seconds
[runlim] time:			233.67 seconds
[runlim] space:			2876 MB
[runlim] load:			1.15 maximum
[runlim] samples:		2339
