[runlim] version:		2.0.0rc12
[runlim] host:			ap-Precision-7550
[runlim] time limit:		311040000 seconds
[runlim] real time limit:	600 seconds
[runlim] space limit:		14000 MB
[runlim] argv[0]:		python3
[runlim] argv[1]:		-u
[runlim] argv[2]:		pairwise.py
[runlim] argv[3]:		TUD200.1
[runlim] argv[4]:		assumptions
[runlim] argv[5]:		1
[runlim] start:			Tue Jun  9 03:08:10 2026
[runlim] child:			17594
Number of assignment variables:  7986
Number of clauses for exactly one constraints:  23358
Number of clauses for distance constraints:  178421
---------------------------------------------------
Solve first problem:
Solution:
{1: 792, 2: 554, 3: 414, 4: 652, 5: 722, 6: 484, 7: 380, 8: 142, 9: 156, 10: 394, 11: 778, 12: 540, 13: 86, 14: 324, 15: 156, 16: 394, 17: 652, 18: 414, 19: 310, 20: 72, 21: 352, 22: 114, 23: 254, 24: 16, 25: 324, 26: 86, 27: 764, 28: 526, 29: 666, 30: 428, 31: 652, 32: 414, 33: 254, 34: 16, 35: 750, 36: 512, 37: 694, 38: 456, 39: 414, 40: 652, 41: 750, 42: 512, 43: 666, 44: 428, 45: 394, 46: 156, 47: 792, 48: 554, 49: 380, 50: 142, 51: 764, 52: 526, 53: 666, 54: 428, 55: 722, 56: 484, 57: 736, 58: 498, 59: 268, 60: 30, 61: 310, 62: 72, 63: 414, 64: 652, 65: 764, 66: 526, 67: 394, 68: 156, 69: 128, 70: 366, 71: 540, 72: 778, 73: 352, 74: 114, 75: 254, 76: 16, 77: 254, 78: 16, 79: 16, 80: 254, 81: 268, 82: 30, 83: 16, 84: 254, 85: 72, 86: 310, 87: 44, 88: 282, 89: 778, 90: 540, 91: 380, 92: 142, 93: 652, 94: 414, 95: 722, 96: 484, 97: 268, 98: 30, 99: 736, 100: 498, 101: 442, 102: 680, 103: 268, 104: 30, 105: 352, 106: 114, 107: 442, 108: 680, 109: 114, 110: 352, 111: 86, 112: 324, 113: 394, 114: 156, 115: 338, 116: 100, 117: 282, 118: 44, 119: 708, 120: 470, 121: 352, 122: 114, 123: 652, 124: 414, 125: 310, 126: 72, 127: 652, 128: 414, 129: 380, 130: 142, 131: 428, 132: 666, 133: 254, 134: 16, 135: 268, 136: 30, 137: 352, 138: 114, 139: 380, 140: 142, 141: 428, 142: 666, 143: 268, 144: 30, 145: 268, 146: 30, 147: 254, 148: 16, 149: 268, 150: 30, 151: 282, 152: 44, 153: 310, 154: 72, 155: 268, 156: 30, 157: 254, 158: 16, 159: 310, 160: 72, 161: 254, 162: 16, 163: 296, 164: 58, 165: 736, 166: 498, 167: 282, 168: 44, 169: 254, 170: 16, 171: 310, 172: 72, 173: 142, 174: 380, 175: 282, 176: 44, 177: 666, 178: 428, 179: 310, 180: 72, 181: 268, 182: 30, 183: 282, 184: 44, 185: 394, 186: 156, 187: 254, 188: 16, 189: 324, 190: 86, 191: 352, 192: 114, 193: 324, 194: 86, 195: 128, 196: 366, 197: 324, 198: 86, 199: 142, 200: 380}
Number of lables used:  44
Total time: 0.33 seconds
Memory used: 44.86 MB
--------------------------------------------------
Number of label variables:  48
Number of clauses for label constraints:  7986
Number of new variables for cardinality constraints:  1161
Number of clauses for cardinality constraints:  4558
Initial variable count:  16981
Initial clause count:  214393
--------------------------------------------------

Trying with at most 43 labels...
Solution:
{1: 722, 2: 484, 3: 366, 4: 128, 5: 722, 6: 484, 7: 380, 8: 142, 9: 268, 10: 30, 11: 456, 12: 694, 13: 86, 14: 324, 15: 156, 16: 394, 17: 652, 18: 414, 19: 310, 20: 72, 21: 352, 22: 114, 23: 254, 24: 16, 25: 324, 26: 86, 27: 310, 28: 72, 29: 100, 30: 338, 31: 100, 32: 338, 33: 254, 34: 16, 35: 414, 36: 652, 37: 708, 38: 470, 39: 128, 40: 366, 41: 16, 42: 254, 43: 666, 44: 428, 45: 428, 46: 666, 47: 44, 48: 282, 49: 380, 50: 142, 51: 442, 52: 680, 53: 666, 54: 428, 55: 414, 56: 652, 57: 456, 58: 694, 59: 268, 60: 30, 61: 310, 62: 72, 63: 44, 64: 282, 65: 114, 66: 352, 67: 394, 68: 156, 69: 156, 70: 394, 71: 666, 72: 428, 73: 72, 74: 310, 75: 72, 76: 310, 77: 394, 78: 156, 79: 708, 80: 470, 81: 268, 82: 30, 83: 100, 84: 338, 85: 72, 86: 310, 87: 470, 88: 708, 89: 428, 90: 666, 91: 380, 92: 142, 93: 652, 94: 414, 95: 722, 96: 484, 97: 268, 98: 30, 99: 324, 100: 86, 101: 442, 102: 680, 103: 268, 104: 30, 105: 352, 106: 114, 107: 442, 108: 680, 109: 652, 110: 414, 111: 86, 112: 324, 113: 394, 114: 156, 115: 338, 116: 100, 117: 282, 118: 44, 119: 722, 120: 484, 121: 352, 122: 114, 123: 652, 124: 414, 125: 666, 126: 428, 127: 652, 128: 414, 129: 478, 130: 240, 131: 428, 132: 666, 133: 254, 134: 16, 135: 268, 136: 30, 137: 352, 138: 114, 139: 380, 140: 142, 141: 428, 142: 666, 143: 268, 144: 30, 145: 30, 146: 268, 147: 680, 148: 442, 149: 268, 150: 30, 151: 652, 152: 414, 153: 310, 154: 72, 155: 268, 156: 30, 157: 254, 158: 16, 159: 16, 160: 254, 161: 254, 162: 16, 163: 296, 164: 58, 165: 484, 166: 722, 167: 128, 168: 366, 169: 254, 170: 16, 171: 310, 172: 72, 173: 142, 174: 380, 175: 268, 176: 30, 177: 666, 178: 428, 179: 310, 180: 72, 181: 268, 182: 30, 183: 282, 184: 44, 185: 394, 186: 156, 187: 254, 188: 16, 189: 296, 190: 58, 191: 352, 192: 114, 193: 680, 194: 442, 195: 86, 196: 324, 197: 324, 198: 86, 199: 142, 200: 380}
Number of lables used:  36
Total time: 0.34 seconds
Memory used: 48.61 MB
--------------------------------------------------

Trying with at most 35 labels...
Solution:
{1: 722, 2: 484, 3: 366, 4: 128, 5: 722, 6: 484, 7: 128, 8: 366, 9: 268, 10: 30, 11: 456, 12: 694, 13: 86, 14: 324, 15: 156, 16: 394, 17: 652, 18: 414, 19: 310, 20: 72, 21: 380, 22: 142, 23: 254, 24: 16, 25: 324, 26: 86, 27: 310, 28: 72, 29: 100, 30: 338, 31: 100, 32: 338, 33: 254, 34: 16, 35: 414, 36: 652, 37: 708, 38: 470, 39: 128, 40: 366, 41: 16, 42: 254, 43: 666, 44: 428, 45: 428, 46: 666, 47: 44, 48: 282, 49: 380, 50: 142, 51: 442, 52: 680, 53: 666, 54: 428, 55: 414, 56: 652, 57: 456, 58: 694, 59: 268, 60: 30, 61: 268, 62: 30, 63: 44, 64: 282, 65: 114, 66: 352, 67: 394, 68: 156, 69: 156, 70: 394, 71: 666, 72: 428, 73: 72, 74: 310, 75: 72, 76: 310, 77: 394, 78: 156, 79: 708, 80: 470, 81: 310, 82: 72, 83: 100, 84: 338, 85: 72, 86: 310, 87: 470, 88: 708, 89: 428, 90: 666, 91: 380, 92: 142, 93: 652, 94: 414, 95: 722, 96: 484, 97: 268, 98: 30, 99: 324, 100: 86, 101: 442, 102: 680, 103: 268, 104: 30, 105: 352, 106: 114, 107: 442, 108: 680, 109: 652, 110: 414, 111: 86, 112: 324, 113: 394, 114: 156, 115: 338, 116: 100, 117: 282, 118: 44, 119: 722, 120: 484, 121: 352, 122: 114, 123: 652, 124: 414, 125: 666, 126: 428, 127: 652, 128: 414, 129: 478, 130: 240, 131: 428, 132: 666, 133: 254, 134: 16, 135: 268, 136: 30, 137: 352, 138: 114, 139: 142, 140: 380, 141: 428, 142: 666, 143: 268, 144: 30, 145: 30, 146: 268, 147: 680, 148: 442, 149: 268, 150: 30, 151: 652, 152: 414, 153: 310, 154: 72, 155: 268, 156: 30, 157: 254, 158: 16, 159: 16, 160: 254, 161: 254, 162: 16, 163: 310, 164: 72, 165: 484, 166: 722, 167: 128, 168: 366, 169: 254, 170: 16, 171: 310, 172: 72, 173: 142, 174: 380, 175: 268, 176: 30, 177: 666, 178: 428, 179: 310, 180: 72, 181: 268, 182: 30, 183: 282, 184: 44, 185: 394, 186: 156, 187: 254, 188: 16, 189: 282, 190: 44, 191: 352, 192: 114, 193: 680, 194: 442, 195: 86, 196: 324, 197: 324, 198: 86, 199: 142, 200: 380}
Number of lables used:  34
Total time: 0.34 seconds
Memory used: 48.61 MB
--------------------------------------------------

Trying with at most 33 labels...
Solution:
{1: 652, 2: 414, 3: 366, 4: 128, 5: 708, 6: 470, 7: 128, 8: 366, 9: 268, 10: 30, 11: 470, 12: 708, 13: 86, 14: 324, 15: 156, 16: 394, 17: 652, 18: 414, 19: 310, 20: 72, 21: 380, 22: 142, 23: 254, 24: 16, 25: 324, 26: 86, 27: 310, 28: 72, 29: 100, 30: 338, 31: 86, 32: 324, 33: 254, 34: 16, 35: 414, 36: 652, 37: 680, 38: 442, 39: 128, 40: 366, 41: 16, 42: 254, 43: 666, 44: 428, 45: 428, 46: 666, 47: 44, 48: 282, 49: 380, 50: 142, 51: 442, 52: 680, 53: 666, 54: 428, 55: 414, 56: 652, 57: 470, 58: 708, 59: 268, 60: 30, 61: 268, 62: 30, 63: 44, 64: 282, 65: 114, 66: 352, 67: 394, 68: 156, 69: 142, 70: 380, 71: 414, 72: 652, 73: 72, 74: 310, 75: 72, 76: 310, 77: 394, 78: 156, 79: 708, 80: 470, 81: 310, 82: 72, 83: 100, 84: 338, 85: 72, 86: 310, 87: 470, 88: 708, 89: 470, 90: 708, 91: 380, 92: 142, 93: 652, 94: 414, 95: 708, 96: 470, 97: 268, 98: 30, 99: 324, 100: 86, 101: 442, 102: 680, 103: 268, 104: 30, 105: 352, 106: 114, 107: 442, 108: 680, 109: 652, 110: 414, 111: 30, 112: 268, 113: 394, 114: 156, 115: 338, 116: 100, 117: 282, 118: 44, 119: 16, 120: 254, 121: 352, 122: 114, 123: 16, 124: 254, 125: 666, 126: 428, 127: 708, 128: 470, 129: 478, 130: 240, 131: 428, 132: 666, 133: 254, 134: 16, 135: 268, 136: 30, 137: 72, 138: 310, 139: 142, 140: 380, 141: 428, 142: 666, 143: 268, 144: 30, 145: 30, 146: 268, 147: 680, 148: 442, 149: 268, 150: 30, 151: 652, 152: 414, 153: 310, 154: 72, 155: 268, 156: 30, 157: 254, 158: 16, 159: 16, 160: 254, 161: 254, 162: 16, 163: 310, 164: 72, 165: 666, 166: 428, 167: 128, 168: 366, 169: 254, 170: 16, 171: 310, 172: 72, 173: 128, 174: 366, 175: 338, 176: 100, 177: 114, 178: 352, 179: 666, 180: 428, 181: 268, 182: 30, 183: 282, 184: 44, 185: 394, 186: 156, 187: 254, 188: 16, 189: 282, 190: 44, 191: 282, 192: 44, 193: 680, 194: 442, 195: 86, 196: 324, 197: 310, 198: 72, 199: 142, 200: 380}
Number of lables used:  30
Total time: 0.34 seconds
Memory used: 48.61 MB
--------------------------------------------------

Trying with at most 29 labels...
Solution:
{1: 16, 2: 254, 3: 470, 4: 708, 5: 708, 6: 470, 7: 394, 8: 156, 9: 16, 10: 254, 11: 470, 12: 708, 13: 442, 14: 680, 15: 470, 16: 708, 17: 666, 18: 428, 19: 310, 20: 72, 21: 352, 22: 114, 23: 428, 24: 666, 25: 310, 26: 72, 27: 310, 28: 72, 29: 100, 30: 338, 31: 394, 32: 156, 33: 254, 34: 16, 35: 268, 36: 30, 37: 666, 38: 428, 39: 540, 40: 778, 41: 16, 42: 254, 43: 666, 44: 428, 45: 156, 46: 394, 47: 16, 48: 254, 49: 156, 50: 394, 51: 156, 52: 394, 53: 16, 54: 254, 55: 16, 56: 254, 57: 30, 58: 268, 59: 268, 60: 30, 61: 778, 62: 540, 63: 394, 64: 156, 65: 778, 66: 540, 67: 394, 68: 156, 69: 16, 70: 254, 71: 428, 72: 666, 73: 72, 74: 310, 75: 16, 76: 254, 77: 16, 78: 254, 79: 680, 80: 442, 81: 268, 82: 30, 83: 100, 84: 338, 85: 114, 86: 352, 87: 470, 88: 708, 89: 30, 90: 268, 91: 72, 92: 310, 93: 16, 94: 254, 95: 708, 96: 470, 97: 268, 98: 30, 99: 338, 100: 100, 101: 442, 102: 680, 103: 428, 104: 666, 105: 100, 106: 338, 107: 442, 108: 680, 109: 540, 110: 778, 111: 100, 112: 338, 113: 750, 114: 512, 115: 352, 116: 114, 117: 750, 118: 512, 119: 30, 120: 268, 121: 666, 122: 428, 123: 16, 124: 254, 125: 666, 126: 428, 127: 750, 128: 512, 129: 170, 130: 408, 131: 428, 132: 666, 133: 254, 134: 16, 135: 338, 136: 100, 137: 72, 138: 310, 139: 352, 140: 114, 141: 428, 142: 666, 143: 338, 144: 100, 145: 72, 146: 310, 147: 554, 148: 792, 149: 750, 150: 512, 151: 708, 152: 470, 153: 310, 154: 72, 155: 778, 156: 540, 157: 394, 158: 156, 159: 16, 160: 254, 161: 254, 162: 16, 163: 254, 164: 16, 165: 442, 166: 680, 167: 554, 168: 792, 169: 16, 170: 254, 171: 310, 172: 72, 173: 72, 174: 310, 175: 750, 176: 512, 177: 778, 178: 540, 179: 680, 180: 442, 181: 72, 182: 310, 183: 470, 184: 708, 185: 156, 186: 394, 187: 30, 188: 268, 189: 310, 190: 72, 191: 708, 192: 470, 193: 680, 194: 442, 195: 30, 196: 268, 197: 310, 198: 72, 199: 512, 200: 750}
Number of lables used:  26
Total time: 0.35 seconds
Memory used: 48.61 MB
--------------------------------------------------

Trying with at most 25 labels...
Solution:
{1: 72, 2: 310, 3: 470, 4: 708, 5: 708, 6: 470, 7: 394, 8: 156, 9: 30, 10: 268, 11: 750, 12: 512, 13: 792, 14: 554, 15: 526, 16: 764, 17: 666, 18: 428, 19: 338, 20: 100, 21: 352, 22: 114, 23: 310, 24: 72, 25: 394, 26: 156, 27: 310, 28: 72, 29: 100, 30: 338, 31: 114, 32: 352, 33: 310, 34: 72, 35: 428, 36: 666, 37: 666, 38: 428, 39: 764, 40: 526, 41: 30, 42: 268, 43: 666, 44: 428, 45: 156, 46: 394, 47: 30, 48: 268, 49: 526, 50: 764, 51: 554, 52: 792, 53: 750, 54: 512, 55: 30, 56: 268, 57: 30, 58: 268, 59: 268, 60: 30, 61: 764, 62: 526, 63: 72, 64: 310, 65: 708, 66: 470, 67: 666, 68: 428, 69: 30, 70: 268, 71: 428, 72: 666, 73: 72, 74: 310, 75: 268, 76: 30, 77: 30, 78: 268, 79: 680, 80: 442, 81: 268, 82: 30, 83: 100, 84: 338, 85: 394, 86: 156, 87: 72, 88: 310, 89: 428, 90: 666, 91: 72, 92: 310, 93: 764, 94: 526, 95: 708, 96: 470, 97: 268, 98: 30, 99: 30, 100: 268, 101: 30, 102: 268, 103: 708, 104: 470, 105: 338, 106: 100, 107: 442, 108: 680, 109: 512, 110: 750, 111: 100, 112: 338, 113: 470, 114: 708, 115: 394, 116: 156, 117: 352, 118: 114, 119: 72, 120: 310, 121: 470, 122: 708, 123: 512, 124: 750, 125: 666, 126: 428, 127: 708, 128: 470, 129: 170, 130: 408, 131: 428, 132: 666, 133: 352, 134: 114, 135: 512, 136: 750, 137: 114, 138: 352, 139: 352, 140: 114, 141: 764, 142: 526, 143: 666, 144: 428, 145: 72, 146: 310, 147: 554, 148: 792, 149: 792, 150: 554, 151: 764, 152: 526, 153: 310, 154: 72, 155: 442, 156: 680, 157: 100, 158: 338, 159: 554, 160: 792, 161: 680, 162: 442, 163: 30, 164: 268, 165: 750, 166: 512, 167: 156, 168: 394, 169: 72, 170: 310, 171: 310, 172: 72, 173: 72, 174: 310, 175: 268, 176: 30, 177: 666, 178: 428, 179: 750, 180: 512, 181: 72, 182: 310, 183: 268, 184: 30, 185: 156, 186: 394, 187: 114, 188: 352, 189: 310, 190: 72, 191: 708, 192: 470, 193: 680, 194: 442, 195: 114, 196: 352, 197: 338, 198: 100, 199: 30, 200: 268}
Number of lables used:  24
Total time: 0.35 seconds
Memory used: 48.62 MB
--------------------------------------------------

Trying with at most 23 labels...
Solution:
{1: 72, 2: 310, 3: 394, 4: 156, 5: 394, 6: 156, 7: 394, 8: 156, 9: 30, 10: 268, 11: 156, 12: 394, 13: 526, 14: 764, 15: 526, 16: 764, 17: 666, 18: 428, 19: 268, 20: 30, 21: 338, 22: 100, 23: 310, 24: 72, 25: 254, 26: 16, 27: 156, 28: 394, 29: 310, 30: 72, 31: 526, 32: 764, 33: 310, 34: 72, 35: 428, 36: 666, 37: 16, 38: 254, 39: 764, 40: 526, 41: 30, 42: 268, 43: 666, 44: 428, 45: 428, 46: 666, 47: 30, 48: 268, 49: 30, 50: 268, 51: 428, 52: 666, 53: 750, 54: 512, 55: 526, 56: 764, 57: 30, 58: 268, 59: 254, 60: 16, 61: 764, 62: 526, 63: 72, 64: 310, 65: 16, 66: 254, 67: 666, 68: 428, 69: 470, 70: 708, 71: 442, 72: 680, 73: 100, 74: 338, 75: 268, 76: 30, 77: 428, 78: 666, 79: 680, 80: 442, 81: 268, 82: 30, 83: 72, 84: 310, 85: 428, 86: 666, 87: 72, 88: 310, 89: 428, 90: 666, 91: 338, 92: 100, 93: 764, 94: 526, 95: 708, 96: 470, 97: 394, 98: 156, 99: 338, 100: 100, 101: 100, 102: 338, 103: 708, 104: 470, 105: 338, 106: 100, 107: 442, 108: 680, 109: 512, 110: 750, 111: 100, 112: 338, 113: 512, 114: 750, 115: 394, 116: 156, 117: 750, 118: 512, 119: 16, 120: 254, 121: 470, 122: 708, 123: 512, 124: 750, 125: 666, 126: 428, 127: 708, 128: 470, 129: 408, 130: 170, 131: 428, 132: 666, 133: 268, 134: 30, 135: 268, 136: 30, 137: 72, 138: 310, 139: 750, 140: 512, 141: 100, 142: 338, 143: 680, 144: 442, 145: 72, 146: 310, 147: 442, 148: 680, 149: 268, 150: 30, 151: 764, 152: 526, 153: 310, 154: 72, 155: 30, 156: 268, 157: 100, 158: 338, 159: 30, 160: 268, 161: 16, 162: 254, 163: 30, 164: 268, 165: 750, 166: 512, 167: 156, 168: 394, 169: 16, 170: 254, 171: 72, 172: 310, 173: 512, 174: 750, 175: 268, 176: 30, 177: 666, 178: 428, 179: 750, 180: 512, 181: 72, 182: 310, 183: 268, 184: 30, 185: 156, 186: 394, 187: 16, 188: 254, 189: 750, 190: 512, 191: 708, 192: 470, 193: 764, 194: 526, 195: 708, 196: 470, 197: 156, 198: 394, 199: 338, 200: 100}
Number of lables used:  22
Total time: 0.37 seconds
Memory used: 48.62 MB
--------------------------------------------------

Trying with at most 21 labels...
Solution:
{1: 72, 2: 310, 3: 16, 4: 254, 5: 156, 6: 394, 7: 680, 8: 442, 9: 100, 10: 338, 11: 156, 12: 394, 13: 680, 14: 442, 15: 666, 16: 428, 17: 680, 18: 442, 19: 310, 20: 72, 21: 338, 22: 100, 23: 750, 24: 512, 25: 16, 26: 254, 27: 156, 28: 394, 29: 72, 30: 310, 31: 750, 32: 512, 33: 156, 34: 394, 35: 428, 36: 666, 37: 156, 38: 394, 39: 156, 40: 394, 41: 100, 42: 338, 43: 666, 44: 428, 45: 254, 46: 16, 47: 30, 48: 268, 49: 30, 50: 268, 51: 428, 52: 666, 53: 16, 54: 254, 55: 470, 56: 708, 57: 30, 58: 268, 59: 338, 60: 100, 61: 72, 62: 310, 63: 156, 64: 394, 65: 750, 66: 512, 67: 750, 68: 512, 69: 428, 70: 666, 71: 442, 72: 680, 73: 680, 74: 442, 75: 338, 76: 100, 77: 470, 78: 708, 79: 680, 80: 442, 81: 268, 82: 30, 83: 72, 84: 310, 85: 428, 86: 666, 87: 72, 88: 310, 89: 512, 90: 750, 91: 30, 92: 268, 93: 394, 94: 156, 95: 708, 96: 470, 97: 394, 98: 156, 99: 680, 100: 442, 101: 100, 102: 338, 103: 708, 104: 470, 105: 310, 106: 72, 107: 442, 108: 680, 109: 512, 110: 750, 111: 100, 112: 338, 113: 512, 114: 750, 115: 394, 116: 156, 117: 750, 118: 512, 119: 16, 120: 254, 121: 338, 122: 100, 123: 512, 124: 750, 125: 666, 126: 428, 127: 708, 128: 470, 129: 170, 130: 408, 131: 428, 132: 666, 133: 16, 134: 254, 135: 268, 136: 30, 137: 72, 138: 310, 139: 512, 140: 750, 141: 100, 142: 338, 143: 680, 144: 442, 145: 30, 146: 268, 147: 442, 148: 680, 149: 268, 150: 30, 151: 30, 152: 268, 153: 310, 154: 72, 155: 30, 156: 268, 157: 100, 158: 338, 159: 338, 160: 100, 161: 16, 162: 254, 163: 72, 164: 310, 165: 750, 166: 512, 167: 428, 168: 666, 169: 16, 170: 254, 171: 750, 172: 512, 173: 750, 174: 512, 175: 268, 176: 30, 177: 310, 178: 72, 179: 666, 180: 428, 181: 156, 182: 394, 183: 428, 184: 666, 185: 254, 186: 16, 187: 16, 188: 254, 189: 750, 190: 512, 191: 708, 192: 470, 193: 680, 194: 442, 195: 470, 196: 708, 197: 156, 198: 394, 199: 30, 200: 268}
Number of lables used:  20
Total time: 0.37 seconds
Memory used: 48.62 MB
--------------------------------------------------

Trying with at most 19 labels...
Solution:
{1: 72, 2: 310, 3: 16, 4: 254, 5: 156, 6: 394, 7: 708, 8: 470, 9: 100, 10: 338, 11: 156, 12: 394, 13: 708, 14: 470, 15: 666, 16: 428, 17: 708, 18: 470, 19: 310, 20: 72, 21: 338, 22: 100, 23: 750, 24: 512, 25: 16, 26: 254, 27: 156, 28: 394, 29: 72, 30: 310, 31: 394, 32: 156, 33: 156, 34: 394, 35: 428, 36: 666, 37: 156, 38: 394, 39: 156, 40: 394, 41: 100, 42: 338, 43: 666, 44: 428, 45: 254, 46: 16, 47: 30, 48: 268, 49: 30, 50: 268, 51: 428, 52: 666, 53: 16, 54: 254, 55: 470, 56: 708, 57: 30, 58: 268, 59: 338, 60: 100, 61: 72, 62: 310, 63: 156, 64: 394, 65: 750, 66: 512, 67: 750, 68: 512, 69: 16, 70: 254, 71: 428, 72: 666, 73: 708, 74: 470, 75: 338, 76: 100, 77: 470, 78: 708, 79: 666, 80: 428, 81: 268, 82: 30, 83: 72, 84: 310, 85: 708, 86: 470, 87: 72, 88: 310, 89: 512, 90: 750, 91: 30, 92: 268, 93: 394, 94: 156, 95: 708, 96: 470, 97: 394, 98: 156, 99: 708, 100: 470, 101: 100, 102: 338, 103: 708, 104: 470, 105: 310, 106: 72, 107: 428, 108: 666, 109: 512, 110: 750, 111: 100, 112: 338, 113: 512, 114: 750, 115: 394, 116: 156, 117: 750, 118: 512, 119: 16, 120: 254, 121: 338, 122: 100, 123: 16, 124: 254, 125: 666, 126: 428, 127: 708, 128: 470, 129: 170, 130: 408, 131: 30, 132: 268, 133: 16, 134: 254, 135: 338, 136: 100, 137: 72, 138: 310, 139: 512, 140: 750, 141: 100, 142: 338, 143: 428, 144: 666, 145: 30, 146: 268, 147: 470, 148: 708, 149: 268, 150: 30, 151: 30, 152: 268, 153: 310, 154: 72, 155: 30, 156: 268, 157: 100, 158: 338, 159: 338, 160: 100, 161: 16, 162: 254, 163: 72, 164: 310, 165: 750, 166: 512, 167: 428, 168: 666, 169: 16, 170: 254, 171: 750, 172: 512, 173: 750, 174: 512, 175: 394, 176: 156, 177: 310, 178: 72, 179: 666, 180: 428, 181: 156, 182: 394, 183: 428, 184: 666, 185: 254, 186: 16, 187: 16, 188: 254, 189: 750, 190: 512, 191: 708, 192: 470, 193: 666, 194: 428, 195: 470, 196: 708, 197: 750, 198: 512, 199: 30, 200: 268}
Number of lables used:  18
Total time: 0.38 seconds
Memory used: 48.62 MB
--------------------------------------------------

Trying with at most 17 labels...
Solution:
{1: 694, 2: 456, 3: 456, 4: 694, 5: 16, 6: 254, 7: 694, 8: 456, 9: 366, 10: 128, 11: 128, 12: 366, 13: 254, 14: 16, 15: 16, 16: 254, 17: 394, 18: 156, 19: 72, 20: 310, 21: 282, 22: 44, 23: 156, 24: 394, 25: 156, 26: 394, 27: 366, 28: 128, 29: 394, 30: 156, 31: 456, 32: 694, 33: 16, 34: 254, 35: 254, 36: 16, 37: 554, 38: 792, 39: 554, 40: 792, 41: 554, 42: 792, 43: 792, 44: 554, 45: 16, 46: 254, 47: 792, 48: 554, 49: 456, 50: 694, 51: 694, 52: 456, 53: 694, 54: 456, 55: 792, 56: 554, 57: 44, 58: 282, 59: 310, 60: 72, 61: 44, 62: 282, 63: 792, 64: 554, 65: 44, 66: 282, 67: 128, 68: 366, 69: 16, 70: 254, 71: 254, 72: 16, 73: 694, 74: 456, 75: 72, 76: 310, 77: 456, 78: 694, 79: 128, 80: 366, 81: 394, 82: 156, 83: 394, 84: 156, 85: 792, 86: 554, 87: 366, 88: 128, 89: 44, 90: 282, 91: 366, 92: 128, 93: 694, 94: 456, 95: 16, 96: 254, 97: 310, 98: 72, 99: 554, 100: 792, 101: 310, 102: 72, 103: 72, 104: 310, 105: 128, 106: 366, 107: 456, 108: 694, 109: 310, 110: 72, 111: 554, 112: 792, 113: 310, 114: 72, 115: 554, 116: 792, 117: 394, 118: 156, 119: 792, 120: 554, 121: 72, 122: 310, 123: 456, 124: 694, 125: 310, 126: 72, 127: 554, 128: 792, 129: 478, 130: 240, 131: 310, 132: 72, 133: 254, 134: 16, 135: 156, 136: 394, 137: 72, 138: 310, 139: 72, 140: 310, 141: 694, 142: 456, 143: 128, 144: 366, 145: 366, 146: 128, 147: 16, 148: 254, 149: 554, 150: 792, 151: 128, 152: 366, 153: 44, 154: 282, 155: 44, 156: 282, 157: 128, 158: 366, 159: 72, 160: 310, 161: 554, 162: 792, 163: 156, 164: 394, 165: 456, 166: 694, 167: 694, 168: 456, 169: 16, 170: 254, 171: 16, 172: 254, 173: 694, 174: 456, 175: 72, 176: 310, 177: 128, 178: 366, 179: 16, 180: 254, 181: 44, 182: 282, 183: 44, 184: 282, 185: 254, 186: 16, 187: 72, 188: 310, 189: 366, 190: 128, 191: 16, 192: 254, 193: 310, 194: 72, 195: 16, 196: 254, 197: 792, 198: 554, 199: 456, 200: 694}
Number of lables used:  16
Total time: 0.39 seconds
Memory used: 48.62 MB
--------------------------------------------------

Trying with at most 15 labels...
Solution:
{1: 128, 2: 366, 3: 554, 4: 792, 5: 554, 6: 792, 7: 128, 8: 366, 9: 282, 10: 44, 11: 254, 12: 16, 13: 554, 14: 792, 15: 792, 16: 554, 17: 680, 18: 442, 19: 254, 20: 16, 21: 442, 22: 680, 23: 254, 24: 16, 25: 498, 26: 736, 27: 680, 28: 442, 29: 736, 30: 498, 31: 44, 32: 282, 33: 282, 34: 44, 35: 44, 36: 282, 37: 736, 38: 498, 39: 498, 40: 736, 41: 16, 42: 254, 43: 792, 44: 554, 45: 554, 46: 792, 47: 680, 48: 442, 49: 736, 50: 498, 51: 128, 52: 366, 53: 736, 54: 498, 55: 680, 56: 442, 57: 442, 58: 680, 59: 282, 60: 44, 61: 128, 62: 366, 63: 128, 64: 366, 65: 16, 66: 254, 67: 16, 68: 254, 69: 498, 70: 736, 71: 254, 72: 16, 73: 128, 74: 366, 75: 128, 76: 366, 77: 442, 78: 680, 79: 442, 80: 680, 81: 554, 82: 792, 83: 254, 84: 16, 85: 128, 86: 366, 87: 442, 88: 680, 89: 680, 90: 442, 91: 128, 92: 366, 93: 554, 94: 792, 95: 44, 96: 282, 97: 282, 98: 44, 99: 128, 100: 366, 101: 128, 102: 366, 103: 282, 104: 44, 105: 366, 106: 128, 107: 254, 108: 16, 109: 282, 110: 44, 111: 554, 112: 792, 113: 554, 114: 792, 115: 680, 116: 442, 117: 792, 118: 554, 119: 736, 120: 498, 121: 44, 122: 282, 123: 498, 124: 736, 125: 128, 126: 366, 127: 680, 128: 442, 129: 408, 130: 170, 131: 498, 132: 736, 133: 498, 134: 736, 135: 128, 136: 366, 137: 128, 138: 366, 139: 680, 140: 442, 141: 498, 142: 736, 143: 282, 144: 44, 145: 366, 146: 128, 147: 442, 148: 680, 149: 498, 150: 736, 151: 736, 152: 498, 153: 44, 154: 282, 155: 736, 156: 498, 157: 254, 158: 16, 159: 680, 160: 442, 161: 16, 162: 254, 163: 554, 164: 792, 165: 554, 166: 792, 167: 736, 168: 498, 169: 254, 170: 16, 171: 792, 172: 554, 173: 282, 174: 44, 175: 128, 176: 366, 177: 736, 178: 498, 179: 16, 180: 254, 181: 44, 182: 282, 183: 282, 184: 44, 185: 254, 186: 16, 187: 254, 188: 16, 189: 44, 190: 282, 191: 16, 192: 254, 193: 736, 194: 498, 195: 680, 196: 442, 197: 254, 198: 16, 199: 128, 200: 366}
Number of lables used:  14
Total time: 0.41 seconds
Memory used: 48.63 MB
--------------------------------------------------

Trying with at most 13 labels...
Solution:
{1: 16, 2: 254, 3: 16, 4: 254, 5: 708, 6: 470, 7: 16, 8: 254, 9: 16, 10: 254, 11: 142, 12: 380, 13: 442, 14: 680, 15: 470, 16: 708, 17: 16, 18: 254, 19: 338, 20: 100, 21: 708, 22: 470, 23: 254, 24: 16, 25: 380, 26: 142, 27: 16, 28: 254, 29: 296, 30: 58, 31: 16, 32: 254, 33: 708, 34: 470, 35: 680, 36: 442, 37: 296, 38: 58, 39: 100, 40: 338, 41: 100, 42: 338, 43: 16, 44: 254, 45: 470, 46: 708, 47: 142, 48: 380, 49: 708, 50: 470, 51: 58, 52: 296, 53: 708, 54: 470, 55: 100, 56: 338, 57: 338, 58: 100, 59: 442, 60: 680, 61: 470, 62: 708, 63: 58, 64: 296, 65: 16, 66: 254, 67: 16, 68: 254, 69: 708, 70: 470, 71: 58, 72: 296, 73: 142, 74: 380, 75: 708, 76: 470, 77: 680, 78: 442, 79: 380, 80: 142, 81: 142, 82: 380, 83: 58, 84: 296, 85: 296, 86: 58, 87: 58, 88: 296, 89: 680, 90: 442, 91: 380, 92: 142, 93: 708, 94: 470, 95: 470, 96: 708, 97: 442, 98: 680, 99: 58, 100: 296, 101: 142, 102: 380, 103: 680, 104: 442, 105: 296, 106: 58, 107: 296, 108: 58, 109: 442, 110: 680, 111: 58, 112: 296, 113: 16, 114: 254, 115: 380, 116: 142, 117: 100, 118: 338, 119: 142, 120: 380, 121: 708, 122: 470, 123: 16, 124: 254, 125: 680, 126: 442, 127: 100, 128: 338, 129: 380, 130: 142, 131: 442, 132: 680, 133: 470, 134: 708, 135: 380, 136: 142, 137: 100, 138: 338, 139: 380, 140: 142, 141: 380, 142: 142, 143: 708, 144: 470, 145: 680, 146: 442, 147: 470, 148: 708, 149: 380, 150: 142, 151: 680, 152: 442, 153: 338, 154: 100, 155: 680, 156: 442, 157: 58, 158: 296, 159: 442, 160: 680, 161: 58, 162: 296, 163: 254, 164: 16, 165: 142, 166: 380, 167: 142, 168: 380, 169: 680, 170: 442, 171: 16, 172: 254, 173: 16, 174: 254, 175: 442, 176: 680, 177: 58, 178: 296, 179: 708, 180: 470, 181: 680, 182: 442, 183: 380, 184: 142, 185: 16, 186: 254, 187: 100, 188: 338, 189: 442, 190: 680, 191: 470, 192: 708, 193: 680, 194: 442, 195: 100, 196: 338, 197: 338, 198: 100, 199: 142, 200: 380}
Number of lables used:  12
Total time: 0.52 seconds
Memory used: 56.85 MB
--------------------------------------------------

Trying with at most 11 labels...
[runlim] sample:		9.99 time, 10.01 real, 76 MB, 1.32 load
[runlim] sample:		19.99 time, 20.01 real, 76 MB, 1.27 load
Cannot find solution.
No more solutions found.
Optimal number of labels used:  12
Total time: 29.85 seconds
Memory used: 76.25 MB
[runlim] end:			Tue Jun  9 03:08:40 2026
[runlim] status:		ok
[runlim] result:		0
[runlim] children:		1
[runlim] processes:		2
[runlim] real:			29.89 seconds
[runlim] time:			29.79 seconds
[runlim] space:			85 MB
[runlim] load:			1.38 maximum
[runlim] samples:		299
