[runlim] version:		2.0.0rc12
[runlim] host:			ap-Precision-7550
[runlim] time limit:		311040000 seconds
[runlim] real time limit:	600 seconds
[runlim] space limit:		14000 MB
[runlim] argv[0]:		python3
[runlim] argv[1]:		-u
[runlim] argv[2]:		pairwise.py
[runlim] argv[3]:		TUD200.3
[runlim] argv[4]:		assumptions
[runlim] argv[5]:		1
[runlim] start:			Tue Jun  9 03:08:40 2026
[runlim] child:			17600
Number of assignment variables:  7066
Number of clauses for exactly one constraints:  20598
Number of clauses for distance constraints:  154945
---------------------------------------------------
Solve first problem:
Solution:
{1: 296, 2: 58, 3: 380, 4: 142, 5: 652, 6: 414, 7: 442, 8: 680, 9: 352, 10: 114, 11: 380, 12: 142, 13: 652, 14: 414, 15: 380, 16: 142, 17: 170, 18: 408, 19: 142, 20: 380, 21: 282, 22: 44, 23: 652, 24: 414, 25: 540, 26: 778, 27: 694, 28: 456, 29: 792, 30: 554, 31: 442, 32: 680, 33: 268, 34: 30, 35: 114, 36: 352, 37: 652, 38: 414, 39: 652, 40: 414, 41: 114, 42: 352, 43: 268, 44: 30, 45: 338, 46: 100, 47: 512, 48: 750, 49: 414, 50: 652, 51: 310, 52: 72, 53: 338, 54: 100, 55: 414, 56: 652, 57: 352, 58: 114, 59: 694, 60: 456, 61: 254, 62: 16, 63: 778, 64: 540, 65: 156, 66: 394, 67: 352, 68: 114, 69: 296, 70: 58, 71: 296, 72: 58, 73: 652, 74: 414, 75: 366, 76: 128, 77: 338, 78: 100, 79: 680, 80: 442, 81: 254, 82: 16, 83: 310, 84: 72, 85: 282, 86: 44, 87: 736, 88: 498, 89: 764, 90: 526, 91: 254, 92: 16, 93: 750, 94: 512, 95: 792, 96: 554, 97: 170, 98: 408, 99: 478, 100: 240, 101: 380, 102: 142, 103: 352, 104: 114, 105: 72, 106: 310, 107: 310, 108: 72, 109: 414, 110: 652, 111: 282, 112: 44, 113: 722, 114: 484, 115: 652, 116: 414, 117: 708, 118: 470, 119: 310, 120: 72, 121: 380, 122: 142, 123: 296, 124: 58, 125: 666, 126: 428, 127: 750, 128: 512, 129: 324, 130: 86, 131: 380, 132: 142, 133: 310, 134: 72, 135: 254, 136: 16, 137: 652, 138: 414, 139: 268, 140: 30, 141: 310, 142: 72, 143: 296, 144: 58, 145: 456, 146: 694, 147: 428, 148: 666, 149: 254, 150: 16, 151: 352, 152: 114, 153: 652, 154: 414, 155: 414, 156: 652, 157: 268, 158: 30, 159: 296, 160: 58, 161: 268, 162: 30, 163: 254, 164: 16, 165: 254, 166: 16, 167: 380, 168: 142, 169: 310, 170: 72, 171: 254, 172: 16, 173: 366, 174: 128, 175: 338, 176: 100, 177: 366, 178: 128, 179: 380, 180: 142, 181: 254, 182: 16, 183: 310, 184: 72, 185: 324, 186: 86, 187: 254, 188: 16, 189: 310, 190: 72, 191: 268, 192: 30, 193: 324, 194: 86, 195: 736, 196: 498, 197: 282, 198: 44, 199: 254, 200: 16}
Number of lables used:  48
Total time: 0.35 seconds
Memory used: 42.20 MB
--------------------------------------------------
Number of label variables:  48
Number of clauses for label constraints:  7066
Number of new variables for cardinality constraints:  1175
Number of clauses for cardinality constraints:  4606
Initial variable count:  15155
Initial clause count:  187231
--------------------------------------------------

Trying with at most 47 labels...
Solution:
{1: 526, 2: 764, 3: 736, 4: 498, 5: 652, 6: 414, 7: 526, 8: 764, 9: 736, 10: 498, 11: 380, 12: 142, 13: 652, 14: 414, 15: 736, 16: 498, 17: 142, 18: 380, 19: 142, 20: 380, 21: 268, 22: 30, 23: 652, 24: 414, 25: 540, 26: 778, 27: 680, 28: 442, 29: 30, 30: 268, 31: 442, 32: 680, 33: 268, 34: 30, 35: 114, 36: 352, 37: 666, 38: 428, 39: 666, 40: 428, 41: 114, 42: 352, 43: 58, 44: 296, 45: 338, 46: 100, 47: 526, 48: 764, 49: 414, 50: 652, 51: 310, 52: 72, 53: 352, 54: 114, 55: 414, 56: 652, 57: 352, 58: 114, 59: 708, 60: 470, 61: 254, 62: 16, 63: 778, 64: 540, 65: 156, 66: 394, 67: 352, 68: 114, 69: 296, 70: 58, 71: 324, 72: 86, 73: 666, 74: 428, 75: 366, 76: 128, 77: 338, 78: 100, 79: 708, 80: 470, 81: 254, 82: 16, 83: 310, 84: 72, 85: 282, 86: 44, 87: 750, 88: 512, 89: 778, 90: 540, 91: 254, 92: 16, 93: 764, 94: 526, 95: 442, 96: 680, 97: 170, 98: 408, 99: 478, 100: 240, 101: 428, 102: 666, 103: 352, 104: 114, 105: 86, 106: 324, 107: 310, 108: 72, 109: 414, 110: 652, 111: 282, 112: 44, 113: 722, 114: 484, 115: 652, 116: 414, 117: 708, 118: 470, 119: 310, 120: 72, 121: 380, 122: 142, 123: 296, 124: 58, 125: 540, 126: 778, 127: 764, 128: 526, 129: 324, 130: 86, 131: 380, 132: 142, 133: 512, 134: 750, 135: 254, 136: 16, 137: 652, 138: 414, 139: 268, 140: 30, 141: 310, 142: 72, 143: 296, 144: 58, 145: 470, 146: 708, 147: 428, 148: 666, 149: 254, 150: 16, 151: 352, 152: 114, 153: 652, 154: 414, 155: 414, 156: 652, 157: 268, 158: 30, 159: 296, 160: 58, 161: 282, 162: 44, 163: 254, 164: 16, 165: 254, 166: 16, 167: 380, 168: 142, 169: 310, 170: 72, 171: 254, 172: 16, 173: 366, 174: 128, 175: 352, 176: 114, 177: 366, 178: 128, 179: 380, 180: 142, 181: 268, 182: 30, 183: 310, 184: 72, 185: 484, 186: 722, 187: 254, 188: 16, 189: 310, 190: 72, 191: 526, 192: 764, 193: 380, 194: 142, 195: 792, 196: 554, 197: 282, 198: 44, 199: 254, 200: 16}
Number of lables used:  46
Total time: 0.36 seconds
Memory used: 43.39 MB
--------------------------------------------------

Trying with at most 45 labels...
Solution:
{1: 282, 2: 44, 3: 380, 4: 142, 5: 652, 6: 414, 7: 442, 8: 680, 9: 352, 10: 114, 11: 380, 12: 142, 13: 414, 14: 652, 15: 380, 16: 142, 17: 170, 18: 408, 19: 142, 20: 380, 21: 282, 22: 44, 23: 652, 24: 414, 25: 268, 26: 30, 27: 694, 28: 456, 29: 442, 30: 680, 31: 442, 32: 680, 33: 268, 34: 30, 35: 114, 36: 352, 37: 156, 38: 394, 39: 652, 40: 414, 41: 114, 42: 352, 43: 736, 44: 498, 45: 338, 46: 100, 47: 512, 48: 750, 49: 414, 50: 652, 51: 310, 52: 72, 53: 338, 54: 100, 55: 414, 56: 652, 57: 114, 58: 352, 59: 694, 60: 456, 61: 254, 62: 16, 63: 442, 64: 680, 65: 156, 66: 394, 67: 352, 68: 114, 69: 296, 70: 58, 71: 296, 72: 58, 73: 652, 74: 414, 75: 366, 76: 128, 77: 338, 78: 100, 79: 680, 80: 442, 81: 254, 82: 16, 83: 310, 84: 72, 85: 282, 86: 44, 87: 736, 88: 498, 89: 470, 90: 708, 91: 254, 92: 16, 93: 750, 94: 512, 95: 30, 96: 268, 97: 170, 98: 408, 99: 478, 100: 240, 101: 310, 102: 72, 103: 352, 104: 114, 105: 72, 106: 310, 107: 310, 108: 72, 109: 414, 110: 652, 111: 282, 112: 44, 113: 722, 114: 484, 115: 652, 116: 414, 117: 708, 118: 470, 119: 310, 120: 72, 121: 380, 122: 142, 123: 296, 124: 58, 125: 666, 126: 428, 127: 750, 128: 512, 129: 366, 130: 128, 131: 380, 132: 142, 133: 310, 134: 72, 135: 254, 136: 16, 137: 414, 138: 652, 139: 722, 140: 484, 141: 310, 142: 72, 143: 338, 144: 100, 145: 456, 146: 694, 147: 428, 148: 666, 149: 254, 150: 16, 151: 352, 152: 114, 153: 652, 154: 414, 155: 414, 156: 652, 157: 268, 158: 30, 159: 296, 160: 58, 161: 268, 162: 30, 163: 254, 164: 16, 165: 254, 166: 16, 167: 652, 168: 414, 169: 310, 170: 72, 171: 296, 172: 58, 173: 366, 174: 128, 175: 380, 176: 142, 177: 366, 178: 128, 179: 380, 180: 142, 181: 254, 182: 16, 183: 310, 184: 72, 185: 324, 186: 86, 187: 254, 188: 16, 189: 310, 190: 72, 191: 268, 192: 30, 193: 324, 194: 86, 195: 736, 196: 498, 197: 282, 198: 44, 199: 254, 200: 16}
Number of lables used:  42
Total time: 0.36 seconds
Memory used: 43.40 MB
--------------------------------------------------

Trying with at most 41 labels...
Solution:
{1: 282, 2: 44, 3: 380, 4: 142, 5: 652, 6: 414, 7: 442, 8: 680, 9: 352, 10: 114, 11: 380, 12: 142, 13: 414, 14: 652, 15: 380, 16: 142, 17: 170, 18: 408, 19: 142, 20: 380, 21: 282, 22: 44, 23: 652, 24: 414, 25: 268, 26: 30, 27: 722, 28: 484, 29: 442, 30: 680, 31: 442, 32: 680, 33: 268, 34: 30, 35: 114, 36: 352, 37: 156, 38: 394, 39: 652, 40: 414, 41: 114, 42: 352, 43: 736, 44: 498, 45: 338, 46: 100, 47: 512, 48: 750, 49: 414, 50: 652, 51: 310, 52: 72, 53: 338, 54: 100, 55: 414, 56: 652, 57: 114, 58: 352, 59: 722, 60: 484, 61: 254, 62: 16, 63: 442, 64: 680, 65: 156, 66: 394, 67: 352, 68: 114, 69: 296, 70: 58, 71: 296, 72: 58, 73: 652, 74: 414, 75: 366, 76: 128, 77: 338, 78: 100, 79: 680, 80: 442, 81: 254, 82: 16, 83: 310, 84: 72, 85: 282, 86: 44, 87: 736, 88: 498, 89: 484, 90: 722, 91: 254, 92: 16, 93: 750, 94: 512, 95: 30, 96: 268, 97: 170, 98: 408, 99: 478, 100: 240, 101: 310, 102: 72, 103: 352, 104: 114, 105: 72, 106: 310, 107: 310, 108: 72, 109: 414, 110: 652, 111: 282, 112: 44, 113: 722, 114: 484, 115: 652, 116: 414, 117: 722, 118: 484, 119: 310, 120: 72, 121: 380, 122: 142, 123: 296, 124: 58, 125: 666, 126: 428, 127: 750, 128: 512, 129: 366, 130: 128, 131: 380, 132: 142, 133: 310, 134: 72, 135: 254, 136: 16, 137: 414, 138: 652, 139: 722, 140: 484, 141: 310, 142: 72, 143: 338, 144: 100, 145: 484, 146: 722, 147: 428, 148: 666, 149: 254, 150: 16, 151: 352, 152: 114, 153: 652, 154: 414, 155: 414, 156: 652, 157: 268, 158: 30, 159: 296, 160: 58, 161: 268, 162: 30, 163: 254, 164: 16, 165: 254, 166: 16, 167: 652, 168: 414, 169: 310, 170: 72, 171: 296, 172: 58, 173: 366, 174: 128, 175: 380, 176: 142, 177: 366, 178: 128, 179: 380, 180: 142, 181: 254, 182: 16, 183: 310, 184: 72, 185: 324, 186: 86, 187: 254, 188: 16, 189: 310, 190: 72, 191: 268, 192: 30, 193: 324, 194: 86, 195: 736, 196: 498, 197: 282, 198: 44, 199: 254, 200: 16}
Number of lables used:  38
Total time: 0.36 seconds
Memory used: 43.52 MB
--------------------------------------------------

Trying with at most 37 labels...
Solution:
{1: 282, 2: 44, 3: 380, 4: 142, 5: 652, 6: 414, 7: 324, 8: 86, 9: 352, 10: 114, 11: 380, 12: 142, 13: 414, 14: 652, 15: 380, 16: 142, 17: 170, 18: 408, 19: 142, 20: 380, 21: 282, 22: 44, 23: 652, 24: 414, 25: 268, 26: 30, 27: 722, 28: 484, 29: 442, 30: 680, 31: 442, 32: 680, 33: 268, 34: 30, 35: 86, 36: 324, 37: 156, 38: 394, 39: 652, 40: 414, 41: 86, 42: 324, 43: 736, 44: 498, 45: 338, 46: 100, 47: 512, 48: 750, 49: 414, 50: 652, 51: 30, 52: 268, 53: 338, 54: 100, 55: 414, 56: 652, 57: 114, 58: 352, 59: 722, 60: 484, 61: 254, 62: 16, 63: 442, 64: 680, 65: 680, 66: 442, 67: 352, 68: 114, 69: 414, 70: 652, 71: 310, 72: 72, 73: 652, 74: 414, 75: 380, 76: 142, 77: 338, 78: 100, 79: 680, 80: 442, 81: 254, 82: 16, 83: 310, 84: 72, 85: 282, 86: 44, 87: 736, 88: 498, 89: 484, 90: 722, 91: 254, 92: 16, 93: 750, 94: 512, 95: 30, 96: 268, 97: 170, 98: 408, 99: 478, 100: 240, 101: 310, 102: 72, 103: 352, 104: 114, 105: 72, 106: 310, 107: 310, 108: 72, 109: 414, 110: 652, 111: 282, 112: 44, 113: 722, 114: 484, 115: 652, 116: 414, 117: 722, 118: 484, 119: 310, 120: 72, 121: 380, 122: 142, 123: 380, 124: 142, 125: 666, 126: 428, 127: 750, 128: 512, 129: 366, 130: 128, 131: 380, 132: 142, 133: 310, 134: 72, 135: 254, 136: 16, 137: 414, 138: 652, 139: 722, 140: 484, 141: 324, 142: 86, 143: 16, 144: 254, 145: 484, 146: 722, 147: 428, 148: 666, 149: 254, 150: 16, 151: 352, 152: 114, 153: 652, 154: 414, 155: 414, 156: 652, 157: 268, 158: 30, 159: 310, 160: 72, 161: 268, 162: 30, 163: 254, 164: 16, 165: 254, 166: 16, 167: 652, 168: 414, 169: 310, 170: 72, 171: 442, 172: 680, 173: 366, 174: 128, 175: 380, 176: 142, 177: 366, 178: 128, 179: 380, 180: 142, 181: 254, 182: 16, 183: 310, 184: 72, 185: 324, 186: 86, 187: 254, 188: 16, 189: 310, 190: 72, 191: 268, 192: 30, 193: 324, 194: 86, 195: 736, 196: 498, 197: 282, 198: 44, 199: 254, 200: 16}
Number of lables used:  36
Total time: 0.37 seconds
Memory used: 43.52 MB
--------------------------------------------------

Trying with at most 35 labels...
Solution:
{1: 310, 2: 72, 3: 380, 4: 142, 5: 652, 6: 414, 7: 324, 8: 86, 9: 736, 10: 498, 11: 380, 12: 142, 13: 16, 14: 254, 15: 86, 16: 324, 17: 170, 18: 408, 19: 142, 20: 380, 21: 128, 22: 366, 23: 666, 24: 428, 25: 268, 26: 30, 27: 722, 28: 484, 29: 380, 30: 142, 31: 442, 32: 680, 33: 324, 34: 86, 35: 86, 36: 324, 37: 778, 38: 540, 39: 652, 40: 414, 41: 86, 42: 324, 43: 142, 44: 380, 45: 254, 46: 16, 47: 540, 48: 778, 49: 414, 50: 652, 51: 366, 52: 128, 53: 652, 54: 414, 55: 414, 56: 652, 57: 30, 58: 268, 59: 722, 60: 484, 61: 254, 62: 16, 63: 540, 64: 778, 65: 680, 66: 442, 67: 652, 68: 414, 69: 128, 70: 366, 71: 310, 72: 72, 73: 652, 74: 414, 75: 380, 76: 142, 77: 338, 78: 100, 79: 680, 80: 442, 81: 254, 82: 16, 83: 338, 84: 100, 85: 310, 86: 72, 87: 736, 88: 498, 89: 484, 90: 722, 91: 254, 92: 16, 93: 254, 94: 16, 95: 30, 96: 268, 97: 240, 98: 478, 99: 478, 100: 240, 101: 310, 102: 72, 103: 366, 104: 128, 105: 72, 106: 310, 107: 324, 108: 86, 109: 414, 110: 652, 111: 310, 112: 72, 113: 722, 114: 484, 115: 680, 116: 442, 117: 428, 118: 666, 119: 114, 120: 352, 121: 380, 122: 142, 123: 380, 124: 142, 125: 666, 126: 428, 127: 428, 128: 666, 129: 366, 130: 128, 131: 380, 132: 142, 133: 442, 134: 680, 135: 254, 136: 16, 137: 414, 138: 652, 139: 722, 140: 484, 141: 268, 142: 30, 143: 16, 144: 254, 145: 484, 146: 722, 147: 736, 148: 498, 149: 254, 150: 16, 151: 72, 152: 310, 153: 778, 154: 540, 155: 414, 156: 652, 157: 72, 158: 310, 159: 310, 160: 72, 161: 268, 162: 30, 163: 254, 164: 16, 165: 254, 166: 16, 167: 652, 168: 414, 169: 310, 170: 72, 171: 442, 172: 680, 173: 366, 174: 128, 175: 380, 176: 142, 177: 366, 178: 128, 179: 380, 180: 142, 181: 100, 182: 338, 183: 310, 184: 72, 185: 324, 186: 86, 187: 254, 188: 16, 189: 442, 190: 680, 191: 666, 192: 428, 193: 268, 194: 30, 195: 736, 196: 498, 197: 72, 198: 310, 199: 254, 200: 16}
Number of lables used:  32
Total time: 0.37 seconds
Memory used: 43.52 MB
--------------------------------------------------

Trying with at most 31 labels...
Solution:
{1: 310, 2: 72, 3: 380, 4: 142, 5: 652, 6: 414, 7: 324, 8: 86, 9: 736, 10: 498, 11: 380, 12: 142, 13: 16, 14: 254, 15: 30, 16: 268, 17: 170, 18: 408, 19: 142, 20: 380, 21: 128, 22: 366, 23: 736, 24: 498, 25: 268, 26: 30, 27: 722, 28: 484, 29: 380, 30: 142, 31: 484, 32: 722, 33: 324, 34: 86, 35: 86, 36: 324, 37: 778, 38: 540, 39: 652, 40: 414, 41: 86, 42: 324, 43: 142, 44: 380, 45: 254, 46: 16, 47: 540, 48: 778, 49: 414, 50: 652, 51: 366, 52: 128, 53: 652, 54: 414, 55: 414, 56: 652, 57: 30, 58: 268, 59: 722, 60: 484, 61: 254, 62: 16, 63: 540, 64: 778, 65: 680, 66: 442, 67: 652, 68: 414, 69: 128, 70: 366, 71: 310, 72: 72, 73: 652, 74: 414, 75: 380, 76: 142, 77: 324, 78: 86, 79: 680, 80: 442, 81: 254, 82: 16, 83: 338, 84: 100, 85: 310, 86: 72, 87: 736, 88: 498, 89: 484, 90: 722, 91: 254, 92: 16, 93: 254, 94: 16, 95: 30, 96: 268, 97: 240, 98: 478, 99: 478, 100: 240, 101: 310, 102: 72, 103: 366, 104: 128, 105: 72, 106: 310, 107: 324, 108: 86, 109: 414, 110: 652, 111: 310, 112: 72, 113: 722, 114: 484, 115: 680, 116: 442, 117: 736, 118: 498, 119: 114, 120: 352, 121: 380, 122: 142, 123: 380, 124: 142, 125: 778, 126: 540, 127: 442, 128: 680, 129: 366, 130: 128, 131: 380, 132: 142, 133: 442, 134: 680, 135: 254, 136: 16, 137: 414, 138: 652, 139: 722, 140: 484, 141: 268, 142: 30, 143: 16, 144: 254, 145: 484, 146: 722, 147: 540, 148: 778, 149: 254, 150: 16, 151: 72, 152: 310, 153: 100, 154: 338, 155: 414, 156: 652, 157: 72, 158: 310, 159: 310, 160: 72, 161: 268, 162: 30, 163: 414, 164: 652, 165: 254, 166: 16, 167: 652, 168: 414, 169: 310, 170: 72, 171: 442, 172: 680, 173: 366, 174: 128, 175: 380, 176: 142, 177: 366, 178: 128, 179: 380, 180: 142, 181: 100, 182: 338, 183: 310, 184: 72, 185: 324, 186: 86, 187: 254, 188: 16, 189: 442, 190: 680, 191: 778, 192: 540, 193: 268, 194: 30, 195: 736, 196: 498, 197: 72, 198: 310, 199: 254, 200: 16}
Number of lables used:  30
Total time: 0.37 seconds
Memory used: 43.52 MB
--------------------------------------------------

Trying with at most 29 labels...
Solution:
{1: 310, 2: 72, 3: 380, 4: 142, 5: 652, 6: 414, 7: 324, 8: 86, 9: 352, 10: 114, 11: 380, 12: 142, 13: 16, 14: 254, 15: 30, 16: 268, 17: 170, 18: 408, 19: 142, 20: 380, 21: 310, 22: 72, 23: 652, 24: 414, 25: 268, 26: 30, 27: 722, 28: 484, 29: 380, 30: 142, 31: 484, 32: 722, 33: 268, 34: 30, 35: 86, 36: 324, 37: 86, 38: 324, 39: 652, 40: 414, 41: 324, 42: 86, 43: 778, 44: 540, 45: 254, 46: 16, 47: 554, 48: 792, 49: 414, 50: 652, 51: 352, 52: 114, 53: 652, 54: 414, 55: 414, 56: 652, 57: 30, 58: 268, 59: 778, 60: 540, 61: 310, 62: 72, 63: 540, 64: 778, 65: 680, 66: 442, 67: 652, 68: 414, 69: 30, 70: 268, 71: 310, 72: 72, 73: 652, 74: 414, 75: 72, 76: 310, 77: 324, 78: 86, 79: 680, 80: 442, 81: 254, 82: 16, 83: 338, 84: 100, 85: 310, 86: 72, 87: 778, 88: 540, 89: 484, 90: 722, 91: 254, 92: 16, 93: 254, 94: 16, 95: 30, 96: 268, 97: 142, 98: 380, 99: 142, 100: 380, 101: 268, 102: 30, 103: 380, 104: 142, 105: 72, 106: 310, 107: 324, 108: 86, 109: 414, 110: 652, 111: 310, 112: 72, 113: 722, 114: 484, 115: 414, 116: 652, 117: 86, 118: 324, 119: 114, 120: 352, 121: 240, 122: 478, 123: 16, 124: 254, 125: 778, 126: 540, 127: 484, 128: 722, 129: 484, 130: 722, 131: 380, 132: 142, 133: 442, 134: 680, 135: 254, 136: 16, 137: 414, 138: 652, 139: 722, 140: 484, 141: 484, 142: 722, 143: 16, 144: 254, 145: 792, 146: 554, 147: 540, 148: 778, 149: 254, 150: 16, 151: 414, 152: 652, 153: 100, 154: 338, 155: 414, 156: 652, 157: 310, 158: 72, 159: 254, 160: 16, 161: 268, 162: 30, 163: 414, 164: 652, 165: 254, 166: 16, 167: 652, 168: 414, 169: 310, 170: 72, 171: 554, 172: 792, 173: 30, 174: 268, 175: 380, 176: 142, 177: 352, 178: 114, 179: 380, 180: 142, 181: 100, 182: 338, 183: 310, 184: 72, 185: 324, 186: 86, 187: 254, 188: 16, 189: 442, 190: 680, 191: 778, 192: 540, 193: 268, 194: 30, 195: 540, 196: 778, 197: 72, 198: 310, 199: 254, 200: 16}
Number of lables used:  28
Total time: 0.38 seconds
Memory used: 43.52 MB
--------------------------------------------------

Trying with at most 27 labels...
Solution:
{1: 100, 2: 338, 3: 380, 4: 142, 5: 652, 6: 414, 7: 324, 8: 86, 9: 352, 10: 114, 11: 380, 12: 142, 13: 16, 14: 254, 15: 30, 16: 268, 17: 240, 18: 478, 19: 268, 20: 30, 21: 310, 22: 72, 23: 652, 24: 414, 25: 114, 26: 352, 27: 722, 28: 484, 29: 380, 30: 142, 31: 484, 32: 722, 33: 268, 34: 30, 35: 86, 36: 324, 37: 30, 38: 268, 39: 652, 40: 414, 41: 324, 42: 86, 43: 778, 44: 540, 45: 16, 46: 254, 47: 554, 48: 792, 49: 792, 50: 554, 51: 352, 52: 114, 53: 652, 54: 414, 55: 792, 56: 554, 57: 142, 58: 380, 59: 778, 60: 540, 61: 310, 62: 72, 63: 540, 64: 778, 65: 680, 66: 442, 67: 652, 68: 414, 69: 30, 70: 268, 71: 310, 72: 72, 73: 680, 74: 442, 75: 72, 76: 310, 77: 86, 78: 324, 79: 680, 80: 442, 81: 254, 82: 16, 83: 414, 84: 652, 85: 310, 86: 72, 87: 778, 88: 540, 89: 484, 90: 722, 91: 16, 92: 254, 93: 652, 94: 414, 95: 30, 96: 268, 97: 142, 98: 380, 99: 142, 100: 380, 101: 652, 102: 414, 103: 380, 104: 142, 105: 72, 106: 310, 107: 324, 108: 86, 109: 414, 110: 652, 111: 310, 112: 72, 113: 722, 114: 484, 115: 414, 116: 652, 117: 86, 118: 324, 119: 114, 120: 352, 121: 240, 122: 478, 123: 16, 124: 254, 125: 442, 126: 680, 127: 484, 128: 722, 129: 778, 130: 540, 131: 380, 132: 142, 133: 442, 134: 680, 135: 254, 136: 16, 137: 414, 138: 652, 139: 792, 140: 554, 141: 484, 142: 722, 143: 16, 144: 254, 145: 792, 146: 554, 147: 540, 148: 778, 149: 254, 150: 16, 151: 414, 152: 652, 153: 100, 154: 338, 155: 414, 156: 652, 157: 310, 158: 72, 159: 254, 160: 16, 161: 268, 162: 30, 163: 414, 164: 652, 165: 254, 166: 16, 167: 652, 168: 414, 169: 310, 170: 72, 171: 442, 172: 680, 173: 30, 174: 268, 175: 380, 176: 142, 177: 352, 178: 114, 179: 380, 180: 142, 181: 100, 182: 338, 183: 310, 184: 72, 185: 324, 186: 86, 187: 254, 188: 16, 189: 72, 190: 310, 191: 778, 192: 540, 193: 268, 194: 30, 195: 540, 196: 778, 197: 72, 198: 310, 199: 254, 200: 16}
Number of lables used:  26
Total time: 0.38 seconds
Memory used: 43.52 MB
--------------------------------------------------

Trying with at most 25 labels...
Solution:
{1: 680, 2: 442, 3: 380, 4: 142, 5: 652, 6: 414, 7: 324, 8: 86, 9: 324, 10: 86, 11: 380, 12: 142, 13: 16, 14: 254, 15: 30, 16: 268, 17: 240, 18: 478, 19: 268, 20: 30, 21: 142, 22: 380, 23: 652, 24: 414, 25: 72, 26: 310, 27: 722, 28: 484, 29: 380, 30: 142, 31: 484, 32: 722, 33: 268, 34: 30, 35: 86, 36: 324, 37: 722, 38: 484, 39: 652, 40: 414, 41: 324, 42: 86, 43: 100, 44: 338, 45: 16, 46: 254, 47: 554, 48: 792, 49: 792, 50: 554, 51: 352, 52: 114, 53: 652, 54: 414, 55: 792, 56: 554, 57: 142, 58: 380, 59: 254, 60: 16, 61: 310, 62: 72, 63: 554, 64: 792, 65: 680, 66: 442, 67: 652, 68: 414, 69: 30, 70: 268, 71: 310, 72: 72, 73: 680, 74: 442, 75: 72, 76: 310, 77: 86, 78: 324, 79: 680, 80: 442, 81: 792, 82: 554, 83: 380, 84: 142, 85: 310, 86: 72, 87: 792, 88: 554, 89: 484, 90: 722, 91: 16, 92: 254, 93: 652, 94: 414, 95: 30, 96: 268, 97: 240, 98: 478, 99: 142, 100: 380, 101: 652, 102: 414, 103: 380, 104: 142, 105: 72, 106: 310, 107: 324, 108: 86, 109: 414, 110: 652, 111: 310, 112: 72, 113: 722, 114: 484, 115: 680, 116: 442, 117: 86, 118: 324, 119: 114, 120: 352, 121: 240, 122: 478, 123: 16, 124: 254, 125: 442, 126: 680, 127: 484, 128: 722, 129: 792, 130: 554, 131: 380, 132: 142, 133: 484, 134: 722, 135: 254, 136: 16, 137: 414, 138: 652, 139: 792, 140: 554, 141: 484, 142: 722, 143: 16, 144: 254, 145: 792, 146: 554, 147: 554, 148: 792, 149: 254, 150: 16, 151: 414, 152: 652, 153: 100, 154: 338, 155: 414, 156: 652, 157: 310, 158: 72, 159: 254, 160: 16, 161: 268, 162: 30, 163: 414, 164: 652, 165: 254, 166: 16, 167: 652, 168: 414, 169: 310, 170: 72, 171: 442, 172: 680, 173: 30, 174: 268, 175: 380, 176: 142, 177: 352, 178: 114, 179: 380, 180: 142, 181: 100, 182: 338, 183: 310, 184: 72, 185: 324, 186: 86, 187: 254, 188: 16, 189: 72, 190: 310, 191: 680, 192: 442, 193: 268, 194: 30, 195: 554, 196: 792, 197: 72, 198: 310, 199: 254, 200: 16}
Number of lables used:  24
Total time: 0.38 seconds
Memory used: 43.52 MB
--------------------------------------------------

Trying with at most 23 labels...
Solution:
{1: 442, 2: 680, 3: 380, 4: 142, 5: 72, 6: 310, 7: 554, 8: 792, 9: 324, 10: 86, 11: 380, 12: 142, 13: 352, 14: 114, 15: 142, 16: 380, 17: 170, 18: 408, 19: 86, 20: 324, 21: 142, 22: 380, 23: 30, 24: 268, 25: 268, 26: 30, 27: 30, 28: 268, 29: 442, 30: 680, 31: 554, 32: 792, 33: 380, 34: 142, 35: 86, 36: 324, 37: 680, 38: 442, 39: 72, 40: 310, 41: 324, 42: 86, 43: 100, 44: 338, 45: 254, 46: 16, 47: 442, 48: 680, 49: 142, 50: 380, 51: 72, 52: 310, 53: 324, 54: 86, 55: 142, 56: 380, 57: 554, 58: 792, 59: 792, 60: 554, 61: 310, 62: 72, 63: 554, 64: 792, 65: 16, 66: 254, 67: 100, 68: 338, 69: 30, 70: 268, 71: 86, 72: 324, 73: 72, 74: 310, 75: 72, 76: 310, 77: 16, 78: 254, 79: 100, 80: 338, 81: 142, 82: 380, 83: 380, 84: 142, 85: 380, 86: 142, 87: 142, 88: 380, 89: 792, 90: 554, 91: 680, 92: 442, 93: 442, 94: 680, 95: 268, 96: 30, 97: 240, 98: 478, 99: 142, 100: 380, 101: 254, 102: 16, 103: 792, 104: 554, 105: 142, 106: 380, 107: 324, 108: 86, 109: 442, 110: 680, 111: 680, 112: 442, 113: 86, 114: 324, 115: 792, 116: 554, 117: 86, 118: 324, 119: 142, 120: 380, 121: 240, 122: 478, 123: 16, 124: 254, 125: 442, 126: 680, 127: 792, 128: 554, 129: 792, 130: 554, 131: 240, 132: 478, 133: 268, 134: 30, 135: 114, 136: 352, 137: 268, 138: 30, 139: 792, 140: 554, 141: 442, 142: 680, 143: 254, 144: 16, 145: 792, 146: 554, 147: 680, 148: 442, 149: 254, 150: 16, 151: 86, 152: 324, 153: 16, 154: 254, 155: 30, 156: 268, 157: 142, 158: 380, 159: 792, 160: 554, 161: 442, 162: 680, 163: 442, 164: 680, 165: 254, 166: 16, 167: 380, 168: 142, 169: 442, 170: 680, 171: 442, 172: 680, 173: 30, 174: 268, 175: 310, 176: 72, 177: 310, 178: 72, 179: 408, 180: 170, 181: 100, 182: 338, 183: 324, 184: 86, 185: 554, 186: 792, 187: 268, 188: 30, 189: 114, 190: 352, 191: 380, 192: 142, 193: 268, 194: 30, 195: 554, 196: 792, 197: 442, 198: 680, 199: 254, 200: 16}
Number of lables used:  22
Total time: 0.39 seconds
Memory used: 43.52 MB
--------------------------------------------------

Trying with at most 21 labels...
Solution:
{1: 442, 2: 680, 3: 380, 4: 142, 5: 72, 6: 310, 7: 554, 8: 792, 9: 324, 10: 86, 11: 380, 12: 142, 13: 352, 14: 114, 15: 142, 16: 380, 17: 478, 18: 240, 19: 86, 20: 324, 21: 142, 22: 380, 23: 30, 24: 268, 25: 268, 26: 30, 27: 30, 28: 268, 29: 442, 30: 680, 31: 554, 32: 792, 33: 380, 34: 142, 35: 86, 36: 324, 37: 680, 38: 442, 39: 72, 40: 310, 41: 310, 42: 72, 43: 100, 44: 338, 45: 254, 46: 16, 47: 442, 48: 680, 49: 142, 50: 380, 51: 72, 52: 310, 53: 324, 54: 86, 55: 142, 56: 380, 57: 554, 58: 792, 59: 792, 60: 554, 61: 324, 62: 86, 63: 554, 64: 792, 65: 16, 66: 254, 67: 100, 68: 338, 69: 30, 70: 268, 71: 86, 72: 324, 73: 72, 74: 310, 75: 86, 76: 324, 77: 16, 78: 254, 79: 100, 80: 338, 81: 142, 82: 380, 83: 380, 84: 142, 85: 380, 86: 142, 87: 142, 88: 380, 89: 792, 90: 554, 91: 680, 92: 442, 93: 442, 94: 680, 95: 268, 96: 30, 97: 240, 98: 478, 99: 142, 100: 380, 101: 442, 102: 680, 103: 792, 104: 554, 105: 142, 106: 380, 107: 324, 108: 86, 109: 442, 110: 680, 111: 680, 112: 442, 113: 86, 114: 324, 115: 792, 116: 554, 117: 72, 118: 310, 119: 142, 120: 380, 121: 240, 122: 478, 123: 16, 124: 254, 125: 30, 126: 268, 127: 792, 128: 554, 129: 792, 130: 554, 131: 240, 132: 478, 133: 268, 134: 30, 135: 114, 136: 352, 137: 268, 138: 30, 139: 792, 140: 554, 141: 442, 142: 680, 143: 254, 144: 16, 145: 792, 146: 554, 147: 680, 148: 442, 149: 254, 150: 16, 151: 86, 152: 324, 153: 16, 154: 254, 155: 30, 156: 268, 157: 142, 158: 380, 159: 792, 160: 554, 161: 442, 162: 680, 163: 442, 164: 680, 165: 254, 166: 16, 167: 380, 168: 142, 169: 442, 170: 680, 171: 442, 172: 680, 173: 30, 174: 268, 175: 310, 176: 72, 177: 310, 178: 72, 179: 478, 180: 240, 181: 100, 182: 338, 183: 324, 184: 86, 185: 554, 186: 792, 187: 268, 188: 30, 189: 114, 190: 352, 191: 380, 192: 142, 193: 268, 194: 30, 195: 554, 196: 792, 197: 442, 198: 680, 199: 254, 200: 16}
Number of lables used:  20
Total time: 0.39 seconds
Memory used: 43.52 MB
--------------------------------------------------

Trying with at most 19 labels...
Solution:
{1: 380, 2: 142, 3: 324, 4: 86, 5: 680, 6: 442, 7: 442, 8: 680, 9: 554, 10: 792, 11: 142, 12: 380, 13: 16, 14: 254, 15: 142, 16: 380, 17: 380, 18: 142, 19: 86, 20: 324, 21: 86, 22: 324, 23: 484, 24: 722, 25: 442, 26: 680, 27: 722, 28: 484, 29: 540, 30: 778, 31: 254, 32: 16, 33: 540, 34: 778, 35: 128, 36: 366, 37: 324, 38: 86, 39: 86, 40: 324, 41: 128, 42: 366, 43: 484, 44: 722, 45: 16, 46: 254, 47: 778, 48: 540, 49: 554, 50: 792, 51: 142, 52: 380, 53: 128, 54: 366, 55: 128, 56: 366, 57: 380, 58: 142, 59: 442, 60: 680, 61: 254, 62: 16, 63: 540, 64: 778, 65: 16, 66: 254, 67: 442, 68: 680, 69: 86, 70: 324, 71: 128, 72: 366, 73: 142, 74: 380, 75: 554, 76: 792, 77: 366, 78: 128, 79: 778, 80: 540, 81: 86, 82: 324, 83: 484, 84: 722, 85: 442, 86: 680, 87: 254, 88: 16, 89: 540, 90: 778, 91: 442, 92: 680, 93: 254, 94: 16, 95: 366, 96: 128, 97: 240, 98: 478, 99: 478, 100: 240, 101: 680, 102: 442, 103: 778, 104: 540, 105: 16, 106: 254, 107: 366, 108: 128, 109: 442, 110: 680, 111: 442, 112: 680, 113: 254, 114: 16, 115: 16, 116: 254, 117: 324, 118: 86, 119: 680, 120: 442, 121: 380, 122: 142, 123: 86, 124: 324, 125: 540, 126: 778, 127: 722, 128: 484, 129: 86, 130: 324, 131: 142, 132: 380, 133: 484, 134: 722, 135: 442, 136: 680, 137: 324, 138: 86, 139: 128, 140: 366, 141: 442, 142: 680, 143: 380, 144: 142, 145: 16, 146: 254, 147: 128, 148: 366, 149: 86, 150: 324, 151: 778, 152: 540, 153: 16, 154: 254, 155: 366, 156: 128, 157: 142, 158: 380, 159: 484, 160: 722, 161: 86, 162: 324, 163: 540, 164: 778, 165: 254, 166: 16, 167: 722, 168: 484, 169: 484, 170: 722, 171: 254, 172: 16, 173: 128, 174: 366, 175: 324, 176: 86, 177: 484, 178: 722, 179: 142, 180: 380, 181: 792, 182: 554, 183: 484, 184: 722, 185: 366, 186: 128, 187: 86, 188: 324, 189: 324, 190: 86, 191: 680, 192: 442, 193: 128, 194: 366, 195: 366, 196: 128, 197: 540, 198: 778, 199: 254, 200: 16}
Number of lables used:  18
Total time: 0.41 seconds
Memory used: 43.52 MB
--------------------------------------------------

Trying with at most 17 labels...
Solution:
{1: 380, 2: 142, 3: 380, 4: 142, 5: 30, 6: 268, 7: 142, 8: 380, 9: 30, 10: 268, 11: 478, 12: 240, 13: 442, 14: 680, 15: 86, 16: 324, 17: 380, 18: 142, 19: 30, 20: 268, 21: 128, 22: 366, 23: 540, 24: 778, 25: 442, 26: 680, 27: 680, 28: 442, 29: 268, 30: 30, 31: 540, 32: 778, 33: 324, 34: 86, 35: 128, 36: 366, 37: 778, 38: 540, 39: 30, 40: 268, 41: 86, 42: 324, 43: 142, 44: 380, 45: 778, 46: 540, 47: 778, 48: 540, 49: 268, 50: 30, 51: 142, 52: 380, 53: 540, 54: 778, 55: 442, 56: 680, 57: 380, 58: 142, 59: 442, 60: 680, 61: 254, 62: 16, 63: 540, 64: 778, 65: 128, 66: 366, 67: 540, 68: 778, 69: 142, 70: 380, 71: 128, 72: 366, 73: 142, 74: 380, 75: 30, 76: 268, 77: 366, 78: 128, 79: 778, 80: 540, 81: 86, 82: 324, 83: 86, 84: 324, 85: 324, 86: 86, 87: 16, 88: 254, 89: 778, 90: 540, 91: 540, 92: 778, 93: 540, 94: 778, 95: 86, 96: 324, 97: 240, 98: 478, 99: 478, 100: 240, 101: 680, 102: 442, 103: 778, 104: 540, 105: 254, 106: 16, 107: 268, 108: 30, 109: 442, 110: 680, 111: 442, 112: 680, 113: 254, 114: 16, 115: 680, 116: 442, 117: 380, 118: 142, 119: 128, 120: 366, 121: 380, 122: 142, 123: 142, 124: 380, 125: 540, 126: 778, 127: 540, 128: 778, 129: 86, 130: 324, 131: 478, 132: 240, 133: 324, 134: 86, 135: 324, 136: 86, 137: 442, 138: 680, 139: 30, 140: 268, 141: 442, 142: 680, 143: 680, 144: 442, 145: 680, 146: 442, 147: 680, 148: 442, 149: 86, 150: 324, 151: 86, 152: 324, 153: 30, 154: 268, 155: 366, 156: 128, 157: 30, 158: 268, 159: 778, 160: 540, 161: 128, 162: 366, 163: 680, 164: 442, 165: 268, 166: 30, 167: 268, 168: 30, 169: 380, 170: 142, 171: 16, 172: 254, 173: 86, 174: 324, 175: 778, 176: 540, 177: 540, 178: 778, 179: 478, 180: 240, 181: 16, 182: 254, 183: 142, 184: 380, 185: 366, 186: 128, 187: 254, 188: 16, 189: 324, 190: 86, 191: 680, 192: 442, 193: 86, 194: 324, 195: 540, 196: 778, 197: 30, 198: 268, 199: 324, 200: 86}
Number of lables used:  16
Total time: 0.41 seconds
Memory used: 43.52 MB
--------------------------------------------------

Trying with at most 15 labels...
Solution:
{1: 540, 2: 778, 3: 142, 4: 380, 5: 100, 6: 338, 7: 380, 8: 142, 9: 736, 10: 498, 11: 478, 12: 240, 13: 652, 14: 414, 15: 414, 16: 652, 17: 380, 18: 142, 19: 652, 20: 414, 21: 338, 22: 100, 23: 498, 24: 736, 25: 338, 26: 100, 27: 736, 28: 498, 29: 736, 30: 498, 31: 498, 32: 736, 33: 142, 34: 380, 35: 736, 36: 498, 37: 778, 38: 540, 39: 100, 40: 338, 41: 100, 42: 338, 43: 142, 44: 380, 45: 282, 46: 44, 47: 540, 48: 778, 49: 498, 50: 736, 51: 540, 52: 778, 53: 498, 54: 736, 55: 380, 56: 142, 57: 414, 58: 652, 59: 282, 60: 44, 61: 282, 62: 44, 63: 498, 64: 736, 65: 44, 66: 282, 67: 380, 68: 142, 69: 44, 70: 282, 71: 338, 72: 100, 73: 736, 74: 498, 75: 652, 76: 414, 77: 142, 78: 380, 79: 44, 80: 282, 81: 414, 82: 652, 83: 380, 84: 142, 85: 338, 86: 100, 87: 414, 88: 652, 89: 652, 90: 414, 91: 414, 92: 652, 93: 44, 94: 282, 95: 540, 96: 778, 97: 478, 98: 240, 99: 478, 100: 240, 101: 414, 102: 652, 103: 338, 104: 100, 105: 540, 106: 778, 107: 540, 108: 778, 109: 380, 110: 142, 111: 380, 112: 142, 113: 778, 114: 540, 115: 652, 116: 414, 117: 100, 118: 338, 119: 498, 120: 736, 121: 380, 122: 142, 123: 414, 124: 652, 125: 540, 126: 778, 127: 540, 128: 778, 129: 100, 130: 338, 131: 478, 132: 240, 133: 282, 134: 44, 135: 652, 136: 414, 137: 380, 138: 142, 139: 736, 140: 498, 141: 498, 142: 736, 143: 100, 144: 338, 145: 44, 146: 282, 147: 414, 148: 652, 149: 44, 150: 282, 151: 142, 152: 380, 153: 540, 154: 778, 155: 282, 156: 44, 157: 540, 158: 778, 159: 778, 160: 540, 161: 414, 162: 652, 163: 282, 164: 44, 165: 338, 166: 100, 167: 44, 168: 282, 169: 44, 170: 282, 171: 498, 172: 736, 173: 540, 174: 778, 175: 414, 176: 652, 177: 380, 178: 142, 179: 142, 180: 380, 181: 736, 182: 498, 183: 736, 184: 498, 185: 282, 186: 44, 187: 100, 188: 338, 189: 778, 190: 540, 191: 100, 192: 338, 193: 282, 194: 44, 195: 540, 196: 778, 197: 338, 198: 100, 199: 282, 200: 44}
Number of lables used:  14
Total time: 0.45 seconds
Memory used: 50.75 MB
--------------------------------------------------

Trying with at most 13 labels...
Cannot find solution.
No more solutions found.
Optimal number of labels used:  14
Total time: 4.18 seconds
Memory used: 60.95 MB
[runlim] end:			Tue Jun  9 03:08:44 2026
[runlim] status:		ok
[runlim] result:		0
[runlim] children:		1
[runlim] processes:		2
[runlim] real:			4.23 seconds
[runlim] time:			4.20 seconds
[runlim] space:			61 MB
[runlim] load:			1.23 maximum
[runlim] samples:		43
