[runlim] version:		1.10
[runlim] time limit:		311040000 seconds
[runlim] real time limit:	600 seconds
[runlim] space limit:		14000 MB
[runlim] argv[0]:		python3
[runlim] argv[1]:		-u
[runlim] argv[2]:		pairwise_no_preprocessing.py
[runlim] argv[3]:		graph03
[runlim] argv[4]:		assumptions
[runlim] start:			Wed Mar 11 22:40:59 2026
[runlim] main pid:		12505
Solve first problem:
Solution:
{1: 680, 2: 442, 3: 114, 4: 352, 5: 16, 6: 254, 7: 142, 8: 380, 9: 526, 10: 764, 11: 666, 12: 428, 13: 58, 14: 296, 15: 30, 16: 268, 17: 114, 18: 352, 19: 722, 20: 484, 21: 764, 22: 526, 23: 86, 24: 324, 25: 100, 26: 338, 27: 708, 28: 470, 29: 114, 30: 352, 31: 142, 32: 380, 33: 44, 34: 282, 35: 142, 36: 380, 37: 72, 38: 310, 39: 708, 40: 470, 41: 16, 42: 254, 43: 694, 44: 456, 45: 30, 46: 268, 47: 722, 48: 484, 49: 778, 50: 540, 51: 100, 52: 338, 53: 666, 54: 428, 55: 764, 56: 526, 57: 86, 58: 324, 59: 694, 60: 456, 61: 764, 62: 526, 63: 722, 64: 484, 65: 750, 66: 512, 67: 680, 68: 442, 69: 778, 70: 540, 71: 142, 72: 380, 73: 58, 74: 296, 75: 750, 76: 512, 77: 764, 78: 526, 79: 792, 80: 554, 81: 694, 82: 456, 83: 708, 84: 470, 85: 792, 86: 554, 87: 58, 88: 296, 89: 72, 90: 310, 91: 792, 92: 554, 93: 778, 94: 540, 95: 142, 96: 380, 97: 736, 98: 498, 99: 44, 100: 282, 101: 792, 102: 554, 103: 142, 104: 380, 105: 86, 106: 324, 107: 30, 108: 268, 109: 680, 110: 442, 111: 16, 112: 254, 113: 16, 114: 254, 115: 58, 116: 296, 117: 114, 118: 352, 119: 44, 120: 282, 121: 114, 122: 352, 123: 764, 124: 526, 125: 142, 126: 380, 127: 736, 128: 498, 129: 44, 130: 282, 131: 100, 132: 338, 133: 736, 134: 498, 135: 142, 136: 380, 137: 764, 138: 526, 139: 86, 140: 324, 141: 72, 142: 310, 143: 100, 144: 338, 145: 778, 146: 540, 147: 72, 148: 310, 149: 128, 150: 366, 151: 44, 152: 282, 153: 16, 154: 254, 155: 722, 156: 484, 157: 16, 158: 254, 159: 58, 160: 296, 161: 708, 162: 470, 163: 708, 164: 470, 165: 86, 166: 324, 167: 764, 168: 526, 169: 128, 170: 366, 171: 128, 172: 366, 173: 44, 174: 282, 175: 750, 176: 512, 177: 778, 178: 540, 179: 114, 180: 352, 181: 694, 182: 456, 183: 58, 184: 296, 185: 72, 186: 310, 187: 58, 188: 296, 189: 750, 190: 512, 191: 16, 192: 254, 193: 722, 194: 484, 195: 44, 196: 282, 197: 128, 198: 366, 199: 750, 200: 512}
Number of lables used:  40
Total time: 0.46 seconds
Memory used: 48.32 MB
--------------------------------------------------

Trying with at most 39 labels...
Solution:
{1: 680, 2: 442, 3: 114, 4: 352, 5: 16, 6: 254, 7: 142, 8: 380, 9: 142, 10: 380, 11: 666, 12: 428, 13: 58, 14: 296, 15: 30, 16: 268, 17: 114, 18: 352, 19: 722, 20: 484, 21: 792, 22: 554, 23: 86, 24: 324, 25: 100, 26: 338, 27: 100, 28: 338, 29: 694, 30: 456, 31: 86, 32: 324, 33: 44, 34: 282, 35: 142, 36: 380, 37: 722, 38: 484, 39: 792, 40: 554, 41: 16, 42: 254, 43: 58, 44: 296, 45: 30, 46: 268, 47: 722, 48: 484, 49: 778, 50: 540, 51: 100, 52: 338, 53: 666, 54: 428, 55: 764, 56: 526, 57: 86, 58: 324, 59: 142, 60: 380, 61: 694, 62: 456, 63: 778, 64: 540, 65: 750, 66: 512, 67: 694, 68: 456, 69: 778, 70: 540, 71: 142, 72: 380, 73: 58, 74: 296, 75: 58, 76: 296, 77: 764, 78: 526, 79: 792, 80: 554, 81: 722, 82: 484, 83: 764, 84: 526, 85: 792, 86: 554, 87: 16, 88: 254, 89: 736, 90: 498, 91: 16, 92: 254, 93: 778, 94: 540, 95: 142, 96: 380, 97: 736, 98: 498, 99: 44, 100: 282, 101: 792, 102: 554, 103: 142, 104: 380, 105: 86, 106: 324, 107: 694, 108: 456, 109: 652, 110: 414, 111: 16, 112: 254, 113: 16, 114: 254, 115: 750, 116: 512, 117: 100, 118: 338, 119: 764, 120: 526, 121: 114, 122: 352, 123: 778, 124: 540, 125: 142, 126: 380, 127: 736, 128: 498, 129: 86, 130: 324, 131: 100, 132: 338, 133: 736, 134: 498, 135: 142, 136: 380, 137: 764, 138: 526, 139: 86, 140: 324, 141: 58, 142: 296, 143: 58, 144: 296, 145: 778, 146: 540, 147: 694, 148: 456, 149: 128, 150: 366, 151: 44, 152: 282, 153: 16, 154: 254, 155: 722, 156: 484, 157: 764, 158: 526, 159: 58, 160: 296, 161: 44, 162: 282, 163: 114, 164: 352, 165: 86, 166: 324, 167: 778, 168: 540, 169: 128, 170: 366, 171: 666, 172: 428, 173: 736, 174: 498, 175: 100, 176: 338, 177: 44, 178: 282, 179: 722, 180: 484, 181: 652, 182: 414, 183: 58, 184: 296, 185: 652, 186: 414, 187: 58, 188: 296, 189: 764, 190: 526, 191: 792, 192: 554, 193: 16, 194: 254, 195: 764, 196: 526, 197: 128, 198: 366, 199: 750, 200: 512}
Number of lables used:  38
Total time: 0.47 seconds
Memory used: 49.18 MB
--------------------------------------------------

Trying with at most 37 labels...
Solution:
{1: 736, 2: 498, 3: 652, 4: 414, 5: 142, 6: 380, 7: 652, 8: 414, 9: 652, 10: 414, 11: 652, 12: 414, 13: 86, 14: 324, 15: 114, 16: 352, 17: 58, 18: 296, 19: 58, 20: 296, 21: 30, 22: 268, 23: 44, 24: 282, 25: 44, 26: 282, 27: 58, 28: 296, 29: 680, 30: 442, 31: 142, 32: 380, 33: 750, 34: 512, 35: 86, 36: 324, 37: 142, 38: 380, 39: 764, 40: 526, 41: 778, 42: 540, 43: 44, 44: 282, 45: 736, 46: 498, 47: 30, 48: 268, 49: 736, 50: 498, 51: 86, 52: 324, 53: 86, 54: 324, 55: 44, 56: 282, 57: 114, 58: 352, 59: 652, 60: 414, 61: 72, 62: 310, 63: 778, 64: 540, 65: 736, 66: 498, 67: 100, 68: 338, 69: 764, 70: 526, 71: 652, 72: 414, 73: 142, 74: 380, 75: 736, 76: 498, 77: 750, 78: 512, 79: 778, 80: 540, 81: 750, 82: 512, 83: 764, 84: 526, 85: 792, 86: 554, 87: 778, 88: 540, 89: 100, 90: 338, 91: 778, 92: 540, 93: 764, 94: 526, 95: 170, 96: 408, 97: 764, 98: 526, 99: 72, 100: 310, 101: 750, 102: 512, 103: 156, 104: 394, 105: 114, 106: 352, 107: 58, 108: 296, 109: 652, 110: 414, 111: 30, 112: 268, 113: 44, 114: 282, 115: 86, 116: 324, 117: 156, 118: 394, 119: 750, 120: 512, 121: 680, 122: 442, 123: 792, 124: 554, 125: 652, 126: 414, 127: 30, 128: 268, 129: 72, 130: 310, 131: 142, 132: 380, 133: 72, 134: 310, 135: 652, 136: 414, 137: 680, 138: 442, 139: 114, 140: 352, 141: 736, 142: 498, 143: 736, 144: 498, 145: 778, 146: 540, 147: 86, 148: 324, 149: 114, 150: 352, 151: 750, 152: 512, 153: 778, 154: 540, 155: 680, 156: 442, 157: 778, 158: 540, 159: 736, 160: 498, 161: 30, 162: 268, 163: 680, 164: 442, 165: 114, 166: 352, 167: 778, 168: 540, 169: 666, 170: 428, 171: 666, 172: 428, 173: 30, 174: 268, 175: 86, 176: 324, 177: 750, 178: 512, 179: 100, 180: 338, 181: 680, 182: 442, 183: 44, 184: 282, 185: 100, 186: 338, 187: 736, 188: 498, 189: 764, 190: 526, 191: 44, 192: 282, 193: 778, 194: 540, 195: 72, 196: 310, 197: 666, 198: 428, 199: 30, 200: 268}
Number of lables used:  36
Total time: 0.48 seconds
Memory used: 49.21 MB
--------------------------------------------------

Trying with at most 35 labels...
Solution:
{1: 736, 2: 498, 3: 652, 4: 414, 5: 142, 6: 380, 7: 652, 8: 414, 9: 652, 10: 414, 11: 652, 12: 414, 13: 736, 14: 498, 15: 58, 16: 296, 17: 58, 18: 296, 19: 58, 20: 296, 21: 792, 22: 554, 23: 30, 24: 268, 25: 694, 26: 456, 27: 694, 28: 456, 29: 680, 30: 442, 31: 114, 32: 352, 33: 750, 34: 512, 35: 100, 36: 338, 37: 86, 38: 324, 39: 764, 40: 526, 41: 778, 42: 540, 43: 680, 44: 442, 45: 736, 46: 498, 47: 708, 48: 470, 49: 778, 50: 540, 51: 142, 52: 380, 53: 86, 54: 324, 55: 764, 56: 526, 57: 708, 58: 470, 59: 128, 60: 366, 61: 58, 62: 296, 63: 778, 64: 540, 65: 736, 66: 498, 67: 114, 68: 352, 69: 764, 70: 526, 71: 128, 72: 366, 73: 652, 74: 414, 75: 736, 76: 498, 77: 750, 78: 512, 79: 778, 80: 540, 81: 722, 82: 484, 83: 764, 84: 526, 85: 778, 86: 540, 87: 100, 88: 338, 89: 722, 90: 484, 91: 778, 92: 540, 93: 764, 94: 526, 95: 142, 96: 380, 97: 764, 98: 526, 99: 736, 100: 498, 101: 792, 102: 554, 103: 652, 104: 414, 105: 708, 106: 470, 107: 86, 108: 324, 109: 708, 110: 470, 111: 30, 112: 268, 113: 792, 114: 554, 115: 58, 116: 296, 117: 128, 118: 366, 119: 750, 120: 512, 121: 680, 122: 442, 123: 750, 124: 512, 125: 114, 126: 352, 127: 722, 128: 484, 129: 652, 130: 414, 131: 58, 132: 296, 133: 722, 134: 484, 135: 652, 136: 414, 137: 100, 138: 338, 139: 86, 140: 324, 141: 86, 142: 324, 143: 142, 144: 380, 145: 30, 146: 268, 147: 86, 148: 324, 149: 100, 150: 338, 151: 750, 152: 512, 153: 778, 154: 540, 155: 722, 156: 484, 157: 736, 158: 498, 159: 750, 160: 512, 161: 58, 162: 296, 163: 736, 164: 498, 165: 694, 166: 456, 167: 30, 168: 268, 169: 142, 170: 380, 171: 114, 172: 352, 173: 708, 174: 470, 175: 652, 176: 414, 177: 128, 178: 366, 179: 778, 180: 540, 181: 680, 182: 442, 183: 708, 184: 470, 185: 128, 186: 366, 187: 736, 188: 498, 189: 764, 190: 526, 191: 30, 192: 268, 193: 750, 194: 512, 195: 58, 196: 296, 197: 142, 198: 380, 199: 30, 200: 268}
Number of lables used:  34
Total time: 0.48 seconds
Memory used: 49.25 MB
--------------------------------------------------

Trying with at most 33 labels...
Solution:
{1: 736, 2: 498, 3: 652, 4: 414, 5: 142, 6: 380, 7: 652, 8: 414, 9: 652, 10: 414, 11: 652, 12: 414, 13: 736, 14: 498, 15: 58, 16: 296, 17: 58, 18: 296, 19: 58, 20: 296, 21: 792, 22: 554, 23: 100, 24: 338, 25: 30, 26: 268, 27: 114, 28: 352, 29: 680, 30: 442, 31: 114, 32: 352, 33: 750, 34: 512, 35: 100, 36: 338, 37: 86, 38: 324, 39: 764, 40: 526, 41: 778, 42: 540, 43: 680, 44: 442, 45: 736, 46: 498, 47: 708, 48: 470, 49: 778, 50: 540, 51: 142, 52: 380, 53: 652, 54: 414, 55: 764, 56: 526, 57: 708, 58: 470, 59: 128, 60: 366, 61: 58, 62: 296, 63: 778, 64: 540, 65: 736, 66: 498, 67: 114, 68: 352, 69: 764, 70: 526, 71: 128, 72: 366, 73: 652, 74: 414, 75: 736, 76: 498, 77: 750, 78: 512, 79: 778, 80: 540, 81: 722, 82: 484, 83: 764, 84: 526, 85: 778, 86: 540, 87: 100, 88: 338, 89: 722, 90: 484, 91: 778, 92: 540, 93: 764, 94: 526, 95: 142, 96: 380, 97: 764, 98: 526, 99: 736, 100: 498, 101: 792, 102: 554, 103: 652, 104: 414, 105: 708, 106: 470, 107: 86, 108: 324, 109: 708, 110: 470, 111: 30, 112: 268, 113: 792, 114: 554, 115: 58, 116: 296, 117: 128, 118: 366, 119: 750, 120: 512, 121: 680, 122: 442, 123: 750, 124: 512, 125: 114, 126: 352, 127: 722, 128: 484, 129: 652, 130: 414, 131: 58, 132: 296, 133: 722, 134: 484, 135: 652, 136: 414, 137: 100, 138: 338, 139: 86, 140: 324, 141: 86, 142: 324, 143: 142, 144: 380, 145: 30, 146: 268, 147: 86, 148: 324, 149: 100, 150: 338, 151: 750, 152: 512, 153: 778, 154: 540, 155: 722, 156: 484, 157: 736, 158: 498, 159: 750, 160: 512, 161: 58, 162: 296, 163: 736, 164: 498, 165: 708, 166: 470, 167: 30, 168: 268, 169: 142, 170: 380, 171: 114, 172: 352, 173: 708, 174: 470, 175: 652, 176: 414, 177: 128, 178: 366, 179: 778, 180: 540, 181: 680, 182: 442, 183: 708, 184: 470, 185: 128, 186: 366, 187: 736, 188: 498, 189: 764, 190: 526, 191: 30, 192: 268, 193: 750, 194: 512, 195: 58, 196: 296, 197: 142, 198: 380, 199: 30, 200: 268}
Number of lables used:  32
Total time: 0.48 seconds
Memory used: 49.25 MB
--------------------------------------------------

Trying with at most 31 labels...
Solution:
{1: 736, 2: 498, 3: 652, 4: 414, 5: 142, 6: 380, 7: 652, 8: 414, 9: 652, 10: 414, 11: 652, 12: 414, 13: 736, 14: 498, 15: 58, 16: 296, 17: 58, 18: 296, 19: 58, 20: 296, 21: 792, 22: 554, 23: 100, 24: 338, 25: 30, 26: 268, 27: 114, 28: 352, 29: 680, 30: 442, 31: 114, 32: 352, 33: 750, 34: 512, 35: 100, 36: 338, 37: 722, 38: 484, 39: 792, 40: 554, 41: 30, 42: 268, 43: 680, 44: 442, 45: 736, 46: 498, 47: 708, 48: 470, 49: 778, 50: 540, 51: 142, 52: 380, 53: 652, 54: 414, 55: 764, 56: 526, 57: 708, 58: 470, 59: 128, 60: 366, 61: 58, 62: 296, 63: 778, 64: 540, 65: 736, 66: 498, 67: 114, 68: 352, 69: 764, 70: 526, 71: 128, 72: 366, 73: 652, 74: 414, 75: 736, 76: 498, 77: 750, 78: 512, 79: 778, 80: 540, 81: 722, 82: 484, 83: 764, 84: 526, 85: 778, 86: 540, 87: 100, 88: 338, 89: 722, 90: 484, 91: 778, 92: 540, 93: 764, 94: 526, 95: 142, 96: 380, 97: 764, 98: 526, 99: 764, 100: 526, 101: 792, 102: 554, 103: 652, 104: 414, 105: 708, 106: 470, 107: 58, 108: 296, 109: 708, 110: 470, 111: 30, 112: 268, 113: 792, 114: 554, 115: 58, 116: 296, 117: 128, 118: 366, 119: 750, 120: 512, 121: 680, 122: 442, 123: 750, 124: 512, 125: 114, 126: 352, 127: 722, 128: 484, 129: 652, 130: 414, 131: 58, 132: 296, 133: 722, 134: 484, 135: 652, 136: 414, 137: 100, 138: 338, 139: 722, 140: 484, 141: 708, 142: 470, 143: 142, 144: 380, 145: 30, 146: 268, 147: 722, 148: 484, 149: 100, 150: 338, 151: 750, 152: 512, 153: 778, 154: 540, 155: 722, 156: 484, 157: 736, 158: 498, 159: 750, 160: 512, 161: 30, 162: 268, 163: 736, 164: 498, 165: 708, 166: 470, 167: 30, 168: 268, 169: 142, 170: 380, 171: 114, 172: 352, 173: 708, 174: 470, 175: 652, 176: 414, 177: 128, 178: 366, 179: 778, 180: 540, 181: 680, 182: 442, 183: 708, 184: 470, 185: 100, 186: 338, 187: 736, 188: 498, 189: 764, 190: 526, 191: 30, 192: 268, 193: 750, 194: 512, 195: 58, 196: 296, 197: 142, 198: 380, 199: 30, 200: 268}
Number of lables used:  30
Total time: 0.48 seconds
Memory used: 49.25 MB
--------------------------------------------------

Trying with at most 29 labels...
Solution:
{1: 708, 2: 470, 3: 58, 4: 296, 5: 254, 6: 16, 7: 114, 8: 352, 9: 114, 10: 352, 11: 652, 12: 414, 13: 736, 14: 498, 15: 16, 16: 254, 17: 114, 18: 352, 19: 750, 20: 512, 21: 764, 22: 526, 23: 114, 24: 352, 25: 128, 26: 366, 27: 128, 28: 366, 29: 142, 30: 380, 31: 128, 32: 366, 33: 750, 34: 512, 35: 652, 36: 414, 37: 722, 38: 484, 39: 16, 40: 254, 41: 778, 42: 540, 43: 708, 44: 470, 45: 736, 46: 498, 47: 708, 48: 470, 49: 764, 50: 526, 51: 666, 52: 428, 53: 652, 54: 414, 55: 750, 56: 512, 57: 708, 58: 470, 59: 114, 60: 352, 61: 708, 62: 470, 63: 778, 64: 540, 65: 736, 66: 498, 67: 128, 68: 366, 69: 764, 70: 526, 71: 652, 72: 414, 73: 652, 74: 414, 75: 736, 76: 498, 77: 750, 78: 512, 79: 778, 80: 540, 81: 708, 82: 470, 83: 764, 84: 526, 85: 778, 86: 540, 87: 778, 88: 540, 89: 722, 90: 484, 91: 778, 92: 540, 93: 764, 94: 526, 95: 142, 96: 380, 97: 764, 98: 526, 99: 750, 100: 512, 101: 16, 102: 254, 103: 652, 104: 414, 105: 708, 106: 470, 107: 58, 108: 296, 109: 58, 110: 296, 111: 778, 112: 540, 113: 778, 114: 540, 115: 58, 116: 296, 117: 142, 118: 380, 119: 750, 120: 512, 121: 142, 122: 380, 123: 778, 124: 540, 125: 652, 126: 414, 127: 722, 128: 484, 129: 680, 130: 442, 131: 652, 132: 414, 133: 722, 134: 484, 135: 652, 136: 414, 137: 680, 138: 442, 139: 708, 140: 470, 141: 680, 142: 442, 143: 736, 144: 498, 145: 764, 146: 526, 147: 722, 148: 484, 149: 666, 150: 428, 151: 750, 152: 512, 153: 778, 154: 540, 155: 708, 156: 470, 157: 778, 158: 540, 159: 736, 160: 498, 161: 722, 162: 484, 163: 680, 164: 442, 165: 708, 166: 470, 167: 778, 168: 540, 169: 58, 170: 296, 171: 58, 172: 296, 173: 750, 174: 512, 175: 58, 176: 296, 177: 750, 178: 512, 179: 722, 180: 484, 181: 680, 182: 442, 183: 708, 184: 470, 185: 652, 186: 414, 187: 736, 188: 498, 189: 58, 190: 296, 191: 778, 192: 540, 193: 58, 194: 296, 195: 750, 196: 512, 197: 666, 198: 428, 199: 778, 200: 540}
Number of lables used:  28
Total time: 0.64 seconds
Memory used: 51.06 MB
--------------------------------------------------

Trying with at most 27 labels...
Solution:
{1: 694, 2: 456, 3: 142, 4: 380, 5: 142, 6: 380, 7: 142, 8: 380, 9: 142, 10: 380, 11: 142, 12: 380, 13: 58, 14: 296, 15: 114, 16: 352, 17: 30, 18: 268, 19: 736, 20: 498, 21: 764, 22: 526, 23: 86, 24: 324, 25: 100, 26: 338, 27: 100, 28: 338, 29: 114, 30: 352, 31: 128, 32: 366, 33: 722, 34: 484, 35: 128, 36: 366, 37: 736, 38: 498, 39: 764, 40: 526, 41: 16, 42: 254, 43: 86, 44: 324, 45: 58, 46: 296, 47: 694, 48: 456, 49: 736, 50: 498, 51: 128, 52: 366, 53: 142, 54: 380, 55: 722, 56: 484, 57: 86, 58: 324, 59: 114, 60: 352, 61: 86, 62: 324, 63: 764, 64: 526, 65: 58, 66: 296, 67: 100, 68: 338, 69: 30, 70: 268, 71: 142, 72: 380, 73: 142, 74: 380, 75: 58, 76: 296, 77: 764, 78: 526, 79: 16, 80: 254, 81: 86, 82: 324, 83: 30, 84: 268, 85: 16, 86: 254, 87: 16, 88: 254, 89: 736, 90: 498, 91: 764, 92: 526, 93: 736, 94: 498, 95: 142, 96: 380, 97: 30, 98: 268, 99: 722, 100: 484, 101: 16, 102: 254, 103: 142, 104: 380, 105: 86, 106: 324, 107: 694, 108: 456, 109: 142, 110: 380, 111: 16, 112: 254, 113: 16, 114: 254, 115: 58, 116: 296, 117: 142, 118: 380, 119: 722, 120: 484, 121: 114, 122: 352, 123: 16, 124: 254, 125: 142, 126: 380, 127: 694, 128: 456, 129: 114, 130: 352, 131: 142, 132: 380, 133: 736, 134: 498, 135: 142, 136: 380, 137: 764, 138: 526, 139: 86, 140: 324, 141: 100, 142: 338, 143: 58, 144: 296, 145: 30, 146: 268, 147: 764, 148: 526, 149: 128, 150: 366, 151: 736, 152: 498, 153: 16, 154: 254, 155: 86, 156: 324, 157: 764, 158: 526, 159: 58, 160: 296, 161: 722, 162: 484, 163: 694, 164: 456, 165: 86, 166: 324, 167: 16, 168: 254, 169: 128, 170: 366, 171: 128, 172: 366, 173: 736, 174: 498, 175: 100, 176: 338, 177: 764, 178: 526, 179: 736, 180: 498, 181: 722, 182: 484, 183: 86, 184: 324, 185: 142, 186: 380, 187: 722, 188: 484, 189: 30, 190: 268, 191: 16, 192: 254, 193: 58, 194: 296, 195: 764, 196: 526, 197: 128, 198: 366, 199: 30, 200: 268}
Number of lables used:  24
Total time: 1.00 seconds
Memory used: 55.38 MB
--------------------------------------------------

Trying with at most 23 labels...
Solution:
{1: 100, 2: 338, 3: 142, 4: 380, 5: 142, 6: 380, 7: 142, 8: 380, 9: 142, 10: 380, 11: 142, 12: 380, 13: 58, 14: 296, 15: 114, 16: 352, 17: 114, 18: 352, 19: 58, 20: 296, 21: 764, 22: 526, 23: 86, 24: 324, 25: 100, 26: 338, 27: 100, 28: 338, 29: 114, 30: 352, 31: 128, 32: 366, 33: 44, 34: 282, 35: 142, 36: 380, 37: 72, 38: 310, 39: 764, 40: 526, 41: 764, 42: 526, 43: 86, 44: 324, 45: 58, 46: 296, 47: 86, 48: 324, 49: 750, 50: 512, 51: 128, 52: 366, 53: 142, 54: 380, 55: 44, 56: 282, 57: 86, 58: 324, 59: 114, 60: 352, 61: 86, 62: 324, 63: 764, 64: 526, 65: 58, 66: 296, 67: 100, 68: 338, 69: 750, 70: 512, 71: 142, 72: 380, 73: 142, 74: 380, 75: 58, 76: 296, 77: 44, 78: 282, 79: 750, 80: 512, 81: 86, 82: 324, 83: 750, 84: 512, 85: 764, 86: 526, 87: 750, 88: 512, 89: 72, 90: 310, 91: 764, 92: 526, 93: 750, 94: 512, 95: 142, 96: 380, 97: 750, 98: 512, 99: 44, 100: 282, 101: 764, 102: 526, 103: 142, 104: 380, 105: 86, 106: 324, 107: 100, 108: 338, 109: 142, 110: 380, 111: 764, 112: 526, 113: 764, 114: 526, 115: 58, 116: 296, 117: 142, 118: 380, 119: 44, 120: 282, 121: 114, 122: 352, 123: 764, 124: 526, 125: 142, 126: 380, 127: 72, 128: 310, 129: 114, 130: 352, 131: 142, 132: 380, 133: 72, 134: 310, 135: 142, 136: 380, 137: 114, 138: 352, 139: 86, 140: 324, 141: 100, 142: 338, 143: 58, 144: 296, 145: 750, 146: 512, 147: 72, 148: 310, 149: 128, 150: 366, 151: 44, 152: 282, 153: 764, 154: 526, 155: 86, 156: 324, 157: 750, 158: 512, 159: 58, 160: 296, 161: 72, 162: 310, 163: 114, 164: 352, 165: 86, 166: 324, 167: 764, 168: 526, 169: 128, 170: 366, 171: 128, 172: 366, 173: 44, 174: 282, 175: 100, 176: 338, 177: 44, 178: 282, 179: 72, 180: 310, 181: 114, 182: 352, 183: 86, 184: 324, 185: 142, 186: 380, 187: 58, 188: 296, 189: 750, 190: 512, 191: 764, 192: 526, 193: 58, 194: 296, 195: 44, 196: 282, 197: 128, 198: 366, 199: 750, 200: 512}
Number of lables used:  20
Total time: 1.12 seconds
Memory used: 56.51 MB
--------------------------------------------------

Trying with at most 19 labels...
Cannot find solution.
No more solutions found.
Optimal number of labels used:  20
Total time: 7.34 seconds
Memory used: 93.81 MB
[runlim] end:			Wed Mar 11 22:41:06 2026
[runlim] status:		ok
[runlim] result:		0
[runlim] children:		0
[runlim] real:			7.92 seconds
[runlim] time:			7.29 seconds
[runlim] space:			96.6 MB
[runlim] samples:		73
