[runlim] version:		1.10
[runlim] time limit:		311040000 seconds
[runlim] real time limit:	600 seconds
[runlim] space limit:		14000 MB
[runlim] argv[0]:		python3
[runlim] argv[1]:		-u
[runlim] argv[2]:		pairwise_no_preprocessing.py
[runlim] argv[3]:		graph01
[runlim] argv[4]:		assumptions
[runlim] start:			Wed Mar 11 22:00:45 2026
[runlim] main pid:		12240
Solve first problem:
Solution:
{1: 296, 2: 58, 3: 652, 4: 414, 5: 16, 6: 254, 7: 380, 8: 142, 9: 380, 10: 142, 11: 778, 12: 540, 13: 338, 14: 100, 15: 296, 16: 58, 17: 652, 18: 414, 19: 394, 20: 156, 21: 296, 22: 58, 23: 478, 24: 240, 25: 310, 26: 72, 27: 114, 28: 352, 29: 296, 30: 58, 31: 268, 32: 30, 33: 352, 34: 114, 35: 310, 36: 72, 37: 338, 38: 100, 39: 324, 40: 86, 41: 282, 42: 44, 43: 778, 44: 540, 45: 254, 46: 16, 47: 72, 48: 310, 49: 282, 50: 44, 51: 394, 52: 156, 53: 310, 54: 72, 55: 86, 56: 324, 57: 16, 58: 254, 59: 778, 60: 540, 61: 254, 62: 16, 63: 352, 64: 114, 65: 254, 66: 16, 67: 296, 68: 58, 69: 254, 70: 16, 71: 324, 72: 86, 73: 380, 74: 142, 75: 268, 76: 30, 77: 750, 78: 512, 79: 310, 80: 72, 81: 254, 82: 16, 83: 268, 84: 30, 85: 324, 86: 86, 87: 680, 88: 442, 89: 338, 90: 100, 91: 652, 92: 414, 93: 254, 94: 16, 95: 44, 96: 282, 97: 478, 98: 240, 99: 30, 100: 268, 101: 380, 102: 142, 103: 282, 104: 44, 105: 352, 106: 114, 107: 296, 108: 58, 109: 296, 110: 58, 111: 380, 112: 142, 113: 268, 114: 30, 115: 114, 116: 352, 117: 254, 118: 16, 119: 296, 120: 58, 121: 380, 122: 142, 123: 380, 124: 142, 125: 254, 126: 16, 127: 296, 128: 58, 129: 338, 130: 100, 131: 268, 132: 30, 133: 694, 134: 456, 135: 478, 136: 240, 137: 282, 138: 44, 139: 296, 140: 58, 141: 324, 142: 86, 143: 324, 144: 86, 145: 268, 146: 30, 147: 254, 148: 16, 149: 324, 150: 86, 151: 652, 152: 414, 153: 254, 154: 16, 155: 324, 156: 86, 157: 268, 158: 30, 159: 268, 160: 30, 161: 394, 162: 156, 163: 296, 164: 58, 165: 352, 166: 114, 167: 366, 168: 128, 169: 254, 170: 16, 171: 268, 172: 30, 173: 254, 174: 16, 175: 324, 176: 86, 177: 254, 178: 16, 179: 282, 180: 44, 181: 652, 182: 414, 183: 268, 184: 30, 185: 324, 186: 86, 187: 268, 188: 30, 189: 254, 190: 16, 191: 310, 192: 72, 193: 380, 194: 142, 195: 268, 196: 30, 197: 254, 198: 16, 199: 254, 200: 16}
Number of lables used:  34
Total time: 0.19 seconds
Memory used: 28.62 MB
--------------------------------------------------

Trying with at most 33 labels...
Solution:
{1: 652, 2: 414, 3: 16, 4: 254, 5: 44, 6: 282, 7: 142, 8: 380, 9: 380, 10: 142, 11: 282, 12: 44, 13: 470, 14: 708, 15: 792, 16: 554, 17: 498, 18: 736, 19: 114, 20: 352, 21: 540, 22: 778, 23: 240, 24: 478, 25: 652, 26: 414, 27: 554, 28: 792, 29: 296, 30: 58, 31: 310, 32: 72, 33: 58, 34: 296, 35: 296, 36: 58, 37: 652, 38: 414, 39: 44, 40: 282, 41: 708, 42: 470, 43: 338, 44: 100, 45: 142, 46: 380, 47: 498, 48: 736, 49: 58, 50: 296, 51: 114, 52: 352, 53: 792, 54: 554, 55: 58, 56: 296, 57: 470, 58: 708, 59: 86, 60: 324, 61: 380, 62: 142, 63: 414, 64: 652, 65: 58, 66: 296, 67: 778, 68: 540, 69: 310, 70: 72, 71: 792, 72: 554, 73: 478, 74: 240, 75: 540, 76: 778, 77: 338, 78: 100, 79: 58, 80: 296, 81: 44, 82: 282, 83: 324, 84: 86, 85: 708, 86: 470, 87: 554, 88: 792, 89: 414, 90: 652, 91: 708, 92: 470, 93: 142, 94: 380, 95: 296, 96: 58, 97: 478, 98: 240, 99: 30, 100: 268, 101: 736, 102: 498, 103: 498, 104: 736, 105: 282, 106: 44, 107: 778, 108: 540, 109: 414, 110: 652, 111: 380, 112: 142, 113: 268, 114: 30, 115: 554, 116: 792, 117: 254, 118: 16, 119: 296, 120: 58, 121: 170, 122: 408, 123: 142, 124: 380, 125: 554, 126: 792, 127: 268, 128: 30, 129: 778, 130: 540, 131: 498, 132: 736, 133: 498, 134: 736, 135: 478, 136: 240, 137: 58, 138: 296, 139: 296, 140: 58, 141: 324, 142: 86, 143: 254, 144: 16, 145: 114, 146: 352, 147: 114, 148: 352, 149: 254, 150: 16, 151: 540, 152: 778, 153: 470, 154: 708, 155: 324, 156: 86, 157: 72, 158: 310, 159: 652, 160: 414, 161: 72, 162: 310, 163: 324, 164: 86, 165: 72, 166: 310, 167: 114, 168: 352, 169: 352, 170: 114, 171: 470, 172: 708, 173: 254, 174: 16, 175: 296, 176: 58, 177: 254, 178: 16, 179: 282, 180: 44, 181: 778, 182: 540, 183: 380, 184: 142, 185: 30, 186: 268, 187: 268, 188: 30, 189: 30, 190: 268, 191: 268, 192: 30, 193: 170, 194: 408, 195: 142, 196: 380, 197: 792, 198: 554, 199: 380, 200: 142}
Number of lables used:  32
Total time: 0.20 seconds
Memory used: 29.52 MB
--------------------------------------------------

Trying with at most 31 labels...
Solution:
{1: 652, 2: 414, 3: 16, 4: 254, 5: 44, 6: 282, 7: 142, 8: 380, 9: 380, 10: 142, 11: 296, 12: 58, 13: 470, 14: 708, 15: 114, 16: 352, 17: 498, 18: 736, 19: 114, 20: 352, 21: 708, 22: 470, 23: 240, 24: 478, 25: 652, 26: 414, 27: 16, 28: 254, 29: 296, 30: 58, 31: 310, 32: 72, 33: 58, 34: 296, 35: 296, 36: 58, 37: 652, 38: 414, 39: 44, 40: 282, 41: 708, 42: 470, 43: 338, 44: 100, 45: 142, 46: 380, 47: 498, 48: 736, 49: 58, 50: 296, 51: 114, 52: 352, 53: 142, 54: 380, 55: 58, 56: 296, 57: 736, 58: 498, 59: 86, 60: 324, 61: 380, 62: 142, 63: 414, 64: 652, 65: 58, 66: 296, 67: 380, 68: 142, 69: 310, 70: 72, 71: 736, 72: 498, 73: 478, 74: 240, 75: 30, 76: 268, 77: 338, 78: 100, 79: 254, 80: 16, 81: 44, 82: 282, 83: 324, 84: 86, 85: 30, 86: 268, 87: 498, 88: 736, 89: 414, 90: 652, 91: 708, 92: 470, 93: 652, 94: 414, 95: 296, 96: 58, 97: 478, 98: 240, 99: 30, 100: 268, 101: 736, 102: 498, 103: 498, 104: 736, 105: 282, 106: 44, 107: 652, 108: 414, 109: 414, 110: 652, 111: 380, 112: 142, 113: 268, 114: 30, 115: 254, 116: 16, 117: 254, 118: 16, 119: 652, 120: 414, 121: 170, 122: 408, 123: 142, 124: 380, 125: 268, 126: 30, 127: 324, 128: 86, 129: 268, 130: 30, 131: 498, 132: 736, 133: 498, 134: 736, 135: 408, 136: 170, 137: 58, 138: 296, 139: 296, 140: 58, 141: 324, 142: 86, 143: 254, 144: 16, 145: 114, 146: 352, 147: 282, 148: 44, 149: 254, 150: 16, 151: 470, 152: 708, 153: 470, 154: 708, 155: 324, 156: 86, 157: 72, 158: 310, 159: 652, 160: 414, 161: 72, 162: 310, 163: 324, 164: 86, 165: 72, 166: 310, 167: 114, 168: 352, 169: 380, 170: 142, 171: 470, 172: 708, 173: 254, 174: 16, 175: 142, 176: 380, 177: 254, 178: 16, 179: 282, 180: 44, 181: 352, 182: 114, 183: 380, 184: 142, 185: 30, 186: 268, 187: 268, 188: 30, 189: 30, 190: 268, 191: 268, 192: 30, 193: 240, 194: 478, 195: 352, 196: 114, 197: 736, 198: 498, 199: 58, 200: 296}
Number of lables used:  28
Total time: 0.20 seconds
Memory used: 29.52 MB
--------------------------------------------------

Trying with at most 27 labels...
Solution:
{1: 652, 2: 414, 3: 58, 4: 296, 5: 44, 6: 282, 7: 142, 8: 380, 9: 380, 10: 142, 11: 296, 12: 58, 13: 30, 14: 268, 15: 114, 16: 352, 17: 498, 18: 736, 19: 324, 20: 86, 21: 268, 22: 30, 23: 240, 24: 478, 25: 652, 26: 414, 27: 736, 28: 498, 29: 736, 30: 498, 31: 310, 32: 72, 33: 414, 34: 652, 35: 380, 36: 142, 37: 380, 38: 142, 39: 44, 40: 282, 41: 324, 42: 86, 43: 114, 44: 352, 45: 142, 46: 380, 47: 498, 48: 736, 49: 352, 50: 114, 51: 114, 52: 352, 53: 142, 54: 380, 55: 58, 56: 296, 57: 736, 58: 498, 59: 86, 60: 324, 61: 652, 62: 414, 63: 414, 64: 652, 65: 58, 66: 296, 67: 380, 68: 142, 69: 498, 70: 736, 71: 736, 72: 498, 73: 478, 74: 240, 75: 30, 76: 268, 77: 414, 78: 652, 79: 414, 80: 652, 81: 44, 82: 282, 83: 324, 84: 86, 85: 30, 86: 268, 87: 736, 88: 498, 89: 414, 90: 652, 91: 268, 92: 30, 93: 652, 94: 414, 95: 324, 96: 86, 97: 478, 98: 240, 99: 30, 100: 268, 101: 736, 102: 498, 103: 498, 104: 736, 105: 282, 106: 44, 107: 652, 108: 414, 109: 414, 110: 652, 111: 380, 112: 142, 113: 268, 114: 30, 115: 282, 116: 44, 117: 30, 118: 268, 119: 380, 120: 142, 121: 170, 122: 408, 123: 142, 124: 380, 125: 268, 126: 30, 127: 324, 128: 86, 129: 268, 130: 30, 131: 498, 132: 736, 133: 498, 134: 736, 135: 240, 136: 478, 137: 58, 138: 296, 139: 296, 140: 58, 141: 86, 142: 324, 143: 352, 144: 114, 145: 114, 146: 352, 147: 282, 148: 44, 149: 310, 150: 72, 151: 652, 152: 414, 153: 282, 154: 44, 155: 324, 156: 86, 157: 72, 158: 310, 159: 652, 160: 414, 161: 72, 162: 310, 163: 324, 164: 86, 165: 72, 166: 310, 167: 114, 168: 352, 169: 380, 170: 142, 171: 30, 172: 268, 173: 380, 174: 142, 175: 142, 176: 380, 177: 652, 178: 414, 179: 736, 180: 498, 181: 352, 182: 114, 183: 380, 184: 142, 185: 30, 186: 268, 187: 72, 188: 310, 189: 282, 190: 44, 191: 268, 192: 30, 193: 240, 194: 478, 195: 310, 196: 72, 197: 736, 198: 498, 199: 58, 200: 296}
Number of lables used:  22
Total time: 0.20 seconds
Memory used: 29.52 MB
--------------------------------------------------

Trying with at most 21 labels...
Solution:
{1: 652, 2: 414, 3: 58, 4: 296, 5: 44, 6: 282, 7: 142, 8: 380, 9: 142, 10: 380, 11: 296, 12: 58, 13: 30, 14: 268, 15: 114, 16: 352, 17: 498, 18: 736, 19: 324, 20: 86, 21: 268, 22: 30, 23: 142, 24: 380, 25: 498, 26: 736, 27: 352, 28: 114, 29: 736, 30: 498, 31: 310, 32: 72, 33: 414, 34: 652, 35: 380, 36: 142, 37: 380, 38: 142, 39: 44, 40: 282, 41: 324, 42: 86, 43: 114, 44: 352, 45: 142, 46: 380, 47: 498, 48: 736, 49: 352, 50: 114, 51: 114, 52: 352, 53: 142, 54: 380, 55: 58, 56: 296, 57: 324, 58: 86, 59: 86, 60: 324, 61: 652, 62: 414, 63: 498, 64: 736, 65: 58, 66: 296, 67: 380, 68: 142, 69: 498, 70: 736, 71: 736, 72: 498, 73: 478, 74: 240, 75: 30, 76: 268, 77: 414, 78: 652, 79: 414, 80: 652, 81: 44, 82: 282, 83: 324, 84: 86, 85: 30, 86: 268, 87: 736, 88: 498, 89: 414, 90: 652, 91: 268, 92: 30, 93: 652, 94: 414, 95: 324, 96: 86, 97: 478, 98: 240, 99: 30, 100: 268, 101: 736, 102: 498, 103: 498, 104: 736, 105: 282, 106: 44, 107: 652, 108: 414, 109: 414, 110: 652, 111: 380, 112: 142, 113: 268, 114: 30, 115: 282, 116: 44, 117: 30, 118: 268, 119: 380, 120: 142, 121: 240, 122: 478, 123: 142, 124: 380, 125: 268, 126: 30, 127: 324, 128: 86, 129: 268, 130: 30, 131: 498, 132: 736, 133: 498, 134: 736, 135: 240, 136: 478, 137: 58, 138: 296, 139: 296, 140: 58, 141: 86, 142: 324, 143: 352, 144: 114, 145: 114, 146: 352, 147: 282, 148: 44, 149: 310, 150: 72, 151: 652, 152: 414, 153: 282, 154: 44, 155: 324, 156: 86, 157: 72, 158: 310, 159: 652, 160: 414, 161: 72, 162: 310, 163: 324, 164: 86, 165: 72, 166: 310, 167: 114, 168: 352, 169: 380, 170: 142, 171: 30, 172: 268, 173: 380, 174: 142, 175: 414, 176: 652, 177: 652, 178: 414, 179: 736, 180: 498, 181: 352, 182: 114, 183: 380, 184: 142, 185: 30, 186: 268, 187: 72, 188: 310, 189: 282, 190: 44, 191: 268, 192: 30, 193: 240, 194: 478, 195: 310, 196: 72, 197: 736, 198: 498, 199: 58, 200: 296}
Number of lables used:  20
Total time: 0.21 seconds
Memory used: 29.52 MB
--------------------------------------------------

Trying with at most 19 labels...
Solution:
{1: 142, 2: 380, 3: 324, 4: 86, 5: 282, 6: 44, 7: 478, 8: 240, 9: 142, 10: 380, 11: 792, 12: 554, 13: 792, 14: 554, 15: 380, 16: 142, 17: 142, 18: 380, 19: 380, 20: 142, 21: 324, 22: 86, 23: 380, 24: 142, 25: 680, 26: 442, 27: 324, 28: 86, 29: 86, 30: 324, 31: 414, 32: 652, 33: 324, 34: 86, 35: 380, 36: 142, 37: 44, 38: 282, 39: 114, 40: 352, 41: 442, 42: 680, 43: 512, 44: 750, 45: 44, 46: 282, 47: 512, 48: 750, 49: 86, 50: 324, 51: 282, 52: 44, 53: 750, 54: 512, 55: 652, 56: 414, 57: 114, 58: 352, 59: 750, 60: 512, 61: 442, 62: 680, 63: 114, 64: 352, 65: 442, 66: 680, 67: 114, 68: 352, 69: 512, 70: 750, 71: 792, 72: 554, 73: 240, 74: 478, 75: 512, 76: 750, 77: 512, 78: 750, 79: 652, 80: 414, 81: 44, 82: 282, 83: 282, 84: 44, 85: 512, 86: 750, 87: 142, 88: 380, 89: 652, 90: 414, 91: 442, 92: 680, 93: 442, 94: 680, 95: 86, 96: 324, 97: 240, 98: 478, 99: 86, 100: 324, 101: 414, 102: 652, 103: 142, 104: 380, 105: 86, 106: 324, 107: 142, 108: 380, 109: 792, 110: 554, 111: 282, 112: 44, 113: 512, 114: 750, 115: 142, 116: 380, 117: 114, 118: 352, 119: 442, 120: 680, 121: 240, 122: 478, 123: 380, 124: 142, 125: 442, 126: 680, 127: 282, 128: 44, 129: 282, 130: 44, 131: 512, 132: 750, 133: 442, 134: 680, 135: 240, 136: 478, 137: 44, 138: 282, 139: 86, 140: 324, 141: 792, 142: 554, 143: 750, 144: 512, 145: 792, 146: 554, 147: 114, 148: 352, 149: 44, 150: 282, 151: 792, 152: 554, 153: 554, 154: 792, 155: 114, 156: 352, 157: 380, 158: 142, 159: 792, 160: 554, 161: 414, 162: 652, 163: 86, 164: 324, 165: 282, 166: 44, 167: 324, 168: 86, 169: 44, 170: 282, 171: 324, 172: 86, 173: 44, 174: 282, 175: 652, 176: 414, 177: 652, 178: 414, 179: 652, 180: 414, 181: 792, 182: 554, 183: 352, 184: 114, 185: 352, 186: 114, 187: 352, 188: 114, 189: 352, 190: 114, 191: 442, 192: 680, 193: 240, 194: 478, 195: 554, 196: 792, 197: 680, 198: 442, 199: 792, 200: 554}
Number of lables used:  18
Total time: 0.23 seconds
Memory used: 30.02 MB
--------------------------------------------------

Trying with at most 17 labels...
[runlim] sample:		10.0 time, 10.0 real, 63.3 MB
[runlim] sample:		20.0 time, 20.0 real, 71.3 MB
[runlim] sample:		30.0 time, 30.0 real, 91.3 MB
[runlim] sample:		40.0 time, 40.0 real, 93.4 MB
[runlim] sample:		50.0 time, 50.0 real, 94.4 MB
[runlim] sample:		60.0 time, 60.0 real, 96.2 MB
[runlim] sample:		70.0 time, 70.0 real, 98.4 MB
[runlim] sample:		80.0 time, 80.0 real, 98.5 MB
[runlim] sample:		90.0 time, 90.0 real, 98.5 MB
[runlim] sample:		100.0 time, 100.0 real, 99.4 MB
[runlim] sample:		109.9 time, 110.0 real, 100.7 MB
[runlim] sample:		119.9 time, 120.0 real, 100.8 MB
[runlim] sample:		129.9 time, 130.0 real, 100.8 MB
[runlim] sample:		139.9 time, 140.0 real, 100.8 MB
[runlim] sample:		149.9 time, 150.0 real, 131.5 MB
[runlim] sample:		159.9 time, 160.0 real, 131.5 MB
[runlim] sample:		169.9 time, 170.0 real, 100.9 MB
[runlim] sample:		179.9 time, 180.0 real, 100.9 MB
[runlim] sample:		189.9 time, 190.0 real, 134.8 MB
[runlim] sample:		199.9 time, 200.0 real, 100.9 MB
[runlim] sample:		209.9 time, 210.0 real, 100.9 MB
[runlim] sample:		219.9 time, 220.0 real, 137.7 MB
[runlim] sample:		229.9 time, 230.0 real, 133.2 MB
[runlim] sample:		239.9 time, 240.0 real, 135.7 MB
[runlim] sample:		249.9 time, 250.0 real, 100.9 MB
[runlim] sample:		259.9 time, 260.0 real, 132.9 MB
[runlim] sample:		269.9 time, 270.0 real, 141.3 MB
[runlim] sample:		279.9 time, 280.0 real, 100.9 MB
[runlim] sample:		289.9 time, 290.0 real, 138.6 MB
[runlim] sample:		299.9 time, 300.0 real, 140.0 MB
[runlim] sample:		309.9 time, 310.0 real, 140.9 MB
[runlim] sample:		319.9 time, 320.0 real, 140.9 MB
[runlim] sample:		329.8 time, 330.0 real, 144.2 MB
[runlim] sample:		339.8 time, 340.0 real, 100.9 MB
[runlim] sample:		349.8 time, 350.0 real, 100.9 MB
[runlim] sample:		359.8 time, 360.0 real, 101.0 MB
[runlim] sample:		369.8 time, 370.0 real, 144.9 MB
[runlim] sample:		379.8 time, 380.0 real, 146.2 MB
[runlim] sample:		389.8 time, 390.0 real, 138.9 MB
[runlim] sample:		399.8 time, 400.0 real, 142.8 MB
[runlim] sample:		409.8 time, 410.0 real, 142.4 MB
[runlim] sample:		419.8 time, 420.0 real, 133.2 MB
[runlim] sample:		429.8 time, 430.0 real, 150.3 MB
[runlim] sample:		439.8 time, 440.0 real, 149.3 MB
[runlim] sample:		449.8 time, 450.0 real, 144.9 MB
[runlim] sample:		459.8 time, 460.0 real, 142.8 MB
[runlim] sample:		469.8 time, 470.0 real, 143.3 MB
[runlim] sample:		479.8 time, 480.0 real, 135.2 MB
[runlim] sample:		489.8 time, 490.0 real, 131.8 MB
[runlim] sample:		499.8 time, 500.0 real, 151.7 MB
[runlim] sample:		509.8 time, 510.0 real, 148.2 MB
[runlim] sample:		519.8 time, 520.0 real, 147.7 MB
[runlim] sample:		529.8 time, 530.0 real, 138.9 MB
[runlim] sample:		539.8 time, 540.0 real, 131.3 MB
[runlim] sample:		549.7 time, 550.0 real, 149.6 MB
[runlim] sample:		559.7 time, 560.0 real, 143.8 MB
[runlim] sample:		569.7 time, 570.0 real, 136.9 MB
[runlim] sample:		579.7 time, 580.0 real, 151.3 MB
[runlim] sample:		589.7 time, 590.0 real, 133.0 MB
[runlim] sample:		599.7 time, 600.0 real, 150.7 MB
[runlim] end:			Wed Mar 11 22:10:45 2026
[runlim] status:		out of time
[runlim] result:		2
[runlim] children:		0
[runlim] real:			600.05 seconds
[runlim] time:			599.72 seconds
[runlim] space:			157.2 MB
[runlim] samples:		6000
