[runlim] version:		1.10
[runlim] time limit:		311040000 seconds
[runlim] real time limit:	600 seconds
[runlim] space limit:		14000 MB
[runlim] argv[0]:		python3
[runlim] argv[1]:		-u
[runlim] argv[2]:		pairwise_no_preprocessing.py
[runlim] argv[3]:		scen03
[runlim] argv[4]:		assumptions
[runlim] start:			Wed Mar 11 21:40:45 2026
[runlim] main pid:		12192
Solve first problem:
Solution:
{13: 254, 14: 16, 15: 156, 16: 394, 23: 142, 24: 380, 49: 310, 50: 72, 51: 16, 52: 254, 53: 338, 54: 100, 67: 156, 68: 394, 69: 254, 70: 16, 79: 254, 80: 16, 81: 268, 82: 30, 83: 680, 84: 442, 85: 352, 86: 114, 103: 268, 104: 30, 105: 254, 106: 16, 117: 750, 118: 512, 119: 708, 120: 470, 127: 142, 128: 380, 129: 310, 130: 72, 143: 666, 144: 428, 145: 254, 146: 16, 151: 764, 152: 526, 153: 694, 154: 456, 155: 652, 156: 414, 157: 30, 158: 268, 179: 156, 180: 394, 181: 394, 182: 156, 183: 736, 184: 498, 191: 366, 192: 128, 193: 296, 194: 58, 205: 254, 206: 16, 209: 142, 210: 380, 211: 58, 212: 296, 213: 254, 214: 16, 215: 296, 216: 58, 217: 296, 218: 58, 233: 750, 234: 512, 235: 338, 236: 100, 237: 380, 238: 142, 261: 254, 262: 16, 263: 352, 264: 114, 265: 324, 266: 86, 267: 254, 268: 16, 269: 254, 270: 16, 271: 254, 272: 16, 273: 324, 274: 86, 275: 324, 276: 86, 277: 268, 278: 30, 281: 366, 282: 128, 283: 296, 284: 58, 285: 366, 286: 128, 287: 254, 288: 16, 289: 254, 290: 16, 291: 324, 292: 86, 293: 380, 294: 142, 295: 324, 296: 86, 299: 366, 300: 128, 301: 282, 302: 44, 303: 680, 304: 442, 305: 352, 306: 114, 307: 30, 308: 268, 309: 338, 310: 100, 311: 254, 312: 16, 313: 254, 314: 16, 321: 254, 322: 16, 323: 254, 324: 16, 325: 666, 326: 428, 327: 338, 328: 100, 329: 254, 330: 16, 339: 352, 340: 114, 341: 44, 342: 282, 343: 44, 344: 282, 345: 394, 346: 156, 347: 324, 348: 86, 349: 680, 350: 442, 351: 30, 352: 268, 355: 44, 356: 282, 357: 268, 358: 30, 359: 666, 360: 428, 361: 338, 362: 100, 363: 268, 364: 30, 365: 380, 366: 142, 367: 310, 368: 72, 369: 128, 370: 366, 371: 254, 372: 16, 375: 282, 376: 44, 377: 666, 378: 428, 383: 338, 384: 100, 387: 366, 388: 128, 397: 394, 398: 156, 401: 114, 402: 352, 405: 114, 406: 352, 435: 366, 436: 128, 439: 310, 440: 72, 449: 100, 450: 338, 471: 254, 472: 16, 475: 338, 476: 100, 477: 268, 478: 30, 481: 352, 482: 114, 491: 310, 492: 72, 493: 268, 494: 30, 495: 254, 496: 16, 517: 268, 518: 30, 519: 338, 520: 100, 525: 282, 526: 44, 533: 282, 534: 44, 535: 254, 536: 16, 547: 324, 548: 86, 555: 128, 556: 366, 557: 666, 558: 428, 559: 58, 560: 296, 561: 380, 562: 142, 563: 666, 564: 428, 565: 114, 566: 352, 573: 268, 574: 30, 575: 114, 576: 352, 577: 366, 578: 128, 579: 352, 580: 114, 581: 352, 582: 114, 583: 666, 584: 428, 585: 338, 586: 100, 587: 254, 588: 16, 589: 366, 590: 128, 591: 352, 592: 114, 593: 100, 594: 338, 595: 296, 596: 58, 597: 268, 598: 30, 599: 142, 600: 380, 601: 282, 602: 44, 603: 268, 604: 30, 605: 268, 606: 30, 607: 352, 608: 114, 613: 100, 614: 338, 615: 282, 616: 44, 617: 268, 618: 30, 619: 352, 620: 114, 621: 338, 622: 100, 623: 338, 624: 100, 625: 268, 626: 30, 629: 282, 630: 44, 631: 268, 632: 30, 633: 282, 634: 44, 635: 268, 636: 30, 637: 254, 638: 16, 639: 268, 640: 30, 641: 380, 642: 142, 643: 338, 644: 100, 645: 296, 646: 58, 651: 352, 652: 114, 653: 254, 654: 16, 661: 254, 662: 16, 663: 394, 664: 156, 665: 366, 666: 128, 667: 268, 668: 30, 671: 254, 672: 16, 713: 268, 714: 30, 715: 254, 716: 16, 717: 394, 718: 156, 719: 324, 720: 86, 721: 254, 722: 16, 723: 254, 724: 16, 725: 254, 726: 16, 727: 254, 728: 16, 733: 268, 734: 30, 741: 268, 742: 30, 743: 44, 744: 282, 745: 268, 746: 30, 747: 324, 748: 86, 757: 338, 758: 100, 759: 268, 760: 30, 763: 268, 764: 30, 765: 254, 766: 16, 767: 296, 768: 58, 769: 268, 770: 30, 771: 338, 772: 100, 773: 254, 774: 16, 783: 268, 784: 30, 785: 254, 786: 16, 787: 268, 788: 30, 789: 338, 790: 100, 791: 268, 792: 30, 793: 338, 794: 100, 795: 268, 796: 30, 797: 352, 798: 114, 799: 282, 800: 44, 801: 268, 802: 30, 815: 338, 816: 100, 817: 268, 818: 30, 825: 282, 826: 44, 827: 324, 828: 86, 829: 254, 830: 16, 835: 44, 836: 282, 837: 268, 838: 30, 867: 352, 868: 114, 875: 310, 876: 72, 877: 282, 878: 44, 879: 324, 880: 86, 881: 268, 882: 30, 893: 268, 894: 30, 903: 254, 904: 16, 911: 254, 912: 16}
Number of lables used:  38
Total time: 0.65 seconds
Memory used: 52.97 MB
--------------------------------------------------

Trying with at most 37 labels...
Solution:
{13: 792, 14: 554, 15: 254, 16: 16, 23: 512, 24: 750, 49: 380, 50: 142, 51: 414, 52: 652, 53: 778, 54: 540, 67: 16, 68: 254, 69: 414, 70: 652, 79: 764, 80: 526, 81: 268, 82: 30, 83: 540, 84: 778, 85: 414, 86: 652, 103: 394, 104: 156, 105: 254, 106: 16, 117: 414, 118: 652, 119: 554, 120: 792, 127: 512, 128: 750, 129: 30, 130: 268, 143: 778, 144: 540, 145: 268, 146: 30, 151: 268, 152: 30, 153: 652, 154: 414, 155: 512, 156: 750, 157: 30, 158: 268, 179: 156, 180: 394, 181: 394, 182: 156, 183: 526, 184: 764, 191: 394, 192: 156, 193: 512, 194: 750, 205: 792, 206: 554, 209: 512, 210: 750, 211: 16, 212: 254, 213: 792, 214: 554, 215: 792, 216: 554, 217: 540, 218: 778, 233: 380, 234: 142, 235: 526, 236: 764, 237: 380, 238: 142, 261: 512, 262: 750, 263: 764, 264: 526, 265: 554, 266: 792, 267: 394, 268: 156, 269: 394, 270: 156, 271: 394, 272: 156, 273: 394, 274: 156, 275: 414, 276: 652, 277: 380, 278: 142, 281: 414, 282: 652, 283: 764, 284: 526, 285: 16, 286: 254, 287: 268, 288: 30, 289: 254, 290: 16, 291: 554, 292: 792, 293: 142, 294: 380, 295: 512, 296: 750, 299: 380, 300: 142, 301: 778, 302: 540, 303: 764, 304: 526, 305: 394, 306: 156, 307: 142, 308: 380, 309: 750, 310: 512, 311: 16, 312: 254, 313: 16, 314: 254, 321: 764, 322: 526, 323: 254, 324: 16, 325: 778, 326: 540, 327: 652, 328: 414, 329: 16, 330: 254, 339: 414, 340: 652, 341: 554, 342: 792, 343: 554, 344: 792, 345: 778, 346: 540, 347: 394, 348: 156, 349: 778, 350: 540, 351: 268, 352: 30, 355: 512, 356: 750, 357: 268, 358: 30, 359: 778, 360: 540, 361: 380, 362: 142, 363: 268, 364: 30, 365: 380, 366: 142, 367: 764, 368: 526, 369: 750, 370: 512, 371: 414, 372: 652, 375: 380, 376: 142, 377: 30, 378: 268, 383: 750, 384: 512, 387: 764, 388: 526, 397: 394, 398: 156, 401: 380, 402: 142, 405: 142, 406: 380, 435: 764, 436: 526, 439: 792, 440: 554, 449: 268, 450: 30, 471: 254, 472: 16, 475: 380, 476: 142, 477: 540, 478: 778, 481: 750, 482: 512, 491: 380, 492: 142, 493: 268, 494: 30, 495: 254, 496: 16, 517: 268, 518: 30, 519: 750, 520: 512, 525: 380, 526: 142, 533: 380, 534: 142, 535: 254, 536: 16, 547: 394, 548: 156, 555: 778, 556: 540, 557: 778, 558: 540, 559: 764, 560: 526, 561: 142, 562: 380, 563: 30, 564: 268, 565: 750, 566: 512, 573: 268, 574: 30, 575: 750, 576: 512, 577: 394, 578: 156, 579: 778, 580: 540, 581: 16, 582: 254, 583: 30, 584: 268, 585: 652, 586: 414, 587: 254, 588: 16, 589: 16, 590: 254, 591: 764, 592: 526, 593: 764, 594: 526, 595: 750, 596: 512, 597: 142, 598: 380, 599: 750, 600: 512, 601: 380, 602: 142, 603: 268, 604: 30, 605: 268, 606: 30, 607: 526, 608: 764, 613: 750, 614: 512, 615: 268, 616: 30, 617: 380, 618: 142, 619: 142, 620: 380, 621: 750, 622: 512, 623: 380, 624: 142, 625: 268, 626: 30, 629: 380, 630: 142, 631: 268, 632: 30, 633: 380, 634: 142, 635: 268, 636: 30, 637: 254, 638: 16, 639: 268, 640: 30, 641: 142, 642: 380, 643: 540, 644: 778, 645: 380, 646: 142, 651: 268, 652: 30, 653: 254, 654: 16, 661: 254, 662: 16, 663: 16, 664: 254, 665: 30, 666: 268, 667: 394, 668: 156, 671: 254, 672: 16, 713: 394, 714: 156, 715: 254, 716: 16, 717: 512, 718: 750, 719: 380, 720: 142, 721: 254, 722: 16, 723: 254, 724: 16, 725: 254, 726: 16, 727: 254, 728: 16, 733: 268, 734: 30, 741: 652, 742: 414, 743: 750, 744: 512, 745: 268, 746: 30, 747: 380, 748: 142, 757: 380, 758: 142, 759: 268, 760: 30, 763: 268, 764: 30, 765: 254, 766: 16, 767: 394, 768: 156, 769: 380, 770: 142, 771: 380, 772: 142, 773: 254, 774: 16, 783: 268, 784: 30, 785: 254, 786: 16, 787: 268, 788: 30, 789: 380, 790: 142, 791: 268, 792: 30, 793: 750, 794: 512, 795: 142, 796: 380, 797: 30, 798: 268, 799: 380, 800: 142, 801: 268, 802: 30, 815: 380, 816: 142, 817: 30, 818: 268, 825: 512, 826: 750, 827: 778, 828: 540, 829: 540, 830: 778, 835: 764, 836: 526, 837: 268, 838: 30, 867: 764, 868: 526, 875: 764, 876: 526, 877: 380, 878: 142, 879: 380, 880: 142, 881: 268, 882: 30, 893: 268, 894: 30, 903: 268, 904: 30, 911: 512, 912: 750}
Number of lables used:  18
Total time: 0.68 seconds
Memory used: 54.59 MB
--------------------------------------------------

Trying with at most 17 labels...
Solution:
{13: 268, 14: 30, 15: 792, 16: 554, 23: 142, 24: 380, 49: 380, 50: 142, 51: 554, 52: 792, 53: 72, 54: 310, 67: 554, 68: 792, 69: 414, 70: 652, 79: 764, 80: 526, 81: 268, 82: 30, 83: 142, 84: 380, 85: 72, 86: 310, 103: 652, 104: 414, 105: 30, 106: 268, 117: 470, 118: 708, 119: 554, 120: 792, 127: 554, 128: 792, 129: 652, 130: 414, 143: 414, 144: 652, 145: 526, 146: 764, 151: 666, 152: 428, 153: 414, 154: 652, 155: 764, 156: 526, 157: 652, 158: 414, 179: 268, 180: 30, 181: 30, 182: 268, 183: 72, 184: 310, 191: 268, 192: 30, 193: 652, 194: 414, 205: 30, 206: 268, 209: 380, 210: 142, 211: 792, 212: 554, 213: 30, 214: 268, 215: 470, 216: 708, 217: 142, 218: 380, 233: 380, 234: 142, 235: 526, 236: 764, 237: 526, 238: 764, 261: 764, 262: 526, 263: 380, 264: 142, 265: 554, 266: 792, 267: 414, 268: 652, 269: 414, 270: 652, 271: 414, 272: 652, 273: 30, 274: 268, 275: 30, 276: 268, 277: 380, 278: 142, 281: 554, 282: 792, 283: 30, 284: 268, 285: 142, 286: 380, 287: 268, 288: 30, 289: 30, 290: 268, 291: 554, 292: 792, 293: 142, 294: 380, 295: 652, 296: 414, 299: 526, 300: 764, 301: 652, 302: 414, 303: 72, 304: 310, 305: 554, 306: 792, 307: 380, 308: 142, 309: 652, 310: 414, 311: 666, 312: 428, 313: 554, 314: 792, 321: 792, 322: 554, 323: 792, 324: 554, 325: 72, 326: 310, 327: 526, 328: 764, 329: 142, 330: 380, 339: 792, 340: 554, 341: 310, 342: 72, 343: 792, 344: 554, 345: 30, 346: 268, 347: 380, 348: 142, 349: 30, 350: 268, 351: 268, 352: 30, 355: 30, 356: 268, 357: 268, 358: 30, 359: 380, 360: 142, 361: 526, 362: 764, 363: 310, 364: 72, 365: 526, 366: 764, 367: 428, 368: 666, 369: 380, 370: 142, 371: 792, 372: 554, 375: 764, 376: 526, 377: 428, 378: 666, 383: 526, 384: 764, 387: 72, 388: 310, 397: 414, 398: 652, 401: 526, 402: 764, 405: 526, 406: 764, 435: 666, 436: 428, 439: 792, 440: 554, 449: 380, 450: 142, 471: 470, 472: 708, 475: 72, 476: 310, 477: 708, 478: 470, 481: 526, 482: 764, 491: 764, 492: 526, 493: 268, 494: 30, 495: 470, 496: 708, 517: 380, 518: 142, 519: 470, 520: 708, 525: 380, 526: 142, 533: 792, 534: 554, 535: 470, 536: 708, 547: 470, 548: 708, 555: 310, 556: 72, 557: 764, 558: 526, 559: 72, 560: 310, 561: 142, 562: 380, 563: 30, 564: 268, 565: 380, 566: 142, 573: 268, 574: 30, 575: 142, 576: 380, 577: 792, 578: 554, 579: 526, 580: 764, 581: 764, 582: 526, 583: 526, 584: 764, 585: 792, 586: 554, 587: 428, 588: 666, 589: 72, 590: 310, 591: 764, 592: 526, 593: 428, 594: 666, 595: 764, 596: 526, 597: 380, 598: 142, 599: 380, 600: 142, 601: 268, 602: 30, 603: 268, 604: 30, 605: 268, 606: 30, 607: 470, 608: 708, 613: 428, 614: 666, 615: 380, 616: 142, 617: 428, 618: 666, 619: 764, 620: 526, 621: 72, 622: 310, 623: 380, 624: 142, 625: 268, 626: 30, 629: 380, 630: 142, 631: 268, 632: 30, 633: 666, 634: 428, 635: 764, 636: 526, 637: 526, 638: 764, 639: 268, 640: 30, 641: 30, 642: 268, 643: 72, 644: 310, 645: 380, 646: 142, 651: 268, 652: 30, 653: 310, 654: 72, 661: 428, 662: 666, 663: 310, 664: 72, 665: 652, 666: 414, 667: 526, 668: 764, 671: 30, 672: 268, 713: 380, 714: 142, 715: 792, 716: 554, 717: 792, 718: 554, 719: 30, 720: 268, 721: 526, 722: 764, 723: 526, 724: 764, 725: 310, 726: 72, 727: 310, 728: 72, 733: 268, 734: 30, 741: 554, 742: 792, 743: 428, 744: 666, 745: 268, 746: 30, 747: 526, 748: 764, 757: 72, 758: 310, 759: 666, 760: 428, 763: 268, 764: 30, 765: 792, 766: 554, 767: 310, 768: 72, 769: 526, 770: 764, 771: 380, 772: 142, 773: 72, 774: 310, 783: 268, 784: 30, 785: 268, 786: 30, 787: 142, 788: 380, 789: 470, 790: 708, 791: 268, 792: 30, 793: 526, 794: 764, 795: 142, 796: 380, 797: 30, 798: 268, 799: 380, 800: 142, 801: 470, 802: 708, 815: 380, 816: 142, 817: 72, 818: 310, 825: 380, 826: 142, 827: 652, 828: 414, 829: 428, 830: 666, 835: 764, 836: 526, 837: 268, 838: 30, 867: 764, 868: 526, 875: 764, 876: 526, 877: 380, 878: 142, 879: 380, 880: 142, 881: 268, 882: 30, 893: 268, 894: 30, 903: 268, 904: 30, 911: 526, 912: 764}
Number of lables used:  16
Total time: 0.69 seconds
Memory used: 54.71 MB
--------------------------------------------------

Trying with at most 15 labels...
Solution:
{13: 778, 14: 540, 15: 764, 16: 526, 23: 708, 24: 470, 49: 380, 50: 142, 51: 554, 52: 792, 53: 72, 54: 310, 67: 554, 68: 792, 69: 470, 70: 708, 79: 764, 80: 526, 81: 778, 82: 540, 83: 540, 84: 778, 85: 72, 86: 310, 103: 778, 104: 540, 105: 470, 106: 708, 117: 72, 118: 310, 119: 554, 120: 792, 127: 708, 128: 470, 129: 554, 130: 792, 143: 428, 144: 666, 145: 540, 146: 778, 151: 310, 152: 72, 153: 666, 154: 428, 155: 380, 156: 142, 157: 470, 158: 708, 179: 380, 180: 142, 181: 380, 182: 142, 183: 540, 184: 778, 191: 470, 192: 708, 193: 380, 194: 142, 205: 540, 206: 778, 209: 708, 210: 470, 211: 792, 212: 554, 213: 72, 214: 310, 215: 470, 216: 708, 217: 526, 218: 764, 233: 380, 234: 142, 235: 526, 236: 764, 237: 526, 238: 764, 261: 764, 262: 526, 263: 666, 264: 428, 265: 554, 266: 792, 267: 666, 268: 428, 269: 380, 270: 142, 271: 380, 272: 142, 273: 792, 274: 554, 275: 792, 276: 554, 277: 380, 278: 142, 281: 554, 282: 792, 283: 470, 284: 708, 285: 142, 286: 380, 287: 470, 288: 708, 289: 142, 290: 380, 291: 554, 292: 792, 293: 142, 294: 380, 295: 666, 296: 428, 299: 428, 300: 666, 301: 526, 302: 764, 303: 72, 304: 310, 305: 554, 306: 792, 307: 380, 308: 142, 309: 470, 310: 708, 311: 310, 312: 72, 313: 792, 314: 554, 321: 778, 322: 540, 323: 778, 324: 540, 325: 72, 326: 310, 327: 526, 328: 764, 329: 142, 330: 380, 339: 526, 340: 764, 341: 310, 342: 72, 343: 792, 344: 554, 345: 540, 346: 778, 347: 666, 348: 428, 349: 72, 350: 310, 351: 470, 352: 708, 355: 540, 356: 778, 357: 778, 358: 540, 359: 380, 360: 142, 361: 526, 362: 764, 363: 310, 364: 72, 365: 526, 366: 764, 367: 428, 368: 666, 369: 708, 370: 470, 371: 142, 372: 380, 375: 540, 376: 778, 377: 72, 378: 310, 383: 526, 384: 764, 387: 540, 388: 778, 397: 470, 398: 708, 401: 526, 402: 764, 405: 666, 406: 428, 435: 666, 436: 428, 439: 428, 440: 666, 449: 764, 450: 526, 471: 778, 472: 540, 475: 540, 476: 778, 477: 526, 478: 764, 481: 526, 482: 764, 491: 764, 492: 526, 493: 142, 494: 380, 495: 470, 496: 708, 517: 380, 518: 142, 519: 470, 520: 708, 525: 380, 526: 142, 533: 792, 534: 554, 535: 470, 536: 708, 547: 470, 548: 708, 555: 310, 556: 72, 557: 708, 558: 470, 559: 470, 560: 708, 561: 142, 562: 380, 563: 470, 564: 708, 565: 540, 566: 778, 573: 778, 574: 540, 575: 310, 576: 72, 577: 792, 578: 554, 579: 72, 580: 310, 581: 764, 582: 526, 583: 526, 584: 764, 585: 792, 586: 554, 587: 428, 588: 666, 589: 72, 590: 310, 591: 764, 592: 526, 593: 380, 594: 142, 595: 708, 596: 470, 597: 764, 598: 526, 599: 380, 600: 142, 601: 666, 602: 428, 603: 540, 604: 778, 605: 470, 606: 708, 607: 428, 608: 666, 613: 380, 614: 142, 615: 72, 616: 310, 617: 540, 618: 778, 619: 764, 620: 526, 621: 666, 622: 428, 623: 380, 624: 142, 625: 540, 626: 778, 629: 666, 630: 428, 631: 764, 632: 526, 633: 666, 634: 428, 635: 310, 636: 72, 637: 526, 638: 764, 639: 470, 640: 708, 641: 540, 642: 778, 643: 708, 644: 470, 645: 142, 646: 380, 651: 310, 652: 72, 653: 554, 654: 792, 661: 428, 662: 666, 663: 310, 664: 72, 665: 554, 666: 792, 667: 380, 668: 142, 671: 380, 672: 142, 713: 380, 714: 142, 715: 554, 716: 792, 717: 708, 718: 470, 719: 792, 720: 554, 721: 540, 722: 778, 723: 540, 724: 778, 725: 310, 726: 72, 727: 310, 728: 72, 733: 72, 734: 310, 741: 540, 742: 778, 743: 708, 744: 470, 745: 470, 746: 708, 747: 526, 748: 764, 757: 526, 758: 764, 759: 666, 760: 428, 763: 380, 764: 142, 765: 792, 766: 554, 767: 310, 768: 72, 769: 666, 770: 428, 771: 380, 772: 142, 773: 310, 774: 72, 783: 72, 784: 310, 785: 666, 786: 428, 787: 142, 788: 380, 789: 470, 790: 708, 791: 380, 792: 142, 793: 526, 794: 764, 795: 142, 796: 380, 797: 540, 798: 778, 799: 380, 800: 142, 801: 470, 802: 708, 815: 380, 816: 142, 817: 72, 818: 310, 825: 428, 826: 666, 827: 554, 828: 792, 829: 142, 830: 380, 835: 764, 836: 526, 837: 540, 838: 778, 867: 72, 868: 310, 875: 764, 876: 526, 877: 380, 878: 142, 879: 380, 880: 142, 881: 428, 882: 666, 893: 380, 894: 142, 903: 540, 904: 778, 911: 708, 912: 470}
Number of lables used:  14
Total time: 0.77 seconds
Memory used: 56.75 MB
--------------------------------------------------

Trying with at most 13 labels...
[runlim] sample:		10.0 time, 10.0 real, 115.3 MB
[runlim] sample:		20.0 time, 20.0 real, 115.3 MB
[runlim] sample:		30.0 time, 30.0 real, 115.3 MB
[runlim] sample:		40.0 time, 40.0 real, 117.3 MB
[runlim] sample:		50.0 time, 50.0 real, 119.4 MB
[runlim] sample:		60.0 time, 60.0 real, 134.9 MB
[runlim] sample:		70.0 time, 70.0 real, 138.4 MB
[runlim] sample:		80.0 time, 80.0 real, 138.4 MB
[runlim] sample:		90.0 time, 90.0 real, 138.4 MB
[runlim] sample:		99.9 time, 100.0 real, 138.4 MB
[runlim] sample:		109.9 time, 110.0 real, 138.4 MB
[runlim] sample:		119.9 time, 120.0 real, 138.4 MB
[runlim] sample:		129.9 time, 130.0 real, 138.4 MB
[runlim] sample:		139.9 time, 140.0 real, 138.4 MB
[runlim] sample:		149.9 time, 150.0 real, 138.4 MB
[runlim] sample:		159.9 time, 160.0 real, 138.8 MB
[runlim] sample:		169.9 time, 170.0 real, 138.8 MB
[runlim] sample:		179.9 time, 180.0 real, 139.5 MB
[runlim] sample:		189.9 time, 190.0 real, 140.3 MB
[runlim] sample:		199.9 time, 200.0 real, 140.3 MB
[runlim] sample:		209.9 time, 210.0 real, 140.3 MB
[runlim] sample:		219.9 time, 220.0 real, 187.7 MB
[runlim] sample:		229.9 time, 230.0 real, 140.3 MB
[runlim] sample:		239.9 time, 240.0 real, 140.4 MB
[runlim] sample:		249.9 time, 250.0 real, 140.4 MB
[runlim] sample:		259.9 time, 260.0 real, 175.3 MB
[runlim] sample:		269.9 time, 270.0 real, 183.1 MB
[runlim] sample:		279.9 time, 280.0 real, 189.5 MB
[runlim] sample:		289.8 time, 290.0 real, 181.6 MB
[runlim] sample:		299.8 time, 300.0 real, 187.4 MB
[runlim] sample:		309.8 time, 310.0 real, 190.9 MB
[runlim] sample:		319.8 time, 320.0 real, 194.4 MB
[runlim] sample:		329.8 time, 330.0 real, 196.5 MB
[runlim] sample:		339.8 time, 340.0 real, 178.8 MB
[runlim] sample:		349.8 time, 350.0 real, 182.6 MB
[runlim] sample:		359.8 time, 360.0 real, 186.5 MB
[runlim] sample:		369.8 time, 370.0 real, 186.3 MB
[runlim] sample:		379.8 time, 380.0 real, 184.8 MB
[runlim] sample:		389.8 time, 390.0 real, 182.5 MB
[runlim] sample:		399.8 time, 400.0 real, 183.0 MB
[runlim] sample:		409.8 time, 410.0 real, 185.9 MB
[runlim] sample:		419.8 time, 420.0 real, 183.8 MB
[runlim] sample:		429.8 time, 430.0 real, 181.0 MB
[runlim] sample:		439.8 time, 440.0 real, 199.7 MB
[runlim] sample:		449.8 time, 450.0 real, 197.3 MB
[runlim] sample:		459.8 time, 460.0 real, 194.8 MB
[runlim] sample:		469.8 time, 470.0 real, 194.3 MB
[runlim] sample:		479.8 time, 480.0 real, 189.1 MB
[runlim] sample:		489.8 time, 490.0 real, 185.6 MB
[runlim] sample:		499.8 time, 500.0 real, 181.8 MB
[runlim] sample:		509.7 time, 510.0 real, 201.5 MB
[runlim] sample:		519.8 time, 520.0 real, 200.2 MB
[runlim] sample:		529.7 time, 530.0 real, 196.4 MB
[runlim] sample:		539.7 time, 540.0 real, 192.3 MB
[runlim] sample:		549.7 time, 550.0 real, 187.8 MB
[runlim] sample:		559.7 time, 560.0 real, 183.8 MB
[runlim] sample:		569.7 time, 570.0 real, 202.6 MB
[runlim] sample:		579.7 time, 580.0 real, 198.1 MB
[runlim] sample:		589.7 time, 590.0 real, 191.3 MB
[runlim] sample:		599.7 time, 600.0 real, 184.8 MB
[runlim] end:			Wed Mar 11 21:50:45 2026
[runlim] status:		out of time
[runlim] result:		2
[runlim] children:		0
[runlim] real:			600.06 seconds
[runlim] time:			599.71 seconds
[runlim] space:			228.6 MB
[runlim] samples:		6000
