[runlim] version:		1.10
[runlim] time limit:		311040000 seconds
[runlim] real time limit:	600 seconds
[runlim] space limit:		14000 MB
[runlim] argv[0]:		python3
[runlim] argv[1]:		-u
[runlim] argv[2]:		pairwise_no_preprocessing.py
[runlim] argv[3]:		scen07
[runlim] argv[4]:		assumptions
[runlim] start:			Wed Mar 11 22:44:34 2026
[runlim] main pid:		12543
Solve first problem:
Cannot find solution.
Time taken: 1.46 seconds 
Memory used: 112.34 MB
[runlim] end:			Wed Mar 11 22:44:35 2026
[runlim] status:		ok
[runlim] result:		0
[runlim] children:		0
[runlim] real:			1.87 seconds
[runlim] time:			1.49 seconds
[runlim] space:			108.1 MB
[runlim] samples:		15
