[runlim] version:		1.10
[runlim] time limit:		311040000 seconds
[runlim] real time limit:	600 seconds
[runlim] space limit:		14000 MB
[runlim] argv[0]:		python3
[runlim] argv[1]:		-u
[runlim] argv[2]:		pairwise_no_preprocessing.py
[runlim] argv[3]:		TUD916.5
[runlim] argv[4]:		assumptions
[runlim] start:			Wed Mar 11 22:45:14 2026
[runlim] main pid:		12590
Solve first problem:
Cannot find solution.
Time taken: 2.33 seconds 
Memory used: 169.85 MB
[runlim] end:			Wed Mar 11 22:45:17 2026
[runlim] status:		ok
[runlim] result:		0
[runlim] children:		0
[runlim] real:			3.25 seconds
[runlim] time:			2.29 seconds
[runlim] space:			166.6 MB
[runlim] samples:		23
