[runlim] version:		1.10
[runlim] time limit:		311040000 seconds
[runlim] real time limit:	600 seconds
[runlim] space limit:		14000 MB
[runlim] argv[0]:		python3
[runlim] argv[1]:		-u
[runlim] argv[2]:		main.py
[runlim] argv[3]:		graph11
[runlim] argv[4]:		nsc
[runlim] argv[5]:		assumptions
[runlim] argv[6]:		cadical195
[runlim] start:			Wed Mar 11 23:52:30 2026
[runlim] main pid:		16169
Solve first problem:
Cannot find solution.
Time taken: 0.43 seconds
Memory used: 36.38 MB
[runlim] end:			Wed Mar 11 23:52:30 2026
[runlim] status:		ok
[runlim] result:		0
[runlim] children:		0
[runlim] real:			0.75 seconds
[runlim] time:			0.39 seconds
[runlim] space:			36.8 MB
[runlim] samples:		4
