[runlim] version:		2.0.0rc12
[runlim] host:			ap-Precision-7550
[runlim] time limit:		311040000 seconds
[runlim] real time limit:	600 seconds
[runlim] space limit:		14000 MB
[runlim] argv[0]:		python3
[runlim] argv[1]:		-u
[runlim] argv[2]:		main.py
[runlim] argv[3]:		graph13
[runlim] start:			Mon Mar 23 20:45:37 2026
[runlim] child:			12731
Building Gurobi model...
Set parameter WLSAccessID
Set parameter WLSSecret
Set parameter LicenseID to value 2663665
Academic license 2663665 - for non-commercial use only - registered to tu___@vnu.edu.vn
Build time used: 8.01 sec
Solving...
No solution found.
Total time used: 8.39 sec
Memory used: 443.64 MB
[runlim] end:			Mon Mar 23 20:45:46 2026
[runlim] status:		ok
[runlim] result:		0
[runlim] children:		1
[runlim] processes:		2
[runlim] real:			8.63 seconds
[runlim] time:			8.61 seconds
[runlim] space:			621 MB
[runlim] load:			1.01 maximum
[runlim] samples:		87
