[runlim] version:		2.0.0rc12
[runlim] host:			ap-Precision-7550
[runlim] time limit:		311040000 seconds
[runlim] real time limit:	600 seconds
[runlim] space limit:		14000 MB
[runlim] argv[0]:		python3
[runlim] argv[1]:		-u
[runlim] argv[2]:		main.py
[runlim] argv[3]:		scen05
[runlim] argv[4]:		DSE
[runlim] argv[5]:		8
[runlim] start:			Sun Jun  7 22:41:18 2026
[runlim] child:			6079
---  DSE  [Cardinality Encoding: 8] ---
 solving MaxSAT (RC2)...

--------------------------------------------------
Found solution!
Number of labels used: 40
--------------------------------------------------
Time taken: 0.65 seconds
Memory used: 38.12 MB
[runlim] end:			Sun Jun  7 22:41:19 2026
[runlim] status:		ok
[runlim] result:		0
[runlim] children:		1
[runlim] processes:		2
[runlim] real:			0.70 seconds
[runlim] time:			0.60 seconds
[runlim] space:			41 MB
[runlim] load:			1.00 maximum
[runlim] samples:		7
