[runlim] version:		2.0.0rc12
[runlim] host:			ap-Precision-7550
[runlim] time limit:		311040000 seconds
[runlim] real time limit:	600 seconds
[runlim] space limit:		14000 MB
[runlim] argv[0]:		python3
[runlim] argv[1]:		-u
[runlim] argv[2]:		main.py
[runlim] argv[3]:		TUD200.3
[runlim] argv[4]:		DSE
[runlim] start:			Sat Jun 27 14:40:15 2026
[runlim] child:			25291
--- DSE [compat arg: 1] ---
 solving MaxSAT (RC2)...
[runlim] sample:		9.99 time, 10.01 real, 116 MB, 1.16 load

--------------------------------------------------
Found solution!
Number of labels used: 14
--------------------------------------------------
Time taken: 11.71 seconds
Memory used: 115.62 MB
[runlim] end:			Sat Jun 27 14:40:27 2026
[runlim] status:		ok
[runlim] result:		0
[runlim] children:		1
[runlim] processes:		2
[runlim] real:			11.78 seconds
[runlim] time:			11.69 seconds
[runlim] space:			117 MB
[runlim] load:			1.18 maximum
[runlim] samples:		118
