[runlim] version:		2.0.0rc12
[runlim] host:			ap-Precision-7550
[runlim] time limit:		311040000 seconds
[runlim] real time limit:	600 seconds
[runlim] space limit:		14000 MB
[runlim] argv[0]:		python3
[runlim] argv[1]:		-u
[runlim] argv[2]:		pairwise.py
[runlim] argv[3]:		graph03
[runlim] argv[4]:		tot
[runlim] argv[5]:		assumptions
[runlim] argv[6]:		cadical195
[runlim] argv[7]:		3
[runlim] argv[8]:		card
[runlim] argv[9]:		3
[runlim] start:			Sat Jun 27 07:46:15 2026
[runlim] child:			23708
Exactly-one cardinality encoding:  3
Distance constraint mode:  card
Distance cardinality encoding:  3
Objective strategy:  tot
SAT type:  assumptions
Solver:  cadical195
Number of assignment variables:  7480
Number of clauses for exactly one constraints:  43376
Number of clauses for distance constraints:  2645636
---------------------------------------------------
Solve first problem:
Solution:
{1: 30, 2: 268, 3: 30, 4: 268, 5: 652, 6: 414, 7: 30, 8: 268, 9: 30, 10: 268, 11: 652, 12: 414, 13: 736, 14: 498, 15: 16, 16: 254, 17: 16, 18: 254, 19: 736, 20: 498, 21: 792, 22: 554, 23: 16, 24: 254, 25: 30, 26: 268, 27: 30, 28: 268, 29: 44, 30: 282, 31: 156, 32: 394, 33: 750, 34: 512, 35: 44, 36: 282, 37: 100, 38: 338, 39: 792, 40: 554, 41: 778, 42: 540, 43: 30, 44: 268, 45: 736, 46: 498, 47: 708, 48: 470, 49: 778, 50: 540, 51: 666, 52: 428, 53: 72, 54: 310, 55: 764, 56: 526, 57: 708, 58: 470, 59: 58, 60: 296, 61: 708, 62: 470, 63: 778, 64: 540, 65: 736, 66: 498, 67: 30, 68: 268, 69: 764, 70: 526, 71: 652, 72: 414, 73: 44, 74: 282, 75: 86, 76: 324, 77: 750, 78: 512, 79: 778, 80: 540, 81: 114, 82: 352, 83: 764, 84: 526, 85: 778, 86: 540, 87: 16, 88: 254, 89: 722, 90: 484, 91: 778, 92: 540, 93: 764, 94: 526, 95: 170, 96: 408, 97: 764, 98: 526, 99: 72, 100: 310, 101: 792, 102: 554, 103: 652, 104: 414, 105: 708, 106: 470, 107: 44, 108: 282, 109: 142, 110: 380, 111: 778, 112: 540, 113: 44, 114: 282, 115: 750, 116: 512, 117: 666, 118: 428, 119: 750, 120: 512, 121: 680, 122: 442, 123: 778, 124: 540, 125: 652, 126: 414, 127: 722, 128: 484, 129: 58, 130: 296, 131: 666, 132: 428, 133: 722, 134: 484, 135: 652, 136: 414, 137: 142, 138: 380, 139: 722, 140: 484, 141: 128, 142: 366, 143: 58, 144: 296, 145: 58, 146: 296, 147: 100, 148: 338, 149: 72, 150: 310, 151: 750, 152: 512, 153: 778, 154: 540, 155: 30, 156: 268, 157: 778, 158: 540, 159: 736, 160: 498, 161: 722, 162: 484, 163: 680, 164: 442, 165: 708, 166: 470, 167: 778, 168: 540, 169: 156, 170: 394, 171: 666, 172: 428, 173: 750, 174: 512, 175: 44, 176: 282, 177: 750, 178: 512, 179: 72, 180: 310, 181: 142, 182: 380, 183: 708, 184: 470, 185: 652, 186: 414, 187: 736, 188: 498, 189: 764, 190: 526, 191: 778, 192: 540, 193: 86, 194: 324, 195: 750, 196: 512, 197: 666, 198: 428, 199: 764, 200: 526}
Number of lables used:  44
Total time: 3.54 seconds
Memory used: 670.61 MB
--------------------------------------------------
Number of label variables:  48
Number of clauses for label constraints:  7470
Number of clauses for cardinality constraints:  1390
Initial variable count:  1824081
Initial clause count:  1397264
--------------------------------------------------

Trying with at most 43 labels...
Solution:
{1: 100, 2: 338, 3: 142, 4: 380, 5: 652, 6: 414, 7: 142, 8: 380, 9: 554, 10: 792, 11: 652, 12: 414, 13: 58, 14: 296, 15: 114, 16: 352, 17: 114, 18: 352, 19: 58, 20: 296, 21: 792, 22: 554, 23: 86, 24: 324, 25: 100, 26: 338, 27: 694, 28: 456, 29: 114, 30: 352, 31: 128, 32: 366, 33: 722, 34: 484, 35: 142, 36: 380, 37: 72, 38: 310, 39: 16, 40: 254, 41: 16, 42: 254, 43: 680, 44: 442, 45: 58, 46: 296, 47: 680, 48: 442, 49: 30, 50: 268, 51: 128, 52: 366, 53: 666, 54: 428, 55: 44, 56: 282, 57: 86, 58: 324, 59: 114, 60: 352, 61: 86, 62: 324, 63: 16, 64: 254, 65: 58, 66: 296, 67: 100, 68: 338, 69: 30, 70: 268, 71: 142, 72: 380, 73: 142, 74: 380, 75: 58, 76: 296, 77: 44, 78: 282, 79: 16, 80: 254, 81: 722, 82: 484, 83: 30, 84: 268, 85: 16, 86: 254, 87: 30, 88: 268, 89: 72, 90: 310, 91: 16, 92: 254, 93: 30, 94: 268, 95: 142, 96: 380, 97: 30, 98: 268, 99: 722, 100: 484, 101: 16, 102: 254, 103: 142, 104: 380, 105: 86, 106: 324, 107: 100, 108: 338, 109: 156, 110: 394, 111: 16, 112: 254, 113: 16, 114: 254, 115: 708, 116: 470, 117: 666, 118: 428, 119: 44, 120: 282, 121: 652, 122: 414, 123: 16, 124: 254, 125: 142, 126: 380, 127: 72, 128: 310, 129: 114, 130: 352, 131: 666, 132: 428, 133: 72, 134: 310, 135: 142, 136: 380, 137: 114, 138: 352, 139: 680, 140: 442, 141: 100, 142: 338, 143: 722, 144: 484, 145: 30, 146: 268, 147: 72, 148: 310, 149: 128, 150: 366, 151: 44, 152: 282, 153: 792, 154: 554, 155: 722, 156: 484, 157: 16, 158: 254, 159: 58, 160: 296, 161: 72, 162: 310, 163: 666, 164: 428, 165: 86, 166: 324, 167: 16, 168: 254, 169: 128, 170: 366, 171: 128, 172: 366, 173: 44, 174: 282, 175: 100, 176: 338, 177: 58, 178: 296, 179: 86, 180: 324, 181: 652, 182: 414, 183: 86, 184: 324, 185: 142, 186: 380, 187: 58, 188: 296, 189: 30, 190: 268, 191: 16, 192: 254, 193: 58, 194: 296, 195: 44, 196: 282, 197: 128, 198: 366, 199: 30, 200: 268}
Number of lables used:  36
Total time: 4.26 seconds
Memory used: 728.43 MB
--------------------------------------------------

Trying with at most 35 labels...
Solution:
{1: 100, 2: 338, 3: 142, 4: 380, 5: 652, 6: 414, 7: 142, 8: 380, 9: 554, 10: 792, 11: 142, 12: 380, 13: 58, 14: 296, 15: 114, 16: 352, 17: 114, 18: 352, 19: 58, 20: 296, 21: 792, 22: 554, 23: 86, 24: 324, 25: 100, 26: 338, 27: 708, 28: 470, 29: 114, 30: 352, 31: 128, 32: 366, 33: 722, 34: 484, 35: 142, 36: 380, 37: 72, 38: 310, 39: 16, 40: 254, 41: 16, 42: 254, 43: 680, 44: 442, 45: 58, 46: 296, 47: 680, 48: 442, 49: 30, 50: 268, 51: 128, 52: 366, 53: 666, 54: 428, 55: 44, 56: 282, 57: 86, 58: 324, 59: 114, 60: 352, 61: 86, 62: 324, 63: 16, 64: 254, 65: 58, 66: 296, 67: 100, 68: 338, 69: 30, 70: 268, 71: 142, 72: 380, 73: 142, 74: 380, 75: 58, 76: 296, 77: 44, 78: 282, 79: 16, 80: 254, 81: 722, 82: 484, 83: 30, 84: 268, 85: 16, 86: 254, 87: 30, 88: 268, 89: 72, 90: 310, 91: 16, 92: 254, 93: 30, 94: 268, 95: 142, 96: 380, 97: 30, 98: 268, 99: 722, 100: 484, 101: 16, 102: 254, 103: 142, 104: 380, 105: 86, 106: 324, 107: 100, 108: 338, 109: 156, 110: 394, 111: 16, 112: 254, 113: 16, 114: 254, 115: 708, 116: 470, 117: 666, 118: 428, 119: 44, 120: 282, 121: 652, 122: 414, 123: 16, 124: 254, 125: 142, 126: 380, 127: 72, 128: 310, 129: 114, 130: 352, 131: 666, 132: 428, 133: 72, 134: 310, 135: 142, 136: 380, 137: 114, 138: 352, 139: 680, 140: 442, 141: 100, 142: 338, 143: 722, 144: 484, 145: 30, 146: 268, 147: 72, 148: 310, 149: 128, 150: 366, 151: 44, 152: 282, 153: 792, 154: 554, 155: 722, 156: 484, 157: 16, 158: 254, 159: 58, 160: 296, 161: 72, 162: 310, 163: 666, 164: 428, 165: 86, 166: 324, 167: 16, 168: 254, 169: 128, 170: 366, 171: 128, 172: 366, 173: 44, 174: 282, 175: 100, 176: 338, 177: 58, 178: 296, 179: 86, 180: 324, 181: 652, 182: 414, 183: 86, 184: 324, 185: 142, 186: 380, 187: 58, 188: 296, 189: 30, 190: 268, 191: 16, 192: 254, 193: 58, 194: 296, 195: 44, 196: 282, 197: 128, 198: 366, 199: 30, 200: 268}
Number of lables used:  34
Total time: 5.09 seconds
Memory used: 631.85 MB
--------------------------------------------------

Trying with at most 33 labels...
Solution:
{1: 100, 2: 338, 3: 142, 4: 380, 5: 652, 6: 414, 7: 142, 8: 380, 9: 554, 10: 792, 11: 142, 12: 380, 13: 58, 14: 296, 15: 114, 16: 352, 17: 114, 18: 352, 19: 58, 20: 296, 21: 792, 22: 554, 23: 86, 24: 324, 25: 100, 26: 338, 27: 708, 28: 470, 29: 114, 30: 352, 31: 128, 32: 366, 33: 722, 34: 484, 35: 142, 36: 380, 37: 72, 38: 310, 39: 16, 40: 254, 41: 16, 42: 254, 43: 708, 44: 470, 45: 58, 46: 296, 47: 86, 48: 324, 49: 30, 50: 268, 51: 128, 52: 366, 53: 142, 54: 380, 55: 44, 56: 282, 57: 86, 58: 324, 59: 114, 60: 352, 61: 86, 62: 324, 63: 16, 64: 254, 65: 58, 66: 296, 67: 100, 68: 338, 69: 30, 70: 268, 71: 142, 72: 380, 73: 142, 74: 380, 75: 58, 76: 296, 77: 44, 78: 282, 79: 16, 80: 254, 81: 722, 82: 484, 83: 30, 84: 268, 85: 16, 86: 254, 87: 16, 88: 254, 89: 72, 90: 310, 91: 16, 92: 254, 93: 30, 94: 268, 95: 142, 96: 380, 97: 30, 98: 268, 99: 722, 100: 484, 101: 16, 102: 254, 103: 142, 104: 380, 105: 86, 106: 324, 107: 100, 108: 338, 109: 142, 110: 380, 111: 16, 112: 254, 113: 16, 114: 254, 115: 708, 116: 470, 117: 142, 118: 380, 119: 44, 120: 282, 121: 652, 122: 414, 123: 16, 124: 254, 125: 142, 126: 380, 127: 72, 128: 310, 129: 114, 130: 352, 131: 142, 132: 380, 133: 72, 134: 310, 135: 142, 136: 380, 137: 114, 138: 352, 139: 86, 140: 324, 141: 100, 142: 338, 143: 722, 144: 484, 145: 30, 146: 268, 147: 72, 148: 310, 149: 128, 150: 366, 151: 44, 152: 282, 153: 792, 154: 554, 155: 722, 156: 484, 157: 16, 158: 254, 159: 58, 160: 296, 161: 72, 162: 310, 163: 114, 164: 352, 165: 86, 166: 324, 167: 16, 168: 254, 169: 128, 170: 366, 171: 128, 172: 366, 173: 44, 174: 282, 175: 100, 176: 338, 177: 44, 178: 282, 179: 72, 180: 310, 181: 652, 182: 414, 183: 86, 184: 324, 185: 142, 186: 380, 187: 58, 188: 296, 189: 30, 190: 268, 191: 16, 192: 254, 193: 58, 194: 296, 195: 44, 196: 282, 197: 128, 198: 366, 199: 30, 200: 268}
Number of lables used:  28
Total time: 5.21 seconds
Memory used: 631.85 MB
--------------------------------------------------

Trying with at most 27 labels...
Solution:
{1: 100, 2: 338, 3: 156, 4: 394, 5: 142, 6: 380, 7: 142, 8: 380, 9: 156, 10: 394, 11: 156, 12: 394, 13: 72, 14: 310, 15: 128, 16: 366, 17: 792, 18: 554, 19: 58, 20: 296, 21: 30, 22: 268, 23: 100, 24: 338, 25: 114, 26: 352, 27: 114, 28: 352, 29: 694, 30: 456, 31: 142, 32: 380, 33: 44, 34: 282, 35: 694, 36: 456, 37: 792, 38: 554, 39: 16, 40: 254, 41: 16, 42: 254, 43: 694, 44: 456, 45: 72, 46: 310, 47: 100, 48: 338, 49: 44, 50: 282, 51: 142, 52: 380, 53: 156, 54: 394, 55: 58, 56: 296, 57: 694, 58: 456, 59: 128, 60: 366, 61: 694, 62: 456, 63: 30, 64: 268, 65: 792, 66: 554, 67: 114, 68: 352, 69: 44, 70: 282, 71: 142, 72: 380, 73: 694, 74: 456, 75: 72, 76: 310, 77: 58, 78: 296, 79: 792, 80: 554, 81: 100, 82: 338, 83: 44, 84: 282, 85: 30, 86: 268, 87: 30, 88: 268, 89: 86, 90: 324, 91: 30, 92: 268, 93: 44, 94: 282, 95: 142, 96: 380, 97: 30, 98: 268, 99: 44, 100: 282, 101: 30, 102: 268, 103: 156, 104: 394, 105: 86, 106: 324, 107: 114, 108: 352, 109: 156, 110: 394, 111: 30, 112: 268, 113: 16, 114: 254, 115: 694, 116: 456, 117: 156, 118: 394, 119: 58, 120: 296, 121: 128, 122: 366, 123: 30, 124: 268, 125: 156, 126: 394, 127: 86, 128: 324, 129: 128, 130: 366, 131: 156, 132: 394, 133: 86, 134: 324, 135: 156, 136: 394, 137: 792, 138: 554, 139: 86, 140: 324, 141: 114, 142: 352, 143: 72, 144: 310, 145: 30, 146: 268, 147: 86, 148: 324, 149: 142, 150: 380, 151: 58, 152: 296, 153: 30, 154: 268, 155: 100, 156: 338, 157: 30, 158: 268, 159: 58, 160: 296, 161: 86, 162: 324, 163: 128, 164: 366, 165: 86, 166: 324, 167: 30, 168: 268, 169: 694, 170: 456, 171: 694, 172: 456, 173: 58, 174: 296, 175: 114, 176: 352, 177: 58, 178: 296, 179: 86, 180: 324, 181: 128, 182: 366, 183: 694, 184: 456, 185: 156, 186: 394, 187: 72, 188: 310, 189: 44, 190: 282, 191: 30, 192: 268, 193: 792, 194: 554, 195: 58, 196: 296, 197: 694, 198: 456, 199: 30, 200: 268}
Number of lables used:  26
Total time: 5.46 seconds
Memory used: 631.85 MB
--------------------------------------------------

Trying with at most 25 labels...
Solution:
{1: 100, 2: 338, 3: 694, 4: 456, 5: 142, 6: 380, 7: 142, 8: 380, 9: 554, 10: 792, 11: 142, 12: 380, 13: 58, 14: 296, 15: 114, 16: 352, 17: 114, 18: 352, 19: 58, 20: 296, 21: 16, 22: 254, 23: 86, 24: 324, 25: 100, 26: 338, 27: 100, 28: 338, 29: 694, 30: 456, 31: 128, 32: 366, 33: 44, 34: 282, 35: 142, 36: 380, 37: 72, 38: 310, 39: 792, 40: 554, 41: 792, 42: 554, 43: 86, 44: 324, 45: 58, 46: 296, 47: 86, 48: 324, 49: 30, 50: 268, 51: 128, 52: 366, 53: 142, 54: 380, 55: 44, 56: 282, 57: 86, 58: 324, 59: 114, 60: 352, 61: 86, 62: 324, 63: 16, 64: 254, 65: 792, 66: 554, 67: 100, 68: 338, 69: 30, 70: 268, 71: 142, 72: 380, 73: 694, 74: 456, 75: 58, 76: 296, 77: 44, 78: 282, 79: 16, 80: 254, 81: 86, 82: 324, 83: 30, 84: 268, 85: 16, 86: 254, 87: 16, 88: 254, 89: 72, 90: 310, 91: 16, 92: 254, 93: 30, 94: 268, 95: 142, 96: 380, 97: 30, 98: 268, 99: 44, 100: 282, 101: 16, 102: 254, 103: 142, 104: 380, 105: 86, 106: 324, 107: 100, 108: 338, 109: 142, 110: 380, 111: 16, 112: 254, 113: 792, 114: 554, 115: 58, 116: 296, 117: 142, 118: 380, 119: 44, 120: 282, 121: 114, 122: 352, 123: 16, 124: 254, 125: 142, 126: 380, 127: 72, 128: 310, 129: 114, 130: 352, 131: 694, 132: 456, 133: 72, 134: 310, 135: 142, 136: 380, 137: 114, 138: 352, 139: 86, 140: 324, 141: 792, 142: 554, 143: 792, 144: 554, 145: 30, 146: 268, 147: 72, 148: 310, 149: 128, 150: 366, 151: 44, 152: 282, 153: 16, 154: 254, 155: 86, 156: 324, 157: 792, 158: 554, 159: 58, 160: 296, 161: 72, 162: 310, 163: 114, 164: 352, 165: 86, 166: 324, 167: 792, 168: 554, 169: 128, 170: 366, 171: 128, 172: 366, 173: 44, 174: 282, 175: 100, 176: 338, 177: 44, 178: 282, 179: 72, 180: 310, 181: 114, 182: 352, 183: 86, 184: 324, 185: 142, 186: 380, 187: 58, 188: 296, 189: 30, 190: 268, 191: 16, 192: 254, 193: 58, 194: 296, 195: 44, 196: 282, 197: 128, 198: 366, 199: 30, 200: 268}
Number of lables used:  24
Total time: 5.68 seconds
Memory used: 631.85 MB
--------------------------------------------------

Trying with at most 23 labels...
Solution:
{1: 100, 2: 338, 3: 792, 4: 554, 5: 142, 6: 380, 7: 142, 8: 380, 9: 554, 10: 792, 11: 142, 12: 380, 13: 58, 14: 296, 15: 114, 16: 352, 17: 114, 18: 352, 19: 58, 20: 296, 21: 16, 22: 254, 23: 86, 24: 324, 25: 100, 26: 338, 27: 100, 28: 338, 29: 114, 30: 352, 31: 128, 32: 366, 33: 44, 34: 282, 35: 142, 36: 380, 37: 72, 38: 310, 39: 792, 40: 554, 41: 792, 42: 554, 43: 86, 44: 324, 45: 58, 46: 296, 47: 86, 48: 324, 49: 30, 50: 268, 51: 128, 52: 366, 53: 142, 54: 380, 55: 44, 56: 282, 57: 86, 58: 324, 59: 114, 60: 352, 61: 86, 62: 324, 63: 16, 64: 254, 65: 58, 66: 296, 67: 100, 68: 338, 69: 30, 70: 268, 71: 142, 72: 380, 73: 792, 74: 554, 75: 58, 76: 296, 77: 44, 78: 282, 79: 16, 80: 254, 81: 86, 82: 324, 83: 30, 84: 268, 85: 16, 86: 254, 87: 16, 88: 254, 89: 72, 90: 310, 91: 16, 92: 254, 93: 30, 94: 268, 95: 142, 96: 380, 97: 30, 98: 268, 99: 44, 100: 282, 101: 16, 102: 254, 103: 142, 104: 380, 105: 86, 106: 324, 107: 100, 108: 338, 109: 142, 110: 380, 111: 16, 112: 254, 113: 792, 114: 554, 115: 58, 116: 296, 117: 142, 118: 380, 119: 44, 120: 282, 121: 114, 122: 352, 123: 16, 124: 254, 125: 142, 126: 380, 127: 72, 128: 310, 129: 114, 130: 352, 131: 142, 132: 380, 133: 72, 134: 310, 135: 142, 136: 380, 137: 114, 138: 352, 139: 86, 140: 324, 141: 792, 142: 554, 143: 792, 144: 554, 145: 30, 146: 268, 147: 72, 148: 310, 149: 128, 150: 366, 151: 44, 152: 282, 153: 16, 154: 254, 155: 86, 156: 324, 157: 792, 158: 554, 159: 58, 160: 296, 161: 72, 162: 310, 163: 114, 164: 352, 165: 86, 166: 324, 167: 792, 168: 554, 169: 128, 170: 366, 171: 128, 172: 366, 173: 44, 174: 282, 175: 100, 176: 338, 177: 44, 178: 282, 179: 72, 180: 310, 181: 114, 182: 352, 183: 86, 184: 324, 185: 142, 186: 380, 187: 58, 188: 296, 189: 30, 190: 268, 191: 16, 192: 254, 193: 58, 194: 296, 195: 44, 196: 282, 197: 128, 198: 366, 199: 30, 200: 268}
Number of lables used:  22
Total time: 5.80 seconds
Memory used: 631.85 MB
--------------------------------------------------

Trying with at most 21 labels...
Solution:
{1: 792, 2: 554, 3: 792, 4: 554, 5: 142, 6: 380, 7: 142, 8: 380, 9: 554, 10: 792, 11: 142, 12: 380, 13: 58, 14: 296, 15: 114, 16: 352, 17: 114, 18: 352, 19: 58, 20: 296, 21: 16, 22: 254, 23: 86, 24: 324, 25: 792, 26: 554, 27: 792, 28: 554, 29: 114, 30: 352, 31: 128, 32: 366, 33: 44, 34: 282, 35: 142, 36: 380, 37: 72, 38: 310, 39: 792, 40: 554, 41: 792, 42: 554, 43: 86, 44: 324, 45: 58, 46: 296, 47: 86, 48: 324, 49: 30, 50: 268, 51: 128, 52: 366, 53: 142, 54: 380, 55: 44, 56: 282, 57: 86, 58: 324, 59: 114, 60: 352, 61: 86, 62: 324, 63: 16, 64: 254, 65: 58, 66: 296, 67: 792, 68: 554, 69: 30, 70: 268, 71: 142, 72: 380, 73: 792, 74: 554, 75: 58, 76: 296, 77: 44, 78: 282, 79: 16, 80: 254, 81: 86, 82: 324, 83: 30, 84: 268, 85: 16, 86: 254, 87: 16, 88: 254, 89: 72, 90: 310, 91: 16, 92: 254, 93: 30, 94: 268, 95: 142, 96: 380, 97: 30, 98: 268, 99: 44, 100: 282, 101: 16, 102: 254, 103: 142, 104: 380, 105: 86, 106: 324, 107: 792, 108: 554, 109: 142, 110: 380, 111: 16, 112: 254, 113: 792, 114: 554, 115: 58, 116: 296, 117: 142, 118: 380, 119: 44, 120: 282, 121: 114, 122: 352, 123: 16, 124: 254, 125: 142, 126: 380, 127: 72, 128: 310, 129: 114, 130: 352, 131: 142, 132: 380, 133: 72, 134: 310, 135: 142, 136: 380, 137: 114, 138: 352, 139: 86, 140: 324, 141: 792, 142: 554, 143: 792, 144: 554, 145: 30, 146: 268, 147: 72, 148: 310, 149: 128, 150: 366, 151: 44, 152: 282, 153: 16, 154: 254, 155: 86, 156: 324, 157: 16, 158: 254, 159: 58, 160: 296, 161: 72, 162: 310, 163: 114, 164: 352, 165: 86, 166: 324, 167: 16, 168: 254, 169: 128, 170: 366, 171: 128, 172: 366, 173: 44, 174: 282, 175: 792, 176: 554, 177: 44, 178: 282, 179: 72, 180: 310, 181: 114, 182: 352, 183: 86, 184: 324, 185: 142, 186: 380, 187: 58, 188: 296, 189: 30, 190: 268, 191: 16, 192: 254, 193: 58, 194: 296, 195: 44, 196: 282, 197: 128, 198: 366, 199: 30, 200: 268}
Number of lables used:  20
Total time: 5.92 seconds
Memory used: 631.85 MB
--------------------------------------------------

Trying with at most 19 labels...
[runlim] sample:		9.99 time, 10.01 real, 585 MB, 1.30 load
[runlim] sample:		19.98 time, 20.01 real, 531 MB, 1.26 load
[runlim] sample:		29.98 time, 30.01 real, 531 MB, 1.22 load
[runlim] sample:		39.97 time, 40.01 real, 531 MB, 1.18 load
[runlim] sample:		49.96 time, 50.01 real, 531 MB, 1.15 load
[runlim] sample:		59.96 time, 60.01 real, 531 MB, 1.13 load
Cannot find solution.
No more solutions found.
Optimal number of labels used:  20
Total time: 66.49 seconds
Memory used: 531.44 MB
[runlim] end:			Sat Jun 27 07:47:21 2026
[runlim] status:		ok
[runlim] result:		0
[runlim] children:		1
[runlim] processes:		2
[runlim] real:			66.59 seconds
[runlim] time:			66.46 seconds
[runlim] space:			771 MB
[runlim] load:			1.30 maximum
[runlim] samples:		666
