[runlim] version:		2.0.0rc12
[runlim] host:			ap-Precision-7550
[runlim] time limit:		311040000 seconds
[runlim] real time limit:	600 seconds
[runlim] space limit:		14000 MB
[runlim] argv[0]:		python3
[runlim] argv[1]:		-u
[runlim] argv[2]:		pairwise.py
[runlim] argv[3]:		TUD916.5
[runlim] argv[4]:		tot
[runlim] argv[5]:		assumptions
[runlim] argv[6]:		cadical195
[runlim] argv[7]:		3
[runlim] argv[8]:		card
[runlim] argv[9]:		3
[runlim] start:			Sat Jun 27 08:02:32 2026
[runlim] child:			23806
Exactly-one cardinality encoding:  3
Distance constraint mode:  card
Distance cardinality encoding:  3
Objective strategy:  tot
SAT type:  assumptions
Solver:  cadical195
Warning: variable 366 has no valid labels after preprocessing.
Cannot find solution!
Time taken: 0.14 seconds
Memory used: 21.49 MB
[runlim] end:			Sat Jun 27 08:02:32 2026
[runlim] status:		ok
[runlim] result:		0
[runlim] children:		1
[runlim] processes:		2
[runlim] real:			0.19 seconds
[runlim] time:			0.10 seconds
[runlim] space:			21 MB
[runlim] load:			1.13 maximum
[runlim] samples:		2
