[runlim] version:		2.0.0rc12
[runlim] host:			ap-Precision-7550
[runlim] time limit:		311040000 seconds
[runlim] real time limit:	600 seconds
[runlim] space limit:		14000 MB
[runlim] argv[0]:		python3
[runlim] argv[1]:		-u
[runlim] argv[2]:		pairwise_no_preprocessing.py
[runlim] argv[3]:		scen06
[runlim] argv[4]:		assumptions
[runlim] argv[5]:		8
[runlim] argv[6]:		card
[runlim] argv[7]:		8
[runlim] start:			Mon Jun 15 01:23:50 2026
[runlim] child:			162573
Exactly-one cardinality encoding:  8
Distance constraint mode:  card
Distance cardinality encoding:  8
Number of assignment variables:  8020
Number of clauses for exactly one constraints:  23660
Number of clauses for distance constraints:  2482656
---------------------------------------------------
Solve first problem:
Cannot find solution.
Time taken: 3.72 seconds 
Memory used: 768.62 MB
[runlim] end:			Mon Jun 15 01:23:54 2026
[runlim] status:		ok
[runlim] result:		0
[runlim] children:		1
[runlim] processes:		2
[runlim] real:			4.03 seconds
[runlim] time:			4.00 seconds
[runlim] space:			768 MB
[runlim] load:			1.18 maximum
[runlim] samples:		41
