[runlim] version:		2.0.0rc12
[runlim] host:			ap-Precision-7550
[runlim] time limit:		311040000 seconds
[runlim] real time limit:	600 seconds
[runlim] space limit:		14000 MB
[runlim] argv[0]:		python3
[runlim] argv[1]:		-u
[runlim] argv[2]:		main.py
[runlim] argv[3]:		scen04
[runlim] argv[4]:		CARD
[runlim] argv[5]:		5
[runlim] argv[6]:		5
[runlim] start:			Sun Jun 21 04:54:00 2026
[runlim] child:			7367
--- CARD [Exactly-One: 5, AMO: 5] ---
 solving MaxSAT (RC2)...

--------------------------------------------------
Found solution!
Number of labels used: 46
--------------------------------------------------
Time taken: 0.16 seconds
Memory used: 26.57 MB
[runlim] end:			Sun Jun 21 04:54:00 2026
[runlim] status:		ok
[runlim] result:		0
[runlim] children:		1
[runlim] processes:		2
[runlim] real:			0.21 seconds
[runlim] time:			0.10 seconds
[runlim] space:			22 MB
[runlim] load:			1.09 maximum
[runlim] samples:		2
