[runlim] version:		1.10
[runlim] time limit:		311040000 seconds
[runlim] real time limit:	600 seconds
[runlim] space limit:		14000 MB
[runlim] argv[0]:		python3
[runlim] argv[1]:		-u
[runlim] argv[2]:		main.py
[runlim] argv[3]:		TUD200.3
[runlim] argv[4]:		tot
[runlim] argv[5]:		assumptions
[runlim] argv[6]:		cadical195
[runlim] start:			Thu Mar 12 00:03:49 2026
[runlim] main pid:		16379
Solve first problem:
Solution:
{1: 296, 2: 58, 3: 380, 4: 142, 5: 652, 6: 414, 7: 442, 8: 680, 9: 352, 10: 114, 11: 380, 12: 142, 13: 652, 14: 414, 15: 380, 16: 142, 17: 170, 18: 408, 19: 142, 20: 380, 21: 282, 22: 44, 23: 652, 24: 414, 25: 540, 26: 778, 27: 694, 28: 456, 29: 792, 30: 554, 31: 442, 32: 680, 33: 268, 34: 30, 35: 114, 36: 352, 37: 652, 38: 414, 39: 652, 40: 414, 41: 114, 42: 352, 43: 268, 44: 30, 45: 338, 46: 100, 47: 512, 48: 750, 49: 414, 50: 652, 51: 310, 52: 72, 53: 338, 54: 100, 55: 414, 56: 652, 57: 352, 58: 114, 59: 694, 60: 456, 61: 254, 62: 16, 63: 778, 64: 540, 65: 156, 66: 394, 67: 352, 68: 114, 69: 296, 70: 58, 71: 296, 72: 58, 73: 652, 74: 414, 75: 366, 76: 128, 77: 338, 78: 100, 79: 680, 80: 442, 81: 254, 82: 16, 83: 310, 84: 72, 85: 282, 86: 44, 87: 736, 88: 498, 89: 764, 90: 526, 91: 254, 92: 16, 93: 750, 94: 512, 95: 792, 96: 554, 97: 170, 98: 408, 99: 478, 100: 240, 101: 380, 102: 142, 103: 352, 104: 114, 105: 72, 106: 310, 107: 310, 108: 72, 109: 414, 110: 652, 111: 282, 112: 44, 113: 722, 114: 484, 115: 652, 116: 414, 117: 708, 118: 470, 119: 310, 120: 72, 121: 380, 122: 142, 123: 296, 124: 58, 125: 666, 126: 428, 127: 750, 128: 512, 129: 324, 130: 86, 131: 380, 132: 142, 133: 310, 134: 72, 135: 254, 136: 16, 137: 652, 138: 414, 139: 268, 140: 30, 141: 310, 142: 72, 143: 296, 144: 58, 145: 456, 146: 694, 147: 428, 148: 666, 149: 254, 150: 16, 151: 352, 152: 114, 153: 652, 154: 414, 155: 414, 156: 652, 157: 268, 158: 30, 159: 296, 160: 58, 161: 268, 162: 30, 163: 254, 164: 16, 165: 254, 166: 16, 167: 380, 168: 142, 169: 310, 170: 72, 171: 254, 172: 16, 173: 366, 174: 128, 175: 338, 176: 100, 177: 366, 178: 128, 179: 380, 180: 142, 181: 254, 182: 16, 183: 310, 184: 72, 185: 324, 186: 86, 187: 254, 188: 16, 189: 310, 190: 72, 191: 268, 192: 30, 193: 324, 194: 86, 195: 736, 196: 498, 197: 282, 198: 44, 199: 254, 200: 16}
Number of lables used:  48
Time taken: 0.20 seconds
Memory used: 33.36 MB
--------------------------------------------------

Trying with at most 47 labels...
Solution:
{1: 526, 2: 764, 3: 442, 4: 680, 5: 680, 6: 442, 7: 324, 8: 86, 9: 442, 10: 680, 11: 408, 12: 170, 13: 554, 14: 792, 15: 442, 16: 680, 17: 380, 18: 142, 19: 708, 20: 470, 21: 554, 22: 792, 23: 58, 24: 296, 25: 282, 26: 44, 27: 58, 28: 296, 29: 394, 30: 156, 31: 366, 32: 128, 33: 540, 34: 778, 35: 694, 36: 456, 37: 156, 38: 394, 39: 142, 40: 380, 41: 128, 42: 366, 43: 540, 44: 778, 45: 484, 46: 722, 47: 282, 48: 44, 49: 414, 50: 652, 51: 484, 52: 722, 53: 470, 54: 708, 55: 58, 56: 296, 57: 114, 58: 352, 59: 114, 60: 352, 61: 310, 62: 72, 63: 456, 64: 694, 65: 680, 66: 442, 67: 456, 68: 694, 69: 366, 70: 128, 71: 512, 72: 750, 73: 44, 74: 282, 75: 428, 76: 666, 77: 156, 78: 394, 79: 142, 80: 380, 81: 554, 82: 792, 83: 512, 84: 750, 85: 526, 86: 764, 87: 366, 88: 128, 89: 44, 90: 282, 91: 554, 92: 792, 93: 554, 94: 792, 95: 30, 96: 268, 97: 478, 98: 240, 99: 478, 100: 240, 101: 554, 102: 792, 103: 470, 104: 708, 105: 456, 106: 694, 107: 100, 108: 338, 109: 394, 110: 156, 111: 540, 112: 778, 113: 44, 114: 282, 115: 142, 116: 380, 117: 100, 118: 338, 119: 750, 120: 512, 121: 408, 122: 170, 123: 512, 124: 750, 125: 764, 126: 526, 127: 652, 128: 414, 129: 456, 130: 694, 131: 240, 132: 478, 133: 484, 134: 722, 135: 554, 136: 792, 137: 114, 138: 352, 139: 554, 140: 792, 141: 484, 142: 722, 143: 512, 144: 750, 145: 44, 146: 282, 147: 708, 148: 470, 149: 512, 150: 750, 151: 792, 152: 554, 153: 156, 154: 394, 155: 394, 156: 156, 157: 540, 158: 778, 159: 512, 160: 750, 161: 554, 162: 792, 163: 554, 164: 792, 165: 268, 166: 30, 167: 442, 168: 680, 169: 484, 170: 722, 171: 554, 172: 792, 173: 540, 174: 778, 175: 470, 176: 708, 177: 428, 178: 666, 179: 170, 180: 408, 181: 652, 182: 414, 183: 470, 184: 708, 185: 484, 186: 722, 187: 792, 188: 554, 189: 484, 190: 722, 191: 540, 192: 778, 193: 484, 194: 722, 195: 72, 196: 310, 197: 526, 198: 764, 199: 554, 200: 792}
Number of lables used:  44
Time taken: 0.21 seconds
Memory used: 34.39 MB
--------------------------------------------------

Trying with at most 43 labels...
Solution:
{1: 470, 2: 708, 3: 708, 4: 470, 5: 156, 6: 394, 7: 324, 8: 86, 9: 414, 10: 652, 11: 408, 12: 170, 13: 554, 14: 792, 15: 414, 16: 652, 17: 380, 18: 142, 19: 652, 20: 414, 21: 554, 22: 792, 23: 44, 24: 282, 25: 268, 26: 30, 27: 58, 28: 296, 29: 310, 30: 72, 31: 338, 32: 100, 33: 58, 34: 296, 35: 456, 36: 694, 37: 652, 38: 414, 39: 142, 40: 380, 41: 114, 42: 352, 43: 58, 44: 296, 45: 484, 46: 722, 47: 282, 48: 44, 49: 414, 50: 652, 51: 484, 52: 722, 53: 156, 54: 394, 55: 30, 56: 268, 57: 114, 58: 352, 59: 114, 60: 352, 61: 282, 62: 44, 63: 456, 64: 694, 65: 652, 66: 414, 67: 114, 68: 352, 69: 366, 70: 128, 71: 512, 72: 750, 73: 352, 74: 114, 75: 652, 76: 414, 77: 156, 78: 394, 79: 142, 80: 380, 81: 554, 82: 792, 83: 512, 84: 750, 85: 512, 86: 750, 87: 352, 88: 114, 89: 380, 90: 142, 91: 554, 92: 792, 93: 554, 94: 792, 95: 30, 96: 268, 97: 408, 98: 170, 99: 478, 100: 240, 101: 554, 102: 792, 103: 414, 104: 652, 105: 456, 106: 694, 107: 44, 108: 282, 109: 324, 110: 86, 111: 484, 112: 722, 113: 44, 114: 282, 115: 142, 116: 380, 117: 100, 118: 338, 119: 750, 120: 512, 121: 408, 122: 170, 123: 484, 124: 722, 125: 100, 126: 338, 127: 652, 128: 414, 129: 456, 130: 694, 131: 240, 132: 478, 133: 484, 134: 722, 135: 554, 136: 792, 137: 114, 138: 352, 139: 554, 140: 792, 141: 470, 142: 708, 143: 512, 144: 750, 145: 44, 146: 282, 147: 708, 148: 470, 149: 512, 150: 750, 151: 792, 152: 554, 153: 30, 154: 268, 155: 394, 156: 156, 157: 512, 158: 750, 159: 512, 160: 750, 161: 554, 162: 792, 163: 554, 164: 792, 165: 268, 166: 30, 167: 414, 168: 652, 169: 484, 170: 722, 171: 554, 172: 792, 173: 750, 174: 512, 175: 470, 176: 708, 177: 414, 178: 652, 179: 170, 180: 408, 181: 652, 182: 414, 183: 470, 184: 708, 185: 484, 186: 722, 187: 792, 188: 554, 189: 484, 190: 722, 191: 750, 192: 512, 193: 484, 194: 722, 195: 394, 196: 156, 197: 414, 198: 652, 199: 554, 200: 792}
Number of lables used:  36
Time taken: 0.21 seconds
Memory used: 34.50 MB
--------------------------------------------------

Trying with at most 35 labels...
Solution:
{1: 484, 2: 722, 3: 114, 4: 352, 5: 86, 6: 324, 7: 324, 8: 86, 9: 142, 10: 380, 11: 408, 12: 170, 13: 554, 14: 792, 15: 414, 16: 652, 17: 380, 18: 142, 19: 652, 20: 414, 21: 554, 22: 792, 23: 86, 24: 324, 25: 268, 26: 30, 27: 44, 28: 282, 29: 30, 30: 268, 31: 338, 32: 100, 33: 72, 34: 310, 35: 722, 36: 484, 37: 722, 38: 484, 39: 394, 40: 156, 41: 156, 42: 394, 43: 72, 44: 310, 45: 156, 46: 394, 47: 366, 48: 128, 49: 414, 50: 652, 51: 44, 52: 282, 53: 156, 54: 394, 55: 30, 56: 268, 57: 86, 58: 324, 59: 114, 60: 352, 61: 282, 62: 44, 63: 414, 64: 652, 65: 100, 66: 338, 67: 114, 68: 352, 69: 338, 70: 100, 71: 484, 72: 722, 73: 100, 74: 338, 75: 44, 76: 282, 77: 156, 78: 394, 79: 142, 80: 380, 81: 554, 82: 792, 83: 414, 84: 652, 85: 484, 86: 722, 87: 268, 88: 30, 89: 44, 90: 282, 91: 554, 92: 792, 93: 554, 94: 792, 95: 30, 96: 268, 97: 240, 98: 478, 99: 478, 100: 240, 101: 722, 102: 484, 103: 156, 104: 394, 105: 414, 106: 652, 107: 44, 108: 282, 109: 484, 110: 722, 111: 722, 112: 484, 113: 44, 114: 282, 115: 30, 116: 268, 117: 30, 118: 268, 119: 722, 120: 484, 121: 408, 122: 170, 123: 652, 124: 414, 125: 100, 126: 338, 127: 652, 128: 414, 129: 792, 130: 554, 131: 240, 132: 478, 133: 484, 134: 722, 135: 554, 136: 792, 137: 114, 138: 352, 139: 554, 140: 792, 141: 338, 142: 100, 143: 142, 144: 380, 145: 44, 146: 282, 147: 156, 148: 394, 149: 792, 150: 554, 151: 792, 152: 554, 153: 30, 154: 268, 155: 394, 156: 156, 157: 142, 158: 380, 159: 484, 160: 722, 161: 554, 162: 792, 163: 554, 164: 792, 165: 268, 166: 30, 167: 792, 168: 554, 169: 484, 170: 722, 171: 652, 172: 414, 173: 722, 174: 484, 175: 722, 176: 484, 177: 414, 178: 652, 179: 170, 180: 408, 181: 652, 182: 414, 183: 114, 184: 352, 185: 484, 186: 722, 187: 792, 188: 554, 189: 484, 190: 722, 191: 142, 192: 380, 193: 484, 194: 722, 195: 394, 196: 156, 197: 414, 198: 652, 199: 554, 200: 792}
Number of lables used:  28
Time taken: 0.22 seconds
Memory used: 34.50 MB
--------------------------------------------------

Trying with at most 27 labels...
Solution:
{1: 484, 2: 722, 3: 114, 4: 352, 5: 86, 6: 324, 7: 324, 8: 86, 9: 142, 10: 380, 11: 408, 12: 170, 13: 554, 14: 792, 15: 414, 16: 652, 17: 380, 18: 142, 19: 652, 20: 414, 21: 554, 22: 792, 23: 722, 24: 484, 25: 268, 26: 30, 27: 44, 28: 282, 29: 30, 30: 268, 31: 324, 32: 86, 33: 58, 34: 296, 35: 722, 36: 484, 37: 722, 38: 484, 39: 394, 40: 156, 41: 156, 42: 394, 43: 58, 44: 296, 45: 156, 46: 394, 47: 366, 48: 128, 49: 414, 50: 652, 51: 44, 52: 282, 53: 156, 54: 394, 55: 30, 56: 268, 57: 86, 58: 324, 59: 114, 60: 352, 61: 268, 62: 30, 63: 414, 64: 652, 65: 86, 66: 324, 67: 114, 68: 352, 69: 324, 70: 86, 71: 484, 72: 722, 73: 114, 74: 352, 75: 44, 76: 282, 77: 156, 78: 394, 79: 142, 80: 380, 81: 554, 82: 792, 83: 414, 84: 652, 85: 484, 86: 722, 87: 268, 88: 30, 89: 44, 90: 282, 91: 554, 92: 792, 93: 554, 94: 792, 95: 30, 96: 268, 97: 240, 98: 478, 99: 478, 100: 240, 101: 722, 102: 484, 103: 156, 104: 394, 105: 414, 106: 652, 107: 44, 108: 282, 109: 484, 110: 722, 111: 722, 112: 484, 113: 44, 114: 282, 115: 30, 116: 268, 117: 380, 118: 142, 119: 722, 120: 484, 121: 408, 122: 170, 123: 652, 124: 414, 125: 86, 126: 324, 127: 652, 128: 414, 129: 792, 130: 554, 131: 240, 132: 478, 133: 484, 134: 722, 135: 554, 136: 792, 137: 114, 138: 352, 139: 554, 140: 792, 141: 324, 142: 86, 143: 142, 144: 380, 145: 44, 146: 282, 147: 156, 148: 394, 149: 792, 150: 554, 151: 792, 152: 554, 153: 30, 154: 268, 155: 394, 156: 156, 157: 142, 158: 380, 159: 484, 160: 722, 161: 554, 162: 792, 163: 554, 164: 792, 165: 268, 166: 30, 167: 792, 168: 554, 169: 484, 170: 722, 171: 652, 172: 414, 173: 722, 174: 484, 175: 722, 176: 484, 177: 414, 178: 652, 179: 170, 180: 408, 181: 652, 182: 414, 183: 114, 184: 352, 185: 484, 186: 722, 187: 792, 188: 554, 189: 484, 190: 722, 191: 142, 192: 380, 193: 484, 194: 722, 195: 394, 196: 156, 197: 414, 198: 652, 199: 554, 200: 792}
Number of lables used:  26
Time taken: 0.22 seconds
Memory used: 34.58 MB
--------------------------------------------------

Trying with at most 25 labels...
Solution:
{1: 484, 2: 722, 3: 114, 4: 352, 5: 86, 6: 324, 7: 324, 8: 86, 9: 142, 10: 380, 11: 380, 12: 142, 13: 554, 14: 792, 15: 414, 16: 652, 17: 380, 18: 142, 19: 652, 20: 414, 21: 554, 22: 792, 23: 652, 24: 414, 25: 268, 26: 30, 27: 44, 28: 282, 29: 30, 30: 268, 31: 324, 32: 86, 33: 58, 34: 296, 35: 722, 36: 484, 37: 722, 38: 484, 39: 394, 40: 156, 41: 156, 42: 394, 43: 58, 44: 296, 45: 156, 46: 394, 47: 366, 48: 128, 49: 380, 50: 142, 51: 722, 52: 484, 53: 156, 54: 394, 55: 30, 56: 268, 57: 86, 58: 324, 59: 86, 60: 324, 61: 268, 62: 30, 63: 414, 64: 652, 65: 86, 66: 324, 67: 114, 68: 352, 69: 324, 70: 86, 71: 128, 72: 366, 73: 114, 74: 352, 75: 30, 76: 268, 77: 156, 78: 394, 79: 142, 80: 380, 81: 554, 82: 792, 83: 414, 84: 652, 85: 484, 86: 722, 87: 268, 88: 30, 89: 44, 90: 282, 91: 554, 92: 792, 93: 554, 94: 792, 95: 30, 96: 268, 97: 240, 98: 478, 99: 478, 100: 240, 101: 722, 102: 484, 103: 156, 104: 394, 105: 414, 106: 652, 107: 44, 108: 282, 109: 484, 110: 722, 111: 722, 112: 484, 113: 114, 114: 352, 115: 30, 116: 268, 117: 366, 118: 128, 119: 722, 120: 484, 121: 380, 122: 142, 123: 652, 124: 414, 125: 86, 126: 324, 127: 652, 128: 414, 129: 792, 130: 554, 131: 240, 132: 478, 133: 484, 134: 722, 135: 554, 136: 792, 137: 30, 138: 268, 139: 554, 140: 792, 141: 324, 142: 86, 143: 142, 144: 380, 145: 44, 146: 282, 147: 156, 148: 394, 149: 792, 150: 554, 151: 792, 152: 554, 153: 30, 154: 268, 155: 394, 156: 156, 157: 142, 158: 380, 159: 484, 160: 722, 161: 554, 162: 792, 163: 554, 164: 792, 165: 268, 166: 30, 167: 792, 168: 554, 169: 484, 170: 722, 171: 652, 172: 414, 173: 484, 174: 722, 175: 722, 176: 484, 177: 414, 178: 652, 179: 240, 180: 478, 181: 652, 182: 414, 183: 114, 184: 352, 185: 484, 186: 722, 187: 792, 188: 554, 189: 484, 190: 722, 191: 142, 192: 380, 193: 484, 194: 722, 195: 394, 196: 156, 197: 414, 198: 652, 199: 554, 200: 792}
Number of lables used:  24
Time taken: 0.22 seconds
Memory used: 34.58 MB
--------------------------------------------------

Trying with at most 23 labels...
Solution:
{1: 666, 2: 428, 3: 86, 4: 324, 5: 666, 6: 428, 7: 324, 8: 86, 9: 680, 10: 442, 11: 380, 12: 142, 13: 736, 14: 498, 15: 680, 16: 442, 17: 240, 18: 478, 19: 736, 20: 498, 21: 30, 22: 268, 23: 666, 24: 428, 25: 268, 26: 30, 27: 694, 28: 456, 29: 86, 30: 324, 31: 296, 32: 58, 33: 498, 34: 736, 35: 442, 36: 680, 37: 694, 38: 456, 39: 324, 40: 86, 41: 58, 42: 296, 43: 58, 44: 296, 45: 86, 46: 324, 47: 456, 48: 694, 49: 296, 50: 58, 51: 142, 52: 380, 53: 142, 54: 380, 55: 86, 56: 324, 57: 736, 58: 498, 59: 58, 60: 296, 61: 324, 62: 86, 63: 428, 64: 666, 65: 142, 66: 380, 67: 268, 68: 30, 69: 58, 70: 296, 71: 86, 72: 324, 73: 694, 74: 456, 75: 142, 76: 380, 77: 86, 78: 324, 79: 142, 80: 380, 81: 554, 82: 792, 83: 380, 84: 142, 85: 428, 86: 666, 87: 792, 88: 554, 89: 554, 90: 792, 91: 554, 92: 792, 93: 554, 94: 792, 95: 30, 96: 268, 97: 142, 98: 380, 99: 142, 100: 380, 101: 792, 102: 554, 103: 666, 104: 428, 105: 86, 106: 324, 107: 296, 108: 58, 109: 456, 110: 694, 111: 268, 112: 30, 113: 30, 114: 268, 115: 792, 116: 554, 117: 58, 118: 296, 119: 736, 120: 498, 121: 240, 122: 478, 123: 30, 124: 268, 125: 428, 126: 666, 127: 680, 128: 442, 129: 736, 130: 498, 131: 478, 132: 240, 133: 142, 134: 380, 135: 554, 136: 792, 137: 324, 138: 86, 139: 792, 140: 554, 141: 30, 142: 268, 143: 58, 144: 296, 145: 30, 146: 268, 147: 792, 148: 554, 149: 142, 150: 380, 151: 142, 152: 380, 153: 380, 154: 142, 155: 554, 156: 792, 157: 86, 158: 324, 159: 456, 160: 694, 161: 554, 162: 792, 163: 554, 164: 792, 165: 268, 166: 30, 167: 792, 168: 554, 169: 456, 170: 694, 171: 442, 172: 680, 173: 142, 174: 380, 175: 380, 176: 142, 177: 736, 178: 498, 179: 240, 180: 478, 181: 694, 182: 456, 183: 666, 184: 428, 185: 666, 186: 428, 187: 86, 188: 324, 189: 142, 190: 380, 191: 30, 192: 268, 193: 380, 194: 142, 195: 296, 196: 58, 197: 442, 198: 680, 199: 554, 200: 792}
Number of lables used:  20
Time taken: 0.22 seconds
Memory used: 34.58 MB
--------------------------------------------------

Trying with at most 19 labels...
Solution:
{1: 680, 2: 442, 3: 86, 4: 324, 5: 30, 6: 268, 7: 324, 8: 86, 9: 680, 10: 442, 11: 380, 12: 142, 13: 792, 14: 554, 15: 680, 16: 442, 17: 142, 18: 380, 19: 792, 20: 554, 21: 30, 22: 268, 23: 666, 24: 428, 25: 268, 26: 30, 27: 694, 28: 456, 29: 86, 30: 324, 31: 296, 32: 58, 33: 428, 34: 666, 35: 442, 36: 680, 37: 694, 38: 456, 39: 324, 40: 86, 41: 86, 42: 324, 43: 58, 44: 296, 45: 666, 46: 428, 47: 456, 48: 694, 49: 296, 50: 58, 51: 142, 52: 380, 53: 142, 54: 380, 55: 666, 56: 428, 57: 142, 58: 380, 59: 58, 60: 296, 61: 268, 62: 30, 63: 428, 64: 666, 65: 30, 66: 268, 67: 268, 68: 30, 69: 142, 70: 380, 71: 86, 72: 324, 73: 428, 74: 666, 75: 142, 76: 380, 77: 30, 78: 268, 79: 142, 80: 380, 81: 554, 82: 792, 83: 380, 84: 142, 85: 428, 86: 666, 87: 428, 88: 666, 89: 554, 90: 792, 91: 554, 92: 792, 93: 554, 94: 792, 95: 30, 96: 268, 97: 478, 98: 240, 99: 478, 100: 240, 101: 694, 102: 456, 103: 58, 104: 296, 105: 86, 106: 324, 107: 792, 108: 554, 109: 296, 110: 58, 111: 268, 112: 30, 113: 30, 114: 268, 115: 792, 116: 554, 117: 58, 118: 296, 119: 694, 120: 456, 121: 380, 122: 142, 123: 142, 124: 380, 125: 428, 126: 666, 127: 792, 128: 554, 129: 86, 130: 324, 131: 478, 132: 240, 133: 142, 134: 380, 135: 554, 136: 792, 137: 324, 138: 86, 139: 792, 140: 554, 141: 30, 142: 268, 143: 58, 144: 296, 145: 30, 146: 268, 147: 666, 148: 428, 149: 142, 150: 380, 151: 86, 152: 324, 153: 380, 154: 142, 155: 554, 156: 792, 157: 666, 158: 428, 159: 456, 160: 694, 161: 554, 162: 792, 163: 554, 164: 792, 165: 268, 166: 30, 167: 792, 168: 554, 169: 456, 170: 694, 171: 442, 172: 680, 173: 142, 174: 380, 175: 380, 176: 142, 177: 694, 178: 456, 179: 240, 180: 478, 181: 694, 182: 456, 183: 666, 184: 428, 185: 666, 186: 428, 187: 86, 188: 324, 189: 86, 190: 324, 191: 30, 192: 268, 193: 380, 194: 142, 195: 296, 196: 58, 197: 442, 198: 680, 199: 554, 200: 792}
Number of lables used:  18
Time taken: 0.22 seconds
Memory used: 34.69 MB
--------------------------------------------------

Trying with at most 17 labels...
Solution:
{1: 428, 2: 666, 3: 58, 4: 296, 5: 666, 6: 428, 7: 554, 8: 792, 9: 324, 10: 86, 11: 380, 12: 142, 13: 792, 14: 554, 15: 142, 16: 380, 17: 142, 18: 380, 19: 792, 20: 554, 21: 30, 22: 268, 23: 666, 24: 428, 25: 268, 26: 30, 27: 792, 28: 554, 29: 86, 30: 324, 31: 296, 32: 58, 33: 428, 34: 666, 35: 428, 36: 666, 37: 666, 38: 428, 39: 324, 40: 86, 41: 86, 42: 324, 43: 58, 44: 296, 45: 456, 46: 694, 47: 456, 48: 694, 49: 296, 50: 58, 51: 142, 52: 380, 53: 86, 54: 324, 55: 666, 56: 428, 57: 142, 58: 380, 59: 58, 60: 296, 61: 268, 62: 30, 63: 428, 64: 666, 65: 30, 66: 268, 67: 268, 68: 30, 69: 142, 70: 380, 71: 86, 72: 324, 73: 428, 74: 666, 75: 142, 76: 380, 77: 30, 78: 268, 79: 694, 80: 456, 81: 554, 82: 792, 83: 380, 84: 142, 85: 428, 86: 666, 87: 428, 88: 666, 89: 554, 90: 792, 91: 554, 92: 792, 93: 554, 94: 792, 95: 142, 96: 380, 97: 478, 98: 240, 99: 478, 100: 240, 101: 456, 102: 694, 103: 58, 104: 296, 105: 86, 106: 324, 107: 792, 108: 554, 109: 296, 110: 58, 111: 268, 112: 30, 113: 30, 114: 268, 115: 792, 116: 554, 117: 58, 118: 296, 119: 694, 120: 456, 121: 380, 122: 142, 123: 142, 124: 380, 125: 86, 126: 324, 127: 792, 128: 554, 129: 666, 130: 428, 131: 380, 132: 142, 133: 142, 134: 380, 135: 554, 136: 792, 137: 324, 138: 86, 139: 792, 140: 554, 141: 30, 142: 268, 143: 324, 144: 86, 145: 30, 146: 268, 147: 666, 148: 428, 149: 142, 150: 380, 151: 86, 152: 324, 153: 380, 154: 142, 155: 554, 156: 792, 157: 666, 158: 428, 159: 456, 160: 694, 161: 30, 162: 268, 163: 554, 164: 792, 165: 268, 166: 30, 167: 428, 168: 666, 169: 456, 170: 694, 171: 268, 172: 30, 173: 142, 174: 380, 175: 456, 176: 694, 177: 694, 178: 456, 179: 240, 180: 478, 181: 694, 182: 456, 183: 666, 184: 428, 185: 666, 186: 428, 187: 86, 188: 324, 189: 86, 190: 324, 191: 30, 192: 268, 193: 380, 194: 142, 195: 296, 196: 58, 197: 456, 198: 694, 199: 428, 200: 666}
Number of lables used:  16
Time taken: 0.23 seconds
Memory used: 34.69 MB
--------------------------------------------------

Trying with at most 15 labels...
Solution:
{1: 498, 2: 736, 3: 380, 4: 142, 5: 86, 6: 324, 7: 86, 8: 324, 9: 142, 10: 380, 11: 478, 12: 240, 13: 498, 14: 736, 15: 142, 16: 380, 17: 478, 18: 240, 19: 380, 20: 142, 21: 498, 22: 736, 23: 778, 24: 540, 25: 540, 26: 778, 27: 736, 28: 498, 29: 86, 30: 324, 31: 680, 32: 442, 33: 778, 34: 540, 35: 44, 36: 282, 37: 736, 38: 498, 39: 282, 40: 44, 41: 324, 42: 86, 43: 44, 44: 282, 45: 442, 46: 680, 47: 324, 48: 86, 49: 498, 50: 736, 51: 142, 52: 380, 53: 680, 54: 442, 55: 86, 56: 324, 57: 680, 58: 442, 59: 44, 60: 282, 61: 324, 62: 86, 63: 498, 64: 736, 65: 736, 66: 498, 67: 540, 68: 778, 69: 44, 70: 282, 71: 86, 72: 324, 73: 680, 74: 442, 75: 44, 76: 282, 77: 86, 78: 324, 79: 778, 80: 540, 81: 736, 82: 498, 83: 324, 84: 86, 85: 44, 86: 282, 87: 680, 88: 442, 89: 442, 90: 680, 91: 442, 92: 680, 93: 778, 94: 540, 95: 142, 96: 380, 97: 380, 98: 142, 99: 142, 100: 380, 101: 736, 102: 498, 103: 324, 104: 86, 105: 282, 106: 44, 107: 778, 108: 540, 109: 282, 110: 44, 111: 44, 112: 282, 113: 142, 114: 380, 115: 442, 116: 680, 117: 736, 118: 498, 119: 778, 120: 540, 121: 240, 122: 478, 123: 778, 124: 540, 125: 540, 126: 778, 127: 680, 128: 442, 129: 282, 130: 44, 131: 478, 132: 240, 133: 142, 134: 380, 135: 86, 136: 324, 137: 680, 138: 442, 139: 142, 140: 380, 141: 380, 142: 142, 143: 736, 144: 498, 145: 736, 146: 498, 147: 142, 148: 380, 149: 142, 150: 380, 151: 736, 152: 498, 153: 380, 154: 142, 155: 442, 156: 680, 157: 680, 158: 442, 159: 86, 160: 324, 161: 380, 162: 142, 163: 540, 164: 778, 165: 324, 166: 86, 167: 778, 168: 540, 169: 540, 170: 778, 171: 680, 172: 442, 173: 86, 174: 324, 175: 44, 176: 282, 177: 680, 178: 442, 179: 478, 180: 240, 181: 142, 182: 380, 183: 380, 184: 142, 185: 142, 186: 380, 187: 86, 188: 324, 189: 44, 190: 282, 191: 736, 192: 498, 193: 540, 194: 778, 195: 442, 196: 680, 197: 44, 198: 282, 199: 778, 200: 540}
Number of lables used:  14
Time taken: 0.24 seconds
Memory used: 34.82 MB
--------------------------------------------------

Trying with at most 13 labels...
Cannot find solution.
No more solutions found.
Optimal number of labels used:  14
Time taken: 1.47 seconds
Memory used: 56.02 MB
[runlim] end:			Thu Mar 12 00:03:50 2026
[runlim] status:		ok
[runlim] result:		0
[runlim] children:		0
[runlim] real:			1.66 seconds
[runlim] time:			1.50 seconds
[runlim] space:			63.5 MB
[runlim] samples:		15
