[runlim] version:		2.0.0rc12
[runlim] host:			ap-Precision-7550
[runlim] time limit:		311040000 seconds
[runlim] real time limit:	600 seconds
[runlim] space limit:		14000 MB
[runlim] argv[0]:		python3
[runlim] argv[1]:		-u
[runlim] argv[2]:		evalmaxsat.py
[runlim] argv[3]:		scen06
[runlim] argv[4]:		DSE
[runlim] argv[5]:		1
[runlim] start:			Fri Jun 12 06:34:46 2026
[runlim] child:			13916
[INFO] Generating WCNF for scen06 (DSE,1)
[SKIP] No solution found in preprocessing step
[SKIP] No WCNF generated for scen06 (DSE_1); preprocessing found no feasible solution
[runlim] end:			Fri Jun 12 06:34:47 2026
[runlim] status:		ok
[runlim] result:		0
[runlim] children:		1
[runlim] processes:		2
[runlim] real:			0.21 seconds
[runlim] time:			0.10 seconds
[runlim] space:			17 MB
[runlim] load:			1.04 maximum
[runlim] samples:		2
