[runlim] version:		2.0.0rc12
[runlim] host:			ap-Precision-7550
[runlim] time limit:		311040000 seconds
[runlim] real time limit:	600 seconds
[runlim] space limit:		14000 MB
[runlim] argv[0]:		python3
[runlim] argv[1]:		-u
[runlim] argv[2]:		main_no.py
[runlim] argv[3]:		scen07
[runlim] start:			Tue Mar 24 23:08:16 2026
[runlim] child:			66322
Building Gurobi model...
Set parameter WLSAccessID
Set parameter WLSSecret
Set parameter LicenseID to value 2663665
Academic license 2663665 - for non-commercial use only - registered to tu___@vnu.edu.vn
[runlim] sample:		10.00 time, 10.01 real, 434 MB, 1.56 load
Build time used: 11.89 sec
Solving...
No solution found.
Total time used: 15.15 sec
Memory used: 930.94 MB
[runlim] end:			Tue Mar 24 23:08:31 2026
[runlim] status:		ok
[runlim] result:		0
[runlim] children:		1
[runlim] processes:		2
[runlim] real:			15.56 seconds
[runlim] time:			19.43 seconds
[runlim] space:			1076 MB
[runlim] load:			1.66 maximum
[runlim] samples:		156
