[runlim] version:		2.0.0rc12
[runlim] host:			ap-Precision-7550
[runlim] time limit:		311040000 seconds
[runlim] real time limit:	600 seconds
[runlim] space limit:		14000 MB
[runlim] argv[0]:		python3
[runlim] argv[1]:		-u
[runlim] argv[2]:		main_no.py
[runlim] argv[3]:		scen08
[runlim] start:			Tue Mar 24 10:07:04 2026
[runlim] child:			33725
Building Gurobi model...
Set parameter WLSAccessID
Set parameter WLSSecret
Set parameter LicenseID to value 2663665
Academic license 2663665 - for non-commercial use only - registered to tu___@vnu.edu.vn
[runlim] sample:		9.95 time, 10.01 real, 425 MB, 1.57 load
[runlim] sample:		19.95 time, 20.01 real, 816 MB, 1.48 load
Build time used: 22.83 sec
Solving...
[runlim] sample:		33.94 time, 30.01 real, 1735 MB, 1.41 load
No solution found.
Total time used: 31.32 sec
Memory used: 1736.21 MB
[runlim] end:			Tue Mar 24 10:07:36 2026
[runlim] status:		ok
[runlim] result:		0
[runlim] children:		1
[runlim] processes:		2
[runlim] real:			31.97 seconds
[runlim] time:			35.85 seconds
[runlim] space:			2011 MB
[runlim] load:			1.67 maximum
[runlim] samples:		320
