[runlim] version:		2.0.0rc12
[runlim] host:			ap-Precision-7550
[runlim] time limit:		311040000 seconds
[runlim] real time limit:	600 seconds
[runlim] space limit:		14000 MB
[runlim] argv[0]:		python3
[runlim] argv[1]:		-u
[runlim] argv[2]:		main_no.py
[runlim] argv[3]:		scen02
[runlim] start:			Tue Mar 24 22:44:18 2026
[runlim] child:			66142
Building Gurobi model...
Set parameter WLSAccessID
Set parameter WLSSecret
Set parameter LicenseID to value 2663665
Academic license 2663665 - for non-commercial use only - registered to tu___@vnu.edu.vn
Build time used: 1.46 sec
Solving...
{13: 268, 14: 30, 15: 694, 16: 456, 53: 86, 54: 324, 79: 142, 80: 380, 81: 44, 82: 282, 83: 722, 84: 484, 85: 128, 86: 366, 127: 764, 128: 526, 129: 58, 130: 296, 143: 352, 144: 114, 145: 512, 146: 750, 205: 86, 206: 324, 233: 512, 234: 750, 235: 540, 236: 778, 237: 100, 238: 338, 261: 30, 262: 268, 263: 736, 264: 498, 265: 142, 266: 380, 267: 72, 268: 310, 269: 540, 270: 778, 271: 540, 272: 778, 273: 268, 274: 30, 275: 282, 276: 44, 277: 442, 278: 680, 281: 498, 282: 736, 283: 540, 284: 778, 289: 338, 290: 100, 291: 282, 292: 44, 303: 666, 304: 428, 305: 58, 306: 296, 321: 366, 322: 128, 323: 722, 324: 484, 325: 694, 326: 456, 327: 58, 328: 296, 329: 778, 330: 540, 341: 764, 342: 526, 343: 268, 344: 30, 349: 694, 350: 456, 351: 442, 352: 680, 435: 736, 436: 498, 475: 366, 476: 128, 481: 722, 482: 484, 517: 778, 518: 540, 519: 58, 520: 296, 555: 750, 556: 512, 557: 338, 558: 100, 559: 442, 560: 680, 561: 778, 562: 540, 565: 142, 566: 380, 577: 736, 578: 498, 579: 58, 580: 296, 583: 708, 584: 470, 585: 708, 586: 470, 587: 296, 588: 58, 589: 86, 590: 324, 591: 666, 592: 428, 593: 380, 594: 142, 595: 778, 596: 540, 597: 442, 598: 680, 599: 352, 600: 114, 601: 30, 602: 268, 603: 764, 604: 526, 605: 666, 606: 428, 607: 324, 608: 86, 613: 268, 614: 30, 615: 268, 616: 30, 617: 750, 618: 512, 621: 366, 622: 128, 625: 470, 626: 708, 629: 708, 630: 470, 631: 100, 632: 338, 633: 764, 634: 526, 635: 694, 636: 456, 645: 30, 646: 268, 651: 366, 652: 128, 661: 750, 662: 512, 663: 352, 664: 114, 665: 44, 666: 282, 667: 778, 668: 540, 713: 442, 714: 680, 717: 282, 718: 44, 719: 142, 720: 380, 721: 428, 722: 666, 723: 512, 724: 750, 743: 778, 744: 540, 745: 526, 746: 764, 747: 86, 748: 324, 763: 442, 764: 680, 765: 414, 766: 652, 767: 778, 768: 540, 785: 394, 786: 156, 787: 428, 788: 666, 789: 324, 790: 86, 791: 694, 792: 456, 793: 72, 794: 310, 795: 498, 796: 736, 797: 722, 798: 484, 799: 470, 800: 708, 801: 484, 802: 722, 879: 268, 880: 30}

Number of labels used: 40
Total time used: 1.49 sec
Memory used: 108.64 MB
================================
{13: 428, 14: 666, 15: 442, 16: 680, 53: 380, 54: 142, 79: 268, 80: 30, 81: 142, 82: 380, 83: 778, 84: 540, 85: 268, 86: 30, 127: 778, 128: 540, 129: 30, 130: 268, 143: 114, 144: 352, 145: 114, 146: 352, 205: 380, 206: 142, 233: 666, 234: 428, 235: 268, 236: 30, 237: 666, 238: 428, 261: 268, 262: 30, 263: 142, 264: 380, 265: 380, 266: 142, 267: 30, 268: 268, 269: 268, 270: 30, 271: 268, 272: 30, 273: 428, 274: 666, 275: 428, 276: 666, 277: 268, 278: 30, 281: 666, 282: 428, 283: 142, 284: 380, 289: 380, 290: 142, 291: 778, 292: 540, 303: 540, 304: 778, 305: 268, 306: 30, 321: 428, 322: 666, 323: 540, 324: 778, 325: 540, 326: 778, 327: 268, 328: 30, 329: 380, 330: 142, 341: 428, 342: 666, 343: 428, 344: 666, 349: 540, 350: 778, 351: 778, 352: 540, 435: 380, 436: 142, 475: 268, 476: 30, 481: 540, 482: 778, 517: 380, 518: 142, 519: 268, 520: 30, 555: 114, 556: 352, 557: 380, 558: 142, 559: 666, 560: 428, 561: 380, 562: 142, 565: 268, 566: 30, 577: 778, 578: 540, 579: 268, 580: 30, 583: 540, 584: 778, 585: 142, 586: 380, 587: 428, 588: 666, 589: 380, 590: 142, 591: 296, 592: 58, 593: 30, 594: 268, 595: 268, 596: 30, 597: 680, 598: 442, 599: 30, 600: 268, 601: 380, 602: 142, 603: 778, 604: 540, 605: 268, 606: 30, 607: 380, 608: 142, 613: 352, 614: 114, 615: 268, 616: 30, 617: 428, 618: 666, 621: 540, 622: 778, 625: 58, 626: 296, 629: 142, 630: 380, 631: 778, 632: 540, 633: 428, 634: 666, 635: 778, 636: 540, 645: 58, 646: 296, 651: 380, 652: 142, 661: 778, 662: 540, 663: 540, 664: 778, 665: 792, 666: 554, 667: 380, 668: 142, 713: 268, 714: 30, 717: 428, 718: 666, 719: 282, 720: 44, 721: 778, 722: 540, 723: 114, 724: 352, 743: 296, 744: 58, 745: 540, 746: 778, 747: 428, 748: 666, 763: 428, 764: 666, 765: 652, 766: 414, 767: 58, 768: 296, 785: 666, 786: 428, 787: 30, 788: 268, 789: 778, 790: 540, 791: 380, 792: 142, 793: 30, 794: 268, 795: 540, 796: 778, 797: 30, 798: 268, 799: 380, 800: 142, 801: 30, 802: 268, 879: 540, 880: 778}

Number of labels used: 20
Total time used: 5.07 sec
Memory used: 282.75 MB
================================
{13: 380, 14: 142, 15: 380, 16: 142, 53: 380, 54: 142, 79: 268, 80: 30, 81: 142, 82: 380, 83: 778, 84: 540, 85: 442, 86: 680, 127: 778, 128: 540, 129: 30, 130: 268, 143: 142, 144: 380, 145: 142, 146: 380, 205: 380, 206: 142, 233: 142, 234: 380, 235: 268, 236: 30, 237: 666, 238: 428, 261: 268, 262: 30, 263: 380, 264: 142, 265: 30, 266: 268, 267: 380, 268: 142, 269: 268, 270: 30, 271: 268, 272: 30, 273: 778, 274: 540, 275: 778, 276: 540, 277: 268, 278: 30, 281: 666, 282: 428, 283: 114, 284: 352, 289: 380, 290: 142, 291: 778, 292: 540, 303: 540, 304: 778, 305: 268, 306: 30, 321: 428, 322: 666, 323: 540, 324: 778, 325: 540, 326: 778, 327: 268, 328: 30, 329: 380, 330: 142, 341: 428, 342: 666, 343: 428, 344: 666, 349: 540, 350: 778, 351: 778, 352: 540, 435: 380, 436: 142, 475: 268, 476: 30, 481: 540, 482: 778, 517: 380, 518: 142, 519: 268, 520: 30, 555: 694, 556: 456, 557: 456, 558: 694, 559: 694, 560: 456, 561: 694, 562: 456, 565: 30, 566: 268, 577: 778, 578: 540, 579: 268, 580: 30, 583: 58, 584: 296, 585: 142, 586: 380, 587: 680, 588: 442, 589: 380, 590: 142, 591: 296, 592: 58, 593: 380, 594: 142, 595: 268, 596: 30, 597: 778, 598: 540, 599: 442, 600: 680, 601: 380, 602: 142, 603: 778, 604: 540, 605: 268, 606: 30, 607: 380, 608: 142, 613: 30, 614: 268, 615: 268, 616: 30, 617: 114, 618: 352, 621: 540, 622: 778, 625: 58, 626: 296, 629: 142, 630: 380, 631: 666, 632: 428, 633: 268, 634: 30, 635: 778, 636: 540, 645: 58, 646: 296, 651: 380, 652: 142, 661: 778, 662: 540, 663: 540, 664: 778, 665: 296, 666: 58, 667: 380, 668: 142, 713: 268, 714: 30, 717: 778, 718: 540, 719: 352, 720: 114, 721: 694, 722: 456, 723: 142, 724: 380, 743: 296, 744: 58, 745: 540, 746: 778, 747: 428, 748: 666, 763: 694, 764: 456, 765: 694, 766: 456, 767: 484, 768: 722, 785: 428, 786: 666, 787: 30, 788: 268, 789: 778, 790: 540, 791: 380, 792: 142, 793: 268, 794: 30, 795: 540, 796: 778, 797: 30, 798: 268, 799: 380, 800: 142, 801: 30, 802: 268, 879: 540, 880: 778}

Number of labels used: 18
Total time used: 5.15 sec
Memory used: 287.18 MB
================================
{13: 380, 14: 142, 15: 380, 16: 142, 53: 380, 54: 142, 79: 268, 80: 30, 81: 142, 82: 380, 83: 778, 84: 540, 85: 442, 86: 680, 127: 778, 128: 540, 129: 30, 130: 268, 143: 142, 144: 380, 145: 142, 146: 380, 205: 380, 206: 142, 233: 142, 234: 380, 235: 268, 236: 30, 237: 666, 238: 428, 261: 268, 262: 30, 263: 380, 264: 142, 265: 30, 266: 268, 267: 380, 268: 142, 269: 268, 270: 30, 271: 268, 272: 30, 273: 778, 274: 540, 275: 778, 276: 540, 277: 268, 278: 30, 281: 666, 282: 428, 283: 778, 284: 540, 289: 380, 290: 142, 291: 778, 292: 540, 303: 540, 304: 778, 305: 268, 306: 30, 321: 428, 322: 666, 323: 540, 324: 778, 325: 540, 326: 778, 327: 268, 328: 30, 329: 380, 330: 142, 341: 428, 342: 666, 343: 428, 344: 666, 349: 540, 350: 778, 351: 778, 352: 540, 435: 380, 436: 142, 475: 268, 476: 30, 481: 540, 482: 778, 517: 380, 518: 142, 519: 268, 520: 30, 555: 694, 556: 456, 557: 456, 558: 694, 559: 694, 560: 456, 561: 694, 562: 456, 565: 30, 566: 268, 577: 778, 578: 540, 579: 268, 580: 30, 583: 58, 584: 296, 585: 142, 586: 380, 587: 680, 588: 442, 589: 380, 590: 142, 591: 296, 592: 58, 593: 380, 594: 142, 595: 268, 596: 30, 597: 778, 598: 540, 599: 442, 600: 680, 601: 380, 602: 142, 603: 778, 604: 540, 605: 268, 606: 30, 607: 380, 608: 142, 613: 30, 614: 268, 615: 268, 616: 30, 617: 428, 618: 666, 621: 540, 622: 778, 625: 58, 626: 296, 629: 142, 630: 380, 631: 296, 632: 58, 633: 268, 634: 30, 635: 778, 636: 540, 645: 58, 646: 296, 651: 380, 652: 142, 661: 778, 662: 540, 663: 540, 664: 778, 665: 296, 666: 58, 667: 380, 668: 142, 713: 268, 714: 30, 717: 778, 718: 540, 719: 428, 720: 666, 721: 694, 722: 456, 723: 142, 724: 380, 743: 296, 744: 58, 745: 540, 746: 778, 747: 380, 748: 142, 763: 694, 764: 456, 765: 694, 766: 456, 767: 484, 768: 722, 785: 428, 786: 666, 787: 30, 788: 268, 789: 778, 790: 540, 791: 380, 792: 142, 793: 268, 794: 30, 795: 540, 796: 778, 797: 30, 798: 268, 799: 380, 800: 142, 801: 30, 802: 268, 879: 540, 880: 778}

Number of labels used: 16
Total time used: 5.16 sec
Memory used: 287.49 MB
================================
{13: 666, 14: 428, 15: 666, 16: 428, 53: 380, 54: 142, 79: 268, 80: 30, 81: 142, 82: 380, 83: 778, 84: 540, 85: 268, 86: 30, 127: 778, 128: 540, 129: 30, 130: 268, 143: 142, 144: 380, 145: 142, 146: 380, 205: 380, 206: 142, 233: 142, 234: 380, 235: 268, 236: 30, 237: 666, 238: 428, 261: 268, 262: 30, 263: 380, 264: 142, 265: 30, 266: 268, 267: 380, 268: 142, 269: 268, 270: 30, 271: 268, 272: 30, 273: 778, 274: 540, 275: 778, 276: 540, 277: 268, 278: 30, 281: 666, 282: 428, 283: 778, 284: 540, 289: 380, 290: 142, 291: 778, 292: 540, 303: 540, 304: 778, 305: 268, 306: 30, 321: 142, 322: 380, 323: 778, 324: 540, 325: 540, 326: 778, 327: 268, 328: 30, 329: 380, 330: 142, 341: 428, 342: 666, 343: 428, 344: 666, 349: 540, 350: 778, 351: 778, 352: 540, 435: 380, 436: 142, 475: 268, 476: 30, 481: 540, 482: 778, 517: 380, 518: 142, 519: 268, 520: 30, 555: 694, 556: 456, 557: 694, 558: 456, 559: 694, 560: 456, 561: 694, 562: 456, 565: 30, 566: 268, 577: 778, 578: 540, 579: 268, 580: 30, 583: 58, 584: 296, 585: 142, 586: 380, 587: 428, 588: 666, 589: 380, 590: 142, 591: 296, 592: 58, 593: 30, 594: 268, 595: 268, 596: 30, 597: 778, 598: 540, 599: 30, 600: 268, 601: 380, 602: 142, 603: 778, 604: 540, 605: 268, 606: 30, 607: 380, 608: 142, 613: 142, 614: 380, 615: 268, 616: 30, 617: 428, 618: 666, 621: 540, 622: 778, 625: 58, 626: 296, 629: 142, 630: 380, 631: 666, 632: 428, 633: 268, 634: 30, 635: 778, 636: 540, 645: 58, 646: 296, 651: 380, 652: 142, 661: 778, 662: 540, 663: 540, 664: 778, 665: 296, 666: 58, 667: 380, 668: 142, 713: 268, 714: 30, 717: 778, 718: 540, 719: 428, 720: 666, 721: 694, 722: 456, 723: 142, 724: 380, 743: 296, 744: 58, 745: 540, 746: 778, 747: 428, 748: 666, 763: 694, 764: 456, 765: 694, 766: 456, 767: 722, 768: 484, 785: 666, 786: 428, 787: 30, 788: 268, 789: 778, 790: 540, 791: 380, 792: 142, 793: 268, 794: 30, 795: 540, 796: 778, 797: 30, 798: 268, 799: 380, 800: 142, 801: 30, 802: 268, 879: 540, 880: 778}

Number of labels used: 14
Total time used: 5.17 sec
Memory used: 289.98 MB
================================
[runlim] sample:		29.44 time, 10.01 real, 408 MB, 3.02 load
[runlim] end:			Tue Mar 24 22:44:36 2026
[runlim] status:		ok
[runlim] result:		0
[runlim] children:		1
[runlim] processes:		2
[runlim] real:			17.54 seconds
[runlim] time:			57.17 seconds
[runlim] space:			484 MB
[runlim] load:			3.10 maximum
[runlim] samples:		176
