[runlim] version:		2.0.0rc12
[runlim] host:			ap-Precision-7550
[runlim] time limit:		311040000 seconds
[runlim] real time limit:	600 seconds
[runlim] space limit:		14000 MB
[runlim] argv[0]:		python3
[runlim] argv[1]:		-u
[runlim] argv[2]:		main_no.py
[runlim] argv[3]:		scen05
[runlim] start:			Tue Mar 24 23:07:53 2026
[runlim] child:			66303
Building Gurobi model...
Set parameter WLSAccessID
Set parameter WLSSecret
Set parameter LicenseID to value 2663665
Academic license 2663665 - for non-commercial use only - registered to tu___@vnu.edu.vn
[runlim] sample:		10.00 time, 10.01 real, 433 MB, 1.26 load
Build time used: 10.57 sec
Solving...
No solution found.
Total time used: 14.24 sec
Memory used: 842.79 MB
[runlim] end:			Tue Mar 24 23:08:08 2026
[runlim] status:		ok
[runlim] result:		0
[runlim] children:		1
[runlim] processes:		2
[runlim] real:			14.58 seconds
[runlim] time:			18.47 seconds
[runlim] space:			963 MB
[runlim] load:			1.72 maximum
[runlim] samples:		146
