[runlim] version:		2.0.0rc12
[runlim] host:			ap-Precision-7550
[runlim] time limit:		311040000 seconds
[runlim] real time limit:	600 seconds
[runlim] space limit:		14000 MB
[runlim] argv[0]:		python3
[runlim] argv[1]:		-u
[runlim] argv[2]:		main_no.py
[runlim] argv[3]:		TUD200.5
[runlim] start:			Tue Mar 24 23:09:11 2026
[runlim] child:			66366
Building Gurobi model...
Set parameter WLSAccessID
Set parameter WLSSecret
Set parameter LicenseID to value 2663665
Academic license 2663665 - for non-commercial use only - registered to tu___@vnu.edu.vn
Build time used: 4.08 sec
Solving...
No solution found.
Total time used: 4.55 sec
Memory used: 252.23 MB
[runlim] end:			Tue Mar 24 23:09:16 2026
[runlim] status:		ok
[runlim] result:		0
[runlim] children:		1
[runlim] processes:		2
[runlim] real:			4.71 seconds
[runlim] time:			4.70 seconds
[runlim] space:			372 MB
[runlim] load:			1.40 maximum
[runlim] samples:		48
