[runlim] version:		2.0.0rc12
[runlim] host:			ap-Precision-7550
[runlim] time limit:		311040000 seconds
[runlim] real time limit:	600 seconds
[runlim] space limit:		14000 MB
[runlim] argv[0]:		python3
[runlim] argv[1]:		-u
[runlim] argv[2]:		main_no.py
[runlim] argv[3]:		TUD916.4
[runlim] start:			Tue Mar 24 23:09:51 2026
[runlim] child:			66383
Building Gurobi model...
Set parameter WLSAccessID
Set parameter WLSSecret
Set parameter LicenseID to value 2663665
Academic license 2663665 - for non-commercial use only - registered to tu___@vnu.edu.vn
[runlim] sample:		10.00 time, 10.01 real, 437 MB, 1.33 load
Build time used: 15.85 sec
Solving...
No solution found.
Total time used: 17.73 sec
Memory used: 927.98 MB
[runlim] end:			Tue Mar 24 23:10:10 2026
[runlim] status:		ok
[runlim] result:		0
[runlim] children:		1
[runlim] processes:		2
[runlim] real:			18.20 seconds
[runlim] time:			18.11 seconds
[runlim] space:			1440 MB
[runlim] load:			1.38 maximum
[runlim] samples:		182
