[runlim] version:		2.0.0rc12
[runlim] host:			ap-Precision-7550
[runlim] time limit:		311040000 seconds
[runlim] real time limit:	600 seconds
[runlim] space limit:		14000 MB
[runlim] argv[0]:		python3
[runlim] argv[1]:		-u
[runlim] argv[2]:		mip_no.py
[runlim] argv[3]:		graph07
[runlim] start:			Tue Mar 24 12:13:37 2026
[runlim] child:			34454
Building MIP model...
Build time: 5.83s
Solving MIP (minimizing number of labels)...
Version identifier: 22.1.1.0 | 2022-11-28 | 9160aff4d
CPXPARAM_Read_DataCheck                          1
Legacy callback                                  i
Infeasibility row 'c57':  0  = 1.
Presolve time = 0.01 sec. (10.20 ticks)

Root node processing (before b&c):
  Real time             =    0.02 sec. (18.58 ticks)
Parallel b&c, 12 threads:
  Real time             =    0.00 sec. (0.00 ticks)
  Sync time (average)   =    0.00 sec.
  Wait time (average)   =    0.00 sec.
                          ------------
Total (root+branch&cut) =    0.02 sec. (18.58 ticks)
CPLEX Error  1217: No solution exists.
No solution found.
Total time: 5.86s
Memory used: 31.79 MB
[runlim] end:			Tue Mar 24 12:13:42 2026
[runlim] status:		ok
[runlim] result:		0
[runlim] children:		1
[runlim] processes:		2
[runlim] real:			5.91 seconds
[runlim] time:			5.89 seconds
[runlim] space:			28 MB
[runlim] load:			1.45 maximum
[runlim] samples:		60
