[runlim] version:		2.0.0rc12
[runlim] host:			ap-Precision-7550
[runlim] time limit:		311040000 seconds
[runlim] real time limit:	600 seconds
[runlim] space limit:		14000 MB
[runlim] argv[0]:		python3
[runlim] argv[1]:		-u
[runlim] argv[2]:		mip_no.py
[runlim] argv[3]:		scen03
[runlim] start:			Tue Mar 24 11:20:42 2026
[runlim] child:			34172
Building MIP model...
[runlim] sample:		10.00 time, 10.01 real, 32 MB, 8.68 load
[runlim] sample:		19.99 time, 20.01 real, 35 MB, 7.50 load
[runlim] sample:		29.99 time, 30.01 real, 36 MB, 6.50 load
[runlim] sample:		39.99 time, 40.01 real, 38 MB, 5.65 load
[runlim] sample:		49.98 time, 50.01 real, 39 MB, 4.94 load
[runlim] sample:		59.98 time, 60.01 real, 41 MB, 4.41 load
[runlim] sample:		69.98 time, 70.01 real, 44 MB, 3.89 load
[runlim] sample:		79.98 time, 80.01 real, 45 MB, 3.44 load
Build time: 88.50s
Solving MIP (minimizing number of labels)...
Version identifier: 22.1.1.0 | 2022-11-28 | 9160aff4d
CPXPARAM_Read_DataCheck                          1
Legacy callback                                  i
Tried aggregator 2 times.
[runlim] sample:		90.80 time, 90.01 real, 202 MB, 3.07 load
MIP Presolve eliminated 348434 rows and 0 columns.
MIP Presolve modified 48227 coefficients.
Aggregator did 1 substitutions.
Reduced MIP has 56798 rows, 15939 columns, and 474116 nonzeros.
Reduced MIP has 15939 binaries, 0 generals, 0 SOSs, and 0 indicators.
Presolve time = 1.48 sec. (1607.25 ticks)
Found incumbent of value 48.000000 after 2.20 sec. (2531.24 ticks)
Probing changed sense of 7946 constraints.
Probing time = 0.08 sec. (21.89 ticks)
Tried aggregator 1 time.
MIP Presolve eliminated 21805 rows and 7962 columns.
MIP Presolve modified 25671 coefficients.
Reduced MIP has 34993 rows, 7977 columns, and 399253 nonzeros.
Reduced MIP has 7977 binaries, 0 generals, 0 SOSs, and 0 indicators.
Presolve time = 1.58 sec. (1673.85 ticks)
Probing time = 0.02 sec. (4.10 ticks)
Tried aggregator 2 times.
Detecting symmetries...
MIP Presolve eliminated 1 rows and 0 columns.
Aggregator did 2 substitutions.
Reduced MIP has 34990 rows, 7974 columns, and 399247 nonzeros.
Reduced MIP has 7974 binaries, 0 generals, 0 SOSs, and 0 indicators.
Presolve time = 0.50 sec. (548.03 ticks)
Probing time = 0.02 sec. (4.11 ticks)
Clique table members: 34989.
MIP emphasis: balance optimality and feasibility.
MIP search method: dynamic search.
Parallel mode: deterministic, using up to 12 threads.
Root relaxation solution time = 4.47 sec. (1907.19 ticks)

        Nodes                                         Cuts/
   Node  Left     Objective  IInf  Best Integer    Best Bound    ItCnt     Gap

*     0+    0                           48.0000        0.0000           100.00%
*     0+    0                           20.0000        0.0000           100.00%
*     0+    0                           18.0000        0.0000           100.00%
      0     0       12.0000  1532       18.0000       12.0000       21   33.33%

========== NEW INCUMBENT SOLUTION ==========
{13: 338, 14: 100, 15: 338, 16: 100, 23: 58, 24: 296, 49: 58, 50: 296, 51: 484, 52: 722, 53: 100, 54: 338, 67: 338, 68: 100, 69: 722, 70: 484, 79: 58, 80: 296, 81: 100, 82: 338, 83: 254, 84: 16, 85: 338, 86: 100, 103: 484, 104: 722, 105: 100, 106: 338, 117: 652, 118: 414, 119: 254, 120: 16, 127: 338, 128: 100, 129: 16, 130: 254, 143: 694, 144: 456, 145: 296, 146: 58, 151: 380, 152: 142, 153: 652, 154: 414, 155: 16, 156: 254, 157: 484, 158: 722, 179: 268, 180: 30, 181: 268, 182: 30, 183: 694, 184: 456, 191: 338, 192: 100, 193: 268, 194: 30, 205: 380, 206: 142, 209: 296, 210: 58, 211: 484, 212: 722, 213: 16, 214: 254, 215: 16, 216: 254, 217: 722, 218: 484, 233: 722, 234: 484, 235: 694, 236: 456, 237: 30, 238: 268, 261: 58, 262: 296, 263: 484, 264: 722, 265: 484, 266: 722, 267: 100, 268: 338, 269: 16, 270: 254, 271: 16, 272: 254, 273: 484, 274: 722, 275: 484, 276: 722, 277: 652, 278: 414, 281: 338, 282: 100, 283: 722, 284: 484, 285: 16, 286: 254, 287: 338, 288: 100, 289: 58, 290: 296, 291: 484, 292: 722, 293: 380, 294: 142, 295: 254, 296: 16, 299: 792, 300: 554, 301: 694, 302: 456, 303: 722, 304: 484, 305: 380, 306: 142, 307: 268, 308: 30, 309: 338, 310: 100, 311: 484, 312: 722, 313: 16, 314: 254, 321: 338, 322: 100, 323: 338, 324: 100, 325: 652, 326: 414, 327: 554, 328: 792, 329: 296, 330: 58, 339: 338, 340: 100, 341: 100, 342: 338, 343: 100, 344: 338, 345: 694, 346: 456, 347: 296, 348: 58, 349: 338, 350: 100, 351: 100, 352: 338, 355: 484, 356: 722, 357: 338, 358: 100, 359: 338, 360: 100, 361: 484, 362: 722, 363: 694, 364: 456, 365: 58, 366: 296, 367: 268, 368: 30, 369: 484, 370: 722, 371: 268, 372: 30, 375: 456, 376: 694, 377: 142, 378: 380, 383: 722, 384: 484, 387: 338, 388: 100, 397: 414, 398: 652, 401: 100, 402: 338, 405: 100, 406: 338, 435: 338, 436: 100, 439: 16, 440: 254, 449: 722, 450: 484, 471: 296, 472: 58, 475: 268, 476: 30, 477: 296, 478: 58, 481: 296, 482: 58, 491: 100, 492: 338, 493: 484, 494: 722, 495: 100, 496: 338, 517: 268, 518: 30, 519: 100, 520: 338, 525: 484, 526: 722, 533: 456, 534: 694, 535: 16, 536: 254, 547: 296, 548: 58, 555: 268, 556: 30, 557: 380, 558: 142, 559: 380, 560: 142, 561: 484, 562: 722, 563: 142, 564: 380, 565: 30, 566: 268, 573: 484, 574: 722, 575: 484, 576: 722, 577: 722, 578: 484, 579: 254, 580: 16, 581: 722, 582: 484, 583: 296, 584: 58, 585: 254, 586: 16, 587: 100, 588: 338, 589: 58, 590: 296, 591: 268, 592: 30, 593: 338, 594: 100, 595: 484, 596: 722, 597: 456, 598: 694, 599: 268, 600: 30, 601: 100, 602: 338, 603: 456, 604: 694, 605: 338, 606: 100, 607: 694, 608: 456, 613: 484, 614: 722, 615: 484, 616: 722, 617: 338, 618: 100, 619: 338, 620: 100, 621: 296, 622: 58, 623: 694, 624: 456, 625: 100, 626: 338, 629: 58, 630: 296, 631: 30, 632: 268, 633: 694, 634: 456, 635: 722, 636: 484, 637: 296, 638: 58, 639: 338, 640: 100, 641: 338, 642: 100, 643: 268, 644: 30, 645: 58, 646: 296, 651: 58, 652: 296, 653: 414, 654: 652, 661: 100, 662: 338, 663: 338, 664: 100, 665: 58, 666: 296, 667: 792, 668: 554, 671: 58, 672: 296, 713: 652, 714: 414, 715: 484, 716: 722, 717: 100, 718: 338, 719: 484, 720: 722, 721: 254, 722: 16, 723: 296, 724: 58, 725: 100, 726: 338, 727: 100, 728: 338, 733: 30, 734: 268, 741: 554, 742: 792, 743: 268, 744: 30, 745: 58, 746: 296, 747: 694, 748: 456, 757: 100, 758: 338, 759: 296, 760: 58, 763: 338, 764: 100, 765: 58, 766: 296, 767: 414, 768: 652, 769: 484, 770: 722, 771: 254, 772: 16, 773: 100, 774: 338, 783: 484, 784: 722, 785: 268, 786: 30, 787: 484, 788: 722, 789: 100, 790: 338, 791: 268, 792: 30, 793: 100, 794: 338, 795: 30, 796: 268, 797: 484, 798: 722, 799: 100, 800: 338, 801: 142, 802: 380, 815: 484, 816: 722, 817: 100, 818: 338, 825: 484, 826: 722, 827: 100, 828: 338, 829: 296, 830: 58, 835: 30, 836: 268, 837: 100, 838: 338, 867: 694, 868: 456, 875: 338, 876: 100, 877: 484, 878: 722, 879: 296, 880: 58, 881: 296, 882: 58, 893: 296, 894: 58, 903: 484, 904: 722, 911: 296, 912: 58}
Number of labels used: 18
Total time: 97.55 sec
Memory: 441.52 MB
=============================================

========== NEW INCUMBENT SOLUTION ==========
{13: 338, 14: 100, 15: 338, 16: 100, 23: 58, 24: 296, 49: 58, 50: 296, 51: 484, 52: 722, 53: 100, 54: 338, 67: 338, 68: 100, 69: 722, 70: 484, 79: 58, 80: 296, 81: 100, 82: 338, 83: 254, 84: 16, 85: 338, 86: 100, 103: 484, 104: 722, 105: 100, 106: 338, 117: 652, 118: 414, 119: 254, 120: 16, 127: 338, 128: 100, 129: 16, 130: 254, 143: 694, 144: 456, 145: 296, 146: 58, 151: 380, 152: 142, 153: 652, 154: 414, 155: 16, 156: 254, 157: 484, 158: 722, 179: 268, 180: 30, 181: 268, 182: 30, 183: 694, 184: 456, 191: 338, 192: 100, 193: 268, 194: 30, 205: 380, 206: 142, 209: 296, 210: 58, 211: 484, 212: 722, 213: 16, 214: 254, 215: 16, 216: 254, 217: 722, 218: 484, 233: 722, 234: 484, 235: 694, 236: 456, 237: 30, 238: 268, 261: 58, 262: 296, 263: 484, 264: 722, 265: 484, 266: 722, 267: 100, 268: 338, 269: 16, 270: 254, 271: 16, 272: 254, 273: 484, 274: 722, 275: 484, 276: 722, 277: 652, 278: 414, 281: 338, 282: 100, 283: 722, 284: 484, 285: 16, 286: 254, 287: 338, 288: 100, 289: 58, 290: 296, 291: 484, 292: 722, 293: 380, 294: 142, 295: 254, 296: 16, 299: 792, 300: 554, 301: 694, 302: 456, 303: 722, 304: 484, 305: 380, 306: 142, 307: 268, 308: 30, 309: 338, 310: 100, 311: 484, 312: 722, 313: 16, 314: 254, 321: 338, 322: 100, 323: 338, 324: 100, 325: 652, 326: 414, 327: 554, 328: 792, 329: 296, 330: 58, 339: 338, 340: 100, 341: 100, 342: 338, 343: 100, 344: 338, 345: 694, 346: 456, 347: 296, 348: 58, 349: 338, 350: 100, 351: 100, 352: 338, 355: 484, 356: 722, 357: 338, 358: 100, 359: 338, 360: 100, 361: 484, 362: 722, 363: 694, 364: 456, 365: 58, 366: 296, 367: 268, 368: 30, 369: 484, 370: 722, 371: 268, 372: 30, 375: 456, 376: 694, 377: 142, 378: 380, 383: 722, 384: 484, 387: 338, 388: 100, 397: 414, 398: 652, 401: 100, 402: 338, 405: 100, 406: 338, 435: 338, 436: 100, 439: 16, 440: 254, 449: 722, 450: 484, 471: 296, 472: 58, 475: 268, 476: 30, 477: 296, 478: 58, 481: 296, 482: 58, 491: 100, 492: 338, 493: 484, 494: 722, 495: 100, 496: 338, 517: 268, 518: 30, 519: 100, 520: 338, 525: 484, 526: 722, 533: 456, 534: 694, 535: 16, 536: 254, 547: 296, 548: 58, 555: 268, 556: 30, 557: 380, 558: 142, 559: 380, 560: 142, 561: 484, 562: 722, 563: 142, 564: 380, 565: 30, 566: 268, 573: 484, 574: 722, 575: 484, 576: 722, 577: 722, 578: 484, 579: 254, 580: 16, 581: 722, 582: 484, 583: 296, 584: 58, 585: 254, 586: 16, 587: 100, 588: 338, 589: 58, 590: 296, 591: 268, 592: 30, 593: 338, 594: 100, 595: 484, 596: 722, 597: 456, 598: 694, 599: 268, 600: 30, 601: 100, 602: 338, 603: 456, 604: 694, 605: 338, 606: 100, 607: 694, 608: 456, 613: 484, 614: 722, 615: 484, 616: 722, 617: 338, 618: 100, 619: 338, 620: 100, 621: 296, 622: 58, 623: 694, 624: 456, 625: 100, 626: 338, 629: 58, 630: 296, 631: 30, 632: 268, 633: 694, 634: 456, 635: 722, 636: 484, 637: 296, 638: 58, 639: 338, 640: 100, 641: 338, 642: 100, 643: 268, 644: 30, 645: 58, 646: 296, 651: 58, 652: 296, 653: 414, 654: 652, 661: 100, 662: 338, 663: 338, 664: 100, 665: 58, 666: 296, 667: 792, 668: 554, 671: 58, 672: 296, 713: 652, 714: 414, 715: 484, 716: 722, 717: 100, 718: 338, 719: 484, 720: 722, 721: 254, 722: 16, 723: 296, 724: 58, 725: 100, 726: 338, 727: 100, 728: 338, 733: 30, 734: 268, 741: 554, 742: 792, 743: 268, 744: 30, 745: 58, 746: 296, 747: 694, 748: 456, 757: 100, 758: 338, 759: 296, 760: 58, 763: 338, 764: 100, 765: 58, 766: 296, 767: 414, 768: 652, 769: 484, 770: 722, 771: 254, 772: 16, 773: 100, 774: 338, 783: 484, 784: 722, 785: 268, 786: 30, 787: 484, 788: 722, 789: 100, 790: 338, 791: 268, 792: 30, 793: 100, 794: 338, 795: 30, 796: 268, 797: 484, 798: 722, 799: 100, 800: 338, 801: 142, 802: 380, 815: 484, 816: 722, 817: 100, 818: 338, 825: 484, 826: 722, 827: 100, 828: 338, 829: 296, 830: 58, 835: 30, 836: 268, 837: 100, 838: 338, 867: 694, 868: 456, 875: 338, 876: 100, 877: 484, 878: 722, 879: 296, 880: 58, 881: 296, 882: 58, 893: 296, 894: 58, 903: 484, 904: 722, 911: 296, 912: 58}
Number of labels used: 18
Total time: 97.55 sec
Memory: 441.55 MB
=============================================
[runlim] sample:		122.31 time, 100.01 real, 472 MB, 3.14 load
[runlim] sample:		142.30 time, 110.01 real, 505 MB, 3.04 load
[runlim] sample:		162.29 time, 120.01 real, 515 MB, 2.88 load
[runlim] sample:		182.29 time, 130.01 real, 515 MB, 2.74 load
[runlim] sample:		202.29 time, 140.01 real, 517 MB, 2.63 load
[runlim] sample:		222.28 time, 150.01 real, 517 MB, 2.53 load
[runlim] sample:		242.28 time, 160.01 real, 517 MB, 2.45 load
[runlim] sample:		262.27 time, 170.01 real, 517 MB, 2.38 load
[runlim] sample:		282.27 time, 180.01 real, 517 MB, 2.40 load
[runlim] sample:		302.27 time, 190.01 real, 517 MB, 2.33 load
[runlim] sample:		322.26 time, 200.01 real, 517 MB, 2.28 load
[runlim] sample:		342.26 time, 210.01 real, 517 MB, 2.24 load
[runlim] sample:		362.26 time, 220.01 real, 517 MB, 2.20 load
[runlim] sample:		382.25 time, 230.01 real, 517 MB, 2.17 load
[runlim] sample:		402.25 time, 240.01 real, 517 MB, 2.14 load
[runlim] sample:		422.25 time, 250.01 real, 517 MB, 2.12 load
[runlim] sample:		442.24 time, 260.01 real, 517 MB, 2.10 load
[runlim] sample:		462.24 time, 270.01 real, 517 MB, 2.09 load
[runlim] sample:		482.24 time, 280.01 real, 517 MB, 2.07 load
[runlim] sample:		502.23 time, 290.01 real, 517 MB, 2.06 load
[runlim] sample:		522.23 time, 300.01 real, 517 MB, 2.05 load
[runlim] sample:		542.22 time, 310.01 real, 517 MB, 2.04 load
[runlim] sample:		562.22 time, 320.01 real, 517 MB, 2.04 load
[runlim] sample:		582.21 time, 330.01 real, 517 MB, 2.03 load
[runlim] sample:		602.21 time, 340.01 real, 517 MB, 2.02 load
[runlim] sample:		622.21 time, 350.01 real, 517 MB, 2.02 load
[runlim] sample:		642.20 time, 360.01 real, 517 MB, 2.02 load

========== NEW INCUMBENT SOLUTION ==========
{13: 338, 14: 100, 15: 338, 16: 100, 23: 58, 24: 296, 49: 58, 50: 296, 51: 484, 52: 722, 53: 100, 54: 338, 67: 338, 68: 100, 69: 722, 70: 484, 79: 58, 80: 296, 81: 100, 82: 338, 83: 254, 84: 16, 85: 338, 86: 100, 103: 484, 104: 722, 105: 100, 106: 338, 117: 652, 118: 414, 119: 254, 120: 16, 127: 338, 128: 100, 129: 16, 130: 254, 143: 694, 144: 456, 145: 296, 146: 58, 151: 380, 152: 142, 153: 652, 154: 414, 155: 16, 156: 254, 157: 484, 158: 722, 179: 268, 180: 30, 181: 268, 182: 30, 183: 694, 184: 456, 191: 338, 192: 100, 193: 268, 194: 30, 205: 380, 206: 142, 209: 296, 210: 58, 211: 484, 212: 722, 213: 16, 214: 254, 215: 16, 216: 254, 217: 722, 218: 484, 233: 722, 234: 484, 235: 694, 236: 456, 237: 30, 238: 268, 261: 58, 262: 296, 263: 484, 264: 722, 265: 484, 266: 722, 267: 100, 268: 338, 269: 16, 270: 254, 271: 16, 272: 254, 273: 484, 274: 722, 275: 484, 276: 722, 277: 652, 278: 414, 281: 338, 282: 100, 283: 722, 284: 484, 285: 16, 286: 254, 287: 338, 288: 100, 289: 58, 290: 296, 291: 484, 292: 722, 293: 380, 294: 142, 295: 254, 296: 16, 299: 792, 300: 554, 301: 694, 302: 456, 303: 722, 304: 484, 305: 380, 306: 142, 307: 268, 308: 30, 309: 338, 310: 100, 311: 484, 312: 722, 313: 16, 314: 254, 321: 338, 322: 100, 323: 338, 324: 100, 325: 652, 326: 414, 327: 554, 328: 792, 329: 296, 330: 58, 339: 338, 340: 100, 341: 100, 342: 338, 343: 100, 344: 338, 345: 694, 346: 456, 347: 296, 348: 58, 349: 338, 350: 100, 351: 100, 352: 338, 355: 484, 356: 722, 357: 338, 358: 100, 359: 338, 360: 100, 361: 484, 362: 722, 363: 694, 364: 456, 365: 58, 366: 296, 367: 268, 368: 30, 369: 484, 370: 722, 371: 268, 372: 30, 375: 456, 376: 694, 377: 142, 378: 380, 383: 722, 384: 484, 387: 338, 388: 100, 397: 414, 398: 652, 401: 100, 402: 338, 405: 100, 406: 338, 435: 338, 436: 100, 439: 16, 440: 254, 449: 722, 450: 484, 471: 296, 472: 58, 475: 268, 476: 30, 477: 296, 478: 58, 481: 296, 482: 58, 491: 100, 492: 338, 493: 484, 494: 722, 495: 100, 496: 338, 517: 268, 518: 30, 519: 100, 520: 338, 525: 484, 526: 722, 533: 456, 534: 694, 535: 16, 536: 254, 547: 296, 548: 58, 555: 268, 556: 30, 557: 380, 558: 142, 559: 380, 560: 142, 561: 484, 562: 722, 563: 142, 564: 380, 565: 30, 566: 268, 573: 484, 574: 722, 575: 484, 576: 722, 577: 722, 578: 484, 579: 254, 580: 16, 581: 722, 582: 484, 583: 296, 584: 58, 585: 254, 586: 16, 587: 100, 588: 338, 589: 58, 590: 296, 591: 268, 592: 30, 593: 338, 594: 100, 595: 484, 596: 722, 597: 456, 598: 694, 599: 268, 600: 30, 601: 100, 602: 338, 603: 456, 604: 694, 605: 338, 606: 100, 607: 694, 608: 456, 613: 484, 614: 722, 615: 484, 616: 722, 617: 338, 618: 100, 619: 338, 620: 100, 621: 296, 622: 58, 623: 694, 624: 456, 625: 100, 626: 338, 629: 58, 630: 296, 631: 30, 632: 268, 633: 694, 634: 456, 635: 722, 636: 484, 637: 296, 638: 58, 639: 338, 640: 100, 641: 338, 642: 100, 643: 268, 644: 30, 645: 58, 646: 296, 651: 58, 652: 296, 653: 414, 654: 652, 661: 100, 662: 338, 663: 338, 664: 100, 665: 58, 666: 296, 667: 792, 668: 554, 671: 58, 672: 296, 713: 652, 714: 414, 715: 484, 716: 722, 717: 100, 718: 338, 719: 484, 720: 722, 721: 254, 722: 16, 723: 296, 724: 58, 725: 100, 726: 338, 727: 100, 728: 338, 733: 30, 734: 268, 741: 554, 742: 792, 743: 268, 744: 30, 745: 58, 746: 296, 747: 694, 748: 456, 757: 100, 758: 338, 759: 296, 760: 58, 763: 338, 764: 100, 765: 58, 766: 296, 767: 414, 768: 652, 769: 484, 770: 722, 771: 254, 772: 16, 773: 100, 774: 338, 783: 484, 784: 722, 785: 268, 786: 30, 787: 484, 788: 722, 789: 100, 790: 338, 791: 268, 792: 30, 793: 100, 794: 338, 795: 30, 796: 268, 797: 484, 798: 722, 799: 100, 800: 338, 801: 142, 802: 380, 815: 484, 816: 722, 817: 100, 818: 338, 825: 484, 826: 722, 827: 100, 828: 338, 829: 296, 830: 58, 835: 30, 836: 268, 837: 100, 838: 338, 867: 694, 868: 456, 875: 338, 876: 100, 877: 484, 878: 722, 879: 296, 880: 58, 881: 296, 882: 58, 893: 296, 894: 58, 903: 484, 904: 722, 911: 296, 912: 58}
Number of labels used: 18
Total time: 368.03 sec
Memory: 518.20 MB
=============================================
      0     0       12.0000  1221       18.0000     Cuts: 306   104736   33.33%

========== NEW INCUMBENT SOLUTION ==========
{13: 338, 14: 100, 15: 338, 16: 100, 23: 58, 24: 296, 49: 58, 50: 296, 51: 484, 52: 722, 53: 100, 54: 338, 67: 338, 68: 100, 69: 722, 70: 484, 79: 58, 80: 296, 81: 100, 82: 338, 83: 254, 84: 16, 85: 338, 86: 100, 103: 484, 104: 722, 105: 100, 106: 338, 117: 652, 118: 414, 119: 254, 120: 16, 127: 338, 128: 100, 129: 16, 130: 254, 143: 694, 144: 456, 145: 296, 146: 58, 151: 380, 152: 142, 153: 652, 154: 414, 155: 16, 156: 254, 157: 484, 158: 722, 179: 268, 180: 30, 181: 268, 182: 30, 183: 694, 184: 456, 191: 338, 192: 100, 193: 268, 194: 30, 205: 380, 206: 142, 209: 296, 210: 58, 211: 484, 212: 722, 213: 16, 214: 254, 215: 16, 216: 254, 217: 722, 218: 484, 233: 722, 234: 484, 235: 694, 236: 456, 237: 30, 238: 268, 261: 58, 262: 296, 263: 484, 264: 722, 265: 484, 266: 722, 267: 100, 268: 338, 269: 16, 270: 254, 271: 16, 272: 254, 273: 484, 274: 722, 275: 484, 276: 722, 277: 652, 278: 414, 281: 338, 282: 100, 283: 722, 284: 484, 285: 16, 286: 254, 287: 338, 288: 100, 289: 58, 290: 296, 291: 484, 292: 722, 293: 380, 294: 142, 295: 254, 296: 16, 299: 792, 300: 554, 301: 694, 302: 456, 303: 722, 304: 484, 305: 380, 306: 142, 307: 268, 308: 30, 309: 338, 310: 100, 311: 484, 312: 722, 313: 16, 314: 254, 321: 338, 322: 100, 323: 338, 324: 100, 325: 652, 326: 414, 327: 554, 328: 792, 329: 296, 330: 58, 339: 338, 340: 100, 341: 100, 342: 338, 343: 100, 344: 338, 345: 694, 346: 456, 347: 296, 348: 58, 349: 338, 350: 100, 351: 100, 352: 338, 355: 484, 356: 722, 357: 338, 358: 100, 359: 338, 360: 100, 361: 484, 362: 722, 363: 694, 364: 456, 365: 58, 366: 296, 367: 268, 368: 30, 369: 484, 370: 722, 371: 268, 372: 30, 375: 456, 376: 694, 377: 142, 378: 380, 383: 722, 384: 484, 387: 338, 388: 100, 397: 414, 398: 652, 401: 100, 402: 338, 405: 100, 406: 338, 435: 338, 436: 100, 439: 16, 440: 254, 449: 722, 450: 484, 471: 296, 472: 58, 475: 268, 476: 30, 477: 296, 478: 58, 481: 296, 482: 58, 491: 100, 492: 338, 493: 484, 494: 722, 495: 100, 496: 338, 517: 268, 518: 30, 519: 100, 520: 338, 525: 484, 526: 722, 533: 456, 534: 694, 535: 16, 536: 254, 547: 296, 548: 58, 555: 268, 556: 30, 557: 380, 558: 142, 559: 380, 560: 142, 561: 484, 562: 722, 563: 142, 564: 380, 565: 30, 566: 268, 573: 484, 574: 722, 575: 484, 576: 722, 577: 722, 578: 484, 579: 254, 580: 16, 581: 722, 582: 484, 583: 296, 584: 58, 585: 254, 586: 16, 587: 100, 588: 338, 589: 58, 590: 296, 591: 268, 592: 30, 593: 338, 594: 100, 595: 484, 596: 722, 597: 456, 598: 694, 599: 268, 600: 30, 601: 100, 602: 338, 603: 456, 604: 694, 605: 338, 606: 100, 607: 694, 608: 456, 613: 484, 614: 722, 615: 484, 616: 722, 617: 338, 618: 100, 619: 338, 620: 100, 621: 296, 622: 58, 623: 694, 624: 456, 625: 100, 626: 338, 629: 58, 630: 296, 631: 30, 632: 268, 633: 694, 634: 456, 635: 722, 636: 484, 637: 296, 638: 58, 639: 338, 640: 100, 641: 338, 642: 100, 643: 268, 644: 30, 645: 58, 646: 296, 651: 58, 652: 296, 653: 414, 654: 652, 661: 100, 662: 338, 663: 338, 664: 100, 665: 58, 666: 296, 667: 792, 668: 554, 671: 58, 672: 296, 713: 652, 714: 414, 715: 484, 716: 722, 717: 100, 718: 338, 719: 484, 720: 722, 721: 254, 722: 16, 723: 296, 724: 58, 725: 100, 726: 338, 727: 100, 728: 338, 733: 30, 734: 268, 741: 554, 742: 792, 743: 268, 744: 30, 745: 58, 746: 296, 747: 694, 748: 456, 757: 100, 758: 338, 759: 296, 760: 58, 763: 338, 764: 100, 765: 58, 766: 296, 767: 414, 768: 652, 769: 484, 770: 722, 771: 254, 772: 16, 773: 100, 774: 338, 783: 484, 784: 722, 785: 268, 786: 30, 787: 484, 788: 722, 789: 100, 790: 338, 791: 268, 792: 30, 793: 100, 794: 338, 795: 30, 796: 268, 797: 484, 798: 722, 799: 100, 800: 338, 801: 142, 802: 380, 815: 484, 816: 722, 817: 100, 818: 338, 825: 484, 826: 722, 827: 100, 828: 338, 829: 296, 830: 58, 835: 30, 836: 268, 837: 100, 838: 338, 867: 694, 868: 456, 875: 338, 876: 100, 877: 484, 878: 722, 879: 296, 880: 58, 881: 296, 882: 58, 893: 296, 894: 58, 903: 484, 904: 722, 911: 296, 912: 58}
Number of labels used: 18
Total time: 368.05 sec
Memory: 518.20 MB
=============================================
[runlim] sample:		662.20 time, 370.01 real, 526 MB, 2.01 load
[runlim] sample:		682.20 time, 380.01 real, 535 MB, 2.01 load
[runlim] sample:		702.20 time, 390.01 real, 537 MB, 2.01 load
[runlim] sample:		722.19 time, 400.01 real, 537 MB, 2.01 load
[runlim] sample:		742.19 time, 410.01 real, 537 MB, 2.01 load
[runlim] sample:		762.18 time, 420.01 real, 537 MB, 2.00 load
[runlim] sample:		782.18 time, 430.01 real, 537 MB, 2.00 load
[runlim] sample:		802.17 time, 440.01 real, 537 MB, 2.00 load
[runlim] sample:		822.17 time, 450.01 real, 537 MB, 2.00 load
[runlim] sample:		842.16 time, 460.01 real, 537 MB, 2.00 load
[runlim] sample:		862.16 time, 470.01 real, 537 MB, 2.00 load
[runlim] sample:		882.16 time, 480.01 real, 537 MB, 2.00 load
[runlim] sample:		902.15 time, 490.01 real, 537 MB, 2.00 load
[runlim] sample:		922.15 time, 500.01 real, 537 MB, 2.00 load
[runlim] sample:		942.14 time, 510.01 real, 537 MB, 2.00 load
[runlim] sample:		962.14 time, 520.01 real, 537 MB, 2.00 load
[runlim] sample:		982.14 time, 530.01 real, 537 MB, 2.00 load
[runlim] sample:		1002.13 time, 540.01 real, 537 MB, 2.07 load
[runlim] sample:		1022.13 time, 550.01 real, 537 MB, 2.06 load
[runlim] sample:		1042.12 time, 560.01 real, 537 MB, 2.05 load
[runlim] sample:		1062.12 time, 570.01 real, 537 MB, 2.04 load
[runlim] sample:		1082.11 time, 580.01 real, 537 MB, 2.04 load
[runlim] sample:		1102.11 time, 590.01 real, 537 MB, 2.03 load
[runlim] sample:		1122.10 time, 600.01 real, 537 MB, 2.11 load
[runlim] end:			Tue Mar 24 11:30:43 2026
[runlim] status:		out of time
[runlim] result:		2
[runlim] children:		1
[runlim] processes:		2
[runlim] real:			601.06 seconds
[runlim] time:			1122.10 seconds
[runlim] space:			537 MB
[runlim] load:			10.08 maximum
[runlim] samples:		6000
