[runlim] version:		2.0.0rc12
[runlim] host:			ap-Precision-7550
[runlim] time limit:		311040000 seconds
[runlim] real time limit:	600 seconds
[runlim] space limit:		14000 MB
[runlim] argv[0]:		python3
[runlim] argv[1]:		-u
[runlim] argv[2]:		mip_no.py
[runlim] argv[3]:		scen01
[runlim] start:			Tue Mar 24 11:00:40 2026
[runlim] child:			34073
Building MIP model...
[runlim] sample:		10.00 time, 10.01 real, 38 MB, 2.13 load
[runlim] sample:		19.99 time, 20.01 real, 38 MB, 1.96 load
[runlim] sample:		29.98 time, 30.01 real, 41 MB, 1.81 load
[runlim] sample:		39.98 time, 40.01 real, 43 MB, 1.69 load
[runlim] sample:		49.99 time, 50.01 real, 44 MB, 1.58 load
[runlim] sample:		59.98 time, 60.01 real, 46 MB, 1.49 load
[runlim] sample:		69.98 time, 70.01 real, 48 MB, 1.41 load
[runlim] sample:		79.98 time, 80.01 real, 49 MB, 1.35 load
[runlim] sample:		89.97 time, 90.01 real, 50 MB, 1.30 load
[runlim] sample:		99.97 time, 100.01 real, 50 MB, 1.25 load
[runlim] sample:		109.96 time, 110.01 real, 52 MB, 1.21 load
[runlim] sample:		119.96 time, 120.01 real, 53 MB, 1.18 load
[runlim] sample:		129.95 time, 130.01 real, 53 MB, 1.15 load
[runlim] sample:		139.95 time, 140.01 real, 55 MB, 1.13 load
[runlim] sample:		149.94 time, 150.01 real, 55 MB, 1.26 load
[runlim] sample:		159.94 time, 160.01 real, 56 MB, 1.22 load
[runlim] sample:		169.94 time, 170.01 real, 56 MB, 1.19 load
[runlim] sample:		179.94 time, 180.01 real, 56 MB, 1.16 load
[runlim] sample:		189.94 time, 190.01 real, 58 MB, 1.13 load
[runlim] sample:		199.93 time, 200.01 real, 59 MB, 1.19 load
[runlim] sample:		209.93 time, 210.01 real, 59 MB, 1.16 load
[runlim] sample:		219.93 time, 220.01 real, 59 MB, 1.21 load
[runlim] sample:		229.92 time, 230.01 real, 59 MB, 1.17 load
[runlim] sample:		239.92 time, 240.01 real, 62 MB, 1.22 load
[runlim] sample:		249.91 time, 250.01 real, 62 MB, 1.19 load
[runlim] sample:		259.91 time, 260.01 real, 63 MB, 1.23 load
[runlim] sample:		269.91 time, 270.01 real, 63 MB, 1.20 load
[runlim] sample:		279.90 time, 280.01 real, 63 MB, 1.24 load
[runlim] sample:		289.90 time, 290.01 real, 63 MB, 1.20 load
[runlim] sample:		299.89 time, 300.01 real, 62 MB, 1.24 load
[runlim] sample:		309.89 time, 310.01 real, 62 MB, 1.37 load
[runlim] sample:		319.88 time, 320.01 real, 66 MB, 1.31 load
[runlim] sample:		329.88 time, 330.01 real, 66 MB, 1.26 load
[runlim] sample:		339.87 time, 340.01 real, 67 MB, 1.22 load
[runlim] sample:		349.87 time, 350.01 real, 67 MB, 1.19 load
[runlim] sample:		359.86 time, 360.01 real, 67 MB, 1.16 load
[runlim] sample:		369.86 time, 370.01 real, 67 MB, 1.13 load
[runlim] sample:		379.85 time, 380.01 real, 67 MB, 1.11 load
[runlim] sample:		389.85 time, 390.01 real, 68 MB, 1.09 load
[runlim] sample:		399.86 time, 400.01 real, 68 MB, 1.08 load
Build time: 407.38s
Solving MIP (minimizing number of labels)...
Version identifier: 22.1.1.0 | 2022-11-28 | 9160aff4d
CPXPARAM_Read_DataCheck                          1
Legacy callback                                  i
Tried aggregator 2 times.
[runlim] sample:		411.58 time, 410.01 real, 364 MB, 1.07 load
MIP Presolve eliminated 648705 rows and 0 columns.
MIP Presolve modified 99673 coefficients.
Aggregator did 1 substitutions.
Reduced MIP has 119622 rows, 36247 columns, and 912315 nonzeros.
Reduced MIP has 36247 binaries, 0 generals, 0 SOSs, and 0 indicators.
Presolve time = 3.48 sec. (3199.10 ticks)
Probing changed sense of 18100 constraints.
Probing time = 0.19 sec. (44.44 ticks)
Tried aggregator 1 time.
MIP Presolve eliminated 48878 rows and 18263 columns.
MIP Presolve modified 50626 coefficients.
Reduced MIP has 70744 rows, 17984 columns, and 749156 nonzeros.
Reduced MIP has 17984 binaries, 0 generals, 0 SOSs, and 0 indicators.
Presolve time = 3.36 sec. (2878.52 ticks)
Probing time = 0.03 sec. (6.56 ticks)
Tried aggregator 1 time.
Detecting symmetries...
Reduced MIP has 70744 rows, 17984 columns, and 749156 nonzeros.
Reduced MIP has 17984 binaries, 0 generals, 0 SOSs, and 0 indicators.
Presolve time = 1.09 sec. (981.13 ticks)
Probing time = 0.03 sec. (6.54 ticks)
Clique table members: 70743.
MIP emphasis: balance optimality and feasibility.
MIP search method: dynamic search.
Parallel mode: deterministic, using up to 12 threads.
[runlim] sample:		435.02 time, 420.01 real, 1153 MB, 1.45 load
[runlim] sample:		490.13 time, 430.01 real, 1043 MB, 2.08 load
[runlim] sample:		553.54 time, 440.02 real, 1673 MB, 2.85 load
[runlim] sample:		652.46 time, 450.02 real, 1673 MB, 3.95 load
[runlim] sample:		751.38 time, 460.02 real, 1673 MB, 4.88 load
[runlim] sample:		850.09 time, 470.02 real, 1673 MB, 5.82 load
[runlim] sample:		905.79 time, 480.01 real, 981 MB, 5.90 load
[runlim] sample:		933.08 time, 490.01 real, 981 MB, 5.37 load
[runlim] sample:		953.08 time, 500.01 real, 981 MB, 4.85 load
[runlim] sample:		973.07 time, 510.01 real, 981 MB, 4.42 load
[runlim] sample:		993.07 time, 520.01 real, 981 MB, 4.04 load
Root relaxation solution time = 105.20 sec. (32661.23 ticks)

        Nodes                                         Cuts/
   Node  Left     Objective  IInf  Best Integer    Best Bound    ItCnt     Gap

*     0+    0                           42.0000        0.0000           100.00%
*     0+    0                           26.0000        0.0000           100.00%
*     0+    0                           24.0000        0.0000           100.00%
      0     0       14.0000   923       24.0000       14.0000    46010   41.67%

========== NEW INCUMBENT SOLUTION ==========
{1: 554, 2: 792, 3: 792, 4: 554, 5: 254, 6: 16, 7: 554, 8: 792, 9: 16, 10: 254, 11: 254, 12: 16, 13: 456, 14: 694, 15: 254, 16: 16, 17: 736, 18: 498, 19: 680, 20: 442, 21: 694, 22: 456, 23: 282, 24: 44, 25: 254, 26: 16, 27: 554, 28: 792, 29: 442, 30: 680, 31: 554, 32: 792, 33: 30, 34: 268, 35: 652, 36: 414, 37: 142, 38: 380, 39: 380, 40: 142, 41: 442, 42: 680, 43: 268, 44: 30, 45: 736, 46: 498, 47: 142, 48: 380, 49: 736, 50: 498, 51: 778, 52: 540, 53: 792, 54: 554, 55: 142, 56: 380, 57: 456, 58: 694, 59: 498, 60: 736, 61: 554, 62: 792, 63: 680, 64: 442, 65: 498, 66: 736, 67: 456, 68: 694, 69: 554, 70: 792, 71: 456, 72: 694, 73: 554, 74: 792, 75: 680, 76: 442, 77: 694, 78: 456, 79: 540, 80: 778, 81: 554, 82: 792, 83: 142, 84: 380, 85: 778, 86: 540, 87: 694, 88: 456, 89: 100, 90: 338, 91: 142, 92: 380, 93: 554, 94: 792, 95: 456, 96: 694, 97: 498, 98: 736, 99: 142, 100: 380, 101: 498, 102: 736, 103: 540, 104: 778, 105: 554, 106: 792, 107: 540, 108: 778, 109: 456, 110: 694, 111: 456, 112: 694, 113: 456, 114: 694, 115: 254, 116: 16, 117: 380, 118: 142, 119: 554, 120: 792, 121: 540, 122: 778, 123: 554, 124: 792, 125: 16, 126: 254, 127: 694, 128: 456, 129: 540, 130: 778, 131: 142, 132: 380, 133: 498, 134: 736, 135: 456, 136: 694, 137: 680, 138: 442, 139: 540, 140: 778, 141: 142, 142: 380, 143: 142, 144: 380, 145: 142, 146: 380, 147: 380, 148: 142, 149: 16, 150: 254, 151: 652, 152: 414, 153: 380, 154: 142, 155: 16, 156: 254, 157: 736, 158: 498, 159: 456, 160: 694, 161: 540, 162: 778, 163: 498, 164: 736, 165: 498, 166: 736, 167: 694, 168: 456, 169: 792, 170: 554, 171: 694, 172: 456, 173: 282, 174: 44, 175: 142, 176: 380, 177: 282, 178: 44, 179: 338, 180: 100, 181: 44, 182: 282, 183: 16, 184: 254, 185: 442, 186: 680, 187: 554, 188: 792, 189: 554, 190: 792, 191: 282, 192: 44, 193: 554, 194: 792, 195: 100, 196: 338, 197: 456, 198: 694, 199: 442, 200: 680, 201: 254, 202: 16, 203: 554, 204: 792, 205: 100, 206: 338, 207: 338, 208: 100, 209: 456, 210: 694, 211: 456, 212: 694, 213: 540, 214: 778, 215: 554, 216: 792, 217: 540, 218: 778, 219: 554, 220: 792, 221: 694, 222: 456, 223: 540, 224: 778, 225: 554, 226: 792, 227: 498, 228: 736, 229: 554, 230: 792, 231: 442, 232: 680, 233: 540, 234: 778, 235: 456, 236: 694, 237: 44, 238: 282, 239: 554, 240: 792, 241: 100, 242: 338, 243: 442, 244: 680, 245: 456, 246: 694, 247: 540, 248: 778, 249: 540, 250: 778, 251: 240, 252: 478, 253: 554, 254: 792, 255: 442, 256: 680, 257: 498, 258: 736, 259: 554, 260: 792, 261: 540, 262: 778, 263: 16, 264: 254, 265: 456, 266: 694, 267: 554, 268: 792, 269: 16, 270: 254, 271: 16, 272: 254, 273: 736, 274: 498, 275: 736, 276: 498, 277: 680, 278: 442, 279: 456, 280: 694, 281: 694, 282: 456, 283: 694, 284: 456, 285: 792, 286: 554, 287: 554, 288: 792, 289: 498, 290: 736, 291: 554, 292: 792, 293: 380, 294: 142, 295: 554, 296: 792, 297: 792, 298: 554, 299: 16, 300: 254, 301: 554, 302: 792, 303: 100, 304: 338, 305: 442, 306: 680, 307: 778, 308: 540, 309: 456, 310: 694, 311: 554, 312: 792, 313: 554, 314: 792, 315: 540, 316: 778, 317: 680, 318: 442, 319: 554, 320: 792, 321: 254, 322: 16, 323: 456, 324: 694, 325: 100, 326: 338, 327: 680, 328: 442, 329: 442, 330: 680, 331: 694, 332: 456, 333: 778, 334: 540, 335: 456, 336: 694, 337: 554, 338: 792, 339: 792, 340: 554, 341: 778, 342: 540, 343: 778, 344: 540, 345: 100, 346: 338, 347: 456, 348: 694, 349: 680, 350: 442, 351: 540, 352: 778, 353: 44, 354: 282, 355: 694, 356: 456, 357: 456, 358: 694, 359: 100, 360: 338, 361: 540, 362: 778, 363: 44, 364: 282, 365: 540, 366: 778, 367: 442, 368: 680, 369: 338, 370: 100, 371: 442, 372: 680, 373: 456, 374: 694, 375: 380, 376: 142, 377: 456, 378: 694, 379: 100, 380: 338, 381: 778, 382: 540, 383: 282, 384: 44, 385: 380, 386: 142, 387: 680, 388: 442, 389: 554, 390: 792, 391: 44, 392: 282, 393: 540, 394: 778, 395: 694, 396: 456, 397: 694, 398: 456, 399: 44, 400: 282, 401: 442, 402: 680, 403: 456, 404: 694, 405: 540, 406: 778, 407: 792, 408: 554, 409: 540, 410: 778, 411: 456, 412: 694, 413: 44, 414: 282, 415: 694, 416: 456, 417: 498, 418: 736, 419: 778, 420: 540, 421: 456, 422: 694, 423: 498, 424: 736, 425: 498, 426: 736, 427: 498, 428: 736, 429: 554, 430: 792, 431: 554, 432: 792, 433: 554, 434: 792, 435: 456, 436: 694, 437: 554, 438: 792, 439: 778, 440: 540, 441: 694, 442: 456, 443: 554, 444: 792, 445: 498, 446: 736, 447: 554, 448: 792, 449: 694, 450: 456, 451: 554, 452: 792, 453: 792, 454: 554, 455: 792, 456: 554, 457: 680, 458: 442, 459: 456, 460: 694, 461: 498, 462: 736, 463: 778, 464: 540, 465: 540, 466: 778, 467: 498, 468: 736, 469: 778, 470: 540, 471: 554, 472: 792, 473: 680, 474: 442, 475: 498, 476: 736, 477: 680, 478: 442, 479: 540, 480: 778, 481: 540, 482: 778, 483: 442, 484: 680, 485: 554, 486: 792, 487: 554, 488: 792, 489: 540, 490: 778, 491: 680, 492: 442, 493: 540, 494: 778, 495: 554, 496: 792, 497: 694, 498: 456, 499: 456, 500: 694, 501: 778, 502: 540, 503: 554, 504: 792, 505: 44, 506: 282, 507: 456, 508: 694, 509: 554, 510: 792, 511: 100, 512: 338, 513: 540, 514: 778, 515: 442, 516: 680, 517: 540, 518: 778, 519: 456, 520: 694, 521: 540, 522: 778, 523: 44, 524: 282, 525: 456, 526: 694, 527: 540, 528: 778, 529: 554, 530: 792, 531: 554, 532: 792, 533: 540, 534: 778, 535: 554, 536: 792, 537: 498, 538: 736, 539: 554, 540: 792, 541: 540, 542: 778, 543: 498, 544: 736, 545: 554, 546: 792, 547: 792, 548: 554, 549: 554, 550: 792, 551: 554, 552: 792, 553: 554, 554: 792, 555: 338, 556: 100, 557: 282, 558: 44, 559: 778, 560: 540, 561: 44, 562: 282, 563: 44, 564: 282, 565: 44, 566: 282, 567: 778, 568: 540, 569: 442, 570: 680, 571: 456, 572: 694, 573: 540, 574: 778, 575: 540, 576: 778, 577: 792, 578: 554, 579: 792, 580: 554, 581: 792, 582: 554, 583: 540, 584: 778, 585: 694, 586: 456, 587: 554, 588: 792, 589: 254, 590: 16, 591: 380, 592: 142, 593: 380, 594: 142, 595: 540, 596: 778, 597: 540, 598: 778, 599: 442, 600: 680, 601: 456, 602: 694, 603: 498, 604: 736, 605: 498, 606: 736, 607: 456, 608: 694, 609: 554, 610: 792, 611: 44, 612: 282, 613: 456, 614: 694, 615: 44, 616: 282, 617: 498, 618: 736, 619: 694, 620: 456, 621: 694, 622: 456, 623: 44, 624: 282, 625: 498, 626: 736, 627: 694, 628: 456, 629: 456, 630: 694, 631: 498, 632: 736, 633: 456, 634: 694, 635: 498, 636: 736, 637: 254, 638: 16, 639: 498, 640: 736, 641: 694, 642: 456, 643: 282, 644: 44, 645: 44, 646: 282, 647: 554, 648: 792, 649: 792, 650: 554, 651: 254, 652: 16, 653: 254, 654: 16, 655: 694, 656: 456, 657: 778, 658: 540, 659: 498, 660: 736, 661: 792, 662: 554, 663: 554, 664: 792, 665: 100, 666: 338, 667: 442, 668: 680, 669: 554, 670: 792, 671: 44, 672: 282, 673: 442, 674: 680, 675: 554, 676: 792, 677: 498, 678: 736, 679: 680, 680: 442, 681: 498, 682: 736, 683: 680, 684: 442, 685: 498, 686: 736, 687: 680, 688: 442, 689: 498, 690: 736, 691: 680, 692: 442, 693: 498, 694: 736, 695: 498, 696: 736, 697: 554, 698: 792, 699: 792, 700: 554, 701: 792, 702: 554, 703: 442, 704: 680, 705: 554, 706: 792, 707: 554, 708: 792, 709: 554, 710: 792, 711: 554, 712: 792, 713: 680, 714: 442, 715: 554, 716: 792, 717: 736, 718: 498, 719: 44, 720: 282, 721: 254, 722: 16, 723: 554, 724: 792, 725: 554, 726: 792, 727: 554, 728: 792, 729: 442, 730: 680, 731: 498, 732: 736, 733: 498, 734: 736, 735: 442, 736: 680, 737: 498, 738: 736, 739: 498, 740: 736, 741: 498, 742: 736, 743: 44, 744: 282, 745: 540, 746: 778, 747: 736, 748: 498, 749: 498, 750: 736, 751: 44, 752: 282, 753: 498, 754: 736, 755: 498, 756: 736, 757: 680, 758: 442, 759: 498, 760: 736, 761: 498, 762: 736, 763: 498, 764: 736, 765: 554, 766: 792, 767: 792, 768: 554, 769: 498, 770: 736, 771: 554, 772: 792, 773: 554, 774: 792, 775: 282, 776: 44, 777: 498, 778: 736, 779: 554, 780: 792, 781: 554, 782: 792, 783: 282, 784: 44, 785: 442, 786: 680, 787: 680, 788: 442, 789: 498, 790: 736, 791: 680, 792: 442, 793: 498, 794: 736, 795: 44, 796: 282, 797: 736, 798: 498, 799: 442, 800: 680, 801: 498, 802: 736, 803: 498, 804: 736, 805: 680, 806: 442, 807: 498, 808: 736, 809: 554, 810: 792, 811: 680, 812: 442, 813: 498, 814: 736, 815: 680, 816: 442, 817: 498, 818: 736, 819: 736, 820: 498, 821: 442, 822: 680, 823: 736, 824: 498, 825: 498, 826: 736, 827: 442, 828: 680, 829: 442, 830: 680, 831: 554, 832: 792, 833: 554, 834: 792, 835: 282, 836: 44, 837: 680, 838: 442, 839: 680, 840: 442, 841: 498, 842: 736, 843: 694, 844: 456, 845: 254, 846: 16, 847: 44, 848: 282, 849: 442, 850: 680, 851: 44, 852: 282, 853: 680, 854: 442, 855: 498, 856: 736, 857: 554, 858: 792, 859: 442, 860: 680, 861: 792, 862: 554, 863: 792, 864: 554, 865: 44, 866: 282, 867: 680, 868: 442, 869: 554, 870: 792, 871: 16, 872: 254, 873: 554, 874: 792, 875: 442, 876: 680, 877: 44, 878: 282, 879: 498, 880: 736, 881: 498, 882: 736, 883: 498, 884: 736, 885: 498, 886: 736, 887: 442, 888: 680, 889: 498, 890: 736, 891: 442, 892: 680, 893: 282, 894: 44, 895: 736, 896: 498, 897: 282, 898: 44, 899: 736, 900: 498, 901: 44, 902: 282, 903: 554, 904: 792, 905: 554, 906: 792, 907: 282, 908: 44, 909: 554, 910: 792, 911: 554, 912: 792, 913: 498, 914: 736, 915: 16, 916: 254}
Number of labels used: 24
Total time: 523.01 sec
Memory: 994.32 MB
=============================================

========== NEW INCUMBENT SOLUTION ==========
{1: 554, 2: 792, 3: 792, 4: 554, 5: 254, 6: 16, 7: 554, 8: 792, 9: 16, 10: 254, 11: 254, 12: 16, 13: 456, 14: 694, 15: 254, 16: 16, 17: 736, 18: 498, 19: 680, 20: 442, 21: 694, 22: 456, 23: 282, 24: 44, 25: 254, 26: 16, 27: 554, 28: 792, 29: 442, 30: 680, 31: 554, 32: 792, 33: 30, 34: 268, 35: 652, 36: 414, 37: 142, 38: 380, 39: 380, 40: 142, 41: 442, 42: 680, 43: 268, 44: 30, 45: 736, 46: 498, 47: 142, 48: 380, 49: 736, 50: 498, 51: 778, 52: 540, 53: 792, 54: 554, 55: 142, 56: 380, 57: 456, 58: 694, 59: 498, 60: 736, 61: 554, 62: 792, 63: 680, 64: 442, 65: 498, 66: 736, 67: 456, 68: 694, 69: 554, 70: 792, 71: 456, 72: 694, 73: 554, 74: 792, 75: 680, 76: 442, 77: 694, 78: 456, 79: 540, 80: 778, 81: 554, 82: 792, 83: 142, 84: 380, 85: 778, 86: 540, 87: 694, 88: 456, 89: 100, 90: 338, 91: 142, 92: 380, 93: 554, 94: 792, 95: 456, 96: 694, 97: 498, 98: 736, 99: 142, 100: 380, 101: 498, 102: 736, 103: 540, 104: 778, 105: 554, 106: 792, 107: 540, 108: 778, 109: 456, 110: 694, 111: 456, 112: 694, 113: 456, 114: 694, 115: 254, 116: 16, 117: 380, 118: 142, 119: 554, 120: 792, 121: 540, 122: 778, 123: 554, 124: 792, 125: 16, 126: 254, 127: 694, 128: 456, 129: 540, 130: 778, 131: 142, 132: 380, 133: 498, 134: 736, 135: 456, 136: 694, 137: 680, 138: 442, 139: 540, 140: 778, 141: 142, 142: 380, 143: 142, 144: 380, 145: 142, 146: 380, 147: 380, 148: 142, 149: 16, 150: 254, 151: 652, 152: 414, 153: 380, 154: 142, 155: 16, 156: 254, 157: 736, 158: 498, 159: 456, 160: 694, 161: 540, 162: 778, 163: 498, 164: 736, 165: 498, 166: 736, 167: 694, 168: 456, 169: 792, 170: 554, 171: 694, 172: 456, 173: 282, 174: 44, 175: 142, 176: 380, 177: 282, 178: 44, 179: 338, 180: 100, 181: 44, 182: 282, 183: 16, 184: 254, 185: 442, 186: 680, 187: 554, 188: 792, 189: 554, 190: 792, 191: 282, 192: 44, 193: 554, 194: 792, 195: 100, 196: 338, 197: 456, 198: 694, 199: 442, 200: 680, 201: 254, 202: 16, 203: 554, 204: 792, 205: 100, 206: 338, 207: 338, 208: 100, 209: 456, 210: 694, 211: 456, 212: 694, 213: 540, 214: 778, 215: 554, 216: 792, 217: 540, 218: 778, 219: 554, 220: 792, 221: 694, 222: 456, 223: 540, 224: 778, 225: 554, 226: 792, 227: 498, 228: 736, 229: 554, 230: 792, 231: 442, 232: 680, 233: 540, 234: 778, 235: 456, 236: 694, 237: 44, 238: 282, 239: 554, 240: 792, 241: 100, 242: 338, 243: 442, 244: 680, 245: 456, 246: 694, 247: 540, 248: 778, 249: 540, 250: 778, 251: 240, 252: 478, 253: 554, 254: 792, 255: 442, 256: 680, 257: 498, 258: 736, 259: 554, 260: 792, 261: 540, 262: 778, 263: 16, 264: 254, 265: 456, 266: 694, 267: 554, 268: 792, 269: 16, 270: 254, 271: 16, 272: 254, 273: 736, 274: 498, 275: 736, 276: 498, 277: 680, 278: 442, 279: 456, 280: 694, 281: 694, 282: 456, 283: 694, 284: 456, 285: 792, 286: 554, 287: 554, 288: 792, 289: 498, 290: 736, 291: 554, 292: 792, 293: 380, 294: 142, 295: 554, 296: 792, 297: 792, 298: 554, 299: 16, 300: 254, 301: 554, 302: 792, 303: 100, 304: 338, 305: 442, 306: 680, 307: 778, 308: 540, 309: 456, 310: 694, 311: 554, 312: 792, 313: 554, 314: 792, 315: 540, 316: 778, 317: 680, 318: 442, 319: 554, 320: 792, 321: 254, 322: 16, 323: 456, 324: 694, 325: 100, 326: 338, 327: 680, 328: 442, 329: 442, 330: 680, 331: 694, 332: 456, 333: 778, 334: 540, 335: 456, 336: 694, 337: 554, 338: 792, 339: 792, 340: 554, 341: 778, 342: 540, 343: 778, 344: 540, 345: 100, 346: 338, 347: 456, 348: 694, 349: 680, 350: 442, 351: 540, 352: 778, 353: 44, 354: 282, 355: 694, 356: 456, 357: 456, 358: 694, 359: 100, 360: 338, 361: 540, 362: 778, 363: 44, 364: 282, 365: 540, 366: 778, 367: 442, 368: 680, 369: 338, 370: 100, 371: 442, 372: 680, 373: 456, 374: 694, 375: 380, 376: 142, 377: 456, 378: 694, 379: 100, 380: 338, 381: 778, 382: 540, 383: 282, 384: 44, 385: 380, 386: 142, 387: 680, 388: 442, 389: 554, 390: 792, 391: 44, 392: 282, 393: 540, 394: 778, 395: 694, 396: 456, 397: 694, 398: 456, 399: 44, 400: 282, 401: 442, 402: 680, 403: 456, 404: 694, 405: 540, 406: 778, 407: 792, 408: 554, 409: 540, 410: 778, 411: 456, 412: 694, 413: 44, 414: 282, 415: 694, 416: 456, 417: 498, 418: 736, 419: 778, 420: 540, 421: 456, 422: 694, 423: 498, 424: 736, 425: 498, 426: 736, 427: 498, 428: 736, 429: 554, 430: 792, 431: 554, 432: 792, 433: 554, 434: 792, 435: 456, 436: 694, 437: 554, 438: 792, 439: 778, 440: 540, 441: 694, 442: 456, 443: 554, 444: 792, 445: 498, 446: 736, 447: 554, 448: 792, 449: 694, 450: 456, 451: 554, 452: 792, 453: 792, 454: 554, 455: 792, 456: 554, 457: 680, 458: 442, 459: 456, 460: 694, 461: 498, 462: 736, 463: 778, 464: 540, 465: 540, 466: 778, 467: 498, 468: 736, 469: 778, 470: 540, 471: 554, 472: 792, 473: 680, 474: 442, 475: 498, 476: 736, 477: 680, 478: 442, 479: 540, 480: 778, 481: 540, 482: 778, 483: 442, 484: 680, 485: 554, 486: 792, 487: 554, 488: 792, 489: 540, 490: 778, 491: 680, 492: 442, 493: 540, 494: 778, 495: 554, 496: 792, 497: 694, 498: 456, 499: 456, 500: 694, 501: 778, 502: 540, 503: 554, 504: 792, 505: 44, 506: 282, 507: 456, 508: 694, 509: 554, 510: 792, 511: 100, 512: 338, 513: 540, 514: 778, 515: 442, 516: 680, 517: 540, 518: 778, 519: 456, 520: 694, 521: 540, 522: 778, 523: 44, 524: 282, 525: 456, 526: 694, 527: 540, 528: 778, 529: 554, 530: 792, 531: 554, 532: 792, 533: 540, 534: 778, 535: 554, 536: 792, 537: 498, 538: 736, 539: 554, 540: 792, 541: 540, 542: 778, 543: 498, 544: 736, 545: 554, 546: 792, 547: 792, 548: 554, 549: 554, 550: 792, 551: 554, 552: 792, 553: 554, 554: 792, 555: 338, 556: 100, 557: 282, 558: 44, 559: 778, 560: 540, 561: 44, 562: 282, 563: 44, 564: 282, 565: 44, 566: 282, 567: 778, 568: 540, 569: 442, 570: 680, 571: 456, 572: 694, 573: 540, 574: 778, 575: 540, 576: 778, 577: 792, 578: 554, 579: 792, 580: 554, 581: 792, 582: 554, 583: 540, 584: 778, 585: 694, 586: 456, 587: 554, 588: 792, 589: 254, 590: 16, 591: 380, 592: 142, 593: 380, 594: 142, 595: 540, 596: 778, 597: 540, 598: 778, 599: 442, 600: 680, 601: 456, 602: 694, 603: 498, 604: 736, 605: 498, 606: 736, 607: 456, 608: 694, 609: 554, 610: 792, 611: 44, 612: 282, 613: 456, 614: 694, 615: 44, 616: 282, 617: 498, 618: 736, 619: 694, 620: 456, 621: 694, 622: 456, 623: 44, 624: 282, 625: 498, 626: 736, 627: 694, 628: 456, 629: 456, 630: 694, 631: 498, 632: 736, 633: 456, 634: 694, 635: 498, 636: 736, 637: 254, 638: 16, 639: 498, 640: 736, 641: 694, 642: 456, 643: 282, 644: 44, 645: 44, 646: 282, 647: 554, 648: 792, 649: 792, 650: 554, 651: 254, 652: 16, 653: 254, 654: 16, 655: 694, 656: 456, 657: 778, 658: 540, 659: 498, 660: 736, 661: 792, 662: 554, 663: 554, 664: 792, 665: 100, 666: 338, 667: 442, 668: 680, 669: 554, 670: 792, 671: 44, 672: 282, 673: 442, 674: 680, 675: 554, 676: 792, 677: 498, 678: 736, 679: 680, 680: 442, 681: 498, 682: 736, 683: 680, 684: 442, 685: 498, 686: 736, 687: 680, 688: 442, 689: 498, 690: 736, 691: 680, 692: 442, 693: 498, 694: 736, 695: 498, 696: 736, 697: 554, 698: 792, 699: 792, 700: 554, 701: 792, 702: 554, 703: 442, 704: 680, 705: 554, 706: 792, 707: 554, 708: 792, 709: 554, 710: 792, 711: 554, 712: 792, 713: 680, 714: 442, 715: 554, 716: 792, 717: 736, 718: 498, 719: 44, 720: 282, 721: 254, 722: 16, 723: 554, 724: 792, 725: 554, 726: 792, 727: 554, 728: 792, 729: 442, 730: 680, 731: 498, 732: 736, 733: 498, 734: 736, 735: 442, 736: 680, 737: 498, 738: 736, 739: 498, 740: 736, 741: 498, 742: 736, 743: 44, 744: 282, 745: 540, 746: 778, 747: 736, 748: 498, 749: 498, 750: 736, 751: 44, 752: 282, 753: 498, 754: 736, 755: 498, 756: 736, 757: 680, 758: 442, 759: 498, 760: 736, 761: 498, 762: 736, 763: 498, 764: 736, 765: 554, 766: 792, 767: 792, 768: 554, 769: 498, 770: 736, 771: 554, 772: 792, 773: 554, 774: 792, 775: 282, 776: 44, 777: 498, 778: 736, 779: 554, 780: 792, 781: 554, 782: 792, 783: 282, 784: 44, 785: 442, 786: 680, 787: 680, 788: 442, 789: 498, 790: 736, 791: 680, 792: 442, 793: 498, 794: 736, 795: 44, 796: 282, 797: 736, 798: 498, 799: 442, 800: 680, 801: 498, 802: 736, 803: 498, 804: 736, 805: 680, 806: 442, 807: 498, 808: 736, 809: 554, 810: 792, 811: 680, 812: 442, 813: 498, 814: 736, 815: 680, 816: 442, 817: 498, 818: 736, 819: 736, 820: 498, 821: 442, 822: 680, 823: 736, 824: 498, 825: 498, 826: 736, 827: 442, 828: 680, 829: 442, 830: 680, 831: 554, 832: 792, 833: 554, 834: 792, 835: 282, 836: 44, 837: 680, 838: 442, 839: 680, 840: 442, 841: 498, 842: 736, 843: 694, 844: 456, 845: 254, 846: 16, 847: 44, 848: 282, 849: 442, 850: 680, 851: 44, 852: 282, 853: 680, 854: 442, 855: 498, 856: 736, 857: 554, 858: 792, 859: 442, 860: 680, 861: 792, 862: 554, 863: 792, 864: 554, 865: 44, 866: 282, 867: 680, 868: 442, 869: 554, 870: 792, 871: 16, 872: 254, 873: 554, 874: 792, 875: 442, 876: 680, 877: 44, 878: 282, 879: 498, 880: 736, 881: 498, 882: 736, 883: 498, 884: 736, 885: 498, 886: 736, 887: 442, 888: 680, 889: 498, 890: 736, 891: 442, 892: 680, 893: 282, 894: 44, 895: 736, 896: 498, 897: 282, 898: 44, 899: 736, 900: 498, 901: 44, 902: 282, 903: 554, 904: 792, 905: 554, 906: 792, 907: 282, 908: 44, 909: 554, 910: 792, 911: 554, 912: 792, 913: 498, 914: 736, 915: 16, 916: 254}
Number of labels used: 24
Total time: 523.03 sec
Memory: 998.00 MB
=============================================
[runlim] sample:		1011.88 time, 530.01 real, 1109 MB, 3.73 load
[runlim] sample:		1031.87 time, 540.01 real, 1057 MB, 3.46 load
[runlim] sample:		1051.87 time, 550.01 real, 1057 MB, 3.24 load
[runlim] sample:		1071.86 time, 560.01 real, 1061 MB, 3.05 load
[runlim] sample:		1091.86 time, 570.01 real, 1063 MB, 2.89 load
[runlim] sample:		1111.86 time, 580.01 real, 1073 MB, 2.75 load
[runlim] sample:		1131.85 time, 590.01 real, 1073 MB, 2.63 load
[runlim] sample:		1151.85 time, 600.01 real, 1085 MB, 2.54 load
[runlim] end:			Tue Mar 24 11:10:41 2026
[runlim] status:		out of time
[runlim] result:		2
[runlim] children:		1
[runlim] processes:		2
[runlim] real:			601.06 seconds
[runlim] time:			1151.85 seconds
[runlim] space:			1673 MB
[runlim] load:			6.15 maximum
[runlim] samples:		6000
