[runlim] version:		2.0.0rc12
[runlim] host:			ap-Precision-7550
[runlim] time limit:		311040000 seconds
[runlim] real time limit:	600 seconds
[runlim] space limit:		14000 MB
[runlim] argv[0]:		python3
[runlim] argv[1]:		-u
[runlim] argv[2]:		mip_no.py
[runlim] argv[3]:		scen06
[runlim] start:			Tue Mar 24 12:54:08 2026
[runlim] child:			34643
Building MIP model...
[runlim] sample:		10.00 time, 10.01 real, 30 MB, 1.21 load
[runlim] sample:		19.99 time, 20.01 real, 33 MB, 1.18 load
[runlim] sample:		29.99 time, 30.01 real, 36 MB, 1.15 load
[runlim] sample:		39.98 time, 40.01 real, 39 MB, 1.13 load
[runlim] sample:		49.98 time, 50.01 real, 41 MB, 1.19 load
[runlim] sample:		59.98 time, 60.01 real, 44 MB, 1.16 load
[runlim] sample:		69.97 time, 70.01 real, 45 MB, 1.13 load
[runlim] sample:		79.97 time, 80.01 real, 48 MB, 1.11 load
[runlim] sample:		89.96 time, 90.01 real, 49 MB, 1.10 load
[runlim] sample:		99.97 time, 100.01 real, 53 MB, 1.08 load
[runlim] sample:		109.96 time, 110.01 real, 53 MB, 1.07 load
[runlim] sample:		119.95 time, 120.01 real, 54 MB, 1.06 load
[runlim] sample:		129.95 time, 130.01 real, 58 MB, 1.05 load
[runlim] sample:		139.94 time, 140.01 real, 59 MB, 1.04 load
[runlim] sample:		149.94 time, 150.01 real, 59 MB, 1.03 load
[runlim] sample:		159.93 time, 160.01 real, 63 MB, 1.03 load
Build time: 162.31s
Solving MIP (minimizing number of labels)...
Version identifier: 22.1.1.0 | 2022-11-28 | 9160aff4d
CPXPARAM_Read_DataCheck                          1
Legacy callback                                  i
Tried aggregator 1 time.
[runlim] sample:		183.73 time, 170.01 real, 398 MB, 1.33 load
Presolve has eliminated 797771 rows and 898 columns...
MIP Presolve eliminated 797771 rows and 898 columns.
MIP Presolve modified 177117 coefficients.
Reduced MIP has 36772 rows, 7166 columns, and 834040 nonzeros.
Reduced MIP has 7166 binaries, 0 generals, 0 SOSs, and 0 indicators.
Presolve time = 15.34 sec. (24892.24 ticks)
Probing fixed 3264 vars, tightened 0 bounds.
Probing changed sense of 3534 constraints.
Probing time = 0.07 sec. (31.46 ticks)
Presolve time = 0.38 sec. (541.22 ticks)

Root node processing (before b&c):
  Real time             =   17.43 sec. (28178.95 ticks)
Parallel b&c, 12 threads:
  Real time             =    0.00 sec. (0.00 ticks)
  Sync time (average)   =    0.00 sec.
  Wait time (average)   =    0.00 sec.
                          ------------
Total (root+branch&cut) =   17.43 sec. (28178.95 ticks)
CPLEX Error  1217: No solution exists.
No solution found.
Total time: 179.77s
Memory used: 241.18 MB
[runlim] end:			Tue Mar 24 12:57:08 2026
[runlim] status:		ok
[runlim] result:		0
[runlim] children:		1
[runlim] processes:		2
[runlim] real:			179.83 seconds
[runlim] time:			199.02 seconds
[runlim] space:			406 MB
[runlim] load:			1.46 maximum
[runlim] samples:		1799
