[runlim] version:		2.0.0rc12
[runlim] host:			ap-Precision-7550
[runlim] time limit:		311040000 seconds
[runlim] real time limit:	600 seconds
[runlim] space limit:		14000 MB
[runlim] argv[0]:		python3
[runlim] argv[1]:		-u
[runlim] argv[2]:		mip_no.py
[runlim] argv[3]:		TUD200.1
[runlim] start:			Tue Mar 24 13:17:23 2026
[runlim] child:			34783
Building MIP model...
[runlim] sample:		10.00 time, 10.01 real, 30 MB, 1.04 load
[runlim] sample:		19.99 time, 20.01 real, 33 MB, 1.04 load
Build time: 21.85s
Solving MIP (minimizing number of labels)...
Version identifier: 22.1.1.0 | 2022-11-28 | 9160aff4d
CPXPARAM_Read_DataCheck                          1
Legacy callback                                  i
Tried aggregator 1 time.
MIP Presolve eliminated 164699 rows and 71 columns.
MIP Presolve modified 32165 coefficients.
Reduced MIP has 28500 rows, 8105 columns, and 226443 nonzeros.
Reduced MIP has 8105 binaries, 0 generals, 0 SOSs, and 0 indicators.
Presolve time = 0.61 sec. (760.35 ticks)
Probing fixed 75 vars, tightened 0 bounds.
Probing changed sense of 3996 constraints.
Probing time = 0.04 sec. (14.92 ticks)
Tried aggregator 1 time.
MIP Presolve eliminated 10785 rows and 4066 columns.
MIP Presolve modified 15252 coefficients.
Reduced MIP has 17715 rows, 4039 columns, and 238270 nonzeros.
Reduced MIP has 4039 binaries, 0 generals, 0 SOSs, and 0 indicators.
Presolve time = 0.68 sec. (944.07 ticks)
Probing time = 0.01 sec. (2.98 ticks)
Tried aggregator 1 time.
Detecting symmetries...
MIP Presolve eliminated 2 rows and 0 columns.
Reduced MIP has 17713 rows, 4037 columns, and 238264 nonzeros.
Reduced MIP has 4037 binaries, 0 generals, 0 SOSs, and 0 indicators.
Presolve time = 0.21 sec. (267.70 ticks)
Probing time = 0.01 sec. (3.06 ticks)
Clique table members: 19814.
MIP emphasis: balance optimality and feasibility.
MIP search method: dynamic search.
Parallel mode: deterministic, using up to 12 threads.
Root relaxation solution time = 2.26 sec. (1611.98 ticks)

        Nodes                                         Cuts/
   Node  Left     Objective  IInf  Best Integer    Best Bound    ItCnt     Gap

*     0+    0                           18.0000        0.0000           100.00%
      0     0       12.0000   732       18.0000       12.0000       18   33.33%

========== NEW INCUMBENT SOLUTION ==========
{1: 16, 2: 254, 3: 792, 4: 554, 5: 44, 6: 282, 7: 16, 8: 254, 9: 16, 10: 254, 11: 86, 12: 324, 13: 792, 14: 554, 15: 554, 16: 792, 17: 554, 18: 792, 19: 156, 20: 394, 21: 442, 22: 680, 23: 750, 24: 512, 25: 442, 26: 680, 27: 484, 28: 722, 29: 156, 30: 394, 31: 554, 32: 792, 33: 484, 34: 722, 35: 512, 36: 750, 37: 722, 38: 484, 39: 394, 40: 156, 41: 44, 42: 282, 43: 394, 44: 156, 45: 254, 46: 16, 47: 792, 48: 554, 49: 554, 50: 792, 51: 554, 52: 792, 53: 324, 54: 86, 55: 394, 56: 156, 57: 44, 58: 282, 59: 156, 60: 394, 61: 44, 62: 282, 63: 282, 64: 44, 65: 680, 66: 442, 67: 254, 68: 16, 69: 442, 70: 680, 71: 324, 72: 86, 73: 484, 74: 722, 75: 722, 76: 484, 77: 156, 78: 394, 79: 484, 80: 722, 81: 512, 82: 750, 83: 512, 84: 750, 85: 792, 86: 554, 87: 254, 88: 16, 89: 512, 90: 750, 91: 324, 92: 86, 93: 792, 94: 554, 95: 792, 96: 554, 97: 554, 98: 792, 99: 554, 100: 792, 101: 324, 102: 86, 103: 512, 104: 750, 105: 16, 106: 254, 107: 254, 108: 16, 109: 722, 110: 484, 111: 442, 112: 680, 113: 16, 114: 254, 115: 442, 116: 680, 117: 394, 118: 156, 119: 750, 120: 512, 121: 512, 122: 750, 123: 254, 124: 16, 125: 86, 126: 324, 127: 792, 128: 554, 129: 240, 130: 478, 131: 442, 132: 680, 133: 86, 134: 324, 135: 512, 136: 750, 137: 680, 138: 442, 139: 680, 140: 442, 141: 442, 142: 680, 143: 512, 144: 750, 145: 512, 146: 750, 147: 442, 148: 680, 149: 512, 150: 750, 151: 394, 152: 156, 153: 512, 154: 750, 155: 442, 156: 680, 157: 86, 158: 324, 159: 86, 160: 324, 161: 442, 162: 680, 163: 86, 164: 324, 165: 16, 166: 254, 167: 442, 168: 680, 169: 86, 170: 324, 171: 16, 172: 254, 173: 680, 174: 442, 175: 554, 176: 792, 177: 750, 178: 512, 179: 86, 180: 324, 181: 442, 182: 680, 183: 442, 184: 680, 185: 86, 186: 324, 187: 86, 188: 324, 189: 86, 190: 324, 191: 86, 192: 324, 193: 86, 194: 324, 195: 484, 196: 722, 197: 86, 198: 324, 199: 442, 200: 680}
Number of labels used: 18
Total time: 26.14 sec
Memory: 240.18 MB
=============================================

========== NEW INCUMBENT SOLUTION ==========
{1: 16, 2: 254, 3: 792, 4: 554, 5: 44, 6: 282, 7: 16, 8: 254, 9: 16, 10: 254, 11: 86, 12: 324, 13: 792, 14: 554, 15: 554, 16: 792, 17: 554, 18: 792, 19: 156, 20: 394, 21: 442, 22: 680, 23: 750, 24: 512, 25: 442, 26: 680, 27: 484, 28: 722, 29: 156, 30: 394, 31: 554, 32: 792, 33: 484, 34: 722, 35: 512, 36: 750, 37: 722, 38: 484, 39: 394, 40: 156, 41: 44, 42: 282, 43: 394, 44: 156, 45: 254, 46: 16, 47: 792, 48: 554, 49: 554, 50: 792, 51: 554, 52: 792, 53: 324, 54: 86, 55: 394, 56: 156, 57: 44, 58: 282, 59: 156, 60: 394, 61: 44, 62: 282, 63: 282, 64: 44, 65: 680, 66: 442, 67: 254, 68: 16, 69: 442, 70: 680, 71: 324, 72: 86, 73: 484, 74: 722, 75: 722, 76: 484, 77: 156, 78: 394, 79: 484, 80: 722, 81: 512, 82: 750, 83: 512, 84: 750, 85: 792, 86: 554, 87: 254, 88: 16, 89: 512, 90: 750, 91: 324, 92: 86, 93: 792, 94: 554, 95: 792, 96: 554, 97: 554, 98: 792, 99: 554, 100: 792, 101: 324, 102: 86, 103: 512, 104: 750, 105: 16, 106: 254, 107: 254, 108: 16, 109: 722, 110: 484, 111: 442, 112: 680, 113: 16, 114: 254, 115: 442, 116: 680, 117: 394, 118: 156, 119: 750, 120: 512, 121: 512, 122: 750, 123: 254, 124: 16, 125: 86, 126: 324, 127: 792, 128: 554, 129: 240, 130: 478, 131: 442, 132: 680, 133: 86, 134: 324, 135: 512, 136: 750, 137: 680, 138: 442, 139: 680, 140: 442, 141: 442, 142: 680, 143: 512, 144: 750, 145: 512, 146: 750, 147: 442, 148: 680, 149: 512, 150: 750, 151: 394, 152: 156, 153: 512, 154: 750, 155: 442, 156: 680, 157: 86, 158: 324, 159: 86, 160: 324, 161: 442, 162: 680, 163: 86, 164: 324, 165: 16, 166: 254, 167: 442, 168: 680, 169: 86, 170: 324, 171: 16, 172: 254, 173: 680, 174: 442, 175: 554, 176: 792, 177: 750, 178: 512, 179: 86, 180: 324, 181: 442, 182: 680, 183: 442, 184: 680, 185: 86, 186: 324, 187: 86, 188: 324, 189: 86, 190: 324, 191: 86, 192: 324, 193: 86, 194: 324, 195: 484, 196: 722, 197: 86, 198: 324, 199: 442, 200: 680}
Number of labels used: 18
Total time: 26.14 sec
Memory: 240.36 MB
=============================================
[runlim] sample:		44.44 time, 30.01 real, 289 MB, 1.11 load
*     0+    0                           12.0000       12.0000             0.00%
      0     0        cutoff             12.0000       12.0000       18    0.00%
Elapsed time = 13.61 sec. (15421.10 ticks, tree = 0.01 MB, solutions = 2)

Root node processing (before b&c):
  Real time             =   13.61 sec. (15421.46 ticks)
Parallel b&c, 12 threads:
  Real time             =    0.00 sec. (0.00 ticks)
  Sync time (average)   =    0.00 sec.
  Wait time (average)   =    0.00 sec.
                          ------------
Total (root+branch&cut) =   13.61 sec. (15421.46 ticks)
Solution :
{16, 254, 380, 142, 498, 736, 142, 380, 282, 44, 792, 554, 554, 792, 680, 442, 380, 142, 44, 282, 282, 44, 792, 554, 792, 554, 254, 16, 554, 792, 142, 380, 792, 554, 498, 736, 736, 498, 254, 16, 16, 254, 44, 282, 442, 680, 680, 442, 554, 792, 380, 142, 16, 254, 16, 254, 442, 680, 282, 44, 142, 380, 16, 254, 16, 254, 16, 254, 254, 16, 254, 16, 142, 380, 792, 554, 282, 44, 282, 44, 792, 554, 554, 792, 554, 792, 680, 442, 680, 442, 442, 680, 736, 498, 442, 680, 792, 554, 44, 282, 282, 44, 142, 380, 142, 380, 380, 142, 282, 44, 792, 554, 282, 44, 792, 554, 380, 142, 554, 792, 680, 442, 142, 380, 142, 380, 254, 16, 380, 142, 282, 44, 498, 736, 554, 792, 142, 380, 282, 44, 142, 380, 736, 498, 736, 498, 736, 498, 792, 554, 792, 554, 736, 498, 736, 498, 736, 498, 498, 736, 792, 554, 554, 792, 282, 44, 736, 498, 16, 254, 282, 44, 254, 16, 680, 442, 680, 442, 16, 254, 736, 498, 554, 792, 380, 142, 142, 380, 16, 254, 254, 16, 142, 380, 282, 44, 498, 736, 442, 680}
Number of labels used: 12
Total time: 35.49s
Memory used: 298.17 MB
[runlim] end:			Tue Mar 24 13:17:58 2026
[runlim] status:		ok
[runlim] result:		0
[runlim] children:		1
[runlim] processes:		2
[runlim] real:			35.55 seconds
[runlim] time:			55.43 seconds
[runlim] space:			296 MB
[runlim] load:			1.18 maximum
[runlim] samples:		356
