[runlim] version:		2.0.0rc12
[runlim] host:			ap-Precision-7550
[runlim] time limit:		311040000 seconds
[runlim] real time limit:	600 seconds
[runlim] space limit:		14000 MB
[runlim] argv[0]:		python3
[runlim] argv[1]:		-u
[runlim] argv[2]:		mip_no.py
[runlim] argv[3]:		TUD916.1
[runlim] start:			Tue Mar 24 13:24:56 2026
[runlim] child:			34903
Building MIP model...
[runlim] sample:		10.00 time, 10.01 real, 37 MB, 1.36 load
[runlim] sample:		20.00 time, 20.01 real, 39 MB, 1.31 load
[runlim] sample:		29.99 time, 30.01 real, 41 MB, 1.26 load
[runlim] sample:		39.99 time, 40.01 real, 43 MB, 1.30 load
[runlim] sample:		49.99 time, 50.01 real, 45 MB, 1.25 load
[runlim] sample:		59.99 time, 60.01 real, 45 MB, 1.21 load
[runlim] sample:		69.98 time, 70.01 real, 47 MB, 1.18 load
[runlim] sample:		79.98 time, 80.01 real, 47 MB, 1.15 load
[runlim] sample:		89.97 time, 90.01 real, 48 MB, 1.13 load
[runlim] sample:		99.97 time, 100.01 real, 48 MB, 1.11 load
[runlim] sample:		109.97 time, 110.01 real, 48 MB, 1.09 load
[runlim] sample:		119.97 time, 120.01 real, 50 MB, 1.08 load
[runlim] sample:		129.97 time, 130.01 real, 50 MB, 1.06 load
[runlim] sample:		139.97 time, 140.01 real, 50 MB, 1.05 load
[runlim] sample:		149.96 time, 150.01 real, 54 MB, 1.05 load
[runlim] sample:		159.96 time, 160.01 real, 54 MB, 1.04 load
[runlim] sample:		169.95 time, 170.01 real, 54 MB, 1.03 load
[runlim] sample:		179.95 time, 180.01 real, 54 MB, 1.11 load
[runlim] sample:		189.95 time, 190.01 real, 56 MB, 1.16 load
[runlim] sample:		199.94 time, 200.01 real, 56 MB, 1.37 load
[runlim] sample:		209.94 time, 210.01 real, 57 MB, 1.31 load
[runlim] sample:		219.93 time, 220.01 real, 57 MB, 1.26 load
[runlim] sample:		229.93 time, 230.01 real, 57 MB, 1.22 load
[runlim] sample:		239.93 time, 240.01 real, 57 MB, 1.19 load
[runlim] sample:		249.92 time, 250.01 real, 60 MB, 1.23 load
[runlim] sample:		259.92 time, 260.01 real, 61 MB, 1.20 load
[runlim] sample:		269.91 time, 270.01 real, 61 MB, 1.24 load
[runlim] sample:		279.91 time, 280.01 real, 61 MB, 1.20 load
[runlim] sample:		289.90 time, 290.01 real, 61 MB, 1.24 load
[runlim] sample:		299.90 time, 300.01 real, 62 MB, 1.21 load
[runlim] sample:		309.90 time, 310.01 real, 62 MB, 1.25 load
[runlim] sample:		319.90 time, 320.01 real, 62 MB, 1.21 load
[runlim] sample:		329.89 time, 330.01 real, 65 MB, 1.25 load
[runlim] sample:		339.89 time, 340.01 real, 66 MB, 1.21 load
[runlim] sample:		349.89 time, 350.01 real, 66 MB, 1.18 load
[runlim] sample:		359.88 time, 360.01 real, 66 MB, 1.15 load
[runlim] sample:		369.88 time, 370.01 real, 67 MB, 1.13 load
[runlim] sample:		379.87 time, 380.01 real, 67 MB, 1.11 load
[runlim] sample:		389.87 time, 390.01 real, 67 MB, 1.09 load
[runlim] sample:		399.86 time, 400.01 real, 67 MB, 1.08 load
[runlim] sample:		409.86 time, 410.01 real, 67 MB, 1.06 load
[runlim] sample:		419.85 time, 420.01 real, 71 MB, 1.05 load
Build time: 428.71s
Solving MIP (minimizing number of labels)...
Version identifier: 22.1.1.0 | 2022-11-28 | 9160aff4d
CPXPARAM_Read_DataCheck                          1
Legacy callback                                  i
Tried aggregator 2 times.
[runlim] sample:		430.21 time, 430.01 real, 363 MB, 1.05 load
MIP Presolve eliminated 661569 rows and 461 columns.
MIP Presolve modified 156857 coefficients.
Aggregator did 2 substitutions.
Reduced MIP has 135094 rows, 34073 columns, and 1110468 nonzeros.
Reduced MIP has 34073 binaries, 0 generals, 0 SOSs, and 0 indicators.
Presolve time = 4.49 sec. (4444.93 ticks)
Probing fixed 926 vars, tightened 0 bounds.
Probing changed sense of 16645 constraints.
Probing time = 0.23 sec. (67.36 ticks)
Tried aggregator 2 times.
[runlim] sample:		447.74 time, 440.01 real, 652 MB, 1.12 load
MIP Presolve eliminated 47881 rows and 17478 columns.
MIP Presolve modified 70316 coefficients.
Aggregator did 20 substitutions.
Reduced MIP has 87118 rows, 16575 columns, and 1129456 nonzeros.
Reduced MIP has 16575 binaries, 0 generals, 0 SOSs, and 0 indicators.
Presolve time = 6.54 sec. (7592.87 ticks)
Probing fixed 40 vars, tightened 0 bounds.
Probing changed sense of 15 constraints.
Probing time = 0.08 sec. (30.94 ticks)
Tried aggregator 1 time.
Detecting symmetries...
MIP Presolve eliminated 17 rows and 46 columns.
MIP Presolve modified 2469 coefficients.
Reduced MIP has 86901 rows, 16529 columns, and 1122723 nonzeros.
Reduced MIP has 16529 binaries, 0 generals, 0 SOSs, and 0 indicators.
Presolve time = 1.91 sec. (1948.52 ticks)
Probing fixed 5 vars, tightened 0 bounds.
Probing time = 0.07 sec. (23.30 ticks)
Clique table members: 103591.
MIP emphasis: balance optimality and feasibility.
MIP search method: dynamic search.
Parallel mode: deterministic, using up to 12 threads.
[runlim] sample:		496.53 time, 450.02 real, 983 MB, 1.90 load
[runlim] sample:		577.08 time, 460.01 real, 911 MB, 2.66 load
[runlim] sample:		607.07 time, 470.01 real, 912 MB, 2.71 load
[runlim] sample:		637.07 time, 480.01 real, 912 MB, 2.76 load
Root relaxation solution time = 40.14 sec. (18775.19 ticks)

        Nodes                                         Cuts/
   Node  Left     Objective  IInf  Best Integer    Best Bound    ItCnt     Gap

*     0+    0                           48.0000        0.0000           100.00%
      0     0       18.0000  2664       48.0000       18.0000       16   62.50%

========== NEW INCUMBENT SOLUTION ==========
{1: 736, 2: 498, 3: 512, 4: 750, 5: 694, 6: 456, 7: 142, 8: 380, 9: 142, 10: 380, 11: 86, 12: 324, 13: 142, 14: 380, 15: 736, 16: 498, 17: 86, 18: 324, 19: 240, 20: 478, 21: 142, 22: 380, 23: 58, 24: 296, 25: 86, 26: 324, 27: 456, 28: 694, 29: 380, 30: 142, 31: 652, 32: 414, 33: 142, 34: 380, 35: 142, 36: 380, 37: 792, 38: 554, 39: 44, 40: 282, 41: 86, 42: 324, 43: 44, 44: 282, 45: 792, 46: 554, 47: 554, 48: 792, 49: 142, 50: 380, 51: 44, 52: 282, 53: 16, 54: 254, 55: 554, 56: 792, 57: 142, 58: 380, 59: 142, 60: 380, 61: 554, 62: 792, 63: 142, 64: 380, 65: 408, 66: 170, 67: 254, 68: 16, 69: 512, 70: 750, 71: 44, 72: 282, 73: 694, 74: 456, 75: 86, 76: 324, 77: 680, 78: 442, 79: 324, 80: 86, 81: 456, 82: 694, 83: 142, 84: 380, 85: 254, 86: 16, 87: 72, 88: 310, 89: 86, 90: 324, 91: 380, 92: 142, 93: 142, 94: 380, 95: 736, 96: 498, 97: 792, 98: 554, 99: 554, 100: 792, 101: 652, 102: 414, 103: 142, 104: 380, 105: 16, 106: 254, 107: 652, 108: 414, 109: 456, 110: 694, 111: 478, 112: 240, 113: 44, 114: 282, 115: 750, 116: 512, 117: 750, 118: 512, 119: 240, 120: 478, 121: 240, 122: 478, 123: 414, 124: 652, 125: 296, 126: 58, 127: 324, 128: 86, 129: 240, 130: 478, 131: 414, 132: 652, 133: 380, 134: 142, 135: 240, 136: 478, 137: 792, 138: 554, 139: 764, 140: 526, 141: 478, 142: 240, 143: 792, 144: 554, 145: 414, 146: 652, 147: 142, 148: 380, 149: 366, 150: 128, 151: 16, 152: 254, 153: 554, 154: 792, 155: 554, 156: 792, 157: 512, 158: 750, 159: 750, 160: 512, 161: 268, 162: 30, 163: 554, 164: 792, 165: 16, 166: 254, 167: 414, 168: 652, 169: 324, 170: 86, 171: 680, 172: 442, 173: 764, 174: 526, 175: 352, 176: 114, 177: 44, 178: 282, 179: 554, 180: 792, 181: 792, 182: 554, 183: 114, 184: 352, 185: 240, 186: 478, 187: 72, 188: 310, 189: 414, 190: 652, 191: 554, 192: 792, 193: 30, 194: 268, 195: 478, 196: 240, 197: 338, 198: 100, 199: 366, 200: 128, 201: 414, 202: 652, 203: 792, 204: 554, 205: 142, 206: 380, 207: 428, 208: 666, 209: 414, 210: 652, 211: 408, 212: 170, 213: 16, 214: 254, 215: 324, 216: 86, 217: 16, 218: 254, 219: 666, 220: 428, 221: 16, 222: 254, 223: 170, 224: 408, 225: 414, 226: 652, 227: 86, 228: 324, 229: 750, 230: 512, 231: 414, 232: 652, 233: 512, 234: 750, 235: 512, 236: 750, 237: 324, 238: 86, 239: 652, 240: 414, 241: 792, 242: 554, 243: 792, 244: 554, 245: 554, 246: 792, 247: 240, 248: 478, 249: 792, 250: 554, 251: 282, 252: 44, 253: 240, 254: 478, 255: 554, 256: 792, 257: 44, 258: 282, 259: 142, 260: 380, 261: 380, 262: 142, 263: 512, 264: 750, 265: 478, 266: 240, 267: 554, 268: 792, 269: 414, 270: 652, 271: 526, 272: 764, 273: 240, 274: 478, 275: 736, 276: 498, 277: 750, 278: 512, 279: 44, 280: 282, 281: 414, 282: 652, 283: 414, 284: 652, 285: 16, 286: 254, 287: 142, 288: 380, 289: 428, 290: 666, 291: 380, 292: 142, 293: 414, 294: 652, 295: 792, 296: 554, 297: 380, 298: 142, 299: 254, 300: 16, 301: 554, 302: 792, 303: 652, 304: 414, 305: 792, 306: 554, 307: 792, 308: 554, 309: 142, 310: 380, 311: 722, 312: 484, 313: 792, 314: 554, 315: 142, 316: 380, 317: 414, 318: 652, 319: 240, 320: 478, 321: 156, 322: 394, 323: 142, 324: 380, 325: 792, 326: 554, 327: 240, 328: 478, 329: 16, 330: 254, 331: 666, 332: 428, 333: 142, 334: 380, 335: 484, 336: 722, 337: 750, 338: 512, 339: 792, 340: 554, 341: 114, 342: 352, 343: 414, 344: 652, 345: 456, 346: 694, 347: 414, 348: 652, 349: 554, 350: 792, 351: 652, 352: 414, 353: 240, 354: 478, 355: 554, 356: 792, 357: 554, 358: 792, 359: 778, 360: 540, 361: 414, 362: 652, 363: 736, 364: 498, 365: 540, 366: 778, 367: 666, 368: 428, 369: 414, 370: 652, 371: 170, 372: 408, 373: 666, 374: 428, 375: 554, 376: 792, 377: 680, 378: 442, 379: 380, 380: 142, 381: 380, 382: 142, 383: 254, 384: 16, 385: 764, 386: 526, 387: 380, 388: 142, 389: 680, 390: 442, 391: 750, 392: 512, 393: 128, 394: 366, 395: 128, 396: 366, 397: 554, 398: 792, 399: 408, 400: 170, 401: 58, 402: 296, 403: 156, 404: 394, 405: 240, 406: 478, 407: 652, 408: 414, 409: 414, 410: 652, 411: 86, 412: 324, 413: 86, 414: 324, 415: 512, 416: 750, 417: 380, 418: 142, 419: 540, 420: 778, 421: 142, 422: 380, 423: 254, 424: 16, 425: 554, 426: 792, 427: 652, 428: 414, 429: 380, 430: 142, 431: 792, 432: 554, 433: 380, 434: 142, 435: 750, 436: 512, 437: 142, 438: 380, 439: 652, 440: 414, 441: 170, 442: 408, 443: 86, 444: 324, 445: 478, 446: 240, 447: 170, 448: 408, 449: 736, 450: 498, 451: 114, 452: 352, 453: 408, 454: 170, 455: 414, 456: 652, 457: 792, 458: 554, 459: 554, 460: 792, 461: 652, 462: 414, 463: 282, 464: 44, 465: 554, 466: 792, 467: 310, 468: 72, 469: 554, 470: 792, 471: 86, 472: 324, 473: 554, 474: 792, 475: 554, 476: 792, 477: 554, 478: 792, 479: 554, 480: 792, 481: 380, 482: 142, 483: 156, 484: 394, 485: 408, 486: 170, 487: 778, 488: 540, 489: 170, 490: 408, 491: 414, 492: 652, 493: 240, 494: 478, 495: 736, 496: 498, 497: 414, 498: 652, 499: 254, 500: 16, 501: 750, 502: 512, 503: 268, 504: 30, 505: 44, 506: 282, 507: 456, 508: 694, 509: 652, 510: 414, 511: 792, 512: 554, 513: 324, 514: 86, 515: 30, 516: 268, 517: 414, 518: 652, 519: 142, 520: 380, 521: 414, 522: 652, 523: 240, 524: 478, 525: 408, 526: 170, 527: 366, 528: 128, 529: 240, 530: 478, 531: 142, 532: 380, 533: 414, 534: 652, 535: 414, 536: 652, 537: 408, 538: 170, 539: 16, 540: 254, 541: 414, 542: 652, 543: 86, 544: 324, 545: 540, 546: 778, 547: 324, 548: 86, 549: 268, 550: 30, 551: 414, 552: 652, 553: 792, 554: 554, 555: 478, 556: 240, 557: 44, 558: 282, 559: 694, 560: 456, 561: 498, 562: 736, 563: 44, 564: 282, 565: 254, 566: 16, 567: 792, 568: 554, 569: 156, 570: 394, 571: 310, 572: 72, 573: 170, 574: 408, 575: 240, 576: 478, 577: 554, 578: 792, 579: 456, 580: 694, 581: 44, 582: 282, 583: 142, 584: 380, 585: 380, 586: 142, 587: 554, 588: 792, 589: 652, 590: 414, 591: 652, 592: 414, 593: 16, 594: 254, 595: 470, 596: 708, 597: 170, 598: 408, 599: 428, 600: 666, 601: 792, 602: 554, 603: 352, 604: 114, 605: 764, 606: 526, 607: 414, 608: 652, 609: 338, 610: 100, 611: 58, 612: 296, 613: 408, 614: 170, 615: 652, 616: 414, 617: 666, 618: 428, 619: 100, 620: 338, 621: 792, 622: 554, 623: 414, 624: 652, 625: 512, 626: 750, 627: 652, 628: 414, 629: 554, 630: 792, 631: 414, 632: 652, 633: 554, 634: 792, 635: 142, 636: 380, 637: 58, 638: 296, 639: 72, 640: 310, 641: 44, 642: 282, 643: 540, 644: 778, 645: 414, 646: 652, 647: 310, 648: 72, 649: 666, 650: 428, 651: 16, 652: 254, 653: 750, 654: 512, 655: 296, 656: 58, 657: 764, 658: 526, 659: 324, 660: 86, 661: 16, 662: 254, 663: 512, 664: 750, 665: 44, 666: 282, 667: 16, 668: 254, 669: 58, 670: 296, 671: 16, 672: 254, 673: 408, 674: 170, 675: 324, 676: 86, 677: 324, 678: 86, 679: 554, 680: 792, 681: 296, 682: 58, 683: 736, 684: 498, 685: 722, 686: 484, 687: 540, 688: 778, 689: 30, 690: 268, 691: 254, 692: 16, 693: 652, 694: 414, 695: 792, 696: 554, 697: 456, 698: 694, 699: 680, 700: 442, 701: 554, 702: 792, 703: 86, 704: 324, 705: 380, 706: 142, 707: 58, 708: 296, 709: 142, 710: 380, 711: 736, 712: 498, 713: 16, 714: 254, 715: 708, 716: 470, 717: 554, 718: 792, 719: 792, 720: 554, 721: 540, 722: 778, 723: 428, 724: 666, 725: 16, 726: 254, 727: 652, 728: 414, 729: 394, 730: 156, 731: 128, 732: 366, 733: 722, 734: 484, 735: 554, 736: 792, 737: 540, 738: 778, 739: 666, 740: 428, 741: 254, 742: 16, 743: 414, 744: 652, 745: 16, 746: 254, 747: 156, 748: 394, 749: 498, 750: 736, 751: 554, 752: 792, 753: 428, 754: 666, 755: 498, 756: 736, 757: 380, 758: 142, 759: 16, 760: 254, 761: 666, 762: 428, 763: 764, 764: 526, 765: 554, 766: 792, 767: 792, 768: 554, 769: 16, 770: 254, 771: 44, 772: 282, 773: 722, 774: 484, 775: 778, 776: 540, 777: 86, 778: 324, 779: 268, 780: 30, 781: 512, 782: 750, 783: 722, 784: 484, 785: 484, 786: 722, 787: 554, 788: 792, 789: 414, 790: 652, 791: 792, 792: 554, 793: 16, 794: 254, 795: 442, 796: 680, 797: 764, 798: 526, 799: 44, 800: 282, 801: 338, 802: 100, 803: 792, 804: 554, 805: 736, 806: 498, 807: 554, 808: 792, 809: 30, 810: 268, 811: 778, 812: 540, 813: 72, 814: 310, 815: 44, 816: 282, 817: 750, 818: 512, 819: 722, 820: 484, 821: 324, 822: 86, 823: 554, 824: 792, 825: 16, 826: 254, 827: 16, 828: 254, 829: 16, 830: 254, 831: 44, 832: 282, 833: 86, 834: 324, 835: 750, 836: 512, 837: 44, 838: 282, 839: 100, 840: 338, 841: 128, 842: 366, 843: 792, 844: 554, 845: 338, 846: 100, 847: 792, 848: 554, 849: 512, 850: 750, 851: 722, 852: 484, 853: 750, 854: 512, 855: 30, 856: 268, 857: 736, 858: 498, 859: 792, 860: 554, 861: 666, 862: 428, 863: 380, 864: 142, 865: 778, 866: 540, 867: 554, 868: 792, 869: 16, 870: 254, 871: 554, 872: 792, 873: 128, 874: 366, 875: 254, 876: 16, 877: 72, 878: 310, 879: 394, 880: 156, 881: 16, 882: 254, 883: 394, 884: 156, 885: 142, 886: 380, 887: 30, 888: 268, 889: 100, 890: 338, 891: 380, 892: 142, 893: 736, 894: 498, 895: 30, 896: 268, 897: 58, 898: 296, 899: 100, 900: 338, 901: 554, 902: 792, 903: 58, 904: 296, 905: 736, 906: 498, 907: 128, 908: 366, 909: 282, 910: 44, 911: 100, 912: 338, 913: 254, 914: 16, 915: 666, 916: 428}
Number of labels used: 48
Total time: 484.52 sec
Memory: 921.08 MB
=============================================

========== NEW INCUMBENT SOLUTION ==========
{1: 736, 2: 498, 3: 512, 4: 750, 5: 694, 6: 456, 7: 142, 8: 380, 9: 142, 10: 380, 11: 86, 12: 324, 13: 142, 14: 380, 15: 736, 16: 498, 17: 86, 18: 324, 19: 240, 20: 478, 21: 142, 22: 380, 23: 58, 24: 296, 25: 86, 26: 324, 27: 456, 28: 694, 29: 380, 30: 142, 31: 652, 32: 414, 33: 142, 34: 380, 35: 142, 36: 380, 37: 792, 38: 554, 39: 44, 40: 282, 41: 86, 42: 324, 43: 44, 44: 282, 45: 792, 46: 554, 47: 554, 48: 792, 49: 142, 50: 380, 51: 44, 52: 282, 53: 16, 54: 254, 55: 554, 56: 792, 57: 142, 58: 380, 59: 142, 60: 380, 61: 554, 62: 792, 63: 142, 64: 380, 65: 408, 66: 170, 67: 254, 68: 16, 69: 512, 70: 750, 71: 44, 72: 282, 73: 694, 74: 456, 75: 86, 76: 324, 77: 680, 78: 442, 79: 324, 80: 86, 81: 456, 82: 694, 83: 142, 84: 380, 85: 254, 86: 16, 87: 72, 88: 310, 89: 86, 90: 324, 91: 380, 92: 142, 93: 142, 94: 380, 95: 736, 96: 498, 97: 792, 98: 554, 99: 554, 100: 792, 101: 652, 102: 414, 103: 142, 104: 380, 105: 16, 106: 254, 107: 652, 108: 414, 109: 456, 110: 694, 111: 478, 112: 240, 113: 44, 114: 282, 115: 750, 116: 512, 117: 750, 118: 512, 119: 240, 120: 478, 121: 240, 122: 478, 123: 414, 124: 652, 125: 296, 126: 58, 127: 324, 128: 86, 129: 240, 130: 478, 131: 414, 132: 652, 133: 380, 134: 142, 135: 240, 136: 478, 137: 792, 138: 554, 139: 764, 140: 526, 141: 478, 142: 240, 143: 792, 144: 554, 145: 414, 146: 652, 147: 142, 148: 380, 149: 366, 150: 128, 151: 16, 152: 254, 153: 554, 154: 792, 155: 554, 156: 792, 157: 512, 158: 750, 159: 750, 160: 512, 161: 268, 162: 30, 163: 554, 164: 792, 165: 16, 166: 254, 167: 414, 168: 652, 169: 324, 170: 86, 171: 680, 172: 442, 173: 764, 174: 526, 175: 352, 176: 114, 177: 44, 178: 282, 179: 554, 180: 792, 181: 792, 182: 554, 183: 114, 184: 352, 185: 240, 186: 478, 187: 72, 188: 310, 189: 414, 190: 652, 191: 554, 192: 792, 193: 30, 194: 268, 195: 478, 196: 240, 197: 338, 198: 100, 199: 366, 200: 128, 201: 414, 202: 652, 203: 792, 204: 554, 205: 142, 206: 380, 207: 428, 208: 666, 209: 414, 210: 652, 211: 408, 212: 170, 213: 16, 214: 254, 215: 324, 216: 86, 217: 16, 218: 254, 219: 666, 220: 428, 221: 16, 222: 254, 223: 170, 224: 408, 225: 414, 226: 652, 227: 86, 228: 324, 229: 750, 230: 512, 231: 414, 232: 652, 233: 512, 234: 750, 235: 512, 236: 750, 237: 324, 238: 86, 239: 652, 240: 414, 241: 792, 242: 554, 243: 792, 244: 554, 245: 554, 246: 792, 247: 240, 248: 478, 249: 792, 250: 554, 251: 282, 252: 44, 253: 240, 254: 478, 255: 554, 256: 792, 257: 44, 258: 282, 259: 142, 260: 380, 261: 380, 262: 142, 263: 512, 264: 750, 265: 478, 266: 240, 267: 554, 268: 792, 269: 414, 270: 652, 271: 526, 272: 764, 273: 240, 274: 478, 275: 736, 276: 498, 277: 750, 278: 512, 279: 44, 280: 282, 281: 414, 282: 652, 283: 414, 284: 652, 285: 16, 286: 254, 287: 142, 288: 380, 289: 428, 290: 666, 291: 380, 292: 142, 293: 414, 294: 652, 295: 792, 296: 554, 297: 380, 298: 142, 299: 254, 300: 16, 301: 554, 302: 792, 303: 652, 304: 414, 305: 792, 306: 554, 307: 792, 308: 554, 309: 142, 310: 380, 311: 722, 312: 484, 313: 792, 314: 554, 315: 142, 316: 380, 317: 414, 318: 652, 319: 240, 320: 478, 321: 156, 322: 394, 323: 142, 324: 380, 325: 792, 326: 554, 327: 240, 328: 478, 329: 16, 330: 254, 331: 666, 332: 428, 333: 142, 334: 380, 335: 484, 336: 722, 337: 750, 338: 512, 339: 792, 340: 554, 341: 114, 342: 352, 343: 414, 344: 652, 345: 456, 346: 694, 347: 414, 348: 652, 349: 554, 350: 792, 351: 652, 352: 414, 353: 240, 354: 478, 355: 554, 356: 792, 357: 554, 358: 792, 359: 778, 360: 540, 361: 414, 362: 652, 363: 736, 364: 498, 365: 540, 366: 778, 367: 666, 368: 428, 369: 414, 370: 652, 371: 170, 372: 408, 373: 666, 374: 428, 375: 554, 376: 792, 377: 680, 378: 442, 379: 380, 380: 142, 381: 380, 382: 142, 383: 254, 384: 16, 385: 764, 386: 526, 387: 380, 388: 142, 389: 680, 390: 442, 391: 750, 392: 512, 393: 128, 394: 366, 395: 128, 396: 366, 397: 554, 398: 792, 399: 408, 400: 170, 401: 58, 402: 296, 403: 156, 404: 394, 405: 240, 406: 478, 407: 652, 408: 414, 409: 414, 410: 652, 411: 86, 412: 324, 413: 86, 414: 324, 415: 512, 416: 750, 417: 380, 418: 142, 419: 540, 420: 778, 421: 142, 422: 380, 423: 254, 424: 16, 425: 554, 426: 792, 427: 652, 428: 414, 429: 380, 430: 142, 431: 792, 432: 554, 433: 380, 434: 142, 435: 750, 436: 512, 437: 142, 438: 380, 439: 652, 440: 414, 441: 170, 442: 408, 443: 86, 444: 324, 445: 478, 446: 240, 447: 170, 448: 408, 449: 736, 450: 498, 451: 114, 452: 352, 453: 408, 454: 170, 455: 414, 456: 652, 457: 792, 458: 554, 459: 554, 460: 792, 461: 652, 462: 414, 463: 282, 464: 44, 465: 554, 466: 792, 467: 310, 468: 72, 469: 554, 470: 792, 471: 86, 472: 324, 473: 554, 474: 792, 475: 554, 476: 792, 477: 554, 478: 792, 479: 554, 480: 792, 481: 380, 482: 142, 483: 156, 484: 394, 485: 408, 486: 170, 487: 778, 488: 540, 489: 170, 490: 408, 491: 414, 492: 652, 493: 240, 494: 478, 495: 736, 496: 498, 497: 414, 498: 652, 499: 254, 500: 16, 501: 750, 502: 512, 503: 268, 504: 30, 505: 44, 506: 282, 507: 456, 508: 694, 509: 652, 510: 414, 511: 792, 512: 554, 513: 324, 514: 86, 515: 30, 516: 268, 517: 414, 518: 652, 519: 142, 520: 380, 521: 414, 522: 652, 523: 240, 524: 478, 525: 408, 526: 170, 527: 366, 528: 128, 529: 240, 530: 478, 531: 142, 532: 380, 533: 414, 534: 652, 535: 414, 536: 652, 537: 408, 538: 170, 539: 16, 540: 254, 541: 414, 542: 652, 543: 86, 544: 324, 545: 540, 546: 778, 547: 324, 548: 86, 549: 268, 550: 30, 551: 414, 552: 652, 553: 792, 554: 554, 555: 478, 556: 240, 557: 44, 558: 282, 559: 694, 560: 456, 561: 498, 562: 736, 563: 44, 564: 282, 565: 254, 566: 16, 567: 792, 568: 554, 569: 156, 570: 394, 571: 310, 572: 72, 573: 170, 574: 408, 575: 240, 576: 478, 577: 554, 578: 792, 579: 456, 580: 694, 581: 44, 582: 282, 583: 142, 584: 380, 585: 380, 586: 142, 587: 554, 588: 792, 589: 652, 590: 414, 591: 652, 592: 414, 593: 16, 594: 254, 595: 470, 596: 708, 597: 170, 598: 408, 599: 428, 600: 666, 601: 792, 602: 554, 603: 352, 604: 114, 605: 764, 606: 526, 607: 414, 608: 652, 609: 338, 610: 100, 611: 58, 612: 296, 613: 408, 614: 170, 615: 652, 616: 414, 617: 666, 618: 428, 619: 100, 620: 338, 621: 792, 622: 554, 623: 414, 624: 652, 625: 512, 626: 750, 627: 652, 628: 414, 629: 554, 630: 792, 631: 414, 632: 652, 633: 554, 634: 792, 635: 142, 636: 380, 637: 58, 638: 296, 639: 72, 640: 310, 641: 44, 642: 282, 643: 540, 644: 778, 645: 414, 646: 652, 647: 310, 648: 72, 649: 666, 650: 428, 651: 16, 652: 254, 653: 750, 654: 512, 655: 296, 656: 58, 657: 764, 658: 526, 659: 324, 660: 86, 661: 16, 662: 254, 663: 512, 664: 750, 665: 44, 666: 282, 667: 16, 668: 254, 669: 58, 670: 296, 671: 16, 672: 254, 673: 408, 674: 170, 675: 324, 676: 86, 677: 324, 678: 86, 679: 554, 680: 792, 681: 296, 682: 58, 683: 736, 684: 498, 685: 722, 686: 484, 687: 540, 688: 778, 689: 30, 690: 268, 691: 254, 692: 16, 693: 652, 694: 414, 695: 792, 696: 554, 697: 456, 698: 694, 699: 680, 700: 442, 701: 554, 702: 792, 703: 86, 704: 324, 705: 380, 706: 142, 707: 58, 708: 296, 709: 142, 710: 380, 711: 736, 712: 498, 713: 16, 714: 254, 715: 708, 716: 470, 717: 554, 718: 792, 719: 792, 720: 554, 721: 540, 722: 778, 723: 428, 724: 666, 725: 16, 726: 254, 727: 652, 728: 414, 729: 394, 730: 156, 731: 128, 732: 366, 733: 722, 734: 484, 735: 554, 736: 792, 737: 540, 738: 778, 739: 666, 740: 428, 741: 254, 742: 16, 743: 414, 744: 652, 745: 16, 746: 254, 747: 156, 748: 394, 749: 498, 750: 736, 751: 554, 752: 792, 753: 428, 754: 666, 755: 498, 756: 736, 757: 380, 758: 142, 759: 16, 760: 254, 761: 666, 762: 428, 763: 764, 764: 526, 765: 554, 766: 792, 767: 792, 768: 554, 769: 16, 770: 254, 771: 44, 772: 282, 773: 722, 774: 484, 775: 778, 776: 540, 777: 86, 778: 324, 779: 268, 780: 30, 781: 512, 782: 750, 783: 722, 784: 484, 785: 484, 786: 722, 787: 554, 788: 792, 789: 414, 790: 652, 791: 792, 792: 554, 793: 16, 794: 254, 795: 442, 796: 680, 797: 764, 798: 526, 799: 44, 800: 282, 801: 338, 802: 100, 803: 792, 804: 554, 805: 736, 806: 498, 807: 554, 808: 792, 809: 30, 810: 268, 811: 778, 812: 540, 813: 72, 814: 310, 815: 44, 816: 282, 817: 750, 818: 512, 819: 722, 820: 484, 821: 324, 822: 86, 823: 554, 824: 792, 825: 16, 826: 254, 827: 16, 828: 254, 829: 16, 830: 254, 831: 44, 832: 282, 833: 86, 834: 324, 835: 750, 836: 512, 837: 44, 838: 282, 839: 100, 840: 338, 841: 128, 842: 366, 843: 792, 844: 554, 845: 338, 846: 100, 847: 792, 848: 554, 849: 512, 850: 750, 851: 722, 852: 484, 853: 750, 854: 512, 855: 30, 856: 268, 857: 736, 858: 498, 859: 792, 860: 554, 861: 666, 862: 428, 863: 380, 864: 142, 865: 778, 866: 540, 867: 554, 868: 792, 869: 16, 870: 254, 871: 554, 872: 792, 873: 128, 874: 366, 875: 254, 876: 16, 877: 72, 878: 310, 879: 394, 880: 156, 881: 16, 882: 254, 883: 394, 884: 156, 885: 142, 886: 380, 887: 30, 888: 268, 889: 100, 890: 338, 891: 380, 892: 142, 893: 736, 894: 498, 895: 30, 896: 268, 897: 58, 898: 296, 899: 100, 900: 338, 901: 554, 902: 792, 903: 58, 904: 296, 905: 736, 906: 498, 907: 128, 908: 366, 909: 282, 910: 44, 911: 100, 912: 338, 913: 254, 914: 16, 915: 666, 916: 428}
Number of labels used: 48
Total time: 484.54 sec
Memory: 922.20 MB
=============================================
[runlim] sample:		655.59 time, 490.01 real, 947 MB, 2.64 load
[runlim] sample:		675.58 time, 500.01 real, 1029 MB, 2.54 load
[runlim] sample:		695.57 time, 510.01 real, 1058 MB, 2.46 load
[runlim] sample:		715.57 time, 520.01 real, 1058 MB, 2.46 load
[runlim] sample:		735.57 time, 530.01 real, 1076 MB, 2.39 load
[runlim] sample:		755.57 time, 540.01 real, 1078 MB, 2.33 load
[runlim] sample:		775.56 time, 550.01 real, 1080 MB, 2.28 load
[runlim] sample:		795.55 time, 560.01 real, 1080 MB, 2.24 load
[runlim] sample:		815.55 time, 570.01 real, 1081 MB, 2.20 load
[runlim] sample:		835.55 time, 580.01 real, 1081 MB, 2.17 load
[runlim] sample:		855.54 time, 590.01 real, 1093 MB, 2.14 load
[runlim] sample:		875.54 time, 600.01 real, 1109 MB, 2.12 load
[runlim] end:			Tue Mar 24 13:34:57 2026
[runlim] status:		out of time
[runlim] result:		2
[runlim] children:		1
[runlim] processes:		2
[runlim] real:			601.06 seconds
[runlim] time:			875.54 seconds
[runlim] space:			1109 MB
[runlim] load:			2.76 maximum
[runlim] samples:		6000
