[runlim] version:		1.10
[runlim] time limit:		311040000 seconds
[runlim] real time limit:	600 seconds
[runlim] space limit:		14000 MB
[runlim] argv[0]:		python3
[runlim] argv[1]:		-u
[runlim] argv[2]:		main.py
[runlim] argv[3]:		scen06
[runlim] argv[4]:		nsc
[runlim] argv[5]:		assumptions
[runlim] argv[6]:		cadical195
[runlim] start:			Wed Mar 11 12:11:14 2026
[runlim] main pid:		12379
Solve first problem:
Cannot find solution.
Time taken: 0.37 seconds
Memory used: 33.52 MB
[runlim] end:			Wed Mar 11 12:11:14 2026
[runlim] status:		ok
[runlim] result:		0
[runlim] children:		0
[runlim] real:			0.78 seconds
[runlim] time:			0.39 seconds
[runlim] space:			33.3 MB
[runlim] samples:		4
