[runlim] version:		1.10
[runlim] time limit:		311040000 seconds
[runlim] real time limit:	600 seconds
[runlim] space limit:		14000 MB
[runlim] argv[0]:		python3
[runlim] argv[1]:		-u
[runlim] argv[2]:		main.py
[runlim] argv[3]:		TUD200.5
[runlim] argv[4]:		nsc
[runlim] argv[5]:		assumptions
[runlim] argv[6]:		cadical195
[runlim] start:			Wed Mar 11 12:11:21 2026
[runlim] main pid:		12406
Solve first problem:
Cannot find solution.
Time taken: 0.30 seconds
Memory used: 29.40 MB
[runlim] end:			Wed Mar 11 12:11:21 2026
[runlim] status:		ok
[runlim] result:		0
[runlim] children:		0
[runlim] real:			0.84 seconds
[runlim] time:			0.29 seconds
[runlim] space:			29.5 MB
[runlim] samples:		3
