[runlim] version:		1.10
[runlim] time limit:		311040000 seconds
[runlim] real time limit:	600 seconds
[runlim] space limit:		14000 MB
[runlim] argv[0]:		python3
[runlim] argv[1]:		-u
[runlim] argv[2]:		main.py
[runlim] argv[3]:		TUD916.5
[runlim] argv[4]:		nsc
[runlim] argv[5]:		assumptions
[runlim] argv[6]:		cadical195
[runlim] start:			Wed Mar 11 12:11:39 2026
[runlim] main pid:		12421
Solve first problem:
Cannot find solution.
Time taken: 0.75 seconds
Memory used: 53.64 MB
[runlim] end:			Wed Mar 11 12:11:40 2026
[runlim] status:		ok
[runlim] result:		0
[runlim] children:		0
[runlim] real:			0.81 seconds
[runlim] time:			0.76 seconds
[runlim] space:			55.8 MB
[runlim] samples:		8
