[runlim] version:		2.0.0rc12
[runlim] host:			ap-Precision-7550
[runlim] time limit:		311040000 seconds
[runlim] real time limit:	600 seconds
[runlim] space limit:		14000 MB
[runlim] argv[0]:		python3
[runlim] argv[1]:		-u
[runlim] argv[2]:		pairwise.py
[runlim] argv[3]:		graph01
[runlim] argv[4]:		tot
[runlim] argv[5]:		assumptions
[runlim] argv[6]:		cadical195
[runlim] argv[7]:		1
[runlim] argv[8]:		card
[runlim] argv[9]:		1
[runlim] start:			Sat Jun 20 01:15:50 2026
[runlim] child:			38535
Exactly-one cardinality encoding:  1
Distance constraint mode:  card
Distance cardinality encoding:  1
Objective strategy:  tot
SAT type:  assumptions
Solver:  cadical195
Number of assignment variables:  6920
Number of clauses for exactly one constraints:  20160
Number of clauses for distance constraints:  176412
---------------------------------------------------
Solve first problem:
Solution:
{1: 30, 2: 268, 3: 16, 4: 254, 5: 16, 6: 254, 7: 142, 8: 380, 9: 142, 10: 380, 11: 16, 12: 254, 13: 30, 14: 268, 15: 58, 16: 296, 17: 16, 18: 254, 19: 16, 20: 254, 21: 44, 22: 282, 23: 142, 24: 380, 25: 72, 26: 310, 27: 352, 28: 114, 29: 16, 30: 254, 31: 72, 32: 310, 33: 114, 34: 352, 35: 72, 36: 310, 37: 16, 38: 254, 39: 16, 40: 254, 41: 72, 42: 310, 43: 86, 44: 324, 45: 58, 46: 296, 47: 16, 48: 254, 49: 72, 50: 310, 51: 86, 52: 324, 53: 30, 54: 268, 55: 58, 56: 296, 57: 58, 58: 296, 59: 16, 60: 254, 61: 128, 62: 366, 63: 86, 64: 324, 65: 16, 66: 254, 67: 58, 68: 296, 69: 44, 70: 282, 71: 30, 72: 268, 73: 142, 74: 380, 75: 86, 76: 324, 77: 30, 78: 268, 79: 16, 80: 254, 81: 72, 82: 310, 83: 58, 84: 296, 85: 72, 86: 310, 87: 114, 88: 352, 89: 58, 90: 296, 91: 156, 92: 394, 93: 16, 94: 254, 95: 72, 96: 310, 97: 408, 98: 170, 99: 86, 100: 324, 101: 30, 102: 268, 103: 16, 104: 254, 105: 142, 106: 380, 107: 44, 108: 282, 109: 16, 110: 254, 111: 86, 112: 324, 113: 44, 114: 282, 115: 114, 116: 352, 117: 114, 118: 352, 119: 100, 120: 338, 121: 408, 122: 170, 123: 142, 124: 380, 125: 58, 126: 296, 127: 30, 128: 268, 129: 114, 130: 352, 131: 30, 132: 268, 133: 366, 134: 128, 135: 170, 136: 408, 137: 30, 138: 268, 139: 16, 140: 254, 141: 30, 142: 268, 143: 44, 144: 282, 145: 86, 146: 324, 147: 366, 148: 128, 149: 428, 150: 666, 151: 86, 152: 324, 153: 142, 154: 380, 155: 156, 156: 394, 157: 338, 158: 100, 159: 484, 160: 722, 161: 296, 162: 58, 163: 268, 164: 30, 165: 456, 166: 694, 167: 44, 168: 282, 169: 100, 170: 338, 171: 72, 172: 310, 173: 114, 174: 352, 175: 442, 176: 680, 177: 16, 178: 254, 179: 44, 180: 282, 181: 16, 182: 254, 183: 142, 184: 380, 185: 414, 186: 652, 187: 128, 188: 366, 189: 30, 190: 268, 191: 414, 192: 652, 193: 170, 194: 408, 195: 100, 196: 338, 197: 58, 198: 296, 199: 72, 200: 310}
Number of lables used:  34
Total time: 0.39 seconds
Memory used: 64.78 MB
--------------------------------------------------
Number of label variables:  48
Number of clauses for label constraints:  6920
Number of clauses for cardinality constraints:  1295
Initial variable count:  72045
Initial clause count:  204787
--------------------------------------------------

Trying with at most 33 labels...
Solution:
{1: 324, 2: 86, 3: 114, 4: 352, 5: 86, 6: 324, 7: 380, 8: 142, 9: 478, 10: 240, 11: 128, 12: 366, 13: 296, 14: 58, 15: 86, 16: 324, 17: 254, 18: 16, 19: 324, 20: 86, 21: 296, 22: 58, 23: 170, 24: 408, 25: 30, 26: 268, 27: 58, 28: 296, 29: 254, 30: 16, 31: 366, 32: 128, 33: 142, 34: 380, 35: 310, 36: 72, 37: 338, 38: 100, 39: 324, 40: 86, 41: 282, 42: 44, 43: 114, 44: 352, 45: 254, 46: 16, 47: 380, 48: 142, 49: 310, 50: 72, 51: 100, 52: 338, 53: 380, 54: 142, 55: 86, 56: 324, 57: 58, 58: 296, 59: 128, 60: 366, 61: 254, 62: 16, 63: 86, 64: 324, 65: 16, 66: 254, 67: 380, 68: 142, 69: 16, 70: 254, 71: 324, 72: 86, 73: 240, 74: 478, 75: 324, 76: 86, 77: 72, 78: 310, 79: 268, 80: 30, 81: 16, 82: 254, 83: 352, 84: 114, 85: 58, 86: 296, 87: 16, 88: 254, 89: 352, 90: 114, 91: 296, 92: 58, 93: 156, 94: 394, 95: 352, 96: 114, 97: 478, 98: 240, 99: 324, 100: 86, 101: 366, 102: 128, 103: 282, 104: 44, 105: 282, 106: 44, 107: 296, 108: 58, 109: 58, 110: 296, 111: 254, 112: 16, 113: 268, 114: 30, 115: 142, 116: 380, 117: 296, 118: 58, 119: 352, 120: 114, 121: 478, 122: 240, 123: 478, 124: 240, 125: 58, 126: 296, 127: 114, 128: 352, 129: 324, 130: 86, 131: 268, 132: 30, 133: 366, 134: 128, 135: 478, 136: 240, 137: 44, 138: 282, 139: 352, 140: 114, 141: 324, 142: 86, 143: 254, 144: 16, 145: 156, 146: 394, 147: 72, 148: 310, 149: 254, 150: 16, 151: 394, 152: 156, 153: 30, 154: 268, 155: 30, 156: 268, 157: 268, 158: 30, 159: 156, 160: 394, 161: 394, 162: 156, 163: 58, 164: 296, 165: 114, 166: 352, 167: 100, 168: 338, 169: 338, 170: 100, 171: 282, 172: 44, 173: 310, 174: 72, 175: 16, 176: 254, 177: 296, 178: 58, 179: 282, 180: 44, 181: 296, 182: 58, 183: 30, 184: 268, 185: 16, 186: 254, 187: 268, 188: 30, 189: 254, 190: 16, 191: 310, 192: 72, 193: 478, 194: 240, 195: 352, 196: 114, 197: 16, 198: 254, 199: 16, 200: 254}
Number of lables used:  26
Total time: 0.41 seconds
Memory used: 66.63 MB
--------------------------------------------------

Trying with at most 25 labels...
Solution:
{1: 324, 2: 86, 3: 114, 4: 352, 5: 86, 6: 324, 7: 408, 8: 170, 9: 478, 10: 240, 11: 128, 12: 366, 13: 296, 14: 58, 15: 86, 16: 324, 17: 254, 18: 16, 19: 324, 20: 86, 21: 296, 22: 58, 23: 170, 24: 408, 25: 30, 26: 268, 27: 58, 28: 296, 29: 254, 30: 16, 31: 366, 32: 128, 33: 352, 34: 114, 35: 310, 36: 72, 37: 338, 38: 100, 39: 324, 40: 86, 41: 282, 42: 44, 43: 114, 44: 352, 45: 254, 46: 16, 47: 16, 48: 254, 49: 338, 50: 100, 51: 100, 52: 338, 53: 86, 54: 324, 55: 86, 56: 324, 57: 58, 58: 296, 59: 128, 60: 366, 61: 254, 62: 16, 63: 86, 64: 324, 65: 16, 66: 254, 67: 100, 68: 338, 69: 16, 70: 254, 71: 324, 72: 86, 73: 240, 74: 478, 75: 324, 76: 86, 77: 72, 78: 310, 79: 268, 80: 30, 81: 16, 82: 254, 83: 352, 84: 114, 85: 58, 86: 296, 87: 16, 88: 254, 89: 394, 90: 156, 91: 296, 92: 58, 93: 156, 94: 394, 95: 352, 96: 114, 97: 478, 98: 240, 99: 86, 100: 324, 101: 366, 102: 128, 103: 282, 104: 44, 105: 282, 106: 44, 107: 296, 108: 58, 109: 58, 110: 296, 111: 254, 112: 16, 113: 268, 114: 30, 115: 30, 116: 268, 117: 296, 118: 58, 119: 352, 120: 114, 121: 478, 122: 240, 123: 478, 124: 240, 125: 58, 126: 296, 127: 114, 128: 352, 129: 324, 130: 86, 131: 268, 132: 30, 133: 366, 134: 128, 135: 478, 136: 240, 137: 44, 138: 282, 139: 352, 140: 114, 141: 324, 142: 86, 143: 254, 144: 16, 145: 156, 146: 394, 147: 72, 148: 310, 149: 254, 150: 16, 151: 394, 152: 156, 153: 30, 154: 268, 155: 30, 156: 268, 157: 268, 158: 30, 159: 156, 160: 394, 161: 394, 162: 156, 163: 72, 164: 310, 165: 114, 166: 352, 167: 100, 168: 338, 169: 338, 170: 100, 171: 282, 172: 44, 173: 310, 174: 72, 175: 16, 176: 254, 177: 296, 178: 58, 179: 282, 180: 44, 181: 296, 182: 58, 183: 30, 184: 268, 185: 254, 186: 16, 187: 268, 188: 30, 189: 254, 190: 16, 191: 310, 192: 72, 193: 408, 194: 170, 195: 352, 196: 114, 197: 16, 198: 254, 199: 16, 200: 254}
Number of lables used:  24
Total time: 0.42 seconds
Memory used: 66.62 MB
--------------------------------------------------

Trying with at most 23 labels...
Solution:
{1: 324, 2: 86, 3: 114, 4: 352, 5: 86, 6: 324, 7: 408, 8: 170, 9: 478, 10: 240, 11: 128, 12: 366, 13: 296, 14: 58, 15: 114, 16: 352, 17: 16, 18: 254, 19: 338, 20: 100, 21: 296, 22: 58, 23: 170, 24: 408, 25: 30, 26: 268, 27: 58, 28: 296, 29: 394, 30: 156, 31: 366, 32: 128, 33: 324, 34: 86, 35: 310, 36: 72, 37: 366, 38: 128, 39: 394, 40: 156, 41: 296, 42: 58, 43: 114, 44: 352, 45: 254, 46: 16, 47: 16, 48: 254, 49: 296, 50: 58, 51: 100, 52: 338, 53: 86, 54: 324, 55: 86, 56: 324, 57: 58, 58: 296, 59: 128, 60: 366, 61: 254, 62: 16, 63: 86, 64: 324, 65: 16, 66: 254, 67: 86, 68: 324, 69: 16, 70: 254, 71: 352, 72: 114, 73: 240, 74: 478, 75: 324, 76: 86, 77: 72, 78: 310, 79: 268, 80: 30, 81: 72, 82: 310, 83: 352, 84: 114, 85: 58, 86: 296, 87: 16, 88: 254, 89: 394, 90: 156, 91: 16, 92: 254, 93: 156, 94: 394, 95: 352, 96: 114, 97: 240, 98: 478, 99: 352, 100: 114, 101: 366, 102: 128, 103: 296, 104: 58, 105: 30, 106: 268, 107: 366, 108: 128, 109: 58, 110: 296, 111: 254, 112: 16, 113: 268, 114: 30, 115: 30, 116: 268, 117: 296, 118: 58, 119: 352, 120: 114, 121: 478, 122: 240, 123: 478, 124: 240, 125: 86, 126: 324, 127: 114, 128: 352, 129: 324, 130: 86, 131: 268, 132: 30, 133: 366, 134: 128, 135: 478, 136: 240, 137: 58, 138: 296, 139: 352, 140: 114, 141: 352, 142: 114, 143: 254, 144: 16, 145: 156, 146: 394, 147: 72, 148: 310, 149: 58, 150: 296, 151: 394, 152: 156, 153: 30, 154: 268, 155: 30, 156: 268, 157: 268, 158: 30, 159: 156, 160: 394, 161: 394, 162: 156, 163: 72, 164: 310, 165: 114, 166: 352, 167: 100, 168: 338, 169: 338, 170: 100, 171: 296, 172: 58, 173: 254, 174: 16, 175: 16, 176: 254, 177: 296, 178: 58, 179: 296, 180: 58, 181: 296, 182: 58, 183: 30, 184: 268, 185: 254, 186: 16, 187: 268, 188: 30, 189: 254, 190: 16, 191: 310, 192: 72, 193: 408, 194: 170, 195: 352, 196: 114, 197: 16, 198: 254, 199: 16, 200: 254}
Number of lables used:  22
Total time: 0.43 seconds
Memory used: 66.63 MB
--------------------------------------------------

Trying with at most 21 labels...
Solution:
{1: 86, 2: 324, 3: 114, 4: 352, 5: 484, 6: 722, 7: 408, 8: 170, 9: 240, 10: 478, 11: 86, 12: 324, 13: 156, 14: 394, 15: 324, 16: 86, 17: 352, 18: 114, 19: 86, 20: 324, 21: 484, 22: 722, 23: 240, 24: 478, 25: 128, 26: 366, 27: 484, 28: 722, 29: 254, 30: 16, 31: 254, 32: 16, 33: 268, 34: 30, 35: 310, 36: 72, 37: 114, 38: 352, 39: 394, 40: 156, 41: 366, 42: 128, 43: 366, 44: 128, 45: 310, 46: 72, 47: 16, 48: 254, 49: 114, 50: 352, 51: 114, 52: 352, 53: 114, 54: 352, 55: 324, 56: 86, 57: 86, 58: 324, 59: 114, 60: 352, 61: 722, 62: 484, 63: 86, 64: 324, 65: 16, 66: 254, 67: 352, 68: 114, 69: 16, 70: 254, 71: 268, 72: 30, 73: 240, 74: 478, 75: 30, 76: 268, 77: 128, 78: 366, 79: 268, 80: 30, 81: 16, 82: 254, 83: 394, 84: 156, 85: 268, 86: 30, 87: 16, 88: 254, 89: 394, 90: 156, 91: 72, 92: 310, 93: 310, 94: 72, 95: 16, 96: 254, 97: 408, 98: 170, 99: 324, 100: 86, 101: 254, 102: 16, 103: 310, 104: 72, 105: 30, 106: 268, 107: 366, 108: 128, 109: 114, 110: 352, 111: 722, 112: 484, 113: 268, 114: 30, 115: 310, 116: 72, 117: 254, 118: 16, 119: 352, 120: 114, 121: 170, 122: 408, 123: 170, 124: 408, 125: 86, 126: 324, 127: 72, 128: 310, 129: 722, 130: 484, 131: 268, 132: 30, 133: 30, 134: 268, 135: 408, 136: 170, 137: 72, 138: 310, 139: 366, 140: 128, 141: 86, 142: 324, 143: 254, 144: 16, 145: 268, 146: 30, 147: 16, 148: 254, 149: 484, 150: 722, 151: 394, 152: 156, 153: 156, 154: 394, 155: 310, 156: 72, 157: 324, 158: 86, 159: 394, 160: 156, 161: 394, 162: 156, 163: 128, 164: 366, 165: 128, 166: 366, 167: 484, 168: 722, 169: 352, 170: 114, 171: 484, 172: 722, 173: 324, 174: 86, 175: 114, 176: 352, 177: 310, 178: 72, 179: 268, 180: 30, 181: 722, 182: 484, 183: 30, 184: 268, 185: 86, 186: 324, 187: 310, 188: 72, 189: 254, 190: 16, 191: 72, 192: 310, 193: 408, 194: 170, 195: 30, 196: 268, 197: 16, 198: 254, 199: 16, 200: 254}
Number of lables used:  20
Total time: 0.46 seconds
Memory used: 67.63 MB
--------------------------------------------------

Trying with at most 19 labels...
Solution:
{1: 352, 2: 114, 3: 352, 4: 114, 5: 142, 6: 380, 7: 240, 8: 478, 9: 240, 10: 478, 11: 282, 12: 44, 13: 456, 14: 694, 15: 352, 16: 114, 17: 254, 18: 16, 19: 16, 20: 254, 21: 310, 22: 72, 23: 240, 24: 478, 25: 72, 26: 310, 27: 394, 28: 156, 29: 254, 30: 16, 31: 254, 32: 16, 33: 142, 34: 380, 35: 156, 36: 394, 37: 142, 38: 380, 39: 310, 40: 72, 41: 310, 42: 72, 43: 142, 44: 380, 45: 310, 46: 72, 47: 16, 48: 254, 49: 44, 50: 282, 51: 114, 52: 352, 53: 114, 54: 352, 55: 352, 56: 114, 57: 114, 58: 352, 59: 156, 60: 394, 61: 394, 62: 156, 63: 114, 64: 352, 65: 16, 66: 254, 67: 100, 68: 338, 69: 44, 70: 282, 71: 142, 72: 380, 73: 240, 74: 478, 75: 456, 76: 694, 77: 310, 78: 72, 79: 282, 80: 44, 81: 16, 82: 254, 83: 694, 84: 456, 85: 142, 86: 380, 87: 16, 88: 254, 89: 694, 90: 456, 91: 44, 92: 282, 93: 156, 94: 394, 95: 352, 96: 114, 97: 240, 98: 478, 99: 114, 100: 352, 101: 394, 102: 156, 103: 310, 104: 72, 105: 72, 106: 310, 107: 380, 108: 142, 109: 254, 110: 16, 111: 254, 112: 16, 113: 282, 114: 44, 115: 156, 116: 394, 117: 254, 118: 16, 119: 694, 120: 456, 121: 142, 122: 380, 123: 478, 124: 240, 125: 16, 126: 254, 127: 100, 128: 338, 129: 338, 130: 100, 131: 352, 132: 114, 133: 380, 134: 142, 135: 478, 136: 240, 137: 72, 138: 310, 139: 380, 140: 142, 141: 114, 142: 352, 143: 254, 144: 16, 145: 694, 146: 456, 147: 16, 148: 254, 149: 456, 150: 694, 151: 44, 152: 282, 153: 16, 154: 254, 155: 456, 156: 694, 157: 282, 158: 44, 159: 352, 160: 114, 161: 456, 162: 694, 163: 44, 164: 282, 165: 310, 166: 72, 167: 338, 168: 100, 169: 282, 170: 44, 171: 282, 172: 44, 173: 254, 174: 16, 175: 352, 176: 114, 177: 310, 178: 72, 179: 310, 180: 72, 181: 338, 182: 100, 183: 142, 184: 380, 185: 16, 186: 254, 187: 282, 188: 44, 189: 338, 190: 100, 191: 456, 192: 694, 193: 478, 194: 240, 195: 72, 196: 310, 197: 16, 198: 254, 199: 16, 200: 254}
Number of lables used:  18
Total time: 0.48 seconds
Memory used: 67.65 MB
--------------------------------------------------

Trying with at most 17 labels...
[runlim] sample:		9.95 time, 10.01 real, 82 MB, 1.14 load
[runlim] sample:		19.95 time, 20.01 real, 82 MB, 1.12 load
[runlim] sample:		29.94 time, 30.01 real, 87 MB, 1.10 load
[runlim] sample:		39.93 time, 40.01 real, 86 MB, 1.08 load
[runlim] sample:		49.93 time, 50.01 real, 85 MB, 1.07 load
[runlim] sample:		59.92 time, 60.01 real, 86 MB, 1.06 load
[runlim] sample:		69.92 time, 70.01 real, 93 MB, 1.05 load
[runlim] sample:		79.91 time, 80.01 real, 88 MB, 1.04 load
[runlim] sample:		89.91 time, 90.01 real, 93 MB, 1.03 load
[runlim] sample:		99.90 time, 100.01 real, 96 MB, 1.03 load
[runlim] sample:		109.90 time, 110.01 real, 91 MB, 1.02 load
[runlim] sample:		119.89 time, 120.01 real, 97 MB, 1.02 load
[runlim] sample:		129.89 time, 130.01 real, 97 MB, 1.02 load
[runlim] sample:		139.88 time, 140.01 real, 97 MB, 1.01 load
[runlim] sample:		149.88 time, 150.01 real, 99 MB, 1.01 load
[runlim] sample:		159.88 time, 160.01 real, 101 MB, 1.01 load
[runlim] sample:		169.88 time, 170.01 real, 79 MB, 1.01 load
[runlim] sample:		179.87 time, 180.01 real, 90 MB, 1.01 load
[runlim] sample:		189.86 time, 190.01 real, 93 MB, 1.00 load
[runlim] sample:		199.86 time, 200.01 real, 93 MB, 1.00 load
[runlim] sample:		209.85 time, 210.01 real, 93 MB, 1.00 load
[runlim] sample:		219.85 time, 220.01 real, 93 MB, 1.00 load
[runlim] sample:		229.85 time, 230.01 real, 93 MB, 1.00 load
[runlim] sample:		239.84 time, 240.01 real, 94 MB, 1.00 load
[runlim] sample:		249.84 time, 250.01 real, 96 MB, 1.00 load
[runlim] sample:		259.83 time, 260.01 real, 96 MB, 1.00 load
[runlim] sample:		269.82 time, 270.01 real, 104 MB, 1.00 load
[runlim] sample:		279.83 time, 280.01 real, 86 MB, 1.00 load
[runlim] sample:		289.82 time, 290.01 real, 96 MB, 1.00 load
[runlim] sample:		299.82 time, 300.01 real, 97 MB, 1.07 load
[runlim] sample:		309.81 time, 310.01 real, 97 MB, 1.06 load
[runlim] sample:		319.81 time, 320.01 real, 97 MB, 1.05 load
[runlim] sample:		329.80 time, 330.01 real, 101 MB, 1.04 load
[runlim] sample:		339.80 time, 340.01 real, 101 MB, 1.04 load
[runlim] sample:		349.79 time, 350.01 real, 101 MB, 1.11 load
[runlim] sample:		359.79 time, 360.01 real, 81 MB, 1.09 load
[runlim] sample:		369.78 time, 370.01 real, 102 MB, 1.08 load
[runlim] sample:		379.78 time, 380.01 real, 104 MB, 1.07 load
[runlim] sample:		389.77 time, 390.01 real, 89 MB, 1.06 load
[runlim] sample:		399.77 time, 400.01 real, 104 MB, 1.05 load
[runlim] sample:		409.76 time, 410.01 real, 121 MB, 1.04 load
[runlim] sample:		419.76 time, 420.01 real, 121 MB, 1.03 load
[runlim] sample:		429.75 time, 430.01 real, 121 MB, 1.03 load
[runlim] sample:		439.75 time, 440.01 real, 121 MB, 1.02 load
[runlim] sample:		449.74 time, 450.01 real, 132 MB, 1.02 load
[runlim] sample:		459.74 time, 460.01 real, 132 MB, 1.02 load
[runlim] sample:		469.73 time, 470.01 real, 132 MB, 1.01 load
[runlim] sample:		479.73 time, 480.01 real, 132 MB, 1.01 load
[runlim] sample:		489.73 time, 490.01 real, 132 MB, 1.01 load
[runlim] sample:		499.72 time, 500.01 real, 132 MB, 1.01 load
[runlim] sample:		509.72 time, 510.01 real, 132 MB, 1.00 load
[runlim] sample:		519.71 time, 520.01 real, 132 MB, 1.00 load
[runlim] sample:		529.72 time, 530.01 real, 142 MB, 1.00 load
[runlim] sample:		539.71 time, 540.01 real, 92 MB, 1.00 load
[runlim] sample:		549.70 time, 550.01 real, 108 MB, 1.00 load
[runlim] sample:		559.70 time, 560.01 real, 125 MB, 1.00 load
[runlim] sample:		569.69 time, 570.01 real, 146 MB, 1.00 load
[runlim] sample:		579.69 time, 580.01 real, 146 MB, 1.00 load
[runlim] sample:		589.68 time, 590.01 real, 146 MB, 1.00 load
[runlim] sample:		599.68 time, 600.01 real, 146 MB, 1.00 load
[runlim] end:			Sat Jun 20 01:25:51 2026
[runlim] status:		out of time
[runlim] result:		2
[runlim] children:		1
[runlim] processes:		2
[runlim] real:			601.06 seconds
[runlim] time:			599.68 seconds
[runlim] space:			146 MB
[runlim] load:			1.16 maximum
[runlim] samples:		6000
