[runlim] version:		2.0.0rc12
[runlim] host:			ap-Precision-7550
[runlim] time limit:		311040000 seconds
[runlim] real time limit:	600 seconds
[runlim] space limit:		14000 MB
[runlim] argv[0]:		python3
[runlim] argv[1]:		-u
[runlim] argv[2]:		pairwise.py
[runlim] argv[3]:		graph03
[runlim] argv[4]:		tot
[runlim] argv[5]:		assumptions
[runlim] argv[6]:		cadical195
[runlim] argv[7]:		1
[runlim] argv[8]:		card
[runlim] argv[9]:		1
[runlim] start:			Sat Jun 27 04:32:45 2026
[runlim] child:			18462
Exactly-one cardinality encoding:  1
Distance constraint mode:  card
Distance cardinality encoding:  1
Objective strategy:  tot
SAT type:  assumptions
Solver:  cadical195
Number of assignment variables:  7480
Number of clauses for exactly one constraints:  21840
Number of clauses for distance constraints:  1319403
---------------------------------------------------
Solve first problem:
Solution:
{1: 778, 2: 540, 3: 652, 4: 414, 5: 736, 6: 498, 7: 722, 8: 484, 9: 722, 10: 484, 11: 666, 12: 428, 13: 58, 14: 296, 15: 114, 16: 352, 17: 680, 18: 442, 19: 156, 20: 394, 21: 30, 22: 268, 23: 72, 24: 310, 25: 764, 26: 526, 27: 708, 28: 470, 29: 694, 30: 456, 31: 142, 32: 380, 33: 44, 34: 282, 35: 652, 36: 414, 37: 142, 38: 380, 39: 16, 40: 254, 41: 16, 42: 254, 43: 764, 44: 526, 45: 736, 46: 498, 47: 708, 48: 470, 49: 764, 50: 526, 51: 666, 52: 428, 53: 722, 54: 484, 55: 58, 56: 296, 57: 778, 58: 540, 59: 680, 60: 442, 61: 778, 62: 540, 63: 778, 64: 540, 65: 128, 66: 366, 67: 764, 68: 526, 69: 30, 70: 268, 71: 764, 72: 526, 73: 792, 74: 554, 75: 58, 76: 296, 77: 44, 78: 282, 79: 792, 80: 554, 81: 764, 82: 526, 83: 30, 84: 268, 85: 16, 86: 254, 87: 792, 88: 554, 89: 792, 90: 554, 91: 778, 92: 540, 93: 100, 94: 338, 95: 142, 96: 380, 97: 30, 98: 268, 99: 44, 100: 282, 101: 778, 102: 540, 103: 764, 104: 526, 105: 86, 106: 324, 107: 750, 108: 512, 109: 666, 110: 428, 111: 16, 112: 254, 113: 58, 114: 296, 115: 58, 116: 296, 117: 156, 118: 394, 119: 114, 120: 352, 121: 750, 122: 512, 123: 30, 124: 268, 125: 722, 126: 484, 127: 58, 128: 296, 129: 128, 130: 366, 131: 156, 132: 394, 133: 72, 134: 310, 135: 722, 136: 484, 137: 792, 138: 554, 139: 722, 140: 484, 141: 750, 142: 512, 143: 750, 144: 512, 145: 30, 146: 268, 147: 72, 148: 310, 149: 736, 150: 498, 151: 72, 152: 310, 153: 86, 154: 324, 155: 100, 156: 338, 157: 100, 158: 338, 159: 100, 160: 338, 161: 86, 162: 324, 163: 114, 164: 352, 165: 128, 166: 366, 167: 86, 168: 324, 169: 778, 170: 540, 171: 778, 172: 540, 173: 128, 174: 366, 175: 764, 176: 526, 177: 44, 178: 282, 179: 736, 180: 498, 181: 114, 182: 352, 183: 708, 184: 470, 185: 156, 186: 394, 187: 736, 188: 498, 189: 100, 190: 338, 191: 16, 192: 254, 193: 792, 194: 554, 195: 44, 196: 282, 197: 736, 198: 498, 199: 128, 200: 366}
Number of lables used:  44
Total time: 2.23 seconds
Memory used: 300.96 MB
--------------------------------------------------
Number of label variables:  48
Number of clauses for label constraints:  7458
Number of clauses for cardinality constraints:  1390
Initial variable count:  464191
Initial clause count:  1349907
--------------------------------------------------

Trying with at most 43 labels...
Solution:
{1: 128, 2: 366, 3: 142, 4: 380, 5: 792, 6: 554, 7: 142, 8: 380, 9: 142, 10: 380, 11: 142, 12: 380, 13: 58, 14: 296, 15: 114, 16: 352, 17: 114, 18: 352, 19: 86, 20: 324, 21: 16, 22: 254, 23: 86, 24: 324, 25: 100, 26: 338, 27: 100, 28: 338, 29: 114, 30: 352, 31: 128, 32: 366, 33: 44, 34: 282, 35: 142, 36: 380, 37: 792, 38: 554, 39: 16, 40: 254, 41: 16, 42: 254, 43: 86, 44: 324, 45: 58, 46: 296, 47: 708, 48: 470, 49: 778, 50: 540, 51: 128, 52: 366, 53: 142, 54: 380, 55: 764, 56: 526, 57: 708, 58: 470, 59: 694, 60: 456, 61: 722, 62: 484, 63: 16, 64: 254, 65: 58, 66: 296, 67: 694, 68: 456, 69: 30, 70: 268, 71: 142, 72: 380, 73: 142, 74: 380, 75: 58, 76: 296, 77: 44, 78: 282, 79: 16, 80: 254, 81: 86, 82: 324, 83: 764, 84: 526, 85: 16, 86: 254, 87: 16, 88: 254, 89: 72, 90: 310, 91: 778, 92: 540, 93: 30, 94: 268, 95: 142, 96: 380, 97: 778, 98: 540, 99: 44, 100: 282, 101: 792, 102: 554, 103: 142, 104: 380, 105: 86, 106: 324, 107: 694, 108: 456, 109: 142, 110: 380, 111: 16, 112: 254, 113: 16, 114: 254, 115: 58, 116: 296, 117: 142, 118: 380, 119: 764, 120: 526, 121: 114, 122: 352, 123: 778, 124: 540, 125: 142, 126: 380, 127: 694, 128: 456, 129: 114, 130: 352, 131: 44, 132: 282, 133: 72, 134: 310, 135: 652, 136: 414, 137: 792, 138: 554, 139: 778, 140: 540, 141: 100, 142: 338, 143: 58, 144: 296, 145: 30, 146: 268, 147: 72, 148: 310, 149: 128, 150: 366, 151: 44, 152: 282, 153: 16, 154: 254, 155: 722, 156: 484, 157: 792, 158: 554, 159: 58, 160: 296, 161: 722, 162: 484, 163: 778, 164: 540, 165: 86, 166: 324, 167: 16, 168: 254, 169: 128, 170: 366, 171: 128, 172: 366, 173: 764, 174: 526, 175: 708, 176: 470, 177: 44, 178: 282, 179: 72, 180: 310, 181: 114, 182: 352, 183: 694, 184: 456, 185: 142, 186: 380, 187: 58, 188: 296, 189: 30, 190: 268, 191: 16, 192: 254, 193: 778, 194: 540, 195: 44, 196: 282, 197: 764, 198: 526, 199: 58, 200: 296}
Number of lables used:  34
Total time: 4.84 seconds
Memory used: 331.52 MB
--------------------------------------------------

Trying with at most 33 labels...
Solution:
{1: 100, 2: 338, 3: 156, 4: 394, 5: 142, 6: 380, 7: 156, 8: 394, 9: 142, 10: 380, 11: 156, 12: 394, 13: 722, 14: 484, 15: 114, 16: 352, 17: 736, 18: 498, 19: 778, 20: 540, 21: 30, 22: 268, 23: 100, 24: 338, 25: 100, 26: 338, 27: 694, 28: 456, 29: 128, 30: 366, 31: 142, 32: 380, 33: 58, 34: 296, 35: 694, 36: 456, 37: 722, 38: 484, 39: 16, 40: 254, 41: 30, 42: 268, 43: 100, 44: 338, 45: 736, 46: 498, 47: 100, 48: 338, 49: 778, 50: 540, 51: 142, 52: 380, 53: 142, 54: 380, 55: 764, 56: 526, 57: 694, 58: 456, 59: 694, 60: 456, 61: 778, 62: 540, 63: 778, 64: 540, 65: 722, 66: 484, 67: 694, 68: 456, 69: 30, 70: 268, 71: 694, 72: 456, 73: 142, 74: 380, 75: 736, 76: 498, 77: 44, 78: 282, 79: 778, 80: 540, 81: 100, 82: 338, 83: 764, 84: 526, 85: 778, 86: 540, 87: 16, 88: 254, 89: 72, 90: 310, 91: 30, 92: 268, 93: 30, 94: 268, 95: 142, 96: 380, 97: 44, 98: 282, 99: 764, 100: 526, 101: 30, 102: 268, 103: 156, 104: 394, 105: 736, 106: 498, 107: 114, 108: 352, 109: 142, 110: 380, 111: 778, 112: 540, 113: 16, 114: 254, 115: 58, 116: 296, 117: 778, 118: 540, 119: 736, 120: 498, 121: 114, 122: 352, 123: 30, 124: 268, 125: 722, 126: 484, 127: 722, 128: 484, 129: 128, 130: 366, 131: 156, 132: 394, 133: 722, 134: 484, 135: 142, 136: 380, 137: 722, 138: 484, 139: 722, 140: 484, 141: 114, 142: 352, 143: 736, 144: 498, 145: 30, 146: 268, 147: 722, 148: 484, 149: 736, 150: 498, 151: 58, 152: 296, 153: 764, 154: 526, 155: 100, 156: 338, 157: 30, 158: 268, 159: 778, 160: 540, 161: 778, 162: 540, 163: 114, 164: 352, 165: 100, 166: 338, 167: 778, 168: 540, 169: 142, 170: 380, 171: 142, 172: 380, 173: 58, 174: 296, 175: 764, 176: 526, 177: 44, 178: 282, 179: 722, 180: 484, 181: 128, 182: 366, 183: 694, 184: 456, 185: 156, 186: 394, 187: 72, 188: 310, 189: 30, 190: 268, 191: 16, 192: 254, 193: 72, 194: 310, 195: 778, 196: 540, 197: 142, 198: 380, 199: 30, 200: 268}
Number of lables used:  30
Total time: 5.66 seconds
Memory used: 337.68 MB
--------------------------------------------------

Trying with at most 29 labels...
Solution:
{1: 72, 2: 310, 3: 142, 4: 380, 5: 114, 6: 352, 7: 142, 8: 380, 9: 142, 10: 380, 11: 722, 12: 484, 13: 58, 14: 296, 15: 114, 16: 352, 17: 114, 18: 352, 19: 30, 20: 268, 21: 16, 22: 254, 23: 86, 24: 324, 25: 100, 26: 338, 27: 100, 28: 338, 29: 114, 30: 352, 31: 128, 32: 366, 33: 44, 34: 282, 35: 142, 36: 380, 37: 778, 38: 540, 39: 16, 40: 254, 41: 792, 42: 554, 43: 778, 44: 540, 45: 792, 46: 554, 47: 86, 48: 324, 49: 778, 50: 540, 51: 128, 52: 366, 53: 142, 54: 380, 55: 44, 56: 282, 57: 778, 58: 540, 59: 114, 60: 352, 61: 86, 62: 324, 63: 16, 64: 254, 65: 722, 66: 484, 67: 722, 68: 484, 69: 30, 70: 268, 71: 722, 72: 484, 73: 142, 74: 380, 75: 792, 76: 554, 77: 44, 78: 282, 79: 16, 80: 254, 81: 86, 82: 324, 83: 30, 84: 268, 85: 778, 86: 540, 87: 16, 88: 254, 89: 792, 90: 554, 91: 16, 92: 254, 93: 30, 94: 268, 95: 142, 96: 380, 97: 778, 98: 540, 99: 778, 100: 540, 101: 16, 102: 254, 103: 142, 104: 380, 105: 86, 106: 324, 107: 30, 108: 268, 109: 142, 110: 380, 111: 16, 112: 254, 113: 16, 114: 254, 115: 58, 116: 296, 117: 142, 118: 380, 119: 44, 120: 282, 121: 114, 122: 352, 123: 142, 124: 380, 125: 142, 126: 380, 127: 792, 128: 554, 129: 44, 130: 282, 131: 142, 132: 380, 133: 722, 134: 484, 135: 142, 136: 380, 137: 114, 138: 352, 139: 86, 140: 324, 141: 100, 142: 338, 143: 58, 144: 296, 145: 30, 146: 268, 147: 778, 148: 540, 149: 778, 150: 540, 151: 722, 152: 484, 153: 16, 154: 254, 155: 722, 156: 484, 157: 16, 158: 254, 159: 58, 160: 296, 161: 792, 162: 554, 163: 114, 164: 352, 165: 778, 166: 540, 167: 16, 168: 254, 169: 128, 170: 366, 171: 128, 172: 366, 173: 44, 174: 282, 175: 100, 176: 338, 177: 44, 178: 282, 179: 722, 180: 484, 181: 114, 182: 352, 183: 86, 184: 324, 185: 722, 186: 484, 187: 58, 188: 296, 189: 30, 190: 268, 191: 16, 192: 254, 193: 58, 194: 296, 195: 44, 196: 282, 197: 128, 198: 366, 199: 722, 200: 484}
Number of lables used:  26
Total time: 6.21 seconds
Memory used: 329.90 MB
--------------------------------------------------

Trying with at most 25 labels...
Solution:
{1: 72, 2: 310, 3: 142, 4: 380, 5: 114, 6: 352, 7: 142, 8: 380, 9: 142, 10: 380, 11: 722, 12: 484, 13: 58, 14: 296, 15: 114, 16: 352, 17: 114, 18: 352, 19: 30, 20: 268, 21: 16, 22: 254, 23: 86, 24: 324, 25: 100, 26: 338, 27: 100, 28: 338, 29: 114, 30: 352, 31: 128, 32: 366, 33: 44, 34: 282, 35: 142, 36: 380, 37: 778, 38: 540, 39: 16, 40: 254, 41: 16, 42: 254, 43: 778, 44: 540, 45: 778, 46: 540, 47: 86, 48: 324, 49: 778, 50: 540, 51: 128, 52: 366, 53: 142, 54: 380, 55: 44, 56: 282, 57: 778, 58: 540, 59: 114, 60: 352, 61: 86, 62: 324, 63: 16, 64: 254, 65: 722, 66: 484, 67: 722, 68: 484, 69: 30, 70: 268, 71: 722, 72: 484, 73: 142, 74: 380, 75: 58, 76: 296, 77: 44, 78: 282, 79: 16, 80: 254, 81: 86, 82: 324, 83: 30, 84: 268, 85: 778, 86: 540, 87: 16, 88: 254, 89: 722, 90: 484, 91: 16, 92: 254, 93: 30, 94: 268, 95: 142, 96: 380, 97: 778, 98: 540, 99: 778, 100: 540, 101: 16, 102: 254, 103: 142, 104: 380, 105: 86, 106: 324, 107: 100, 108: 338, 109: 142, 110: 380, 111: 16, 112: 254, 113: 16, 114: 254, 115: 58, 116: 296, 117: 142, 118: 380, 119: 44, 120: 282, 121: 114, 122: 352, 123: 16, 124: 254, 125: 142, 126: 380, 127: 72, 128: 310, 129: 114, 130: 352, 131: 142, 132: 380, 133: 722, 134: 484, 135: 142, 136: 380, 137: 114, 138: 352, 139: 86, 140: 324, 141: 100, 142: 338, 143: 58, 144: 296, 145: 30, 146: 268, 147: 778, 148: 540, 149: 778, 150: 540, 151: 722, 152: 484, 153: 16, 154: 254, 155: 722, 156: 484, 157: 16, 158: 254, 159: 58, 160: 296, 161: 72, 162: 310, 163: 114, 164: 352, 165: 778, 166: 540, 167: 16, 168: 254, 169: 128, 170: 366, 171: 128, 172: 366, 173: 44, 174: 282, 175: 100, 176: 338, 177: 44, 178: 282, 179: 722, 180: 484, 181: 114, 182: 352, 183: 86, 184: 324, 185: 722, 186: 484, 187: 58, 188: 296, 189: 30, 190: 268, 191: 16, 192: 254, 193: 58, 194: 296, 195: 44, 196: 282, 197: 128, 198: 366, 199: 722, 200: 484}
Number of lables used:  24
Total time: 6.30 seconds
Memory used: 329.90 MB
--------------------------------------------------

Trying with at most 23 labels...
Solution:
{1: 722, 2: 484, 3: 142, 4: 380, 5: 142, 6: 380, 7: 142, 8: 380, 9: 142, 10: 380, 11: 142, 12: 380, 13: 722, 14: 484, 15: 114, 16: 352, 17: 114, 18: 352, 19: 764, 20: 526, 21: 16, 22: 254, 23: 86, 24: 324, 25: 722, 26: 484, 27: 764, 28: 526, 29: 114, 30: 352, 31: 128, 32: 366, 33: 44, 34: 282, 35: 142, 36: 380, 37: 72, 38: 310, 39: 764, 40: 526, 41: 16, 42: 254, 43: 86, 44: 324, 45: 764, 46: 526, 47: 86, 48: 324, 49: 30, 50: 268, 51: 128, 52: 366, 53: 142, 54: 380, 55: 44, 56: 282, 57: 86, 58: 324, 59: 764, 60: 526, 61: 86, 62: 324, 63: 16, 64: 254, 65: 764, 66: 526, 67: 764, 68: 526, 69: 30, 70: 268, 71: 142, 72: 380, 73: 142, 74: 380, 75: 722, 76: 484, 77: 764, 78: 526, 79: 16, 80: 254, 81: 86, 82: 324, 83: 30, 84: 268, 85: 16, 86: 254, 87: 16, 88: 254, 89: 764, 90: 526, 91: 16, 92: 254, 93: 30, 94: 268, 95: 142, 96: 380, 97: 764, 98: 526, 99: 44, 100: 282, 101: 16, 102: 254, 103: 142, 104: 380, 105: 86, 106: 324, 107: 764, 108: 526, 109: 142, 110: 380, 111: 764, 112: 526, 113: 16, 114: 254, 115: 722, 116: 484, 117: 142, 118: 380, 119: 44, 120: 282, 121: 114, 122: 352, 123: 16, 124: 254, 125: 142, 126: 380, 127: 72, 128: 310, 129: 114, 130: 352, 131: 142, 132: 380, 133: 72, 134: 310, 135: 142, 136: 380, 137: 114, 138: 352, 139: 86, 140: 324, 141: 722, 142: 484, 143: 722, 144: 484, 145: 30, 146: 268, 147: 72, 148: 310, 149: 128, 150: 366, 151: 44, 152: 282, 153: 16, 154: 254, 155: 86, 156: 324, 157: 16, 158: 254, 159: 764, 160: 526, 161: 72, 162: 310, 163: 114, 164: 352, 165: 86, 166: 324, 167: 16, 168: 254, 169: 128, 170: 366, 171: 128, 172: 366, 173: 44, 174: 282, 175: 764, 176: 526, 177: 44, 178: 282, 179: 72, 180: 310, 181: 114, 182: 352, 183: 86, 184: 324, 185: 142, 186: 380, 187: 764, 188: 526, 189: 30, 190: 268, 191: 16, 192: 254, 193: 764, 194: 526, 195: 44, 196: 282, 197: 128, 198: 366, 199: 30, 200: 268}
Number of lables used:  20
Total time: 6.88 seconds
Memory used: 330.87 MB
--------------------------------------------------

Trying with at most 19 labels...
[runlim] sample:		10.00 time, 10.01 real, 346 MB, 1.15 load
[runlim] sample:		19.99 time, 20.01 real, 324 MB, 1.12 load
[runlim] sample:		29.99 time, 30.01 real, 325 MB, 1.10 load
[runlim] sample:		39.98 time, 40.01 real, 326 MB, 1.09 load
Cannot find solution.
No more solutions found.
Optimal number of labels used:  20
Total time: 49.01 seconds
Memory used: 326.43 MB
[runlim] end:			Sat Jun 27 04:33:34 2026
[runlim] status:		ok
[runlim] result:		0
[runlim] children:		1
[runlim] processes:		2
[runlim] real:			49.10 seconds
[runlim] time:			48.97 seconds
[runlim] space:			393 MB
[runlim] load:			1.17 maximum
[runlim] samples:		491
