[runlim] version:		2.0.0rc12
[runlim] host:			ap-Precision-7550
[runlim] time limit:		311040000 seconds
[runlim] real time limit:	600 seconds
[runlim] space limit:		14000 MB
[runlim] argv[0]:		python3
[runlim] argv[1]:		-u
[runlim] argv[2]:		pairwise.py
[runlim] argv[3]:		TUD200.3
[runlim] argv[4]:		tot
[runlim] argv[5]:		assumptions
[runlim] argv[6]:		cadical195
[runlim] argv[7]:		1
[runlim] argv[8]:		card
[runlim] argv[9]:		1
[runlim] start:			Sat Jun 27 04:46:37 2026
[runlim] child:			18546
Exactly-one cardinality encoding:  1
Distance constraint mode:  card
Distance cardinality encoding:  1
Objective strategy:  tot
SAT type:  assumptions
Solver:  cadical195
Number of assignment variables:  7066
Number of clauses for exactly one constraints:  20598
Number of clauses for distance constraints:  413133
---------------------------------------------------
Solve first problem:
Solution:
{1: 428, 2: 666, 3: 352, 4: 114, 5: 268, 6: 30, 7: 470, 8: 708, 9: 352, 10: 114, 11: 380, 12: 142, 13: 792, 14: 554, 15: 680, 16: 442, 17: 170, 18: 408, 19: 128, 20: 366, 21: 282, 22: 44, 23: 394, 24: 156, 25: 540, 26: 778, 27: 652, 28: 414, 29: 142, 30: 380, 31: 428, 32: 666, 33: 44, 34: 282, 35: 114, 36: 352, 37: 666, 38: 428, 39: 652, 40: 414, 41: 254, 42: 16, 43: 268, 44: 30, 45: 338, 46: 100, 47: 512, 48: 750, 49: 16, 50: 254, 51: 666, 52: 428, 53: 652, 54: 414, 55: 414, 56: 652, 57: 114, 58: 352, 59: 86, 60: 324, 61: 254, 62: 16, 63: 498, 64: 736, 65: 680, 66: 442, 67: 540, 68: 778, 69: 722, 70: 484, 71: 58, 72: 296, 73: 680, 74: 442, 75: 72, 76: 310, 77: 58, 78: 296, 79: 778, 80: 540, 81: 16, 82: 254, 83: 16, 84: 254, 85: 282, 86: 44, 87: 156, 88: 394, 89: 764, 90: 526, 91: 254, 92: 16, 93: 310, 94: 72, 95: 442, 96: 680, 97: 142, 98: 380, 99: 142, 100: 380, 101: 750, 102: 512, 103: 324, 104: 86, 105: 352, 106: 114, 107: 44, 108: 282, 109: 414, 110: 652, 111: 72, 112: 310, 113: 792, 114: 554, 115: 652, 116: 414, 117: 428, 118: 666, 119: 310, 120: 72, 121: 240, 122: 478, 123: 296, 124: 58, 125: 666, 126: 428, 127: 428, 128: 666, 129: 324, 130: 86, 131: 478, 132: 240, 133: 100, 134: 338, 135: 254, 136: 16, 137: 652, 138: 414, 139: 268, 140: 30, 141: 142, 142: 380, 143: 296, 144: 58, 145: 456, 146: 694, 147: 268, 148: 30, 149: 254, 150: 16, 151: 352, 152: 114, 153: 414, 154: 652, 155: 100, 156: 338, 157: 268, 158: 30, 159: 30, 160: 268, 161: 296, 162: 58, 163: 254, 164: 16, 165: 254, 166: 16, 167: 380, 168: 142, 169: 310, 170: 72, 171: 254, 172: 16, 173: 366, 174: 128, 175: 338, 176: 100, 177: 324, 178: 86, 179: 380, 180: 142, 181: 254, 182: 16, 183: 310, 184: 72, 185: 30, 186: 268, 187: 254, 188: 16, 189: 722, 190: 484, 191: 268, 192: 30, 193: 324, 194: 86, 195: 736, 196: 498, 197: 282, 198: 44, 199: 254, 200: 16}
Number of lables used:  48
Total time: 0.71 seconds
Memory used: 111.45 MB
--------------------------------------------------
Number of label variables:  48
Number of clauses for label constraints:  7066
Number of clauses for cardinality constraints:  1400
Initial variable count:  153727
Initial clause count:  442198
--------------------------------------------------

Trying with at most 47 labels...
Solution:
{1: 428, 2: 666, 3: 352, 4: 114, 5: 268, 6: 30, 7: 470, 8: 708, 9: 352, 10: 114, 11: 380, 12: 142, 13: 442, 14: 680, 15: 680, 16: 442, 17: 170, 18: 408, 19: 128, 20: 366, 21: 282, 22: 44, 23: 394, 24: 156, 25: 540, 26: 778, 27: 652, 28: 414, 29: 142, 30: 380, 31: 428, 32: 666, 33: 44, 34: 282, 35: 114, 36: 352, 37: 666, 38: 428, 39: 652, 40: 414, 41: 254, 42: 16, 43: 268, 44: 30, 45: 338, 46: 100, 47: 512, 48: 750, 49: 16, 50: 254, 51: 666, 52: 428, 53: 652, 54: 414, 55: 414, 56: 652, 57: 114, 58: 352, 59: 86, 60: 324, 61: 254, 62: 16, 63: 512, 64: 750, 65: 680, 66: 442, 67: 554, 68: 792, 69: 722, 70: 484, 71: 58, 72: 296, 73: 680, 74: 442, 75: 72, 76: 310, 77: 58, 78: 296, 79: 778, 80: 540, 81: 16, 82: 254, 83: 16, 84: 254, 85: 282, 86: 44, 87: 156, 88: 394, 89: 764, 90: 526, 91: 254, 92: 16, 93: 310, 94: 72, 95: 442, 96: 680, 97: 142, 98: 380, 99: 142, 100: 380, 101: 750, 102: 512, 103: 324, 104: 86, 105: 352, 106: 114, 107: 44, 108: 282, 109: 414, 110: 652, 111: 72, 112: 310, 113: 792, 114: 554, 115: 652, 116: 414, 117: 428, 118: 666, 119: 310, 120: 72, 121: 240, 122: 478, 123: 296, 124: 58, 125: 666, 126: 428, 127: 428, 128: 666, 129: 324, 130: 86, 131: 478, 132: 240, 133: 100, 134: 338, 135: 254, 136: 16, 137: 652, 138: 414, 139: 268, 140: 30, 141: 142, 142: 380, 143: 296, 144: 58, 145: 456, 146: 694, 147: 268, 148: 30, 149: 254, 150: 16, 151: 352, 152: 114, 153: 414, 154: 652, 155: 100, 156: 338, 157: 268, 158: 30, 159: 30, 160: 268, 161: 296, 162: 58, 163: 254, 164: 16, 165: 254, 166: 16, 167: 380, 168: 142, 169: 310, 170: 72, 171: 254, 172: 16, 173: 366, 174: 128, 175: 338, 176: 100, 177: 324, 178: 86, 179: 380, 180: 142, 181: 254, 182: 16, 183: 310, 184: 72, 185: 30, 186: 268, 187: 254, 188: 16, 189: 722, 190: 484, 191: 268, 192: 30, 193: 324, 194: 86, 195: 750, 196: 512, 197: 282, 198: 44, 199: 254, 200: 16}
Number of lables used:  46
Total time: 0.73 seconds
Memory used: 112.72 MB
--------------------------------------------------

Trying with at most 45 labels...
Solution:
{1: 428, 2: 666, 3: 352, 4: 114, 5: 268, 6: 30, 7: 470, 8: 708, 9: 352, 10: 114, 11: 380, 12: 142, 13: 470, 14: 708, 15: 680, 16: 442, 17: 170, 18: 408, 19: 128, 20: 366, 21: 282, 22: 44, 23: 394, 24: 156, 25: 540, 26: 778, 27: 652, 28: 414, 29: 142, 30: 380, 31: 428, 32: 666, 33: 44, 34: 282, 35: 114, 36: 352, 37: 666, 38: 428, 39: 652, 40: 414, 41: 254, 42: 16, 43: 268, 44: 30, 45: 338, 46: 100, 47: 540, 48: 778, 49: 16, 50: 254, 51: 680, 52: 442, 53: 652, 54: 414, 55: 414, 56: 652, 57: 114, 58: 352, 59: 86, 60: 324, 61: 254, 62: 16, 63: 470, 64: 708, 65: 680, 66: 442, 67: 652, 68: 414, 69: 722, 70: 484, 71: 58, 72: 296, 73: 680, 74: 442, 75: 72, 76: 310, 77: 58, 78: 296, 79: 778, 80: 540, 81: 16, 82: 254, 83: 16, 84: 254, 85: 282, 86: 44, 87: 156, 88: 394, 89: 792, 90: 554, 91: 254, 92: 16, 93: 310, 94: 72, 95: 442, 96: 680, 97: 142, 98: 380, 99: 142, 100: 380, 101: 778, 102: 540, 103: 324, 104: 86, 105: 352, 106: 114, 107: 44, 108: 282, 109: 414, 110: 652, 111: 72, 112: 310, 113: 792, 114: 554, 115: 652, 116: 414, 117: 428, 118: 666, 119: 310, 120: 72, 121: 240, 122: 478, 123: 296, 124: 58, 125: 666, 126: 428, 127: 428, 128: 666, 129: 324, 130: 86, 131: 478, 132: 240, 133: 100, 134: 338, 135: 254, 136: 16, 137: 652, 138: 414, 139: 268, 140: 30, 141: 142, 142: 380, 143: 296, 144: 58, 145: 456, 146: 694, 147: 268, 148: 30, 149: 254, 150: 16, 151: 352, 152: 114, 153: 778, 154: 540, 155: 100, 156: 338, 157: 268, 158: 30, 159: 30, 160: 268, 161: 296, 162: 58, 163: 254, 164: 16, 165: 254, 166: 16, 167: 380, 168: 142, 169: 310, 170: 72, 171: 254, 172: 16, 173: 366, 174: 128, 175: 338, 176: 100, 177: 324, 178: 86, 179: 380, 180: 142, 181: 254, 182: 16, 183: 310, 184: 72, 185: 30, 186: 268, 187: 254, 188: 16, 189: 722, 190: 484, 191: 268, 192: 30, 193: 324, 194: 86, 195: 778, 196: 540, 197: 282, 198: 44, 199: 254, 200: 16}
Number of lables used:  42
Total time: 0.75 seconds
Memory used: 112.72 MB
--------------------------------------------------

Trying with at most 41 labels...
Solution:
{1: 484, 2: 722, 3: 352, 4: 114, 5: 268, 6: 30, 7: 470, 8: 708, 9: 352, 10: 114, 11: 408, 12: 170, 13: 142, 14: 380, 15: 708, 16: 470, 17: 170, 18: 408, 19: 86, 20: 324, 21: 282, 22: 44, 23: 394, 24: 156, 25: 324, 26: 86, 27: 652, 28: 414, 29: 114, 30: 352, 31: 414, 32: 652, 33: 44, 34: 282, 35: 114, 36: 352, 37: 778, 38: 540, 39: 652, 40: 414, 41: 254, 42: 16, 43: 268, 44: 30, 45: 338, 46: 100, 47: 540, 48: 778, 49: 16, 50: 254, 51: 708, 52: 470, 53: 652, 54: 414, 55: 414, 56: 652, 57: 114, 58: 352, 59: 86, 60: 324, 61: 324, 62: 86, 63: 540, 64: 778, 65: 708, 66: 470, 67: 652, 68: 414, 69: 778, 70: 540, 71: 58, 72: 296, 73: 708, 74: 470, 75: 72, 76: 310, 77: 16, 78: 254, 79: 708, 80: 470, 81: 16, 82: 254, 83: 16, 84: 254, 85: 268, 86: 30, 87: 156, 88: 394, 89: 470, 90: 708, 91: 254, 92: 16, 93: 310, 94: 72, 95: 540, 96: 778, 97: 142, 98: 380, 99: 142, 100: 380, 101: 778, 102: 540, 103: 324, 104: 86, 105: 16, 106: 254, 107: 44, 108: 282, 109: 414, 110: 652, 111: 72, 112: 310, 113: 722, 114: 484, 115: 652, 116: 414, 117: 470, 118: 708, 119: 310, 120: 72, 121: 240, 122: 478, 123: 296, 124: 58, 125: 30, 126: 268, 127: 470, 128: 708, 129: 708, 130: 470, 131: 380, 132: 142, 133: 470, 134: 708, 135: 254, 136: 16, 137: 652, 138: 414, 139: 708, 140: 470, 141: 142, 142: 380, 143: 296, 144: 58, 145: 470, 146: 708, 147: 268, 148: 30, 149: 254, 150: 16, 151: 352, 152: 114, 153: 778, 154: 540, 155: 100, 156: 338, 157: 268, 158: 30, 159: 30, 160: 268, 161: 296, 162: 58, 163: 338, 164: 100, 165: 254, 166: 16, 167: 380, 168: 142, 169: 310, 170: 72, 171: 254, 172: 16, 173: 366, 174: 128, 175: 338, 176: 100, 177: 324, 178: 86, 179: 380, 180: 142, 181: 254, 182: 16, 183: 310, 184: 72, 185: 30, 186: 268, 187: 254, 188: 16, 189: 722, 190: 484, 191: 268, 192: 30, 193: 324, 194: 86, 195: 778, 196: 540, 197: 282, 198: 44, 199: 254, 200: 16}
Number of lables used:  34
Total time: 0.77 seconds
Memory used: 112.72 MB
--------------------------------------------------

Trying with at most 33 labels...
Solution:
{1: 484, 2: 722, 3: 380, 4: 142, 5: 268, 6: 30, 7: 470, 8: 708, 9: 380, 10: 142, 11: 408, 12: 170, 13: 142, 14: 380, 15: 708, 16: 470, 17: 170, 18: 408, 19: 86, 20: 324, 21: 310, 22: 72, 23: 86, 24: 324, 25: 324, 26: 86, 27: 652, 28: 414, 29: 114, 30: 352, 31: 414, 32: 652, 33: 778, 34: 540, 35: 142, 36: 380, 37: 778, 38: 540, 39: 652, 40: 414, 41: 254, 42: 16, 43: 268, 44: 30, 45: 338, 46: 100, 47: 540, 48: 778, 49: 16, 50: 254, 51: 708, 52: 470, 53: 652, 54: 414, 55: 414, 56: 652, 57: 114, 58: 352, 59: 100, 60: 338, 61: 324, 62: 86, 63: 540, 64: 778, 65: 708, 66: 470, 67: 652, 68: 414, 69: 778, 70: 540, 71: 72, 72: 310, 73: 778, 74: 540, 75: 72, 76: 310, 77: 16, 78: 254, 79: 708, 80: 470, 81: 16, 82: 254, 83: 16, 84: 254, 85: 268, 86: 30, 87: 470, 88: 708, 89: 470, 90: 708, 91: 254, 92: 16, 93: 310, 94: 72, 95: 540, 96: 778, 97: 142, 98: 380, 99: 142, 100: 380, 101: 778, 102: 540, 103: 380, 104: 142, 105: 16, 106: 254, 107: 86, 108: 324, 109: 414, 110: 652, 111: 72, 112: 310, 113: 722, 114: 484, 115: 652, 116: 414, 117: 470, 118: 708, 119: 310, 120: 72, 121: 240, 122: 478, 123: 310, 124: 72, 125: 30, 126: 268, 127: 470, 128: 708, 129: 708, 130: 470, 131: 380, 132: 142, 133: 470, 134: 708, 135: 254, 136: 16, 137: 652, 138: 414, 139: 708, 140: 470, 141: 142, 142: 380, 143: 722, 144: 484, 145: 484, 146: 722, 147: 268, 148: 30, 149: 254, 150: 16, 151: 352, 152: 114, 153: 778, 154: 540, 155: 100, 156: 338, 157: 268, 158: 30, 159: 30, 160: 268, 161: 310, 162: 72, 163: 338, 164: 100, 165: 254, 166: 16, 167: 652, 168: 414, 169: 310, 170: 72, 171: 254, 172: 16, 173: 380, 174: 142, 175: 338, 176: 100, 177: 324, 178: 86, 179: 408, 180: 170, 181: 254, 182: 16, 183: 310, 184: 72, 185: 30, 186: 268, 187: 254, 188: 16, 189: 722, 190: 484, 191: 268, 192: 30, 193: 352, 194: 114, 195: 778, 196: 540, 197: 310, 198: 72, 199: 254, 200: 16}
Number of lables used:  26
Total time: 0.79 seconds
Memory used: 112.72 MB
--------------------------------------------------

Trying with at most 25 labels...
Solution:
{1: 484, 2: 722, 3: 380, 4: 142, 5: 268, 6: 30, 7: 470, 8: 708, 9: 380, 10: 142, 11: 408, 12: 170, 13: 142, 14: 380, 15: 708, 16: 470, 17: 170, 18: 408, 19: 100, 20: 338, 21: 310, 22: 72, 23: 86, 24: 324, 25: 380, 26: 142, 27: 652, 28: 414, 29: 114, 30: 352, 31: 414, 32: 652, 33: 72, 34: 310, 35: 142, 36: 380, 37: 778, 38: 540, 39: 652, 40: 414, 41: 338, 42: 100, 43: 268, 44: 30, 45: 338, 46: 100, 47: 540, 48: 778, 49: 30, 50: 268, 51: 708, 52: 470, 53: 652, 54: 414, 55: 414, 56: 652, 57: 142, 58: 380, 59: 100, 60: 338, 61: 324, 62: 86, 63: 540, 64: 778, 65: 778, 66: 540, 67: 652, 68: 414, 69: 324, 70: 86, 71: 72, 72: 310, 73: 72, 74: 310, 75: 86, 76: 324, 77: 30, 78: 268, 79: 708, 80: 470, 81: 30, 82: 268, 83: 72, 84: 310, 85: 484, 86: 722, 87: 414, 88: 652, 89: 414, 90: 652, 91: 268, 92: 30, 93: 352, 94: 114, 95: 540, 96: 778, 97: 170, 98: 408, 99: 142, 100: 380, 101: 652, 102: 414, 103: 540, 104: 778, 105: 114, 106: 352, 107: 142, 108: 380, 109: 470, 110: 708, 111: 708, 112: 470, 113: 722, 114: 484, 115: 652, 116: 414, 117: 722, 118: 484, 119: 338, 120: 100, 121: 240, 122: 478, 123: 310, 124: 72, 125: 30, 126: 268, 127: 778, 128: 540, 129: 708, 130: 470, 131: 380, 132: 142, 133: 470, 134: 708, 135: 268, 136: 30, 137: 652, 138: 414, 139: 708, 140: 470, 141: 142, 142: 380, 143: 722, 144: 484, 145: 484, 146: 722, 147: 470, 148: 708, 149: 268, 150: 30, 151: 380, 152: 142, 153: 778, 154: 540, 155: 100, 156: 338, 157: 268, 158: 30, 159: 30, 160: 268, 161: 310, 162: 72, 163: 338, 164: 100, 165: 268, 166: 30, 167: 652, 168: 414, 169: 310, 170: 72, 171: 268, 172: 30, 173: 380, 174: 142, 175: 338, 176: 100, 177: 324, 178: 86, 179: 408, 180: 170, 181: 268, 182: 30, 183: 540, 184: 778, 185: 30, 186: 268, 187: 30, 188: 268, 189: 722, 190: 484, 191: 268, 192: 30, 193: 352, 194: 114, 195: 778, 196: 540, 197: 310, 198: 72, 199: 268, 200: 30}
Number of lables used:  24
Total time: 0.83 seconds
Memory used: 112.72 MB
--------------------------------------------------

Trying with at most 23 labels...
Solution:
{1: 484, 2: 722, 3: 380, 4: 142, 5: 324, 6: 86, 7: 470, 8: 708, 9: 708, 10: 470, 11: 408, 12: 170, 13: 142, 14: 380, 15: 708, 16: 470, 17: 170, 18: 408, 19: 100, 20: 338, 21: 310, 22: 72, 23: 86, 24: 324, 25: 380, 26: 142, 27: 652, 28: 414, 29: 100, 30: 338, 31: 414, 32: 652, 33: 72, 34: 310, 35: 142, 36: 380, 37: 414, 38: 652, 39: 652, 40: 414, 41: 338, 42: 100, 43: 268, 44: 30, 45: 540, 46: 778, 47: 540, 48: 778, 49: 30, 50: 268, 51: 708, 52: 470, 53: 652, 54: 414, 55: 414, 56: 652, 57: 324, 58: 86, 59: 100, 60: 338, 61: 324, 62: 86, 63: 540, 64: 778, 65: 778, 66: 540, 67: 652, 68: 414, 69: 324, 70: 86, 71: 72, 72: 310, 73: 72, 74: 310, 75: 86, 76: 324, 77: 30, 78: 268, 79: 708, 80: 470, 81: 30, 82: 268, 83: 72, 84: 310, 85: 484, 86: 722, 87: 414, 88: 652, 89: 414, 90: 652, 91: 268, 92: 30, 93: 380, 94: 142, 95: 540, 96: 778, 97: 170, 98: 408, 99: 142, 100: 380, 101: 652, 102: 414, 103: 540, 104: 778, 105: 72, 106: 310, 107: 142, 108: 380, 109: 470, 110: 708, 111: 708, 112: 470, 113: 30, 114: 268, 115: 652, 116: 414, 117: 722, 118: 484, 119: 338, 120: 100, 121: 240, 122: 478, 123: 310, 124: 72, 125: 30, 126: 268, 127: 778, 128: 540, 129: 708, 130: 470, 131: 380, 132: 142, 133: 470, 134: 708, 135: 142, 136: 380, 137: 652, 138: 414, 139: 708, 140: 470, 141: 142, 142: 380, 143: 722, 144: 484, 145: 484, 146: 722, 147: 470, 148: 708, 149: 268, 150: 30, 151: 380, 152: 142, 153: 778, 154: 540, 155: 100, 156: 338, 157: 268, 158: 30, 159: 30, 160: 268, 161: 268, 162: 30, 163: 338, 164: 100, 165: 268, 166: 30, 167: 652, 168: 414, 169: 310, 170: 72, 171: 268, 172: 30, 173: 380, 174: 142, 175: 338, 176: 100, 177: 324, 178: 86, 179: 408, 180: 170, 181: 268, 182: 30, 183: 540, 184: 778, 185: 30, 186: 268, 187: 30, 188: 268, 189: 722, 190: 484, 191: 268, 192: 30, 193: 380, 194: 142, 195: 778, 196: 540, 197: 310, 198: 72, 199: 268, 200: 30}
Number of lables used:  22
Total time: 0.86 seconds
Memory used: 112.72 MB
--------------------------------------------------

Trying with at most 21 labels...
Solution:
{1: 86, 2: 324, 3: 380, 4: 142, 5: 100, 6: 338, 7: 708, 8: 470, 9: 708, 10: 470, 11: 380, 12: 142, 13: 142, 14: 380, 15: 470, 16: 708, 17: 240, 18: 478, 19: 268, 20: 30, 21: 324, 22: 86, 23: 86, 24: 324, 25: 708, 26: 470, 27: 652, 28: 414, 29: 100, 30: 338, 31: 540, 32: 778, 33: 30, 34: 268, 35: 324, 36: 86, 37: 414, 38: 652, 39: 778, 40: 540, 41: 254, 42: 16, 43: 268, 44: 30, 45: 540, 46: 778, 47: 540, 48: 778, 49: 652, 50: 414, 51: 708, 52: 470, 53: 652, 54: 414, 55: 470, 56: 708, 57: 324, 58: 86, 59: 100, 60: 338, 61: 324, 62: 86, 63: 484, 64: 722, 65: 778, 66: 540, 67: 652, 68: 414, 69: 324, 70: 86, 71: 540, 72: 778, 73: 30, 74: 268, 75: 708, 76: 470, 77: 100, 78: 338, 79: 86, 80: 324, 81: 30, 82: 268, 83: 100, 84: 338, 85: 324, 86: 86, 87: 414, 88: 652, 89: 414, 90: 652, 91: 16, 92: 254, 93: 380, 94: 142, 95: 652, 96: 414, 97: 142, 98: 380, 99: 142, 100: 380, 101: 652, 102: 414, 103: 540, 104: 778, 105: 16, 106: 254, 107: 142, 108: 380, 109: 470, 110: 708, 111: 708, 112: 470, 113: 652, 114: 414, 115: 652, 116: 414, 117: 722, 118: 484, 119: 338, 120: 100, 121: 240, 122: 478, 123: 338, 124: 100, 125: 540, 126: 778, 127: 778, 128: 540, 129: 268, 130: 30, 131: 380, 132: 142, 133: 470, 134: 708, 135: 254, 136: 16, 137: 86, 138: 324, 139: 30, 140: 268, 141: 100, 142: 338, 143: 778, 144: 540, 145: 652, 146: 414, 147: 470, 148: 708, 149: 338, 150: 100, 151: 380, 152: 142, 153: 778, 154: 540, 155: 652, 156: 414, 157: 268, 158: 30, 159: 86, 160: 324, 161: 484, 162: 722, 163: 16, 164: 254, 165: 268, 166: 30, 167: 254, 168: 16, 169: 540, 170: 778, 171: 86, 172: 324, 173: 338, 174: 100, 175: 722, 176: 484, 177: 380, 178: 142, 179: 380, 180: 142, 181: 16, 182: 254, 183: 86, 184: 324, 185: 30, 186: 268, 187: 30, 188: 268, 189: 722, 190: 484, 191: 268, 192: 30, 193: 380, 194: 142, 195: 778, 196: 540, 197: 324, 198: 86, 199: 268, 200: 30}
Number of lables used:  20
Total time: 0.88 seconds
Memory used: 112.72 MB
--------------------------------------------------

Trying with at most 19 labels...
Solution:
{1: 86, 2: 324, 3: 380, 4: 142, 5: 16, 6: 254, 7: 268, 8: 30, 9: 324, 10: 86, 11: 380, 12: 142, 13: 380, 14: 142, 15: 268, 16: 30, 17: 240, 18: 478, 19: 380, 20: 142, 21: 652, 22: 414, 23: 142, 24: 380, 25: 414, 26: 652, 27: 652, 28: 414, 29: 324, 30: 86, 31: 722, 32: 484, 33: 30, 34: 268, 35: 324, 36: 86, 37: 722, 38: 484, 39: 722, 40: 484, 41: 324, 42: 86, 43: 142, 44: 380, 45: 540, 46: 778, 47: 394, 48: 156, 49: 652, 50: 414, 51: 268, 52: 30, 53: 722, 54: 484, 55: 540, 56: 778, 57: 324, 58: 86, 59: 652, 60: 414, 61: 324, 62: 86, 63: 484, 64: 722, 65: 778, 66: 540, 67: 652, 68: 414, 69: 156, 70: 394, 71: 540, 72: 778, 73: 30, 74: 268, 75: 380, 76: 142, 77: 16, 78: 254, 79: 86, 80: 324, 81: 16, 82: 254, 83: 254, 84: 16, 85: 30, 86: 268, 87: 16, 88: 254, 89: 414, 90: 652, 91: 16, 92: 254, 93: 380, 94: 142, 95: 722, 96: 484, 97: 240, 98: 478, 99: 142, 100: 380, 101: 652, 102: 414, 103: 540, 104: 778, 105: 268, 106: 30, 107: 142, 108: 380, 109: 484, 110: 722, 111: 722, 112: 484, 113: 652, 114: 414, 115: 254, 116: 16, 117: 722, 118: 484, 119: 142, 120: 380, 121: 240, 122: 478, 123: 414, 124: 652, 125: 778, 126: 540, 127: 778, 128: 540, 129: 30, 130: 268, 131: 380, 132: 142, 133: 484, 134: 722, 135: 254, 136: 16, 137: 324, 138: 86, 139: 30, 140: 268, 141: 778, 142: 540, 143: 414, 144: 652, 145: 652, 146: 414, 147: 86, 148: 324, 149: 414, 150: 652, 151: 722, 152: 484, 153: 778, 154: 540, 155: 156, 156: 394, 157: 30, 158: 268, 159: 86, 160: 324, 161: 484, 162: 722, 163: 142, 164: 380, 165: 268, 166: 30, 167: 16, 168: 254, 169: 540, 170: 778, 171: 380, 172: 142, 173: 380, 174: 142, 175: 778, 176: 540, 177: 380, 178: 142, 179: 478, 180: 240, 181: 16, 182: 254, 183: 86, 184: 324, 185: 268, 186: 30, 187: 30, 188: 268, 189: 722, 190: 484, 191: 268, 192: 30, 193: 540, 194: 778, 195: 778, 196: 540, 197: 86, 198: 324, 199: 268, 200: 30}
Number of lables used:  18
Total time: 0.91 seconds
Memory used: 112.72 MB
--------------------------------------------------

Trying with at most 17 labels...
Solution:
{1: 142, 2: 380, 3: 380, 4: 142, 5: 86, 6: 324, 7: 268, 8: 30, 9: 652, 10: 414, 11: 380, 12: 142, 13: 268, 14: 30, 15: 142, 16: 380, 17: 240, 18: 478, 19: 722, 20: 484, 21: 86, 22: 324, 23: 142, 24: 380, 25: 414, 26: 652, 27: 30, 28: 268, 29: 540, 30: 778, 31: 540, 32: 778, 33: 86, 34: 324, 35: 30, 36: 268, 37: 86, 38: 324, 39: 652, 40: 414, 41: 268, 42: 30, 43: 484, 44: 722, 45: 540, 46: 778, 47: 778, 48: 540, 49: 30, 50: 268, 51: 86, 52: 324, 53: 722, 54: 484, 55: 540, 56: 778, 57: 414, 58: 652, 59: 652, 60: 414, 61: 324, 62: 86, 63: 540, 64: 778, 65: 778, 66: 540, 67: 652, 68: 414, 69: 268, 70: 30, 71: 540, 72: 778, 73: 86, 74: 324, 75: 380, 76: 142, 77: 30, 78: 268, 79: 142, 80: 380, 81: 30, 82: 268, 83: 268, 84: 30, 85: 380, 86: 142, 87: 30, 88: 268, 89: 414, 90: 652, 91: 156, 92: 394, 93: 380, 94: 142, 95: 722, 96: 484, 97: 142, 98: 380, 99: 142, 100: 380, 101: 652, 102: 414, 103: 540, 104: 778, 105: 414, 106: 652, 107: 142, 108: 380, 109: 484, 110: 722, 111: 722, 112: 484, 113: 722, 114: 484, 115: 30, 116: 268, 117: 778, 118: 540, 119: 142, 120: 380, 121: 240, 122: 478, 123: 414, 124: 652, 125: 778, 126: 540, 127: 722, 128: 484, 129: 30, 130: 268, 131: 240, 132: 478, 133: 142, 134: 380, 135: 86, 136: 324, 137: 268, 138: 30, 139: 30, 140: 268, 141: 722, 142: 484, 143: 414, 144: 652, 145: 722, 146: 484, 147: 652, 148: 414, 149: 414, 150: 652, 151: 778, 152: 540, 153: 778, 154: 540, 155: 156, 156: 394, 157: 86, 158: 324, 159: 30, 160: 268, 161: 778, 162: 540, 163: 324, 164: 86, 165: 86, 166: 324, 167: 86, 168: 324, 169: 414, 170: 652, 171: 380, 172: 142, 173: 380, 174: 142, 175: 778, 176: 540, 177: 380, 178: 142, 179: 142, 180: 380, 181: 86, 182: 324, 183: 268, 184: 30, 185: 156, 186: 394, 187: 86, 188: 324, 189: 484, 190: 722, 191: 86, 192: 324, 193: 156, 194: 394, 195: 484, 196: 722, 197: 324, 198: 86, 199: 268, 200: 30}
Number of lables used:  16
Total time: 0.94 seconds
Memory used: 112.72 MB
--------------------------------------------------

Trying with at most 15 labels...
Solution:
{1: 142, 2: 380, 3: 442, 4: 680, 5: 16, 6: 254, 7: 254, 8: 16, 9: 526, 10: 764, 11: 478, 12: 240, 13: 16, 14: 254, 15: 792, 16: 554, 17: 380, 18: 142, 19: 680, 20: 442, 21: 680, 22: 442, 23: 442, 24: 680, 25: 442, 26: 680, 27: 680, 28: 442, 29: 380, 30: 142, 31: 526, 32: 764, 33: 764, 34: 526, 35: 142, 36: 380, 37: 764, 38: 526, 39: 792, 40: 554, 41: 72, 42: 310, 43: 72, 44: 310, 45: 554, 46: 792, 47: 380, 48: 142, 49: 16, 50: 254, 51: 526, 52: 764, 53: 764, 54: 526, 55: 792, 56: 554, 57: 380, 58: 142, 59: 72, 60: 310, 61: 310, 62: 72, 63: 442, 64: 680, 65: 764, 66: 526, 67: 554, 68: 792, 69: 72, 70: 310, 71: 554, 72: 792, 73: 792, 74: 554, 75: 680, 76: 442, 77: 72, 78: 310, 79: 764, 80: 526, 81: 16, 82: 254, 83: 310, 84: 72, 85: 380, 86: 142, 87: 16, 88: 254, 89: 792, 90: 554, 91: 680, 92: 442, 93: 310, 94: 72, 95: 442, 96: 680, 97: 240, 98: 478, 99: 478, 100: 240, 101: 554, 102: 792, 103: 680, 104: 442, 105: 554, 106: 792, 107: 526, 108: 764, 109: 442, 110: 680, 111: 142, 112: 380, 113: 792, 114: 554, 115: 16, 116: 254, 117: 142, 118: 380, 119: 764, 120: 526, 121: 380, 122: 142, 123: 254, 124: 16, 125: 764, 126: 526, 127: 442, 128: 680, 129: 442, 130: 680, 131: 380, 132: 142, 133: 442, 134: 680, 135: 310, 136: 72, 137: 380, 138: 142, 139: 72, 140: 310, 141: 72, 142: 310, 143: 310, 144: 72, 145: 16, 146: 254, 147: 792, 148: 554, 149: 72, 150: 310, 151: 142, 152: 380, 153: 254, 154: 16, 155: 792, 156: 554, 157: 142, 158: 380, 159: 254, 160: 16, 161: 310, 162: 72, 163: 442, 164: 680, 165: 254, 166: 16, 167: 792, 168: 554, 169: 526, 170: 764, 171: 526, 172: 764, 173: 526, 174: 764, 175: 380, 176: 142, 177: 680, 178: 442, 179: 240, 180: 478, 181: 680, 182: 442, 183: 142, 184: 380, 185: 526, 186: 764, 187: 72, 188: 310, 189: 526, 190: 764, 191: 310, 192: 72, 193: 554, 194: 792, 195: 526, 196: 764, 197: 380, 198: 142, 199: 16, 200: 254}
Number of lables used:  14
Total time: 1.18 seconds
Memory used: 128.70 MB
--------------------------------------------------

Trying with at most 13 labels...
[runlim] sample:		10.00 time, 10.01 real, 140 MB, 1.07 load
Cannot find solution.
No more solutions found.
Optimal number of labels used:  14
Total time: 12.96 seconds
Memory used: 140.32 MB
[runlim] end:			Sat Jun 27 04:46:50 2026
[runlim] status:		ok
[runlim] result:		0
[runlim] children:		1
[runlim] processes:		2
[runlim] real:			13.02 seconds
[runlim] time:			13.00 seconds
[runlim] space:			160 MB
[runlim] load:			1.15 maximum
[runlim] samples:		131
