[runlim] version:		1.10
[runlim] time limit:		311040000 seconds
[runlim] real time limit:	600 seconds
[runlim] space limit:		14000 MB
[runlim] argv[0]:		python3
[runlim] argv[1]:		-u
[runlim] argv[2]:		no_preprocessing.py
[runlim] argv[3]:		scen07
[runlim] argv[4]:		tot
[runlim] argv[5]:		assumptions
[runlim] argv[6]:		cadical195
[runlim] start:			Thu Mar 12 00:22:53 2026
[runlim] main pid:		16637
Solve first problem:
Cannot find solution.
Time taken: 0.41 seconds
Memory used: 39.89 MB
[runlim] end:			Thu Mar 12 00:22:53 2026
[runlim] status:		ok
[runlim] result:		0
[runlim] children:		0
[runlim] real:			0.59 seconds
[runlim] time:			0.39 seconds
[runlim] space:			40.3 MB
[runlim] samples:		4
