[runlim] version:		2.0.0rc12
[runlim] host:			ap-Precision-7550
[runlim] time limit:		311040000 seconds
[runlim] real time limit:	600 seconds
[runlim] space limit:		14000 MB
[runlim] argv[0]:		python3
[runlim] argv[1]:		-u
[runlim] argv[2]:		evalmaxsat.py
[runlim] argv[3]:		scen08
[runlim] argv[4]:		CARD
[runlim] argv[5]:		1
[runlim] argv[6]:		1
[runlim] start:			Sun Jun 21 21:53:42 2026
[runlim] child:			16922
[INFO] Generating WCNF for scen08 (CARD,1,1)
[SKIP] No solution found in preprocessing step
[SKIP] No WCNF generated for scen08 (CARD_1_1); preprocessing found no feasible solution
[runlim] end:			Sun Jun 21 21:53:43 2026
[runlim] status:		ok
[runlim] result:		0
[runlim] children:		1
[runlim] processes:		2
[runlim] real:			0.25 seconds
[runlim] time:			0.19 seconds
[runlim] space:			19 MB
[runlim] load:			1.00 maximum
[runlim] samples:		3
