[runlim] version:		2.0.0rc12
[runlim] host:			ap-Precision-7550
[runlim] time limit:		311040000 seconds
[runlim] real time limit:	600 seconds
[runlim] space limit:		14000 MB
[runlim] argv[0]:		python3
[runlim] argv[1]:		-u
[runlim] argv[2]:		evalmaxsat.py
[runlim] argv[3]:		TUD916.5
[runlim] argv[4]:		CARD
[runlim] argv[5]:		1
[runlim] argv[6]:		1
[runlim] start:			Sun Jun 21 22:11:51 2026
[runlim] child:			17044
[INFO] Generating WCNF for TUD916.5 (CARD,1,1)
[SKIP] No solution found in preprocessing step
[SKIP] No WCNF generated for TUD916.5 (CARD_1_1); preprocessing found no feasible solution
[runlim] end:			Sun Jun 21 22:11:51 2026
[runlim] status:		ok
[runlim] result:		0
[runlim] children:		1
[runlim] processes:		2
[runlim] real:			0.18 seconds
[runlim] time:			0.10 seconds
[runlim] space:			18 MB
[runlim] load:			1.07 maximum
[runlim] samples:		2
