[runlim] version:		2.0.0rc12
[runlim] host:			ap-Precision-7550
[runlim] time limit:		311040000 seconds
[runlim] real time limit:	600 seconds
[runlim] space limit:		14000 MB
[runlim] argv[0]:		python3
[runlim] argv[1]:		-u
[runlim] argv[2]:		main_no_processing.py
[runlim] argv[3]:		graph12
[runlim] argv[4]:		DSE
[runlim] argv[5]:		5
[runlim] start:			Thu Jun 11 09:06:55 2026
[runlim] child:			11202
---  DSE  [Cardinality Encoding: 5] ---
 solving MaxSAT (RC2)...
No solution found.
--------------------------------------------------
Time taken: 0.24 seconds
Memory used: 54.07 MB
[runlim] end:			Thu Jun 11 09:06:55 2026
[runlim] status:		ok
[runlim] result:		0
[runlim] children:		1
[runlim] processes:		2
[runlim] real:			0.30 seconds
[runlim] time:			0.19 seconds
[runlim] space:			47 MB
[runlim] load:			1.09 maximum
[runlim] samples:		3
