[runlim] version:		2.0.0rc12
[runlim] host:			ap-Precision-7550
[runlim] time limit:		311040000 seconds
[runlim] real time limit:	600 seconds
[runlim] space limit:		14000 MB
[runlim] argv[0]:		python3
[runlim] argv[1]:		-u
[runlim] argv[2]:		main_no_processing.py
[runlim] argv[3]:		graph03
[runlim] argv[4]:		DSE
[runlim] argv[5]:		5
[runlim] start:			Thu Jun 11 09:00:31 2026
[runlim] child:			11163
---  DSE  [Cardinality Encoding: 5] ---
 solving MaxSAT (RC2)...
[runlim] sample:		9.99 time, 10.01 real, 171 MB, 1.00 load
[runlim] sample:		19.99 time, 20.01 real, 185 MB, 1.00 load

--------------------------------------------------
Found solution!
Number of labels used: 20
--------------------------------------------------
Time taken: 28.37 seconds
Memory used: 133.22 MB
[runlim] end:			Thu Jun 11 09:01:00 2026
[runlim] status:		ok
[runlim] result:		0
[runlim] children:		1
[runlim] processes:		2
[runlim] real:			28.44 seconds
[runlim] time:			28.38 seconds
[runlim] space:			189 MB
[runlim] load:			1.00 maximum
[runlim] samples:		285
