[runlim] version:		2.0.0rc12
[runlim] host:			ap-Precision-7550
[runlim] time limit:		311040000 seconds
[runlim] real time limit:	600 seconds
[runlim] space limit:		14000 MB
[runlim] argv[0]:		python3
[runlim] argv[1]:		-u
[runlim] argv[2]:		main_no_processing.py
[runlim] argv[3]:		TUD200.1
[runlim] argv[4]:		DSE
[runlim] argv[5]:		5
[runlim] start:			Thu Jun 11 09:07:15 2026
[runlim] child:			11226
---  DSE  [Cardinality Encoding: 5] ---
 solving MaxSAT (RC2)...
[runlim] sample:		10.00 time, 10.01 real, 99 MB, 1.05 load
[runlim] sample:		19.98 time, 20.01 real, 112 MB, 1.04 load

--------------------------------------------------
Found solution!
Number of labels used: 12
--------------------------------------------------
Time taken: 28.17 seconds
Memory used: 111.76 MB
[runlim] end:			Thu Jun 11 09:07:43 2026
[runlim] status:		ok
[runlim] result:		0
[runlim] children:		1
[runlim] processes:		2
[runlim] real:			28.23 seconds
[runlim] time:			28.18 seconds
[runlim] space:			113 MB
[runlim] load:			1.06 maximum
[runlim] samples:		283
