[runlim] version:		2.0.0rc12
[runlim] host:			ap-Precision-7550
[runlim] time limit:		311040000 seconds
[runlim] real time limit:	600 seconds
[runlim] space limit:		14000 MB
[runlim] argv[0]:		python3
[runlim] argv[1]:		-u
[runlim] argv[2]:		main_no_processing.py
[runlim] argv[3]:		TUD200.2
[runlim] argv[4]:		DSE
[runlim] argv[5]:		5
[runlim] start:			Thu Jun 11 09:07:43 2026
[runlim] child:			11239
---  DSE  [Cardinality Encoding: 5] ---
 solving MaxSAT (RC2)...

--------------------------------------------------
Found solution!
Number of labels used: 46
--------------------------------------------------
Time taken: 1.78 seconds
Memory used: 148.81 MB
[runlim] end:			Thu Jun 11 09:07:45 2026
[runlim] status:		ok
[runlim] result:		0
[runlim] children:		1
[runlim] processes:		2
[runlim] real:			1.86 seconds
[runlim] time:			1.74 seconds
[runlim] space:			167 MB
[runlim] load:			1.04 maximum
[runlim] samples:		19
