[runlim] version:		2.0.0rc12
[runlim] host:			ap-Precision-7550
[runlim] time limit:		311040000 seconds
[runlim] real time limit:	600 seconds
[runlim] space limit:		14000 MB
[runlim] argv[0]:		python3
[runlim] argv[1]:		-u
[runlim] argv[2]:		main_no_processing.py
[runlim] argv[3]:		TUD916.2
[runlim] argv[4]:		DSE
[runlim] argv[5]:		5
[runlim] start:			Thu Jun 11 09:09:10 2026
[runlim] child:			11255
---  DSE  [Cardinality Encoding: 5] ---
 solving MaxSAT (RC2)...
[runlim] sample:		9.94 time, 10.01 real, 627 MB, 1.00 load

--------------------------------------------------
Found solution!
Number of labels used: 48
--------------------------------------------------
Time taken: 19.11 seconds
Memory used: 551.13 MB
[runlim] end:			Thu Jun 11 09:09:29 2026
[runlim] status:		ok
[runlim] result:		0
[runlim] children:		1
[runlim] processes:		2
[runlim] real:			19.29 seconds
[runlim] time:			19.14 seconds
[runlim] space:			627 MB
[runlim] load:			1.01 maximum
[runlim] samples:		193
