[runlim] version:		2.0.0rc12
[runlim] host:			ap-Precision-7550
[runlim] time limit:		311040000 seconds
[runlim] real time limit:	600 seconds
[runlim] space limit:		14000 MB
[runlim] argv[0]:		python3
[runlim] argv[1]:		-u
[runlim] argv[2]:		mip_no.py
[runlim] argv[3]:		graph12
[runlim] start:			Tue Mar 24 12:33:45 2026
[runlim] child:			34542
Building MIP model...
[runlim] sample:		10.00 time, 10.01 real, 30 MB, 1.09 load
[runlim] sample:		20.00 time, 20.01 real, 33 MB, 1.07 load
Build time: 21.04s
Solving MIP (minimizing number of labels)...
Version identifier: 22.1.1.0 | 2022-11-28 | 9160aff4d
CPXPARAM_Read_DataCheck                          1
Legacy callback                                  i
Infeasibility row 'c3':  0  = 1.
Presolve time = 0.02 sec. (21.02 ticks)

Root node processing (before b&c):
  Real time             =    0.03 sec. (38.04 ticks)
Parallel b&c, 12 threads:
  Real time             =    0.00 sec. (0.00 ticks)
  Sync time (average)   =    0.00 sec.
  Wait time (average)   =    0.00 sec.
                          ------------
Total (root+branch&cut) =    0.03 sec. (38.04 ticks)
CPLEX Error  1217: No solution exists.
No solution found.
Total time: 21.10s
Memory used: 37.92 MB
[runlim] end:			Tue Mar 24 12:34:06 2026
[runlim] status:		ok
[runlim] result:		0
[runlim] children:		1
[runlim] processes:		2
[runlim] real:			21.15 seconds
[runlim] time:			21.09 seconds
[runlim] space:			38 MB
[runlim] load:			1.10 maximum
[runlim] samples:		212
