[runlim] version:		2.0.0rc12
[runlim] host:			ap-Precision-7550
[runlim] time limit:		311040000 seconds
[runlim] real time limit:	600 seconds
[runlim] space limit:		14000 MB
[runlim] argv[0]:		python3
[runlim] argv[1]:		-u
[runlim] argv[2]:		mip_no.py
[runlim] argv[3]:		TUD200.4
[runlim] start:			Tue Mar 24 13:21:47 2026
[runlim] child:			34855
Building MIP model...
[runlim] sample:		9.99 time, 10.01 real, 30 MB, 1.70 load
[runlim] sample:		19.99 time, 20.01 real, 33 MB, 1.59 load
[runlim] sample:		29.99 time, 30.01 real, 36 MB, 1.50 load
[runlim] sample:		39.98 time, 40.01 real, 38 MB, 1.42 load
[runlim] sample:		49.98 time, 50.01 real, 41 MB, 1.36 load
[runlim] sample:		59.97 time, 60.01 real, 44 MB, 1.30 load
Build time: 68.78s
Solving MIP (minimizing number of labels)...
Version identifier: 22.1.1.0 | 2022-11-28 | 9160aff4d
CPXPARAM_Read_DataCheck                          1
Legacy callback                                  i
Tried aggregator 1 time.
[runlim] sample:		71.52 time, 70.01 real, 221 MB, 1.25 load
Presolve has eliminated 419515 rows and 1046 columns...
MIP Presolve eliminated 419515 rows and 1046 columns.
MIP Presolve modified 302522 coefficients.
Reduced MIP has 23330 rows, 5914 columns, and 381932 nonzeros.
Reduced MIP has 5914 binaries, 0 generals, 0 SOSs, and 0 indicators.
Presolve time = 7.07 sec. (13720.85 ticks)
Found incumbent of value 48.000000 after 7.41 sec. (14319.32 ticks)
Probing fixed 4857 vars, tightened 0 bounds.
Probing changed sense of 2003 constraints.
Probing time = 0.03 sec. (13.55 ticks)
Cover probing fixed 148 vars, tightened 230 bounds.
Tried aggregator 2 times.
MIP Presolve eliminated 22735 rows and 5668 columns.
MIP Presolve modified 2597 coefficients.
Aggregator did 11 substitutions.
Reduced MIP has 578 rows, 235 columns, and 6445 nonzeros.
Reduced MIP has 235 binaries, 0 generals, 0 SOSs, and 0 indicators.
Presolve time = 0.04 sec. (88.06 ticks)
Probing changed sense of 5 constraints.
Probing time = 0.00 sec. (0.94 ticks)
Tried aggregator 2 times.
Detecting symmetries...
MIP Presolve eliminated 24 rows and 6 columns.
MIP Presolve modified 63 coefficients.
Aggregator did 1 substitutions.
Reduced MIP has 545 rows, 224 columns, and 6092 nonzeros.
Reduced MIP has 224 binaries, 0 generals, 0 SOSs, and 0 indicators.
Presolve time = 0.01 sec. (12.01 ticks)
Probing time = 0.00 sec. (0.93 ticks)
Clique table members: 674.
MIP emphasis: balance optimality and feasibility.
MIP search method: dynamic search.
Parallel mode: deterministic, using up to 12 threads.
Root relaxation solution time = 0.00 sec. (1.36 ticks)

        Nodes                                         Cuts/
   Node  Left     Objective  IInf  Best Integer    Best Bound    ItCnt     Gap

*     0+    0                           48.0000       18.0000            62.50%
*     0+    0                           24.0000       18.0000            25.00%
*     0+    0                           22.0000       18.0000            18.18%
*     0     0      integral     0       20.0000       20.0000       51    0.00%
Elapsed time = 7.51 sec. (14450.72 ticks, tree = 0.00 MB, solutions = 4)

Root node processing (before b&c):
  Real time             =    7.51 sec. (14451.05 ticks)
Parallel b&c, 12 threads:
  Real time             =    0.00 sec. (0.00 ticks)
  Sync time (average)   =    0.00 sec.
  Wait time (average)   =    0.00 sec.
                          ------------
Total (root+branch&cut) =    7.51 sec. (14451.05 ticks)
Solution :
{86, 324, 86, 324, 652, 414, 156, 394, 128, 366, 652, 414, 86, 324, 114, 352, 156, 394, 100, 338, 156, 394, 86, 324, 100, 338, 652, 414, 170, 408, 128, 366, 72, 310, 156, 394, 128, 366, 100, 338, 114, 352, 652, 414, 170, 408, 72, 310, 652, 414, 100, 338, 142, 380, 86, 324, 156, 394, 170, 408, 114, 352, 652, 414, 240, 478, 100, 338, 128, 366, 652, 414, 142, 380, 72, 310, 128, 366, 72, 310, 128, 366, 72, 310, 170, 408, 128, 366, 652, 414, 170, 408, 240, 478, 156, 394, 652, 414, 114, 352, 72, 310, 652, 414, 72, 310, 156, 394, 652, 414, 170, 408, 72, 310, 100, 338, 72, 310, 100, 338, 72, 310, 86, 324, 72, 310, 128, 366, 72, 310, 652, 414, 652, 414, 170, 408, 86, 324, 128, 366, 156, 394, 652, 414, 240, 478, 72, 310, 114, 352, 652, 414, 86, 324, 114, 352, 114, 352, 86, 324, 72, 310, 86, 324, 652, 414, 652, 414, 240, 478, 240, 478, 100, 338, 72, 310, 86, 324, 86, 324, 142, 380, 142, 380, 72, 310, 240, 478, 240, 478, 156, 394, 170, 408, 170, 408, 156, 394, 72, 310}
Number of labels used: 20
Total time: 76.32s
Memory used: 170.87 MB
[runlim] end:			Tue Mar 24 13:23:03 2026
[runlim] status:		ok
[runlim] result:		0
[runlim] children:		1
[runlim] processes:		2
[runlim] real:			76.37 seconds
[runlim] time:			82.23 seconds
[runlim] space:			242 MB
[runlim] load:			1.82 maximum
[runlim] samples:		764
