[runlim] version:		2.0.0rc12
[runlim] host:			ap-Precision-7550
[runlim] time limit:		311040000 seconds
[runlim] real time limit:	600 seconds
[runlim] space limit:		14000 MB
[runlim] argv[0]:		python3
[runlim] argv[1]:		-u
[runlim] argv[2]:		mip_no.py
[runlim] argv[3]:		TUD916.3
[runlim] start:			Tue Mar 24 13:44:58 2026
[runlim] child:			35699
Building MIP model...
[runlim] sample:		10.00 time, 10.01 real, 37 MB, 1.01 load
[runlim] sample:		19.99 time, 20.01 real, 40 MB, 1.00 load
[runlim] sample:		29.99 time, 30.01 real, 41 MB, 1.00 load
[runlim] sample:		39.99 time, 40.01 real, 43 MB, 1.00 load
[runlim] sample:		49.98 time, 50.01 real, 43 MB, 1.00 load
[runlim] sample:		59.98 time, 60.01 real, 45 MB, 1.00 load
[runlim] sample:		69.98 time, 70.01 real, 46 MB, 1.15 load
[runlim] sample:		79.97 time, 80.01 real, 46 MB, 1.13 load
[runlim] sample:		89.97 time, 90.01 real, 48 MB, 1.11 load
[runlim] sample:		99.97 time, 100.01 real, 49 MB, 1.09 load
[runlim] sample:		109.96 time, 110.01 real, 49 MB, 1.16 load
[runlim] sample:		119.97 time, 120.01 real, 49 MB, 1.13 load
[runlim] sample:		129.97 time, 130.01 real, 49 MB, 1.11 load
[runlim] sample:		139.96 time, 140.01 real, 49 MB, 1.10 load
[runlim] sample:		149.96 time, 150.01 real, 52 MB, 1.08 load
[runlim] sample:		159.95 time, 160.01 real, 52 MB, 1.07 load
[runlim] sample:		169.95 time, 170.01 real, 52 MB, 1.06 load
[runlim] sample:		179.95 time, 180.01 real, 53 MB, 1.05 load
[runlim] sample:		189.94 time, 190.01 real, 55 MB, 1.04 load
[runlim] sample:		199.94 time, 200.01 real, 56 MB, 1.03 load
[runlim] sample:		209.93 time, 210.01 real, 56 MB, 1.03 load
[runlim] sample:		219.93 time, 220.01 real, 56 MB, 1.02 load
[runlim] sample:		229.93 time, 230.01 real, 56 MB, 1.02 load
[runlim] sample:		239.92 time, 240.01 real, 56 MB, 1.02 load
[runlim] sample:		249.92 time, 250.01 real, 59 MB, 1.01 load
[runlim] sample:		259.92 time, 260.01 real, 60 MB, 1.01 load
[runlim] sample:		269.91 time, 270.01 real, 60 MB, 1.01 load
[runlim] sample:		279.91 time, 280.01 real, 60 MB, 1.01 load
[runlim] sample:		289.90 time, 290.01 real, 61 MB, 1.00 load
[runlim] sample:		299.90 time, 300.01 real, 61 MB, 1.00 load
[runlim] sample:		309.91 time, 310.01 real, 63 MB, 1.00 load
[runlim] sample:		319.90 time, 320.01 real, 63 MB, 1.00 load
[runlim] sample:		329.90 time, 330.01 real, 67 MB, 1.00 load
[runlim] sample:		339.89 time, 340.01 real, 68 MB, 1.00 load
[runlim] sample:		349.89 time, 350.01 real, 68 MB, 1.00 load
[runlim] sample:		359.88 time, 360.01 real, 68 MB, 1.00 load
[runlim] sample:		369.88 time, 370.01 real, 68 MB, 1.00 load
[runlim] sample:		379.87 time, 380.01 real, 68 MB, 1.00 load
[runlim] sample:		389.87 time, 390.01 real, 69 MB, 1.00 load
[runlim] sample:		399.86 time, 400.01 real, 69 MB, 1.00 load
[runlim] sample:		409.86 time, 410.01 real, 69 MB, 1.00 load
[runlim] sample:		419.86 time, 420.01 real, 73 MB, 1.00 load
[runlim] sample:		429.86 time, 430.01 real, 74 MB, 1.00 load
[runlim] sample:		439.85 time, 440.01 real, 74 MB, 1.00 load
[runlim] sample:		449.85 time, 450.01 real, 74 MB, 1.00 load
Build time: 453.25s
Solving MIP (minimizing number of labels)...
Version identifier: 22.1.1.0 | 2022-11-28 | 9160aff4d
CPXPARAM_Read_DataCheck                          1
Legacy callback                                  i
Tried aggregator 1 time.
MIP Presolve eliminated 728270 rows and 488 columns.
MIP Presolve modified 143762 coefficients.
Reduced MIP has 125200 rows, 34864 columns, and 990414 nonzeros.
Reduced MIP has 34864 binaries, 0 generals, 0 SOSs, and 0 indicators.
Presolve time = 4.62 sec. (4674.44 ticks)
[runlim] sample:		466.71 time, 460.01 real, 681 MB, 1.08 load
Probing fixed 833 vars, tightened 0 bounds.
Probing changed sense of 17115 constraints.
Probing time = 0.24 sec. (65.27 ticks)
Tried aggregator 2 times.
MIP Presolve eliminated 42650 rows and 17838 columns.
MIP Presolve modified 64671 coefficients.
Aggregator did 9 substitutions.
Reduced MIP has 82520 rows, 17017 columns, and 1040937 nonzeros.
Reduced MIP has 17017 binaries, 0 generals, 0 SOSs, and 0 indicators.
Presolve time = 5.55 sec. (5985.04 ticks)
Probing fixed 20 vars, tightened 0 bounds.
Probing changed sense of 4 constraints.
Probing time = 0.07 sec. (26.14 ticks)
Tried aggregator 1 time.
Detecting symmetries...
MIP Presolve eliminated 10 rows and 24 columns.
MIP Presolve modified 536 coefficients.
Reduced MIP has 82452 rows, 16993 columns, and 1038597 nonzeros.
Reduced MIP has 16993 binaries, 0 generals, 0 SOSs, and 0 indicators.
Presolve time = 1.67 sec. (1651.81 ticks)
Probing fixed 13 vars, tightened 0 bounds.
Probing time = 0.09 sec. (27.61 ticks)
Clique table members: 99502.
MIP emphasis: balance optimality and feasibility.
MIP search method: dynamic search.
Parallel mode: deterministic, using up to 12 threads.
[runlim] sample:		496.52 time, 470.01 real, 835 MB, 1.21 load
[runlim] sample:		603.72 time, 480.01 real, 1129 MB, 2.87 load
[runlim] sample:		687.09 time, 490.01 real, 1030 MB, 3.80 load
[runlim] sample:		737.08 time, 500.01 real, 1038 MB, 3.98 load
[runlim] sample:		787.07 time, 510.01 real, 1052 MB, 4.14 load
[runlim] sample:		837.07 time, 520.01 real, 1052 MB, 4.27 load
[runlim] sample:		884.92 time, 530.01 real, 1058 MB, 4.38 load
Root relaxation solution time = 64.68 sec. (22875.34 ticks)

        Nodes                                         Cuts/
   Node  Left     Objective  IInf  Best Integer    Best Bound    ItCnt     Gap

*     0+    0                           48.0000        0.0000           100.00%
*     0+    0                           46.0000        0.0000           100.00%
      0     0       18.0000  2458       46.0000       18.0000       16   60.87%

========== NEW INCUMBENT SOLUTION ==========
{1: 778, 2: 540, 3: 254, 4: 16, 5: 484, 6: 722, 7: 170, 8: 408, 9: 554, 10: 792, 11: 736, 12: 498, 13: 484, 14: 722, 15: 414, 16: 652, 17: 114, 18: 352, 19: 114, 20: 352, 21: 114, 22: 352, 23: 554, 24: 792, 25: 414, 26: 652, 27: 484, 28: 722, 29: 114, 30: 352, 31: 554, 32: 792, 33: 16, 34: 254, 35: 666, 36: 428, 37: 456, 38: 694, 39: 722, 40: 484, 41: 478, 42: 240, 43: 352, 44: 114, 45: 44, 46: 282, 47: 114, 48: 352, 49: 652, 50: 414, 51: 722, 52: 484, 53: 512, 54: 750, 55: 72, 56: 310, 57: 414, 58: 652, 59: 282, 60: 44, 61: 114, 62: 352, 63: 142, 64: 380, 65: 114, 66: 352, 67: 694, 68: 456, 69: 352, 70: 114, 71: 380, 72: 142, 73: 736, 74: 498, 75: 142, 76: 380, 77: 16, 78: 254, 79: 792, 80: 554, 81: 254, 82: 16, 83: 722, 84: 484, 85: 778, 86: 540, 87: 254, 88: 16, 89: 414, 90: 652, 91: 526, 92: 764, 93: 16, 94: 254, 95: 484, 96: 722, 97: 30, 98: 268, 99: 484, 100: 722, 101: 352, 102: 114, 103: 526, 104: 764, 105: 380, 106: 142, 107: 792, 108: 554, 109: 652, 110: 414, 111: 652, 112: 414, 113: 526, 114: 764, 115: 352, 116: 114, 117: 792, 118: 554, 119: 114, 120: 352, 121: 680, 122: 442, 123: 652, 124: 414, 125: 484, 126: 722, 127: 526, 128: 764, 129: 30, 130: 268, 131: 414, 132: 652, 133: 352, 134: 114, 135: 526, 136: 764, 137: 652, 138: 414, 139: 44, 140: 282, 141: 268, 142: 30, 143: 254, 144: 16, 145: 792, 146: 554, 147: 652, 148: 414, 149: 484, 150: 722, 151: 44, 152: 282, 153: 652, 154: 414, 155: 352, 156: 114, 157: 268, 158: 30, 159: 44, 160: 282, 161: 282, 162: 44, 163: 526, 164: 764, 165: 708, 166: 470, 167: 254, 168: 16, 169: 526, 170: 764, 171: 114, 172: 352, 173: 16, 174: 254, 175: 764, 176: 526, 177: 478, 178: 240, 179: 380, 180: 142, 181: 708, 182: 470, 183: 554, 184: 792, 185: 554, 186: 792, 187: 484, 188: 722, 189: 86, 190: 324, 191: 484, 192: 722, 193: 484, 194: 722, 195: 268, 196: 30, 197: 352, 198: 114, 199: 484, 200: 722, 201: 30, 202: 268, 203: 44, 204: 282, 205: 380, 206: 142, 207: 778, 208: 540, 209: 254, 210: 16, 211: 792, 212: 554, 213: 708, 214: 470, 215: 352, 216: 114, 217: 694, 218: 456, 219: 792, 220: 554, 221: 540, 222: 778, 223: 526, 224: 764, 225: 764, 226: 526, 227: 484, 228: 722, 229: 142, 230: 380, 231: 470, 232: 708, 233: 72, 234: 310, 235: 652, 236: 414, 237: 554, 238: 792, 239: 484, 240: 722, 241: 778, 242: 540, 243: 526, 244: 764, 245: 764, 246: 526, 247: 414, 248: 652, 249: 414, 250: 652, 251: 736, 252: 498, 253: 554, 254: 792, 255: 44, 256: 282, 257: 394, 258: 156, 259: 526, 260: 764, 261: 680, 262: 442, 263: 414, 264: 652, 265: 142, 266: 380, 267: 722, 268: 484, 269: 708, 270: 470, 271: 792, 272: 554, 273: 652, 274: 414, 275: 352, 276: 114, 277: 254, 278: 16, 279: 114, 280: 352, 281: 442, 282: 680, 283: 792, 284: 554, 285: 456, 286: 694, 287: 44, 288: 282, 289: 16, 290: 254, 291: 114, 292: 352, 293: 282, 294: 44, 295: 414, 296: 652, 297: 254, 298: 16, 299: 526, 300: 764, 301: 324, 302: 86, 303: 352, 304: 114, 305: 442, 306: 680, 307: 352, 308: 114, 309: 484, 310: 722, 311: 16, 312: 254, 313: 352, 314: 114, 315: 16, 316: 254, 317: 484, 318: 722, 319: 428, 320: 666, 321: 16, 322: 254, 323: 352, 324: 114, 325: 338, 326: 100, 327: 694, 328: 456, 329: 72, 330: 310, 331: 114, 332: 352, 333: 484, 334: 722, 335: 100, 336: 338, 337: 554, 338: 792, 339: 484, 340: 722, 341: 30, 342: 268, 343: 352, 344: 114, 345: 526, 346: 764, 347: 268, 348: 30, 349: 30, 350: 268, 351: 254, 352: 16, 353: 114, 354: 352, 355: 540, 356: 778, 357: 764, 358: 526, 359: 484, 360: 722, 361: 240, 362: 478, 363: 44, 364: 282, 365: 722, 366: 484, 367: 484, 368: 722, 369: 72, 370: 310, 371: 792, 372: 554, 373: 652, 374: 414, 375: 708, 376: 470, 377: 114, 378: 352, 379: 478, 380: 240, 381: 240, 382: 478, 383: 142, 384: 380, 385: 366, 386: 128, 387: 254, 388: 16, 389: 792, 390: 554, 391: 44, 392: 282, 393: 484, 394: 722, 395: 72, 396: 310, 397: 114, 398: 352, 399: 352, 400: 114, 401: 484, 402: 722, 403: 792, 404: 554, 405: 764, 406: 526, 407: 484, 408: 722, 409: 240, 410: 478, 411: 44, 412: 282, 413: 338, 414: 100, 415: 722, 416: 484, 417: 680, 418: 442, 419: 366, 420: 128, 421: 30, 422: 268, 423: 764, 424: 526, 425: 414, 426: 652, 427: 352, 428: 114, 429: 722, 430: 484, 431: 442, 432: 680, 433: 72, 434: 310, 435: 114, 436: 352, 437: 652, 438: 414, 439: 428, 440: 666, 441: 16, 442: 254, 443: 652, 444: 414, 445: 470, 446: 708, 447: 540, 448: 778, 449: 764, 450: 526, 451: 512, 452: 750, 453: 414, 454: 652, 455: 722, 456: 484, 457: 352, 458: 114, 459: 268, 460: 30, 461: 380, 462: 142, 463: 694, 464: 456, 465: 30, 466: 268, 467: 694, 468: 456, 469: 484, 470: 722, 471: 100, 472: 338, 473: 16, 474: 254, 475: 16, 476: 254, 477: 456, 478: 694, 479: 30, 480: 268, 481: 666, 482: 428, 483: 484, 484: 722, 485: 268, 486: 30, 487: 142, 488: 380, 489: 764, 490: 526, 491: 764, 492: 526, 493: 170, 494: 408, 495: 100, 496: 338, 497: 414, 498: 652, 499: 526, 500: 764, 501: 722, 502: 484, 503: 478, 504: 240, 505: 792, 506: 554, 507: 170, 508: 408, 509: 380, 510: 142, 511: 414, 512: 652, 513: 554, 514: 792, 515: 254, 516: 16, 517: 554, 518: 792, 519: 792, 520: 554, 521: 484, 522: 722, 523: 526, 524: 764, 525: 282, 526: 44, 527: 310, 528: 72, 529: 652, 530: 414, 531: 764, 532: 526, 533: 380, 534: 142, 535: 526, 536: 764, 537: 512, 538: 750, 539: 498, 540: 736, 541: 428, 542: 666, 543: 114, 544: 352, 545: 114, 546: 352, 547: 484, 548: 722, 549: 338, 550: 100, 551: 442, 552: 680, 553: 484, 554: 722, 555: 764, 556: 526, 557: 778, 558: 540, 559: 512, 560: 750, 561: 792, 562: 554, 563: 414, 564: 652, 565: 394, 566: 156, 567: 114, 568: 352, 569: 478, 570: 240, 571: 792, 572: 554, 573: 526, 574: 764, 575: 554, 576: 792, 577: 484, 578: 722, 579: 352, 580: 114, 581: 156, 582: 394, 583: 708, 584: 470, 585: 142, 586: 380, 587: 414, 588: 652, 589: 750, 590: 512, 591: 484, 592: 722, 593: 652, 594: 414, 595: 484, 596: 722, 597: 478, 598: 240, 599: 764, 600: 526, 601: 764, 602: 526, 603: 254, 604: 16, 605: 680, 606: 442, 607: 526, 608: 764, 609: 414, 610: 652, 611: 554, 612: 792, 613: 100, 614: 338, 615: 114, 616: 352, 617: 680, 618: 442, 619: 254, 620: 16, 621: 282, 622: 44, 623: 268, 624: 30, 625: 282, 626: 44, 627: 114, 628: 352, 629: 484, 630: 722, 631: 170, 632: 408, 633: 254, 634: 16, 635: 268, 636: 30, 637: 72, 638: 310, 639: 680, 640: 442, 641: 680, 642: 442, 643: 30, 644: 268, 645: 554, 646: 792, 647: 526, 648: 764, 649: 86, 650: 324, 651: 16, 652: 254, 653: 254, 654: 16, 655: 114, 656: 352, 657: 142, 658: 380, 659: 484, 660: 722, 661: 512, 662: 750, 663: 554, 664: 792, 665: 736, 666: 498, 667: 30, 668: 268, 669: 694, 670: 456, 671: 44, 672: 282, 673: 694, 674: 456, 675: 30, 676: 268, 677: 352, 678: 114, 679: 470, 680: 708, 681: 456, 682: 694, 683: 708, 684: 470, 685: 170, 686: 408, 687: 86, 688: 324, 689: 366, 690: 128, 691: 554, 692: 792, 693: 72, 694: 310, 695: 352, 696: 114, 697: 764, 698: 526, 699: 156, 700: 394, 701: 268, 702: 30, 703: 380, 704: 142, 705: 428, 706: 666, 707: 324, 708: 86, 709: 310, 710: 72, 711: 484, 712: 722, 713: 156, 714: 394, 715: 498, 716: 736, 717: 114, 718: 352, 719: 114, 720: 352, 721: 44, 722: 282, 723: 128, 724: 366, 725: 380, 726: 142, 727: 142, 728: 380, 729: 778, 730: 540, 731: 86, 732: 324, 733: 722, 734: 484, 735: 694, 736: 456, 737: 338, 738: 100, 739: 170, 740: 408, 741: 722, 742: 484, 743: 652, 744: 414, 745: 736, 746: 498, 747: 142, 748: 380, 749: 778, 750: 540, 751: 394, 752: 156, 753: 170, 754: 408, 755: 254, 756: 16, 757: 764, 758: 526, 759: 414, 760: 652, 761: 484, 762: 722, 763: 414, 764: 652, 765: 310, 766: 72, 767: 352, 768: 114, 769: 484, 770: 722, 771: 352, 772: 114, 773: 408, 774: 170, 775: 156, 776: 394, 777: 352, 778: 114, 779: 30, 780: 268, 781: 254, 782: 16, 783: 554, 784: 792, 785: 380, 786: 142, 787: 694, 788: 456, 789: 764, 790: 526, 791: 44, 792: 282, 793: 16, 794: 254, 795: 792, 796: 554, 797: 44, 798: 282, 799: 240, 800: 478, 801: 44, 802: 282, 803: 652, 804: 414, 805: 526, 806: 764, 807: 394, 808: 156, 809: 722, 810: 484, 811: 86, 812: 324, 813: 114, 814: 352, 815: 414, 816: 652, 817: 512, 818: 750, 819: 526, 820: 764, 821: 310, 822: 72, 823: 792, 824: 554, 825: 414, 826: 652, 827: 778, 828: 540, 829: 764, 830: 526, 831: 470, 832: 708, 833: 722, 834: 484, 835: 30, 836: 268, 837: 484, 838: 722, 839: 792, 840: 554, 841: 736, 842: 498, 843: 540, 844: 778, 845: 282, 846: 44, 847: 414, 848: 652, 849: 792, 850: 554, 851: 666, 852: 428, 853: 736, 854: 498, 855: 156, 856: 394, 857: 170, 858: 408, 859: 652, 860: 414, 861: 44, 862: 282, 863: 170, 864: 408, 865: 16, 866: 254, 867: 366, 868: 128, 869: 722, 870: 484, 871: 652, 872: 414, 873: 30, 874: 268, 875: 540, 876: 778, 877: 554, 878: 792, 879: 16, 880: 254, 881: 114, 882: 352, 883: 268, 884: 30, 885: 142, 886: 380, 887: 30, 888: 268, 889: 16, 890: 254, 891: 764, 892: 526, 893: 442, 894: 680, 895: 554, 896: 792, 897: 114, 898: 352, 899: 526, 900: 764, 901: 694, 902: 456, 903: 142, 904: 380, 905: 380, 906: 142, 907: 100, 908: 338, 909: 792, 910: 554, 911: 16, 912: 254, 913: 72, 914: 310, 915: 666, 916: 428}
Number of labels used: 46
Total time: 532.45 sec
Memory: 1038.91 MB
=============================================

========== NEW INCUMBENT SOLUTION ==========
{1: 778, 2: 540, 3: 254, 4: 16, 5: 484, 6: 722, 7: 170, 8: 408, 9: 554, 10: 792, 11: 736, 12: 498, 13: 484, 14: 722, 15: 414, 16: 652, 17: 114, 18: 352, 19: 114, 20: 352, 21: 114, 22: 352, 23: 554, 24: 792, 25: 414, 26: 652, 27: 484, 28: 722, 29: 114, 30: 352, 31: 554, 32: 792, 33: 16, 34: 254, 35: 666, 36: 428, 37: 456, 38: 694, 39: 722, 40: 484, 41: 478, 42: 240, 43: 352, 44: 114, 45: 44, 46: 282, 47: 114, 48: 352, 49: 652, 50: 414, 51: 722, 52: 484, 53: 512, 54: 750, 55: 72, 56: 310, 57: 414, 58: 652, 59: 282, 60: 44, 61: 114, 62: 352, 63: 142, 64: 380, 65: 114, 66: 352, 67: 694, 68: 456, 69: 352, 70: 114, 71: 380, 72: 142, 73: 736, 74: 498, 75: 142, 76: 380, 77: 16, 78: 254, 79: 792, 80: 554, 81: 254, 82: 16, 83: 722, 84: 484, 85: 778, 86: 540, 87: 254, 88: 16, 89: 414, 90: 652, 91: 526, 92: 764, 93: 16, 94: 254, 95: 484, 96: 722, 97: 30, 98: 268, 99: 484, 100: 722, 101: 352, 102: 114, 103: 526, 104: 764, 105: 380, 106: 142, 107: 792, 108: 554, 109: 652, 110: 414, 111: 652, 112: 414, 113: 526, 114: 764, 115: 352, 116: 114, 117: 792, 118: 554, 119: 114, 120: 352, 121: 680, 122: 442, 123: 652, 124: 414, 125: 484, 126: 722, 127: 526, 128: 764, 129: 30, 130: 268, 131: 414, 132: 652, 133: 352, 134: 114, 135: 526, 136: 764, 137: 652, 138: 414, 139: 44, 140: 282, 141: 268, 142: 30, 143: 254, 144: 16, 145: 792, 146: 554, 147: 652, 148: 414, 149: 484, 150: 722, 151: 44, 152: 282, 153: 652, 154: 414, 155: 352, 156: 114, 157: 268, 158: 30, 159: 44, 160: 282, 161: 282, 162: 44, 163: 526, 164: 764, 165: 708, 166: 470, 167: 254, 168: 16, 169: 526, 170: 764, 171: 114, 172: 352, 173: 16, 174: 254, 175: 764, 176: 526, 177: 478, 178: 240, 179: 380, 180: 142, 181: 708, 182: 470, 183: 554, 184: 792, 185: 554, 186: 792, 187: 484, 188: 722, 189: 86, 190: 324, 191: 484, 192: 722, 193: 484, 194: 722, 195: 268, 196: 30, 197: 352, 198: 114, 199: 484, 200: 722, 201: 30, 202: 268, 203: 44, 204: 282, 205: 380, 206: 142, 207: 778, 208: 540, 209: 254, 210: 16, 211: 792, 212: 554, 213: 708, 214: 470, 215: 352, 216: 114, 217: 694, 218: 456, 219: 792, 220: 554, 221: 540, 222: 778, 223: 526, 224: 764, 225: 764, 226: 526, 227: 484, 228: 722, 229: 142, 230: 380, 231: 470, 232: 708, 233: 72, 234: 310, 235: 652, 236: 414, 237: 554, 238: 792, 239: 484, 240: 722, 241: 778, 242: 540, 243: 526, 244: 764, 245: 764, 246: 526, 247: 414, 248: 652, 249: 414, 250: 652, 251: 736, 252: 498, 253: 554, 254: 792, 255: 44, 256: 282, 257: 394, 258: 156, 259: 526, 260: 764, 261: 680, 262: 442, 263: 414, 264: 652, 265: 142, 266: 380, 267: 722, 268: 484, 269: 708, 270: 470, 271: 792, 272: 554, 273: 652, 274: 414, 275: 352, 276: 114, 277: 254, 278: 16, 279: 114, 280: 352, 281: 442, 282: 680, 283: 792, 284: 554, 285: 456, 286: 694, 287: 44, 288: 282, 289: 16, 290: 254, 291: 114, 292: 352, 293: 282, 294: 44, 295: 414, 296: 652, 297: 254, 298: 16, 299: 526, 300: 764, 301: 324, 302: 86, 303: 352, 304: 114, 305: 442, 306: 680, 307: 352, 308: 114, 309: 484, 310: 722, 311: 16, 312: 254, 313: 352, 314: 114, 315: 16, 316: 254, 317: 484, 318: 722, 319: 428, 320: 666, 321: 16, 322: 254, 323: 352, 324: 114, 325: 338, 326: 100, 327: 694, 328: 456, 329: 72, 330: 310, 331: 114, 332: 352, 333: 484, 334: 722, 335: 100, 336: 338, 337: 554, 338: 792, 339: 484, 340: 722, 341: 30, 342: 268, 343: 352, 344: 114, 345: 526, 346: 764, 347: 268, 348: 30, 349: 30, 350: 268, 351: 254, 352: 16, 353: 114, 354: 352, 355: 540, 356: 778, 357: 764, 358: 526, 359: 484, 360: 722, 361: 240, 362: 478, 363: 44, 364: 282, 365: 722, 366: 484, 367: 484, 368: 722, 369: 72, 370: 310, 371: 792, 372: 554, 373: 652, 374: 414, 375: 708, 376: 470, 377: 114, 378: 352, 379: 478, 380: 240, 381: 240, 382: 478, 383: 142, 384: 380, 385: 366, 386: 128, 387: 254, 388: 16, 389: 792, 390: 554, 391: 44, 392: 282, 393: 484, 394: 722, 395: 72, 396: 310, 397: 114, 398: 352, 399: 352, 400: 114, 401: 484, 402: 722, 403: 792, 404: 554, 405: 764, 406: 526, 407: 484, 408: 722, 409: 240, 410: 478, 411: 44, 412: 282, 413: 338, 414: 100, 415: 722, 416: 484, 417: 680, 418: 442, 419: 366, 420: 128, 421: 30, 422: 268, 423: 764, 424: 526, 425: 414, 426: 652, 427: 352, 428: 114, 429: 722, 430: 484, 431: 442, 432: 680, 433: 72, 434: 310, 435: 114, 436: 352, 437: 652, 438: 414, 439: 428, 440: 666, 441: 16, 442: 254, 443: 652, 444: 414, 445: 470, 446: 708, 447: 540, 448: 778, 449: 764, 450: 526, 451: 512, 452: 750, 453: 414, 454: 652, 455: 722, 456: 484, 457: 352, 458: 114, 459: 268, 460: 30, 461: 380, 462: 142, 463: 694, 464: 456, 465: 30, 466: 268, 467: 694, 468: 456, 469: 484, 470: 722, 471: 100, 472: 338, 473: 16, 474: 254, 475: 16, 476: 254, 477: 456, 478: 694, 479: 30, 480: 268, 481: 666, 482: 428, 483: 484, 484: 722, 485: 268, 486: 30, 487: 142, 488: 380, 489: 764, 490: 526, 491: 764, 492: 526, 493: 170, 494: 408, 495: 100, 496: 338, 497: 414, 498: 652, 499: 526, 500: 764, 501: 722, 502: 484, 503: 478, 504: 240, 505: 792, 506: 554, 507: 170, 508: 408, 509: 380, 510: 142, 511: 414, 512: 652, 513: 554, 514: 792, 515: 254, 516: 16, 517: 554, 518: 792, 519: 792, 520: 554, 521: 484, 522: 722, 523: 526, 524: 764, 525: 282, 526: 44, 527: 310, 528: 72, 529: 652, 530: 414, 531: 764, 532: 526, 533: 380, 534: 142, 535: 526, 536: 764, 537: 512, 538: 750, 539: 498, 540: 736, 541: 428, 542: 666, 543: 114, 544: 352, 545: 114, 546: 352, 547: 484, 548: 722, 549: 338, 550: 100, 551: 442, 552: 680, 553: 484, 554: 722, 555: 764, 556: 526, 557: 778, 558: 540, 559: 512, 560: 750, 561: 792, 562: 554, 563: 414, 564: 652, 565: 394, 566: 156, 567: 114, 568: 352, 569: 478, 570: 240, 571: 792, 572: 554, 573: 526, 574: 764, 575: 554, 576: 792, 577: 484, 578: 722, 579: 352, 580: 114, 581: 156, 582: 394, 583: 708, 584: 470, 585: 142, 586: 380, 587: 414, 588: 652, 589: 750, 590: 512, 591: 484, 592: 722, 593: 652, 594: 414, 595: 484, 596: 722, 597: 478, 598: 240, 599: 764, 600: 526, 601: 764, 602: 526, 603: 254, 604: 16, 605: 680, 606: 442, 607: 526, 608: 764, 609: 414, 610: 652, 611: 554, 612: 792, 613: 100, 614: 338, 615: 114, 616: 352, 617: 680, 618: 442, 619: 254, 620: 16, 621: 282, 622: 44, 623: 268, 624: 30, 625: 282, 626: 44, 627: 114, 628: 352, 629: 484, 630: 722, 631: 170, 632: 408, 633: 254, 634: 16, 635: 268, 636: 30, 637: 72, 638: 310, 639: 680, 640: 442, 641: 680, 642: 442, 643: 30, 644: 268, 645: 554, 646: 792, 647: 526, 648: 764, 649: 86, 650: 324, 651: 16, 652: 254, 653: 254, 654: 16, 655: 114, 656: 352, 657: 142, 658: 380, 659: 484, 660: 722, 661: 512, 662: 750, 663: 554, 664: 792, 665: 736, 666: 498, 667: 30, 668: 268, 669: 694, 670: 456, 671: 44, 672: 282, 673: 694, 674: 456, 675: 30, 676: 268, 677: 352, 678: 114, 679: 470, 680: 708, 681: 456, 682: 694, 683: 708, 684: 470, 685: 170, 686: 408, 687: 86, 688: 324, 689: 366, 690: 128, 691: 554, 692: 792, 693: 72, 694: 310, 695: 352, 696: 114, 697: 764, 698: 526, 699: 156, 700: 394, 701: 268, 702: 30, 703: 380, 704: 142, 705: 428, 706: 666, 707: 324, 708: 86, 709: 310, 710: 72, 711: 484, 712: 722, 713: 156, 714: 394, 715: 498, 716: 736, 717: 114, 718: 352, 719: 114, 720: 352, 721: 44, 722: 282, 723: 128, 724: 366, 725: 380, 726: 142, 727: 142, 728: 380, 729: 778, 730: 540, 731: 86, 732: 324, 733: 722, 734: 484, 735: 694, 736: 456, 737: 338, 738: 100, 739: 170, 740: 408, 741: 722, 742: 484, 743: 652, 744: 414, 745: 736, 746: 498, 747: 142, 748: 380, 749: 778, 750: 540, 751: 394, 752: 156, 753: 170, 754: 408, 755: 254, 756: 16, 757: 764, 758: 526, 759: 414, 760: 652, 761: 484, 762: 722, 763: 414, 764: 652, 765: 310, 766: 72, 767: 352, 768: 114, 769: 484, 770: 722, 771: 352, 772: 114, 773: 408, 774: 170, 775: 156, 776: 394, 777: 352, 778: 114, 779: 30, 780: 268, 781: 254, 782: 16, 783: 554, 784: 792, 785: 380, 786: 142, 787: 694, 788: 456, 789: 764, 790: 526, 791: 44, 792: 282, 793: 16, 794: 254, 795: 792, 796: 554, 797: 44, 798: 282, 799: 240, 800: 478, 801: 44, 802: 282, 803: 652, 804: 414, 805: 526, 806: 764, 807: 394, 808: 156, 809: 722, 810: 484, 811: 86, 812: 324, 813: 114, 814: 352, 815: 414, 816: 652, 817: 512, 818: 750, 819: 526, 820: 764, 821: 310, 822: 72, 823: 792, 824: 554, 825: 414, 826: 652, 827: 778, 828: 540, 829: 764, 830: 526, 831: 470, 832: 708, 833: 722, 834: 484, 835: 30, 836: 268, 837: 484, 838: 722, 839: 792, 840: 554, 841: 736, 842: 498, 843: 540, 844: 778, 845: 282, 846: 44, 847: 414, 848: 652, 849: 792, 850: 554, 851: 666, 852: 428, 853: 736, 854: 498, 855: 156, 856: 394, 857: 170, 858: 408, 859: 652, 860: 414, 861: 44, 862: 282, 863: 170, 864: 408, 865: 16, 866: 254, 867: 366, 868: 128, 869: 722, 870: 484, 871: 652, 872: 414, 873: 30, 874: 268, 875: 540, 876: 778, 877: 554, 878: 792, 879: 16, 880: 254, 881: 114, 882: 352, 883: 268, 884: 30, 885: 142, 886: 380, 887: 30, 888: 268, 889: 16, 890: 254, 891: 764, 892: 526, 893: 442, 894: 680, 895: 554, 896: 792, 897: 114, 898: 352, 899: 526, 900: 764, 901: 694, 902: 456, 903: 142, 904: 380, 905: 380, 906: 142, 907: 100, 908: 338, 909: 792, 910: 554, 911: 16, 912: 254, 913: 72, 914: 310, 915: 666, 916: 428}
Number of labels used: 46
Total time: 532.47 sec
Memory: 1039.79 MB
=============================================
[runlim] sample:		907.24 time, 540.01 real, 1108 MB, 4.09 load
[runlim] sample:		927.23 time, 550.01 real, 1186 MB, 3.77 load
[runlim] sample:		947.23 time, 560.01 real, 1187 MB, 3.50 load
[runlim] sample:		967.23 time, 570.01 real, 1221 MB, 3.42 load
[runlim] sample:		987.23 time, 580.01 real, 1221 MB, 3.20 load
[runlim] sample:		1007.23 time, 590.01 real, 1192 MB, 3.02 load
[runlim] sample:		1027.22 time, 600.01 real, 1192 MB, 2.86 load
[runlim] end:			Tue Mar 24 13:54:59 2026
[runlim] status:		out of time
[runlim] result:		2
[runlim] children:		1
[runlim] processes:		2
[runlim] real:			601.06 seconds
[runlim] time:			1027.22 seconds
[runlim] space:			1243 MB
[runlim] load:			4.38 maximum
[runlim] samples:		6000
