[runlim] version:		2.0.0rc12
[runlim] host:			ap-Precision-7550
[runlim] time limit:		311040000 seconds
[runlim] real time limit:	600 seconds
[runlim] space limit:		14000 MB
[runlim] argv[0]:		python3
[runlim] argv[1]:		-u
[runlim] argv[2]:		evalmaxsat_no_processing.py
[runlim] argv[3]:		graph13
[runlim] argv[4]:		DSE
[runlim] start:			Sat Jun 27 17:09:21 2026
[runlim] child:			26040
[INFO] Generating WCNF for graph13 (DSE)
[INFO] Solving wcnf/no_preprocessing/DSE/graph13_DSE.wcnf
s UNSATISFIABLE
c Total time : 0.76988s
[INFO] Decode summary
[INFO] status=UNSATISFIABLE, objective=None, assigned_vars=0, complete=False, labels_used=0
[INFO] Decoded assignment file: results/no_preprocessing/decode/DSE/graph13.decoded.txt
[runlim] end:			Sat Jun 27 17:09:30 2026
[runlim] status:		ok
[runlim] result:		0
[runlim] children:		2
[runlim] processes:		3
[runlim] real:			8.92 seconds
[runlim] time:			8.72 seconds
[runlim] space:			598 MB
[runlim] load:			1.20 maximum
[runlim] samples:		90
