[runlim] version:		2.0.0rc12
[runlim] host:			ap-Precision-7550
[runlim] time limit:		311040000 seconds
[runlim] real time limit:	600 seconds
[runlim] space limit:		14000 MB
[runlim] argv[0]:		python3
[runlim] argv[1]:		-u
[runlim] argv[2]:		main.py
[runlim] argv[3]:		graph13
[runlim] start:			Mon Mar  9 23:40:45 2026
[runlim] child:			5041
Building Gurobi model...
Set parameter WLSAccessID
Set parameter WLSSecret
Set parameter LicenseID to value 2663665
Academic license 2663665 - for non-commercial use only - registered to tu___@vnu.edu.vn
Build time used: 7.32 sec
Solving...
No solution found.
Total time used: 7.75 sec
Memory used: 444.41 MB
[runlim] end:			Mon Mar  9 23:40:53 2026
[runlim] status:		ok
[runlim] result:		0
[runlim] children:		1
[runlim] processes:		2
[runlim] real:			7.98 seconds
[runlim] time:			7.90 seconds
[runlim] space:			628 MB
[runlim] load:			4.12 maximum
[runlim] samples:		80
