[runlim] version:		2.0.0rc12
[runlim] host:			ap-Precision-7550
[runlim] time limit:		311040000 seconds
[runlim] real time limit:	600 seconds
[runlim] space limit:		14000 MB
[runlim] argv[0]:		python3
[runlim] argv[1]:		-u
[runlim] argv[2]:		main.py
[runlim] argv[3]:		scen08
[runlim] start:			Mon Mar  9 23:41:05 2026
[runlim] child:			5074
Building Gurobi model...
Set parameter WLSAccessID
Set parameter WLSSecret
Set parameter LicenseID to value 2663665
Academic license 2663665 - for non-commercial use only - registered to tu___@vnu.edu.vn
Build time used: 8.20 sec
Solving...
No solution found.
Total time used: 9.72 sec
Memory used: 656.96 MB
[runlim] sample:		10.33 time, 9.99 real, 0 MB, 3.08 load
[runlim] end:			Mon Mar  9 23:41:15 2026
[runlim] status:		ok
[runlim] result:		0
[runlim] children:		1
[runlim] processes:		2
[runlim] real:			9.99 seconds
[runlim] time:			10.33 seconds
[runlim] space:			788 MB
[runlim] load:			3.37 maximum
[runlim] samples:		100
