[runlim] version:		2.0.0rc12
[runlim] host:			ap-Precision-7550
[runlim] time limit:		311040000 seconds
[runlim] real time limit:	600 seconds
[runlim] space limit:		14000 MB
[runlim] argv[0]:		python3
[runlim] argv[1]:		-u
[runlim] argv[2]:		evalmaxsat_no_processing.py
[runlim] argv[3]:		graph06
[runlim] argv[4]:		DSE
[runlim] argv[5]:		5
[runlim] start:			Fri Jun 12 09:17:01 2026
[runlim] child:			14978
[INFO] Generating WCNF for graph06 (DSE,5)
[INFO] Solving wcnf/no_preprocessing/DSE_5/graph06_DSE_5.wcnf
s UNSATISFIABLE
c Total time : 0.2591s
[INFO] Decode summary
[INFO] status=UNSATISFIABLE, objective=None, assigned_vars=0, complete=False, labels_used=0
[INFO] Decoded assignment file: results/no_preprocessing/decode/DSE_5/graph06.decoded.txt
[runlim] end:			Fri Jun 12 09:17:04 2026
[runlim] status:		ok
[runlim] result:		0
[runlim] children:		2
[runlim] processes:		3
[runlim] real:			2.90 seconds
[runlim] time:			2.78 seconds
[runlim] space:			186 MB
[runlim] load:			1.10 maximum
[runlim] samples:		29
