[runlim] version:		2.0.0rc12
[runlim] host:			ap-Precision-7550
[runlim] time limit:		311040000 seconds
[runlim] real time limit:	600 seconds
[runlim] space limit:		14000 MB
[runlim] argv[0]:		python3
[runlim] argv[1]:		-u
[runlim] argv[2]:		evalmaxsat_no_processing.py
[runlim] argv[3]:		TUD916.5
[runlim] argv[4]:		DSE
[runlim] argv[5]:		5
[runlim] start:			Fri Jun 12 14:56:22 2026
[runlim] child:			16716
[INFO] Generating WCNF for TUD916.5 (DSE,5)
[INFO] Solving wcnf/no_preprocessing/DSE_5/TUD916.5_DSE_5.wcnf
s UNSATISFIABLE
c Total time : 0.738199s
[INFO] Decode summary
[INFO] status=UNSATISFIABLE, objective=None, assigned_vars=0, complete=False, labels_used=0
[INFO] Decoded assignment file: results/no_preprocessing/decode/DSE_5/TUD916.5.decoded.txt
[runlim] end:			Fri Jun 12 14:56:30 2026
[runlim] status:		ok
[runlim] result:		0
[runlim] children:		2
[runlim] processes:		3
[runlim] real:			7.28 seconds
[runlim] time:			7.13 seconds
[runlim] space:			497 MB
[runlim] load:			1.06 maximum
[runlim] samples:		73
