[runlim] version:		2.0.0rc12
[runlim] host:			ap-Precision-7550
[runlim] time limit:		311040000 seconds
[runlim] real time limit:	600 seconds
[runlim] space limit:		14000 MB
[runlim] argv[0]:		python3
[runlim] argv[1]:		-u
[runlim] argv[2]:		evalmaxsat_no_processing.py
[runlim] argv[3]:		scen09
[runlim] argv[4]:		DSE
[runlim] argv[5]:		6
[runlim] start:			Fri Jun 12 13:53:11 2026
[runlim] child:			16215
[INFO] Generating WCNF for scen09 (DSE,6)
[INFO] Solving wcnf/no_preprocessing/DSE_6/scen09_DSE_6.wcnf
c found falsified original clause
s UNSATISFIABLE
c Total time : 0.0365803s
[INFO] Decode summary
[INFO] status=UNSATISFIABLE, objective=None, assigned_vars=0, complete=False, labels_used=0
[INFO] Decoded assignment file: results/no_preprocessing/decode/DSE_6/scen09.decoded.txt
[runlim] end:			Fri Jun 12 13:53:11 2026
[runlim] status:		ok
[runlim] result:		0
[runlim] children:		1
[runlim] processes:		2
[runlim] real:			0.47 seconds
[runlim] time:			0.40 seconds
[runlim] space:			48 MB
[runlim] load:			1.07 maximum
[runlim] samples:		5
