[runlim] version:		1.10
[runlim] time limit:		311040000 seconds
[runlim] real time limit:	600 seconds
[runlim] space limit:		14000 MB
[runlim] argv[0]:		python3
[runlim] argv[1]:		-u
[runlim] argv[2]:		pairwise.py
[runlim] argv[3]:		graph02
[runlim] argv[4]:		incremental
[runlim] start:			Mon Mar  2 21:24:52 2026
[runlim] main pid:		6129
Solve first problem:
Solution:
{1: 666, 2: 428, 3: 100, 4: 338, 5: 268, 6: 30, 7: 324, 8: 86, 9: 652, 10: 414, 11: 394, 12: 156, 13: 694, 14: 456, 15: 310, 16: 72, 17: 282, 18: 44, 19: 296, 20: 58, 21: 142, 22: 380, 23: 366, 24: 128, 25: 268, 26: 30, 27: 324, 28: 86, 29: 156, 30: 394, 31: 114, 32: 352, 33: 380, 34: 142, 35: 666, 36: 428, 37: 86, 38: 324, 39: 380, 40: 142, 41: 324, 42: 86, 43: 254, 44: 16, 45: 680, 46: 442, 47: 338, 48: 100, 49: 310, 50: 72, 51: 44, 52: 282, 53: 380, 54: 142, 55: 296, 56: 58, 57: 666, 58: 428, 59: 310, 60: 72, 61: 128, 62: 366, 63: 310, 64: 72, 65: 30, 66: 268, 67: 652, 68: 414, 69: 254, 70: 16, 71: 380, 72: 142, 73: 16, 74: 254, 75: 254, 76: 16, 77: 394, 78: 156, 79: 282, 80: 44, 81: 310, 82: 72, 83: 156, 84: 394, 85: 694, 86: 456, 87: 86, 88: 324, 89: 156, 90: 394, 91: 268, 92: 30, 93: 324, 94: 86, 95: 666, 96: 428, 97: 128, 98: 366, 99: 310, 100: 72, 101: 324, 102: 86, 103: 380, 104: 142, 105: 16, 106: 254, 107: 352, 108: 114, 109: 282, 110: 44, 111: 296, 112: 58, 113: 30, 114: 268, 115: 338, 116: 100, 117: 114, 118: 352, 119: 380, 120: 142, 121: 338, 122: 100, 123: 324, 124: 86, 125: 268, 126: 30, 127: 338, 128: 100, 129: 380, 130: 142, 131: 324, 132: 86, 133: 680, 134: 442, 135: 380, 136: 142, 137: 324, 138: 86, 139: 282, 140: 44, 141: 352, 142: 114, 143: 680, 144: 442, 145: 282, 146: 44, 147: 352, 148: 114, 149: 58, 150: 296, 151: 338, 152: 100, 153: 254, 154: 16, 155: 380, 156: 142, 157: 652, 158: 414, 159: 310, 160: 72, 161: 708, 162: 470, 163: 380, 164: 142, 165: 352, 166: 114, 167: 310, 168: 72, 169: 324, 170: 86, 171: 338, 172: 100, 173: 296, 174: 58, 175: 680, 176: 442, 177: 156, 178: 394, 179: 380, 180: 142, 181: 268, 182: 30, 183: 694, 184: 456, 185: 282, 186: 44, 187: 652, 188: 414, 189: 380, 190: 142, 191: 680, 192: 442, 193: 128, 194: 366, 195: 324, 196: 86, 197: 296, 198: 58, 199: 310, 200: 72, 201: 156, 202: 394, 203: 268, 204: 30, 205: 324, 206: 86, 207: 338, 208: 100, 209: 310, 210: 72, 211: 268, 212: 30, 213: 478, 214: 240, 215: 366, 216: 128, 217: 254, 218: 16, 219: 268, 220: 30, 221: 352, 222: 114, 223: 324, 224: 86, 225: 254, 226: 16, 227: 408, 228: 170, 229: 310, 230: 72, 231: 16, 232: 254, 233: 366, 234: 128, 235: 282, 236: 44, 237: 268, 238: 30, 239: 338, 240: 100, 241: 296, 242: 58, 243: 338, 244: 100, 245: 666, 246: 428, 247: 380, 248: 142, 249: 324, 250: 86, 251: 16, 252: 254, 253: 58, 254: 296, 255: 380, 256: 142, 257: 310, 258: 72, 259: 380, 260: 142, 261: 254, 262: 16, 263: 380, 264: 142, 265: 380, 266: 142, 267: 44, 268: 282, 269: 282, 270: 44, 271: 268, 272: 30, 273: 296, 274: 58, 275: 254, 276: 16, 277: 310, 278: 72, 279: 666, 280: 428, 281: 366, 282: 128, 283: 268, 284: 30, 285: 380, 286: 142, 287: 254, 288: 16, 289: 324, 290: 86, 291: 380, 292: 142, 293: 380, 294: 142, 295: 338, 296: 100, 297: 380, 298: 142, 299: 408, 300: 170, 301: 282, 302: 44, 303: 652, 304: 414, 305: 268, 306: 30, 307: 296, 308: 58, 309: 380, 310: 142, 311: 380, 312: 142, 313: 380, 314: 142, 315: 296, 316: 58, 317: 408, 318: 170, 319: 310, 320: 72, 321: 380, 322: 142, 323: 338, 324: 100, 325: 310, 326: 72, 327: 282, 328: 44, 329: 268, 330: 30, 331: 268, 332: 30, 333: 268, 334: 30, 335: 254, 336: 16, 337: 282, 338: 44, 339: 380, 340: 142, 341: 296, 342: 58, 343: 254, 344: 16, 345: 310, 346: 72, 347: 310, 348: 72, 349: 380, 350: 142, 351: 380, 352: 142, 353: 254, 354: 16, 355: 268, 356: 30, 357: 324, 358: 86, 359: 338, 360: 100, 361: 338, 362: 100, 363: 268, 364: 30, 365: 268, 366: 30, 367: 254, 368: 16, 369: 282, 370: 44, 371: 254, 372: 16, 373: 324, 374: 86, 375: 254, 376: 16, 377: 254, 378: 16, 379: 282, 380: 44, 381: 268, 382: 30, 383: 254, 384: 16, 385: 268, 386: 30, 387: 268, 388: 30, 389: 254, 390: 16, 391: 254, 392: 16, 393: 254, 394: 16, 395: 268, 396: 30, 397: 324, 398: 86, 399: 268, 400: 30}
Number of lables used:  36
Total time: 0.53 seconds
Memory used: 42.55 MB
--------------------------------------------------

Trying with at most 35 labels...
Solution:
{1: 666, 2: 428, 3: 540, 4: 778, 5: 526, 6: 764, 7: 526, 8: 764, 9: 764, 10: 526, 11: 778, 12: 540, 13: 750, 14: 512, 15: 792, 16: 554, 17: 764, 18: 526, 19: 428, 20: 666, 21: 156, 22: 394, 23: 394, 24: 156, 25: 764, 26: 526, 27: 394, 28: 156, 29: 512, 30: 750, 31: 680, 32: 442, 33: 680, 34: 442, 35: 666, 36: 428, 37: 554, 38: 792, 39: 512, 40: 750, 41: 792, 42: 554, 43: 554, 44: 792, 45: 750, 46: 512, 47: 156, 48: 394, 49: 680, 50: 442, 51: 778, 52: 540, 53: 240, 54: 478, 55: 540, 56: 778, 57: 526, 58: 764, 59: 764, 60: 526, 61: 512, 62: 750, 63: 666, 64: 428, 65: 680, 66: 442, 67: 792, 68: 554, 69: 512, 70: 750, 71: 478, 72: 240, 73: 750, 74: 512, 75: 442, 76: 680, 77: 156, 78: 394, 79: 442, 80: 680, 81: 666, 82: 428, 83: 156, 84: 394, 85: 680, 86: 442, 87: 792, 88: 554, 89: 750, 90: 512, 91: 554, 92: 792, 93: 526, 94: 764, 95: 512, 96: 750, 97: 156, 98: 394, 99: 792, 100: 554, 101: 428, 102: 666, 103: 778, 104: 540, 105: 512, 106: 750, 107: 666, 108: 428, 109: 554, 110: 792, 111: 680, 112: 442, 113: 764, 114: 526, 115: 394, 116: 156, 117: 554, 118: 792, 119: 478, 120: 240, 121: 680, 122: 442, 123: 764, 124: 526, 125: 442, 126: 680, 127: 666, 128: 428, 129: 478, 130: 240, 131: 666, 132: 428, 133: 540, 134: 778, 135: 478, 136: 240, 137: 394, 138: 156, 139: 750, 140: 512, 141: 750, 142: 512, 143: 680, 144: 442, 145: 792, 146: 554, 147: 554, 148: 792, 149: 156, 150: 394, 151: 156, 152: 394, 153: 394, 154: 156, 155: 478, 156: 240, 157: 428, 158: 666, 159: 680, 160: 442, 161: 442, 162: 680, 163: 240, 164: 478, 165: 156, 166: 394, 167: 428, 168: 666, 169: 792, 170: 554, 171: 394, 172: 156, 173: 750, 174: 512, 175: 156, 176: 394, 177: 750, 178: 512, 179: 478, 180: 240, 181: 750, 182: 512, 183: 442, 184: 680, 185: 680, 186: 442, 187: 750, 188: 512, 189: 240, 190: 478, 191: 554, 192: 792, 193: 156, 194: 394, 195: 666, 196: 428, 197: 778, 198: 540, 199: 394, 200: 156, 201: 394, 202: 156, 203: 666, 204: 428, 205: 778, 206: 540, 207: 666, 208: 428, 209: 792, 210: 554, 211: 394, 212: 156, 213: 478, 214: 240, 215: 394, 216: 156, 217: 394, 218: 156, 219: 394, 220: 156, 221: 156, 222: 394, 223: 764, 224: 526, 225: 394, 226: 156, 227: 478, 228: 240, 229: 750, 230: 512, 231: 540, 232: 778, 233: 512, 234: 750, 235: 666, 236: 428, 237: 750, 238: 512, 239: 554, 240: 792, 241: 764, 242: 526, 243: 394, 244: 156, 245: 428, 246: 666, 247: 240, 248: 478, 249: 778, 250: 540, 251: 778, 252: 540, 253: 666, 254: 428, 255: 240, 256: 478, 257: 394, 258: 156, 259: 478, 260: 240, 261: 666, 262: 428, 263: 240, 264: 478, 265: 478, 266: 240, 267: 680, 268: 442, 269: 764, 270: 526, 271: 442, 272: 680, 273: 680, 274: 442, 275: 680, 276: 442, 277: 778, 278: 540, 279: 540, 280: 778, 281: 750, 282: 512, 283: 428, 284: 666, 285: 240, 286: 478, 287: 442, 288: 680, 289: 554, 290: 792, 291: 478, 292: 240, 293: 478, 294: 240, 295: 680, 296: 442, 297: 478, 298: 240, 299: 478, 300: 240, 301: 792, 302: 554, 303: 792, 304: 554, 305: 526, 306: 764, 307: 394, 308: 156, 309: 478, 310: 240, 311: 240, 312: 478, 313: 478, 314: 240, 315: 512, 316: 750, 317: 478, 318: 240, 319: 750, 320: 512, 321: 394, 322: 156, 323: 792, 324: 554, 325: 512, 326: 750, 327: 666, 328: 428, 329: 666, 330: 428, 331: 156, 332: 394, 333: 792, 334: 554, 335: 394, 336: 156, 337: 394, 338: 156, 339: 478, 340: 240, 341: 554, 342: 792, 343: 764, 344: 526, 345: 750, 346: 512, 347: 778, 348: 540, 349: 478, 350: 240, 351: 478, 352: 240, 353: 442, 354: 680, 355: 680, 356: 442, 357: 750, 358: 512, 359: 750, 360: 512, 361: 750, 362: 512, 363: 428, 364: 666, 365: 394, 366: 156, 367: 428, 368: 666, 369: 428, 370: 666, 371: 680, 372: 442, 373: 394, 374: 156, 375: 666, 376: 428, 377: 666, 378: 428, 379: 394, 380: 156, 381: 680, 382: 442, 383: 680, 384: 442, 385: 792, 386: 554, 387: 778, 388: 540, 389: 554, 390: 792, 391: 666, 392: 428, 393: 666, 394: 428, 395: 750, 396: 512, 397: 394, 398: 156, 399: 666, 400: 428}
Number of lables used:  16
Total time: 0.54 seconds
Memory used: 43.43 MB
--------------------------------------------------

Trying with at most 15 labels...
Solution:
{1: 156, 2: 394, 3: 778, 4: 540, 5: 722, 6: 484, 7: 442, 8: 680, 9: 394, 10: 156, 11: 394, 12: 156, 13: 156, 14: 394, 15: 722, 16: 484, 17: 778, 18: 540, 19: 512, 20: 750, 21: 156, 22: 394, 23: 484, 24: 722, 25: 722, 26: 484, 27: 394, 28: 156, 29: 394, 30: 156, 31: 554, 32: 792, 33: 680, 34: 442, 35: 680, 36: 442, 37: 394, 38: 156, 39: 750, 40: 512, 41: 394, 42: 156, 43: 554, 44: 792, 45: 750, 46: 512, 47: 792, 48: 554, 49: 778, 50: 540, 51: 778, 52: 540, 53: 240, 54: 478, 55: 540, 56: 778, 57: 394, 58: 156, 59: 156, 60: 394, 61: 554, 62: 792, 63: 750, 64: 512, 65: 722, 66: 484, 67: 554, 68: 792, 69: 512, 70: 750, 71: 240, 72: 478, 73: 750, 74: 512, 75: 442, 76: 680, 77: 156, 78: 394, 79: 442, 80: 680, 81: 792, 82: 554, 83: 554, 84: 792, 85: 394, 86: 156, 87: 792, 88: 554, 89: 722, 90: 484, 91: 554, 92: 792, 93: 540, 94: 778, 95: 512, 96: 750, 97: 156, 98: 394, 99: 792, 100: 554, 101: 442, 102: 680, 103: 394, 104: 156, 105: 680, 106: 442, 107: 680, 108: 442, 109: 554, 110: 792, 111: 680, 112: 442, 113: 512, 114: 750, 115: 540, 116: 778, 117: 442, 118: 680, 119: 240, 120: 478, 121: 680, 122: 442, 123: 540, 124: 778, 125: 540, 126: 778, 127: 442, 128: 680, 129: 478, 130: 240, 131: 484, 132: 722, 133: 394, 134: 156, 135: 478, 136: 240, 137: 540, 138: 778, 139: 680, 140: 442, 141: 484, 142: 722, 143: 778, 144: 540, 145: 156, 146: 394, 147: 554, 148: 792, 149: 540, 150: 778, 151: 540, 152: 778, 153: 512, 154: 750, 155: 240, 156: 478, 157: 394, 158: 156, 159: 680, 160: 442, 161: 442, 162: 680, 163: 478, 164: 240, 165: 750, 166: 512, 167: 540, 168: 778, 169: 722, 170: 484, 171: 394, 172: 156, 173: 442, 174: 680, 175: 540, 176: 778, 177: 750, 178: 512, 179: 478, 180: 240, 181: 750, 182: 512, 183: 484, 184: 722, 185: 680, 186: 442, 187: 722, 188: 484, 189: 478, 190: 240, 191: 792, 192: 554, 193: 792, 194: 554, 195: 512, 196: 750, 197: 540, 198: 778, 199: 792, 200: 554, 201: 680, 202: 442, 203: 484, 204: 722, 205: 156, 206: 394, 207: 722, 208: 484, 209: 792, 210: 554, 211: 394, 212: 156, 213: 240, 214: 478, 215: 778, 216: 540, 217: 512, 218: 750, 219: 394, 220: 156, 221: 512, 222: 750, 223: 792, 224: 554, 225: 394, 226: 156, 227: 240, 228: 478, 229: 792, 230: 554, 231: 750, 232: 512, 233: 512, 234: 750, 235: 750, 236: 512, 237: 442, 238: 680, 239: 442, 240: 680, 241: 778, 242: 540, 243: 394, 244: 156, 245: 442, 246: 680, 247: 240, 248: 478, 249: 442, 250: 680, 251: 750, 252: 512, 253: 484, 254: 722, 255: 240, 256: 478, 257: 394, 258: 156, 259: 478, 260: 240, 261: 484, 262: 722, 263: 240, 264: 478, 265: 478, 266: 240, 267: 680, 268: 442, 269: 722, 270: 484, 271: 792, 272: 554, 273: 778, 274: 540, 275: 792, 276: 554, 277: 778, 278: 540, 279: 778, 280: 540, 281: 750, 282: 512, 283: 156, 284: 394, 285: 478, 286: 240, 287: 442, 288: 680, 289: 484, 290: 722, 291: 240, 292: 478, 293: 240, 294: 478, 295: 680, 296: 442, 297: 478, 298: 240, 299: 478, 300: 240, 301: 792, 302: 554, 303: 156, 304: 394, 305: 554, 306: 792, 307: 156, 308: 394, 309: 240, 310: 478, 311: 240, 312: 478, 313: 240, 314: 478, 315: 722, 316: 484, 317: 478, 318: 240, 319: 540, 320: 778, 321: 792, 322: 554, 323: 722, 324: 484, 325: 442, 326: 680, 327: 750, 328: 512, 329: 442, 330: 680, 331: 750, 332: 512, 333: 792, 334: 554, 335: 554, 336: 792, 337: 394, 338: 156, 339: 240, 340: 478, 341: 680, 342: 442, 343: 680, 344: 442, 345: 484, 346: 722, 347: 680, 348: 442, 349: 478, 350: 240, 351: 478, 352: 240, 353: 484, 354: 722, 355: 722, 356: 484, 357: 394, 358: 156, 359: 512, 360: 750, 361: 156, 362: 394, 363: 722, 364: 484, 365: 750, 366: 512, 367: 156, 368: 394, 369: 512, 370: 750, 371: 722, 372: 484, 373: 394, 374: 156, 375: 750, 376: 512, 377: 792, 378: 554, 379: 394, 380: 156, 381: 442, 382: 680, 383: 554, 384: 792, 385: 680, 386: 442, 387: 442, 388: 680, 389: 394, 390: 156, 391: 156, 392: 394, 393: 722, 394: 484, 395: 484, 396: 722, 397: 778, 398: 540, 399: 722, 400: 484}
Number of lables used:  14
Total time: 0.55 seconds
Memory used: 43.59 MB
--------------------------------------------------

Trying with at most 13 labels...
[runlim] sample:		10.0 time, 10.1 real, 90.6 MB
[runlim] sample:		20.0 time, 20.1 real, 92.2 MB
[runlim] sample:		30.0 time, 30.1 real, 94.2 MB
[runlim] sample:		40.0 time, 40.1 real, 95.1 MB
[runlim] sample:		50.0 time, 50.1 real, 95.8 MB
[runlim] sample:		60.0 time, 60.1 real, 98.1 MB
[runlim] sample:		70.0 time, 70.1 real, 101.6 MB
[runlim] sample:		80.0 time, 80.1 real, 103.9 MB
[runlim] sample:		90.0 time, 90.1 real, 108.9 MB
[runlim] sample:		100.0 time, 100.1 real, 110.3 MB
[runlim] sample:		109.9 time, 110.1 real, 130.3 MB
[runlim] sample:		119.9 time, 120.1 real, 130.3 MB
[runlim] sample:		129.9 time, 130.1 real, 130.3 MB
[runlim] sample:		139.9 time, 140.1 real, 130.3 MB
[runlim] sample:		149.9 time, 150.1 real, 130.3 MB
[runlim] sample:		159.9 time, 160.1 real, 130.3 MB
[runlim] sample:		169.9 time, 170.1 real, 130.3 MB
[runlim] sample:		179.9 time, 180.1 real, 130.6 MB
[runlim] sample:		189.9 time, 190.1 real, 131.1 MB
[runlim] sample:		199.9 time, 200.1 real, 131.4 MB
[runlim] sample:		209.9 time, 210.1 real, 131.8 MB
[runlim] sample:		219.9 time, 220.1 real, 131.8 MB
[runlim] sample:		229.9 time, 230.1 real, 132.0 MB
[runlim] sample:		239.9 time, 240.1 real, 132.5 MB
[runlim] sample:		249.9 time, 250.1 real, 132.9 MB
[runlim] sample:		259.9 time, 260.1 real, 133.5 MB
[runlim] sample:		269.9 time, 270.1 real, 133.8 MB
[runlim] sample:		279.9 time, 280.1 real, 134.5 MB
[runlim] sample:		289.9 time, 290.1 real, 134.5 MB
[runlim] sample:		299.9 time, 300.1 real, 134.8 MB
[runlim] sample:		309.9 time, 310.1 real, 136.1 MB
[runlim] sample:		319.9 time, 320.1 real, 136.6 MB
[runlim] sample:		329.8 time, 330.1 real, 136.6 MB
[runlim] sample:		339.8 time, 340.1 real, 138.3 MB
[runlim] sample:		349.8 time, 350.1 real, 138.3 MB
[runlim] sample:		359.8 time, 360.1 real, 138.3 MB
[runlim] sample:		369.8 time, 370.1 real, 139.6 MB
[runlim] sample:		379.8 time, 380.1 real, 139.6 MB
[runlim] sample:		389.8 time, 390.1 real, 139.6 MB
[runlim] sample:		399.8 time, 400.1 real, 140.4 MB
[runlim] sample:		409.8 time, 410.1 real, 140.4 MB
[runlim] sample:		419.8 time, 420.1 real, 140.4 MB
[runlim] sample:		429.8 time, 430.1 real, 140.4 MB
[runlim] sample:		439.8 time, 440.1 real, 140.5 MB
[runlim] sample:		449.8 time, 450.1 real, 140.8 MB
[runlim] sample:		459.8 time, 460.1 real, 141.7 MB
[runlim] sample:		469.8 time, 470.1 real, 141.8 MB
[runlim] sample:		479.8 time, 480.1 real, 141.8 MB
[runlim] sample:		489.8 time, 490.1 real, 141.8 MB
[runlim] sample:		499.8 time, 500.1 real, 141.8 MB
[runlim] sample:		509.8 time, 510.1 real, 191.8 MB
[runlim] sample:		519.8 time, 520.1 real, 191.9 MB
[runlim] sample:		529.8 time, 530.1 real, 174.4 MB
[runlim] sample:		539.8 time, 540.1 real, 179.3 MB
[runlim] sample:		549.8 time, 550.1 real, 182.8 MB
[runlim] sample:		559.8 time, 560.1 real, 185.3 MB
[runlim] sample:		569.8 time, 570.1 real, 186.7 MB
[runlim] sample:		579.7 time, 580.1 real, 188.3 MB
[runlim] sample:		589.7 time, 590.1 real, 190.6 MB
[runlim] end:			Mon Mar  2 21:34:52 2026
[runlim] status:		out of time
[runlim] result:		2
[runlim] children:		0
[runlim] real:			600.02 seconds
[runlim] time:			599.63 seconds
[runlim] space:			213.7 MB
[runlim] samples:		5999
