[runlim] version:		1.10
[runlim] time limit:		311040000 seconds
[runlim] real time limit:	600 seconds
[runlim] space limit:		14000 MB
[runlim] argv[0]:		python3
[runlim] argv[1]:		-u
[runlim] argv[2]:		pairwise.py
[runlim] argv[3]:		scen06
[runlim] argv[4]:		incremental
[runlim] start:			Mon Mar  2 21:57:09 2026
[runlim] main pid:		6233
Solve first problem:
Cannot find solution.
[runlim] end:			Mon Mar  2 21:57:10 2026
[runlim] status:		ok
[runlim] result:		0
[runlim] children:		0
[runlim] real:			1.21 seconds
[runlim] time:			0.39 seconds
[runlim] space:			36.4 MB
[runlim] samples:		4
