[runlim] version:		1.10
[runlim] time limit:		311040000 seconds
[runlim] real time limit:	600 seconds
[runlim] space limit:		14000 MB
[runlim] argv[0]:		python3
[runlim] argv[1]:		-u
[runlim] argv[2]:		pairwise.py
[runlim] argv[3]:		scen03
[runlim] argv[4]:		incremental
[runlim] start:			Mon Mar  2 20:54:52 2026
[runlim] main pid:		5972
Solve first problem:
Solution:
{13: 254, 14: 16, 15: 156, 16: 394, 23: 142, 24: 380, 49: 310, 50: 72, 51: 16, 52: 254, 53: 338, 54: 100, 67: 156, 68: 394, 69: 254, 70: 16, 79: 254, 80: 16, 81: 268, 82: 30, 83: 680, 84: 442, 85: 352, 86: 114, 103: 268, 104: 30, 105: 254, 106: 16, 117: 750, 118: 512, 119: 708, 120: 470, 127: 142, 128: 380, 129: 310, 130: 72, 143: 666, 144: 428, 145: 254, 146: 16, 151: 764, 152: 526, 153: 694, 154: 456, 155: 652, 156: 414, 157: 30, 158: 268, 179: 156, 180: 394, 181: 394, 182: 156, 183: 736, 184: 498, 191: 366, 192: 128, 193: 296, 194: 58, 205: 254, 206: 16, 209: 142, 210: 380, 211: 58, 212: 296, 213: 254, 214: 16, 215: 296, 216: 58, 217: 296, 218: 58, 233: 750, 234: 512, 235: 338, 236: 100, 237: 380, 238: 142, 261: 254, 262: 16, 263: 352, 264: 114, 265: 324, 266: 86, 267: 254, 268: 16, 269: 254, 270: 16, 271: 254, 272: 16, 273: 324, 274: 86, 275: 324, 276: 86, 277: 268, 278: 30, 281: 366, 282: 128, 283: 296, 284: 58, 285: 366, 286: 128, 287: 254, 288: 16, 289: 254, 290: 16, 291: 324, 292: 86, 293: 380, 294: 142, 295: 324, 296: 86, 299: 366, 300: 128, 301: 282, 302: 44, 303: 680, 304: 442, 305: 352, 306: 114, 307: 30, 308: 268, 309: 338, 310: 100, 311: 254, 312: 16, 313: 254, 314: 16, 321: 254, 322: 16, 323: 254, 324: 16, 325: 666, 326: 428, 327: 338, 328: 100, 329: 254, 330: 16, 339: 352, 340: 114, 341: 44, 342: 282, 343: 44, 344: 282, 345: 394, 346: 156, 347: 324, 348: 86, 349: 680, 350: 442, 351: 30, 352: 268, 355: 44, 356: 282, 357: 268, 358: 30, 359: 666, 360: 428, 361: 338, 362: 100, 363: 268, 364: 30, 365: 380, 366: 142, 367: 310, 368: 72, 369: 128, 370: 366, 371: 254, 372: 16, 375: 282, 376: 44, 377: 666, 378: 428, 383: 338, 384: 100, 387: 366, 388: 128, 397: 394, 398: 156, 401: 114, 402: 352, 405: 114, 406: 352, 435: 366, 436: 128, 439: 310, 440: 72, 449: 100, 450: 338, 471: 254, 472: 16, 475: 338, 476: 100, 477: 268, 478: 30, 481: 352, 482: 114, 491: 310, 492: 72, 493: 268, 494: 30, 495: 254, 496: 16, 517: 268, 518: 30, 519: 338, 520: 100, 525: 282, 526: 44, 533: 282, 534: 44, 535: 254, 536: 16, 547: 324, 548: 86, 555: 128, 556: 366, 557: 666, 558: 428, 559: 58, 560: 296, 561: 380, 562: 142, 563: 666, 564: 428, 565: 114, 566: 352, 573: 268, 574: 30, 575: 114, 576: 352, 577: 366, 578: 128, 579: 352, 580: 114, 581: 352, 582: 114, 583: 666, 584: 428, 585: 338, 586: 100, 587: 254, 588: 16, 589: 366, 590: 128, 591: 352, 592: 114, 593: 100, 594: 338, 595: 296, 596: 58, 597: 268, 598: 30, 599: 142, 600: 380, 601: 282, 602: 44, 603: 268, 604: 30, 605: 268, 606: 30, 607: 352, 608: 114, 613: 100, 614: 338, 615: 282, 616: 44, 617: 268, 618: 30, 619: 352, 620: 114, 621: 338, 622: 100, 623: 338, 624: 100, 625: 268, 626: 30, 629: 282, 630: 44, 631: 268, 632: 30, 633: 282, 634: 44, 635: 268, 636: 30, 637: 254, 638: 16, 639: 268, 640: 30, 641: 380, 642: 142, 643: 338, 644: 100, 645: 296, 646: 58, 651: 352, 652: 114, 653: 254, 654: 16, 661: 254, 662: 16, 663: 394, 664: 156, 665: 366, 666: 128, 667: 268, 668: 30, 671: 254, 672: 16, 713: 268, 714: 30, 715: 254, 716: 16, 717: 394, 718: 156, 719: 324, 720: 86, 721: 254, 722: 16, 723: 254, 724: 16, 725: 254, 726: 16, 727: 254, 728: 16, 733: 268, 734: 30, 741: 268, 742: 30, 743: 44, 744: 282, 745: 268, 746: 30, 747: 324, 748: 86, 757: 338, 758: 100, 759: 268, 760: 30, 763: 268, 764: 30, 765: 254, 766: 16, 767: 296, 768: 58, 769: 268, 770: 30, 771: 338, 772: 100, 773: 254, 774: 16, 783: 268, 784: 30, 785: 254, 786: 16, 787: 268, 788: 30, 789: 338, 790: 100, 791: 268, 792: 30, 793: 338, 794: 100, 795: 268, 796: 30, 797: 352, 798: 114, 799: 282, 800: 44, 801: 268, 802: 30, 815: 338, 816: 100, 817: 268, 818: 30, 825: 282, 826: 44, 827: 324, 828: 86, 829: 254, 830: 16, 835: 44, 836: 282, 837: 268, 838: 30, 867: 352, 868: 114, 875: 310, 876: 72, 877: 282, 878: 44, 879: 324, 880: 86, 881: 268, 882: 30, 893: 268, 894: 30, 903: 254, 904: 16, 911: 254, 912: 16}
Number of lables used:  38
Total time: 0.77 seconds
Memory used: 52.93 MB
--------------------------------------------------

Trying with at most 37 labels...
Solution:
{13: 394, 14: 156, 15: 394, 16: 156, 23: 764, 24: 526, 49: 680, 50: 442, 51: 16, 52: 254, 53: 380, 54: 142, 67: 254, 68: 16, 69: 156, 70: 394, 79: 394, 80: 156, 81: 722, 82: 484, 83: 680, 84: 442, 85: 778, 86: 540, 103: 16, 104: 254, 105: 708, 106: 470, 117: 254, 118: 16, 119: 512, 120: 750, 127: 156, 128: 394, 129: 498, 130: 736, 143: 750, 144: 512, 145: 394, 146: 156, 151: 736, 152: 498, 153: 254, 154: 16, 155: 470, 156: 708, 157: 142, 158: 380, 179: 156, 180: 394, 181: 394, 182: 156, 183: 526, 184: 764, 191: 268, 192: 30, 193: 540, 194: 778, 205: 268, 206: 30, 209: 484, 210: 722, 211: 142, 212: 380, 213: 268, 214: 30, 215: 736, 216: 498, 217: 540, 218: 778, 233: 380, 234: 142, 235: 680, 236: 442, 237: 512, 238: 750, 261: 394, 262: 156, 263: 764, 264: 526, 265: 254, 266: 16, 267: 394, 268: 156, 269: 156, 270: 394, 271: 156, 272: 394, 273: 470, 274: 708, 275: 470, 276: 708, 277: 254, 278: 16, 281: 708, 282: 470, 283: 778, 284: 540, 285: 526, 286: 764, 287: 268, 288: 30, 289: 750, 290: 512, 291: 16, 292: 254, 293: 170, 294: 408, 295: 778, 296: 540, 299: 708, 300: 470, 301: 778, 302: 540, 303: 268, 304: 30, 305: 380, 306: 142, 307: 268, 308: 30, 309: 680, 310: 442, 311: 540, 312: 778, 313: 540, 314: 778, 321: 442, 322: 680, 323: 16, 324: 254, 325: 16, 326: 254, 327: 708, 328: 470, 329: 254, 330: 16, 339: 16, 340: 254, 341: 498, 342: 736, 343: 498, 344: 736, 345: 394, 346: 156, 347: 750, 348: 512, 349: 470, 350: 708, 351: 142, 352: 380, 355: 526, 356: 764, 357: 142, 358: 380, 359: 142, 360: 380, 361: 470, 362: 708, 363: 778, 364: 540, 365: 512, 366: 750, 367: 722, 368: 484, 369: 778, 370: 540, 371: 268, 372: 30, 375: 470, 376: 708, 377: 736, 378: 498, 383: 380, 384: 142, 387: 526, 388: 764, 397: 540, 398: 778, 401: 142, 402: 380, 405: 708, 406: 470, 435: 498, 436: 736, 439: 498, 440: 736, 449: 778, 450: 540, 471: 142, 472: 380, 475: 470, 476: 708, 477: 512, 478: 750, 481: 380, 482: 142, 491: 778, 492: 540, 493: 736, 494: 498, 495: 680, 496: 442, 517: 750, 518: 512, 519: 380, 520: 142, 525: 708, 526: 470, 533: 394, 534: 156, 535: 484, 536: 722, 547: 540, 548: 778, 555: 380, 556: 142, 557: 526, 558: 764, 559: 470, 560: 708, 561: 142, 562: 380, 563: 470, 564: 708, 565: 540, 566: 778, 573: 526, 574: 764, 575: 526, 576: 764, 577: 254, 578: 16, 579: 156, 580: 394, 581: 750, 582: 512, 583: 736, 584: 498, 585: 380, 586: 142, 587: 254, 588: 16, 589: 16, 590: 254, 591: 540, 592: 778, 593: 380, 594: 142, 595: 708, 596: 470, 597: 484, 598: 722, 599: 380, 600: 142, 601: 722, 602: 484, 603: 380, 604: 142, 605: 708, 606: 470, 607: 722, 608: 484, 613: 380, 614: 142, 615: 722, 616: 484, 617: 680, 618: 442, 619: 380, 620: 142, 621: 498, 622: 736, 623: 708, 624: 470, 625: 380, 626: 142, 629: 722, 630: 484, 631: 708, 632: 470, 633: 708, 634: 470, 635: 380, 636: 142, 637: 254, 638: 16, 639: 380, 640: 142, 641: 708, 642: 470, 643: 750, 644: 512, 645: 380, 646: 142, 651: 380, 652: 142, 653: 254, 654: 16, 661: 254, 662: 16, 663: 394, 664: 156, 665: 708, 666: 470, 667: 156, 668: 394, 671: 254, 672: 16, 713: 254, 714: 16, 715: 254, 716: 16, 717: 540, 718: 778, 719: 254, 720: 16, 721: 380, 722: 142, 723: 380, 724: 142, 725: 254, 726: 16, 727: 254, 728: 16, 733: 268, 734: 30, 741: 142, 742: 380, 743: 778, 744: 540, 745: 708, 746: 470, 747: 708, 748: 470, 757: 708, 758: 470, 759: 380, 760: 142, 763: 380, 764: 142, 765: 254, 766: 16, 767: 498, 768: 736, 769: 778, 770: 540, 771: 394, 772: 156, 773: 254, 774: 16, 783: 722, 784: 484, 785: 254, 786: 16, 787: 268, 788: 30, 789: 470, 790: 708, 791: 380, 792: 142, 793: 470, 794: 708, 795: 736, 796: 498, 797: 470, 798: 708, 799: 268, 800: 30, 801: 764, 802: 526, 815: 708, 816: 470, 817: 142, 818: 380, 825: 540, 826: 778, 827: 512, 828: 750, 829: 394, 830: 156, 835: 778, 836: 540, 837: 708, 838: 470, 867: 540, 868: 778, 875: 750, 876: 512, 877: 736, 878: 498, 879: 708, 880: 470, 881: 708, 882: 470, 893: 708, 894: 470, 903: 254, 904: 16, 911: 708, 912: 470}
Number of lables used:  24
Total time: 0.78 seconds
Memory used: 54.11 MB
--------------------------------------------------

Trying with at most 23 labels...
Solution:
{13: 394, 14: 156, 15: 394, 16: 156, 23: 764, 24: 526, 49: 680, 50: 442, 51: 16, 52: 254, 53: 380, 54: 142, 67: 254, 68: 16, 69: 156, 70: 394, 79: 394, 80: 156, 81: 722, 82: 484, 83: 680, 84: 442, 85: 778, 86: 540, 103: 16, 104: 254, 105: 708, 106: 470, 117: 254, 118: 16, 119: 512, 120: 750, 127: 156, 128: 394, 129: 498, 130: 736, 143: 750, 144: 512, 145: 394, 146: 156, 151: 736, 152: 498, 153: 254, 154: 16, 155: 470, 156: 708, 157: 142, 158: 380, 179: 156, 180: 394, 181: 394, 182: 156, 183: 526, 184: 764, 191: 268, 192: 30, 193: 540, 194: 778, 205: 268, 206: 30, 209: 484, 210: 722, 211: 142, 212: 380, 213: 268, 214: 30, 215: 736, 216: 498, 217: 540, 218: 778, 233: 380, 234: 142, 235: 680, 236: 442, 237: 512, 238: 750, 261: 394, 262: 156, 263: 764, 264: 526, 265: 254, 266: 16, 267: 394, 268: 156, 269: 156, 270: 394, 271: 156, 272: 394, 273: 470, 274: 708, 275: 470, 276: 708, 277: 254, 278: 16, 281: 708, 282: 470, 283: 778, 284: 540, 285: 526, 286: 764, 287: 268, 288: 30, 289: 750, 290: 512, 291: 16, 292: 254, 293: 380, 294: 142, 295: 778, 296: 540, 299: 708, 300: 470, 301: 778, 302: 540, 303: 268, 304: 30, 305: 380, 306: 142, 307: 268, 308: 30, 309: 680, 310: 442, 311: 540, 312: 778, 313: 540, 314: 778, 321: 442, 322: 680, 323: 16, 324: 254, 325: 16, 326: 254, 327: 708, 328: 470, 329: 254, 330: 16, 339: 16, 340: 254, 341: 498, 342: 736, 343: 498, 344: 736, 345: 394, 346: 156, 347: 750, 348: 512, 349: 470, 350: 708, 351: 142, 352: 380, 355: 526, 356: 764, 357: 142, 358: 380, 359: 142, 360: 380, 361: 470, 362: 708, 363: 778, 364: 540, 365: 512, 366: 750, 367: 722, 368: 484, 369: 778, 370: 540, 371: 268, 372: 30, 375: 470, 376: 708, 377: 736, 378: 498, 383: 484, 384: 722, 387: 526, 388: 764, 397: 540, 398: 778, 401: 142, 402: 380, 405: 708, 406: 470, 435: 498, 436: 736, 439: 498, 440: 736, 449: 778, 450: 540, 471: 142, 472: 380, 475: 470, 476: 708, 477: 512, 478: 750, 481: 380, 482: 142, 491: 778, 492: 540, 493: 736, 494: 498, 495: 680, 496: 442, 517: 750, 518: 512, 519: 380, 520: 142, 525: 708, 526: 470, 533: 394, 534: 156, 535: 484, 536: 722, 547: 540, 548: 778, 555: 380, 556: 142, 557: 526, 558: 764, 559: 470, 560: 708, 561: 142, 562: 380, 563: 470, 564: 708, 565: 540, 566: 778, 573: 526, 574: 764, 575: 526, 576: 764, 577: 254, 578: 16, 579: 156, 580: 394, 581: 750, 582: 512, 583: 736, 584: 498, 585: 380, 586: 142, 587: 254, 588: 16, 589: 16, 590: 254, 591: 540, 592: 778, 593: 380, 594: 142, 595: 708, 596: 470, 597: 484, 598: 722, 599: 380, 600: 142, 601: 722, 602: 484, 603: 380, 604: 142, 605: 708, 606: 470, 607: 722, 608: 484, 613: 380, 614: 142, 615: 722, 616: 484, 617: 680, 618: 442, 619: 380, 620: 142, 621: 498, 622: 736, 623: 708, 624: 470, 625: 380, 626: 142, 629: 722, 630: 484, 631: 708, 632: 470, 633: 708, 634: 470, 635: 380, 636: 142, 637: 254, 638: 16, 639: 380, 640: 142, 641: 708, 642: 470, 643: 750, 644: 512, 645: 380, 646: 142, 651: 380, 652: 142, 653: 254, 654: 16, 661: 254, 662: 16, 663: 394, 664: 156, 665: 708, 666: 470, 667: 156, 668: 394, 671: 254, 672: 16, 713: 254, 714: 16, 715: 254, 716: 16, 717: 540, 718: 778, 719: 254, 720: 16, 721: 380, 722: 142, 723: 380, 724: 142, 725: 254, 726: 16, 727: 254, 728: 16, 733: 268, 734: 30, 741: 142, 742: 380, 743: 778, 744: 540, 745: 708, 746: 470, 747: 708, 748: 470, 757: 708, 758: 470, 759: 380, 760: 142, 763: 380, 764: 142, 765: 254, 766: 16, 767: 498, 768: 736, 769: 778, 770: 540, 771: 394, 772: 156, 773: 254, 774: 16, 783: 722, 784: 484, 785: 254, 786: 16, 787: 268, 788: 30, 789: 470, 790: 708, 791: 380, 792: 142, 793: 470, 794: 708, 795: 736, 796: 498, 797: 470, 798: 708, 799: 268, 800: 30, 801: 764, 802: 526, 815: 708, 816: 470, 817: 142, 818: 380, 825: 540, 826: 778, 827: 512, 828: 750, 829: 394, 830: 156, 835: 778, 836: 540, 837: 708, 838: 470, 867: 540, 868: 778, 875: 750, 876: 512, 877: 736, 878: 498, 879: 708, 880: 470, 881: 708, 882: 470, 893: 708, 894: 470, 903: 254, 904: 16, 911: 708, 912: 470}
Number of lables used:  22
Total time: 0.78 seconds
Memory used: 54.11 MB
--------------------------------------------------

Trying with at most 21 labels...
Solution:
{13: 394, 14: 156, 15: 394, 16: 156, 23: 764, 24: 526, 49: 680, 50: 442, 51: 16, 52: 254, 53: 380, 54: 142, 67: 254, 68: 16, 69: 156, 70: 394, 79: 394, 80: 156, 81: 512, 82: 750, 83: 680, 84: 442, 85: 778, 86: 540, 103: 16, 104: 254, 105: 708, 106: 470, 117: 254, 118: 16, 119: 512, 120: 750, 127: 156, 128: 394, 129: 498, 130: 736, 143: 750, 144: 512, 145: 394, 146: 156, 151: 736, 152: 498, 153: 254, 154: 16, 155: 470, 156: 708, 157: 142, 158: 380, 179: 156, 180: 394, 181: 394, 182: 156, 183: 268, 184: 30, 191: 268, 192: 30, 193: 540, 194: 778, 205: 268, 206: 30, 209: 526, 210: 764, 211: 142, 212: 380, 213: 750, 214: 512, 215: 736, 216: 498, 217: 442, 218: 680, 233: 380, 234: 142, 235: 680, 236: 442, 237: 512, 238: 750, 261: 394, 262: 156, 263: 764, 264: 526, 265: 254, 266: 16, 267: 394, 268: 156, 269: 156, 270: 394, 271: 156, 272: 394, 273: 470, 274: 708, 275: 470, 276: 708, 277: 254, 278: 16, 281: 708, 282: 470, 283: 778, 284: 540, 285: 526, 286: 764, 287: 268, 288: 30, 289: 750, 290: 512, 291: 16, 292: 254, 293: 380, 294: 142, 295: 778, 296: 540, 299: 708, 300: 470, 301: 778, 302: 540, 303: 268, 304: 30, 305: 380, 306: 142, 307: 268, 308: 30, 309: 680, 310: 442, 311: 540, 312: 778, 313: 540, 314: 778, 321: 442, 322: 680, 323: 16, 324: 254, 325: 16, 326: 254, 327: 708, 328: 470, 329: 254, 330: 16, 339: 16, 340: 254, 341: 498, 342: 736, 343: 498, 344: 736, 345: 394, 346: 156, 347: 750, 348: 512, 349: 470, 350: 708, 351: 142, 352: 380, 355: 526, 356: 764, 357: 142, 358: 380, 359: 142, 360: 380, 361: 470, 362: 708, 363: 778, 364: 540, 365: 512, 366: 750, 367: 680, 368: 442, 369: 778, 370: 540, 371: 268, 372: 30, 375: 470, 376: 708, 377: 736, 378: 498, 383: 680, 384: 442, 387: 750, 388: 512, 397: 268, 398: 30, 401: 142, 402: 380, 405: 708, 406: 470, 435: 268, 436: 30, 439: 498, 440: 736, 449: 778, 450: 540, 471: 142, 472: 380, 475: 540, 476: 778, 477: 512, 478: 750, 481: 380, 482: 142, 491: 778, 492: 540, 493: 736, 494: 498, 495: 680, 496: 442, 517: 750, 518: 512, 519: 380, 520: 142, 525: 708, 526: 470, 533: 394, 534: 156, 535: 736, 536: 498, 547: 156, 548: 394, 555: 380, 556: 142, 557: 526, 558: 764, 559: 470, 560: 708, 561: 142, 562: 380, 563: 470, 564: 708, 565: 268, 566: 30, 573: 526, 574: 764, 575: 526, 576: 764, 577: 254, 578: 16, 579: 156, 580: 394, 581: 750, 582: 512, 583: 736, 584: 498, 585: 380, 586: 142, 587: 254, 588: 16, 589: 16, 590: 254, 591: 540, 592: 778, 593: 380, 594: 142, 595: 708, 596: 470, 597: 540, 598: 778, 599: 380, 600: 142, 601: 540, 602: 778, 603: 380, 604: 142, 605: 708, 606: 470, 607: 764, 608: 526, 613: 380, 614: 142, 615: 736, 616: 498, 617: 680, 618: 442, 619: 380, 620: 142, 621: 498, 622: 736, 623: 708, 624: 470, 625: 380, 626: 142, 629: 778, 630: 540, 631: 708, 632: 470, 633: 708, 634: 470, 635: 380, 636: 142, 637: 254, 638: 16, 639: 380, 640: 142, 641: 708, 642: 470, 643: 750, 644: 512, 645: 380, 646: 142, 651: 380, 652: 142, 653: 254, 654: 16, 661: 254, 662: 16, 663: 394, 664: 156, 665: 708, 666: 470, 667: 156, 668: 394, 671: 254, 672: 16, 713: 254, 714: 16, 715: 254, 716: 16, 717: 540, 718: 778, 719: 254, 720: 16, 721: 380, 722: 142, 723: 380, 724: 142, 725: 254, 726: 16, 727: 254, 728: 16, 733: 268, 734: 30, 741: 142, 742: 380, 743: 778, 744: 540, 745: 708, 746: 470, 747: 708, 748: 470, 757: 708, 758: 470, 759: 380, 760: 142, 763: 380, 764: 142, 765: 254, 766: 16, 767: 498, 768: 736, 769: 778, 770: 540, 771: 394, 772: 156, 773: 254, 774: 16, 783: 470, 784: 708, 785: 254, 786: 16, 787: 268, 788: 30, 789: 470, 790: 708, 791: 380, 792: 142, 793: 470, 794: 708, 795: 736, 796: 498, 797: 470, 798: 708, 799: 268, 800: 30, 801: 764, 802: 526, 815: 708, 816: 470, 817: 142, 818: 380, 825: 540, 826: 778, 827: 512, 828: 750, 829: 394, 830: 156, 835: 778, 836: 540, 837: 708, 838: 470, 867: 540, 868: 778, 875: 750, 876: 512, 877: 736, 878: 498, 879: 708, 880: 470, 881: 708, 882: 470, 893: 708, 894: 470, 903: 254, 904: 16, 911: 708, 912: 470}
Number of lables used:  20
Total time: 0.78 seconds
Memory used: 54.11 MB
--------------------------------------------------

Trying with at most 19 labels...
Solution:
{13: 268, 14: 30, 15: 540, 16: 778, 23: 764, 24: 526, 49: 750, 50: 512, 51: 778, 52: 540, 53: 380, 54: 142, 67: 512, 68: 750, 69: 268, 70: 30, 79: 512, 80: 750, 81: 380, 82: 142, 83: 470, 84: 708, 85: 268, 86: 30, 103: 778, 104: 540, 105: 708, 106: 470, 117: 540, 118: 778, 119: 512, 120: 750, 127: 30, 128: 268, 129: 142, 130: 380, 143: 44, 144: 282, 145: 380, 146: 142, 151: 778, 152: 540, 153: 380, 154: 142, 155: 470, 156: 708, 157: 142, 158: 380, 179: 30, 180: 268, 181: 268, 182: 30, 183: 498, 184: 736, 191: 268, 192: 30, 193: 540, 194: 778, 205: 736, 206: 498, 209: 526, 210: 764, 211: 282, 212: 44, 213: 750, 214: 512, 215: 750, 216: 512, 217: 470, 218: 708, 233: 380, 234: 142, 235: 764, 236: 526, 237: 498, 238: 736, 261: 540, 262: 778, 263: 764, 264: 526, 265: 540, 266: 778, 267: 30, 268: 268, 269: 526, 270: 764, 271: 526, 272: 764, 273: 470, 274: 708, 275: 268, 276: 30, 277: 470, 278: 708, 281: 778, 282: 540, 283: 30, 284: 268, 285: 526, 286: 764, 287: 268, 288: 30, 289: 750, 290: 512, 291: 380, 292: 142, 293: 380, 294: 142, 295: 764, 296: 526, 299: 708, 300: 470, 301: 778, 302: 540, 303: 268, 304: 30, 305: 380, 306: 142, 307: 30, 308: 268, 309: 282, 310: 44, 311: 540, 312: 778, 313: 540, 314: 778, 321: 268, 322: 30, 323: 540, 324: 778, 325: 708, 326: 470, 327: 268, 328: 30, 329: 268, 330: 30, 339: 778, 340: 540, 341: 540, 342: 778, 343: 540, 344: 778, 345: 30, 346: 268, 347: 750, 348: 512, 349: 470, 350: 708, 351: 142, 352: 380, 355: 526, 356: 764, 357: 142, 358: 380, 359: 142, 360: 380, 361: 470, 362: 708, 363: 30, 364: 268, 365: 540, 366: 778, 367: 736, 368: 498, 369: 778, 370: 540, 371: 268, 372: 30, 375: 470, 376: 708, 377: 380, 378: 142, 383: 750, 384: 512, 387: 764, 388: 526, 397: 268, 398: 30, 401: 470, 402: 708, 405: 44, 406: 282, 435: 268, 436: 30, 439: 282, 440: 44, 449: 470, 450: 708, 471: 142, 472: 380, 475: 540, 476: 778, 477: 526, 478: 764, 481: 380, 482: 142, 491: 778, 492: 540, 493: 736, 494: 498, 495: 470, 496: 708, 517: 750, 518: 512, 519: 380, 520: 142, 525: 708, 526: 470, 533: 268, 534: 30, 535: 736, 536: 498, 547: 708, 548: 470, 555: 380, 556: 142, 557: 526, 558: 764, 559: 470, 560: 708, 561: 142, 562: 380, 563: 142, 564: 380, 565: 30, 566: 268, 573: 526, 574: 764, 575: 526, 576: 764, 577: 512, 578: 750, 579: 512, 580: 750, 581: 30, 582: 268, 583: 736, 584: 498, 585: 380, 586: 142, 587: 778, 588: 540, 589: 778, 590: 540, 591: 540, 592: 778, 593: 380, 594: 142, 595: 708, 596: 470, 597: 540, 598: 778, 599: 380, 600: 142, 601: 540, 602: 778, 603: 380, 604: 142, 605: 708, 606: 470, 607: 750, 608: 512, 613: 380, 614: 142, 615: 778, 616: 540, 617: 380, 618: 142, 619: 708, 620: 470, 621: 498, 622: 736, 623: 708, 624: 470, 625: 380, 626: 142, 629: 778, 630: 540, 631: 708, 632: 470, 633: 708, 634: 470, 635: 380, 636: 142, 637: 268, 638: 30, 639: 380, 640: 142, 641: 708, 642: 470, 643: 750, 644: 512, 645: 380, 646: 142, 651: 380, 652: 142, 653: 512, 654: 750, 661: 512, 662: 750, 663: 30, 664: 268, 665: 708, 666: 470, 667: 30, 668: 268, 671: 282, 672: 44, 713: 470, 714: 708, 715: 142, 716: 380, 717: 540, 718: 778, 719: 470, 720: 708, 721: 380, 722: 142, 723: 380, 724: 142, 725: 540, 726: 778, 727: 540, 728: 778, 733: 268, 734: 30, 741: 750, 742: 512, 743: 778, 744: 540, 745: 708, 746: 470, 747: 512, 748: 750, 757: 708, 758: 470, 759: 380, 760: 142, 763: 380, 764: 142, 765: 764, 766: 526, 767: 498, 768: 736, 769: 498, 770: 736, 771: 750, 772: 512, 773: 778, 774: 540, 783: 470, 784: 708, 785: 512, 786: 750, 787: 268, 788: 30, 789: 470, 790: 708, 791: 380, 792: 142, 793: 470, 794: 708, 795: 736, 796: 498, 797: 470, 798: 708, 799: 268, 800: 30, 801: 764, 802: 526, 815: 708, 816: 470, 817: 142, 818: 380, 825: 44, 826: 282, 827: 764, 828: 526, 829: 526, 830: 764, 835: 778, 836: 540, 837: 708, 838: 470, 867: 268, 868: 30, 875: 30, 876: 268, 877: 736, 878: 498, 879: 470, 880: 708, 881: 708, 882: 470, 893: 708, 894: 470, 903: 142, 904: 380, 911: 380, 912: 142}
Number of lables used:  16
Total time: 0.79 seconds
Memory used: 54.14 MB
--------------------------------------------------

Trying with at most 15 labels...
Solution:
{13: 540, 14: 778, 15: 540, 16: 778, 23: 142, 24: 380, 49: 394, 50: 156, 51: 428, 52: 666, 53: 380, 54: 142, 67: 156, 68: 394, 69: 778, 70: 540, 79: 792, 80: 554, 81: 380, 82: 142, 83: 708, 84: 470, 85: 792, 86: 554, 103: 778, 104: 540, 105: 708, 106: 470, 117: 72, 118: 310, 119: 142, 120: 380, 127: 394, 128: 156, 129: 792, 130: 554, 143: 310, 144: 72, 145: 380, 146: 142, 151: 470, 152: 708, 153: 72, 154: 310, 155: 470, 156: 708, 157: 380, 158: 142, 179: 394, 180: 156, 181: 142, 182: 380, 183: 554, 184: 792, 191: 142, 192: 380, 193: 540, 194: 778, 205: 708, 206: 470, 209: 540, 210: 778, 211: 380, 212: 142, 213: 708, 214: 470, 215: 792, 216: 554, 217: 666, 218: 428, 233: 380, 234: 142, 235: 540, 236: 778, 237: 540, 238: 778, 261: 540, 262: 778, 263: 394, 264: 156, 265: 540, 266: 778, 267: 394, 268: 156, 269: 778, 270: 540, 271: 778, 272: 540, 273: 792, 274: 554, 275: 792, 276: 554, 277: 778, 278: 540, 281: 792, 282: 554, 283: 428, 284: 666, 285: 156, 286: 394, 287: 554, 288: 792, 289: 470, 290: 708, 291: 380, 292: 142, 293: 380, 294: 142, 295: 428, 296: 666, 299: 310, 300: 72, 301: 666, 302: 428, 303: 142, 304: 380, 305: 554, 306: 792, 307: 540, 308: 778, 309: 310, 310: 72, 311: 708, 312: 470, 313: 708, 314: 470, 321: 470, 322: 708, 323: 540, 324: 778, 325: 708, 326: 470, 327: 72, 328: 310, 329: 380, 330: 142, 339: 792, 340: 554, 341: 554, 342: 792, 343: 554, 344: 792, 345: 778, 346: 540, 347: 156, 348: 394, 349: 708, 350: 470, 351: 708, 352: 470, 355: 540, 356: 778, 357: 142, 358: 380, 359: 380, 360: 142, 361: 310, 362: 72, 363: 428, 364: 666, 365: 72, 366: 310, 367: 470, 368: 708, 369: 778, 370: 540, 371: 310, 372: 72, 375: 708, 376: 470, 377: 470, 378: 708, 383: 428, 384: 666, 387: 540, 388: 778, 397: 666, 398: 428, 401: 540, 402: 778, 405: 310, 406: 72, 435: 310, 436: 72, 439: 310, 440: 72, 449: 428, 450: 666, 471: 142, 472: 380, 475: 540, 476: 778, 477: 666, 478: 428, 481: 380, 482: 142, 491: 778, 492: 540, 493: 470, 494: 708, 495: 470, 496: 708, 517: 778, 518: 540, 519: 380, 520: 142, 525: 708, 526: 470, 533: 310, 534: 72, 535: 394, 536: 156, 547: 554, 548: 792, 555: 380, 556: 142, 557: 428, 558: 666, 559: 470, 560: 708, 561: 142, 562: 380, 563: 708, 564: 470, 565: 310, 566: 72, 573: 428, 574: 666, 575: 666, 576: 428, 577: 156, 578: 394, 579: 554, 580: 792, 581: 72, 582: 310, 583: 470, 584: 708, 585: 380, 586: 142, 587: 778, 588: 540, 589: 778, 590: 540, 591: 540, 592: 778, 593: 380, 594: 142, 595: 142, 596: 380, 597: 540, 598: 778, 599: 310, 600: 72, 601: 540, 602: 778, 603: 380, 604: 142, 605: 708, 606: 470, 607: 310, 608: 72, 613: 380, 614: 142, 615: 666, 616: 428, 617: 708, 618: 470, 619: 778, 620: 540, 621: 310, 622: 72, 623: 708, 624: 470, 625: 380, 626: 142, 629: 470, 630: 708, 631: 778, 632: 540, 633: 428, 634: 666, 635: 380, 636: 142, 637: 72, 638: 310, 639: 380, 640: 142, 641: 380, 642: 142, 643: 778, 644: 540, 645: 380, 646: 142, 651: 380, 652: 142, 653: 72, 654: 310, 661: 470, 662: 708, 663: 394, 664: 156, 665: 792, 666: 554, 667: 156, 668: 394, 671: 156, 672: 394, 713: 778, 714: 540, 715: 72, 716: 310, 717: 666, 718: 428, 719: 792, 720: 554, 721: 380, 722: 142, 723: 380, 724: 142, 725: 72, 726: 310, 727: 554, 728: 792, 733: 72, 734: 310, 741: 394, 742: 156, 743: 380, 744: 142, 745: 708, 746: 470, 747: 72, 748: 310, 757: 708, 758: 470, 759: 72, 760: 310, 763: 778, 764: 540, 765: 540, 766: 778, 767: 394, 768: 156, 769: 72, 770: 310, 771: 554, 772: 792, 773: 778, 774: 540, 783: 470, 784: 708, 785: 72, 786: 310, 787: 470, 788: 708, 789: 778, 790: 540, 791: 380, 792: 142, 793: 470, 794: 708, 795: 142, 796: 380, 797: 470, 798: 708, 799: 380, 800: 142, 801: 428, 802: 666, 815: 540, 816: 778, 817: 666, 818: 428, 825: 666, 826: 428, 827: 142, 828: 380, 829: 778, 830: 540, 835: 428, 836: 666, 837: 708, 838: 470, 867: 540, 868: 778, 875: 778, 876: 540, 877: 380, 878: 142, 879: 142, 880: 380, 881: 708, 882: 470, 893: 708, 894: 470, 903: 708, 904: 470, 911: 540, 912: 778}
Number of lables used:  14
Total time: 0.79 seconds
Memory used: 54.18 MB
--------------------------------------------------

Trying with at most 13 labels...
[runlim] sample:		10.0 time, 10.1 real, 110.5 MB
[runlim] sample:		20.0 time, 20.1 real, 113.5 MB
[runlim] sample:		30.0 time, 30.1 real, 118.7 MB
[runlim] sample:		40.0 time, 40.1 real, 138.0 MB
[runlim] sample:		50.0 time, 50.1 real, 138.0 MB
[runlim] sample:		60.0 time, 60.1 real, 138.0 MB
[runlim] sample:		70.0 time, 70.1 real, 138.0 MB
[runlim] sample:		80.0 time, 80.1 real, 138.0 MB
[runlim] sample:		89.9 time, 90.1 real, 138.0 MB
[runlim] sample:		99.9 time, 100.1 real, 138.0 MB
[runlim] sample:		109.9 time, 110.1 real, 138.0 MB
[runlim] sample:		119.9 time, 120.1 real, 138.0 MB
[runlim] sample:		129.9 time, 130.1 real, 138.0 MB
[runlim] sample:		139.9 time, 140.1 real, 138.0 MB
[runlim] sample:		149.9 time, 150.1 real, 138.0 MB
[runlim] sample:		159.9 time, 160.1 real, 138.0 MB
[runlim] sample:		169.9 time, 170.1 real, 100.9 MB
[runlim] sample:		179.9 time, 180.1 real, 94.9 MB
[runlim] sample:		189.9 time, 190.1 real, 105.3 MB
[runlim] sample:		199.9 time, 200.1 real, 99.0 MB
[runlim] sample:		209.9 time, 210.1 real, 106.5 MB
[runlim] sample:		219.9 time, 220.1 real, 97.8 MB
[runlim] sample:		229.9 time, 230.1 real, 105.3 MB
[runlim] sample:		239.9 time, 240.1 real, 109.7 MB
[runlim] sample:		249.9 time, 250.1 real, 97.9 MB
[runlim] sample:		259.9 time, 260.1 real, 102.9 MB
[runlim] sample:		269.9 time, 270.1 real, 109.3 MB
[runlim] sample:		279.9 time, 280.1 real, 113.0 MB
[runlim] sample:		289.9 time, 290.1 real, 116.8 MB
[runlim] sample:		299.9 time, 300.1 real, 101.8 MB
[runlim] sample:		309.9 time, 310.1 real, 103.7 MB
[runlim] sample:		319.8 time, 320.1 real, 107.6 MB
[runlim] sample:		329.8 time, 330.1 real, 109.4 MB
[runlim] sample:		339.8 time, 340.1 real, 108.8 MB
[runlim] sample:		349.8 time, 350.1 real, 109.5 MB
[runlim] sample:		359.8 time, 360.1 real, 107.7 MB
[runlim] sample:		369.8 time, 370.1 real, 107.7 MB
[runlim] sample:		379.8 time, 380.1 real, 104.0 MB
[runlim] sample:		389.8 time, 390.1 real, 105.7 MB
[runlim] sample:		399.8 time, 400.1 real, 105.0 MB
[runlim] sample:		409.8 time, 410.1 real, 103.5 MB
[runlim] sample:		419.8 time, 420.1 real, 125.0 MB
[runlim] sample:		429.8 time, 430.1 real, 123.1 MB
[runlim] sample:		439.8 time, 440.1 real, 120.2 MB
[runlim] sample:		449.8 time, 450.1 real, 118.6 MB
[runlim] sample:		459.8 time, 460.1 real, 114.0 MB
[runlim] sample:		469.8 time, 470.1 real, 108.0 MB
[runlim] sample:		479.8 time, 480.1 real, 126.0 MB
[runlim] sample:		489.8 time, 490.1 real, 122.2 MB
[runlim] sample:		499.8 time, 500.1 real, 117.5 MB
[runlim] sample:		509.8 time, 510.1 real, 113.3 MB
[runlim] sample:		519.7 time, 520.1 real, 109.0 MB
[runlim] sample:		529.8 time, 530.1 real, 128.0 MB
[runlim] sample:		539.7 time, 540.1 real, 122.5 MB
[runlim] sample:		549.7 time, 550.1 real, 115.4 MB
[runlim] sample:		559.7 time, 560.1 real, 133.1 MB
[runlim] sample:		569.7 time, 570.1 real, 128.0 MB
[runlim] sample:		579.7 time, 580.1 real, 122.8 MB
[runlim] sample:		589.7 time, 590.1 real, 113.5 MB
[runlim] end:			Mon Mar  2 21:04:52 2026
[runlim] status:		out of time
[runlim] result:		2
[runlim] children:		0
[runlim] real:			600.04 seconds
[runlim] time:			599.61 seconds
[runlim] space:			165.1 MB
[runlim] samples:		5999
