[runlim] version:		1.10
[runlim] time limit:		311040000 seconds
[runlim] real time limit:	600 seconds
[runlim] space limit:		14000 MB
[runlim] argv[0]:		python3
[runlim] argv[1]:		-u
[runlim] argv[2]:		pairwise.py
[runlim] argv[3]:		scen07
[runlim] argv[4]:		assumptions
[runlim] start:			Thu Mar 12 15:23:05 2026
[runlim] main pid:		5575
Solve first problem:
Cannot find solution.
Time taken: 0.60 seconds 
Memory used: 48.58 MB
[runlim] end:			Thu Mar 12 15:23:05 2026
[runlim] status:		ok
[runlim] result:		0
[runlim] children:		0
[runlim] real:			0.90 seconds
[runlim] time:			0.59 seconds
[runlim] space:			47.0 MB
[runlim] samples:		6
