[runlim] version:		2.0.0rc12
[runlim] host:			ap-Precision-7550
[runlim] time limit:		311040000 seconds
[runlim] real time limit:	600 seconds
[runlim] space limit:		14000 MB
[runlim] argv[0]:		python3
[runlim] argv[1]:		-u
[runlim] argv[2]:		main.py
[runlim] argv[3]:		graph10
[runlim] start:			Mon Mar  9 23:30:39 2026
[runlim] child:			4965
Building Gurobi model...
Set parameter WLSAccessID
Set parameter WLSSecret
Set parameter LicenseID to value 2663665
Academic license 2663665 - for non-commercial use only - registered to tu___@vnu.edu.vn
[runlim] sample:		9.42 time, 10.01 real, 415 MB, 1.02 load
Build time used: 12.12 sec
Solving...
[runlim] sample:		37.56 time, 20.01 real, 1389 MB, 1.33 load
[runlim] sample:		87.69 time, 30.01 real, 1477 MB, 1.90 load
[runlim] sample:		133.19 time, 40.01 real, 1516 MB, 2.30 load
[runlim] sample:		153.42 time, 50.01 real, 1534 MB, 2.25 load
[runlim] sample:		173.60 time, 60.01 real, 1509 MB, 2.21 load
{1: 16, 2: 254, 3: 708, 4: 470, 5: 708, 6: 470, 7: 764, 8: 526, 9: 708, 10: 470, 11: 792, 12: 554, 13: 100, 14: 338, 15: 100, 16: 338, 17: 114, 18: 352, 19: 30, 20: 268, 21: 114, 22: 352, 23: 694, 24: 456, 25: 114, 26: 352, 27: 708, 28: 470, 29: 750, 30: 512, 31: 156, 32: 394, 33: 44, 34: 282, 35: 666, 36: 428, 37: 44, 38: 282, 39: 30, 40: 268, 41: 792, 42: 554, 43: 792, 44: 554, 45: 680, 46: 442, 47: 736, 48: 498, 49: 100, 50: 338, 51: 16, 52: 254, 53: 680, 54: 442, 55: 44, 56: 282, 57: 16, 58: 254, 59: 16, 60: 254, 61: 16, 62: 254, 63: 72, 64: 310, 65: 736, 66: 498, 67: 142, 68: 380, 69: 764, 70: 526, 71: 100, 72: 338, 73: 86, 74: 324, 75: 128, 76: 366, 77: 128, 78: 366, 79: 16, 80: 254, 81: 72, 82: 310, 83: 666, 84: 428, 85: 72, 86: 310, 87: 142, 88: 380, 89: 156, 90: 394, 91: 114, 92: 352, 93: 680, 94: 442, 95: 100, 96: 338, 97: 750, 98: 512, 99: 778, 100: 540, 101: 156, 102: 394, 103: 778, 104: 540, 105: 16, 106: 254, 107: 708, 108: 470, 109: 680, 110: 442, 111: 736, 112: 498, 113: 778, 114: 540, 115: 722, 116: 484, 117: 792, 118: 554, 119: 722, 120: 484, 121: 680, 122: 442, 123: 722, 124: 484, 125: 694, 126: 456, 127: 128, 128: 366, 129: 30, 130: 268, 131: 72, 132: 310, 133: 680, 134: 442, 135: 72, 136: 310, 137: 156, 138: 394, 139: 16, 140: 254, 141: 764, 142: 526, 143: 694, 144: 456, 145: 128, 146: 366, 147: 778, 148: 540, 149: 792, 150: 554, 151: 778, 152: 540, 153: 16, 154: 254, 155: 16, 156: 254, 157: 778, 158: 540, 159: 58, 160: 296, 161: 142, 162: 380, 163: 16, 164: 254, 165: 156, 166: 394, 167: 666, 168: 428, 169: 792, 170: 554, 171: 16, 172: 254, 173: 86, 174: 324, 175: 142, 176: 380, 177: 764, 178: 526, 179: 58, 180: 296, 181: 652, 182: 414, 183: 652, 184: 414, 185: 156, 186: 394, 187: 16, 188: 254, 189: 736, 190: 498, 191: 44, 192: 282, 193: 680, 194: 442, 195: 44, 196: 282, 197: 16, 198: 254, 199: 680, 200: 442, 201: 142, 202: 380, 203: 58, 204: 296, 205: 142, 206: 380, 207: 764, 208: 526, 209: 30, 210: 268, 211: 114, 212: 352, 213: 652, 214: 414, 215: 652, 216: 414, 217: 44, 218: 282, 219: 708, 220: 470, 221: 156, 222: 394, 223: 652, 224: 414, 225: 58, 226: 296, 227: 792, 228: 554, 229: 736, 230: 498, 231: 764, 232: 526, 233: 694, 234: 456, 235: 30, 236: 268, 237: 680, 238: 442, 239: 722, 240: 484, 241: 16, 242: 254, 243: 142, 244: 380, 245: 680, 246: 442, 247: 666, 248: 428, 249: 666, 250: 428, 251: 30, 252: 268, 253: 142, 254: 380, 255: 764, 256: 526, 257: 128, 258: 366, 259: 778, 260: 540, 261: 16, 262: 254, 263: 750, 264: 512, 265: 100, 266: 338, 267: 792, 268: 554, 269: 792, 270: 554, 271: 722, 272: 484, 273: 16, 274: 254, 275: 722, 276: 484, 277: 666, 278: 428, 279: 114, 280: 352, 281: 86, 282: 324, 283: 778, 284: 540, 285: 680, 286: 442, 287: 764, 288: 526, 289: 708, 290: 470, 291: 310, 292: 72, 293: 722, 294: 484, 295: 792, 296: 554, 297: 750, 298: 512, 299: 666, 300: 428, 301: 16, 302: 254, 303: 778, 304: 540, 305: 778, 306: 540, 307: 16, 308: 254, 309: 72, 310: 310, 311: 128, 312: 366, 313: 100, 314: 338, 315: 156, 316: 394, 317: 778, 318: 540, 319: 736, 320: 498, 321: 30, 322: 268, 323: 72, 324: 310, 325: 666, 326: 428, 327: 666, 328: 428, 329: 16, 330: 254, 331: 44, 332: 282, 333: 694, 334: 456, 335: 44, 336: 282, 337: 722, 338: 484, 339: 666, 340: 428, 341: 750, 342: 512, 343: 156, 344: 394, 345: 792, 346: 554, 347: 16, 348: 254, 349: 44, 350: 282, 351: 666, 352: 428, 353: 114, 354: 352, 355: 778, 356: 540, 357: 778, 358: 540, 359: 86, 360: 324, 361: 100, 362: 338, 363: 30, 364: 268, 365: 128, 366: 366, 367: 764, 368: 526, 369: 694, 370: 456, 371: 764, 372: 526, 373: 72, 374: 310, 375: 694, 376: 456, 377: 156, 378: 394, 379: 736, 380: 498, 381: 708, 382: 470, 383: 652, 384: 414, 385: 708, 386: 470, 387: 778, 388: 540, 389: 58, 390: 296, 391: 722, 392: 484, 393: 792, 394: 554, 395: 16, 396: 254, 397: 764, 398: 526, 399: 694, 400: 456, 401: 666, 402: 428, 403: 708, 404: 470, 405: 792, 406: 554, 407: 792, 408: 554, 409: 666, 410: 428, 411: 680, 412: 442, 413: 44, 414: 282, 415: 708, 416: 470, 417: 86, 418: 324, 419: 296, 420: 58, 421: 652, 422: 414, 423: 778, 424: 540, 425: 72, 426: 310, 427: 142, 428: 380, 429: 86, 430: 324, 431: 750, 432: 512, 433: 666, 434: 428, 435: 722, 436: 484, 437: 142, 438: 380, 439: 44, 440: 282, 441: 736, 442: 498, 443: 680, 444: 442, 445: 44, 446: 282, 447: 100, 448: 338, 449: 764, 450: 526, 451: 666, 452: 428, 453: 142, 454: 380, 455: 778, 456: 540, 457: 142, 458: 380, 459: 100, 460: 338, 461: 16, 462: 254, 463: 30, 464: 268, 465: 114, 466: 352, 467: 694, 468: 456, 469: 16, 470: 254, 471: 722, 472: 484, 473: 114, 474: 352, 475: 86, 476: 324, 477: 764, 478: 526, 479: 792, 480: 554, 481: 736, 482: 498, 483: 792, 484: 554, 485: 100, 486: 338, 487: 86, 488: 324, 489: 16, 490: 254, 491: 666, 492: 428, 493: 128, 494: 366, 495: 86, 496: 324, 497: 16, 498: 254, 499: 722, 500: 484, 501: 680, 502: 442, 503: 156, 504: 394, 505: 142, 506: 380, 507: 72, 508: 310, 509: 16, 510: 254, 511: 156, 512: 394, 513: 778, 514: 540, 515: 16, 516: 254, 517: 722, 518: 484, 519: 142, 520: 380, 521: 72, 522: 310, 523: 792, 524: 554, 525: 708, 526: 470, 527: 156, 528: 394, 529: 792, 530: 554, 531: 722, 532: 484, 533: 156, 534: 394, 535: 666, 536: 428, 537: 16, 538: 254, 539: 680, 540: 442, 541: 750, 542: 512, 543: 680, 544: 442, 545: 16, 546: 254, 547: 778, 548: 540, 549: 128, 550: 366, 551: 736, 552: 498, 553: 778, 554: 540, 555: 86, 556: 324, 557: 44, 558: 282, 559: 764, 560: 526, 561: 764, 562: 526, 563: 156, 564: 394, 565: 30, 566: 268, 567: 680, 568: 442, 569: 30, 570: 268, 571: 142, 572: 380, 573: 708, 574: 470, 575: 666, 576: 428, 577: 666, 578: 428, 579: 736, 580: 498, 581: 100, 582: 338, 583: 142, 584: 380, 585: 694, 586: 456, 587: 16, 588: 254, 589: 764, 590: 526, 591: 666, 592: 428, 593: 792, 594: 554, 595: 128, 596: 366, 597: 792, 598: 554, 599: 792, 600: 554, 601: 792, 602: 554, 603: 778, 604: 540, 605: 736, 606: 498, 607: 792, 608: 554, 609: 16, 610: 254, 611: 156, 612: 394, 613: 680, 614: 442, 615: 750, 616: 512, 617: 30, 618: 268, 619: 750, 620: 512, 621: 750, 622: 512, 623: 114, 624: 352, 625: 694, 626: 456, 627: 114, 628: 352, 629: 72, 630: 310, 631: 30, 632: 268, 633: 86, 634: 324, 635: 694, 636: 456, 637: 792, 638: 554, 639: 30, 640: 268, 641: 778, 642: 540, 643: 792, 644: 554, 645: 750, 646: 512, 647: 142, 648: 380, 649: 778, 650: 540, 651: 72, 652: 310, 653: 30, 654: 268, 655: 30, 656: 268, 657: 86, 658: 324, 659: 666, 660: 428, 661: 778, 662: 540, 663: 764, 664: 526, 665: 736, 666: 498, 667: 680, 668: 442, 669: 30, 670: 268, 671: 44, 672: 282, 673: 128, 674: 366, 675: 666, 676: 428, 677: 16, 678: 254, 679: 792, 680: 554}

Number of labels used: 44
Total time used: 69.04 sec
Memory used: 1813.24 MB
================================
[runlim] sample:		198.45 time, 70.01 real, 1830 MB, 2.42 load
[runlim] sample:		248.54 time, 80.01 real, 2024 MB, 2.89 load
[runlim] sample:		297.59 time, 90.01 real, 2063 MB, 3.22 load
[runlim] sample:		337.76 time, 100.01 real, 2065 MB, 3.34 load
[runlim] sample:		377.93 time, 110.01 real, 2086 MB, 3.44 load
[runlim] sample:		418.10 time, 120.01 real, 2087 MB, 3.53 load
[runlim] sample:		458.29 time, 130.01 real, 2103 MB, 3.60 load
[runlim] sample:		498.48 time, 140.01 real, 2103 MB, 3.66 load
[runlim] sample:		538.67 time, 150.01 real, 2103 MB, 3.71 load
[runlim] sample:		578.85 time, 160.01 real, 2104 MB, 3.76 load
[runlim] sample:		619.04 time, 170.01 real, 2104 MB, 3.80 load
[runlim] sample:		659.24 time, 180.01 real, 2218 MB, 3.83 load
[runlim] sample:		699.44 time, 190.01 real, 2257 MB, 3.85 load
[runlim] sample:		735.82 time, 200.01 real, 2258 MB, 3.80 load
[runlim] sample:		768.19 time, 210.01 real, 2309 MB, 3.75 load
[runlim] sample:		808.38 time, 220.01 real, 2330 MB, 3.79 load
[runlim] sample:		841.54 time, 230.01 real, 2331 MB, 3.67 load
[runlim] sample:		881.50 time, 240.01 real, 2352 MB, 3.88 load
[runlim] sample:		921.69 time, 250.01 real, 2353 MB, 3.90 load
[runlim] sample:		961.88 time, 260.01 real, 2379 MB, 3.92 load
[runlim] sample:		1002.08 time, 270.01 real, 2381 MB, 4.01 load
[runlim] sample:		1042.30 time, 280.01 real, 2380 MB, 4.01 load
[runlim] sample:		1082.49 time, 290.01 real, 2355 MB, 4.01 load
[runlim] sample:		1122.69 time, 300.01 real, 2356 MB, 4.00 load
[runlim] sample:		1162.86 time, 310.01 real, 2363 MB, 4.00 load
[runlim] sample:		1203.04 time, 320.01 real, 2354 MB, 4.00 load
[runlim] sample:		1243.21 time, 330.01 real, 2354 MB, 4.00 load
[runlim] sample:		1283.36 time, 340.01 real, 2355 MB, 4.00 load
[runlim] sample:		1323.55 time, 350.01 real, 2355 MB, 4.08 load
[runlim] sample:		1363.75 time, 360.01 real, 2356 MB, 4.07 load
[runlim] sample:		1403.97 time, 370.01 real, 2356 MB, 4.06 load
[runlim] sample:		1444.15 time, 380.01 real, 2356 MB, 4.05 load
[runlim] sample:		1484.33 time, 390.01 real, 2415 MB, 4.12 load
[runlim] sample:		1524.53 time, 400.01 real, 2417 MB, 4.10 load
[runlim] sample:		1564.72 time, 410.01 real, 2417 MB, 4.08 load
[runlim] sample:		1604.92 time, 420.01 real, 2418 MB, 4.07 load
[runlim] sample:		1645.09 time, 430.01 real, 2419 MB, 4.06 load
[runlim] sample:		1685.30 time, 440.01 real, 2419 MB, 4.05 load
[runlim] sample:		1725.47 time, 450.01 real, 2422 MB, 4.04 load
[runlim] sample:		1765.66 time, 460.01 real, 2423 MB, 4.04 load
[runlim] sample:		1805.84 time, 470.01 real, 2423 MB, 4.03 load
[runlim] sample:		1846.04 time, 480.01 real, 2423 MB, 4.02 load
[runlim] sample:		1886.23 time, 490.01 real, 2423 MB, 4.17 load
[runlim] sample:		1926.41 time, 500.01 real, 2442 MB, 4.30 load
[runlim] sample:		1966.61 time, 510.01 real, 2442 MB, 4.26 load
[runlim] sample:		2006.81 time, 520.01 real, 2341 MB, 4.30 load
[runlim] sample:		2047.01 time, 530.01 real, 2323 MB, 4.25 load
[runlim] sample:		2087.18 time, 540.01 real, 2343 MB, 4.21 load
[runlim] sample:		2127.37 time, 550.01 real, 2345 MB, 4.18 load
[runlim] sample:		2167.57 time, 560.01 real, 2345 MB, 4.31 load
[runlim] sample:		2207.76 time, 570.01 real, 2345 MB, 4.26 load
[runlim] sample:		2247.95 time, 580.01 real, 2346 MB, 4.22 load
[runlim] sample:		2288.15 time, 590.01 real, 2346 MB, 4.27 load
[runlim] sample:		2328.36 time, 600.01 real, 2346 MB, 4.39 load
[runlim] end:			Mon Mar  9 23:40:40 2026
[runlim] status:		out of time
[runlim] result:		2
[runlim] children:		1
[runlim] processes:		2
[runlim] real:			601.06 seconds
[runlim] time:			2328.36 seconds
[runlim] space:			2465 MB
[runlim] load:			4.39 maximum
[runlim] samples:		6000
