[runlim] version:		2.0.0rc12
[runlim] host:			ap-Precision-7550
[runlim] time limit:		311040000 seconds
[runlim] real time limit:	600 seconds
[runlim] space limit:		14000 MB
[runlim] argv[0]:		python3
[runlim] argv[1]:		-u
[runlim] argv[2]:		main.py
[runlim] argv[3]:		TUD916.1
[runlim] start:			Mon Mar  9 23:41:33 2026
[runlim] child:			5124
Building Gurobi model...
Set parameter WLSAccessID
Set parameter WLSSecret
Set parameter LicenseID to value 2663665
Academic license 2663665 - for non-commercial use only - registered to tu___@vnu.edu.vn
Build time used: 5.12 sec
Solving...
[runlim] sample:		24.43 time, 10.01 real, 793 MB, 3.00 load
[runlim] sample:		61.66 time, 20.01 real, 1245 MB, 3.32 load
[runlim] sample:		111.79 time, 30.01 real, 1357 MB, 3.58 load
[runlim] sample:		158.79 time, 40.01 real, 1366 MB, 3.72 load
[runlim] sample:		199.00 time, 50.01 real, 1368 MB, 3.91 load
[runlim] sample:		235.90 time, 60.01 real, 1468 MB, 3.92 load
[runlim] sample:		275.53 time, 70.01 real, 1470 MB, 3.94 load
[runlim] sample:		315.77 time, 80.01 real, 1472 MB, 4.02 load
[runlim] sample:		351.45 time, 90.01 real, 1473 MB, 3.94 load
[runlim] sample:		389.94 time, 100.01 real, 1507 MB, 3.95 load
[runlim] sample:		430.17 time, 110.01 real, 1508 MB, 3.96 load
[runlim] sample:		470.37 time, 120.01 real, 1514 MB, 4.04 load
[runlim] sample:		510.62 time, 130.01 real, 1512 MB, 4.03 load
[runlim] sample:		550.82 time, 140.01 real, 1514 MB, 4.02 load
[runlim] sample:		591.03 time, 150.01 real, 1514 MB, 4.10 load
[runlim] sample:		631.30 time, 160.01 real, 1563 MB, 4.08 load
[runlim] sample:		671.55 time, 170.01 real, 1582 MB, 4.07 load
[runlim] sample:		711.80 time, 180.01 real, 1624 MB, 4.14 load
[runlim] sample:		752.04 time, 190.01 real, 1565 MB, 4.27 load
[runlim] sample:		792.27 time, 200.01 real, 1569 MB, 4.23 load
[runlim] sample:		832.49 time, 210.01 real, 1583 MB, 4.20 load
[runlim] sample:		869.90 time, 220.01 real, 1584 MB, 4.16 load
[runlim] sample:		910.13 time, 230.01 real, 1584 MB, 4.14 load
[runlim] sample:		946.97 time, 240.01 real, 1601 MB, 4.12 load
[runlim] sample:		987.20 time, 250.01 real, 1602 MB, 4.10 load
[runlim] sample:		1027.45 time, 260.01 real, 1603 MB, 4.08 load
[runlim] sample:		1067.68 time, 270.01 real, 1604 MB, 4.07 load
[runlim] sample:		1107.90 time, 280.01 real, 1606 MB, 4.06 load
[runlim] sample:		1148.11 time, 290.01 real, 1601 MB, 4.13 load
[runlim] sample:		1186.49 time, 300.01 real, 1617 MB, 4.11 load
[runlim] sample:		1216.83 time, 310.01 real, 1624 MB, 4.02 load
[runlim] sample:		1252.24 time, 320.01 real, 1631 MB, 3.94 load
[runlim] sample:		1292.49 time, 330.01 real, 1608 MB, 4.03 load
[runlim] sample:		1330.94 time, 340.01 real, 1639 MB, 4.11 load
[runlim] sample:		1371.16 time, 350.01 real, 1637 MB, 4.17 load
[runlim] sample:		1411.40 time, 360.01 real, 1643 MB, 4.14 load
[runlim] sample:		1451.62 time, 370.01 real, 1619 MB, 4.20 load
[runlim] sample:		1491.75 time, 380.01 real, 1695 MB, 4.24 load
[runlim] sample:		1523.17 time, 390.01 real, 1790 MB, 4.21 load
[runlim] sample:		1563.40 time, 400.01 real, 1799 MB, 4.18 load
[runlim] sample:		1603.63 time, 410.01 real, 1803 MB, 4.15 load
[runlim] sample:		1643.83 time, 420.01 real, 1815 MB, 4.13 load
[runlim] sample:		1684.04 time, 430.01 real, 1818 MB, 4.11 load
[runlim] sample:		1724.25 time, 440.01 real, 1818 MB, 4.09 load
[runlim] sample:		1764.48 time, 450.01 real, 1816 MB, 4.08 load
[runlim] sample:		1799.52 time, 460.01 real, 1805 MB, 3.98 load
[runlim] sample:		1820.86 time, 470.01 real, 1798 MB, 3.75 load
[runlim] sample:		1831.02 time, 480.01 real, 1798 MB, 3.32 load
[runlim] sample:		1846.36 time, 490.01 real, 1811 MB, 3.37 load
[runlim] sample:		1886.89 time, 500.02 real, 1881 MB, 3.70 load
[runlim] sample:		1945.98 time, 510.01 real, 1884 MB, 4.05 load
[runlim] sample:		2005.82 time, 520.02 real, 1905 MB, 4.35 load
[runlim] sample:		2061.08 time, 530.01 real, 1911 MB, 4.37 load
[runlim] sample:		2118.21 time, 540.02 real, 1969 MB, 4.62 load
[runlim] sample:		2178.24 time, 550.02 real, 1955 MB, 4.83 load
[runlim] sample:		2232.50 time, 560.01 real, 1951 MB, 4.85 load
[runlim] sample:		2274.07 time, 570.02 real, 1950 MB, 4.73 load
[runlim] sample:		2334.10 time, 580.02 real, 1951 MB, 4.93 load
[runlim] sample:		2394.12 time, 590.02 real, 1951 MB, 5.09 load
[runlim] sample:		2454.15 time, 600.02 real, 1951 MB, 5.23 load
[runlim] end:			Mon Mar  9 23:51:34 2026
[runlim] status:		out of time
[runlim] result:		2
[runlim] children:		1
[runlim] processes:		2
[runlim] real:			601.06 seconds
[runlim] time:			2454.15 seconds
[runlim] space:			1973 MB
[runlim] load:			5.23 maximum
[runlim] samples:		6000
