[runlim] version:		2.0.0rc12
[runlim] host:			ap-Precision-7550
[runlim] time limit:		311040000 seconds
[runlim] real time limit:	600 seconds
[runlim] space limit:		14000 MB
[runlim] argv[0]:		python3
[runlim] argv[1]:		-u
[runlim] argv[2]:		main_no.py
[runlim] argv[3]:		graph01
[runlim] argv[4]:		600
[runlim] start:			Sun Jun 14 14:45:35 2026
[runlim] child:			29194
Dataset: graph01
Preprocessing: off
Building CP-SAT CP-style model for 200 variables...
Number of frequency variables: 200
Number of label variables: 48
Build time: 0.13s
Solving with OR-Tools CP-SAT CP-style model...
Number of labels used: 34
Time taken: 3.31s
Number of labels used: 32
Time taken: 3.69s
Number of labels used: 32
Time taken: 3.84s
Number of labels used: 28
Time taken: 4.68s
Number of labels used: 26
Time taken: 4.79s
Number of labels used: 26
Time taken: 4.80s
Number of labels used: 22
Time taken: 4.85s
Number of labels used: 20
Time taken: 5.44s
Number of labels used: 18
Time taken: 9.31s
[runlim] sample:		89.36 time, 10.02 real, 623 MB, 8.29 load
[runlim] sample:		208.32 time, 20.02 real, 694 MB, 9.02 load
[runlim] sample:		327.37 time, 30.02 real, 745 MB, 9.48 load
[runlim] sample:		446.39 time, 40.02 real, 757 MB, 9.87 load
[runlim] sample:		565.41 time, 50.02 real, 767 MB, 10.20 load
[runlim] sample:		684.47 time, 60.02 real, 775 MB, 10.48 load
[runlim] sample:		803.49 time, 70.02 real, 779 MB, 10.71 load
[runlim] sample:		922.49 time, 80.02 real, 784 MB, 10.99 load
[runlim] sample:		1041.52 time, 90.02 real, 787 MB, 11.14 load
[runlim] sample:		1160.46 time, 100.02 real, 790 MB, 11.28 load
[runlim] sample:		1279.46 time, 110.02 real, 792 MB, 11.39 load
[runlim] sample:		1398.44 time, 120.02 real, 794 MB, 11.48 load
[runlim] sample:		1517.45 time, 130.02 real, 799 MB, 11.56 load
[runlim] sample:		1636.37 time, 140.02 real, 800 MB, 11.63 load
[runlim] sample:		1755.29 time, 150.02 real, 800 MB, 11.69 load
[runlim] sample:		1874.25 time, 160.02 real, 802 MB, 11.74 load
[runlim] sample:		1992.99 time, 170.02 real, 802 MB, 11.78 load
[runlim] sample:		2111.91 time, 180.02 real, 804 MB, 11.81 load
[runlim] sample:		2230.90 time, 190.02 real, 805 MB, 12.00 load
[runlim] sample:		2349.80 time, 200.02 real, 806 MB, 12.00 load
[runlim] sample:		2468.70 time, 210.02 real, 807 MB, 12.00 load
[runlim] sample:		2587.65 time, 220.02 real, 808 MB, 12.00 load
[runlim] sample:		2706.56 time, 230.02 real, 810 MB, 12.00 load
[runlim] sample:		2825.52 time, 240.02 real, 811 MB, 12.15 load
[runlim] sample:		2944.31 time, 250.02 real, 812 MB, 12.36 load
[runlim] sample:		3063.16 time, 260.02 real, 812 MB, 12.46 load
[runlim] sample:		3182.10 time, 270.02 real, 814 MB, 12.55 load
[runlim] sample:		3301.00 time, 280.02 real, 814 MB, 12.62 load
[runlim] sample:		3419.93 time, 290.02 real, 819 MB, 12.59 load
[runlim] sample:		3538.73 time, 300.02 real, 819 MB, 12.58 load
[runlim] sample:		3657.62 time, 310.02 real, 821 MB, 12.49 load
[runlim] sample:		3776.55 time, 320.02 real, 823 MB, 12.41 load
[runlim] sample:		3895.40 time, 330.02 real, 824 MB, 12.35 load
[runlim] sample:		4014.31 time, 340.02 real, 826 MB, 12.29 load
[runlim] sample:		4133.16 time, 350.02 real, 826 MB, 12.32 load
[runlim] sample:		4252.10 time, 360.02 real, 828 MB, 12.27 load
[runlim] sample:		4371.02 time, 370.02 real, 829 MB, 12.23 load
[runlim] sample:		4489.93 time, 380.02 real, 829 MB, 12.19 load
[runlim] sample:		4608.77 time, 390.02 real, 830 MB, 12.16 load
[runlim] sample:		4727.60 time, 400.02 real, 831 MB, 12.14 load
[runlim] sample:		4846.48 time, 410.02 real, 832 MB, 12.12 load
[runlim] sample:		4965.41 time, 420.02 real, 833 MB, 12.10 load
[runlim] sample:		5084.29 time, 430.02 real, 834 MB, 12.08 load
[runlim] sample:		5203.22 time, 440.02 real, 835 MB, 12.07 load
[runlim] sample:		5322.14 time, 450.02 real, 836 MB, 12.06 load
[runlim] sample:		5440.99 time, 460.02 real, 839 MB, 12.05 load
[runlim] sample:		5559.88 time, 470.02 real, 841 MB, 12.04 load
[runlim] sample:		5678.81 time, 480.02 real, 842 MB, 12.03 load
[runlim] sample:		5797.72 time, 490.02 real, 844 MB, 12.03 load
[runlim] sample:		5916.58 time, 500.02 real, 844 MB, 12.02 load
[runlim] sample:		6035.38 time, 510.02 real, 846 MB, 12.02 load
[runlim] sample:		6154.13 time, 520.02 real, 846 MB, 12.02 load
[runlim] sample:		6272.99 time, 530.02 real, 847 MB, 12.01 load
[runlim] sample:		6391.83 time, 540.02 real, 847 MB, 12.01 load
[runlim] sample:		6510.63 time, 550.02 real, 849 MB, 12.01 load
[runlim] sample:		6629.45 time, 560.02 real, 850 MB, 12.01 load
[runlim] sample:		6748.29 time, 570.02 real, 851 MB, 12.01 load
[runlim] sample:		6866.93 time, 580.02 real, 852 MB, 12.00 load
[runlim] sample:		6985.75 time, 590.02 real, 852 MB, 12.00 load
[runlim] sample:		7104.14 time, 600.02 real, 852 MB, 12.00 load
[runlim] end:			Sun Jun 14 14:55:36 2026
[runlim] status:		out of time
[runlim] result:		2
[runlim] children:		1
[runlim] processes:		2
[runlim] real:			601.08 seconds
[runlim] time:			7104.14 seconds
[runlim] space:			852 MB
[runlim] load:			12.65 maximum
[runlim] samples:		6000
