[runlim] version:		2.0.0rc12
[runlim] host:			ap-Precision-7550
[runlim] time limit:		311040000 seconds
[runlim] real time limit:	600 seconds
[runlim] space limit:		14000 MB
[runlim] argv[0]:		python3
[runlim] argv[1]:		-u
[runlim] argv[2]:		main_no.py
[runlim] argv[3]:		scen03
[runlim] argv[4]:		600
[runlim] start:			Sun Jun 14 15:51:20 2026
[runlim] child:			38273
Dataset: scen03
Preprocessing: off
Building CP-SAT CP-style model for 400 variables...
Number of frequency variables: 400
Number of label variables: 48
Build time: 0.31s
Solving with OR-Tools CP-SAT CP-style model...
Number of labels used: 40
Time taken: 9.58s
Number of labels used: 36
Time taken: 9.68s
[runlim] sample:		39.66 time, 10.02 real, 1037 MB, 11.20 load
Number of labels used: 34
Time taken: 10.07s
Number of labels used: 32
Time taken: 11.90s
Number of labels used: 32
Time taken: 11.98s
Number of labels used: 30
Time taken: 12.59s
Number of labels used: 30
Time taken: 12.62s
Number of labels used: 28
Time taken: 13.28s
Number of labels used: 26
Time taken: 13.54s
Number of labels used: 20
Time taken: 14.24s
Number of labels used: 18
Time taken: 14.33s
Number of labels used: 16
Time taken: 14.96s
Number of labels used: 16
Time taken: 15.02s
[runlim] sample:		157.64 time, 20.02 real, 1261 MB, 11.33 load
Number of labels used: 14
Time taken: 25.73s
Number of labels used: 14
Time taken: 25.87s
[runlim] sample:		276.31 time, 30.02 real, 1360 MB, 11.43 load
[runlim] sample:		395.21 time, 40.02 real, 1349 MB, 11.52 load
[runlim] sample:		514.16 time, 50.02 real, 1446 MB, 11.75 load
[runlim] sample:		632.98 time, 60.02 real, 1454 MB, 11.94 load
[runlim] sample:		751.96 time, 70.02 real, 1471 MB, 12.10 load
[runlim] sample:		870.96 time, 80.02 real, 1466 MB, 12.32 load
[runlim] sample:		989.90 time, 90.02 real, 1471 MB, 12.66 load
[runlim] sample:		1108.80 time, 100.02 real, 1480 MB, 12.71 load
[runlim] sample:		1227.71 time, 110.02 real, 1487 MB, 12.68 load
[runlim] sample:		1346.62 time, 120.02 real, 1563 MB, 12.57 load
[runlim] sample:		1465.57 time, 130.02 real, 1493 MB, 12.48 load
[runlim] sample:		1584.50 time, 140.02 real, 1497 MB, 12.41 load
[runlim] sample:		1703.44 time, 150.02 real, 1499 MB, 12.35 load
[runlim] sample:		1822.30 time, 160.02 real, 1501 MB, 12.29 load
[runlim] sample:		1941.20 time, 170.02 real, 1526 MB, 12.25 load
[runlim] sample:		2060.12 time, 180.02 real, 1534 MB, 12.21 load
[runlim] sample:		2179.06 time, 190.02 real, 1487 MB, 12.25 load
[runlim] sample:		2297.94 time, 200.02 real, 1510 MB, 12.21 load
[runlim] sample:		2416.77 time, 210.02 real, 1537 MB, 12.18 load
[runlim] sample:		2535.59 time, 220.02 real, 1515 MB, 12.15 load
[runlim] sample:		2654.40 time, 230.02 real, 1540 MB, 12.13 load
[runlim] sample:		2773.12 time, 240.02 real, 1546 MB, 12.25 load
[runlim] sample:		2892.04 time, 250.02 real, 1530 MB, 12.22 load
[runlim] sample:		3010.88 time, 260.02 real, 1517 MB, 12.18 load
[runlim] sample:		3129.73 time, 270.02 real, 1522 MB, 12.15 load
[runlim] sample:		3248.70 time, 280.02 real, 1527 MB, 12.13 load
[runlim] sample:		3367.59 time, 290.02 real, 1511 MB, 12.11 load
[runlim] sample:		3486.45 time, 300.02 real, 1542 MB, 12.09 load
[runlim] sample:		3605.43 time, 310.02 real, 1522 MB, 12.08 load
[runlim] sample:		3724.42 time, 320.02 real, 1516 MB, 12.06 load
[runlim] sample:		3843.33 time, 330.02 real, 1528 MB, 12.05 load
[runlim] sample:		3962.23 time, 340.02 real, 1552 MB, 12.05 load
[runlim] sample:		4081.10 time, 350.02 real, 1483 MB, 12.04 load
[runlim] sample:		4200.00 time, 360.02 real, 1501 MB, 12.03 load
[runlim] sample:		4318.95 time, 370.02 real, 1532 MB, 12.03 load
[runlim] sample:		4437.91 time, 380.02 real, 1534 MB, 12.02 load
[runlim] sample:		4556.80 time, 390.02 real, 1488 MB, 12.02 load
[runlim] sample:		4675.71 time, 400.02 real, 1558 MB, 12.09 load
[runlim] sample:		4794.63 time, 410.02 real, 1532 MB, 12.08 load
[runlim] sample:		4913.48 time, 420.02 real, 1563 MB, 12.06 load
[runlim] sample:		5032.38 time, 430.02 real, 1565 MB, 12.05 load
[runlim] sample:		5151.27 time, 440.02 real, 1494 MB, 12.04 load
[runlim] sample:		5270.23 time, 450.02 real, 1566 MB, 12.04 load
[runlim] sample:		5389.15 time, 460.02 real, 1574 MB, 12.03 load
[runlim] sample:		5508.05 time, 470.02 real, 1540 MB, 12.03 load
[runlim] sample:		5626.94 time, 480.02 real, 1577 MB, 12.02 load
[runlim] sample:		5745.88 time, 490.02 real, 1536 MB, 12.02 load
[runlim] sample:		5864.82 time, 500.02 real, 1547 MB, 12.01 load
[runlim] sample:		5983.76 time, 510.02 real, 1582 MB, 12.01 load
[runlim] sample:		6102.61 time, 520.02 real, 1524 MB, 12.01 load
[runlim] sample:		6221.02 time, 530.02 real, 1577 MB, 12.08 load
[runlim] sample:		6339.90 time, 540.02 real, 1558 MB, 12.07 load
[runlim] sample:		6458.83 time, 550.02 real, 1508 MB, 12.21 load
[runlim] sample:		6577.74 time, 560.02 real, 1556 MB, 12.33 load
[runlim] sample:		6696.64 time, 570.02 real, 1513 MB, 12.44 load
[runlim] sample:		6815.49 time, 580.02 real, 1558 MB, 12.68 load
[runlim] sample:		6934.38 time, 590.02 real, 1565 MB, 12.73 load
[runlim] sample:		7053.27 time, 600.02 real, 1588 MB, 12.77 load
[runlim] end:			Sun Jun 14 16:01:21 2026
[runlim] status:		out of time
[runlim] result:		2
[runlim] children:		1
[runlim] processes:		2
[runlim] real:			601.08 seconds
[runlim] time:			7053.27 seconds
[runlim] space:			1593 MB
[runlim] load:			12.77 maximum
[runlim] samples:		6000
