[runlim] version:		2.0.0rc12
[runlim] host:			ap-Precision-7550
[runlim] time limit:		311040000 seconds
[runlim] real time limit:	600 seconds
[runlim] space limit:		14000 MB
[runlim] argv[0]:		python3
[runlim] argv[1]:		-u
[runlim] argv[2]:		main_no.py
[runlim] argv[3]:		scen05
[runlim] argv[4]:		600
[runlim] start:			Sun Jun 14 16:21:59 2026
[runlim] child:			42877
Dataset: scen05
Preprocessing: off
Building CP-SAT CP-style model for 400 variables...
Number of frequency variables: 400
Number of label variables: 48
Build time: 0.30s
Solving with OR-Tools CP-SAT CP-style model...
Number of labels used: 44
Time taken: 2.02s
Number of labels used: 40
Time taken: 2.06s
Status: OPTIMAL
Solution:
{13: 156, 14: 394, 15: 156, 16: 394, 53: 254, 54: 16, 71: 128, 72: 366, 79: 778, 80: 540, 81: 254, 82: 16, 83: 142, 84: 380, 85: 414, 86: 652, 117: 792, 118: 554, 119: 554, 120: 792, 127: 44, 128: 282, 129: 708, 130: 470, 143: 680, 144: 442, 145: 442, 146: 680, 151: 72, 152: 310, 153: 414, 154: 652, 163: 128, 164: 366, 165: 764, 166: 526, 179: 44, 180: 282, 181: 282, 182: 44, 183: 442, 184: 680, 191: 736, 192: 498, 193: 268, 194: 30, 205: 310, 206: 72, 209: 736, 210: 498, 211: 792, 212: 554, 213: 310, 214: 72, 217: 764, 218: 526, 219: 352, 220: 114, 233: 442, 234: 680, 235: 30, 236: 268, 237: 498, 238: 736, 255: 254, 256: 16, 259: 16, 260: 254, 261: 268, 262: 30, 263: 254, 264: 16, 265: 30, 266: 268, 267: 498, 268: 736, 269: 296, 270: 58, 271: 296, 272: 58, 273: 30, 274: 268, 275: 30, 276: 268, 277: 296, 278: 58, 281: 394, 282: 156, 283: 128, 284: 366, 285: 16, 286: 254, 287: 268, 288: 30, 289: 736, 290: 498, 291: 156, 292: 394, 293: 380, 294: 142, 295: 792, 296: 554, 299: 254, 300: 16, 301: 156, 302: 394, 303: 324, 304: 86, 305: 554, 306: 792, 307: 554, 308: 792, 309: 394, 310: 156, 311: 16, 312: 254, 313: 296, 314: 58, 321: 254, 322: 16, 323: 156, 324: 394, 325: 414, 326: 652, 327: 268, 328: 30, 329: 268, 330: 30, 335: 666, 336: 428, 337: 442, 338: 680, 341: 394, 342: 156, 343: 394, 344: 156, 349: 268, 350: 30, 351: 680, 352: 442, 353: 680, 354: 442, 369: 778, 370: 540, 371: 414, 372: 652, 373: 666, 374: 428, 375: 114, 376: 352, 377: 352, 378: 114, 379: 352, 380: 114, 381: 72, 382: 310, 385: 764, 386: 526, 391: 722, 392: 484, 393: 778, 394: 540, 401: 366, 402: 128, 403: 268, 404: 30, 405: 428, 406: 666, 413: 722, 414: 484, 435: 736, 436: 498, 439: 394, 440: 156, 443: 30, 444: 268, 449: 764, 450: 526, 471: 666, 472: 428, 473: 366, 474: 128, 475: 324, 476: 86, 477: 680, 478: 442, 479: 268, 480: 30, 481: 666, 482: 428, 517: 666, 518: 428, 519: 540, 520: 778, 537: 156, 538: 394, 539: 72, 540: 310, 541: 428, 542: 666, 545: 652, 546: 414, 551: 792, 552: 554, 553: 254, 554: 16, 555: 442, 556: 680, 557: 540, 558: 778, 559: 352, 560: 114, 561: 114, 562: 352, 563: 708, 564: 470, 565: 526, 566: 764, 567: 324, 568: 86, 569: 540, 570: 778, 571: 484, 572: 722, 573: 44, 574: 282, 575: 44, 576: 282, 577: 554, 578: 792, 579: 680, 580: 442, 581: 30, 582: 268, 583: 778, 584: 540, 585: 380, 586: 142, 587: 666, 588: 428, 589: 366, 590: 128, 591: 526, 592: 764, 593: 282, 594: 44, 595: 442, 596: 680, 597: 310, 598: 72, 599: 680, 600: 442, 601: 268, 602: 30, 603: 428, 604: 666, 605: 268, 606: 30, 607: 324, 608: 86, 613: 310, 614: 72, 615: 86, 616: 324, 617: 764, 618: 526, 619: 540, 620: 778, 621: 540, 622: 778, 623: 680, 624: 442, 625: 72, 626: 310, 629: 310, 630: 72, 631: 540, 632: 778, 633: 114, 634: 352, 635: 680, 636: 442, 639: 114, 640: 352, 641: 114, 642: 352, 643: 114, 644: 352, 645: 58, 646: 296, 651: 254, 652: 16, 653: 694, 654: 456, 661: 694, 662: 456, 663: 414, 664: 652, 665: 394, 666: 156, 667: 778, 668: 540, 671: 310, 672: 72, 711: 282, 712: 44, 713: 296, 714: 58, 715: 694, 716: 456, 717: 128, 718: 366, 719: 254, 720: 16, 721: 554, 722: 792, 723: 442, 724: 680, 739: 708, 740: 470, 741: 442, 742: 680, 743: 310, 744: 72, 745: 58, 746: 296, 747: 526, 748: 764, 751: 526, 752: 764, 753: 30, 754: 268, 755: 694, 756: 456, 757: 128, 758: 366, 759: 540, 760: 778, 763: 526, 764: 764, 765: 16, 766: 254, 767: 324, 768: 86, 769: 310, 770: 72, 773: 114, 774: 352, 775: 498, 776: 736, 783: 30, 784: 268, 785: 708, 786: 470, 787: 498, 788: 736, 789: 282, 790: 44, 791: 680, 792: 442, 793: 268, 794: 30, 795: 498, 796: 736, 797: 428, 798: 666, 799: 268, 800: 30, 801: 764, 802: 526, 803: 268, 804: 30, 805: 764, 806: 526, 807: 114, 808: 352, 809: 526, 810: 764, 811: 456, 812: 694, 813: 268, 814: 30, 815: 442, 816: 680, 817: 268, 818: 30, 825: 268, 826: 30, 827: 694, 828: 456, 829: 778, 830: 540, 879: 268, 880: 30, 911: 114, 912: 352, 913: 310, 914: 72, 915: 16, 916: 254}
Number of labels used: 40
Objective value: 40.0
Best objective bound: 40.0
Solution is CORRECT!
Total time: 2.09s
Memory used: 214.20 MB
[runlim] end:			Sun Jun 14 16:22:02 2026
[runlim] status:		ok
[runlim] result:		0
[runlim] children:		1
[runlim] processes:		2
[runlim] real:			2.47 seconds
[runlim] time:			4.02 seconds
[runlim] space:			213 MB
[runlim] load:			11.17 maximum
[runlim] samples:		25
