[runlim] version:		2.0.0rc12
[runlim] host:			ap-Precision-7550
[runlim] time limit:		311040000 seconds
[runlim] real time limit:	600 seconds
[runlim] space limit:		14000 MB
[runlim] argv[0]:		python3
[runlim] argv[1]:		-u
[runlim] argv[2]:		main_no.py
[runlim] argv[3]:		scen02
[runlim] argv[4]:		600
[runlim] start:			Sun Jun 14 15:41:19 2026
[runlim] child:			36931
Dataset: scen02
Preprocessing: off
Building CP-SAT CP-style model for 200 variables...
Number of frequency variables: 200
Number of label variables: 44
Build time: 0.16s
Solving with OR-Tools CP-SAT CP-style model...
Number of labels used: 28
Time taken: 4.54s
Number of labels used: 26
Time taken: 5.16s
Number of labels used: 26
Time taken: 5.21s
Number of labels used: 24
Time taken: 6.26s
Number of labels used: 22
Time taken: 6.53s
Number of labels used: 22
Time taken: 6.54s
Number of labels used: 20
Time taken: 6.62s
Number of labels used: 18
Time taken: 6.70s
Number of labels used: 16
Time taken: 6.74s
Number of labels used: 14
Time taken: 6.77s
[runlim] sample:		79.11 time, 10.02 real, 712 MB, 11.40 load
[runlim] sample:		198.10 time, 20.02 real, 783 MB, 11.49 load
[runlim] sample:		317.10 time, 30.02 real, 801 MB, 11.57 load
[runlim] sample:		436.12 time, 40.02 real, 820 MB, 11.64 load
[runlim] sample:		555.10 time, 50.02 real, 830 MB, 11.69 load
[runlim] sample:		674.04 time, 60.02 real, 837 MB, 11.74 load
[runlim] sample:		792.98 time, 70.02 real, 843 MB, 11.78 load
[runlim] sample:		911.93 time, 80.02 real, 846 MB, 11.89 load
[runlim] sample:		1030.89 time, 90.02 real, 850 MB, 11.91 load
[runlim] sample:		1149.92 time, 100.02 real, 853 MB, 11.92 load
[runlim] sample:		1268.79 time, 110.02 real, 856 MB, 11.93 load
[runlim] sample:		1387.71 time, 120.02 real, 858 MB, 11.94 load
[runlim] sample:		1506.59 time, 130.02 real, 860 MB, 11.95 load
[runlim] sample:		1625.51 time, 140.02 real, 863 MB, 11.96 load
[runlim] sample:		1744.42 time, 150.02 real, 869 MB, 11.97 load
[runlim] sample:		1863.31 time, 160.02 real, 871 MB, 11.97 load
[runlim] sample:		1982.20 time, 170.02 real, 874 MB, 11.98 load
[runlim] sample:		2101.09 time, 180.02 real, 875 MB, 11.98 load
[runlim] sample:		2220.02 time, 190.02 real, 876 MB, 11.98 load
[runlim] sample:		2338.88 time, 200.02 real, 876 MB, 11.99 load
[runlim] sample:		2457.78 time, 210.02 real, 878 MB, 11.99 load
[runlim] sample:		2576.68 time, 220.02 real, 878 MB, 11.99 load
[runlim] sample:		2695.59 time, 230.02 real, 879 MB, 11.99 load
[runlim] sample:		2814.46 time, 240.02 real, 880 MB, 12.00 load
[runlim] sample:		2933.39 time, 250.02 real, 881 MB, 12.00 load
[runlim] sample:		3052.27 time, 260.02 real, 884 MB, 12.08 load
[runlim] sample:		3171.18 time, 270.02 real, 886 MB, 12.22 load
[runlim] sample:		3290.02 time, 280.02 real, 900 MB, 12.34 load
[runlim] sample:		3408.90 time, 290.02 real, 909 MB, 12.44 load
[runlim] sample:		3527.79 time, 300.02 real, 911 MB, 12.53 load
[runlim] sample:		3646.76 time, 310.02 real, 911 MB, 12.60 load
[runlim] sample:		3765.64 time, 320.02 real, 912 MB, 12.58 load
[runlim] sample:		3884.55 time, 330.02 real, 913 MB, 12.49 load
[runlim] sample:		4003.47 time, 340.02 real, 915 MB, 12.42 load
[runlim] sample:		4122.36 time, 350.02 real, 917 MB, 12.35 load
[runlim] sample:		4241.22 time, 360.02 real, 917 MB, 12.46 load
[runlim] sample:		4360.22 time, 370.02 real, 917 MB, 12.39 load
[runlim] sample:		4479.19 time, 380.02 real, 918 MB, 12.33 load
[runlim] sample:		4598.10 time, 390.02 real, 918 MB, 12.28 load
[runlim] sample:		4717.01 time, 400.02 real, 919 MB, 12.23 load
[runlim] sample:		4835.91 time, 410.02 real, 919 MB, 12.20 load
[runlim] sample:		4954.30 time, 420.02 real, 919 MB, 12.17 load
[runlim] sample:		5073.21 time, 430.02 real, 920 MB, 12.14 load
[runlim] sample:		5192.13 time, 440.02 real, 922 MB, 12.12 load
[runlim] sample:		5311.03 time, 450.02 real, 925 MB, 12.10 load
[runlim] sample:		5430.01 time, 460.02 real, 926 MB, 12.08 load
[runlim] sample:		5548.95 time, 470.02 real, 926 MB, 12.07 load
[runlim] sample:		5667.81 time, 480.02 real, 926 MB, 12.14 load
[runlim] sample:		5786.72 time, 490.02 real, 928 MB, 12.12 load
[runlim] sample:		5905.62 time, 500.02 real, 929 MB, 12.10 load
[runlim] sample:		6024.53 time, 510.02 real, 930 MB, 12.08 load
[runlim] sample:		6143.44 time, 520.02 real, 930 MB, 12.07 load
[runlim] sample:		6262.30 time, 530.02 real, 930 MB, 12.06 load
[runlim] sample:		6381.17 time, 540.02 real, 931 MB, 12.05 load
[runlim] sample:		6500.08 time, 550.02 real, 932 MB, 12.04 load
[runlim] sample:		6619.00 time, 560.02 real, 933 MB, 12.04 load
[runlim] sample:		6737.94 time, 570.02 real, 935 MB, 12.03 load
[runlim] sample:		6856.87 time, 580.02 real, 936 MB, 12.02 load
[runlim] sample:		6975.74 time, 590.02 real, 937 MB, 12.02 load
[runlim] sample:		7094.62 time, 600.02 real, 938 MB, 12.02 load
[runlim] end:			Sun Jun 14 15:51:20 2026
[runlim] status:		out of time
[runlim] result:		2
[runlim] children:		1
[runlim] processes:		2
[runlim] real:			601.08 seconds
[runlim] time:			7094.62 seconds
[runlim] space:			938 MB
[runlim] load:			12.63 maximum
[runlim] samples:		6000
