[runlim] version:		2.0.0rc12
[runlim] host:			ap-Precision-7550
[runlim] time limit:		311040000 seconds
[runlim] real time limit:	600 seconds
[runlim] space limit:		14000 MB
[runlim] argv[0]:		python3
[runlim] argv[1]:		-u
[runlim] argv[2]:		main_no.py
[runlim] argv[3]:		TUD200.5
[runlim] argv[4]:		600
[runlim] start:			Sun Jun 14 16:24:27 2026
[runlim] child:			43460
Dataset: TUD200.5
Preprocessing: off
Building CP-SAT CP-style model for 200 variables...
Number of frequency variables: 200
Number of label variables: 48
Build time: 0.14s
Solving with OR-Tools CP-SAT CP-style model...
Status: INFEASIBLE
No solution found.
Objective bound: 0.0
Total time: 0.48s
Memory used: 110.36 MB
[runlim] end:			Sun Jun 14 16:24:28 2026
[runlim] status:		ok
[runlim] result:		0
[runlim] children:		1
[runlim] processes:		2
[runlim] real:			0.84 seconds
[runlim] time:			1.89 seconds
[runlim] space:			111 MB
[runlim] load:			11.32 maximum
[runlim] samples:		9
