[runlim] version:		2.0.0rc12
[runlim] host:			ap-Precision-7550
[runlim] time limit:		311040000 seconds
[runlim] real time limit:	600 seconds
[runlim] space limit:		14000 MB
[runlim] argv[0]:		python3
[runlim] argv[1]:		-u
[runlim] argv[2]:		evalmaxsat_no_processing.py
[runlim] argv[3]:		scen09
[runlim] argv[4]:		CARD
[runlim] argv[5]:		5
[runlim] argv[6]:		5
[runlim] start:			Mon Jun 22 03:52:14 2026
[runlim] child:			18631
[INFO] Generating WCNF for scen09 (CARD,5,5)
[INFO] Solving wcnf/no_preprocessing/CARD_5_5/scen09_CARD_5_5.wcnf
c found falsified original clause
s UNSATISFIABLE
c Total time : 0.0538044s
[INFO] Decode summary
[INFO] status=UNSATISFIABLE, objective=None, assigned_vars=0, complete=False, labels_used=0
[INFO] Decoded assignment file: results/no_preprocessing/decode/CARD_5_5/scen09.decoded.txt
[runlim] end:			Mon Jun 22 03:52:14 2026
[runlim] status:		ok
[runlim] result:		0
[runlim] children:		1
[runlim] processes:		2
[runlim] real:			0.89 seconds
[runlim] time:			0.75 seconds
[runlim] space:			72 MB
[runlim] load:			1.09 maximum
[runlim] samples:		9
