[runlim] version:		2.0.0rc12
[runlim] host:			ap-Precision-7550
[runlim] time limit:		311040000 seconds
[runlim] real time limit:	600 seconds
[runlim] space limit:		14000 MB
[runlim] argv[0]:		python3
[runlim] argv[1]:		cp.py
[runlim] argv[2]:		graph01
[runlim] start:			Tue Mar 10 00:01:45 2026
[runlim] child:			5334
Building CP model...
Solving CP Optimizer...
 ! --------------------------------------------------- CP Optimizer 22.1.1.0 --
 ! Minimization problem - 6968 variables, 85938 constraints
 ! Presolve      : 86140 extractables eliminated
 ! LogVerbosity         = Terse
 ! Initial process time : 0.63s (0.63s extraction + 0.00s propagation)
 !  . Log search space  : 6968.0 (before), 6968.0 (after)
 !  . Memory usage      : 17.4 MB (before), 17.4 MB (after)
 ! Using parallel search with 12 workers.
 ! ----------------------------------------------------------------------------
 !          Best Branches  Non-fixed    W       Branch decision
                        0       6968                 -
 + New bound is 0
                        0       6968    1            -
 + New bound is 1
 *            48      206  1.38s        3      (gap is 97.92%)
 *            47      520  1.41s        3      (gap is 97.87%)
              47      763       5222    4   F     0 != x_174_750
 + New bound is 2 (gap is 95.74%)
 *            46      829  1.42s        6      (gap is 95.65%)
 *            39     2458  1.75s       12      (gap is 94.87%)
 *            38     3723  2.13s        5      (gap is 94.74%)
 *            37     5422  2.34s        6      (gap is 94.59%)
 *            22     4706  2.51s        8      (gap is 90.91%)
[runlim] sample:		58.41 time, 10.01 real, 908 MB, 4.97 load
 *            21    34362  9.10s       12      (gap is 90.48%)
 *            20    44194  11.25s       9      (gap is 90.00%)
 *            19    44851  11.42s       9      (gap is 89.47%)
 *            18    45187  11.60s       9      (gap is 88.89%)
[runlim] sample:		131.39 time, 20.01 real, 958 MB, 5.17 load
[runlim] sample:		211.35 time, 30.01 real, 1002 MB, 5.98 load
[runlim] sample:		292.78 time, 40.02 real, 1014 MB, 6.83 load
[runlim] sample:		377.48 time, 50.01 real, 1021 MB, 7.02 load
[runlim] sample:		457.90 time, 60.02 real, 1030 MB, 6.64 load
[runlim] sample:		543.04 time, 70.02 real, 1036 MB, 6.69 load
[runlim] sample:		631.20 time, 80.02 real, 1040 MB, 7.50 load
[runlim] sample:		719.48 time, 90.01 real, 1040 MB, 7.83 load
[runlim] sample:		805.69 time, 100.01 real, 1041 MB, 8.47 load
[runlim] sample:		888.36 time, 110.01 real, 1042 MB, 8.50 load
              18     381k       1957    1   F     0 != x_170_254
 + New bound is 3 (gap is 83.33%)
[runlim] sample:		973.42 time, 120.02 real, 1046 MB, 8.23 load
[runlim] sample:		1059.02 time, 130.02 real, 1046 MB, 7.72 load
              18     387k       4893    4   F     1 != x_23_170
 + New bound is 5 (gap is 72.22%)
[runlim] sample:		1144.53 time, 140.01 real, 1046 MB, 8.44 load
[runlim] sample:		1225.03 time, 150.02 real, 1046 MB, 8.26 load
[runlim] sample:		1310.33 time, 160.02 real, 1046 MB, 7.69 load
[runlim] sample:		1398.30 time, 170.01 real, 1046 MB, 7.13 load
[runlim] sample:		1488.06 time, 180.01 real, 1047 MB, 7.42 load
[runlim] sample:		1572.92 time, 190.01 real, 1047 MB, 7.72 load
[runlim] sample:		1655.65 time, 200.02 real, 1048 MB, 8.30 load
[runlim] sample:		1743.85 time, 210.01 real, 1048 MB, 8.08 load
[runlim] sample:		1831.51 time, 220.01 real, 1048 MB, 8.31 load
[runlim] sample:		1919.18 time, 230.02 real, 1048 MB, 8.19 load
[runlim] sample:		2005.30 time, 240.01 real, 1048 MB, 7.49 load
[runlim] sample:		2090.77 time, 250.01 real, 1048 MB, 7.89 load
[runlim] sample:		2176.16 time, 260.01 real, 1048 MB, 8.44 load
[runlim] sample:		2258.45 time, 270.01 real, 1048 MB, 8.16 load
[runlim] sample:		2343.73 time, 280.01 real, 1050 MB, 7.36 load
[runlim] sample:		2427.40 time, 290.02 real, 1050 MB, 7.71 load
[runlim] sample:		2512.92 time, 300.01 real, 1050 MB, 7.20 load
[runlim] sample:		2596.73 time, 310.01 real, 1051 MB, 6.78 load
[runlim] sample:		2681.38 time, 320.01 real, 1051 MB, 7.29 load
[runlim] sample:		2764.40 time, 330.02 real, 1052 MB, 7.85 load
[runlim] sample:		2852.67 time, 340.01 real, 1052 MB, 7.59 load
[runlim] sample:		2938.15 time, 350.01 real, 1052 MB, 7.87 load
[runlim] sample:		3021.12 time, 360.01 real, 1053 MB, 7.71 load
[runlim] sample:		3100.20 time, 370.02 real, 1053 MB, 8.52 load
[runlim] sample:		3183.74 time, 380.02 real, 1053 MB, 8.49 load
[runlim] sample:		3268.22 time, 390.01 real, 1053 MB, 8.35 load
[runlim] sample:		3355.31 time, 400.02 real, 1053 MB, 8.83 load
[runlim] sample:		3434.64 time, 410.02 real, 1053 MB, 9.00 load
[runlim] sample:		3514.59 time, 420.01 real, 1054 MB, 7.92 load
[runlim] sample:		3594.93 time, 430.01 real, 1054 MB, 8.03 load
[runlim] sample:		3677.54 time, 440.02 real, 1054 MB, 8.42 load
[runlim] sample:		3760.41 time, 450.01 real, 1054 MB, 8.97 load
[runlim] sample:		3844.32 time, 460.02 real, 1054 MB, 9.36 load
[runlim] sample:		3931.98 time, 470.02 real, 1054 MB, 9.30 load
[runlim] sample:		4016.89 time, 480.01 real, 1054 MB, 9.25 load
[runlim] sample:		4100.99 time, 490.01 real, 1054 MB, 8.74 load
[runlim] sample:		4184.98 time, 500.01 real, 1054 MB, 8.50 load
[runlim] sample:		4271.09 time, 510.01 real, 1054 MB, 8.82 load
[runlim] sample:		4354.69 time, 520.02 real, 1054 MB, 8.58 load
[runlim] sample:		4437.57 time, 530.01 real, 1054 MB, 8.04 load
[runlim] sample:		4510.71 time, 540.01 real, 1054 MB, 8.12 load
[runlim] sample:		4583.77 time, 550.02 real, 1055 MB, 7.97 load
[runlim] sample:		4654.60 time, 560.01 real, 1057 MB, 8.35 load
[runlim] sample:		4734.31 time, 570.02 real, 1058 MB, 8.37 load
[runlim] sample:		4818.80 time, 580.02 real, 1058 MB, 8.31 load
[runlim] sample:		4903.92 time, 590.01 real, 1058 MB, 7.86 load
[runlim] sample:		4986.89 time, 600.01 real, 1058 MB, 8.27 load
[runlim] end:			Tue Mar 10 00:11:46 2026
[runlim] status:		out of time
[runlim] result:		2
[runlim] children:		2
[runlim] processes:		3
[runlim] real:			601.06 seconds
[runlim] time:			4986.89 seconds
[runlim] space:			1058 MB
[runlim] load:			9.50 maximum
[runlim] samples:		6000
