[runlim] version:		2.0.0rc12
[runlim] host:			ap-Precision-7550
[runlim] time limit:		311040000 seconds
[runlim] real time limit:	600 seconds
[runlim] space limit:		14000 MB
[runlim] argv[0]:		python3
[runlim] argv[1]:		cp.py
[runlim] argv[2]:		scen06
[runlim] start:			Tue Mar 10 18:46:43 2026
[runlim] child:			8335
Building CP model...
Solving CP Optimizer...
 ! --------------------------------------------------- CP Optimizer 22.1.1.0 --
 ! Minimization problem - 5882 variables, 385048 constraints
 ! Presolve      : 385250 extractables eliminated
 ! LogVerbosity         = Terse
 ! Initial process time : 3.00s (2.99s extraction + 0.02s propagation)
 !  . Log search space  : 5882.0 (before), 5882.0 (after)
 !  . Memory usage      : 53.4 MB (before), 53.4 MB (after)
 ! Using parallel search with 12 workers.
 ! ----------------------------------------------------------------------------
 !          Best Branches  Non-fixed    W       Branch decision
                        0       5882                 -
 + New bound is 0
[runlim] sample:		11.28 time, 10.02 real, 1490 MB, 1.06 load
                        0       5882    1            -
 + New bound is 1
[runlim] sample:		88.25 time, 20.01 real, 2242 MB, 1.79 load
[runlim] sample:		161.04 time, 30.02 real, 2267 MB, 2.07 load
 ! ----------------------------------------------------------------------------
 ! Search completed, model has no solution.
 ! Best bound             : 1
 ! ----------------------------------------------------------------------------
 ! Number of branches     : 1255342
 ! Number of fails        : 416357
 ! Total memory usage     : 1.4 GB (1.4 GB CP Optimizer + 0.0 GB Concert)
 ! Time spent in solve    : 24.54s (21.55s engine + 2.99s extraction)
 ! Search speed (br. / s) : 58252.5
 ! ----------------------------------------------------------------------------
No valid solution: Infeasible
Total time: 31.32s
Memory used: 380.13 MB
[runlim] end:			Tue Mar 10 18:47:15 2026
[runlim] status:		ok
[runlim] result:		0
[runlim] children:		2
[runlim] processes:		3
[runlim] real:			32.14 seconds
[runlim] time:			171.94 seconds
[runlim] space:			2986 MB
[runlim] load:			2.07 maximum
[runlim] samples:		322
