[runlim] version:		2.0.0rc12
[runlim] host:			ap-Precision-7550
[runlim] time limit:		311040000 seconds
[runlim] real time limit:	600 seconds
[runlim] space limit:		14000 MB
[runlim] argv[0]:		python3
[runlim] argv[1]:		-u
[runlim] argv[2]:		main.py
[runlim] argv[3]:		graph14
[runlim] argv[4]:		CARD
[runlim] argv[5]:		8
[runlim] argv[6]:		8
[runlim] start:			Sun Jun 21 14:22:47 2026
[runlim] child:			10806
--- CARD [Exactly-One: 8, AMO: 8] ---
 solving MaxSAT (RC2)...
[runlim] sample:		9.99 time, 10.01 real, 698 MB, 1.03 load
[runlim] sample:		19.99 time, 20.01 real, 749 MB, 1.03 load
[runlim] sample:		29.98 time, 30.01 real, 749 MB, 1.02 load
[runlim] sample:		39.98 time, 40.01 real, 749 MB, 1.02 load
[runlim] sample:		49.98 time, 50.01 real, 749 MB, 1.02 load
[runlim] sample:		59.97 time, 60.01 real, 749 MB, 1.01 load
[runlim] sample:		69.97 time, 70.01 real, 749 MB, 1.09 load
[runlim] sample:		79.96 time, 80.01 real, 749 MB, 1.08 load
[runlim] sample:		89.96 time, 90.01 real, 749 MB, 1.06 load
[runlim] sample:		99.95 time, 100.01 real, 749 MB, 1.05 load
[runlim] sample:		109.95 time, 110.01 real, 749 MB, 1.04 load
[runlim] sample:		119.95 time, 120.01 real, 749 MB, 1.04 load
[runlim] sample:		129.94 time, 130.01 real, 749 MB, 1.03 load
[runlim] sample:		139.94 time, 140.01 real, 749 MB, 1.03 load
[runlim] sample:		149.93 time, 150.01 real, 749 MB, 1.02 load
[runlim] sample:		159.93 time, 160.01 real, 749 MB, 1.02 load
[runlim] sample:		169.92 time, 170.01 real, 749 MB, 1.01 load
[runlim] sample:		179.92 time, 180.01 real, 749 MB, 1.01 load
[runlim] sample:		189.92 time, 190.01 real, 749 MB, 1.01 load
[runlim] sample:		199.91 time, 200.01 real, 749 MB, 1.01 load
[runlim] sample:		209.91 time, 210.01 real, 749 MB, 1.01 load
[runlim] sample:		219.90 time, 220.01 real, 749 MB, 1.00 load
[runlim] sample:		229.90 time, 230.01 real, 749 MB, 1.08 load
[runlim] sample:		239.90 time, 240.01 real, 749 MB, 1.23 load

--------------------------------------------------
Found solution!
Number of labels used: 8
--------------------------------------------------
Time taken: 244.30 seconds
Memory used: 609.65 MB
[runlim] end:			Sun Jun 21 14:26:52 2026
[runlim] status:		ok
[runlim] result:		0
[runlim] children:		1
[runlim] processes:		2
[runlim] real:			244.48 seconds
[runlim] time:			244.29 seconds
[runlim] space:			772 MB
[runlim] load:			1.23 maximum
[runlim] samples:		2445
