[runlim] version:		2.0.0rc12
[runlim] host:			ap-Precision-7550
[runlim] time limit:		311040000 seconds
[runlim] real time limit:	600 seconds
[runlim] space limit:		14000 MB
[runlim] argv[0]:		python3
[runlim] argv[1]:		-u
[runlim] argv[2]:		main.py
[runlim] argv[3]:		TUD916.1
[runlim] argv[4]:		CARD
[runlim] argv[5]:		1
[runlim] argv[6]:		1
[runlim] start:			Sun Jun 21 00:39:36 2026
[runlim] child:			6414
--- CARD [Exactly-One: 1, AMO: 1] ---
 solving MaxSAT (RC2)...
[runlim] sample:		9.99 time, 10.01 real, 608 MB, 1.01 load
[runlim] sample:		19.99 time, 20.01 real, 614 MB, 1.01 load
[runlim] sample:		29.98 time, 30.01 real, 615 MB, 1.01 load
[runlim] sample:		39.98 time, 40.01 real, 682 MB, 1.00 load
[runlim] sample:		49.97 time, 50.01 real, 669 MB, 1.00 load
[runlim] sample:		59.96 time, 60.01 real, 669 MB, 1.00 load
[runlim] sample:		69.96 time, 70.01 real, 669 MB, 1.00 load
[runlim] sample:		79.95 time, 80.01 real, 669 MB, 1.00 load
[runlim] sample:		89.95 time, 90.01 real, 669 MB, 1.00 load
[runlim] sample:		99.94 time, 100.01 real, 669 MB, 1.00 load
[runlim] sample:		109.94 time, 110.01 real, 669 MB, 1.00 load
[runlim] sample:		119.94 time, 120.01 real, 669 MB, 1.00 load
[runlim] sample:		129.94 time, 130.01 real, 669 MB, 1.07 load
[runlim] sample:		139.93 time, 140.01 real, 669 MB, 1.06 load
[runlim] sample:		149.93 time, 150.01 real, 669 MB, 1.05 load
[runlim] sample:		159.92 time, 160.01 real, 669 MB, 1.04 load
[runlim] sample:		169.92 time, 170.01 real, 669 MB, 1.04 load
[runlim] sample:		179.92 time, 180.01 real, 669 MB, 1.03 load
[runlim] sample:		189.91 time, 190.01 real, 669 MB, 1.02 load
[runlim] sample:		199.91 time, 200.01 real, 669 MB, 1.02 load

--------------------------------------------------
Found solution!
Number of labels used: 18
--------------------------------------------------
Time taken: 204.33 seconds
Memory used: 526.92 MB
[runlim] end:			Sun Jun 21 00:43:01 2026
[runlim] status:		ok
[runlim] result:		0
[runlim] children:		1
[runlim] processes:		2
[runlim] real:			204.49 seconds
[runlim] time:			204.31 seconds
[runlim] space:			682 MB
[runlim] load:			1.08 maximum
[runlim] samples:		2045
