[runlim] version:		1.10
[runlim] time limit:		311040000 seconds
[runlim] real time limit:	600 seconds
[runlim] space limit:		14000 MB
[runlim] argv[0]:		python3
[runlim] argv[1]:		-u
[runlim] argv[2]:		main.py
[runlim] argv[3]:		graph01
[runlim] argv[4]:		nsc
[runlim] argv[5]:		assumptions
[runlim] argv[6]:		cadical195
[runlim] start:			Sun Feb 22 08:55:11 2026
[runlim] main pid:		29232
Solve first problem:
Solution:
{1: 296, 2: 58, 3: 652, 4: 414, 5: 16, 6: 254, 7: 380, 8: 142, 9: 380, 10: 142, 11: 778, 12: 540, 13: 338, 14: 100, 15: 296, 16: 58, 17: 652, 18: 414, 19: 394, 20: 156, 21: 296, 22: 58, 23: 478, 24: 240, 25: 310, 26: 72, 27: 114, 28: 352, 29: 296, 30: 58, 31: 268, 32: 30, 33: 352, 34: 114, 35: 310, 36: 72, 37: 338, 38: 100, 39: 324, 40: 86, 41: 282, 42: 44, 43: 778, 44: 540, 45: 254, 46: 16, 47: 72, 48: 310, 49: 282, 50: 44, 51: 394, 52: 156, 53: 310, 54: 72, 55: 86, 56: 324, 57: 16, 58: 254, 59: 778, 60: 540, 61: 254, 62: 16, 63: 352, 64: 114, 65: 254, 66: 16, 67: 296, 68: 58, 69: 254, 70: 16, 71: 324, 72: 86, 73: 380, 74: 142, 75: 268, 76: 30, 77: 750, 78: 512, 79: 310, 80: 72, 81: 254, 82: 16, 83: 268, 84: 30, 85: 324, 86: 86, 87: 680, 88: 442, 89: 338, 90: 100, 91: 652, 92: 414, 93: 254, 94: 16, 95: 44, 96: 282, 97: 478, 98: 240, 99: 30, 100: 268, 101: 380, 102: 142, 103: 282, 104: 44, 105: 352, 106: 114, 107: 296, 108: 58, 109: 296, 110: 58, 111: 380, 112: 142, 113: 268, 114: 30, 115: 114, 116: 352, 117: 254, 118: 16, 119: 296, 120: 58, 121: 380, 122: 142, 123: 380, 124: 142, 125: 254, 126: 16, 127: 296, 128: 58, 129: 338, 130: 100, 131: 268, 132: 30, 133: 694, 134: 456, 135: 478, 136: 240, 137: 282, 138: 44, 139: 296, 140: 58, 141: 324, 142: 86, 143: 324, 144: 86, 145: 268, 146: 30, 147: 254, 148: 16, 149: 324, 150: 86, 151: 652, 152: 414, 153: 254, 154: 16, 155: 324, 156: 86, 157: 268, 158: 30, 159: 268, 160: 30, 161: 394, 162: 156, 163: 296, 164: 58, 165: 352, 166: 114, 167: 366, 168: 128, 169: 254, 170: 16, 171: 268, 172: 30, 173: 254, 174: 16, 175: 324, 176: 86, 177: 254, 178: 16, 179: 282, 180: 44, 181: 652, 182: 414, 183: 268, 184: 30, 185: 324, 186: 86, 187: 268, 188: 30, 189: 254, 190: 16, 191: 310, 192: 72, 193: 380, 194: 142, 195: 268, 196: 30, 197: 254, 198: 16, 199: 254, 200: 16}
Correct solution!
Number of lables used:  34
Time taken: 0.16 seconds
--------------------------------------------------

Trying with at most 33 labels...
Solution:
{1: 58, 2: 296, 3: 30, 4: 268, 5: 58, 6: 296, 7: 240, 8: 478, 9: 240, 10: 478, 11: 100, 12: 338, 13: 58, 14: 296, 15: 86, 16: 324, 17: 268, 18: 30, 19: 72, 20: 310, 21: 100, 22: 338, 23: 408, 24: 170, 25: 352, 26: 114, 27: 16, 28: 254, 29: 100, 30: 338, 31: 142, 32: 380, 33: 352, 34: 114, 35: 100, 36: 338, 37: 58, 38: 296, 39: 72, 40: 310, 41: 142, 42: 380, 43: 338, 44: 100, 45: 86, 46: 324, 47: 394, 48: 156, 49: 100, 50: 338, 51: 30, 52: 268, 53: 72, 54: 310, 55: 380, 56: 142, 57: 86, 58: 324, 59: 310, 60: 72, 61: 156, 62: 394, 63: 142, 64: 380, 65: 72, 66: 310, 67: 142, 68: 380, 69: 142, 70: 380, 71: 86, 72: 324, 73: 240, 74: 478, 75: 44, 76: 282, 77: 282, 78: 44, 79: 100, 80: 338, 81: 142, 82: 380, 83: 156, 84: 394, 85: 156, 86: 394, 87: 254, 88: 16, 89: 100, 90: 338, 91: 16, 92: 254, 93: 156, 94: 394, 95: 114, 96: 352, 97: 240, 98: 478, 99: 86, 100: 324, 101: 394, 102: 156, 103: 16, 104: 254, 105: 30, 106: 268, 107: 100, 108: 338, 109: 366, 110: 128, 111: 142, 112: 380, 113: 156, 114: 394, 115: 380, 116: 142, 117: 156, 118: 394, 119: 114, 120: 352, 121: 240, 122: 478, 123: 240, 124: 478, 125: 114, 126: 352, 127: 380, 128: 142, 129: 338, 130: 100, 131: 380, 132: 142, 133: 128, 134: 366, 135: 170, 136: 408, 137: 128, 138: 366, 139: 16, 140: 254, 141: 86, 142: 324, 143: 156, 144: 394, 145: 282, 146: 44, 147: 30, 148: 268, 149: 58, 150: 296, 151: 268, 152: 30, 153: 156, 154: 394, 155: 114, 156: 352, 157: 128, 158: 366, 159: 128, 160: 366, 161: 156, 162: 394, 163: 296, 164: 58, 165: 58, 166: 296, 167: 366, 168: 128, 169: 296, 170: 58, 171: 156, 172: 394, 173: 58, 174: 296, 175: 86, 176: 324, 177: 156, 178: 394, 179: 156, 180: 394, 181: 30, 182: 268, 183: 324, 184: 86, 185: 86, 186: 324, 187: 142, 188: 380, 189: 156, 190: 394, 191: 100, 192: 338, 193: 240, 194: 478, 195: 142, 196: 380, 197: 156, 198: 394, 199: 156, 200: 394}
Number of lables used:  26
Time taken: 0.18 seconds
--------------------------------------------------

Trying with at most 25 labels...
Solution:
{1: 30, 2: 268, 3: 30, 4: 268, 5: 44, 6: 282, 7: 408, 8: 170, 9: 170, 10: 408, 11: 44, 12: 282, 13: 58, 14: 296, 15: 86, 16: 324, 17: 268, 18: 30, 19: 86, 20: 324, 21: 296, 22: 58, 23: 408, 24: 170, 25: 100, 26: 338, 27: 652, 28: 414, 29: 100, 30: 338, 31: 142, 32: 380, 33: 352, 34: 114, 35: 100, 36: 338, 37: 58, 38: 296, 39: 58, 40: 296, 41: 142, 42: 380, 43: 338, 44: 100, 45: 58, 46: 296, 47: 394, 48: 156, 49: 100, 50: 338, 51: 16, 52: 254, 53: 58, 54: 296, 55: 380, 56: 142, 57: 16, 58: 254, 59: 652, 60: 414, 61: 156, 62: 394, 63: 142, 64: 380, 65: 58, 66: 296, 67: 380, 68: 142, 69: 128, 70: 366, 71: 86, 72: 324, 73: 170, 74: 408, 75: 114, 76: 352, 77: 282, 78: 44, 79: 100, 80: 338, 81: 142, 82: 380, 83: 156, 84: 394, 85: 86, 86: 324, 87: 254, 88: 16, 89: 100, 90: 338, 91: 16, 92: 254, 93: 156, 94: 394, 95: 114, 96: 352, 97: 408, 98: 170, 99: 86, 100: 324, 101: 114, 102: 352, 103: 16, 104: 254, 105: 30, 106: 268, 107: 100, 108: 338, 109: 366, 110: 128, 111: 142, 112: 380, 113: 128, 114: 366, 115: 380, 116: 142, 117: 156, 118: 394, 119: 114, 120: 352, 121: 142, 122: 380, 123: 408, 124: 170, 125: 114, 126: 352, 127: 58, 128: 296, 129: 268, 130: 30, 131: 380, 132: 142, 133: 128, 134: 366, 135: 170, 136: 408, 137: 114, 138: 352, 139: 16, 140: 254, 141: 86, 142: 324, 143: 86, 144: 324, 145: 282, 146: 44, 147: 16, 148: 254, 149: 58, 150: 296, 151: 268, 152: 30, 153: 156, 154: 394, 155: 114, 156: 352, 157: 128, 158: 366, 159: 394, 160: 156, 161: 156, 162: 394, 163: 296, 164: 58, 165: 58, 166: 296, 167: 366, 168: 128, 169: 296, 170: 58, 171: 156, 172: 394, 173: 58, 174: 296, 175: 86, 176: 324, 177: 156, 178: 394, 179: 156, 180: 394, 181: 30, 182: 268, 183: 324, 184: 86, 185: 86, 186: 324, 187: 142, 188: 380, 189: 156, 190: 394, 191: 100, 192: 338, 193: 170, 194: 408, 195: 142, 196: 380, 197: 156, 198: 394, 199: 156, 200: 394}
Number of lables used:  24
Time taken: 0.18 seconds
--------------------------------------------------

Trying with at most 23 labels...
Solution:
{1: 30, 2: 268, 3: 30, 4: 268, 5: 30, 6: 268, 7: 408, 8: 170, 9: 170, 10: 408, 11: 44, 12: 282, 13: 44, 14: 282, 15: 86, 16: 324, 17: 268, 18: 30, 19: 86, 20: 324, 21: 680, 22: 442, 23: 408, 24: 170, 25: 86, 26: 324, 27: 366, 28: 128, 29: 86, 30: 324, 31: 128, 32: 366, 33: 380, 34: 142, 35: 86, 36: 324, 37: 58, 38: 296, 39: 58, 40: 296, 41: 142, 42: 380, 43: 296, 44: 58, 45: 58, 46: 296, 47: 16, 48: 254, 49: 58, 50: 296, 51: 352, 52: 114, 53: 324, 54: 86, 55: 296, 56: 58, 57: 16, 58: 254, 59: 456, 60: 694, 61: 142, 62: 380, 63: 142, 64: 380, 65: 16, 66: 254, 67: 282, 68: 44, 69: 128, 70: 366, 71: 30, 72: 268, 73: 170, 74: 408, 75: 456, 76: 694, 77: 282, 78: 44, 79: 86, 80: 324, 81: 142, 82: 380, 83: 142, 84: 380, 85: 86, 86: 324, 87: 254, 88: 16, 89: 44, 90: 282, 91: 114, 92: 352, 93: 142, 94: 380, 95: 680, 96: 442, 97: 408, 98: 170, 99: 352, 100: 114, 101: 694, 102: 456, 103: 254, 104: 16, 105: 442, 106: 680, 107: 86, 108: 324, 109: 366, 110: 128, 111: 142, 112: 380, 113: 128, 114: 366, 115: 128, 116: 366, 117: 142, 118: 380, 119: 114, 120: 352, 121: 142, 122: 380, 123: 408, 124: 170, 125: 114, 126: 352, 127: 58, 128: 296, 129: 680, 130: 442, 131: 380, 132: 142, 133: 694, 134: 456, 135: 170, 136: 408, 137: 114, 138: 352, 139: 16, 140: 254, 141: 352, 142: 114, 143: 86, 144: 324, 145: 268, 146: 30, 147: 16, 148: 254, 149: 380, 150: 142, 151: 282, 152: 44, 153: 86, 154: 324, 155: 86, 156: 324, 157: 128, 158: 366, 159: 30, 160: 268, 161: 380, 162: 142, 163: 296, 164: 58, 165: 680, 166: 442, 167: 352, 168: 114, 169: 58, 170: 296, 171: 58, 172: 296, 173: 86, 174: 324, 175: 114, 176: 352, 177: 142, 178: 380, 179: 128, 180: 366, 181: 30, 182: 268, 183: 142, 184: 380, 185: 324, 186: 86, 187: 142, 188: 380, 189: 142, 190: 380, 191: 86, 192: 324, 193: 170, 194: 408, 195: 680, 196: 442, 197: 142, 198: 380, 199: 142, 200: 380}
Number of lables used:  22
Time taken: 0.19 seconds
--------------------------------------------------

Trying with at most 21 labels...
Solution:
{1: 30, 2: 268, 3: 30, 4: 268, 5: 30, 6: 268, 7: 408, 8: 170, 9: 170, 10: 408, 11: 44, 12: 282, 13: 44, 14: 282, 15: 86, 16: 324, 17: 268, 18: 30, 19: 86, 20: 324, 21: 680, 22: 442, 23: 408, 24: 170, 25: 86, 26: 324, 27: 680, 28: 442, 29: 86, 30: 324, 31: 114, 32: 352, 33: 380, 34: 142, 35: 86, 36: 324, 37: 58, 38: 296, 39: 58, 40: 296, 41: 142, 42: 380, 43: 296, 44: 58, 45: 58, 46: 296, 47: 380, 48: 142, 49: 58, 50: 296, 51: 282, 52: 44, 53: 324, 54: 86, 55: 296, 56: 58, 57: 16, 58: 254, 59: 456, 60: 694, 61: 142, 62: 380, 63: 142, 64: 380, 65: 324, 66: 86, 67: 282, 68: 44, 69: 114, 70: 352, 71: 30, 72: 268, 73: 170, 74: 408, 75: 694, 76: 456, 77: 282, 78: 44, 79: 86, 80: 324, 81: 142, 82: 380, 83: 142, 84: 380, 85: 86, 86: 324, 87: 254, 88: 16, 89: 16, 90: 254, 91: 114, 92: 352, 93: 142, 94: 380, 95: 680, 96: 442, 97: 408, 98: 170, 99: 324, 100: 86, 101: 694, 102: 456, 103: 254, 104: 16, 105: 442, 106: 680, 107: 86, 108: 324, 109: 352, 110: 114, 111: 142, 112: 380, 113: 114, 114: 352, 115: 114, 116: 352, 117: 142, 118: 380, 119: 114, 120: 352, 121: 142, 122: 380, 123: 408, 124: 170, 125: 114, 126: 352, 127: 58, 128: 296, 129: 680, 130: 442, 131: 380, 132: 142, 133: 694, 134: 456, 135: 170, 136: 408, 137: 114, 138: 352, 139: 16, 140: 254, 141: 352, 142: 114, 143: 86, 144: 324, 145: 268, 146: 30, 147: 16, 148: 254, 149: 380, 150: 142, 151: 282, 152: 44, 153: 86, 154: 324, 155: 58, 156: 296, 157: 114, 158: 352, 159: 30, 160: 268, 161: 380, 162: 142, 163: 296, 164: 58, 165: 680, 166: 442, 167: 352, 168: 114, 169: 58, 170: 296, 171: 58, 172: 296, 173: 86, 174: 324, 175: 114, 176: 352, 177: 142, 178: 380, 179: 114, 180: 352, 181: 30, 182: 268, 183: 142, 184: 380, 185: 324, 186: 86, 187: 142, 188: 380, 189: 142, 190: 380, 191: 86, 192: 324, 193: 170, 194: 408, 195: 680, 196: 442, 197: 142, 198: 380, 199: 142, 200: 380}
Number of lables used:  20
Time taken: 0.20 seconds
--------------------------------------------------

Trying with at most 19 labels...
Solution:
{1: 30, 2: 268, 3: 652, 4: 414, 5: 666, 6: 428, 7: 380, 8: 142, 9: 142, 10: 380, 11: 428, 12: 666, 13: 30, 14: 268, 15: 736, 16: 498, 17: 142, 18: 380, 19: 142, 20: 380, 21: 72, 22: 310, 23: 240, 24: 478, 25: 764, 26: 526, 27: 366, 28: 128, 29: 310, 30: 72, 31: 72, 32: 310, 33: 30, 34: 268, 35: 310, 36: 72, 37: 380, 38: 142, 39: 366, 40: 128, 41: 128, 42: 366, 43: 666, 44: 428, 45: 310, 46: 72, 47: 652, 48: 414, 49: 30, 50: 268, 51: 380, 52: 142, 53: 128, 54: 366, 55: 142, 56: 380, 57: 30, 58: 268, 59: 310, 60: 72, 61: 30, 62: 268, 63: 30, 64: 268, 65: 310, 66: 72, 67: 268, 68: 30, 69: 72, 70: 310, 71: 652, 72: 414, 73: 142, 74: 380, 75: 72, 76: 310, 77: 142, 78: 380, 79: 30, 80: 268, 81: 72, 82: 310, 83: 142, 84: 380, 85: 666, 86: 428, 87: 764, 88: 526, 89: 380, 90: 142, 91: 498, 92: 736, 93: 142, 94: 380, 95: 414, 96: 652, 97: 240, 98: 478, 99: 380, 100: 142, 101: 414, 102: 652, 103: 736, 104: 498, 105: 526, 106: 764, 107: 72, 108: 310, 109: 310, 110: 72, 111: 30, 112: 268, 113: 72, 114: 310, 115: 498, 116: 736, 117: 72, 118: 310, 119: 72, 120: 310, 121: 142, 122: 380, 123: 478, 124: 240, 125: 30, 126: 268, 127: 736, 128: 498, 129: 666, 130: 428, 131: 380, 132: 142, 133: 428, 134: 666, 135: 240, 136: 478, 137: 128, 138: 366, 139: 380, 140: 142, 141: 652, 142: 414, 143: 380, 144: 142, 145: 268, 146: 30, 147: 414, 148: 652, 149: 128, 150: 366, 151: 736, 152: 498, 153: 72, 154: 310, 155: 30, 156: 268, 157: 72, 158: 310, 159: 310, 160: 72, 161: 30, 162: 268, 163: 30, 164: 268, 165: 268, 166: 30, 167: 128, 168: 366, 169: 366, 170: 128, 171: 380, 172: 142, 173: 72, 174: 310, 175: 268, 176: 30, 177: 142, 178: 380, 179: 268, 180: 30, 181: 310, 182: 72, 183: 666, 184: 428, 185: 764, 186: 526, 187: 128, 188: 366, 189: 128, 190: 366, 191: 414, 192: 652, 193: 478, 194: 240, 195: 498, 196: 736, 197: 72, 198: 310, 199: 142, 200: 380}
Number of lables used:  18
Time taken: 0.26 seconds
--------------------------------------------------

Trying with at most 17 labels...
[runlim] sample:		10.0 time, 10.3 real, 38.6 MB
[runlim] sample:		20.0 time, 20.3 real, 43.1 MB
[runlim] sample:		30.0 time, 30.3 real, 51.8 MB
[runlim] sample:		40.0 time, 40.3 real, 53.7 MB
[runlim] sample:		50.0 time, 50.3 real, 49.3 MB
[runlim] sample:		60.0 time, 60.3 real, 50.3 MB
[runlim] sample:		70.0 time, 70.3 real, 51.8 MB
[runlim] sample:		80.0 time, 80.3 real, 51.6 MB
Cannot find solution.
No more solutions found.
Optimal number of labels used:  18
Time taken: 84.76 seconds
[runlim] end:			Sun Feb 22 08:56:36 2026
[runlim] status:		ok
[runlim] result:		0
[runlim] children:		0
[runlim] real:			85.08 seconds
[runlim] time:			84.75 seconds
[runlim] space:			60.6 MB
[runlim] samples:		848
