[runlim] version:		2.0.0rc12
[runlim] host:			ap-Precision-7550
[runlim] time limit:		311040000 seconds
[runlim] real time limit:	600 seconds
[runlim] space limit:		14000 MB
[runlim] argv[0]:		python3
[runlim] argv[1]:		-u
[runlim] argv[2]:		evalmaxsat.py
[runlim] argv[3]:		graph05
[runlim] argv[4]:		CARD
[runlim] argv[5]:		5
[runlim] argv[6]:		5
[runlim] start:			Mon Jun 22 00:39:52 2026
[runlim] child:			17850
[INFO] Generating WCNF for graph05 (CARD,5,5)
[SKIP] No solution found in preprocessing step
[SKIP] No WCNF generated for graph05 (CARD_5_5); preprocessing found no feasible solution
[runlim] end:			Mon Jun 22 00:39:52 2026
[runlim] status:		ok
[runlim] result:		0
[runlim] children:		0
[runlim] processes:		0
[runlim] real:			0.06 seconds
[runlim] time:			0.00 seconds
[runlim] space:			0 MB
[runlim] load:			1.14 maximum
[runlim] samples:		1
