[runlim] version:		2.0.0rc12
[runlim] host:			ap-Precision-7550
[runlim] time limit:		311040000 seconds
[runlim] real time limit:	600 seconds
[runlim] space limit:		14000 MB
[runlim] argv[0]:		python3
[runlim] argv[1]:		-u
[runlim] argv[2]:		evalmaxsat.py
[runlim] argv[3]:		TUD200.2
[runlim] argv[4]:		CARD
[runlim] argv[5]:		5
[runlim] argv[6]:		5
[runlim] start:			Mon Jun 22 02:00:01 2026
[runlim] child:			18150
[INFO] Generating WCNF for TUD200.2 (CARD,5,5)
[INFO] Solving wcnf/processing/CARD_5_5/TUD200.2_CARD_5_5.wcnf
c nombre de var = 249
o 46
s OPTIMUM FOUND
v 11111111111111111111111111111111111111111111111111111111111111111111111111111111111111111111111111111111111111111111111111111111111111111111111111111111111111111111111111111111111111111111111111111111111111011111111111101111111111111111111111111111
c Total time : 0.000658593s
[INFO] Decode summary
[INFO] status=OPTIMUM FOUND, objective=46, assigned_vars=200, complete=True, labels_used=46
[INFO] Decoded assignment file: results/processing/decode/CARD_5_5/TUD200.2.decoded.txt
[runlim] end:			Mon Jun 22 02:00:01 2026
[runlim] status:		ok
[runlim] result:		0
[runlim] children:		0
[runlim] processes:		0
[runlim] real:			0.10 seconds
[runlim] time:			0.00 seconds
[runlim] space:			0 MB
[runlim] load:			1.02 maximum
[runlim] samples:		1
