[runlim] version:		1.10
[runlim] time limit:		311040000 seconds
[runlim] real time limit:	600 seconds
[runlim] space limit:		14000 MB
[runlim] argv[0]:		python3
[runlim] argv[1]:		-u
[runlim] argv[2]:		no_preprocessing.py
[runlim] argv[3]:		scen08
[runlim] argv[4]:		nsc
[runlim] argv[5]:		assumptions
[runlim] argv[6]:		cadical195
[runlim] start:			Thu Mar 12 00:11:46 2026
[runlim] main pid:		16504
Solve first problem:
Cannot find solution.
Time taken: 0.80 seconds
Memory used: 60.80 MB
[runlim] end:			Thu Mar 12 00:11:46 2026
[runlim] status:		ok
[runlim] result:		0
[runlim] children:		0
[runlim] real:			0.92 seconds
[runlim] time:			0.79 seconds
[runlim] space:			62.9 MB
[runlim] samples:		8
