[runlim] version:		1.10
[runlim] time limit:		311040000 seconds
[runlim] real time limit:	600 seconds
[runlim] space limit:		14000 MB
[runlim] argv[0]:		python3
[runlim] argv[1]:		-u
[runlim] argv[2]:		pairwise.py
[runlim] argv[3]:		graph12
[runlim] argv[4]:		incremental
[runlim] start:			Sun Mar  8 23:04:18 2026
[runlim] main pid:		14705
Warning: variable 3 has no valid labels after preprocessing.
Cannot find solution!
Memory used: 17.03 MB
[runlim] end:			Sun Mar  8 23:04:19 2026
[runlim] status:		ok
[runlim] result:		0
[runlim] children:		0
[runlim] real:			1.00 seconds
[runlim] time:			0.00 seconds
[runlim] space:			0.0 MB
[runlim] samples:		0
