[runlim] version:		1.10
[runlim] time limit:		311040000 seconds
[runlim] real time limit:	600 seconds
[runlim] space limit:		14000 MB
[runlim] argv[0]:		python3
[runlim] argv[1]:		-u
[runlim] argv[2]:		pairwise.py
[runlim] argv[3]:		graph03
[runlim] argv[4]:		incremental
[runlim] start:			Fri Feb 27 00:00:25 2026
[runlim] main pid:		14050
Solve first problem:
Solution:
{1: 114, 2: 352, 3: 86, 4: 324, 5: 652, 6: 414, 7: 680, 8: 442, 9: 142, 10: 380, 11: 142, 12: 380, 13: 58, 14: 296, 15: 86, 16: 324, 17: 680, 18: 442, 19: 736, 20: 498, 21: 16, 22: 254, 23: 86, 24: 324, 25: 694, 26: 456, 27: 100, 28: 338, 29: 114, 30: 352, 31: 128, 32: 366, 33: 778, 34: 540, 35: 652, 36: 414, 37: 72, 38: 310, 39: 16, 40: 254, 41: 16, 42: 254, 43: 44, 44: 282, 45: 750, 46: 512, 47: 708, 48: 470, 49: 764, 50: 526, 51: 72, 52: 310, 53: 652, 54: 414, 55: 750, 56: 512, 57: 86, 58: 324, 59: 58, 60: 296, 61: 86, 62: 324, 63: 792, 64: 554, 65: 736, 66: 498, 67: 708, 68: 470, 69: 764, 70: 526, 71: 44, 72: 282, 73: 114, 74: 352, 75: 16, 76: 254, 77: 750, 78: 512, 79: 16, 80: 254, 81: 736, 82: 498, 83: 778, 84: 540, 85: 778, 86: 540, 87: 16, 88: 254, 89: 750, 90: 512, 91: 30, 92: 268, 93: 30, 94: 268, 95: 142, 96: 380, 97: 30, 98: 268, 99: 750, 100: 512, 101: 778, 102: 540, 103: 652, 104: 414, 105: 736, 106: 498, 107: 58, 108: 296, 109: 142, 110: 380, 111: 778, 112: 540, 113: 778, 114: 540, 115: 736, 116: 498, 117: 142, 118: 380, 119: 44, 120: 282, 121: 114, 122: 352, 123: 792, 124: 554, 125: 142, 126: 380, 127: 792, 128: 554, 129: 694, 130: 456, 131: 86, 132: 324, 133: 722, 134: 484, 135: 142, 136: 380, 137: 680, 138: 442, 139: 708, 140: 470, 141: 722, 142: 484, 143: 58, 144: 296, 145: 764, 146: 526, 147: 30, 148: 268, 149: 128, 150: 366, 151: 750, 152: 512, 153: 16, 154: 254, 155: 30, 156: 268, 157: 16, 158: 254, 159: 736, 160: 498, 161: 30, 162: 268, 163: 114, 164: 352, 165: 708, 166: 470, 167: 792, 168: 554, 169: 86, 170: 324, 171: 30, 172: 268, 173: 722, 174: 484, 175: 666, 176: 428, 177: 722, 178: 484, 179: 72, 180: 310, 181: 72, 182: 310, 183: 30, 184: 268, 185: 666, 186: 428, 187: 736, 188: 498, 189: 30, 190: 268, 191: 16, 192: 254, 193: 764, 194: 526, 195: 778, 196: 540, 197: 128, 198: 366, 199: 764, 200: 526}
Number of lables used:  42
Total time: 0.49 seconds
Memory used: 46.63 MB
--------------------------------------------------

Trying with at most 41 labels...
Solution:
{1: 114, 2: 352, 3: 86, 4: 324, 5: 652, 6: 414, 7: 680, 8: 442, 9: 142, 10: 380, 11: 142, 12: 380, 13: 58, 14: 296, 15: 86, 16: 324, 17: 680, 18: 442, 19: 736, 20: 498, 21: 16, 22: 254, 23: 86, 24: 324, 25: 694, 26: 456, 27: 694, 28: 456, 29: 114, 30: 352, 31: 128, 32: 366, 33: 778, 34: 540, 35: 652, 36: 414, 37: 72, 38: 310, 39: 16, 40: 254, 41: 16, 42: 254, 43: 44, 44: 282, 45: 750, 46: 512, 47: 708, 48: 470, 49: 764, 50: 526, 51: 72, 52: 310, 53: 652, 54: 414, 55: 750, 56: 512, 57: 86, 58: 324, 59: 58, 60: 296, 61: 86, 62: 324, 63: 792, 64: 554, 65: 736, 66: 498, 67: 708, 68: 470, 69: 764, 70: 526, 71: 44, 72: 282, 73: 114, 74: 352, 75: 16, 76: 254, 77: 750, 78: 512, 79: 16, 80: 254, 81: 736, 82: 498, 83: 778, 84: 540, 85: 778, 86: 540, 87: 16, 88: 254, 89: 750, 90: 512, 91: 30, 92: 268, 93: 30, 94: 268, 95: 142, 96: 380, 97: 30, 98: 268, 99: 750, 100: 512, 101: 778, 102: 540, 103: 652, 104: 414, 105: 736, 106: 498, 107: 58, 108: 296, 109: 142, 110: 380, 111: 778, 112: 540, 113: 778, 114: 540, 115: 736, 116: 498, 117: 142, 118: 380, 119: 44, 120: 282, 121: 114, 122: 352, 123: 792, 124: 554, 125: 142, 126: 380, 127: 722, 128: 484, 129: 694, 130: 456, 131: 86, 132: 324, 133: 722, 134: 484, 135: 142, 136: 380, 137: 680, 138: 442, 139: 708, 140: 470, 141: 722, 142: 484, 143: 58, 144: 296, 145: 764, 146: 526, 147: 30, 148: 268, 149: 128, 150: 366, 151: 750, 152: 512, 153: 16, 154: 254, 155: 30, 156: 268, 157: 16, 158: 254, 159: 736, 160: 498, 161: 30, 162: 268, 163: 114, 164: 352, 165: 708, 166: 470, 167: 792, 168: 554, 169: 86, 170: 324, 171: 30, 172: 268, 173: 722, 174: 484, 175: 666, 176: 428, 177: 722, 178: 484, 179: 72, 180: 310, 181: 72, 182: 310, 183: 30, 184: 268, 185: 666, 186: 428, 187: 736, 188: 498, 189: 30, 190: 268, 191: 16, 192: 254, 193: 764, 194: 526, 195: 778, 196: 540, 197: 128, 198: 366, 199: 764, 200: 526}
Number of lables used:  40
Total time: 0.50 seconds
Memory used: 47.46 MB
--------------------------------------------------

Trying with at most 39 labels...
Solution:
{1: 114, 2: 352, 3: 30, 4: 268, 5: 652, 6: 414, 7: 680, 8: 442, 9: 142, 10: 380, 11: 142, 12: 380, 13: 58, 14: 296, 15: 86, 16: 324, 17: 680, 18: 442, 19: 736, 20: 498, 21: 16, 22: 254, 23: 86, 24: 324, 25: 694, 26: 456, 27: 708, 28: 470, 29: 114, 30: 352, 31: 128, 32: 366, 33: 778, 34: 540, 35: 652, 36: 414, 37: 72, 38: 310, 39: 16, 40: 254, 41: 16, 42: 254, 43: 44, 44: 282, 45: 736, 46: 498, 47: 708, 48: 470, 49: 764, 50: 526, 51: 666, 52: 428, 53: 652, 54: 414, 55: 86, 56: 324, 57: 86, 58: 324, 59: 680, 60: 442, 61: 86, 62: 324, 63: 778, 64: 540, 65: 736, 66: 498, 67: 694, 68: 456, 69: 778, 70: 540, 71: 44, 72: 282, 73: 114, 74: 352, 75: 16, 76: 254, 77: 764, 78: 526, 79: 16, 80: 254, 81: 736, 82: 498, 83: 764, 84: 526, 85: 792, 86: 554, 87: 16, 88: 254, 89: 72, 90: 310, 91: 30, 92: 268, 93: 30, 94: 268, 95: 142, 96: 380, 97: 30, 98: 268, 99: 44, 100: 282, 101: 778, 102: 540, 103: 652, 104: 414, 105: 736, 106: 498, 107: 58, 108: 296, 109: 142, 110: 380, 111: 778, 112: 540, 113: 778, 114: 540, 115: 736, 116: 498, 117: 142, 118: 380, 119: 44, 120: 282, 121: 114, 122: 352, 123: 778, 124: 540, 125: 142, 126: 380, 127: 736, 128: 498, 129: 680, 130: 442, 131: 652, 132: 414, 133: 44, 134: 282, 135: 142, 136: 380, 137: 680, 138: 442, 139: 708, 140: 470, 141: 722, 142: 484, 143: 58, 144: 296, 145: 764, 146: 526, 147: 30, 148: 268, 149: 128, 150: 366, 151: 58, 152: 296, 153: 16, 154: 254, 155: 30, 156: 268, 157: 16, 158: 254, 159: 736, 160: 498, 161: 30, 162: 268, 163: 114, 164: 352, 165: 708, 166: 470, 167: 778, 168: 540, 169: 666, 170: 428, 171: 666, 172: 428, 173: 44, 174: 282, 175: 666, 176: 428, 177: 722, 178: 484, 179: 72, 180: 310, 181: 72, 182: 310, 183: 708, 184: 470, 185: 652, 186: 414, 187: 736, 188: 498, 189: 30, 190: 268, 191: 16, 192: 254, 193: 764, 194: 526, 195: 778, 196: 540, 197: 128, 198: 366, 199: 764, 200: 526}
Number of lables used:  38
Total time: 0.50 seconds
Memory used: 47.46 MB
--------------------------------------------------

Trying with at most 37 labels...
Solution:
{1: 708, 2: 470, 3: 128, 4: 366, 5: 114, 6: 352, 7: 114, 8: 352, 9: 666, 10: 428, 11: 666, 12: 428, 13: 86, 14: 324, 15: 30, 16: 268, 17: 30, 18: 268, 19: 30, 20: 268, 21: 792, 22: 554, 23: 58, 24: 296, 25: 114, 26: 352, 27: 708, 28: 470, 29: 86, 30: 324, 31: 58, 32: 296, 33: 764, 34: 526, 35: 58, 36: 296, 37: 736, 38: 498, 39: 792, 40: 554, 41: 792, 42: 554, 43: 30, 44: 268, 45: 30, 46: 268, 47: 722, 48: 484, 49: 778, 50: 540, 51: 666, 52: 428, 53: 666, 54: 428, 55: 764, 56: 526, 57: 722, 58: 484, 59: 128, 60: 366, 61: 722, 62: 484, 63: 778, 64: 540, 65: 750, 66: 512, 67: 86, 68: 324, 69: 778, 70: 540, 71: 666, 72: 428, 73: 58, 74: 296, 75: 72, 76: 310, 77: 764, 78: 526, 79: 792, 80: 554, 81: 722, 82: 484, 83: 764, 84: 526, 85: 792, 86: 554, 87: 764, 88: 526, 89: 58, 90: 296, 91: 792, 92: 554, 93: 778, 94: 540, 95: 170, 96: 408, 97: 778, 98: 540, 99: 764, 100: 526, 101: 30, 102: 268, 103: 666, 104: 428, 105: 722, 106: 484, 107: 708, 108: 470, 109: 114, 110: 352, 111: 30, 112: 268, 113: 792, 114: 554, 115: 86, 116: 324, 117: 58, 118: 296, 119: 764, 120: 526, 121: 100, 122: 338, 123: 792, 124: 554, 125: 30, 126: 268, 127: 736, 128: 498, 129: 694, 130: 456, 131: 666, 132: 428, 133: 736, 134: 498, 135: 128, 136: 366, 137: 86, 138: 324, 139: 722, 140: 484, 141: 708, 142: 470, 143: 30, 144: 268, 145: 58, 146: 296, 147: 86, 148: 324, 149: 680, 150: 442, 151: 764, 152: 526, 153: 30, 154: 268, 155: 100, 156: 338, 157: 792, 158: 554, 159: 750, 160: 512, 161: 736, 162: 498, 163: 666, 164: 428, 165: 58, 166: 296, 167: 792, 168: 554, 169: 680, 170: 442, 171: 100, 172: 338, 173: 764, 174: 526, 175: 708, 176: 470, 177: 736, 178: 498, 179: 708, 180: 470, 181: 128, 182: 366, 183: 708, 184: 470, 185: 86, 186: 324, 187: 750, 188: 512, 189: 778, 190: 540, 191: 792, 192: 554, 193: 750, 194: 512, 195: 764, 196: 526, 197: 100, 198: 338, 199: 778, 200: 540}
Number of lables used:  36
Total time: 0.51 seconds
Memory used: 47.52 MB
--------------------------------------------------

Trying with at most 35 labels...
Solution:
{1: 72, 2: 310, 3: 652, 4: 414, 5: 114, 6: 352, 7: 652, 8: 414, 9: 142, 10: 380, 11: 652, 12: 414, 13: 58, 14: 296, 15: 30, 16: 268, 17: 86, 18: 324, 19: 30, 20: 268, 21: 736, 22: 498, 23: 114, 24: 352, 25: 694, 26: 456, 27: 694, 28: 456, 29: 142, 30: 380, 31: 142, 32: 380, 33: 750, 34: 512, 35: 114, 36: 352, 37: 72, 38: 310, 39: 736, 40: 498, 41: 778, 42: 540, 43: 58, 44: 296, 45: 736, 46: 498, 47: 58, 48: 296, 49: 58, 50: 296, 51: 666, 52: 428, 53: 652, 54: 414, 55: 72, 56: 310, 57: 86, 58: 324, 59: 652, 60: 414, 61: 86, 62: 324, 63: 778, 64: 540, 65: 736, 66: 498, 67: 44, 68: 282, 69: 764, 70: 526, 71: 114, 72: 352, 73: 652, 74: 414, 75: 736, 76: 498, 77: 750, 78: 512, 79: 778, 80: 540, 81: 666, 82: 428, 83: 764, 84: 526, 85: 778, 86: 540, 87: 44, 88: 282, 89: 72, 90: 310, 91: 778, 92: 540, 93: 30, 94: 268, 95: 170, 96: 408, 97: 764, 98: 526, 99: 72, 100: 310, 101: 44, 102: 282, 103: 30, 104: 268, 105: 114, 106: 352, 107: 694, 108: 456, 109: 652, 110: 414, 111: 778, 112: 540, 113: 778, 114: 540, 115: 86, 116: 324, 117: 72, 118: 310, 119: 750, 120: 512, 121: 680, 122: 442, 123: 778, 124: 540, 125: 142, 126: 380, 127: 722, 128: 484, 129: 680, 130: 442, 131: 694, 132: 456, 133: 722, 134: 484, 135: 652, 136: 414, 137: 86, 138: 324, 139: 114, 140: 352, 141: 652, 142: 414, 143: 86, 144: 324, 145: 764, 146: 526, 147: 722, 148: 484, 149: 666, 150: 428, 151: 750, 152: 512, 153: 778, 154: 540, 155: 114, 156: 352, 157: 778, 158: 540, 159: 30, 160: 268, 161: 44, 162: 282, 163: 680, 164: 442, 165: 58, 166: 296, 167: 778, 168: 540, 169: 666, 170: 428, 171: 666, 172: 428, 173: 44, 174: 282, 175: 694, 176: 456, 177: 72, 178: 310, 179: 722, 180: 484, 181: 680, 182: 442, 183: 58, 184: 296, 185: 114, 186: 352, 187: 736, 188: 498, 189: 764, 190: 526, 191: 778, 192: 540, 193: 694, 194: 456, 195: 44, 196: 282, 197: 666, 198: 428, 199: 778, 200: 540}
Number of lables used:  34
Total time: 0.54 seconds
Memory used: 47.88 MB
--------------------------------------------------

Trying with at most 33 labels...
Solution:
{1: 666, 2: 428, 3: 142, 4: 380, 5: 16, 6: 254, 7: 142, 8: 380, 9: 142, 10: 380, 11: 666, 12: 428, 13: 58, 14: 296, 15: 114, 16: 352, 17: 114, 18: 352, 19: 708, 20: 470, 21: 16, 22: 254, 23: 86, 24: 324, 25: 100, 26: 338, 27: 708, 28: 470, 29: 114, 30: 352, 31: 128, 32: 366, 33: 44, 34: 282, 35: 554, 36: 792, 37: 736, 38: 498, 39: 16, 40: 254, 41: 16, 42: 254, 43: 86, 44: 324, 45: 58, 46: 296, 47: 86, 48: 324, 49: 30, 50: 268, 51: 666, 52: 428, 53: 666, 54: 428, 55: 44, 56: 282, 57: 86, 58: 324, 59: 114, 60: 352, 61: 86, 62: 324, 63: 16, 64: 254, 65: 58, 66: 296, 67: 100, 68: 338, 69: 778, 70: 540, 71: 142, 72: 380, 73: 666, 74: 428, 75: 58, 76: 296, 77: 30, 78: 268, 79: 792, 80: 554, 81: 86, 82: 324, 83: 30, 84: 268, 85: 792, 86: 554, 87: 86, 88: 324, 89: 694, 90: 456, 91: 16, 92: 254, 93: 30, 94: 268, 95: 142, 96: 380, 97: 30, 98: 268, 99: 44, 100: 282, 101: 778, 102: 540, 103: 142, 104: 380, 105: 708, 106: 470, 107: 100, 108: 338, 109: 708, 110: 470, 111: 16, 112: 254, 113: 16, 114: 254, 115: 58, 116: 296, 117: 708, 118: 470, 119: 44, 120: 282, 121: 694, 122: 456, 123: 16, 124: 254, 125: 142, 126: 380, 127: 736, 128: 498, 129: 114, 130: 352, 131: 142, 132: 380, 133: 736, 134: 498, 135: 666, 136: 428, 137: 694, 138: 456, 139: 86, 140: 324, 141: 100, 142: 338, 143: 128, 144: 366, 145: 778, 146: 540, 147: 736, 148: 498, 149: 666, 150: 428, 151: 44, 152: 282, 153: 792, 154: 554, 155: 708, 156: 470, 157: 778, 158: 540, 159: 778, 160: 540, 161: 708, 162: 470, 163: 736, 164: 498, 165: 86, 166: 324, 167: 16, 168: 254, 169: 128, 170: 366, 171: 128, 172: 366, 173: 44, 174: 282, 175: 694, 176: 456, 177: 114, 178: 352, 179: 142, 180: 380, 181: 114, 182: 352, 183: 86, 184: 324, 185: 142, 186: 380, 187: 58, 188: 296, 189: 778, 190: 540, 191: 16, 192: 254, 193: 58, 194: 296, 195: 44, 196: 282, 197: 128, 198: 366, 199: 736, 200: 498}
Number of lables used:  30
Total time: 0.65 seconds
Memory used: 49.07 MB
--------------------------------------------------

Trying with at most 29 labels...
Solution:
{1: 100, 2: 338, 3: 86, 4: 324, 5: 142, 6: 380, 7: 666, 8: 428, 9: 100, 10: 338, 11: 666, 12: 428, 13: 750, 14: 512, 15: 142, 16: 380, 17: 86, 18: 324, 19: 750, 20: 512, 21: 792, 22: 554, 23: 100, 24: 338, 25: 708, 26: 470, 27: 708, 28: 470, 29: 128, 30: 366, 31: 142, 32: 380, 33: 764, 34: 526, 35: 142, 36: 380, 37: 100, 38: 338, 39: 792, 40: 554, 41: 792, 42: 554, 43: 722, 44: 484, 45: 750, 46: 512, 47: 722, 48: 484, 49: 778, 50: 540, 51: 680, 52: 442, 53: 666, 54: 428, 55: 764, 56: 526, 57: 722, 58: 484, 59: 128, 60: 366, 61: 86, 62: 324, 63: 792, 64: 554, 65: 750, 66: 512, 67: 128, 68: 366, 69: 778, 70: 540, 71: 666, 72: 428, 73: 666, 74: 428, 75: 750, 76: 512, 77: 764, 78: 526, 79: 792, 80: 554, 81: 722, 82: 484, 83: 778, 84: 540, 85: 792, 86: 554, 87: 792, 88: 554, 89: 30, 90: 268, 91: 792, 92: 554, 93: 778, 94: 540, 95: 142, 96: 380, 97: 30, 98: 268, 99: 764, 100: 526, 101: 30, 102: 268, 103: 666, 104: 428, 105: 86, 106: 324, 107: 708, 108: 470, 109: 666, 110: 428, 111: 792, 112: 554, 113: 792, 114: 554, 115: 30, 116: 268, 117: 666, 118: 428, 119: 764, 120: 526, 121: 142, 122: 380, 123: 792, 124: 554, 125: 666, 126: 428, 127: 86, 128: 324, 129: 142, 130: 380, 131: 666, 132: 428, 133: 100, 134: 338, 135: 666, 136: 428, 137: 86, 138: 324, 139: 722, 140: 484, 141: 100, 142: 338, 143: 86, 144: 324, 145: 778, 146: 540, 147: 86, 148: 324, 149: 680, 150: 442, 151: 764, 152: 526, 153: 792, 154: 554, 155: 100, 156: 338, 157: 792, 158: 554, 159: 750, 160: 512, 161: 100, 162: 338, 163: 142, 164: 380, 165: 722, 166: 484, 167: 792, 168: 554, 169: 680, 170: 442, 171: 142, 172: 380, 173: 764, 174: 526, 175: 708, 176: 470, 177: 764, 178: 526, 179: 100, 180: 338, 181: 128, 182: 366, 183: 722, 184: 484, 185: 666, 186: 428, 187: 750, 188: 512, 189: 778, 190: 540, 191: 792, 192: 554, 193: 750, 194: 512, 195: 764, 196: 526, 197: 680, 198: 442, 199: 30, 200: 268}
Number of lables used:  26
Total time: 0.80 seconds
Memory used: 51.18 MB
--------------------------------------------------

Trying with at most 25 labels...
Solution:
{1: 72, 2: 310, 3: 142, 4: 380, 5: 114, 6: 352, 7: 142, 8: 380, 9: 142, 10: 380, 11: 666, 12: 428, 13: 750, 14: 512, 15: 114, 16: 352, 17: 114, 18: 352, 19: 30, 20: 268, 21: 792, 22: 554, 23: 86, 24: 324, 25: 100, 26: 338, 27: 100, 28: 338, 29: 114, 30: 352, 31: 128, 32: 366, 33: 44, 34: 282, 35: 666, 36: 428, 37: 72, 38: 310, 39: 792, 40: 554, 41: 778, 42: 540, 43: 86, 44: 324, 45: 750, 46: 512, 47: 86, 48: 324, 49: 778, 50: 540, 51: 128, 52: 366, 53: 142, 54: 380, 55: 44, 56: 282, 57: 86, 58: 324, 59: 114, 60: 352, 61: 86, 62: 324, 63: 792, 64: 554, 65: 750, 66: 512, 67: 100, 68: 338, 69: 778, 70: 540, 71: 666, 72: 428, 73: 666, 74: 428, 75: 72, 76: 310, 77: 44, 78: 282, 79: 792, 80: 554, 81: 86, 82: 324, 83: 778, 84: 540, 85: 792, 86: 554, 87: 792, 88: 554, 89: 72, 90: 310, 91: 792, 92: 554, 93: 30, 94: 268, 95: 142, 96: 380, 97: 30, 98: 268, 99: 44, 100: 282, 101: 792, 102: 554, 103: 666, 104: 428, 105: 86, 106: 324, 107: 666, 108: 428, 109: 666, 110: 428, 111: 792, 112: 554, 113: 792, 114: 554, 115: 750, 116: 512, 117: 142, 118: 380, 119: 44, 120: 282, 121: 114, 122: 352, 123: 778, 124: 540, 125: 142, 126: 380, 127: 72, 128: 310, 129: 114, 130: 352, 131: 142, 132: 380, 133: 72, 134: 310, 135: 142, 136: 380, 137: 114, 138: 352, 139: 86, 140: 324, 141: 100, 142: 338, 143: 750, 144: 512, 145: 778, 146: 540, 147: 86, 148: 324, 149: 128, 150: 366, 151: 44, 152: 282, 153: 792, 154: 554, 155: 86, 156: 324, 157: 778, 158: 540, 159: 750, 160: 512, 161: 72, 162: 310, 163: 114, 164: 352, 165: 86, 166: 324, 167: 792, 168: 554, 169: 142, 170: 380, 171: 128, 172: 366, 173: 750, 174: 512, 175: 100, 176: 338, 177: 44, 178: 282, 179: 72, 180: 310, 181: 128, 182: 366, 183: 86, 184: 324, 185: 142, 186: 380, 187: 750, 188: 512, 189: 30, 190: 268, 191: 792, 192: 554, 193: 750, 194: 512, 195: 44, 196: 282, 197: 128, 198: 366, 199: 778, 200: 540}
Number of lables used:  24
Total time: 0.97 seconds
Memory used: 52.91 MB
--------------------------------------------------

Trying with at most 23 labels...
Solution:
{1: 72, 2: 310, 3: 142, 4: 380, 5: 114, 6: 352, 7: 142, 8: 380, 9: 142, 10: 380, 11: 142, 12: 380, 13: 750, 14: 512, 15: 114, 16: 352, 17: 114, 18: 352, 19: 30, 20: 268, 21: 792, 22: 554, 23: 86, 24: 324, 25: 100, 26: 338, 27: 100, 28: 338, 29: 114, 30: 352, 31: 128, 32: 366, 33: 764, 34: 526, 35: 142, 36: 380, 37: 72, 38: 310, 39: 792, 40: 554, 41: 792, 42: 554, 43: 86, 44: 324, 45: 750, 46: 512, 47: 86, 48: 324, 49: 778, 50: 540, 51: 128, 52: 366, 53: 142, 54: 380, 55: 764, 56: 526, 57: 86, 58: 324, 59: 114, 60: 352, 61: 86, 62: 324, 63: 792, 64: 554, 65: 750, 66: 512, 67: 100, 68: 338, 69: 778, 70: 540, 71: 142, 72: 380, 73: 142, 74: 380, 75: 750, 76: 512, 77: 764, 78: 526, 79: 792, 80: 554, 81: 86, 82: 324, 83: 778, 84: 540, 85: 792, 86: 554, 87: 792, 88: 554, 89: 72, 90: 310, 91: 792, 92: 554, 93: 30, 94: 268, 95: 142, 96: 380, 97: 30, 98: 268, 99: 764, 100: 526, 101: 792, 102: 554, 103: 142, 104: 380, 105: 86, 106: 324, 107: 100, 108: 338, 109: 142, 110: 380, 111: 792, 112: 554, 113: 792, 114: 554, 115: 750, 116: 512, 117: 142, 118: 380, 119: 764, 120: 526, 121: 114, 122: 352, 123: 778, 124: 540, 125: 142, 126: 380, 127: 72, 128: 310, 129: 114, 130: 352, 131: 142, 132: 380, 133: 72, 134: 310, 135: 142, 136: 380, 137: 114, 138: 352, 139: 86, 140: 324, 141: 100, 142: 338, 143: 750, 144: 512, 145: 30, 146: 268, 147: 72, 148: 310, 149: 128, 150: 366, 151: 764, 152: 526, 153: 792, 154: 554, 155: 86, 156: 324, 157: 778, 158: 540, 159: 750, 160: 512, 161: 72, 162: 310, 163: 114, 164: 352, 165: 86, 166: 324, 167: 792, 168: 554, 169: 128, 170: 366, 171: 128, 172: 366, 173: 750, 174: 512, 175: 100, 176: 338, 177: 764, 178: 526, 179: 72, 180: 310, 181: 114, 182: 352, 183: 86, 184: 324, 185: 142, 186: 380, 187: 750, 188: 512, 189: 30, 190: 268, 191: 792, 192: 554, 193: 750, 194: 512, 195: 764, 196: 526, 197: 128, 198: 366, 199: 778, 200: 540}
Number of lables used:  22
Total time: 0.97 seconds
Memory used: 52.92 MB
--------------------------------------------------

Trying with at most 21 labels...
Solution:
{1: 44, 2: 282, 3: 142, 4: 380, 5: 86, 6: 324, 7: 142, 8: 380, 9: 142, 10: 380, 11: 142, 12: 380, 13: 750, 14: 512, 15: 114, 16: 352, 17: 114, 18: 352, 19: 750, 20: 512, 21: 792, 22: 554, 23: 86, 24: 324, 25: 100, 26: 338, 27: 100, 28: 338, 29: 114, 30: 352, 31: 128, 32: 366, 33: 44, 34: 282, 35: 142, 36: 380, 37: 72, 38: 310, 39: 792, 40: 554, 41: 792, 42: 554, 43: 86, 44: 324, 45: 750, 46: 512, 47: 86, 48: 324, 49: 778, 50: 540, 51: 128, 52: 366, 53: 142, 54: 380, 55: 44, 56: 282, 57: 86, 58: 324, 59: 114, 60: 352, 61: 86, 62: 324, 63: 792, 64: 554, 65: 750, 66: 512, 67: 100, 68: 338, 69: 778, 70: 540, 71: 142, 72: 380, 73: 142, 74: 380, 75: 750, 76: 512, 77: 44, 78: 282, 79: 792, 80: 554, 81: 86, 82: 324, 83: 778, 84: 540, 85: 792, 86: 554, 87: 792, 88: 554, 89: 72, 90: 310, 91: 792, 92: 554, 93: 778, 94: 540, 95: 142, 96: 380, 97: 778, 98: 540, 99: 44, 100: 282, 101: 792, 102: 554, 103: 142, 104: 380, 105: 86, 106: 324, 107: 100, 108: 338, 109: 142, 110: 380, 111: 792, 112: 554, 113: 792, 114: 554, 115: 750, 116: 512, 117: 142, 118: 380, 119: 44, 120: 282, 121: 114, 122: 352, 123: 750, 124: 512, 125: 142, 126: 380, 127: 72, 128: 310, 129: 114, 130: 352, 131: 142, 132: 380, 133: 72, 134: 310, 135: 142, 136: 380, 137: 114, 138: 352, 139: 86, 140: 324, 141: 100, 142: 338, 143: 750, 144: 512, 145: 778, 146: 540, 147: 72, 148: 310, 149: 128, 150: 366, 151: 44, 152: 282, 153: 792, 154: 554, 155: 86, 156: 324, 157: 750, 158: 512, 159: 750, 160: 512, 161: 72, 162: 310, 163: 114, 164: 352, 165: 86, 166: 324, 167: 792, 168: 554, 169: 128, 170: 366, 171: 128, 172: 366, 173: 44, 174: 282, 175: 100, 176: 338, 177: 44, 178: 282, 179: 72, 180: 310, 181: 114, 182: 352, 183: 86, 184: 324, 185: 142, 186: 380, 187: 750, 188: 512, 189: 778, 190: 540, 191: 792, 192: 554, 193: 750, 194: 512, 195: 44, 196: 282, 197: 128, 198: 366, 199: 778, 200: 540}
Number of lables used:  20
Total time: 1.28 seconds
Memory used: 50.05 MB
--------------------------------------------------

Trying with at most 19 labels...
Cannot find solution.
No more solutions found.
Optimal number of labels used:  20
Total time: 7.36 seconds
Memory used: 93.24 MB
[runlim] end:			Fri Feb 27 00:00:32 2026
[runlim] status:		ok
[runlim] result:		0
[runlim] children:		0
[runlim] real:			7.68 seconds
[runlim] time:			7.39 seconds
[runlim] space:			93.1 MB
[runlim] samples:		74
