[runlim] version:		1.10
[runlim] time limit:		311040000 seconds
[runlim] real time limit:	600 seconds
[runlim] space limit:		14000 MB
[runlim] argv[0]:		python3
[runlim] argv[1]:		-u
[runlim] argv[2]:		pairwise.py
[runlim] argv[3]:		TUD200.1
[runlim] argv[4]:		incremental
[runlim] start:			Fri Feb 27 00:03:33 2026
[runlim] main pid:		14099
Solve first problem:
Solution:
{1: 156, 2: 394, 3: 414, 4: 652, 5: 470, 6: 708, 7: 366, 8: 128, 9: 142, 10: 380, 11: 764, 12: 526, 13: 680, 14: 442, 15: 652, 16: 414, 17: 652, 18: 414, 19: 310, 20: 72, 21: 666, 22: 428, 23: 792, 24: 554, 25: 680, 26: 442, 27: 764, 28: 526, 29: 16, 30: 254, 31: 366, 32: 128, 33: 254, 34: 16, 35: 750, 36: 512, 37: 694, 38: 456, 39: 414, 40: 652, 41: 324, 42: 86, 43: 666, 44: 428, 45: 338, 46: 100, 47: 16, 48: 254, 49: 380, 50: 142, 51: 792, 52: 554, 53: 380, 54: 142, 55: 722, 56: 484, 57: 736, 58: 498, 59: 268, 60: 30, 61: 310, 62: 72, 63: 366, 64: 128, 65: 792, 66: 554, 67: 394, 68: 156, 69: 750, 70: 512, 71: 540, 72: 778, 73: 352, 74: 114, 75: 254, 76: 16, 77: 254, 78: 16, 79: 16, 80: 254, 81: 268, 82: 30, 83: 652, 84: 414, 85: 72, 86: 310, 87: 44, 88: 282, 89: 750, 90: 512, 91: 380, 92: 142, 93: 652, 94: 414, 95: 456, 96: 694, 97: 268, 98: 30, 99: 666, 100: 428, 101: 442, 102: 680, 103: 268, 104: 30, 105: 352, 106: 114, 107: 554, 108: 792, 109: 114, 110: 352, 111: 86, 112: 324, 113: 394, 114: 156, 115: 338, 116: 100, 117: 282, 118: 44, 119: 708, 120: 470, 121: 352, 122: 114, 123: 652, 124: 414, 125: 498, 126: 736, 127: 652, 128: 414, 129: 380, 130: 142, 131: 428, 132: 666, 133: 254, 134: 16, 135: 268, 136: 30, 137: 352, 138: 114, 139: 380, 140: 142, 141: 428, 142: 666, 143: 268, 144: 30, 145: 268, 146: 30, 147: 526, 148: 764, 149: 268, 150: 30, 151: 736, 152: 498, 153: 310, 154: 72, 155: 268, 156: 30, 157: 254, 158: 16, 159: 310, 160: 72, 161: 254, 162: 16, 163: 296, 164: 58, 165: 736, 166: 498, 167: 282, 168: 44, 169: 254, 170: 16, 171: 310, 172: 72, 173: 268, 174: 30, 175: 282, 176: 44, 177: 666, 178: 428, 179: 310, 180: 72, 181: 268, 182: 30, 183: 282, 184: 44, 185: 394, 186: 156, 187: 254, 188: 16, 189: 324, 190: 86, 191: 380, 192: 142, 193: 324, 194: 86, 195: 254, 196: 16, 197: 324, 198: 86, 199: 268, 200: 30}
Number of lables used:  44
Total time: 0.35 seconds
Memory used: 34.88 MB
--------------------------------------------------

Trying with at most 43 labels...
Solution:
{1: 114, 2: 352, 3: 428, 4: 666, 5: 526, 6: 764, 7: 366, 8: 128, 9: 142, 10: 380, 11: 128, 12: 366, 13: 680, 14: 442, 15: 792, 16: 554, 17: 736, 18: 498, 19: 324, 20: 86, 21: 666, 22: 428, 23: 254, 24: 16, 25: 750, 26: 512, 27: 128, 28: 366, 29: 16, 30: 254, 31: 666, 32: 428, 33: 254, 34: 16, 35: 142, 36: 380, 37: 30, 38: 268, 39: 128, 40: 366, 41: 324, 42: 86, 43: 666, 44: 428, 45: 526, 46: 764, 47: 142, 48: 380, 49: 254, 50: 16, 51: 442, 52: 680, 53: 680, 54: 442, 55: 498, 56: 736, 57: 526, 58: 764, 59: 428, 60: 666, 61: 512, 62: 750, 63: 366, 64: 128, 65: 16, 66: 254, 67: 86, 68: 324, 69: 750, 70: 512, 71: 128, 72: 366, 73: 498, 74: 736, 75: 666, 76: 428, 77: 666, 78: 428, 79: 792, 80: 554, 81: 554, 82: 792, 83: 254, 84: 16, 85: 254, 86: 16, 87: 764, 88: 526, 89: 750, 90: 512, 91: 380, 92: 142, 93: 736, 94: 498, 95: 282, 96: 44, 97: 282, 98: 44, 99: 666, 100: 428, 101: 442, 102: 680, 103: 282, 104: 44, 105: 352, 106: 114, 107: 680, 108: 442, 109: 792, 110: 554, 111: 86, 112: 324, 113: 750, 114: 512, 115: 30, 116: 268, 117: 512, 118: 750, 119: 282, 120: 44, 121: 324, 122: 86, 123: 498, 124: 736, 125: 680, 126: 442, 127: 16, 128: 254, 129: 380, 130: 142, 131: 268, 132: 30, 133: 254, 134: 16, 135: 366, 136: 128, 137: 764, 138: 526, 139: 380, 140: 142, 141: 380, 142: 142, 143: 44, 144: 282, 145: 764, 146: 526, 147: 526, 148: 764, 149: 44, 150: 282, 151: 736, 152: 498, 153: 128, 154: 366, 155: 282, 156: 44, 157: 442, 158: 680, 159: 44, 160: 282, 161: 30, 162: 268, 163: 498, 164: 736, 165: 142, 166: 380, 167: 282, 168: 44, 169: 554, 170: 792, 171: 764, 172: 526, 173: 282, 174: 44, 175: 666, 176: 428, 177: 366, 178: 128, 179: 680, 180: 442, 181: 680, 182: 442, 183: 282, 184: 44, 185: 86, 186: 324, 187: 324, 188: 86, 189: 680, 190: 442, 191: 764, 192: 526, 193: 680, 194: 442, 195: 792, 196: 554, 197: 554, 198: 792, 199: 366, 200: 128}
Number of lables used:  26
Total time: 0.36 seconds
Memory used: 35.82 MB
--------------------------------------------------

Trying with at most 25 labels...
Solution:
{1: 114, 2: 352, 3: 442, 4: 680, 5: 268, 6: 30, 7: 128, 8: 366, 9: 142, 10: 380, 11: 128, 12: 366, 13: 680, 14: 442, 15: 792, 16: 554, 17: 736, 18: 498, 19: 324, 20: 86, 21: 380, 22: 142, 23: 254, 24: 16, 25: 750, 26: 512, 27: 128, 28: 366, 29: 16, 30: 254, 31: 128, 32: 366, 33: 254, 34: 16, 35: 142, 36: 380, 37: 30, 38: 268, 39: 128, 40: 366, 41: 324, 42: 86, 43: 512, 44: 750, 45: 526, 46: 764, 47: 142, 48: 380, 49: 254, 50: 16, 51: 442, 52: 680, 53: 680, 54: 442, 55: 498, 56: 736, 57: 526, 58: 764, 59: 268, 60: 30, 61: 512, 62: 750, 63: 366, 64: 128, 65: 16, 66: 254, 67: 86, 68: 324, 69: 268, 70: 30, 71: 352, 72: 114, 73: 498, 74: 736, 75: 442, 76: 680, 77: 792, 78: 554, 79: 792, 80: 554, 81: 554, 82: 792, 83: 114, 84: 352, 85: 254, 86: 16, 87: 764, 88: 526, 89: 750, 90: 512, 91: 380, 92: 142, 93: 764, 94: 526, 95: 282, 96: 44, 97: 282, 98: 44, 99: 86, 100: 324, 101: 442, 102: 680, 103: 282, 104: 44, 105: 352, 106: 114, 107: 680, 108: 442, 109: 792, 110: 554, 111: 86, 112: 324, 113: 750, 114: 512, 115: 30, 116: 268, 117: 512, 118: 750, 119: 764, 120: 526, 121: 324, 122: 86, 123: 498, 124: 736, 125: 680, 126: 442, 127: 16, 128: 254, 129: 380, 130: 142, 131: 268, 132: 30, 133: 254, 134: 16, 135: 554, 136: 792, 137: 680, 138: 442, 139: 380, 140: 142, 141: 380, 142: 142, 143: 44, 144: 282, 145: 764, 146: 526, 147: 526, 148: 764, 149: 44, 150: 282, 151: 736, 152: 498, 153: 128, 154: 366, 155: 282, 156: 44, 157: 442, 158: 680, 159: 554, 160: 792, 161: 30, 162: 268, 163: 498, 164: 736, 165: 44, 166: 282, 167: 282, 168: 44, 169: 554, 170: 792, 171: 764, 172: 526, 173: 512, 174: 750, 175: 526, 176: 764, 177: 736, 178: 498, 179: 114, 180: 352, 181: 792, 182: 554, 183: 282, 184: 44, 185: 142, 186: 380, 187: 324, 188: 86, 189: 680, 190: 442, 191: 680, 192: 442, 193: 680, 194: 442, 195: 792, 196: 554, 197: 680, 198: 442, 199: 268, 200: 30}
Number of lables used:  24
Total time: 0.36 seconds
Memory used: 35.82 MB
--------------------------------------------------

Trying with at most 23 labels...
Solution:
{1: 114, 2: 352, 3: 750, 4: 512, 5: 268, 6: 30, 7: 128, 8: 366, 9: 30, 10: 268, 11: 324, 12: 86, 13: 764, 14: 526, 15: 792, 16: 554, 17: 736, 18: 498, 19: 324, 20: 86, 21: 380, 22: 142, 23: 680, 24: 442, 25: 750, 26: 512, 27: 128, 28: 366, 29: 16, 30: 254, 31: 128, 32: 366, 33: 254, 34: 16, 35: 142, 36: 380, 37: 30, 38: 268, 39: 86, 40: 324, 41: 86, 42: 324, 43: 512, 44: 750, 45: 442, 46: 680, 47: 142, 48: 380, 49: 254, 50: 16, 51: 380, 52: 142, 53: 114, 54: 352, 55: 16, 56: 254, 57: 526, 58: 764, 59: 86, 60: 324, 61: 512, 62: 750, 63: 142, 64: 380, 65: 16, 66: 254, 67: 86, 68: 324, 69: 16, 70: 254, 71: 16, 72: 254, 73: 498, 74: 736, 75: 442, 76: 680, 77: 792, 78: 554, 79: 792, 80: 554, 81: 554, 82: 792, 83: 114, 84: 352, 85: 30, 86: 268, 87: 764, 88: 526, 89: 680, 90: 442, 91: 380, 92: 142, 93: 764, 94: 526, 95: 498, 96: 736, 97: 792, 98: 554, 99: 86, 100: 324, 101: 442, 102: 680, 103: 268, 104: 30, 105: 30, 106: 268, 107: 680, 108: 442, 109: 792, 110: 554, 111: 86, 112: 324, 113: 750, 114: 512, 115: 30, 116: 268, 117: 512, 118: 750, 119: 764, 120: 526, 121: 680, 122: 442, 123: 498, 124: 736, 125: 680, 126: 442, 127: 352, 128: 114, 129: 380, 130: 142, 131: 268, 132: 30, 133: 254, 134: 16, 135: 554, 136: 792, 137: 30, 138: 268, 139: 268, 140: 30, 141: 380, 142: 142, 143: 442, 144: 680, 145: 764, 146: 526, 147: 442, 148: 680, 149: 142, 150: 380, 151: 736, 152: 498, 153: 128, 154: 366, 155: 750, 156: 512, 157: 442, 158: 680, 159: 554, 160: 792, 161: 114, 162: 352, 163: 380, 164: 142, 165: 16, 166: 254, 167: 750, 168: 512, 169: 554, 170: 792, 171: 792, 172: 554, 173: 512, 174: 750, 175: 526, 176: 764, 177: 268, 178: 30, 179: 114, 180: 352, 181: 792, 182: 554, 183: 442, 184: 680, 185: 142, 186: 380, 187: 324, 188: 86, 189: 680, 190: 442, 191: 680, 192: 442, 193: 680, 194: 442, 195: 254, 196: 16, 197: 352, 198: 114, 199: 268, 200: 30}
Number of lables used:  22
Total time: 0.36 seconds
Memory used: 35.83 MB
--------------------------------------------------

Trying with at most 21 labels...
Solution:
{1: 114, 2: 352, 3: 750, 4: 512, 5: 268, 6: 30, 7: 324, 8: 86, 9: 30, 10: 268, 11: 324, 12: 86, 13: 792, 14: 554, 15: 792, 16: 554, 17: 792, 18: 554, 19: 324, 20: 86, 21: 380, 22: 142, 23: 680, 24: 442, 25: 750, 26: 512, 27: 254, 28: 16, 29: 16, 30: 254, 31: 142, 32: 380, 33: 254, 34: 16, 35: 442, 36: 680, 37: 30, 38: 268, 39: 554, 40: 792, 41: 86, 42: 324, 43: 512, 44: 750, 45: 442, 46: 680, 47: 142, 48: 380, 49: 380, 50: 142, 51: 380, 52: 142, 53: 114, 54: 352, 55: 16, 56: 254, 57: 394, 58: 156, 59: 86, 60: 324, 61: 512, 62: 750, 63: 142, 64: 380, 65: 16, 66: 254, 67: 86, 68: 324, 69: 512, 70: 750, 71: 554, 72: 792, 73: 142, 74: 380, 75: 442, 76: 680, 77: 512, 78: 750, 79: 156, 80: 394, 81: 554, 82: 792, 83: 114, 84: 352, 85: 30, 86: 268, 87: 268, 88: 30, 89: 680, 90: 442, 91: 380, 92: 142, 93: 792, 94: 554, 95: 114, 96: 352, 97: 792, 98: 554, 99: 86, 100: 324, 101: 324, 102: 86, 103: 268, 104: 30, 105: 16, 106: 254, 107: 254, 108: 16, 109: 792, 110: 554, 111: 86, 112: 324, 113: 750, 114: 512, 115: 442, 116: 680, 117: 554, 118: 792, 119: 324, 120: 86, 121: 680, 122: 442, 123: 16, 124: 254, 125: 680, 126: 442, 127: 352, 128: 114, 129: 380, 130: 142, 131: 512, 132: 750, 133: 442, 134: 680, 135: 442, 136: 680, 137: 380, 138: 142, 139: 142, 140: 380, 141: 380, 142: 142, 143: 442, 144: 680, 145: 442, 146: 680, 147: 442, 148: 680, 149: 30, 150: 268, 151: 792, 152: 554, 153: 268, 154: 30, 155: 750, 156: 512, 157: 324, 158: 86, 159: 554, 160: 792, 161: 512, 162: 750, 163: 750, 164: 512, 165: 16, 166: 254, 167: 750, 168: 512, 169: 554, 170: 792, 171: 792, 172: 554, 173: 512, 174: 750, 175: 442, 176: 680, 177: 268, 178: 30, 179: 792, 180: 554, 181: 792, 182: 554, 183: 442, 184: 680, 185: 156, 186: 394, 187: 324, 188: 86, 189: 680, 190: 442, 191: 792, 192: 554, 193: 680, 194: 442, 195: 142, 196: 380, 197: 352, 198: 114, 199: 268, 200: 30}
Number of lables used:  18
Total time: 0.36 seconds
Memory used: 35.83 MB
--------------------------------------------------

Trying with at most 17 labels...
Solution:
{1: 114, 2: 352, 3: 750, 4: 512, 5: 268, 6: 30, 7: 324, 8: 86, 9: 30, 10: 268, 11: 324, 12: 86, 13: 792, 14: 554, 15: 792, 16: 554, 17: 792, 18: 554, 19: 324, 20: 86, 21: 380, 22: 142, 23: 680, 24: 442, 25: 750, 26: 512, 27: 254, 28: 16, 29: 16, 30: 254, 31: 142, 32: 380, 33: 254, 34: 16, 35: 442, 36: 680, 37: 30, 38: 268, 39: 554, 40: 792, 41: 86, 42: 324, 43: 512, 44: 750, 45: 512, 46: 750, 47: 142, 48: 380, 49: 380, 50: 142, 51: 380, 52: 142, 53: 114, 54: 352, 55: 16, 56: 254, 57: 324, 58: 86, 59: 86, 60: 324, 61: 512, 62: 750, 63: 142, 64: 380, 65: 16, 66: 254, 67: 680, 68: 442, 69: 512, 70: 750, 71: 554, 72: 792, 73: 142, 74: 380, 75: 680, 76: 442, 77: 512, 78: 750, 79: 86, 80: 324, 81: 554, 82: 792, 83: 114, 84: 352, 85: 268, 86: 30, 87: 268, 88: 30, 89: 680, 90: 442, 91: 380, 92: 142, 93: 792, 94: 554, 95: 114, 96: 352, 97: 86, 98: 324, 99: 86, 100: 324, 101: 324, 102: 86, 103: 268, 104: 30, 105: 16, 106: 254, 107: 324, 108: 86, 109: 792, 110: 554, 111: 114, 112: 352, 113: 750, 114: 512, 115: 442, 116: 680, 117: 554, 118: 792, 119: 324, 120: 86, 121: 680, 122: 442, 123: 16, 124: 254, 125: 680, 126: 442, 127: 30, 128: 268, 129: 380, 130: 142, 131: 512, 132: 750, 133: 16, 134: 254, 135: 442, 136: 680, 137: 380, 138: 142, 139: 268, 140: 30, 141: 380, 142: 142, 143: 442, 144: 680, 145: 442, 146: 680, 147: 442, 148: 680, 149: 30, 150: 268, 151: 792, 152: 554, 153: 268, 154: 30, 155: 750, 156: 512, 157: 380, 158: 142, 159: 442, 160: 680, 161: 512, 162: 750, 163: 750, 164: 512, 165: 86, 166: 324, 167: 750, 168: 512, 169: 554, 170: 792, 171: 792, 172: 554, 173: 512, 174: 750, 175: 442, 176: 680, 177: 380, 178: 142, 179: 792, 180: 554, 181: 792, 182: 554, 183: 442, 184: 680, 185: 254, 186: 16, 187: 324, 188: 86, 189: 680, 190: 442, 191: 554, 192: 792, 193: 680, 194: 442, 195: 142, 196: 380, 197: 352, 198: 114, 199: 750, 200: 512}
Number of lables used:  16
Total time: 0.37 seconds
Memory used: 35.84 MB
--------------------------------------------------

Trying with at most 15 labels...
Solution:
{1: 268, 2: 30, 3: 750, 4: 512, 5: 268, 6: 30, 7: 324, 8: 86, 9: 30, 10: 268, 11: 324, 12: 86, 13: 792, 14: 554, 15: 324, 16: 86, 17: 792, 18: 554, 19: 324, 20: 86, 21: 380, 22: 142, 23: 680, 24: 442, 25: 750, 26: 512, 27: 254, 28: 16, 29: 16, 30: 254, 31: 142, 32: 380, 33: 254, 34: 16, 35: 442, 36: 680, 37: 30, 38: 268, 39: 254, 40: 16, 41: 86, 42: 324, 43: 512, 44: 750, 45: 512, 46: 750, 47: 86, 48: 324, 49: 380, 50: 142, 51: 380, 52: 142, 53: 30, 54: 268, 55: 16, 56: 254, 57: 324, 58: 86, 59: 86, 60: 324, 61: 512, 62: 750, 63: 142, 64: 380, 65: 16, 66: 254, 67: 680, 68: 442, 69: 254, 70: 16, 71: 554, 72: 792, 73: 142, 74: 380, 75: 512, 76: 750, 77: 512, 78: 750, 79: 86, 80: 324, 81: 554, 82: 792, 83: 554, 84: 792, 85: 268, 86: 30, 87: 680, 88: 442, 89: 680, 90: 442, 91: 380, 92: 142, 93: 792, 94: 554, 95: 792, 96: 554, 97: 86, 98: 324, 99: 86, 100: 324, 101: 324, 102: 86, 103: 142, 104: 380, 105: 16, 106: 254, 107: 324, 108: 86, 109: 792, 110: 554, 111: 512, 112: 750, 113: 750, 114: 512, 115: 442, 116: 680, 117: 554, 118: 792, 119: 324, 120: 86, 121: 680, 122: 442, 123: 16, 124: 254, 125: 680, 126: 442, 127: 30, 128: 268, 129: 380, 130: 142, 131: 268, 132: 30, 133: 16, 134: 254, 135: 512, 136: 750, 137: 380, 138: 142, 139: 268, 140: 30, 141: 380, 142: 142, 143: 442, 144: 680, 145: 442, 146: 680, 147: 442, 148: 680, 149: 30, 150: 268, 151: 792, 152: 554, 153: 268, 154: 30, 155: 750, 156: 512, 157: 792, 158: 554, 159: 442, 160: 680, 161: 512, 162: 750, 163: 380, 164: 142, 165: 86, 166: 324, 167: 750, 168: 512, 169: 554, 170: 792, 171: 792, 172: 554, 173: 380, 174: 142, 175: 442, 176: 680, 177: 380, 178: 142, 179: 792, 180: 554, 181: 792, 182: 554, 183: 442, 184: 680, 185: 254, 186: 16, 187: 324, 188: 86, 189: 680, 190: 442, 191: 554, 192: 792, 193: 680, 194: 442, 195: 86, 196: 324, 197: 792, 198: 554, 199: 142, 200: 380}
Number of lables used:  14
Total time: 0.37 seconds
Memory used: 35.84 MB
--------------------------------------------------

Trying with at most 13 labels...
Solution:
{1: 268, 2: 30, 3: 380, 4: 142, 5: 554, 6: 792, 7: 16, 8: 254, 9: 254, 10: 16, 11: 380, 12: 142, 13: 792, 14: 554, 15: 324, 16: 86, 17: 792, 18: 554, 19: 324, 20: 86, 21: 268, 22: 30, 23: 142, 24: 380, 25: 680, 26: 442, 27: 16, 28: 254, 29: 86, 30: 324, 31: 324, 32: 86, 33: 254, 34: 16, 35: 442, 36: 680, 37: 142, 38: 380, 39: 324, 40: 86, 41: 254, 42: 16, 43: 554, 44: 792, 45: 268, 46: 30, 47: 142, 48: 380, 49: 324, 50: 86, 51: 254, 52: 16, 53: 792, 54: 554, 55: 324, 56: 86, 57: 324, 58: 86, 59: 86, 60: 324, 61: 30, 62: 268, 63: 30, 64: 268, 65: 792, 66: 554, 67: 680, 68: 442, 69: 254, 70: 16, 71: 254, 72: 16, 73: 142, 74: 380, 75: 254, 76: 16, 77: 268, 78: 30, 79: 254, 80: 16, 81: 554, 82: 792, 83: 324, 84: 86, 85: 268, 86: 30, 87: 680, 88: 442, 89: 442, 90: 680, 91: 268, 92: 30, 93: 792, 94: 554, 95: 792, 96: 554, 97: 86, 98: 324, 99: 86, 100: 324, 101: 268, 102: 30, 103: 142, 104: 380, 105: 30, 106: 268, 107: 268, 108: 30, 109: 442, 110: 680, 111: 792, 112: 554, 113: 16, 114: 254, 115: 380, 116: 142, 117: 380, 118: 142, 119: 86, 120: 324, 121: 268, 122: 30, 123: 142, 124: 380, 125: 680, 126: 442, 127: 554, 128: 792, 129: 380, 130: 142, 131: 268, 132: 30, 133: 16, 134: 254, 135: 142, 136: 380, 137: 680, 138: 442, 139: 142, 140: 380, 141: 380, 142: 142, 143: 554, 144: 792, 145: 442, 146: 680, 147: 792, 148: 554, 149: 324, 150: 86, 151: 680, 152: 442, 153: 268, 154: 30, 155: 442, 156: 680, 157: 792, 158: 554, 159: 442, 160: 680, 161: 554, 162: 792, 163: 16, 164: 254, 165: 680, 166: 442, 167: 142, 168: 380, 169: 680, 170: 442, 171: 554, 172: 792, 173: 268, 174: 30, 175: 324, 176: 86, 177: 268, 178: 30, 179: 554, 180: 792, 181: 142, 182: 380, 183: 680, 184: 442, 185: 86, 186: 324, 187: 324, 188: 86, 189: 442, 190: 680, 191: 442, 192: 680, 193: 680, 194: 442, 195: 254, 196: 16, 197: 792, 198: 554, 199: 380, 200: 142}
Number of lables used:  12
Total time: 0.37 seconds
Memory used: 35.85 MB
--------------------------------------------------

Trying with at most 11 labels...
[runlim] sample:		10.0 time, 10.7 real, 94.1 MB
[runlim] sample:		20.0 time, 20.7 real, 80.6 MB
Cannot find solution.
No more solutions found.
Optimal number of labels used:  12
Total time: 26.62 seconds
Memory used: 81.20 MB
[runlim] end:			Fri Feb 27 00:04:00 2026
[runlim] status:		ok
[runlim] result:		0
[runlim] children:		0
[runlim] real:			27.32 seconds
[runlim] time:			26.58 seconds
[runlim] space:			96.0 MB
[runlim] samples:		266
