[runlim] version:		2.0.0rc12
[runlim] host:			ap-Precision-7550
[runlim] time limit:		311040000 seconds
[runlim] real time limit:	600 seconds
[runlim] space limit:		14000 MB
[runlim] argv[0]:		python3
[runlim] argv[1]:		-u
[runlim] argv[2]:		pairwise_multi.py
[runlim] argv[3]:		TUD200.3
[runlim] argv[4]:		assumptions
[runlim] start:			Mon Mar 23 19:24:46 2026
[runlim] child:			12365
Solve first problem:
Solution:
{1: 526, 2: 764, 3: 470, 4: 708, 5: 72, 6: 310, 7: 380, 8: 142, 9: 414, 10: 652, 11: 142, 12: 380, 13: 380, 14: 142, 15: 296, 16: 58, 17: 142, 18: 380, 19: 72, 20: 310, 21: 526, 22: 764, 23: 512, 24: 750, 25: 268, 26: 30, 27: 30, 28: 268, 29: 268, 30: 30, 31: 254, 32: 16, 33: 540, 34: 778, 35: 44, 36: 282, 37: 764, 38: 526, 39: 324, 40: 86, 41: 72, 42: 310, 43: 128, 44: 366, 45: 484, 46: 722, 47: 352, 48: 114, 49: 554, 50: 792, 51: 456, 52: 694, 53: 324, 54: 86, 55: 338, 56: 100, 57: 442, 58: 680, 59: 526, 60: 764, 61: 310, 62: 72, 63: 156, 64: 394, 65: 16, 66: 254, 67: 414, 68: 652, 69: 722, 70: 484, 71: 268, 72: 30, 73: 324, 74: 86, 75: 442, 76: 680, 77: 156, 78: 394, 79: 58, 80: 296, 81: 554, 82: 792, 83: 512, 84: 750, 85: 428, 86: 666, 87: 722, 88: 484, 89: 792, 90: 554, 91: 554, 92: 792, 93: 394, 94: 156, 95: 268, 96: 30, 97: 478, 98: 240, 99: 170, 100: 408, 101: 352, 102: 114, 103: 296, 104: 58, 105: 498, 106: 736, 107: 100, 108: 338, 109: 394, 110: 156, 111: 540, 112: 778, 113: 16, 114: 254, 115: 254, 116: 16, 117: 100, 118: 338, 119: 310, 120: 72, 121: 240, 122: 478, 123: 512, 124: 750, 125: 498, 126: 736, 127: 428, 128: 666, 129: 268, 130: 30, 131: 240, 132: 478, 133: 498, 134: 736, 135: 554, 136: 792, 137: 652, 138: 414, 139: 554, 140: 792, 141: 498, 142: 736, 143: 254, 144: 16, 145: 456, 146: 694, 147: 268, 148: 30, 149: 254, 150: 16, 151: 352, 152: 114, 153: 324, 154: 86, 155: 394, 156: 156, 157: 540, 158: 778, 159: 512, 160: 750, 161: 554, 162: 792, 163: 554, 164: 792, 165: 254, 166: 16, 167: 442, 168: 680, 169: 498, 170: 736, 171: 554, 172: 792, 173: 282, 174: 44, 175: 470, 176: 708, 177: 442, 178: 680, 179: 380, 180: 142, 181: 254, 182: 16, 183: 498, 184: 736, 185: 484, 186: 722, 187: 254, 188: 16, 189: 498, 190: 736, 191: 540, 192: 778, 193: 484, 194: 722, 195: 72, 196: 310, 197: 526, 198: 764, 199: 554, 200: 792}
Number of lables used:  48
Total time: 0.36 seconds
Memory used: 49.07 MB

Trying to find better solution with at most 47 labels...
Solution:
{1: 428, 2: 666, 3: 442, 4: 680, 5: 58, 6: 296, 7: 526, 8: 764, 9: 414, 10: 652, 11: 380, 12: 142, 13: 380, 14: 142, 15: 352, 16: 114, 17: 408, 18: 170, 19: 722, 20: 484, 21: 526, 22: 764, 23: 484, 24: 722, 25: 268, 26: 30, 27: 30, 28: 268, 29: 310, 30: 72, 31: 254, 32: 16, 33: 540, 34: 778, 35: 44, 36: 282, 37: 750, 38: 512, 39: 30, 40: 268, 41: 72, 42: 310, 43: 128, 44: 366, 45: 470, 46: 708, 47: 352, 48: 114, 49: 526, 50: 764, 51: 282, 52: 44, 53: 324, 54: 86, 55: 366, 56: 128, 57: 296, 58: 58, 59: 498, 60: 736, 61: 338, 62: 100, 63: 442, 64: 680, 65: 16, 66: 254, 67: 414, 68: 652, 69: 722, 70: 484, 71: 268, 72: 30, 73: 338, 74: 100, 75: 428, 76: 666, 77: 156, 78: 394, 79: 100, 80: 338, 81: 526, 82: 764, 83: 498, 84: 736, 85: 428, 86: 666, 87: 296, 88: 58, 89: 764, 90: 526, 91: 442, 92: 680, 93: 310, 94: 72, 95: 310, 96: 72, 97: 478, 98: 240, 99: 478, 100: 240, 101: 16, 102: 254, 103: 484, 104: 722, 105: 310, 106: 72, 107: 86, 108: 324, 109: 394, 110: 156, 111: 526, 112: 764, 113: 86, 114: 324, 115: 254, 116: 16, 117: 366, 118: 128, 119: 310, 120: 72, 121: 380, 122: 142, 123: 512, 124: 750, 125: 268, 126: 30, 127: 428, 128: 666, 129: 540, 130: 778, 131: 240, 132: 478, 133: 268, 134: 30, 135: 540, 136: 778, 137: 268, 138: 30, 139: 540, 140: 778, 141: 484, 142: 722, 143: 296, 144: 58, 145: 652, 146: 414, 147: 268, 148: 30, 149: 254, 150: 16, 151: 352, 152: 114, 153: 324, 154: 86, 155: 268, 156: 30, 157: 540, 158: 778, 159: 498, 160: 736, 161: 540, 162: 778, 163: 540, 164: 778, 165: 254, 166: 16, 167: 442, 168: 680, 169: 484, 170: 722, 171: 254, 172: 16, 173: 282, 174: 44, 175: 470, 176: 708, 177: 442, 178: 680, 179: 408, 180: 170, 181: 16, 182: 254, 183: 338, 184: 100, 185: 470, 186: 708, 187: 254, 188: 16, 189: 498, 190: 736, 191: 540, 192: 778, 193: 470, 194: 708, 195: 58, 196: 296, 197: 512, 198: 750, 199: 540, 200: 778}
Number of lables used:  44
Time taken: 0.68 seconds

Trying to find better solution with at most 43 labels...
Solution:
{1: 282, 2: 44, 3: 296, 4: 58, 5: 30, 6: 268, 7: 442, 8: 680, 9: 442, 10: 680, 11: 380, 12: 142, 13: 58, 14: 296, 15: 380, 16: 142, 17: 170, 18: 408, 19: 142, 20: 380, 21: 484, 22: 722, 23: 428, 24: 666, 25: 414, 26: 652, 27: 652, 28: 414, 29: 484, 30: 722, 31: 310, 32: 72, 33: 484, 34: 722, 35: 310, 36: 72, 37: 694, 38: 456, 39: 296, 40: 58, 41: 366, 42: 128, 43: 58, 44: 296, 45: 338, 46: 100, 47: 282, 48: 44, 49: 254, 50: 16, 51: 366, 52: 128, 53: 268, 54: 30, 55: 310, 56: 72, 57: 142, 58: 380, 59: 442, 60: 680, 61: 254, 62: 16, 63: 296, 64: 58, 65: 16, 66: 254, 67: 268, 68: 30, 69: 142, 70: 380, 71: 310, 72: 72, 73: 128, 74: 366, 75: 352, 76: 114, 77: 338, 78: 100, 79: 44, 80: 282, 81: 254, 82: 16, 83: 484, 84: 722, 85: 470, 86: 708, 87: 142, 88: 380, 89: 456, 90: 694, 91: 254, 92: 16, 93: 414, 94: 652, 95: 156, 96: 394, 97: 478, 98: 240, 99: 142, 100: 380, 101: 296, 102: 58, 103: 296, 104: 58, 105: 254, 106: 16, 107: 394, 108: 156, 109: 282, 110: 44, 111: 428, 112: 666, 113: 694, 114: 456, 115: 142, 116: 380, 117: 324, 118: 86, 119: 310, 120: 72, 121: 240, 122: 478, 123: 456, 124: 694, 125: 86, 126: 324, 127: 428, 128: 666, 129: 484, 130: 722, 131: 380, 132: 142, 133: 128, 134: 366, 135: 114, 136: 352, 137: 268, 138: 30, 139: 30, 140: 268, 141: 428, 142: 666, 143: 484, 144: 722, 145: 142, 146: 380, 147: 268, 148: 30, 149: 254, 150: 16, 151: 470, 152: 708, 153: 414, 154: 652, 155: 380, 156: 142, 157: 484, 158: 722, 159: 442, 160: 680, 161: 484, 162: 722, 163: 254, 164: 16, 165: 254, 166: 16, 167: 338, 168: 100, 169: 428, 170: 666, 171: 254, 172: 16, 173: 484, 174: 722, 175: 414, 176: 652, 177: 442, 178: 680, 179: 240, 180: 478, 181: 16, 182: 254, 183: 428, 184: 666, 185: 414, 186: 652, 187: 254, 188: 16, 189: 352, 190: 114, 191: 268, 192: 30, 193: 414, 194: 652, 195: 394, 196: 156, 197: 456, 198: 694, 199: 484, 200: 722}
Number of lables used:  38
Time taken: 1.00 seconds

Trying to find better solution with at most 37 labels...
Solution:
{1: 86, 2: 324, 3: 708, 4: 470, 5: 16, 6: 254, 7: 142, 8: 380, 9: 114, 10: 352, 11: 408, 12: 170, 13: 114, 14: 352, 15: 680, 16: 442, 17: 170, 18: 408, 19: 30, 20: 268, 21: 58, 22: 296, 23: 666, 24: 428, 25: 414, 26: 652, 27: 708, 28: 470, 29: 156, 30: 394, 31: 414, 32: 652, 33: 380, 34: 142, 35: 30, 36: 268, 37: 694, 38: 456, 39: 708, 40: 470, 41: 114, 42: 352, 43: 44, 44: 282, 45: 100, 46: 338, 47: 708, 48: 470, 49: 324, 50: 86, 51: 282, 52: 44, 53: 366, 54: 128, 55: 456, 56: 694, 57: 652, 58: 414, 59: 680, 60: 442, 61: 254, 62: 16, 63: 470, 64: 708, 65: 708, 66: 470, 67: 338, 68: 100, 69: 30, 70: 268, 71: 268, 72: 30, 73: 58, 74: 296, 75: 470, 76: 708, 77: 100, 78: 338, 79: 30, 80: 268, 81: 708, 82: 470, 83: 254, 84: 16, 85: 324, 86: 86, 87: 30, 88: 268, 89: 114, 90: 352, 91: 652, 92: 414, 93: 156, 94: 394, 95: 338, 96: 100, 97: 170, 98: 408, 99: 478, 100: 240, 101: 86, 102: 324, 103: 366, 104: 128, 105: 296, 106: 58, 107: 310, 108: 72, 109: 414, 110: 652, 111: 694, 112: 456, 113: 666, 114: 428, 115: 16, 116: 254, 117: 338, 118: 100, 119: 142, 120: 380, 121: 408, 122: 170, 123: 86, 124: 324, 125: 338, 126: 100, 127: 652, 128: 414, 129: 680, 130: 442, 131: 142, 132: 380, 133: 708, 134: 470, 135: 16, 136: 254, 137: 352, 138: 114, 139: 30, 140: 268, 141: 666, 142: 428, 143: 666, 144: 428, 145: 456, 146: 694, 147: 16, 148: 254, 149: 254, 150: 16, 151: 708, 152: 470, 153: 442, 154: 680, 155: 44, 156: 282, 157: 268, 158: 30, 159: 652, 160: 414, 161: 666, 162: 428, 163: 296, 164: 58, 165: 296, 166: 58, 167: 268, 168: 30, 169: 30, 170: 268, 171: 16, 172: 254, 173: 366, 174: 128, 175: 708, 176: 470, 177: 652, 178: 414, 179: 380, 180: 142, 181: 254, 182: 16, 183: 268, 184: 30, 185: 268, 186: 30, 187: 708, 188: 470, 189: 708, 190: 470, 191: 324, 192: 86, 193: 142, 194: 380, 195: 414, 196: 652, 197: 310, 198: 72, 199: 44, 200: 282}
Number of lables used:  36
Time taken: 1.34 seconds

Trying to find better solution with at most 35 labels...
Solution:
{1: 428, 2: 666, 3: 268, 4: 30, 5: 694, 6: 456, 7: 142, 8: 380, 9: 86, 10: 324, 11: 170, 12: 408, 13: 792, 14: 554, 15: 324, 16: 86, 17: 170, 18: 408, 19: 86, 20: 324, 21: 456, 22: 694, 23: 86, 24: 324, 25: 456, 26: 694, 27: 792, 28: 554, 29: 380, 30: 142, 31: 268, 32: 30, 33: 100, 34: 338, 35: 86, 36: 324, 37: 86, 38: 324, 39: 30, 40: 268, 41: 254, 42: 16, 43: 666, 44: 428, 45: 380, 46: 142, 47: 282, 48: 44, 49: 254, 50: 16, 51: 428, 52: 666, 53: 338, 54: 100, 55: 142, 56: 380, 57: 652, 58: 414, 59: 100, 60: 338, 61: 254, 62: 16, 63: 428, 64: 666, 65: 142, 66: 380, 67: 268, 68: 30, 69: 100, 70: 338, 71: 30, 72: 268, 73: 86, 74: 324, 75: 792, 76: 554, 77: 380, 78: 142, 79: 30, 80: 268, 81: 680, 82: 442, 83: 254, 84: 16, 85: 428, 86: 666, 87: 30, 88: 268, 89: 792, 90: 554, 91: 680, 92: 442, 93: 792, 94: 554, 95: 324, 96: 86, 97: 142, 98: 380, 99: 142, 100: 380, 101: 442, 102: 680, 103: 652, 104: 414, 105: 324, 106: 86, 107: 338, 108: 100, 109: 554, 110: 792, 111: 694, 112: 456, 113: 16, 114: 254, 115: 142, 116: 380, 117: 282, 118: 44, 119: 86, 120: 324, 121: 240, 122: 478, 123: 694, 124: 456, 125: 666, 126: 428, 127: 792, 128: 554, 129: 324, 130: 86, 131: 142, 132: 380, 133: 324, 134: 86, 135: 44, 136: 282, 137: 554, 138: 792, 139: 30, 140: 268, 141: 680, 142: 442, 143: 792, 144: 554, 145: 16, 146: 254, 147: 694, 148: 456, 149: 254, 150: 16, 151: 44, 152: 282, 153: 380, 154: 142, 155: 142, 156: 380, 157: 268, 158: 30, 159: 694, 160: 456, 161: 666, 162: 428, 163: 554, 164: 792, 165: 142, 166: 380, 167: 254, 168: 16, 169: 694, 170: 456, 171: 30, 172: 268, 173: 100, 174: 338, 175: 694, 176: 456, 177: 456, 178: 694, 179: 142, 180: 380, 181: 694, 182: 456, 183: 694, 184: 456, 185: 324, 186: 86, 187: 254, 188: 16, 189: 324, 190: 86, 191: 268, 192: 30, 193: 554, 194: 792, 195: 254, 196: 16, 197: 414, 198: 652, 199: 442, 200: 680}
Number of lables used:  26
Time taken: 1.67 seconds

Trying to find better solution with at most 25 labels...
Solution:
{1: 484, 2: 722, 3: 268, 4: 30, 5: 652, 6: 414, 7: 254, 8: 16, 9: 16, 10: 254, 11: 240, 12: 478, 13: 414, 14: 652, 15: 30, 16: 268, 17: 478, 18: 240, 19: 652, 20: 414, 21: 456, 22: 694, 23: 30, 24: 268, 25: 268, 26: 30, 27: 722, 28: 484, 29: 394, 30: 156, 31: 338, 32: 100, 33: 142, 34: 380, 35: 30, 36: 268, 37: 100, 38: 338, 39: 652, 40: 414, 41: 254, 42: 16, 43: 722, 44: 484, 45: 380, 46: 142, 47: 268, 48: 30, 49: 254, 50: 16, 51: 380, 52: 142, 53: 100, 54: 338, 55: 86, 56: 324, 57: 414, 58: 652, 59: 414, 60: 652, 61: 324, 62: 86, 63: 456, 64: 694, 65: 142, 66: 380, 67: 100, 68: 338, 69: 338, 70: 100, 71: 268, 72: 30, 73: 86, 74: 324, 75: 156, 76: 394, 77: 254, 78: 16, 79: 694, 80: 456, 81: 324, 82: 86, 83: 324, 84: 86, 85: 268, 86: 30, 87: 86, 88: 324, 89: 722, 90: 484, 91: 100, 92: 338, 93: 484, 94: 722, 95: 100, 96: 338, 97: 142, 98: 380, 99: 142, 100: 380, 101: 156, 102: 394, 103: 394, 104: 156, 105: 100, 106: 338, 107: 338, 108: 100, 109: 722, 110: 484, 111: 456, 112: 694, 113: 30, 114: 268, 115: 142, 116: 380, 117: 100, 118: 338, 119: 324, 120: 86, 121: 240, 122: 478, 123: 652, 124: 414, 125: 30, 126: 268, 127: 722, 128: 484, 129: 694, 130: 456, 131: 380, 132: 142, 133: 30, 134: 268, 135: 394, 136: 156, 137: 414, 138: 652, 139: 694, 140: 456, 141: 268, 142: 30, 143: 414, 144: 652, 145: 722, 146: 484, 147: 414, 148: 652, 149: 254, 150: 16, 151: 254, 152: 16, 153: 694, 154: 456, 155: 484, 156: 722, 157: 86, 158: 324, 159: 254, 160: 16, 161: 268, 162: 30, 163: 394, 164: 156, 165: 380, 166: 142, 167: 484, 168: 722, 169: 324, 170: 86, 171: 380, 172: 142, 173: 142, 174: 380, 175: 456, 176: 694, 177: 142, 178: 380, 179: 380, 180: 142, 181: 100, 182: 338, 183: 268, 184: 30, 185: 30, 186: 268, 187: 156, 188: 394, 189: 268, 190: 30, 191: 338, 192: 100, 193: 414, 194: 652, 195: 100, 196: 338, 197: 694, 198: 456, 199: 414, 200: 652}
Number of lables used:  20
Time taken: 2.01 seconds

Trying to find better solution with at most 19 labels...
Solution:
{1: 282, 2: 44, 3: 30, 4: 268, 5: 86, 6: 324, 7: 268, 8: 30, 9: 324, 10: 86, 11: 240, 12: 478, 13: 792, 14: 554, 15: 792, 16: 554, 17: 478, 18: 240, 19: 338, 20: 100, 21: 142, 22: 380, 23: 44, 24: 282, 25: 268, 26: 30, 27: 30, 28: 268, 29: 338, 30: 100, 31: 652, 32: 414, 33: 100, 34: 338, 35: 30, 36: 268, 37: 792, 38: 554, 39: 652, 40: 414, 41: 338, 42: 100, 43: 100, 44: 338, 45: 792, 46: 554, 47: 414, 48: 652, 49: 324, 50: 86, 51: 380, 52: 142, 53: 652, 54: 414, 55: 268, 56: 30, 57: 652, 58: 414, 59: 792, 60: 554, 61: 324, 62: 86, 63: 414, 64: 652, 65: 792, 66: 554, 67: 44, 68: 282, 69: 30, 70: 268, 71: 324, 72: 86, 73: 652, 74: 414, 75: 86, 76: 324, 77: 268, 78: 30, 79: 100, 80: 338, 81: 268, 82: 30, 83: 324, 84: 86, 85: 282, 86: 44, 87: 652, 88: 414, 89: 652, 90: 414, 91: 338, 92: 100, 93: 554, 94: 792, 95: 652, 96: 414, 97: 478, 98: 240, 99: 142, 100: 380, 101: 282, 102: 44, 103: 380, 104: 142, 105: 652, 106: 414, 107: 324, 108: 86, 109: 268, 110: 30, 111: 338, 112: 100, 113: 792, 114: 554, 115: 792, 116: 554, 117: 142, 118: 380, 119: 142, 120: 380, 121: 240, 122: 478, 123: 652, 124: 414, 125: 30, 126: 268, 127: 652, 128: 414, 129: 414, 130: 652, 131: 240, 132: 478, 133: 268, 134: 30, 135: 86, 136: 324, 137: 268, 138: 30, 139: 652, 140: 414, 141: 282, 142: 44, 143: 324, 144: 86, 145: 792, 146: 554, 147: 554, 148: 792, 149: 268, 150: 30, 151: 86, 152: 324, 153: 792, 154: 554, 155: 554, 156: 792, 157: 380, 158: 142, 159: 268, 160: 30, 161: 554, 162: 792, 163: 100, 164: 338, 165: 282, 166: 44, 167: 380, 168: 142, 169: 142, 170: 380, 171: 554, 172: 792, 173: 268, 174: 30, 175: 282, 176: 44, 177: 100, 178: 338, 179: 478, 180: 240, 181: 100, 182: 338, 183: 142, 184: 380, 185: 414, 186: 652, 187: 86, 188: 324, 189: 282, 190: 44, 191: 380, 192: 142, 193: 268, 194: 30, 195: 414, 196: 652, 197: 86, 198: 324, 199: 142, 200: 380}
Number of lables used:  16
Time taken: 2.35 seconds

Trying to find better solution with at most 15 labels...
Solution:
{1: 30, 2: 268, 3: 30, 4: 268, 5: 792, 6: 554, 7: 268, 8: 30, 9: 296, 10: 58, 11: 478, 12: 240, 13: 792, 14: 554, 15: 792, 16: 554, 17: 478, 18: 240, 19: 554, 20: 792, 21: 142, 22: 380, 23: 380, 24: 142, 25: 554, 26: 792, 27: 30, 28: 268, 29: 750, 30: 512, 31: 268, 32: 30, 33: 30, 34: 268, 35: 750, 36: 512, 37: 142, 38: 380, 39: 30, 40: 268, 41: 296, 42: 58, 43: 750, 44: 512, 45: 666, 46: 428, 47: 428, 48: 666, 49: 30, 50: 268, 51: 666, 52: 428, 53: 380, 54: 142, 55: 750, 56: 512, 57: 792, 58: 554, 59: 512, 60: 750, 61: 296, 62: 58, 63: 512, 64: 750, 65: 792, 66: 554, 67: 380, 68: 142, 69: 30, 70: 268, 71: 792, 72: 554, 73: 666, 74: 428, 75: 554, 76: 792, 77: 58, 78: 296, 79: 58, 80: 296, 81: 296, 82: 58, 83: 512, 84: 750, 85: 512, 86: 750, 87: 666, 88: 428, 89: 666, 90: 428, 91: 750, 92: 512, 93: 296, 94: 58, 95: 666, 96: 428, 97: 380, 98: 142, 99: 142, 100: 380, 101: 512, 102: 750, 103: 792, 104: 554, 105: 512, 106: 750, 107: 58, 108: 296, 109: 512, 110: 750, 111: 30, 112: 268, 113: 666, 114: 428, 115: 792, 116: 554, 117: 512, 118: 750, 119: 750, 120: 512, 121: 240, 122: 478, 123: 268, 124: 30, 125: 428, 126: 666, 127: 666, 128: 428, 129: 792, 130: 554, 131: 240, 132: 478, 133: 268, 134: 30, 135: 268, 136: 30, 137: 554, 138: 792, 139: 58, 140: 296, 141: 142, 142: 380, 143: 750, 144: 512, 145: 792, 146: 554, 147: 58, 148: 296, 149: 380, 150: 142, 151: 792, 152: 554, 153: 792, 154: 554, 155: 58, 156: 296, 157: 428, 158: 666, 159: 666, 160: 428, 161: 428, 162: 666, 163: 380, 164: 142, 165: 380, 166: 142, 167: 58, 168: 296, 169: 380, 170: 142, 171: 380, 172: 142, 173: 666, 174: 428, 175: 792, 176: 554, 177: 142, 178: 380, 179: 380, 180: 142, 181: 142, 182: 380, 183: 750, 184: 512, 185: 296, 186: 58, 187: 58, 188: 296, 189: 428, 190: 666, 191: 58, 192: 296, 193: 268, 194: 30, 195: 380, 196: 142, 197: 428, 198: 666, 199: 792, 200: 554}
Number of lables used:  14
Time taken: 2.74 seconds

Trying to find better solution with at most 13 labels...
Cannot find solution.
Optimal solution found with 14 labels.
Total time: 4.57 seconds
[runlim] end:			Mon Mar 23 19:24:50 2026
[runlim] status:		ok
[runlim] result:		0
[runlim] children:		1
[runlim] processes:		2
[runlim] real:			4.62 seconds
[runlim] time:			4.59 seconds
[runlim] space:			79 MB
[runlim] load:			1.08 maximum
[runlim] samples:		47
