[runlim] version:		2.0.0rc12
[runlim] host:			ap-Precision-7550
[runlim] time limit:		311040000 seconds
[runlim] real time limit:	600 seconds
[runlim] space limit:		14000 MB
[runlim] argv[0]:		python3
[runlim] argv[1]:		cp.py
[runlim] argv[2]:		scen03
[runlim] start:			Wed Mar 25 03:16:49 2026
[runlim] child:			68491
--- Building model for 400 variables ---
--- Solving with CP Optimizer (Integer Mode) ---
 ! --------------------------------------------------- CP Optimizer 22.1.1.0 --
 ! Minimization problem - 400 variables, 2760 constraints
 ! LogVerbosity         = Terse
 ! Initial process time : 0.02s (0.02s extraction + 0.00s propagation)
 !  . Log search space  : 2117.3 (before), 2117.3 (after)
 !  . Memory usage      : 1.5 MB (before), 1.5 MB (after)
 ! Using parallel search with 12 workers.
 ! ----------------------------------------------------------------------------
 !          Best Branches  Non-fixed    W       Branch decision
                        0        400                 -
 + New bound is 0
                        0        400                 -
 + New bound is 1
                        2        400    1   F   142 != node_577
 + New bound is 2
 *            34      214  0.13s        1      (gap is 94.12%)
 *            32      250  0.13s        3      (gap is 93.75%)
 *            30      711  0.13s        3      (gap is 93.33%)
 *            26     1087  0.23s        1      (gap is 92.31%)
 *            24     2109  0.29s        5      (gap is 91.67%)
 *            22     3718  0.33s        3      (gap is 90.91%)
 *            20     4221  0.37s        3      (gap is 90.00%)
 *            18     8192  0.53s        9      (gap is 88.89%)
 *            16    11571  0.67s        1      (gap is 87.50%)
 *            14    20395  1.99s        2      (gap is 85.71%)
              14    88502        348    7   F   764 != node_401
 + New bound is 3 (gap is 78.57%)
[runlim] sample:		74.04 time, 10.02 real, 178 MB, 1.93 load
[runlim] sample:		158.89 time, 20.01 real, 183 MB, 3.48 load
[runlim] sample:		237.27 time, 30.01 real, 186 MB, 3.84 load
[runlim] sample:		312.81 time, 40.02 real, 187 MB, 5.10 load
[runlim] sample:		391.72 time, 50.02 real, 189 MB, 5.99 load
[runlim] sample:		475.12 time, 60.01 real, 189 MB, 6.84 load
[runlim] sample:		560.88 time, 70.01 real, 190 MB, 7.19 load
[runlim] sample:		638.62 time, 80.01 real, 191 MB, 7.45 load
[runlim] sample:		717.98 time, 90.02 real, 191 MB, 7.50 load
[runlim] sample:		798.17 time, 100.02 real, 191 MB, 8.19 load
[runlim] sample:		875.09 time, 110.01 real, 192 MB, 7.24 load
[runlim] sample:		953.65 time, 120.01 real, 192 MB, 7.97 load
[runlim] sample:		1041.89 time, 130.01 real, 194 MB, 8.59 load
[runlim] sample:		1120.01 time, 140.01 real, 195 MB, 8.90 load
[runlim] sample:		1199.01 time, 150.02 real, 195 MB, 8.72 load
[runlim] sample:		1276.08 time, 160.02 real, 195 MB, 8.35 load
[runlim] sample:		1358.76 time, 170.01 real, 196 MB, 8.10 load
[runlim] sample:		1441.22 time, 180.01 real, 196 MB, 8.25 load
[runlim] sample:		1521.74 time, 190.01 real, 198 MB, 8.10 load
[runlim] sample:		1596.52 time, 200.01 real, 199 MB, 8.78 load
[runlim] sample:		1677.72 time, 210.01 real, 199 MB, 9.13 load
[runlim] sample:		1760.40 time, 220.01 real, 199 MB, 8.76 load
[runlim] sample:		1839.29 time, 230.01 real, 201 MB, 8.62 load
[runlim] sample:		1917.62 time, 240.01 real, 201 MB, 8.33 load
[runlim] sample:		1993.66 time, 250.01 real, 202 MB, 7.94 load
[runlim] sample:		2072.35 time, 260.01 real, 202 MB, 7.61 load
[runlim] sample:		2149.28 time, 270.02 real, 202 MB, 8.13 load
[runlim] sample:		2227.03 time, 280.01 real, 202 MB, 7.75 load
[runlim] sample:		2308.86 time, 290.01 real, 203 MB, 8.40 load
[runlim] sample:		2392.87 time, 300.01 real, 204 MB, 8.80 load
[runlim] sample:		2476.49 time, 310.01 real, 205 MB, 9.22 load
[runlim] sample:		2554.18 time, 320.02 real, 205 MB, 9.49 load
[runlim] sample:		2633.05 time, 330.01 real, 205 MB, 9.66 load
[runlim] sample:		2707.83 time, 340.01 real, 205 MB, 10.02 load
[runlim] sample:		2784.58 time, 350.02 real, 205 MB, 9.18 load
[runlim] sample:		2861.01 time, 360.01 real, 206 MB, 9.62 load
[runlim] sample:		2936.48 time, 370.01 real, 206 MB, 9.98 load
[runlim] sample:		3013.55 time, 380.01 real, 207 MB, 9.49 load
[runlim] sample:		3095.98 time, 390.01 real, 208 MB, 9.87 load
[runlim] sample:		3177.46 time, 400.01 real, 209 MB, 10.20 load
[runlim] sample:		3258.91 time, 410.02 real, 209 MB, 10.48 load
[runlim] sample:		3343.78 time, 420.01 real, 209 MB, 10.79 load
[runlim] sample:		3419.78 time, 430.01 real, 209 MB, 10.30 load
[runlim] sample:		3492.20 time, 440.02 real, 209 MB, 10.56 load
[runlim] sample:		3567.19 time, 450.01 real, 210 MB, 9.99 load
[runlim] sample:		3641.57 time, 460.01 real, 210 MB, 9.48 load
[runlim] sample:		3718.26 time, 470.01 real, 210 MB, 8.26 load
[runlim] sample:		3795.26 time, 480.01 real, 210 MB, 8.37 load
[runlim] sample:		3873.20 time, 490.01 real, 210 MB, 8.85 load
[runlim] sample:		3955.68 time, 500.01 real, 210 MB, 8.89 load
[runlim] sample:		4035.34 time, 510.01 real, 211 MB, 9.45 load
[runlim] sample:		4116.17 time, 520.01 real, 211 MB, 9.84 load
[runlim] sample:		4199.07 time, 530.01 real, 211 MB, 10.25 load
[runlim] sample:		4285.49 time, 540.01 real, 211 MB, 10.20 load
[runlim] sample:		4365.73 time, 550.01 real, 212 MB, 9.11 load
[runlim] sample:		4445.91 time, 560.01 real, 212 MB, 9.55 load
[runlim] sample:		4523.65 time, 570.01 real, 212 MB, 9.93 load
[runlim] sample:		4601.28 time, 580.02 real, 212 MB, 10.48 load
[runlim] sample:		4679.09 time, 590.01 real, 212 MB, 9.98 load
[runlim] sample:		4752.78 time, 600.01 real, 213 MB, 10.75 load
[runlim] end:			Wed Mar 25 03:26:50 2026
[runlim] status:		out of time
[runlim] result:		2
[runlim] children:		2
[runlim] processes:		3
[runlim] real:			601.07 seconds
[runlim] time:			4752.78 seconds
[runlim] space:			213 MB
[runlim] load:			10.79 maximum
[runlim] samples:		6000
