[runlim] version:		2.0.0rc12
[runlim] host:			ap-Precision-7550
[runlim] time limit:		311040000 seconds
[runlim] real time limit:	600 seconds
[runlim] space limit:		14000 MB
[runlim] argv[0]:		python3
[runlim] argv[1]:		cp.py
[runlim] argv[2]:		TUD916.5
[runlim] start:			Wed Mar 25 04:24:06 2026
[runlim] child:			70039
Warning: variable 41 has no valid labels after preprocessing.
Cannot find solution!
Time taken: 0.26 seconds
Memory used: 23.15 MB
[runlim] end:			Wed Mar 25 04:24:06 2026
[runlim] status:		ok
[runlim] result:		0
[runlim] children:		1
[runlim] processes:		2
[runlim] real:			0.33 seconds
[runlim] time:			0.30 seconds
[runlim] space:			23 MB
[runlim] load:			8.08 maximum
[runlim] samples:		4
