[runlim] version:		1.10
[runlim] time limit:		311040000 seconds
[runlim] real time limit:	600 seconds
[runlim] space limit:		14000 MB
[runlim] argv[0]:		python3
[runlim] argv[1]:		-u
[runlim] argv[2]:		no_preprocessing.py
[runlim] argv[3]:		graph13
[runlim] argv[4]:		tot
[runlim] argv[5]:		assumptions
[runlim] argv[6]:		cadical195
[runlim] start:			Thu Mar 12 00:22:51 2026
[runlim] main pid:		16628
Solve first problem:
Cannot find solution.
Time taken: 0.74 seconds
Memory used: 64.41 MB
[runlim] end:			Thu Mar 12 00:22:52 2026
[runlim] status:		ok
[runlim] result:		0
[runlim] children:		0
[runlim] real:			1.43 seconds
[runlim] time:			0.69 seconds
[runlim] space:			66.5 MB
[runlim] samples:		7
