[runlim] version:		2.0.0rc12
[runlim] host:			ap-Precision-7550
[runlim] time limit:		311040000 seconds
[runlim] real time limit:	600 seconds
[runlim] space limit:		14000 MB
[runlim] argv[0]:		python3
[runlim] argv[1]:		-u
[runlim] argv[2]:		main.py
[runlim] argv[3]:		graph04
[runlim] start:			Tue Mar 24 21:54:37 2026
[runlim] child:			65222
Building Gurobi model...
Set parameter WLSAccessID
Set parameter WLSSecret
Set parameter LicenseID to value 2663665
Academic license 2663665 - for non-commercial use only - registered to tu___@vnu.edu.vn
Build time used: 7.19 sec
Solving...
[runlim] sample:		13.69 time, 10.01 real, 536 MB, 1.11 load
[runlim] sample:		61.10 time, 20.02 real, 1021 MB, 1.71 load
[runlim] sample:		111.24 time, 30.02 real, 1158 MB, 2.21 load
[runlim] sample:		161.37 time, 40.02 real, 1160 MB, 2.64 load
[runlim] sample:		211.51 time, 50.02 real, 1140 MB, 3.01 load
[runlim] sample:		256.37 time, 60.01 real, 969 MB, 3.15 load
[runlim] sample:		276.62 time, 70.01 real, 973 MB, 2.97 load
[runlim] sample:		303.48 time, 80.02 real, 1282 MB, 3.14 load
[runlim] sample:		353.62 time, 90.02 real, 1348 MB, 3.43 load
[runlim] sample:		403.75 time, 100.02 real, 1349 MB, 3.67 load
[runlim] sample:		453.87 time, 110.02 real, 1502 MB, 3.87 load
[runlim] sample:		504.02 time, 120.02 real, 1531 MB, 4.13 load
[runlim] sample:		554.16 time, 130.02 real, 1533 MB, 4.34 load
[runlim] sample:		604.29 time, 140.02 real, 1676 MB, 4.44 load
[runlim] sample:		654.42 time, 150.02 real, 1697 MB, 4.52 load
[runlim] sample:		704.55 time, 160.01 real, 1693 MB, 4.75 load
[runlim] sample:		750.71 time, 170.01 real, 1777 MB, 4.70 load
[runlim] sample:		790.89 time, 180.01 real, 1778 MB, 4.60 load
[runlim] sample:		831.07 time, 190.01 real, 1780 MB, 4.58 load
[runlim] sample:		871.24 time, 200.01 real, 1787 MB, 4.49 load
[runlim] sample:		911.41 time, 210.01 real, 1786 MB, 4.42 load
[runlim] sample:		951.60 time, 220.01 real, 1786 MB, 4.35 load
[runlim] sample:		991.80 time, 230.01 real, 1803 MB, 4.30 load
[runlim] sample:		1031.98 time, 240.01 real, 1804 MB, 4.25 load
[runlim] sample:		1072.16 time, 250.01 real, 1794 MB, 4.21 load
[runlim] sample:		1112.35 time, 260.01 real, 1794 MB, 4.18 load
[runlim] sample:		1152.57 time, 270.01 real, 1795 MB, 4.15 load
[runlim] sample:		1192.76 time, 280.01 real, 1795 MB, 4.36 load
[runlim] sample:		1232.97 time, 290.01 real, 1795 MB, 4.46 load
[runlim] sample:		1273.18 time, 300.01 real, 1795 MB, 4.39 load
[runlim] sample:		1313.38 time, 310.01 real, 1795 MB, 4.33 load
[runlim] sample:		1353.60 time, 320.01 real, 1796 MB, 4.27 load
[runlim] sample:		1393.80 time, 330.01 real, 1796 MB, 4.23 load
[runlim] sample:		1434.02 time, 340.01 real, 1896 MB, 4.20 load
[runlim] sample:		1474.24 time, 350.01 real, 1898 MB, 4.17 load
[runlim] sample:		1514.43 time, 360.01 real, 1899 MB, 4.14 load
[runlim] sample:		1554.62 time, 370.01 real, 1899 MB, 4.12 load
[runlim] sample:		1594.81 time, 380.01 real, 1899 MB, 4.10 load
[runlim] sample:		1635.02 time, 390.01 real, 1898 MB, 4.08 load
[runlim] sample:		1675.21 time, 400.01 real, 1899 MB, 4.22 load
[runlim] sample:		1715.41 time, 410.01 real, 1899 MB, 4.18 load
[runlim] sample:		1755.61 time, 420.01 real, 1899 MB, 4.16 load
[runlim] sample:		1795.81 time, 430.01 real, 1900 MB, 4.28 load
[runlim] sample:		1836.01 time, 440.01 real, 1900 MB, 4.24 load
[runlim] sample:		1876.22 time, 450.01 real, 1901 MB, 4.20 load
{1: 470, 2: 708, 3: 792, 4: 554, 5: 254, 6: 16, 7: 442, 8: 680, 9: 512, 10: 750, 11: 554, 12: 792, 13: 526, 14: 764, 15: 512, 16: 750, 17: 414, 18: 652, 19: 268, 20: 30, 21: 414, 22: 652, 23: 338, 24: 100, 25: 268, 26: 30, 27: 338, 28: 100, 29: 526, 30: 764, 31: 456, 32: 694, 33: 268, 34: 30, 35: 526, 36: 764, 37: 394, 38: 156, 39: 268, 40: 30, 41: 268, 42: 30, 43: 442, 44: 680, 45: 540, 46: 778, 47: 442, 48: 680, 49: 324, 50: 86, 51: 442, 52: 680, 53: 268, 54: 30, 55: 540, 56: 778, 57: 414, 58: 652, 59: 470, 60: 708, 61: 540, 62: 778, 63: 526, 64: 764, 65: 352, 66: 114, 67: 456, 68: 694, 69: 254, 70: 16, 71: 310, 72: 72, 73: 456, 74: 694, 75: 554, 76: 792, 77: 554, 78: 792, 79: 456, 80: 694, 81: 254, 82: 16, 83: 428, 84: 666, 85: 338, 86: 100, 87: 394, 88: 156, 89: 394, 90: 156, 91: 414, 92: 652, 93: 512, 94: 750, 95: 254, 96: 16, 97: 282, 98: 44, 99: 540, 100: 778, 101: 414, 102: 652, 103: 414, 104: 652, 105: 324, 106: 86, 107: 554, 108: 792, 109: 282, 110: 44, 111: 554, 112: 792, 113: 512, 114: 750, 115: 268, 116: 30, 117: 414, 118: 652, 119: 338, 120: 100, 121: 338, 122: 100, 123: 526, 124: 764, 125: 554, 126: 792, 127: 414, 128: 652, 129: 366, 130: 128, 131: 456, 132: 694, 133: 394, 134: 156, 135: 310, 136: 72, 137: 498, 138: 736, 139: 554, 140: 792, 141: 254, 142: 16, 143: 470, 144: 708, 145: 380, 146: 142, 147: 414, 148: 652, 149: 442, 150: 680, 151: 456, 152: 694, 153: 414, 154: 652, 155: 554, 156: 792, 157: 554, 158: 792, 159: 484, 160: 722, 161: 268, 162: 30, 163: 254, 164: 16, 165: 352, 166: 114, 167: 366, 168: 128, 169: 268, 170: 30, 171: 268, 172: 30, 173: 296, 174: 58, 175: 498, 176: 736, 177: 414, 178: 652, 179: 498, 180: 736, 181: 352, 182: 114, 183: 394, 184: 156, 185: 324, 186: 86, 187: 352, 188: 114, 189: 414, 190: 652, 191: 526, 192: 764, 193: 526, 194: 764, 195: 456, 196: 694, 197: 268, 198: 30, 199: 540, 200: 778, 201: 310, 202: 72, 203: 428, 204: 666, 205: 456, 206: 694, 207: 484, 208: 722, 209: 470, 210: 708, 211: 310, 212: 72, 213: 512, 214: 750, 215: 512, 216: 750, 217: 512, 218: 750, 219: 268, 220: 30, 221: 310, 222: 72, 223: 512, 224: 750, 225: 526, 226: 764, 227: 526, 228: 764, 229: 442, 230: 680, 231: 428, 232: 666, 233: 310, 234: 72, 235: 526, 236: 764, 237: 442, 238: 680, 239: 484, 240: 722, 241: 414, 242: 652, 243: 352, 244: 114, 245: 512, 246: 750, 247: 470, 248: 708, 249: 778, 250: 540, 251: 554, 252: 792, 253: 366, 254: 128, 255: 554, 256: 792, 257: 484, 258: 722, 259: 254, 260: 16, 261: 414, 262: 652, 263: 380, 264: 142, 265: 268, 266: 30, 267: 254, 268: 16, 269: 254, 270: 16, 271: 456, 272: 694, 273: 484, 274: 722, 275: 484, 276: 722, 277: 484, 278: 722, 279: 414, 280: 652, 281: 554, 282: 792, 283: 498, 284: 736, 285: 352, 286: 114, 287: 268, 288: 30, 289: 470, 290: 708, 291: 554, 292: 792, 293: 268, 294: 30, 295: 414, 296: 652, 297: 512, 298: 750, 299: 428, 300: 666, 301: 296, 302: 58, 303: 484, 304: 722, 305: 470, 306: 708, 307: 540, 308: 778, 309: 442, 310: 680, 311: 456, 312: 694, 313: 526, 314: 764, 315: 296, 316: 58, 317: 414, 318: 652, 319: 414, 320: 652, 321: 484, 322: 722, 323: 268, 324: 30, 325: 484, 326: 722, 327: 268, 328: 30, 329: 498, 330: 736, 331: 428, 332: 666, 333: 16, 334: 254, 335: 254, 336: 16, 337: 352, 338: 114, 339: 498, 340: 736, 341: 526, 342: 764, 343: 526, 344: 764, 345: 414, 346: 652, 347: 428, 348: 666, 349: 554, 350: 792, 351: 428, 352: 666, 353: 456, 354: 694, 355: 428, 356: 666, 357: 414, 358: 652, 359: 352, 360: 114, 361: 268, 362: 30, 363: 484, 364: 722, 365: 338, 366: 100, 367: 352, 368: 114, 369: 414, 370: 652, 371: 428, 372: 666, 373: 428, 374: 666, 375: 366, 376: 128, 377: 526, 378: 764, 379: 338, 380: 100, 381: 442, 382: 680, 383: 338, 384: 100, 385: 540, 386: 778, 387: 498, 388: 736, 389: 380, 390: 142, 391: 414, 392: 652, 393: 554, 394: 792, 395: 554, 396: 792, 397: 414, 398: 652, 399: 428, 400: 666}

Number of labels used: 44
Total time used: 450.44 sec
Memory used: 1902.94 MB
================================
[runlim] sample:		1916.41 time, 460.01 real, 1924 MB, 4.17 load
[runlim] sample:		1956.60 time, 470.01 real, 1944 MB, 4.14 load
[runlim] sample:		1996.80 time, 480.01 real, 1935 MB, 4.12 load
[runlim] sample:		2036.99 time, 490.01 real, 1935 MB, 4.10 load
[runlim] sample:		2077.18 time, 500.01 real, 1928 MB, 4.08 load
[runlim] sample:		2112.29 time, 510.01 real, 1931 MB, 3.99 load
[runlim] sample:		2130.97 time, 520.01 real, 1819 MB, 3.53 load
[runlim] sample:		2141.17 time, 530.01 real, 1819 MB, 3.14 load
[runlim] sample:		2151.35 time, 540.01 real, 1819 MB, 2.81 load
[runlim] sample:		2161.52 time, 550.01 real, 1819 MB, 2.53 load
[runlim] sample:		2171.69 time, 560.01 real, 1820 MB, 2.30 load
[runlim] sample:		2181.87 time, 570.01 real, 1821 MB, 2.10 load
[runlim] sample:		2196.15 time, 580.01 real, 1820 MB, 1.93 load
[runlim] sample:		2206.32 time, 590.01 real, 1864 MB, 1.78 load
[runlim] sample:		2216.46 time, 600.01 real, 1869 MB, 1.66 load
[runlim] end:			Tue Mar 24 22:04:38 2026
[runlim] status:		out of time
[runlim] result:		2
[runlim] children:		1
[runlim] processes:		2
[runlim] real:			601.06 seconds
[runlim] time:			2216.46 seconds
[runlim] space:			1951 MB
[runlim] load:			4.77 maximum
[runlim] samples:		6000
