[runlim] version:		2.0.0rc12
[runlim] host:			ap-Precision-7550
[runlim] time limit:		311040000 seconds
[runlim] real time limit:	600 seconds
[runlim] space limit:		14000 MB
[runlim] argv[0]:		python3
[runlim] argv[1]:		-u
[runlim] argv[2]:		main.py
[runlim] argv[3]:		graph06
[runlim] start:			Tue Mar 24 22:04:38 2026
[runlim] child:			65273
Building Gurobi model...
Set parameter WLSAccessID
Set parameter WLSSecret
Set parameter LicenseID to value 2663665
Academic license 2663665 - for non-commercial use only - registered to tu___@vnu.edu.vn
Build time used: 2.51 sec
Solving...
No solution found.
Total time used: 2.60 sec
Memory used: 160.48 MB
[runlim] end:			Tue Mar 24 22:04:41 2026
[runlim] status:		ok
[runlim] result:		0
[runlim] children:		1
[runlim] processes:		2
[runlim] real:			2.73 seconds
[runlim] time:			2.70 seconds
[runlim] space:			206 MB
[runlim] load:			1.66 maximum
[runlim] samples:		28
