[runlim] version:		2.0.0rc12
[runlim] host:			ap-Precision-7550
[runlim] time limit:		311040000 seconds
[runlim] real time limit:	600 seconds
[runlim] space limit:		14000 MB
[runlim] argv[0]:		python3
[runlim] argv[1]:		-u
[runlim] argv[2]:		main.py
[runlim] argv[3]:		scen08
[runlim] start:			Tue Mar 24 22:15:12 2026
[runlim] child:			65932
Building Gurobi model...
Set parameter WLSAccessID
Set parameter WLSSecret
Set parameter LicenseID to value 2663665
Academic license 2663665 - for non-commercial use only - registered to tu___@vnu.edu.vn
Build time used: 8.55 sec
Solving...
[runlim] sample:		10.84 time, 10.01 real, 657 MB, 1.05 load
No solution found.
Total time used: 10.64 sec
Memory used: 658.32 MB
[runlim] end:			Tue Mar 24 22:15:23 2026
[runlim] status:		ok
[runlim] result:		0
[runlim] children:		1
[runlim] processes:		2
[runlim] real:			10.93 seconds
[runlim] time:			14.81 seconds
[runlim] space:			745 MB
[runlim] load:			1.06 maximum
[runlim] samples:		110
