[runlim] version:		2.0.0rc12
[runlim] host:			ap-Precision-7550
[runlim] time limit:		311040000 seconds
[runlim] real time limit:	600 seconds
[runlim] space limit:		14000 MB
[runlim] argv[0]:		python3
[runlim] argv[1]:		-u
[runlim] argv[2]:		main.py
[runlim] argv[3]:		TUD200.3
[runlim] start:			Mon Mar 23 20:46:30 2026
[runlim] child:			12793
Building Gurobi model...
Set parameter WLSAccessID
Set parameter WLSSecret
Set parameter LicenseID to value 2663665
Academic license 2663665 - for non-commercial use only - registered to tu___@vnu.edu.vn
Build time used: 1.22 sec
Solving...
{1: 296, 2: 58, 3: 352, 4: 114, 5: 58, 6: 296, 7: 680, 8: 442, 9: 324, 10: 86, 11: 142, 12: 380, 13: 58, 14: 296, 15: 86, 16: 324, 17: 240, 18: 478, 19: 142, 20: 380, 21: 30, 22: 268, 23: 282, 24: 44, 25: 414, 26: 652, 27: 652, 28: 414, 29: 30, 30: 268, 31: 442, 32: 680, 33: 128, 34: 366, 35: 114, 36: 352, 37: 694, 38: 456, 39: 282, 40: 44, 41: 58, 42: 296, 43: 44, 44: 282, 45: 750, 46: 512, 47: 554, 48: 792, 49: 324, 50: 86, 51: 708, 52: 470, 53: 484, 54: 722, 55: 694, 56: 456, 57: 142, 58: 380, 59: 310, 60: 72, 61: 310, 62: 72, 63: 666, 64: 428, 65: 736, 66: 498, 67: 428, 68: 666, 69: 72, 70: 310, 71: 58, 72: 296, 73: 708, 74: 470, 75: 86, 76: 324, 77: 310, 78: 72, 79: 86, 80: 324, 81: 652, 82: 414, 83: 540, 84: 778, 85: 282, 86: 44, 87: 380, 88: 142, 89: 526, 90: 764, 91: 428, 92: 666, 93: 72, 94: 310, 95: 296, 96: 58, 97: 142, 98: 380, 99: 142, 100: 380, 101: 652, 102: 414, 103: 736, 104: 498, 105: 792, 106: 554, 107: 128, 108: 366, 109: 414, 110: 652, 111: 30, 112: 268, 113: 44, 114: 282, 115: 652, 116: 414, 117: 470, 118: 708, 119: 86, 120: 324, 121: 240, 122: 478, 123: 736, 124: 498, 125: 442, 126: 680, 127: 694, 128: 456, 129: 792, 130: 554, 131: 380, 132: 142, 133: 442, 134: 680, 135: 778, 136: 540, 137: 792, 138: 554, 139: 128, 140: 366, 141: 380, 142: 142, 143: 554, 144: 792, 145: 792, 146: 554, 147: 526, 148: 764, 149: 540, 150: 778, 151: 128, 152: 366, 153: 142, 154: 380, 155: 428, 156: 666, 157: 100, 158: 338, 159: 30, 160: 268, 161: 736, 162: 498, 163: 540, 164: 778, 165: 30, 166: 268, 167: 114, 168: 352, 169: 470, 170: 708, 171: 30, 172: 268, 173: 694, 174: 456, 175: 694, 176: 456, 177: 254, 178: 16, 179: 478, 180: 240, 181: 16, 182: 254, 183: 380, 184: 142, 185: 456, 186: 694, 187: 58, 188: 296, 189: 736, 190: 498, 191: 778, 192: 540, 193: 394, 194: 156, 195: 540, 196: 778, 197: 296, 198: 58, 199: 16, 200: 254}

Number of labels used: 46
Total time used: 5.42 sec
Memory used: 288.69 MB
================================
{1: 736, 2: 498, 3: 554, 4: 792, 5: 16, 6: 254, 7: 414, 8: 652, 9: 652, 10: 414, 11: 478, 12: 240, 13: 792, 14: 554, 15: 736, 16: 498, 17: 170, 18: 408, 19: 792, 20: 554, 21: 72, 22: 310, 23: 554, 24: 792, 25: 380, 26: 142, 27: 554, 28: 792, 29: 428, 30: 666, 31: 282, 32: 44, 33: 30, 34: 268, 35: 456, 36: 694, 37: 694, 38: 456, 39: 30, 40: 268, 41: 16, 42: 254, 43: 44, 44: 282, 45: 694, 46: 456, 47: 792, 48: 554, 49: 792, 50: 554, 51: 380, 52: 142, 53: 30, 54: 268, 55: 792, 56: 554, 57: 652, 58: 414, 59: 652, 60: 414, 61: 254, 62: 16, 63: 428, 64: 666, 65: 142, 66: 380, 67: 268, 68: 30, 69: 268, 70: 30, 71: 792, 72: 554, 73: 792, 74: 554, 75: 100, 76: 338, 77: 16, 78: 254, 79: 30, 80: 268, 81: 16, 82: 254, 83: 428, 84: 666, 85: 456, 86: 694, 87: 30, 88: 268, 89: 554, 90: 792, 91: 72, 92: 310, 93: 380, 94: 142, 95: 380, 96: 142, 97: 170, 98: 408, 99: 142, 100: 380, 101: 652, 102: 414, 103: 456, 104: 694, 105: 652, 106: 414, 107: 414, 108: 652, 109: 554, 110: 792, 111: 142, 112: 380, 113: 554, 114: 792, 115: 16, 116: 254, 117: 456, 118: 694, 119: 380, 120: 142, 121: 240, 122: 478, 123: 72, 124: 310, 125: 456, 126: 694, 127: 694, 128: 456, 129: 792, 130: 554, 131: 380, 132: 142, 133: 380, 134: 142, 135: 268, 136: 30, 137: 736, 138: 498, 139: 792, 140: 554, 141: 380, 142: 142, 143: 554, 144: 792, 145: 792, 146: 554, 147: 652, 148: 414, 149: 254, 150: 16, 151: 792, 152: 554, 153: 736, 154: 498, 155: 414, 156: 652, 157: 30, 158: 268, 159: 16, 160: 254, 161: 456, 162: 694, 163: 114, 164: 352, 165: 16, 166: 254, 167: 30, 168: 268, 169: 338, 170: 100, 171: 254, 172: 16, 173: 380, 174: 142, 175: 428, 176: 666, 177: 16, 178: 254, 179: 478, 180: 240, 181: 16, 182: 254, 183: 666, 184: 428, 185: 310, 186: 72, 187: 30, 188: 268, 189: 456, 190: 694, 191: 268, 192: 30, 193: 128, 194: 366, 195: 254, 196: 16, 197: 456, 198: 694, 199: 142, 200: 380}

Number of labels used: 30
Total time used: 5.44 sec
Memory used: 289.28 MB
================================
{1: 30, 2: 268, 3: 554, 4: 792, 5: 16, 6: 254, 7: 414, 8: 652, 9: 652, 10: 414, 11: 478, 12: 240, 13: 792, 14: 554, 15: 554, 16: 792, 17: 170, 18: 408, 19: 792, 20: 554, 21: 30, 22: 268, 23: 554, 24: 792, 25: 554, 26: 792, 27: 792, 28: 554, 29: 456, 30: 694, 31: 380, 32: 142, 33: 30, 34: 268, 35: 380, 36: 142, 37: 694, 38: 456, 39: 30, 40: 268, 41: 16, 42: 254, 43: 44, 44: 282, 45: 694, 46: 456, 47: 456, 48: 694, 49: 792, 50: 554, 51: 380, 52: 142, 53: 30, 54: 268, 55: 792, 56: 554, 57: 652, 58: 414, 59: 456, 60: 694, 61: 254, 62: 16, 63: 414, 64: 652, 65: 142, 66: 380, 67: 268, 68: 30, 69: 268, 70: 30, 71: 792, 72: 554, 73: 792, 74: 554, 75: 792, 76: 554, 77: 16, 78: 254, 79: 30, 80: 268, 81: 16, 82: 254, 83: 414, 84: 652, 85: 456, 86: 694, 87: 694, 88: 456, 89: 554, 90: 792, 91: 72, 92: 310, 93: 380, 94: 142, 95: 380, 96: 142, 97: 170, 98: 408, 99: 142, 100: 380, 101: 652, 102: 414, 103: 380, 104: 142, 105: 652, 106: 414, 107: 414, 108: 652, 109: 554, 110: 792, 111: 310, 112: 72, 113: 694, 114: 456, 115: 792, 116: 554, 117: 456, 118: 694, 119: 380, 120: 142, 121: 240, 122: 478, 123: 72, 124: 310, 125: 456, 126: 694, 127: 694, 128: 456, 129: 792, 130: 554, 131: 380, 132: 142, 133: 380, 134: 142, 135: 268, 136: 30, 137: 792, 138: 554, 139: 142, 140: 380, 141: 380, 142: 142, 143: 554, 144: 792, 145: 792, 146: 554, 147: 652, 148: 414, 149: 254, 150: 16, 151: 792, 152: 554, 153: 694, 154: 456, 155: 414, 156: 652, 157: 30, 158: 268, 159: 16, 160: 254, 161: 456, 162: 694, 163: 310, 164: 72, 165: 16, 166: 254, 167: 30, 168: 268, 169: 380, 170: 142, 171: 254, 172: 16, 173: 380, 174: 142, 175: 428, 176: 666, 177: 16, 178: 254, 179: 478, 180: 240, 181: 16, 182: 254, 183: 666, 184: 428, 185: 310, 186: 72, 187: 30, 188: 268, 189: 456, 190: 694, 191: 268, 192: 30, 193: 380, 194: 142, 195: 254, 196: 16, 197: 456, 198: 694, 199: 142, 200: 380}

Number of labels used: 22
Total time used: 5.49 sec
Memory used: 293.04 MB
================================
{1: 456, 2: 694, 3: 554, 4: 792, 5: 86, 6: 324, 7: 268, 8: 30, 9: 652, 10: 414, 11: 478, 12: 240, 13: 792, 14: 554, 15: 554, 16: 792, 17: 240, 18: 478, 19: 792, 20: 554, 21: 72, 22: 310, 23: 554, 24: 792, 25: 554, 26: 792, 27: 792, 28: 554, 29: 456, 30: 694, 31: 380, 32: 142, 33: 30, 34: 268, 35: 380, 36: 142, 37: 30, 38: 268, 39: 30, 40: 268, 41: 72, 42: 310, 43: 456, 44: 694, 45: 16, 46: 254, 47: 792, 48: 554, 49: 792, 50: 554, 51: 268, 52: 30, 53: 30, 54: 268, 55: 324, 56: 86, 57: 652, 58: 414, 59: 456, 60: 694, 61: 324, 62: 86, 63: 414, 64: 652, 65: 142, 66: 380, 67: 310, 68: 72, 69: 268, 70: 30, 71: 792, 72: 554, 73: 792, 74: 554, 75: 414, 76: 652, 77: 16, 78: 254, 79: 30, 80: 268, 81: 16, 82: 254, 83: 414, 84: 652, 85: 456, 86: 694, 87: 694, 88: 456, 89: 554, 90: 792, 91: 792, 92: 554, 93: 380, 94: 142, 95: 380, 96: 142, 97: 240, 98: 478, 99: 142, 100: 380, 101: 554, 102: 792, 103: 380, 104: 142, 105: 652, 106: 414, 107: 414, 108: 652, 109: 554, 110: 792, 111: 310, 112: 72, 113: 694, 114: 456, 115: 16, 116: 254, 117: 456, 118: 694, 119: 380, 120: 142, 121: 240, 122: 478, 123: 414, 124: 652, 125: 694, 126: 456, 127: 694, 128: 456, 129: 30, 130: 268, 131: 380, 132: 142, 133: 380, 134: 142, 135: 268, 136: 30, 137: 792, 138: 554, 139: 142, 140: 380, 141: 72, 142: 310, 143: 86, 144: 324, 145: 694, 146: 456, 147: 652, 148: 414, 149: 254, 150: 16, 151: 792, 152: 554, 153: 694, 154: 456, 155: 554, 156: 792, 157: 30, 158: 268, 159: 16, 160: 254, 161: 456, 162: 694, 163: 310, 164: 72, 165: 16, 166: 254, 167: 16, 168: 254, 169: 380, 170: 142, 171: 554, 172: 792, 173: 310, 174: 72, 175: 456, 176: 694, 177: 16, 178: 254, 179: 478, 180: 240, 181: 16, 182: 254, 183: 142, 184: 380, 185: 380, 186: 142, 187: 30, 188: 268, 189: 456, 190: 694, 191: 268, 192: 30, 193: 114, 194: 352, 195: 254, 196: 16, 197: 456, 198: 694, 199: 142, 200: 380}

Number of labels used: 20
Total time used: 6.66 sec
Memory used: 338.83 MB
================================
{1: 456, 2: 694, 3: 792, 4: 554, 5: 16, 6: 254, 7: 324, 8: 86, 9: 86, 10: 324, 11: 478, 12: 240, 13: 652, 14: 414, 15: 30, 16: 268, 17: 240, 18: 478, 19: 792, 20: 554, 21: 652, 22: 414, 23: 86, 24: 324, 25: 484, 26: 722, 27: 792, 28: 554, 29: 142, 30: 380, 31: 324, 32: 86, 33: 142, 34: 380, 35: 456, 36: 694, 37: 86, 38: 324, 39: 414, 40: 652, 41: 16, 42: 254, 43: 694, 44: 456, 45: 380, 46: 142, 47: 380, 48: 142, 49: 254, 50: 16, 51: 484, 52: 722, 53: 86, 54: 324, 55: 554, 56: 792, 57: 652, 58: 414, 59: 142, 60: 380, 61: 324, 62: 86, 63: 414, 64: 652, 65: 142, 66: 380, 67: 792, 68: 554, 69: 30, 70: 268, 71: 792, 72: 554, 73: 694, 74: 456, 75: 652, 76: 414, 77: 254, 78: 16, 79: 86, 80: 324, 81: 30, 82: 268, 83: 414, 84: 652, 85: 484, 86: 722, 87: 792, 88: 554, 89: 554, 90: 792, 91: 254, 92: 16, 93: 380, 94: 142, 95: 268, 96: 30, 97: 142, 98: 380, 99: 142, 100: 380, 101: 414, 102: 652, 103: 380, 104: 142, 105: 652, 106: 414, 107: 414, 108: 652, 109: 456, 110: 694, 111: 268, 112: 30, 113: 694, 114: 456, 115: 16, 116: 254, 117: 722, 118: 484, 119: 142, 120: 380, 121: 240, 122: 478, 123: 414, 124: 652, 125: 694, 126: 456, 127: 792, 128: 554, 129: 30, 130: 268, 131: 380, 132: 142, 133: 30, 134: 268, 135: 268, 136: 30, 137: 554, 138: 792, 139: 30, 140: 268, 141: 324, 142: 86, 143: 254, 144: 16, 145: 792, 146: 554, 147: 652, 148: 414, 149: 324, 150: 86, 151: 86, 152: 324, 153: 16, 154: 254, 155: 554, 156: 792, 157: 30, 158: 268, 159: 16, 160: 254, 161: 456, 162: 694, 163: 414, 164: 652, 165: 254, 166: 16, 167: 694, 168: 456, 169: 380, 170: 142, 171: 554, 172: 792, 173: 86, 174: 324, 175: 380, 176: 142, 177: 380, 178: 142, 179: 478, 180: 240, 181: 16, 182: 254, 183: 142, 184: 380, 185: 722, 186: 484, 187: 86, 188: 324, 189: 456, 190: 694, 191: 86, 192: 324, 193: 554, 194: 792, 195: 254, 196: 16, 197: 652, 198: 414, 199: 16, 200: 254}

Number of labels used: 18
Total time used: 7.52 sec
Memory used: 365.20 MB
================================
{1: 456, 2: 694, 3: 792, 4: 554, 5: 16, 6: 254, 7: 324, 8: 86, 9: 86, 10: 324, 11: 478, 12: 240, 13: 652, 14: 414, 15: 30, 16: 268, 17: 240, 18: 478, 19: 792, 20: 554, 21: 652, 22: 414, 23: 86, 24: 324, 25: 484, 26: 722, 27: 792, 28: 554, 29: 142, 30: 380, 31: 324, 32: 86, 33: 142, 34: 380, 35: 456, 36: 694, 37: 86, 38: 324, 39: 414, 40: 652, 41: 16, 42: 254, 43: 694, 44: 456, 45: 380, 46: 142, 47: 380, 48: 142, 49: 254, 50: 16, 51: 484, 52: 722, 53: 86, 54: 324, 55: 554, 56: 792, 57: 652, 58: 414, 59: 142, 60: 380, 61: 324, 62: 86, 63: 414, 64: 652, 65: 142, 66: 380, 67: 792, 68: 554, 69: 30, 70: 268, 71: 792, 72: 554, 73: 694, 74: 456, 75: 652, 76: 414, 77: 254, 78: 16, 79: 86, 80: 324, 81: 30, 82: 268, 83: 414, 84: 652, 85: 484, 86: 722, 87: 792, 88: 554, 89: 554, 90: 792, 91: 254, 92: 16, 93: 380, 94: 142, 95: 268, 96: 30, 97: 142, 98: 380, 99: 142, 100: 380, 101: 414, 102: 652, 103: 380, 104: 142, 105: 652, 106: 414, 107: 414, 108: 652, 109: 456, 110: 694, 111: 268, 112: 30, 113: 694, 114: 456, 115: 16, 116: 254, 117: 722, 118: 484, 119: 142, 120: 380, 121: 240, 122: 478, 123: 414, 124: 652, 125: 694, 126: 456, 127: 792, 128: 554, 129: 30, 130: 268, 131: 380, 132: 142, 133: 30, 134: 268, 135: 268, 136: 30, 137: 554, 138: 792, 139: 30, 140: 268, 141: 324, 142: 86, 143: 254, 144: 16, 145: 792, 146: 554, 147: 652, 148: 414, 149: 324, 150: 86, 151: 86, 152: 324, 153: 16, 154: 254, 155: 554, 156: 792, 157: 30, 158: 268, 159: 16, 160: 254, 161: 456, 162: 694, 163: 414, 164: 652, 165: 254, 166: 16, 167: 694, 168: 456, 169: 380, 170: 142, 171: 554, 172: 792, 173: 86, 174: 324, 175: 380, 176: 142, 177: 380, 178: 142, 179: 478, 180: 240, 181: 16, 182: 254, 183: 142, 184: 380, 185: 722, 186: 484, 187: 86, 188: 324, 189: 456, 190: 694, 191: 86, 192: 324, 193: 554, 194: 792, 195: 254, 196: 16, 197: 652, 198: 414, 199: 16, 200: 254}

Number of labels used: 18
Total time used: 7.52 sec
Memory used: 365.20 MB
================================
{1: 456, 2: 694, 3: 380, 4: 142, 5: 86, 6: 324, 7: 268, 8: 30, 9: 652, 10: 414, 11: 380, 12: 142, 13: 792, 14: 554, 15: 554, 16: 792, 17: 240, 18: 478, 19: 792, 20: 554, 21: 86, 22: 324, 23: 554, 24: 792, 25: 324, 26: 86, 27: 792, 28: 554, 29: 694, 30: 456, 31: 380, 32: 142, 33: 268, 34: 30, 35: 324, 36: 86, 37: 268, 38: 30, 39: 268, 40: 30, 41: 324, 42: 86, 43: 456, 44: 694, 45: 268, 46: 30, 47: 792, 48: 554, 49: 792, 50: 554, 51: 380, 52: 142, 53: 30, 54: 268, 55: 792, 56: 554, 57: 652, 58: 414, 59: 414, 60: 652, 61: 324, 62: 86, 63: 792, 64: 554, 65: 142, 66: 380, 67: 324, 68: 86, 69: 268, 70: 30, 71: 792, 72: 554, 73: 792, 74: 554, 75: 554, 76: 792, 77: 86, 78: 324, 79: 30, 80: 268, 81: 268, 82: 30, 83: 414, 84: 652, 85: 456, 86: 694, 87: 694, 88: 456, 89: 554, 90: 792, 91: 792, 92: 554, 93: 380, 94: 142, 95: 694, 96: 456, 97: 240, 98: 478, 99: 142, 100: 380, 101: 792, 102: 554, 103: 380, 104: 142, 105: 652, 106: 414, 107: 414, 108: 652, 109: 554, 110: 792, 111: 324, 112: 86, 113: 652, 114: 414, 115: 30, 116: 268, 117: 456, 118: 694, 119: 380, 120: 142, 121: 240, 122: 478, 123: 142, 124: 380, 125: 694, 126: 456, 127: 694, 128: 456, 129: 30, 130: 268, 131: 380, 132: 142, 133: 380, 134: 142, 135: 30, 136: 268, 137: 324, 138: 86, 139: 792, 140: 554, 141: 380, 142: 142, 143: 414, 144: 652, 145: 694, 146: 456, 147: 652, 148: 414, 149: 268, 150: 30, 151: 792, 152: 554, 153: 694, 154: 456, 155: 414, 156: 652, 157: 268, 158: 30, 159: 324, 160: 86, 161: 456, 162: 694, 163: 268, 164: 30, 165: 324, 166: 86, 167: 86, 168: 324, 169: 456, 170: 694, 171: 380, 172: 142, 173: 380, 174: 142, 175: 792, 176: 554, 177: 128, 178: 366, 179: 478, 180: 240, 181: 86, 182: 324, 183: 128, 184: 366, 185: 268, 186: 30, 187: 30, 188: 268, 189: 456, 190: 694, 191: 268, 192: 30, 193: 142, 194: 380, 195: 268, 196: 30, 197: 554, 198: 792, 199: 324, 200: 86}

Number of labels used: 16
Total time used: 9.90 sec
Memory used: 373.35 MB
================================
[runlim] sample:		29.03 time, 10.01 real, 391 MB, 2.04 load
{1: 456, 2: 694, 3: 554, 4: 792, 5: 142, 6: 380, 7: 554, 8: 792, 9: 324, 10: 86, 11: 478, 12: 240, 13: 268, 14: 30, 15: 142, 16: 380, 17: 240, 18: 478, 19: 324, 20: 86, 21: 142, 22: 380, 23: 554, 24: 792, 25: 554, 26: 792, 27: 30, 28: 268, 29: 324, 30: 86, 31: 554, 32: 792, 33: 380, 34: 142, 35: 456, 36: 694, 37: 86, 38: 324, 39: 694, 40: 456, 41: 30, 42: 268, 43: 694, 44: 456, 45: 414, 46: 652, 47: 414, 48: 652, 49: 554, 50: 792, 51: 380, 52: 142, 53: 456, 54: 694, 55: 554, 56: 792, 57: 652, 58: 414, 59: 652, 60: 414, 61: 324, 62: 86, 63: 414, 64: 652, 65: 142, 66: 380, 67: 414, 68: 652, 69: 30, 70: 268, 71: 30, 72: 268, 73: 694, 74: 456, 75: 652, 76: 414, 77: 30, 78: 268, 79: 86, 80: 324, 81: 86, 82: 324, 83: 268, 84: 30, 85: 380, 86: 142, 87: 792, 88: 554, 89: 554, 90: 792, 91: 324, 92: 86, 93: 268, 94: 30, 95: 694, 96: 456, 97: 142, 98: 380, 99: 142, 100: 380, 101: 792, 102: 554, 103: 380, 104: 142, 105: 554, 106: 792, 107: 414, 108: 652, 109: 456, 110: 694, 111: 86, 112: 324, 113: 694, 114: 456, 115: 792, 116: 554, 117: 694, 118: 456, 119: 694, 120: 456, 121: 240, 122: 478, 123: 414, 124: 652, 125: 694, 126: 456, 127: 652, 128: 414, 129: 268, 130: 30, 131: 240, 132: 478, 133: 456, 134: 694, 135: 324, 136: 86, 137: 30, 138: 268, 139: 30, 140: 268, 141: 268, 142: 30, 143: 380, 144: 142, 145: 554, 146: 792, 147: 142, 148: 380, 149: 268, 150: 30, 151: 792, 152: 554, 153: 268, 154: 30, 155: 554, 156: 792, 157: 86, 158: 324, 159: 324, 160: 86, 161: 456, 162: 694, 163: 414, 164: 652, 165: 324, 166: 86, 167: 324, 168: 86, 169: 554, 170: 792, 171: 414, 172: 652, 173: 268, 174: 30, 175: 268, 176: 30, 177: 652, 178: 414, 179: 478, 180: 240, 181: 324, 182: 86, 183: 380, 184: 142, 185: 554, 186: 792, 187: 86, 188: 324, 189: 456, 190: 694, 191: 380, 192: 142, 193: 268, 194: 30, 195: 554, 196: 792, 197: 324, 198: 86, 199: 142, 200: 380}

Number of labels used: 14
Total time used: 9.99 sec
Memory used: 391.68 MB
================================
[runlim] end:			Mon Mar 23 20:46:41 2026
[runlim] status:		ok
[runlim] result:		0
[runlim] children:		1
[runlim] processes:		2
[runlim] real:			10.53 seconds
[runlim] time:			30.44 seconds
[runlim] space:			391 MB
[runlim] load:			2.04 maximum
[runlim] samples:		106
