[runlim] version:		2.0.0rc12
[runlim] host:			ap-Precision-7550
[runlim] time limit:		311040000 seconds
[runlim] real time limit:	600 seconds
[runlim] space limit:		14000 MB
[runlim] argv[0]:		python3
[runlim] argv[1]:		-u
[runlim] argv[2]:		pairwise_no_preprocessing.py
[runlim] argv[3]:		graph03
[runlim] argv[4]:		tot
[runlim] argv[5]:		assumptions
[runlim] argv[6]:		cadical195
[runlim] argv[7]:		3
[runlim] argv[8]:		card
[runlim] argv[9]:		3
[runlim] start:			Sat Jun 27 09:23:08 2026
[runlim] child:			24104
Exactly-one cardinality encoding:  3
Distance constraint mode:  card
Distance cardinality encoding:  3
Objective strategy:  tot
SAT type:  assumptions
Solver:  cadical195
Number of assignment variables:  7820
Number of clauses for exactly one constraints:  45320
Number of clauses for distance constraints:  2862840
---------------------------------------------------
Solve first problem:
Solution:
{1: 30, 2: 268, 3: 338, 4: 100, 5: 652, 6: 414, 7: 282, 8: 44, 9: 282, 10: 44, 11: 282, 12: 44, 13: 366, 14: 128, 15: 394, 16: 156, 17: 352, 18: 114, 19: 736, 20: 498, 21: 470, 22: 708, 23: 338, 24: 100, 25: 394, 26: 156, 27: 324, 28: 86, 29: 310, 30: 72, 31: 352, 32: 114, 33: 498, 34: 736, 35: 324, 36: 86, 37: 526, 38: 764, 39: 792, 40: 554, 41: 470, 42: 708, 43: 380, 44: 142, 45: 512, 46: 750, 47: 540, 48: 778, 49: 778, 50: 540, 51: 352, 52: 114, 53: 352, 54: 114, 55: 764, 56: 526, 57: 540, 58: 778, 59: 296, 60: 58, 61: 540, 62: 778, 63: 470, 64: 708, 65: 554, 66: 792, 67: 554, 68: 792, 69: 512, 70: 750, 71: 268, 72: 30, 73: 366, 74: 128, 75: 352, 76: 114, 77: 526, 78: 764, 79: 498, 80: 736, 81: 540, 82: 778, 83: 484, 84: 722, 85: 498, 86: 736, 87: 456, 88: 694, 89: 526, 90: 764, 91: 470, 92: 708, 93: 526, 94: 764, 95: 170, 96: 408, 97: 484, 98: 722, 99: 764, 100: 526, 101: 792, 102: 554, 103: 268, 104: 30, 105: 540, 106: 778, 107: 554, 108: 792, 109: 310, 110: 72, 111: 456, 112: 694, 113: 394, 114: 156, 115: 86, 116: 324, 117: 366, 118: 128, 119: 540, 120: 778, 121: 366, 122: 128, 123: 470, 124: 708, 125: 268, 126: 30, 127: 554, 128: 792, 129: 352, 130: 114, 131: 268, 132: 30, 133: 554, 134: 792, 135: 338, 136: 100, 137: 512, 138: 750, 139: 722, 140: 484, 141: 554, 142: 792, 143: 394, 144: 156, 145: 58, 146: 296, 147: 338, 148: 100, 149: 282, 150: 44, 151: 498, 152: 736, 153: 512, 154: 750, 155: 324, 156: 86, 157: 470, 158: 708, 159: 352, 160: 114, 161: 526, 162: 764, 163: 554, 164: 792, 165: 324, 166: 86, 167: 470, 168: 708, 169: 282, 170: 44, 171: 282, 172: 44, 173: 366, 174: 128, 175: 554, 176: 792, 177: 484, 178: 722, 179: 380, 180: 142, 181: 296, 182: 58, 183: 540, 184: 778, 185: 324, 186: 86, 187: 512, 188: 750, 189: 484, 190: 722, 191: 470, 192: 708, 193: 512, 194: 750, 195: 498, 196: 736, 197: 296, 198: 58, 199: 764, 200: 526}
Number of lables used:  40
Total time: 3.75 seconds
Memory used: 694.18 MB
--------------------------------------------------
Number of label variables:  48
Number of clauses for label constraints:  7783
Number of clauses for cardinality constraints:  1364
Initial variable count:  1970758
Initial clause count:  1507934
--------------------------------------------------

Trying with at most 39 labels...
Solution:
{1: 30, 2: 268, 3: 142, 4: 380, 5: 652, 6: 414, 7: 100, 8: 338, 9: 100, 10: 338, 11: 652, 12: 414, 13: 16, 14: 254, 15: 142, 16: 380, 17: 114, 18: 352, 19: 736, 20: 498, 21: 16, 22: 254, 23: 44, 24: 282, 25: 100, 26: 338, 27: 58, 28: 296, 29: 680, 30: 442, 31: 128, 32: 366, 33: 750, 34: 512, 35: 142, 36: 380, 37: 30, 38: 268, 39: 16, 40: 254, 41: 778, 42: 540, 43: 44, 44: 282, 45: 58, 46: 296, 47: 86, 48: 324, 49: 764, 50: 526, 51: 666, 52: 428, 53: 142, 54: 380, 55: 750, 56: 512, 57: 666, 58: 428, 59: 58, 60: 296, 61: 86, 62: 324, 63: 778, 64: 540, 65: 708, 66: 470, 67: 58, 68: 296, 69: 764, 70: 526, 71: 652, 72: 414, 73: 30, 74: 268, 75: 16, 76: 254, 77: 750, 78: 512, 79: 778, 80: 540, 81: 86, 82: 324, 83: 764, 84: 526, 85: 778, 86: 540, 87: 778, 88: 540, 89: 30, 90: 268, 91: 778, 92: 540, 93: 736, 94: 498, 95: 142, 96: 380, 97: 764, 98: 526, 99: 722, 100: 484, 101: 778, 102: 540, 103: 100, 104: 338, 105: 708, 106: 470, 107: 58, 108: 296, 109: 44, 110: 282, 111: 750, 112: 512, 113: 30, 114: 268, 115: 58, 116: 296, 117: 736, 118: 498, 119: 722, 120: 484, 121: 72, 122: 310, 123: 778, 124: 540, 125: 666, 126: 428, 127: 30, 128: 268, 129: 72, 130: 310, 131: 652, 132: 414, 133: 722, 134: 484, 135: 100, 136: 338, 137: 680, 138: 442, 139: 680, 140: 442, 141: 100, 142: 338, 143: 736, 144: 498, 145: 30, 146: 268, 147: 30, 148: 268, 149: 128, 150: 366, 151: 722, 152: 484, 153: 16, 154: 254, 155: 30, 156: 268, 157: 16, 158: 254, 159: 72, 160: 310, 161: 30, 162: 268, 163: 16, 164: 254, 165: 708, 166: 470, 167: 722, 168: 484, 169: 86, 170: 324, 171: 142, 172: 380, 173: 764, 174: 526, 175: 708, 176: 470, 177: 750, 178: 512, 179: 722, 180: 484, 181: 652, 182: 414, 183: 86, 184: 324, 185: 652, 186: 414, 187: 58, 188: 296, 189: 708, 190: 470, 191: 778, 192: 540, 193: 58, 194: 296, 195: 750, 196: 512, 197: 86, 198: 324, 199: 764, 200: 526}
Number of lables used:  38
Total time: 4.05 seconds
Memory used: 709.39 MB
--------------------------------------------------

Trying with at most 37 labels...
Solution:
{1: 778, 2: 540, 3: 722, 4: 484, 5: 736, 6: 498, 7: 722, 8: 484, 9: 792, 10: 554, 11: 722, 12: 484, 13: 114, 14: 352, 15: 156, 16: 394, 17: 792, 18: 554, 19: 156, 20: 394, 21: 16, 22: 254, 23: 142, 24: 380, 25: 142, 26: 380, 27: 156, 28: 394, 29: 750, 30: 512, 31: 128, 32: 366, 33: 100, 34: 338, 35: 764, 36: 526, 37: 128, 38: 366, 39: 16, 40: 254, 41: 72, 42: 310, 43: 764, 44: 526, 45: 114, 46: 352, 47: 142, 48: 380, 49: 722, 50: 484, 51: 736, 52: 498, 53: 666, 54: 428, 55: 708, 56: 470, 57: 142, 58: 380, 59: 156, 60: 394, 61: 764, 62: 526, 63: 72, 64: 310, 65: 750, 66: 512, 67: 792, 68: 554, 69: 778, 70: 540, 71: 722, 72: 484, 73: 666, 74: 428, 75: 58, 76: 296, 77: 764, 78: 526, 79: 72, 80: 310, 81: 764, 82: 526, 83: 86, 84: 324, 85: 58, 86: 296, 87: 72, 88: 310, 89: 128, 90: 366, 91: 72, 92: 310, 93: 72, 94: 310, 95: 142, 96: 380, 97: 86, 98: 324, 99: 44, 100: 282, 101: 736, 102: 498, 103: 142, 104: 380, 105: 778, 106: 540, 107: 100, 108: 338, 109: 764, 110: 526, 111: 16, 112: 254, 113: 16, 114: 254, 115: 58, 116: 296, 117: 708, 118: 470, 119: 764, 120: 526, 121: 778, 122: 540, 123: 16, 124: 254, 125: 708, 126: 470, 127: 792, 128: 554, 129: 736, 130: 498, 131: 128, 132: 366, 133: 114, 134: 352, 135: 750, 136: 512, 137: 750, 138: 512, 139: 722, 140: 484, 141: 100, 142: 338, 143: 114, 144: 352, 145: 778, 146: 540, 147: 764, 148: 526, 149: 722, 150: 484, 151: 100, 152: 338, 153: 792, 154: 554, 155: 666, 156: 428, 157: 58, 158: 296, 159: 58, 160: 296, 161: 72, 162: 310, 163: 792, 164: 554, 165: 778, 166: 540, 167: 72, 168: 310, 169: 708, 170: 470, 171: 128, 172: 366, 173: 86, 174: 324, 175: 142, 176: 380, 177: 100, 178: 338, 179: 128, 180: 366, 181: 722, 182: 484, 183: 142, 184: 380, 185: 708, 186: 470, 187: 114, 188: 352, 189: 86, 190: 324, 191: 72, 192: 310, 193: 792, 194: 554, 195: 100, 196: 338, 197: 736, 198: 498, 199: 128, 200: 366}
Number of lables used:  36
Total time: 5.88 seconds
Memory used: 664.33 MB
--------------------------------------------------

Trying with at most 35 labels...
[runlim] sample:		9.99 time, 10.01 real, 768 MB, 1.00 load
Solution:
{1: 778, 2: 540, 3: 708, 4: 470, 5: 736, 6: 498, 7: 708, 8: 470, 9: 778, 10: 540, 11: 652, 12: 414, 13: 72, 14: 310, 15: 156, 16: 394, 17: 736, 18: 498, 19: 156, 20: 394, 21: 30, 22: 268, 23: 86, 24: 324, 25: 100, 26: 338, 27: 100, 28: 338, 29: 680, 30: 442, 31: 142, 32: 380, 33: 100, 34: 338, 35: 708, 36: 470, 37: 778, 38: 540, 39: 16, 40: 254, 41: 72, 42: 310, 43: 86, 44: 324, 45: 58, 46: 296, 47: 764, 48: 526, 49: 764, 50: 526, 51: 722, 52: 484, 53: 652, 54: 414, 55: 44, 56: 282, 57: 100, 58: 338, 59: 680, 60: 442, 61: 764, 62: 526, 63: 16, 64: 254, 65: 736, 66: 498, 67: 100, 68: 338, 69: 764, 70: 526, 71: 708, 72: 470, 73: 652, 74: 414, 75: 58, 76: 296, 77: 44, 78: 282, 79: 16, 80: 254, 81: 100, 82: 338, 83: 30, 84: 268, 85: 778, 86: 540, 87: 16, 88: 254, 89: 86, 90: 324, 91: 16, 92: 254, 93: 30, 94: 268, 95: 142, 96: 380, 97: 86, 98: 324, 99: 44, 100: 282, 101: 778, 102: 540, 103: 142, 104: 380, 105: 764, 106: 526, 107: 100, 108: 338, 109: 142, 110: 380, 111: 16, 112: 254, 113: 30, 114: 268, 115: 736, 116: 498, 117: 680, 118: 442, 119: 44, 120: 282, 121: 736, 122: 498, 123: 16, 124: 254, 125: 708, 126: 470, 127: 72, 128: 310, 129: 764, 130: 526, 131: 142, 132: 380, 133: 722, 134: 484, 135: 708, 136: 470, 137: 736, 138: 498, 139: 708, 140: 470, 141: 722, 142: 484, 143: 58, 144: 296, 145: 764, 146: 526, 147: 778, 148: 540, 149: 722, 150: 484, 151: 44, 152: 282, 153: 778, 154: 540, 155: 708, 156: 470, 157: 58, 158: 296, 159: 72, 160: 310, 161: 72, 162: 310, 163: 736, 164: 498, 165: 100, 166: 338, 167: 16, 168: 254, 169: 722, 170: 484, 171: 142, 172: 380, 173: 86, 174: 324, 175: 142, 176: 380, 177: 44, 178: 282, 179: 778, 180: 540, 181: 736, 182: 498, 183: 128, 184: 366, 185: 722, 186: 484, 187: 58, 188: 296, 189: 30, 190: 268, 191: 652, 192: 414, 193: 72, 194: 310, 195: 58, 196: 296, 197: 722, 198: 484, 199: 128, 200: 366}
Number of lables used:  34
Total time: 10.00 seconds
Memory used: 725.63 MB
--------------------------------------------------

Trying with at most 33 labels...
Solution:
{1: 750, 2: 512, 3: 554, 4: 792, 5: 708, 6: 470, 7: 142, 8: 380, 9: 666, 10: 428, 11: 764, 12: 526, 13: 72, 14: 310, 15: 114, 16: 352, 17: 708, 18: 470, 19: 792, 20: 554, 21: 792, 22: 554, 23: 86, 24: 324, 25: 100, 26: 338, 27: 100, 28: 338, 29: 114, 30: 352, 31: 142, 32: 380, 33: 44, 34: 282, 35: 142, 36: 380, 37: 72, 38: 310, 39: 16, 40: 254, 41: 16, 42: 254, 43: 778, 44: 540, 45: 470, 46: 708, 47: 86, 48: 324, 49: 778, 50: 540, 51: 540, 52: 778, 53: 142, 54: 380, 55: 100, 56: 338, 57: 722, 58: 484, 59: 30, 60: 268, 61: 142, 62: 380, 63: 16, 64: 254, 65: 736, 66: 498, 67: 100, 68: 338, 69: 764, 70: 526, 71: 142, 72: 380, 73: 30, 74: 268, 75: 72, 76: 310, 77: 750, 78: 512, 79: 16, 80: 254, 81: 764, 82: 526, 83: 142, 84: 380, 85: 778, 86: 540, 87: 16, 88: 254, 89: 736, 90: 498, 91: 16, 92: 254, 93: 764, 94: 526, 95: 142, 96: 380, 97: 30, 98: 268, 99: 44, 100: 282, 101: 792, 102: 554, 103: 554, 104: 792, 105: 764, 106: 526, 107: 114, 108: 352, 109: 708, 110: 470, 111: 30, 112: 268, 113: 16, 114: 254, 115: 750, 116: 512, 117: 666, 118: 428, 119: 44, 120: 282, 121: 114, 122: 352, 123: 30, 124: 268, 125: 708, 126: 470, 127: 72, 128: 310, 129: 750, 130: 512, 131: 666, 132: 428, 133: 722, 134: 484, 135: 778, 136: 540, 137: 114, 138: 352, 139: 722, 140: 484, 141: 708, 142: 470, 143: 792, 144: 554, 145: 30, 146: 268, 147: 86, 148: 324, 149: 722, 150: 484, 151: 44, 152: 282, 153: 778, 154: 540, 155: 722, 156: 484, 157: 72, 158: 310, 159: 778, 160: 540, 161: 86, 162: 324, 163: 736, 164: 498, 165: 86, 166: 324, 167: 16, 168: 254, 169: 540, 170: 778, 171: 708, 172: 470, 173: 100, 174: 338, 175: 750, 176: 512, 177: 44, 178: 282, 179: 778, 180: 540, 181: 526, 182: 764, 183: 498, 184: 736, 185: 722, 186: 484, 187: 764, 188: 526, 189: 30, 190: 268, 191: 792, 192: 554, 193: 72, 194: 310, 195: 44, 196: 282, 197: 722, 198: 484, 199: 100, 200: 338}
Number of lables used:  32
Total time: 10.87 seconds
Memory used: 640.18 MB
--------------------------------------------------

Trying with at most 31 labels...
Solution:
{1: 44, 2: 282, 3: 666, 4: 428, 5: 86, 6: 324, 7: 666, 8: 428, 9: 666, 10: 428, 11: 764, 12: 526, 13: 72, 14: 310, 15: 142, 16: 380, 17: 16, 18: 254, 19: 750, 20: 512, 21: 16, 22: 254, 23: 86, 24: 324, 25: 100, 26: 338, 27: 100, 28: 338, 29: 792, 30: 554, 31: 128, 32: 366, 33: 44, 34: 282, 35: 142, 36: 380, 37: 100, 38: 338, 39: 792, 40: 554, 41: 792, 42: 554, 43: 722, 44: 484, 45: 750, 46: 512, 47: 722, 48: 484, 49: 778, 50: 540, 51: 142, 52: 380, 53: 666, 54: 428, 55: 764, 56: 526, 57: 100, 58: 338, 59: 128, 60: 366, 61: 86, 62: 324, 63: 792, 64: 554, 65: 750, 66: 512, 67: 128, 68: 366, 69: 778, 70: 540, 71: 666, 72: 428, 73: 666, 74: 428, 75: 750, 76: 512, 77: 764, 78: 526, 79: 16, 80: 254, 81: 86, 82: 324, 83: 778, 84: 540, 85: 44, 86: 282, 87: 792, 88: 554, 89: 86, 90: 324, 91: 792, 92: 554, 93: 778, 94: 540, 95: 170, 96: 408, 97: 778, 98: 540, 99: 764, 100: 526, 101: 792, 102: 554, 103: 666, 104: 428, 105: 722, 106: 484, 107: 72, 108: 310, 109: 666, 110: 428, 111: 792, 112: 554, 113: 792, 114: 554, 115: 72, 116: 310, 117: 666, 118: 428, 119: 44, 120: 282, 121: 142, 122: 380, 123: 792, 124: 554, 125: 142, 126: 380, 127: 72, 128: 310, 129: 86, 130: 324, 131: 44, 132: 282, 133: 100, 134: 338, 135: 666, 136: 428, 137: 16, 138: 254, 139: 722, 140: 484, 141: 100, 142: 338, 143: 750, 144: 512, 145: 44, 146: 282, 147: 44, 148: 282, 149: 128, 150: 366, 151: 764, 152: 526, 153: 16, 154: 254, 155: 722, 156: 484, 157: 778, 158: 540, 159: 750, 160: 512, 161: 44, 162: 282, 163: 86, 164: 324, 165: 722, 166: 484, 167: 792, 168: 554, 169: 100, 170: 338, 171: 44, 172: 282, 173: 750, 174: 512, 175: 100, 176: 338, 177: 764, 178: 526, 179: 44, 180: 282, 181: 86, 182: 324, 183: 722, 184: 484, 185: 666, 186: 428, 187: 750, 188: 512, 189: 778, 190: 540, 191: 792, 192: 554, 193: 750, 194: 512, 195: 764, 196: 526, 197: 128, 198: 366, 199: 778, 200: 540}
Number of lables used:  28
Total time: 11.49 seconds
Memory used: 606.45 MB
--------------------------------------------------

Trying with at most 27 labels...
Solution:
{1: 72, 2: 310, 3: 142, 4: 380, 5: 114, 6: 352, 7: 142, 8: 380, 9: 142, 10: 380, 11: 142, 12: 380, 13: 58, 14: 296, 15: 114, 16: 352, 17: 652, 18: 414, 19: 694, 20: 456, 21: 16, 22: 254, 23: 86, 24: 324, 25: 100, 26: 338, 27: 100, 28: 338, 29: 652, 30: 414, 31: 128, 32: 366, 33: 722, 34: 484, 35: 142, 36: 380, 37: 72, 38: 310, 39: 16, 40: 254, 41: 16, 42: 254, 43: 86, 44: 324, 45: 58, 46: 296, 47: 86, 48: 324, 49: 736, 50: 498, 51: 128, 52: 366, 53: 142, 54: 380, 55: 722, 56: 484, 57: 86, 58: 324, 59: 652, 60: 414, 61: 736, 62: 498, 63: 16, 64: 254, 65: 58, 66: 296, 67: 100, 68: 338, 69: 736, 70: 498, 71: 142, 72: 380, 73: 142, 74: 380, 75: 58, 76: 296, 77: 722, 78: 484, 79: 16, 80: 254, 81: 86, 82: 324, 83: 736, 84: 498, 85: 16, 86: 254, 87: 16, 88: 254, 89: 72, 90: 310, 91: 16, 92: 254, 93: 736, 94: 498, 95: 142, 96: 380, 97: 736, 98: 498, 99: 722, 100: 484, 101: 16, 102: 254, 103: 142, 104: 380, 105: 680, 106: 442, 107: 100, 108: 338, 109: 142, 110: 380, 111: 16, 112: 254, 113: 16, 114: 254, 115: 58, 116: 296, 117: 694, 118: 456, 119: 722, 120: 484, 121: 114, 122: 352, 123: 16, 124: 254, 125: 680, 126: 442, 127: 72, 128: 310, 129: 114, 130: 352, 131: 142, 132: 380, 133: 694, 134: 456, 135: 142, 136: 380, 137: 736, 138: 498, 139: 680, 140: 442, 141: 100, 142: 338, 143: 58, 144: 296, 145: 736, 146: 498, 147: 72, 148: 310, 149: 694, 150: 456, 151: 736, 152: 498, 153: 16, 154: 254, 155: 680, 156: 442, 157: 72, 158: 310, 159: 58, 160: 296, 161: 72, 162: 310, 163: 114, 164: 352, 165: 86, 166: 324, 167: 16, 168: 254, 169: 652, 170: 414, 171: 128, 172: 366, 173: 100, 174: 338, 175: 722, 176: 484, 177: 736, 178: 498, 179: 72, 180: 310, 181: 114, 182: 352, 183: 86, 184: 324, 185: 142, 186: 380, 187: 58, 188: 296, 189: 736, 190: 498, 191: 16, 192: 254, 193: 58, 194: 296, 195: 736, 196: 498, 197: 128, 198: 366, 199: 722, 200: 484}
Number of lables used:  26
Total time: 11.89 seconds
Memory used: 606.45 MB
--------------------------------------------------

Trying with at most 25 labels...
Solution:
{1: 72, 2: 310, 3: 142, 4: 380, 5: 114, 6: 352, 7: 142, 8: 380, 9: 142, 10: 380, 11: 142, 12: 380, 13: 58, 14: 296, 15: 114, 16: 352, 17: 652, 18: 414, 19: 694, 20: 456, 21: 16, 22: 254, 23: 86, 24: 324, 25: 100, 26: 338, 27: 100, 28: 338, 29: 652, 30: 414, 31: 128, 32: 366, 33: 722, 34: 484, 35: 142, 36: 380, 37: 72, 38: 310, 39: 16, 40: 254, 41: 16, 42: 254, 43: 86, 44: 324, 45: 58, 46: 296, 47: 86, 48: 324, 49: 736, 50: 498, 51: 128, 52: 366, 53: 142, 54: 380, 55: 722, 56: 484, 57: 86, 58: 324, 59: 114, 60: 352, 61: 694, 62: 456, 63: 16, 64: 254, 65: 58, 66: 296, 67: 100, 68: 338, 69: 736, 70: 498, 71: 142, 72: 380, 73: 142, 74: 380, 75: 58, 76: 296, 77: 722, 78: 484, 79: 16, 80: 254, 81: 86, 82: 324, 83: 736, 84: 498, 85: 16, 86: 254, 87: 16, 88: 254, 89: 72, 90: 310, 91: 16, 92: 254, 93: 736, 94: 498, 95: 142, 96: 380, 97: 736, 98: 498, 99: 722, 100: 484, 101: 16, 102: 254, 103: 142, 104: 380, 105: 86, 106: 324, 107: 100, 108: 338, 109: 142, 110: 380, 111: 16, 112: 254, 113: 16, 114: 254, 115: 58, 116: 296, 117: 694, 118: 456, 119: 722, 120: 484, 121: 114, 122: 352, 123: 16, 124: 254, 125: 142, 126: 380, 127: 72, 128: 310, 129: 114, 130: 352, 131: 142, 132: 380, 133: 694, 134: 456, 135: 142, 136: 380, 137: 736, 138: 498, 139: 86, 140: 324, 141: 100, 142: 338, 143: 58, 144: 296, 145: 736, 146: 498, 147: 72, 148: 310, 149: 128, 150: 366, 151: 736, 152: 498, 153: 16, 154: 254, 155: 86, 156: 324, 157: 16, 158: 254, 159: 58, 160: 296, 161: 72, 162: 310, 163: 114, 164: 352, 165: 86, 166: 324, 167: 16, 168: 254, 169: 652, 170: 414, 171: 128, 172: 366, 173: 736, 174: 498, 175: 100, 176: 338, 177: 736, 178: 498, 179: 72, 180: 310, 181: 114, 182: 352, 183: 86, 184: 324, 185: 142, 186: 380, 187: 58, 188: 296, 189: 736, 190: 498, 191: 16, 192: 254, 193: 58, 194: 296, 195: 736, 196: 498, 197: 128, 198: 366, 199: 722, 200: 484}
Number of lables used:  24
Total time: 12.03 seconds
Memory used: 606.45 MB
--------------------------------------------------

Trying with at most 23 labels...
Solution:
{1: 72, 2: 310, 3: 142, 4: 380, 5: 114, 6: 352, 7: 142, 8: 380, 9: 142, 10: 380, 11: 142, 12: 380, 13: 58, 14: 296, 15: 114, 16: 352, 17: 114, 18: 352, 19: 694, 20: 456, 21: 16, 22: 254, 23: 86, 24: 324, 25: 100, 26: 338, 27: 100, 28: 338, 29: 114, 30: 352, 31: 128, 32: 366, 33: 722, 34: 484, 35: 142, 36: 380, 37: 72, 38: 310, 39: 16, 40: 254, 41: 16, 42: 254, 43: 86, 44: 324, 45: 58, 46: 296, 47: 86, 48: 324, 49: 736, 50: 498, 51: 128, 52: 366, 53: 142, 54: 380, 55: 722, 56: 484, 57: 86, 58: 324, 59: 114, 60: 352, 61: 694, 62: 456, 63: 16, 64: 254, 65: 58, 66: 296, 67: 100, 68: 338, 69: 736, 70: 498, 71: 142, 72: 380, 73: 142, 74: 380, 75: 58, 76: 296, 77: 722, 78: 484, 79: 16, 80: 254, 81: 86, 82: 324, 83: 736, 84: 498, 85: 16, 86: 254, 87: 16, 88: 254, 89: 72, 90: 310, 91: 16, 92: 254, 93: 736, 94: 498, 95: 142, 96: 380, 97: 736, 98: 498, 99: 722, 100: 484, 101: 16, 102: 254, 103: 142, 104: 380, 105: 86, 106: 324, 107: 100, 108: 338, 109: 142, 110: 380, 111: 16, 112: 254, 113: 16, 114: 254, 115: 58, 116: 296, 117: 694, 118: 456, 119: 722, 120: 484, 121: 114, 122: 352, 123: 16, 124: 254, 125: 142, 126: 380, 127: 72, 128: 310, 129: 114, 130: 352, 131: 142, 132: 380, 133: 694, 134: 456, 135: 142, 136: 380, 137: 736, 138: 498, 139: 86, 140: 324, 141: 100, 142: 338, 143: 58, 144: 296, 145: 736, 146: 498, 147: 72, 148: 310, 149: 128, 150: 366, 151: 736, 152: 498, 153: 16, 154: 254, 155: 86, 156: 324, 157: 16, 158: 254, 159: 58, 160: 296, 161: 72, 162: 310, 163: 114, 164: 352, 165: 86, 166: 324, 167: 16, 168: 254, 169: 128, 170: 366, 171: 128, 172: 366, 173: 736, 174: 498, 175: 100, 176: 338, 177: 736, 178: 498, 179: 72, 180: 310, 181: 114, 182: 352, 183: 86, 184: 324, 185: 142, 186: 380, 187: 58, 188: 296, 189: 736, 190: 498, 191: 16, 192: 254, 193: 58, 194: 296, 195: 736, 196: 498, 197: 128, 198: 366, 199: 722, 200: 484}
Number of lables used:  22
Total time: 12.17 seconds
Memory used: 606.45 MB
--------------------------------------------------

Trying with at most 21 labels...
Solution:
{1: 72, 2: 310, 3: 142, 4: 380, 5: 114, 6: 352, 7: 142, 8: 380, 9: 142, 10: 380, 11: 142, 12: 380, 13: 58, 14: 296, 15: 114, 16: 352, 17: 114, 18: 352, 19: 30, 20: 268, 21: 16, 22: 254, 23: 86, 24: 324, 25: 778, 26: 540, 27: 778, 28: 540, 29: 114, 30: 352, 31: 128, 32: 366, 33: 44, 34: 282, 35: 142, 36: 380, 37: 72, 38: 310, 39: 16, 40: 254, 41: 778, 42: 540, 43: 86, 44: 324, 45: 778, 46: 540, 47: 86, 48: 324, 49: 30, 50: 268, 51: 128, 52: 366, 53: 142, 54: 380, 55: 44, 56: 282, 57: 86, 58: 324, 59: 114, 60: 352, 61: 86, 62: 324, 63: 16, 64: 254, 65: 58, 66: 296, 67: 778, 68: 540, 69: 30, 70: 268, 71: 142, 72: 380, 73: 142, 74: 380, 75: 58, 76: 296, 77: 778, 78: 540, 79: 16, 80: 254, 81: 86, 82: 324, 83: 30, 84: 268, 85: 16, 86: 254, 87: 16, 88: 254, 89: 72, 90: 310, 91: 16, 92: 254, 93: 30, 94: 268, 95: 142, 96: 380, 97: 30, 98: 268, 99: 44, 100: 282, 101: 16, 102: 254, 103: 142, 104: 380, 105: 86, 106: 324, 107: 778, 108: 540, 109: 142, 110: 380, 111: 16, 112: 254, 113: 16, 114: 254, 115: 58, 116: 296, 117: 142, 118: 380, 119: 44, 120: 282, 121: 114, 122: 352, 123: 16, 124: 254, 125: 142, 126: 380, 127: 72, 128: 310, 129: 114, 130: 352, 131: 142, 132: 380, 133: 72, 134: 310, 135: 142, 136: 380, 137: 114, 138: 352, 139: 86, 140: 324, 141: 778, 142: 540, 143: 58, 144: 296, 145: 778, 146: 540, 147: 72, 148: 310, 149: 128, 150: 366, 151: 44, 152: 282, 153: 16, 154: 254, 155: 86, 156: 324, 157: 16, 158: 254, 159: 58, 160: 296, 161: 72, 162: 310, 163: 114, 164: 352, 165: 86, 166: 324, 167: 16, 168: 254, 169: 778, 170: 540, 171: 778, 172: 540, 173: 44, 174: 282, 175: 778, 176: 540, 177: 44, 178: 282, 179: 72, 180: 310, 181: 114, 182: 352, 183: 86, 184: 324, 185: 142, 186: 380, 187: 778, 188: 540, 189: 30, 190: 268, 191: 16, 192: 254, 193: 58, 194: 296, 195: 778, 196: 540, 197: 128, 198: 366, 199: 778, 200: 540}
Number of lables used:  20
Total time: 14.04 seconds
Memory used: 642.98 MB
--------------------------------------------------

Trying with at most 19 labels...
[runlim] sample:		19.98 time, 20.01 real, 580 MB, 1.00 load
[runlim] sample:		29.98 time, 30.01 real, 580 MB, 1.00 load
[runlim] sample:		39.97 time, 40.01 real, 580 MB, 1.00 load
[runlim] sample:		49.97 time, 50.01 real, 580 MB, 1.00 load
[runlim] sample:		59.96 time, 60.01 real, 580 MB, 1.00 load
Cannot find solution.
No more solutions found.
Optimal number of labels used:  20
Total time: 68.77 seconds
Memory used: 580.79 MB
[runlim] end:			Sat Jun 27 09:24:17 2026
[runlim] status:		ok
[runlim] result:		0
[runlim] children:		1
[runlim] processes:		2
[runlim] real:			68.87 seconds
[runlim] time:			68.76 seconds
[runlim] space:			801 MB
[runlim] load:			1.00 maximum
[runlim] samples:		689
