[runlim] version:		2.0.0rc12
[runlim] host:			ap-Precision-7550
[runlim] time limit:		311040000 seconds
[runlim] real time limit:	600 seconds
[runlim] space limit:		14000 MB
[runlim] argv[0]:		python3
[runlim] argv[1]:		-u
[runlim] argv[2]:		pairwise_no_preprocessing.py
[runlim] argv[3]:		scen06
[runlim] argv[4]:		tot
[runlim] argv[5]:		assumptions
[runlim] argv[6]:		cadical195
[runlim] argv[7]:		3
[runlim] argv[8]:		card
[runlim] argv[9]:		3
[runlim] start:			Sat Jun 27 09:38:20 2026
[runlim] child:			24169
Exactly-one cardinality encoding:  3
Distance constraint mode:  card
Distance cardinality encoding:  3
Objective strategy:  tot
SAT type:  assumptions
Solver:  cadical195
Number of assignment variables:  8020
Number of clauses for exactly one constraints:  46520
Number of clauses for distance constraints:  4898007
---------------------------------------------------
Solve first problem:
Cannot find solution.
Time taken: 4.99 seconds 
Memory used: 1204.98 MB
[runlim] end:			Sat Jun 27 09:38:25 2026
[runlim] status:		ok
[runlim] result:		0
[runlim] children:		1
[runlim] processes:		2
[runlim] real:			5.34 seconds
[runlim] time:			5.30 seconds
[runlim] space:			1205 MB
[runlim] load:			1.13 maximum
[runlim] samples:		54
