[runlim] version:		2.0.0rc12
[runlim] host:			ap-Precision-7550
[runlim] time limit:		311040000 seconds
[runlim] real time limit:	600 seconds
[runlim] space limit:		14000 MB
[runlim] argv[0]:		python3
[runlim] argv[1]:		-u
[runlim] argv[2]:		evalmaxsat.py
[runlim] argv[3]:		graph07
[runlim] argv[4]:		DSE
[runlim] start:			Sat Jun 27 15:04:11 2026
[runlim] child:			25454
[INFO] Generating WCNF for graph07 (DSE)
Warning: variable 182 has assigned label 716 that is not in the domain 5.
[SKIP] No WCNF generated for graph07 (DSE); preprocessing found no feasible solution
[runlim] end:			Sat Jun 27 15:04:11 2026
[runlim] status:		ok
[runlim] result:		0
[runlim] children:		0
[runlim] processes:		0
[runlim] real:			0.04 seconds
[runlim] time:			0.00 seconds
[runlim] space:			0 MB
[runlim] load:			1.02 maximum
[runlim] samples:		1
