[runlim] version:		2.0.0rc12
[runlim] host:			ap-Precision-7550
[runlim] time limit:		311040000 seconds
[runlim] real time limit:	600 seconds
[runlim] space limit:		14000 MB
[runlim] argv[0]:		python3
[runlim] argv[1]:		-u
[runlim] argv[2]:		evalmaxsat.py
[runlim] argv[3]:		graph12
[runlim] argv[4]:		DSE
[runlim] start:			Sat Jun 27 15:31:42 2026
[runlim] child:			25548
[INFO] Generating WCNF for graph12 (DSE)
[SKIP] No solution found in preprocessing step
[SKIP] No WCNF generated for graph12 (DSE); preprocessing found no feasible solution
[runlim] end:			Sat Jun 27 15:31:42 2026
[runlim] status:		ok
[runlim] result:		0
[runlim] children:		0
[runlim] processes:		0
[runlim] real:			0.05 seconds
[runlim] time:			0.00 seconds
[runlim] space:			0 MB
[runlim] load:			1.20 maximum
[runlim] samples:		1
