[runlim] version:		2.0.0rc12
[runlim] host:			ap-Precision-7550
[runlim] time limit:		311040000 seconds
[runlim] real time limit:	600 seconds
[runlim] space limit:		14000 MB
[runlim] argv[0]:		python3
[runlim] argv[1]:		-u
[runlim] argv[2]:		evalmaxsat.py
[runlim] argv[3]:		TUD200.4
[runlim] argv[4]:		DSE
[runlim] start:			Sat Jun 27 16:15:57 2026
[runlim] child:			25745
[INFO] Generating WCNF for TUD200.4 (DSE)
[INFO] Solving wcnf/processing/DSE/TUD200.4_DSE.wcnf
c nombre de var = 673
o 20
s OPTIMUM FOUND
v 111100000100000000000000000000000000000000000010000000000000000000001100000001000000000000000000000000000000000000000000100000000000000000000000000000001000000000011110101111111111001001111111111111000000100000000000000000000000000000000000100000000000000000001001111100000000001000000000011111111111110010011111100010000010011111111111111111000000000010000000000111111100000000001000000000011111001001111101011111111111111111111100000000001000000000010000000000100000000001111111110000000000100000000001111111010110000100001111100010001111000000000010000000000100100111111111111111111111111000000010000000111111000100000100000011111111100001111111100000100000100000000001
c Total time : 0.00324846s
[INFO] Decode summary
[INFO] status=OPTIMUM FOUND, objective=20, assigned_vars=200, complete=True, labels_used=20
[INFO] Decoded assignment file: results/processing/decode/DSE/TUD200.4.decoded.txt
[runlim] end:			Sat Jun 27 16:15:58 2026
[runlim] status:		ok
[runlim] result:		0
[runlim] children:		1
[runlim] processes:		2
[runlim] real:			0.17 seconds
[runlim] time:			0.05 seconds
[runlim] space:			17 MB
[runlim] load:			1.00 maximum
[runlim] samples:		2
