[runlim] version:		2.0.0rc12
[runlim] host:			ap-Precision-7550
[runlim] time limit:		311040000 seconds
[runlim] real time limit:	600 seconds
[runlim] space limit:		14000 MB
[runlim] argv[0]:		python3
[runlim] argv[1]:		-u
[runlim] argv[2]:		main.py
[runlim] argv[3]:		TUD916.2
[runlim] argv[4]:		DSE
[runlim] argv[5]:		6
[runlim] start:			Mon Jun  8 00:11:59 2026
[runlim] child:			6457
---  DSE  [Cardinality Encoding: 6] ---
 solving MaxSAT (RC2)...

--------------------------------------------------
Found solution!
Number of labels used: 48
--------------------------------------------------
Time taken: 0.28 seconds
Memory used: 21.98 MB
[runlim] end:			Mon Jun  8 00:12:00 2026
[runlim] status:		ok
[runlim] result:		0
[runlim] children:		1
[runlim] processes:		2
[runlim] real:			0.32 seconds
[runlim] time:			0.30 seconds
[runlim] space:			22 MB
[runlim] load:			1.10 maximum
[runlim] samples:		4
