[runlim] version:		2.0.0rc12
[runlim] host:			ap-Precision-7550
[runlim] time limit:		311040000 seconds
[runlim] real time limit:	600 seconds
[runlim] space limit:		14000 MB
[runlim] argv[0]:		python3
[runlim] argv[1]:		-u
[runlim] argv[2]:		main.py
[runlim] argv[3]:		TUD916.1
[runlim] argv[4]:		DSE
[runlim] argv[5]:		6
[runlim] start:			Mon Jun  8 00:10:39 2026
[runlim] child:			6454
---  DSE  [Cardinality Encoding: 6] ---
 solving MaxSAT (RC2)...
[runlim] sample:		9.98 time, 10.01 real, 429 MB, 1.11 load
[runlim] sample:		19.96 time, 20.01 real, 430 MB, 1.17 load
[runlim] sample:		29.95 time, 30.01 real, 439 MB, 1.15 load
[runlim] sample:		39.94 time, 40.01 real, 448 MB, 1.20 load
[runlim] sample:		49.92 time, 50.01 real, 448 MB, 1.17 load
[runlim] sample:		59.91 time, 60.01 real, 448 MB, 1.15 load
[runlim] sample:		69.91 time, 70.01 real, 448 MB, 1.12 load

--------------------------------------------------
Found solution!
Number of labels used: 18
--------------------------------------------------
Time taken: 79.94 seconds
Memory used: 381.49 MB
[runlim] sample:		79.90 time, 80.01 real, 276 MB, 1.10 load
[runlim] end:			Mon Jun  8 00:11:59 2026
[runlim] status:		ok
[runlim] result:		0
[runlim] children:		1
[runlim] processes:		2
[runlim] real:			80.08 seconds
[runlim] time:			79.90 seconds
[runlim] space:			481 MB
[runlim] load:			1.20 maximum
[runlim] samples:		801
