[runlim] version:		2.0.0rc12
[runlim] host:			ap-Precision-7550
[runlim] time limit:		311040000 seconds
[runlim] real time limit:	600 seconds
[runlim] space limit:		14000 MB
[runlim] argv[0]:		python3
[runlim] argv[1]:		-u
[runlim] argv[2]:		main_symmetry.py
[runlim] argv[3]:		graph01
[runlim] argv[4]:		nsc
[runlim] argv[5]:		incremental
[runlim] argv[6]:		cadical195
[runlim] start:			Wed Mar 25 23:36:40 2026
[runlim] child:			27731
Solve first problem:
Solution:
{1: 30, 2: 268, 3: 16, 4: 254, 5: 16, 6: 254, 7: 142, 8: 380, 9: 142, 10: 380, 11: 16, 12: 254, 13: 30, 14: 268, 15: 58, 16: 296, 17: 16, 18: 254, 19: 16, 20: 254, 21: 44, 22: 282, 23: 142, 24: 380, 25: 72, 26: 310, 27: 352, 28: 114, 29: 16, 30: 254, 31: 72, 32: 310, 33: 114, 34: 352, 35: 72, 36: 310, 37: 16, 38: 254, 39: 16, 40: 254, 41: 72, 42: 310, 43: 86, 44: 324, 45: 58, 46: 296, 47: 16, 48: 254, 49: 72, 50: 310, 51: 86, 52: 324, 53: 30, 54: 268, 55: 58, 56: 296, 57: 58, 58: 296, 59: 16, 60: 254, 61: 128, 62: 366, 63: 86, 64: 324, 65: 16, 66: 254, 67: 58, 68: 296, 69: 44, 70: 282, 71: 30, 72: 268, 73: 142, 74: 380, 75: 86, 76: 324, 77: 30, 78: 268, 79: 16, 80: 254, 81: 72, 82: 310, 83: 58, 84: 296, 85: 72, 86: 310, 87: 114, 88: 352, 89: 58, 90: 296, 91: 156, 92: 394, 93: 16, 94: 254, 95: 72, 96: 310, 97: 408, 98: 170, 99: 86, 100: 324, 101: 30, 102: 268, 103: 16, 104: 254, 105: 142, 106: 380, 107: 44, 108: 282, 109: 16, 110: 254, 111: 86, 112: 324, 113: 44, 114: 282, 115: 114, 116: 352, 117: 114, 118: 352, 119: 100, 120: 338, 121: 408, 122: 170, 123: 142, 124: 380, 125: 58, 126: 296, 127: 30, 128: 268, 129: 114, 130: 352, 131: 30, 132: 268, 133: 366, 134: 128, 135: 170, 136: 408, 137: 30, 138: 268, 139: 16, 140: 254, 141: 30, 142: 268, 143: 44, 144: 282, 145: 86, 146: 324, 147: 366, 148: 128, 149: 428, 150: 666, 151: 86, 152: 324, 153: 142, 154: 380, 155: 156, 156: 394, 157: 338, 158: 100, 159: 484, 160: 722, 161: 296, 162: 58, 163: 268, 164: 30, 165: 456, 166: 694, 167: 44, 168: 282, 169: 100, 170: 338, 171: 72, 172: 310, 173: 114, 174: 352, 175: 442, 176: 680, 177: 16, 178: 254, 179: 44, 180: 282, 181: 16, 182: 254, 183: 142, 184: 380, 185: 414, 186: 652, 187: 128, 188: 366, 189: 30, 190: 268, 191: 414, 192: 652, 193: 170, 194: 408, 195: 100, 196: 338, 197: 58, 198: 296, 199: 72, 200: 310}
Number of lables used:  34
Time taken: 0.20 seconds
Memory used: 33.03 MB
--------------------------------------------------

Trying with at most 33 labels...
Solution:
{1: 86, 2: 324, 3: 30, 4: 268, 5: 58, 6: 296, 7: 240, 8: 478, 9: 240, 10: 478, 11: 72, 12: 310, 13: 100, 14: 338, 15: 58, 16: 296, 17: 30, 18: 268, 19: 268, 20: 30, 21: 310, 22: 72, 23: 408, 24: 170, 25: 352, 26: 114, 27: 156, 28: 394, 29: 86, 30: 324, 31: 142, 32: 380, 33: 352, 34: 114, 35: 100, 36: 338, 37: 86, 38: 324, 39: 72, 40: 310, 41: 142, 42: 380, 43: 366, 44: 128, 45: 156, 46: 394, 47: 254, 48: 16, 49: 100, 50: 338, 51: 44, 52: 282, 53: 72, 54: 310, 55: 380, 56: 142, 57: 16, 58: 254, 59: 310, 60: 72, 61: 156, 62: 394, 63: 58, 64: 296, 65: 156, 66: 394, 67: 352, 68: 114, 69: 142, 70: 380, 71: 86, 72: 324, 73: 240, 74: 478, 75: 142, 76: 380, 77: 282, 78: 44, 79: 100, 80: 338, 81: 142, 82: 380, 83: 156, 84: 394, 85: 86, 86: 324, 87: 254, 88: 16, 89: 100, 90: 338, 91: 16, 92: 254, 93: 156, 94: 394, 95: 352, 96: 114, 97: 240, 98: 478, 99: 86, 100: 324, 101: 100, 102: 338, 103: 72, 104: 310, 105: 310, 106: 72, 107: 100, 108: 338, 109: 72, 110: 310, 111: 142, 112: 380, 113: 156, 114: 394, 115: 142, 116: 380, 117: 156, 118: 394, 119: 114, 120: 352, 121: 240, 122: 478, 123: 240, 124: 478, 125: 114, 126: 352, 127: 338, 128: 100, 129: 296, 130: 58, 131: 100, 132: 338, 133: 366, 134: 128, 135: 408, 136: 170, 137: 128, 138: 366, 139: 44, 140: 282, 141: 86, 142: 324, 143: 128, 144: 366, 145: 282, 146: 44, 147: 30, 148: 268, 149: 282, 150: 44, 151: 268, 152: 30, 153: 156, 154: 394, 155: 114, 156: 352, 157: 128, 158: 366, 159: 156, 160: 394, 161: 394, 162: 156, 163: 44, 164: 282, 165: 58, 166: 296, 167: 366, 168: 128, 169: 296, 170: 58, 171: 156, 172: 394, 173: 86, 174: 324, 175: 86, 176: 324, 177: 156, 178: 394, 179: 156, 180: 394, 181: 30, 182: 268, 183: 324, 184: 86, 185: 86, 186: 324, 187: 142, 188: 380, 189: 156, 190: 394, 191: 100, 192: 338, 193: 240, 194: 478, 195: 142, 196: 380, 197: 156, 198: 394, 199: 156, 200: 394}
Number of lables used:  26
--------------------------------------------------

Trying with at most 25 labels...
Solution:
{1: 86, 2: 324, 3: 16, 4: 254, 5: 394, 6: 156, 7: 240, 8: 478, 9: 478, 10: 240, 11: 72, 12: 310, 13: 338, 14: 100, 15: 30, 16: 268, 17: 268, 18: 30, 19: 268, 20: 30, 21: 128, 22: 366, 23: 170, 24: 408, 25: 324, 26: 86, 27: 282, 28: 44, 29: 72, 30: 310, 31: 86, 32: 324, 33: 86, 34: 324, 35: 72, 36: 310, 37: 86, 38: 324, 39: 44, 40: 282, 41: 142, 42: 380, 43: 366, 44: 128, 45: 142, 46: 380, 47: 380, 48: 142, 49: 44, 50: 282, 51: 30, 52: 268, 53: 72, 54: 310, 55: 380, 56: 142, 57: 16, 58: 254, 59: 366, 60: 128, 61: 156, 62: 394, 63: 30, 64: 268, 65: 86, 66: 324, 67: 380, 68: 142, 69: 142, 70: 380, 71: 86, 72: 324, 73: 240, 74: 478, 75: 128, 76: 366, 77: 380, 78: 142, 79: 100, 80: 338, 81: 142, 82: 380, 83: 156, 84: 394, 85: 156, 86: 394, 87: 254, 88: 16, 89: 100, 90: 338, 91: 16, 92: 254, 93: 156, 94: 394, 95: 44, 96: 282, 97: 240, 98: 478, 99: 86, 100: 324, 101: 100, 102: 338, 103: 72, 104: 310, 105: 310, 106: 72, 107: 338, 108: 100, 109: 72, 110: 310, 111: 142, 112: 380, 113: 156, 114: 394, 115: 324, 116: 86, 117: 156, 118: 394, 119: 72, 120: 310, 121: 240, 122: 478, 123: 240, 124: 478, 125: 86, 126: 324, 127: 338, 128: 100, 129: 666, 130: 428, 131: 44, 132: 282, 133: 72, 134: 310, 135: 408, 136: 170, 137: 128, 138: 366, 139: 324, 140: 86, 141: 30, 142: 268, 143: 128, 144: 366, 145: 282, 146: 44, 147: 394, 148: 156, 149: 282, 150: 44, 151: 428, 152: 666, 153: 156, 154: 394, 155: 100, 156: 338, 157: 128, 158: 366, 159: 156, 160: 394, 161: 100, 162: 338, 163: 380, 164: 142, 165: 324, 166: 86, 167: 310, 168: 72, 169: 128, 170: 366, 171: 156, 172: 394, 173: 44, 174: 282, 175: 30, 176: 268, 177: 156, 178: 394, 179: 156, 180: 394, 181: 156, 182: 394, 183: 282, 184: 44, 185: 16, 186: 254, 187: 100, 188: 338, 189: 156, 190: 394, 191: 156, 192: 394, 193: 478, 194: 240, 195: 100, 196: 338, 197: 156, 198: 394, 199: 156, 200: 394}
Number of lables used:  24
Time taken: 0.24 seconds
Memory used: 35.02 MB
--------------------------------------------------

Trying with at most 23 labels...
Solution:
{1: 86, 2: 324, 3: 268, 4: 30, 5: 254, 6: 16, 7: 408, 8: 170, 9: 170, 10: 408, 11: 666, 12: 428, 13: 324, 14: 86, 15: 30, 16: 268, 17: 268, 18: 30, 19: 268, 20: 30, 21: 708, 22: 470, 23: 142, 24: 380, 25: 310, 26: 72, 27: 254, 28: 16, 29: 72, 30: 310, 31: 86, 32: 324, 33: 86, 34: 324, 35: 72, 36: 310, 37: 86, 38: 324, 39: 44, 40: 282, 41: 142, 42: 380, 43: 380, 44: 142, 45: 142, 46: 380, 47: 380, 48: 142, 49: 44, 50: 282, 51: 30, 52: 268, 53: 44, 54: 282, 55: 380, 56: 142, 57: 16, 58: 254, 59: 366, 60: 128, 61: 142, 62: 380, 63: 30, 64: 268, 65: 72, 66: 310, 67: 366, 68: 128, 69: 128, 70: 366, 71: 30, 72: 268, 73: 170, 74: 408, 75: 282, 76: 44, 77: 380, 78: 142, 79: 86, 80: 324, 81: 142, 82: 380, 83: 142, 84: 380, 85: 100, 86: 338, 87: 254, 88: 16, 89: 86, 90: 324, 91: 16, 92: 254, 93: 128, 94: 366, 95: 428, 96: 666, 97: 408, 98: 170, 99: 86, 100: 324, 101: 100, 102: 338, 103: 72, 104: 310, 105: 310, 106: 72, 107: 338, 108: 100, 109: 72, 110: 310, 111: 128, 112: 366, 113: 128, 114: 366, 115: 470, 116: 708, 117: 142, 118: 380, 119: 44, 120: 282, 121: 408, 122: 170, 123: 170, 124: 408, 125: 86, 126: 324, 127: 324, 128: 86, 129: 666, 130: 428, 131: 44, 132: 282, 133: 72, 134: 310, 135: 408, 136: 170, 137: 100, 138: 338, 139: 324, 140: 86, 141: 30, 142: 268, 143: 128, 144: 366, 145: 268, 146: 30, 147: 366, 148: 128, 149: 282, 150: 44, 151: 428, 152: 666, 153: 142, 154: 380, 155: 100, 156: 338, 157: 128, 158: 366, 159: 708, 160: 470, 161: 100, 162: 338, 163: 380, 164: 142, 165: 324, 166: 86, 167: 310, 168: 72, 169: 282, 170: 44, 171: 142, 172: 380, 173: 44, 174: 282, 175: 30, 176: 268, 177: 142, 178: 380, 179: 142, 180: 380, 181: 366, 182: 128, 183: 282, 184: 44, 185: 16, 186: 254, 187: 86, 188: 324, 189: 142, 190: 380, 191: 708, 192: 470, 193: 170, 194: 408, 195: 100, 196: 338, 197: 142, 198: 380, 199: 142, 200: 380}
Number of lables used:  22
Time taken: 0.24 seconds
Memory used: 35.04 MB
--------------------------------------------------

Trying with at most 21 labels...
Solution:
{1: 86, 2: 324, 3: 254, 4: 16, 5: 254, 6: 16, 7: 408, 8: 170, 9: 170, 10: 408, 11: 310, 12: 72, 13: 324, 14: 86, 15: 708, 16: 470, 17: 254, 18: 16, 19: 366, 20: 128, 21: 708, 22: 470, 23: 142, 24: 380, 25: 708, 26: 470, 27: 666, 28: 428, 29: 72, 30: 310, 31: 86, 32: 324, 33: 86, 34: 324, 35: 72, 36: 310, 37: 86, 38: 324, 39: 44, 40: 282, 41: 142, 42: 380, 43: 666, 44: 428, 45: 142, 46: 380, 47: 380, 48: 142, 49: 44, 50: 282, 51: 16, 52: 254, 53: 44, 54: 282, 55: 380, 56: 142, 57: 16, 58: 254, 59: 366, 60: 128, 61: 142, 62: 380, 63: 16, 64: 254, 65: 72, 66: 310, 67: 142, 68: 380, 69: 128, 70: 366, 71: 708, 72: 470, 73: 170, 74: 408, 75: 44, 76: 282, 77: 380, 78: 142, 79: 86, 80: 324, 81: 142, 82: 380, 83: 142, 84: 380, 85: 100, 86: 338, 87: 254, 88: 16, 89: 86, 90: 324, 91: 16, 92: 254, 93: 128, 94: 366, 95: 428, 96: 666, 97: 170, 98: 408, 99: 86, 100: 324, 101: 100, 102: 338, 103: 72, 104: 310, 105: 310, 106: 72, 107: 666, 108: 428, 109: 72, 110: 310, 111: 128, 112: 366, 113: 128, 114: 366, 115: 470, 116: 708, 117: 142, 118: 380, 119: 44, 120: 282, 121: 408, 122: 170, 123: 170, 124: 408, 125: 86, 126: 324, 127: 324, 128: 86, 129: 666, 130: 428, 131: 44, 132: 282, 133: 72, 134: 310, 135: 408, 136: 170, 137: 100, 138: 338, 139: 324, 140: 86, 141: 380, 142: 142, 143: 128, 144: 366, 145: 44, 146: 282, 147: 366, 148: 128, 149: 282, 150: 44, 151: 428, 152: 666, 153: 142, 154: 380, 155: 100, 156: 338, 157: 128, 158: 366, 159: 708, 160: 470, 161: 100, 162: 338, 163: 380, 164: 142, 165: 324, 166: 86, 167: 310, 168: 72, 169: 282, 170: 44, 171: 100, 172: 338, 173: 44, 174: 282, 175: 16, 176: 254, 177: 142, 178: 380, 179: 142, 180: 380, 181: 366, 182: 128, 183: 282, 184: 44, 185: 16, 186: 254, 187: 86, 188: 324, 189: 72, 190: 310, 191: 708, 192: 470, 193: 170, 194: 408, 195: 100, 196: 338, 197: 142, 198: 380, 199: 142, 200: 380}
Number of lables used:  20
Time taken: 0.25 seconds
Memory used: 35.05 MB
--------------------------------------------------

Trying with at most 19 labels...
Solution:
{1: 792, 2: 554, 3: 142, 4: 380, 5: 142, 6: 380, 7: 478, 8: 240, 9: 478, 10: 240, 11: 540, 12: 778, 13: 750, 14: 512, 15: 792, 16: 554, 17: 554, 18: 792, 19: 366, 20: 128, 21: 414, 22: 652, 23: 478, 24: 240, 25: 414, 26: 652, 27: 128, 28: 366, 29: 778, 30: 540, 31: 792, 32: 554, 33: 380, 34: 142, 35: 792, 36: 554, 37: 750, 38: 512, 39: 366, 40: 128, 41: 428, 42: 666, 43: 142, 44: 380, 45: 366, 46: 128, 47: 750, 48: 512, 49: 380, 50: 142, 51: 128, 52: 366, 53: 456, 54: 694, 55: 554, 56: 792, 57: 142, 58: 380, 59: 540, 60: 778, 61: 414, 62: 652, 63: 652, 64: 414, 65: 750, 66: 512, 67: 666, 68: 428, 69: 456, 70: 694, 71: 380, 72: 142, 73: 478, 74: 240, 75: 694, 76: 456, 77: 652, 78: 414, 79: 792, 80: 554, 81: 366, 82: 128, 83: 414, 84: 652, 85: 456, 86: 694, 87: 142, 88: 380, 89: 792, 90: 554, 91: 554, 92: 792, 93: 414, 94: 652, 95: 128, 96: 366, 97: 240, 98: 478, 99: 652, 100: 414, 101: 414, 102: 652, 103: 750, 104: 512, 105: 540, 106: 778, 107: 792, 108: 554, 109: 428, 110: 666, 111: 428, 112: 666, 113: 456, 114: 694, 115: 540, 116: 778, 117: 380, 118: 142, 119: 428, 120: 666, 121: 380, 122: 142, 123: 478, 124: 240, 125: 792, 126: 554, 127: 428, 128: 666, 129: 778, 130: 540, 131: 380, 132: 142, 133: 750, 134: 512, 135: 240, 136: 478, 137: 456, 138: 694, 139: 456, 140: 694, 141: 652, 142: 414, 143: 792, 144: 554, 145: 128, 146: 366, 147: 750, 148: 512, 149: 512, 150: 750, 151: 128, 152: 366, 153: 456, 154: 694, 155: 456, 156: 694, 157: 414, 158: 652, 159: 694, 160: 456, 161: 456, 162: 694, 163: 666, 164: 428, 165: 652, 166: 414, 167: 666, 168: 428, 169: 142, 170: 380, 171: 456, 172: 694, 173: 414, 174: 652, 175: 554, 176: 792, 177: 456, 178: 694, 179: 792, 180: 554, 181: 666, 182: 428, 183: 694, 184: 456, 185: 792, 186: 554, 187: 694, 188: 456, 189: 428, 190: 666, 191: 750, 192: 512, 193: 478, 194: 240, 195: 694, 196: 456, 197: 142, 198: 380, 199: 456, 200: 694}
Number of lables used:  18
Time taken: 0.55 seconds
Memory used: 39.61 MB
--------------------------------------------------

Trying with at most 17 labels...
[runlim] sample:		10.00 time, 10.01 real, 53 MB, 1.08 load
[runlim] sample:		20.00 time, 20.01 real, 47 MB, 1.14 load
[runlim] sample:		29.99 time, 30.01 real, 52 MB, 1.12 load
[runlim] sample:		39.99 time, 40.01 real, 55 MB, 1.18 load
[runlim] sample:		49.99 time, 50.01 real, 54 MB, 1.15 load
[runlim] sample:		59.98 time, 60.01 real, 55 MB, 1.12 load
[runlim] sample:		69.98 time, 70.01 real, 56 MB, 1.11 load
Cannot find solution.
No more solutions found.
Optimal number of labels used:  18
Time taken: 78.77 seconds
Memory used: 58.00 MB
[runlim] end:			Wed Mar 25 23:37:59 2026
[runlim] status:		ok
[runlim] result:		0
[runlim] children:		1
[runlim] processes:		2
[runlim] real:			78.81 seconds
[runlim] time:			78.77 seconds
[runlim] space:			65 MB
[runlim] load:			1.19 maximum
[runlim] samples:		789
