[runlim] version:		2.0.0rc12
[runlim] host:			ap-Precision-7550
[runlim] time limit:		311040000 seconds
[runlim] real time limit:	600 seconds
[runlim] space limit:		14000 MB
[runlim] argv[0]:		python3
[runlim] argv[1]:		-u
[runlim] argv[2]:		evalmaxsat.py
[runlim] argv[3]:		scen06
[runlim] argv[4]:		CARD
[runlim] argv[5]:		6
[runlim] argv[6]:		6
[runlim] start:			Sun Jun 28 00:40:34 2026
[runlim] child:			5601
[INFO] Generating WCNF for scen06 (CARD,6,6)
[SKIP] No solution found in preprocessing step
[SKIP] No WCNF generated for scen06 (CARD_6_6); preprocessing found no feasible solution
[runlim] end:			Sun Jun 28 00:40:34 2026
[runlim] status:		ok
[runlim] result:		0
[runlim] children:		1
[runlim] processes:		2
[runlim] real:			0.22 seconds
[runlim] time:			0.20 seconds
[runlim] space:			17 MB
[runlim] load:			1.00 maximum
[runlim] samples:		3
