[runlim] version:		2.0.0rc12
[runlim] host:			ap-Precision-7550
[runlim] time limit:		311040000 seconds
[runlim] real time limit:	600 seconds
[runlim] space limit:		14000 MB
[runlim] argv[0]:		python3
[runlim] argv[1]:		-u
[runlim] argv[2]:		pairwise.py
[runlim] argv[3]:		graph03
[runlim] argv[4]:		assumptions
[runlim] argv[5]:		8
[runlim] start:			Tue Jun  9 04:30:05 2026
[runlim] child:			19095
Number of assignment variables:  7480
Number of clauses for exactly one constraints:  22040
Number of clauses for distance constraints:  455923
---------------------------------------------------
Solve first problem:
Solution:
{1: 100, 2: 338, 3: 142, 4: 380, 5: 652, 6: 414, 7: 142, 8: 380, 9: 142, 10: 380, 11: 652, 12: 414, 13: 736, 14: 498, 15: 114, 16: 352, 17: 114, 18: 352, 19: 58, 20: 296, 21: 16, 22: 254, 23: 16, 24: 254, 25: 512, 26: 750, 27: 694, 28: 456, 29: 680, 30: 442, 31: 128, 32: 366, 33: 44, 34: 282, 35: 652, 36: 414, 37: 722, 38: 484, 39: 16, 40: 254, 41: 16, 42: 254, 43: 30, 44: 268, 45: 58, 46: 296, 47: 86, 48: 324, 49: 736, 50: 498, 51: 128, 52: 366, 53: 554, 54: 792, 55: 722, 56: 484, 57: 86, 58: 324, 59: 142, 60: 380, 61: 30, 62: 268, 63: 16, 64: 254, 65: 72, 66: 310, 67: 114, 68: 352, 69: 764, 70: 526, 71: 652, 72: 414, 73: 652, 74: 414, 75: 722, 76: 484, 77: 44, 78: 282, 79: 778, 80: 540, 81: 86, 82: 324, 83: 30, 84: 268, 85: 16, 86: 254, 87: 778, 88: 540, 89: 72, 90: 310, 91: 16, 92: 254, 93: 44, 94: 282, 95: 142, 96: 380, 97: 736, 98: 498, 99: 750, 100: 512, 101: 750, 102: 512, 103: 156, 104: 394, 105: 86, 106: 324, 107: 44, 108: 282, 109: 652, 110: 414, 111: 764, 112: 526, 113: 778, 114: 540, 115: 58, 116: 296, 117: 142, 118: 380, 119: 58, 120: 296, 121: 128, 122: 366, 123: 778, 124: 540, 125: 86, 126: 324, 127: 722, 128: 484, 129: 58, 130: 296, 131: 72, 132: 310, 133: 72, 134: 310, 135: 652, 136: 414, 137: 680, 138: 442, 139: 708, 140: 470, 141: 100, 142: 338, 143: 736, 144: 498, 145: 764, 146: 526, 147: 86, 148: 324, 149: 72, 150: 310, 151: 750, 152: 512, 153: 30, 154: 268, 155: 680, 156: 442, 157: 694, 158: 456, 159: 736, 160: 498, 161: 722, 162: 484, 163: 16, 164: 254, 165: 30, 166: 268, 167: 778, 168: 540, 169: 142, 170: 380, 171: 128, 172: 366, 173: 666, 174: 428, 175: 44, 176: 282, 177: 750, 178: 512, 179: 722, 180: 484, 181: 128, 182: 366, 183: 86, 184: 324, 185: 652, 186: 414, 187: 736, 188: 498, 189: 44, 190: 282, 191: 16, 192: 254, 193: 736, 194: 498, 195: 750, 196: 512, 197: 666, 198: 428, 199: 30, 200: 268}
Number of lables used:  44
Total time: 0.59 seconds
Memory used: 75.95 MB
--------------------------------------------------
Number of label variables:  48
Number of clauses for label constraints:  7476
Number of new variables for cardinality constraints:  1161
Number of clauses for cardinality constraints:  4558
Initial variable count:  23249
Initial clause count:  490448
--------------------------------------------------

Trying with at most 43 labels...
Solution:
{1: 100, 2: 338, 3: 142, 4: 380, 5: 652, 6: 414, 7: 142, 8: 380, 9: 652, 10: 414, 11: 652, 12: 414, 13: 58, 14: 296, 15: 114, 16: 352, 17: 114, 18: 352, 19: 58, 20: 296, 21: 16, 22: 254, 23: 86, 24: 324, 25: 100, 26: 338, 27: 694, 28: 456, 29: 680, 30: 442, 31: 128, 32: 366, 33: 44, 34: 282, 35: 652, 36: 414, 37: 722, 38: 484, 39: 16, 40: 254, 41: 16, 42: 254, 43: 86, 44: 324, 45: 58, 46: 296, 47: 86, 48: 324, 49: 30, 50: 268, 51: 128, 52: 366, 53: 142, 54: 380, 55: 722, 56: 484, 57: 86, 58: 324, 59: 114, 60: 352, 61: 86, 62: 324, 63: 792, 64: 554, 65: 58, 66: 296, 67: 100, 68: 338, 69: 30, 70: 268, 71: 694, 72: 456, 73: 142, 74: 380, 75: 58, 76: 296, 77: 44, 78: 282, 79: 16, 80: 254, 81: 86, 82: 324, 83: 30, 84: 268, 85: 16, 86: 254, 87: 16, 88: 254, 89: 72, 90: 310, 91: 16, 92: 254, 93: 30, 94: 268, 95: 142, 96: 380, 97: 30, 98: 268, 99: 44, 100: 282, 101: 16, 102: 254, 103: 142, 104: 380, 105: 86, 106: 324, 107: 100, 108: 338, 109: 652, 110: 414, 111: 792, 112: 554, 113: 16, 114: 254, 115: 58, 116: 296, 117: 142, 118: 380, 119: 44, 120: 282, 121: 114, 122: 352, 123: 16, 124: 254, 125: 142, 126: 380, 127: 722, 128: 484, 129: 694, 130: 456, 131: 142, 132: 380, 133: 72, 134: 310, 135: 652, 136: 414, 137: 722, 138: 484, 139: 680, 140: 442, 141: 100, 142: 338, 143: 58, 144: 296, 145: 30, 146: 268, 147: 72, 148: 310, 149: 680, 150: 442, 151: 44, 152: 282, 153: 792, 154: 554, 155: 86, 156: 324, 157: 792, 158: 554, 159: 792, 160: 554, 161: 72, 162: 310, 163: 114, 164: 352, 165: 86, 166: 324, 167: 16, 168: 254, 169: 128, 170: 366, 171: 128, 172: 366, 173: 44, 174: 282, 175: 100, 176: 338, 177: 44, 178: 282, 179: 722, 180: 484, 181: 114, 182: 352, 183: 680, 184: 442, 185: 142, 186: 380, 187: 58, 188: 296, 189: 30, 190: 268, 191: 16, 192: 254, 193: 792, 194: 554, 195: 44, 196: 282, 197: 666, 198: 428, 199: 30, 200: 268}
Number of lables used:  32
Total time: 0.61 seconds
Memory used: 88.55 MB
--------------------------------------------------

Trying with at most 31 labels...
Solution:
{1: 100, 2: 338, 3: 142, 4: 380, 5: 680, 6: 442, 7: 142, 8: 380, 9: 142, 10: 380, 11: 142, 12: 380, 13: 58, 14: 296, 15: 114, 16: 352, 17: 114, 18: 352, 19: 58, 20: 296, 21: 16, 22: 254, 23: 86, 24: 324, 25: 100, 26: 338, 27: 694, 28: 456, 29: 680, 30: 442, 31: 128, 32: 366, 33: 44, 34: 282, 35: 142, 36: 380, 37: 72, 38: 310, 39: 16, 40: 254, 41: 16, 42: 254, 43: 86, 44: 324, 45: 58, 46: 296, 47: 86, 48: 324, 49: 30, 50: 268, 51: 128, 52: 366, 53: 142, 54: 380, 55: 722, 56: 484, 57: 86, 58: 324, 59: 114, 60: 352, 61: 86, 62: 324, 63: 792, 64: 554, 65: 58, 66: 296, 67: 100, 68: 338, 69: 30, 70: 268, 71: 694, 72: 456, 73: 142, 74: 380, 75: 58, 76: 296, 77: 44, 78: 282, 79: 16, 80: 254, 81: 86, 82: 324, 83: 30, 84: 268, 85: 16, 86: 254, 87: 16, 88: 254, 89: 72, 90: 310, 91: 16, 92: 254, 93: 30, 94: 268, 95: 142, 96: 380, 97: 30, 98: 268, 99: 44, 100: 282, 101: 16, 102: 254, 103: 142, 104: 380, 105: 86, 106: 324, 107: 100, 108: 338, 109: 680, 110: 442, 111: 792, 112: 554, 113: 16, 114: 254, 115: 58, 116: 296, 117: 142, 118: 380, 119: 44, 120: 282, 121: 114, 122: 352, 123: 16, 124: 254, 125: 142, 126: 380, 127: 722, 128: 484, 129: 694, 130: 456, 131: 142, 132: 380, 133: 72, 134: 310, 135: 142, 136: 380, 137: 722, 138: 484, 139: 680, 140: 442, 141: 100, 142: 338, 143: 58, 144: 296, 145: 30, 146: 268, 147: 72, 148: 310, 149: 680, 150: 442, 151: 44, 152: 282, 153: 792, 154: 554, 155: 86, 156: 324, 157: 792, 158: 554, 159: 792, 160: 554, 161: 72, 162: 310, 163: 114, 164: 352, 165: 86, 166: 324, 167: 16, 168: 254, 169: 128, 170: 366, 171: 128, 172: 366, 173: 44, 174: 282, 175: 100, 176: 338, 177: 44, 178: 282, 179: 72, 180: 310, 181: 114, 182: 352, 183: 680, 184: 442, 185: 142, 186: 380, 187: 58, 188: 296, 189: 30, 190: 268, 191: 16, 192: 254, 193: 58, 194: 296, 195: 722, 196: 484, 197: 128, 198: 366, 199: 30, 200: 268}
Number of lables used:  28
Total time: 0.61 seconds
Memory used: 88.56 MB
--------------------------------------------------

Trying with at most 27 labels...
Solution:
{1: 100, 2: 338, 3: 142, 4: 380, 5: 142, 6: 380, 7: 142, 8: 380, 9: 142, 10: 380, 11: 142, 12: 380, 13: 58, 14: 296, 15: 114, 16: 352, 17: 114, 18: 352, 19: 58, 20: 296, 21: 16, 22: 254, 23: 86, 24: 324, 25: 100, 26: 338, 27: 100, 28: 338, 29: 114, 30: 352, 31: 128, 32: 366, 33: 44, 34: 282, 35: 142, 36: 380, 37: 72, 38: 310, 39: 16, 40: 254, 41: 16, 42: 254, 43: 86, 44: 324, 45: 58, 46: 296, 47: 86, 48: 324, 49: 30, 50: 268, 51: 128, 52: 366, 53: 142, 54: 380, 55: 44, 56: 282, 57: 86, 58: 324, 59: 114, 60: 352, 61: 86, 62: 324, 63: 16, 64: 254, 65: 58, 66: 296, 67: 100, 68: 338, 69: 30, 70: 268, 71: 142, 72: 380, 73: 142, 74: 380, 75: 58, 76: 296, 77: 44, 78: 282, 79: 16, 80: 254, 81: 86, 82: 324, 83: 30, 84: 268, 85: 16, 86: 254, 87: 16, 88: 254, 89: 72, 90: 310, 91: 16, 92: 254, 93: 30, 94: 268, 95: 142, 96: 380, 97: 30, 98: 268, 99: 44, 100: 282, 101: 16, 102: 254, 103: 142, 104: 380, 105: 86, 106: 324, 107: 100, 108: 338, 109: 142, 110: 380, 111: 16, 112: 254, 113: 16, 114: 254, 115: 58, 116: 296, 117: 142, 118: 380, 119: 44, 120: 282, 121: 114, 122: 352, 123: 16, 124: 254, 125: 142, 126: 380, 127: 72, 128: 310, 129: 114, 130: 352, 131: 142, 132: 380, 133: 72, 134: 310, 135: 142, 136: 380, 137: 114, 138: 352, 139: 86, 140: 324, 141: 100, 142: 338, 143: 58, 144: 296, 145: 30, 146: 268, 147: 72, 148: 310, 149: 128, 150: 366, 151: 44, 152: 282, 153: 16, 154: 254, 155: 86, 156: 324, 157: 16, 158: 254, 159: 58, 160: 296, 161: 72, 162: 310, 163: 114, 164: 352, 165: 86, 166: 324, 167: 16, 168: 254, 169: 128, 170: 366, 171: 128, 172: 366, 173: 44, 174: 282, 175: 100, 176: 338, 177: 44, 178: 282, 179: 72, 180: 310, 181: 114, 182: 352, 183: 86, 184: 324, 185: 142, 186: 380, 187: 58, 188: 296, 189: 30, 190: 268, 191: 16, 192: 254, 193: 58, 194: 296, 195: 44, 196: 282, 197: 128, 198: 366, 199: 30, 200: 268}
Number of lables used:  20
Total time: 0.61 seconds
Memory used: 88.56 MB
--------------------------------------------------

Trying with at most 19 labels...
[runlim] sample:		10.00 time, 10.01 real, 132 MB, 1.00 load
[runlim] sample:		19.99 time, 20.01 real, 136 MB, 1.08 load
Cannot find solution.
No more solutions found.
Optimal number of labels used:  20
Total time: 21.96 seconds
Memory used: 135.79 MB
[runlim] end:			Tue Jun  9 04:30:27 2026
[runlim] status:		ok
[runlim] result:		0
[runlim] children:		1
[runlim] processes:		2
[runlim] real:			22.01 seconds
[runlim] time:			21.99 seconds
[runlim] space:			136 MB
[runlim] load:			1.08 maximum
[runlim] samples:		221
