[runlim] version:		2.0.0rc12
[runlim] host:			ap-Precision-7550
[runlim] time limit:		311040000 seconds
[runlim] real time limit:	600 seconds
[runlim] space limit:		14000 MB
[runlim] argv[0]:		python3
[runlim] argv[1]:		-u
[runlim] argv[2]:		pairwise.py
[runlim] argv[3]:		graph13
[runlim] argv[4]:		assumptions
[runlim] argv[5]:		8
[runlim] start:			Tue Jun  9 04:40:04 2026
[runlim] child:			19139
Warning: variable 777 has no valid labels after preprocessing.
Cannot find solution!
Time taken: 0.19 seconds
Memory used: 21.27 MB
[runlim] end:			Tue Jun  9 04:40:04 2026
[runlim] status:		ok
[runlim] result:		0
[runlim] children:		1
[runlim] processes:		2
[runlim] real:			0.24 seconds
[runlim] time:			0.20 seconds
[runlim] space:			21 MB
[runlim] load:			1.03 maximum
[runlim] samples:		3
