[runlim] version:		2.0.0rc12
[runlim] host:			ap-Precision-7550
[runlim] time limit:		311040000 seconds
[runlim] real time limit:	600 seconds
[runlim] space limit:		14000 MB
[runlim] argv[0]:		python3
[runlim] argv[1]:		-u
[runlim] argv[2]:		main_no_processing.py
[runlim] argv[3]:		graph05
[runlim] argv[4]:		DSE
[runlim] argv[5]:		6
[runlim] start:			Thu Jun 11 21:06:56 2026
[runlim] child:			5552
---  DSE  [Cardinality Encoding: 6] ---
 solving MaxSAT (RC2)...
No solution found.
--------------------------------------------------
Time taken: 0.95 seconds
Memory used: 157.63 MB
[runlim] end:			Thu Jun 11 21:06:57 2026
[runlim] status:		ok
[runlim] result:		0
[runlim] children:		1
[runlim] processes:		2
[runlim] real:			1.03 seconds
[runlim] time:			1.00 seconds
[runlim] space:			162 MB
[runlim] load:			1.15 maximum
[runlim] samples:		11
