[runlim] version:		2.0.0rc12
[runlim] host:			ap-Precision-7550
[runlim] time limit:		311040000 seconds
[runlim] real time limit:	600 seconds
[runlim] space limit:		14000 MB
[runlim] argv[0]:		python3
[runlim] argv[1]:		-u
[runlim] argv[2]:		main_no_processing.py
[runlim] argv[3]:		graph03
[runlim] argv[4]:		DSE
[runlim] argv[5]:		6
[runlim] start:			Thu Jun 11 21:05:26 2026
[runlim] child:			5543
---  DSE  [Cardinality Encoding: 6] ---
 solving MaxSAT (RC2)...
[runlim] sample:		10.00 time, 10.01 real, 222 MB, 1.01 load
[runlim] sample:		20.00 time, 20.01 real, 226 MB, 1.01 load
[runlim] sample:		29.99 time, 30.01 real, 238 MB, 1.01 load

--------------------------------------------------
Found solution!
Number of labels used: 20
--------------------------------------------------
Time taken: 34.11 seconds
Memory used: 178.87 MB
[runlim] end:			Thu Jun 11 21:06:00 2026
[runlim] status:		ok
[runlim] result:		0
[runlim] children:		1
[runlim] processes:		2
[runlim] real:			34.19 seconds
[runlim] time:			34.08 seconds
[runlim] space:			242 MB
[runlim] load:			1.01 maximum
[runlim] samples:		342
