[runlim] version:		2.0.0rc12
[runlim] host:			ap-Precision-7550
[runlim] time limit:		311040000 seconds
[runlim] real time limit:	600 seconds
[runlim] space limit:		14000 MB
[runlim] argv[0]:		python3
[runlim] argv[1]:		-u
[runlim] argv[2]:		main_no_processing.py
[runlim] argv[3]:		scen04
[runlim] argv[4]:		DSE
[runlim] argv[5]:		6
[runlim] start:			Thu Jun 11 20:14:06 2026
[runlim] child:			5319
---  DSE  [Cardinality Encoding: 6] ---
 solving MaxSAT (RC2)...
[runlim] sample:		10.00 time, 10.01 real, 259 MB, 1.02 load

--------------------------------------------------
Found solution!
Number of labels used: 46
--------------------------------------------------
Time taken: 11.40 seconds
Memory used: 239.15 MB
[runlim] end:			Thu Jun 11 20:14:18 2026
[runlim] status:		ok
[runlim] result:		0
[runlim] children:		1
[runlim] processes:		2
[runlim] real:			11.50 seconds
[runlim] time:			11.40 seconds
[runlim] space:			259 MB
[runlim] load:			1.02 maximum
[runlim] samples:		115
