[runlim] version:		2.0.0rc12
[runlim] host:			ap-Precision-7550
[runlim] time limit:		311040000 seconds
[runlim] real time limit:	600 seconds
[runlim] space limit:		14000 MB
[runlim] argv[0]:		python3
[runlim] argv[1]:		-u
[runlim] argv[2]:		main_no_processing.py
[runlim] argv[3]:		scen08
[runlim] argv[4]:		DSE
[runlim] argv[5]:		6
[runlim] start:			Thu Jun 11 21:11:34 2026
[runlim] child:			5594
---  DSE  [Cardinality Encoding: 6] ---
 solving MaxSAT (RC2)...
No solution found.
--------------------------------------------------
Time taken: 5.84 seconds
Memory used: 810.58 MB
[runlim] end:			Thu Jun 11 21:11:40 2026
[runlim] status:		ok
[runlim] result:		0
[runlim] children:		1
[runlim] processes:		2
[runlim] real:			6.09 seconds
[runlim] time:			6.00 seconds
[runlim] space:			933 MB
[runlim] load:			1.15 maximum
[runlim] samples:		61
