[runlim] version:		2.0.0rc12
[runlim] host:			ap-Precision-7550
[runlim] time limit:		311040000 seconds
[runlim] real time limit:	600 seconds
[runlim] space limit:		14000 MB
[runlim] argv[0]:		python3
[runlim] argv[1]:		-u
[runlim] argv[2]:		main_no_processing.py
[runlim] argv[3]:		scen06
[runlim] argv[4]:		DSE
[runlim] argv[5]:		6
[runlim] start:			Thu Jun 11 21:11:29 2026
[runlim] child:			5588
---  DSE  [Cardinality Encoding: 6] ---
 solving MaxSAT (RC2)...
No solution found.
--------------------------------------------------
Time taken: 1.40 seconds
Memory used: 211.68 MB
[runlim] end:			Thu Jun 11 21:11:30 2026
[runlim] status:		ok
[runlim] result:		0
[runlim] children:		1
[runlim] processes:		2
[runlim] real:			1.50 seconds
[runlim] time:			1.40 seconds
[runlim] space:			240 MB
[runlim] load:			1.17 maximum
[runlim] samples:		15
