[runlim] version:		2.0.0rc12
[runlim] host:			ap-Precision-7550
[runlim] time limit:		311040000 seconds
[runlim] real time limit:	600 seconds
[runlim] space limit:		14000 MB
[runlim] argv[0]:		python3
[runlim] argv[1]:		-u
[runlim] argv[2]:		main_no_processing.py
[runlim] argv[3]:		TUD200.2
[runlim] argv[4]:		DSE
[runlim] argv[5]:		6
[runlim] start:			Thu Jun 11 21:12:09 2026
[runlim] child:			5606
---  DSE  [Cardinality Encoding: 6] ---
 solving MaxSAT (RC2)...

--------------------------------------------------
Found solution!
Number of labels used: 46
--------------------------------------------------
Time taken: 3.60 seconds
Memory used: 194.39 MB
[runlim] end:			Thu Jun 11 21:12:13 2026
[runlim] status:		ok
[runlim] result:		0
[runlim] children:		1
[runlim] processes:		2
[runlim] real:			3.69 seconds
[runlim] time:			3.60 seconds
[runlim] space:			219 MB
[runlim] load:			1.08 maximum
[runlim] samples:		37
