[runlim] version:		2.0.0rc12
[runlim] host:			ap-Precision-7550
[runlim] time limit:		311040000 seconds
[runlim] real time limit:	600 seconds
[runlim] space limit:		14000 MB
[runlim] argv[0]:		python3
[runlim] argv[1]:		-u
[runlim] argv[2]:		main_no_processing.py
[runlim] argv[3]:		TUD200.4
[runlim] argv[4]:		DSE
[runlim] argv[5]:		6
[runlim] start:			Thu Jun 11 21:12:24 2026
[runlim] child:			5612
---  DSE  [Cardinality Encoding: 6] ---
 solving MaxSAT (RC2)...

--------------------------------------------------
Found solution!
Number of labels used: 20
--------------------------------------------------
Time taken: 2.79 seconds
Memory used: 146.07 MB
[runlim] end:			Thu Jun 11 21:12:27 2026
[runlim] status:		ok
[runlim] result:		0
[runlim] children:		1
[runlim] processes:		2
[runlim] real:			2.86 seconds
[runlim] time:			2.80 seconds
[runlim] space:			164 MB
[runlim] load:			1.06 maximum
[runlim] samples:		29
