[runlim] version:		2.0.0rc12
[runlim] host:			ap-Precision-7550
[runlim] time limit:		311040000 seconds
[runlim] real time limit:	600 seconds
[runlim] space limit:		14000 MB
[runlim] argv[0]:		python3
[runlim] argv[1]:		-u
[runlim] argv[2]:		main_no_processing.py
[runlim] argv[3]:		TUD916.1
[runlim] argv[4]:		DSE
[runlim] argv[5]:		6
[runlim] start:			Thu Jun 11 21:12:28 2026
[runlim] child:			5619
---  DSE  [Cardinality Encoding: 6] ---
 solving MaxSAT (RC2)...
[runlim] sample:		10.00 time, 10.01 real, 452 MB, 1.05 load
[runlim] sample:		19.99 time, 20.01 real, 453 MB, 1.04 load
[runlim] sample:		29.99 time, 30.01 real, 459 MB, 1.11 load
[runlim] sample:		39.98 time, 40.01 real, 456 MB, 1.09 load
[runlim] sample:		49.98 time, 50.01 real, 472 MB, 1.08 load
[runlim] sample:		59.98 time, 60.01 real, 472 MB, 1.07 load
[runlim] sample:		69.98 time, 70.01 real, 472 MB, 1.06 load
[runlim] sample:		79.97 time, 80.01 real, 472 MB, 1.05 load

--------------------------------------------------
Found solution!
Number of labels used: 18
--------------------------------------------------
Time taken: 89.27 seconds
Memory used: 403.47 MB
[runlim] end:			Thu Jun 11 21:13:57 2026
[runlim] status:		ok
[runlim] result:		0
[runlim] children:		1
[runlim] processes:		2
[runlim] real:			89.42 seconds
[runlim] time:			89.37 seconds
[runlim] space:			501 MB
[runlim] load:			1.12 maximum
[runlim] samples:		895
