[runlim] version:		2.0.0rc12
[runlim] host:			ap-Precision-7550
[runlim] time limit:		311040000 seconds
[runlim] real time limit:	600 seconds
[runlim] space limit:		14000 MB
[runlim] argv[0]:		python3
[runlim] argv[1]:		-u
[runlim] argv[2]:		main_no_processing.py
[runlim] argv[3]:		TUD916.2
[runlim] argv[4]:		DSE
[runlim] argv[5]:		6
[runlim] start:			Thu Jun 11 21:13:57 2026
[runlim] child:			5630
---  DSE  [Cardinality Encoding: 6] ---
 solving MaxSAT (RC2)...
[runlim] sample:		9.99 time, 10.01 real, 847 MB, 1.04 load
[runlim] sample:		19.99 time, 20.01 real, 847 MB, 1.03 load
[runlim] sample:		29.99 time, 30.01 real, 847 MB, 1.02 load
[runlim] sample:		39.98 time, 40.01 real, 847 MB, 1.02 load
[runlim] sample:		49.98 time, 50.01 real, 847 MB, 1.02 load

--------------------------------------------------
Found solution!
Number of labels used: 48
--------------------------------------------------
Time taken: 52.73 seconds
Memory used: 736.66 MB
[runlim] end:			Thu Jun 11 21:14:50 2026
[runlim] status:		ok
[runlim] result:		0
[runlim] children:		1
[runlim] processes:		2
[runlim] real:			52.95 seconds
[runlim] time:			52.88 seconds
[runlim] space:			848 MB
[runlim] load:			1.04 maximum
[runlim] samples:		530
