[runlim] version:		2.0.0rc12
[runlim] host:			ap-Precision-7550
[runlim] time limit:		311040000 seconds
[runlim] real time limit:	600 seconds
[runlim] space limit:		14000 MB
[runlim] argv[0]:		python3
[runlim] argv[1]:		-u
[runlim] argv[2]:		main_no.py
[runlim] argv[3]:		graph03
[runlim] start:			Tue Mar 24 09:35:14 2026
[runlim] child:			33522
Building Gurobi model...
Set parameter WLSAccessID
Set parameter WLSSecret
Set parameter LicenseID to value 2663665
Academic license 2663665 - for non-commercial use only - registered to tu___@vnu.edu.vn
Build time used: 3.47 sec
Solving...
[runlim] sample:		17.08 time, 10.01 real, 467 MB, 3.28 load
[runlim] sample:		35.12 time, 20.01 real, 665 MB, 3.17 load
[runlim] sample:		75.31 time, 30.01 real, 687 MB, 3.30 load
[runlim] sample:		115.53 time, 40.01 real, 706 MB, 3.41 load
[runlim] sample:		155.74 time, 50.01 real, 667 MB, 3.50 load
{1: 778, 2: 540, 3: 652, 4: 414, 5: 736, 6: 498, 7: 708, 8: 470, 9: 156, 10: 394, 11: 708, 12: 470, 13: 792, 14: 554, 15: 114, 16: 352, 17: 16, 18: 254, 19: 58, 20: 296, 21: 30, 22: 268, 23: 86, 24: 324, 25: 694, 26: 456, 27: 750, 28: 512, 29: 736, 30: 498, 31: 142, 32: 380, 33: 44, 34: 282, 35: 652, 36: 414, 37: 778, 38: 540, 39: 114, 40: 352, 41: 16, 42: 254, 43: 708, 44: 470, 45: 736, 46: 498, 47: 708, 48: 470, 49: 778, 50: 540, 51: 142, 52: 380, 53: 652, 54: 414, 55: 764, 56: 526, 57: 764, 58: 526, 59: 128, 60: 366, 61: 708, 62: 470, 63: 778, 64: 540, 65: 736, 66: 498, 67: 750, 68: 512, 69: 30, 70: 268, 71: 652, 72: 414, 73: 652, 74: 414, 75: 736, 76: 498, 77: 750, 78: 512, 79: 16, 80: 254, 81: 100, 82: 338, 83: 30, 84: 268, 85: 16, 86: 254, 87: 778, 88: 540, 89: 86, 90: 324, 91: 778, 92: 540, 93: 44, 94: 282, 95: 240, 96: 478, 97: 30, 98: 268, 99: 142, 100: 380, 101: 792, 102: 554, 103: 142, 104: 380, 105: 764, 106: 526, 107: 100, 108: 338, 109: 652, 110: 414, 111: 16, 112: 254, 113: 44, 114: 282, 115: 156, 116: 394, 117: 778, 118: 540, 119: 750, 120: 512, 121: 736, 122: 498, 123: 778, 124: 540, 125: 652, 126: 414, 127: 72, 128: 310, 129: 114, 130: 352, 131: 30, 132: 268, 133: 722, 134: 484, 135: 708, 136: 470, 137: 680, 138: 442, 139: 778, 140: 540, 141: 114, 142: 352, 143: 736, 144: 498, 145: 128, 146: 366, 147: 72, 148: 310, 149: 128, 150: 366, 151: 750, 152: 512, 153: 778, 154: 540, 155: 722, 156: 484, 157: 778, 158: 540, 159: 736, 160: 498, 161: 722, 162: 484, 163: 114, 164: 352, 165: 708, 166: 470, 167: 30, 168: 268, 169: 666, 170: 428, 171: 666, 172: 428, 173: 750, 174: 512, 175: 694, 176: 456, 177: 44, 178: 282, 179: 722, 180: 484, 181: 680, 182: 442, 183: 708, 184: 470, 185: 652, 186: 414, 187: 736, 188: 498, 189: 44, 190: 282, 191: 30, 192: 268, 193: 72, 194: 310, 195: 58, 196: 296, 197: 722, 198: 484, 199: 30, 200: 268}

Number of labels used: 46
Total time used: 51.42 sec
Memory used: 742.07 MB
================================
[runlim] sample:		195.89 time, 60.01 real, 850 MB, 3.57 load
{1: 694, 2: 456, 3: 666, 4: 428, 5: 142, 6: 380, 7: 666, 8: 428, 9: 666, 10: 428, 11: 722, 12: 484, 13: 72, 14: 310, 15: 128, 16: 366, 17: 142, 18: 380, 19: 736, 20: 498, 21: 30, 22: 268, 23: 100, 24: 338, 25: 100, 26: 338, 27: 764, 28: 526, 29: 750, 30: 512, 31: 142, 32: 380, 33: 30, 34: 268, 35: 666, 36: 428, 37: 736, 38: 498, 39: 792, 40: 554, 41: 792, 42: 554, 43: 722, 44: 484, 45: 750, 46: 512, 47: 722, 48: 484, 49: 44, 50: 282, 51: 142, 52: 380, 53: 666, 54: 428, 55: 58, 56: 296, 57: 722, 58: 484, 59: 694, 60: 456, 61: 722, 62: 484, 63: 792, 64: 554, 65: 58, 66: 296, 67: 708, 68: 470, 69: 44, 70: 282, 71: 666, 72: 428, 73: 156, 74: 394, 75: 750, 76: 512, 77: 58, 78: 296, 79: 30, 80: 268, 81: 722, 82: 484, 83: 44, 84: 282, 85: 30, 86: 268, 87: 16, 88: 254, 89: 736, 90: 498, 91: 30, 92: 268, 93: 778, 94: 540, 95: 170, 96: 408, 97: 778, 98: 540, 99: 764, 100: 526, 101: 30, 102: 268, 103: 666, 104: 428, 105: 722, 106: 484, 107: 114, 108: 352, 109: 666, 110: 428, 111: 58, 112: 296, 113: 792, 114: 554, 115: 86, 116: 324, 117: 156, 118: 394, 119: 764, 120: 526, 121: 16, 122: 254, 123: 792, 124: 554, 125: 666, 126: 428, 127: 792, 128: 554, 129: 694, 130: 456, 131: 156, 132: 394, 133: 86, 134: 324, 135: 666, 136: 428, 137: 694, 138: 456, 139: 114, 140: 352, 141: 708, 142: 470, 143: 750, 144: 512, 145: 778, 146: 540, 147: 736, 148: 498, 149: 128, 150: 366, 151: 58, 152: 296, 153: 792, 154: 554, 155: 722, 156: 484, 157: 16, 158: 254, 159: 750, 160: 512, 161: 736, 162: 498, 163: 694, 164: 456, 165: 30, 166: 268, 167: 792, 168: 554, 169: 680, 170: 442, 171: 142, 172: 380, 173: 764, 174: 526, 175: 708, 176: 470, 177: 764, 178: 526, 179: 736, 180: 498, 181: 694, 182: 456, 183: 722, 184: 484, 185: 156, 186: 394, 187: 750, 188: 512, 189: 778, 190: 540, 191: 30, 192: 268, 193: 750, 194: 512, 195: 764, 196: 526, 197: 114, 198: 352, 199: 764, 200: 526}

Number of labels used: 44
Total time used: 62.56 sec
Memory used: 858.95 MB
================================
{1: 694, 2: 456, 3: 142, 4: 380, 5: 142, 6: 380, 7: 142, 8: 380, 9: 680, 10: 442, 11: 142, 12: 380, 13: 58, 14: 296, 15: 114, 16: 352, 17: 114, 18: 352, 19: 736, 20: 498, 21: 16, 22: 254, 23: 86, 24: 324, 25: 666, 26: 428, 27: 680, 28: 442, 29: 666, 30: 428, 31: 128, 32: 366, 33: 736, 34: 498, 35: 142, 36: 380, 37: 750, 38: 512, 39: 16, 40: 254, 41: 764, 42: 526, 43: 680, 44: 442, 45: 58, 46: 296, 47: 86, 48: 324, 49: 30, 50: 268, 51: 128, 52: 366, 53: 142, 54: 380, 55: 44, 56: 282, 57: 736, 58: 498, 59: 114, 60: 352, 61: 680, 62: 442, 63: 16, 64: 254, 65: 708, 66: 470, 67: 722, 68: 484, 69: 750, 70: 512, 71: 142, 72: 380, 73: 142, 74: 380, 75: 708, 76: 470, 77: 736, 78: 498, 79: 16, 80: 254, 81: 86, 82: 324, 83: 30, 84: 268, 85: 16, 86: 254, 87: 750, 88: 512, 89: 750, 90: 512, 91: 16, 92: 254, 93: 30, 94: 268, 95: 142, 96: 380, 97: 750, 98: 512, 99: 44, 100: 282, 101: 16, 102: 254, 103: 142, 104: 380, 105: 694, 106: 456, 107: 666, 108: 428, 109: 128, 110: 366, 111: 16, 112: 254, 113: 16, 114: 254, 115: 792, 116: 554, 117: 142, 118: 380, 119: 722, 120: 484, 121: 708, 122: 470, 123: 750, 124: 512, 125: 142, 126: 380, 127: 72, 128: 310, 129: 16, 130: 254, 131: 142, 132: 380, 133: 72, 134: 310, 135: 680, 136: 442, 137: 114, 138: 352, 139: 764, 140: 526, 141: 100, 142: 338, 143: 708, 144: 470, 145: 30, 146: 268, 147: 694, 148: 456, 149: 128, 150: 366, 151: 44, 152: 282, 153: 750, 154: 512, 155: 86, 156: 324, 157: 750, 158: 512, 159: 58, 160: 296, 161: 694, 162: 456, 163: 652, 164: 414, 165: 86, 166: 324, 167: 16, 168: 254, 169: 128, 170: 366, 171: 128, 172: 366, 173: 44, 174: 282, 175: 666, 176: 428, 177: 30, 178: 268, 179: 58, 180: 296, 181: 652, 182: 414, 183: 86, 184: 324, 185: 142, 186: 380, 187: 58, 188: 296, 189: 30, 190: 268, 191: 16, 192: 254, 193: 708, 194: 470, 195: 778, 196: 540, 197: 128, 198: 366, 199: 30, 200: 268}

Number of labels used: 42
Total time used: 62.57 sec
Memory used: 858.95 MB
================================
[runlim] sample:		236.09 time, 70.01 real, 864 MB, 3.71 load
[runlim] sample:		276.35 time, 80.01 real, 868 MB, 3.76 load
[runlim] sample:		316.58 time, 90.01 real, 869 MB, 3.80 load
{1: 694, 2: 456, 3: 142, 4: 380, 5: 142, 6: 380, 7: 142, 8: 380, 9: 680, 10: 442, 11: 142, 12: 380, 13: 58, 14: 296, 15: 114, 16: 352, 17: 114, 18: 352, 19: 736, 20: 498, 21: 16, 22: 254, 23: 86, 24: 324, 25: 666, 26: 428, 27: 680, 28: 442, 29: 666, 30: 428, 31: 128, 32: 366, 33: 736, 34: 498, 35: 142, 36: 380, 37: 750, 38: 512, 39: 16, 40: 254, 41: 16, 42: 254, 43: 680, 44: 442, 45: 58, 46: 296, 47: 86, 48: 324, 49: 30, 50: 268, 51: 128, 52: 366, 53: 142, 54: 380, 55: 44, 56: 282, 57: 736, 58: 498, 59: 114, 60: 352, 61: 680, 62: 442, 63: 16, 64: 254, 65: 708, 66: 470, 67: 722, 68: 484, 69: 750, 70: 512, 71: 142, 72: 380, 73: 142, 74: 380, 75: 708, 76: 470, 77: 736, 78: 498, 79: 16, 80: 254, 81: 86, 82: 324, 83: 30, 84: 268, 85: 16, 86: 254, 87: 750, 88: 512, 89: 750, 90: 512, 91: 16, 92: 254, 93: 30, 94: 268, 95: 142, 96: 380, 97: 750, 98: 512, 99: 44, 100: 282, 101: 16, 102: 254, 103: 142, 104: 380, 105: 86, 106: 324, 107: 666, 108: 428, 109: 128, 110: 366, 111: 16, 112: 254, 113: 16, 114: 254, 115: 736, 116: 498, 117: 142, 118: 380, 119: 722, 120: 484, 121: 708, 122: 470, 123: 750, 124: 512, 125: 142, 126: 380, 127: 72, 128: 310, 129: 16, 130: 254, 131: 142, 132: 380, 133: 72, 134: 310, 135: 142, 136: 380, 137: 114, 138: 352, 139: 86, 140: 324, 141: 100, 142: 338, 143: 708, 144: 470, 145: 30, 146: 268, 147: 694, 148: 456, 149: 128, 150: 366, 151: 44, 152: 282, 153: 750, 154: 512, 155: 86, 156: 324, 157: 16, 158: 254, 159: 58, 160: 296, 161: 694, 162: 456, 163: 652, 164: 414, 165: 86, 166: 324, 167: 16, 168: 254, 169: 128, 170: 366, 171: 128, 172: 366, 173: 44, 174: 282, 175: 666, 176: 428, 177: 30, 178: 268, 179: 58, 180: 296, 181: 652, 182: 414, 183: 86, 184: 324, 185: 142, 186: 380, 187: 58, 188: 296, 189: 30, 190: 268, 191: 16, 192: 254, 193: 708, 194: 470, 195: 778, 196: 540, 197: 128, 198: 366, 199: 30, 200: 268}

Number of labels used: 38
Total time used: 93.93 sec
Memory used: 895.12 MB
================================
[runlim] sample:		356.83 time, 100.01 real, 900 MB, 3.83 load
{1: 72, 2: 310, 3: 666, 4: 428, 5: 114, 6: 352, 7: 666, 8: 428, 9: 666, 10: 428, 11: 666, 12: 428, 13: 72, 14: 310, 15: 128, 16: 366, 17: 114, 18: 352, 19: 736, 20: 498, 21: 792, 22: 554, 23: 100, 24: 338, 25: 708, 26: 470, 27: 708, 28: 470, 29: 694, 30: 456, 31: 30, 32: 268, 33: 30, 34: 268, 35: 666, 36: 428, 37: 30, 38: 268, 39: 16, 40: 254, 41: 792, 42: 554, 43: 722, 44: 484, 45: 30, 46: 268, 47: 722, 48: 484, 49: 778, 50: 540, 51: 680, 52: 442, 53: 666, 54: 428, 55: 764, 56: 526, 57: 722, 58: 484, 59: 694, 60: 456, 61: 722, 62: 484, 63: 792, 64: 554, 65: 30, 66: 268, 67: 708, 68: 470, 69: 778, 70: 540, 71: 666, 72: 428, 73: 156, 74: 394, 75: 72, 76: 310, 77: 58, 78: 296, 79: 30, 80: 268, 81: 722, 82: 484, 83: 778, 84: 540, 85: 30, 86: 268, 87: 792, 88: 554, 89: 736, 90: 498, 91: 16, 92: 254, 93: 778, 94: 540, 95: 142, 96: 380, 97: 778, 98: 540, 99: 764, 100: 526, 101: 792, 102: 554, 103: 666, 104: 428, 105: 722, 106: 484, 107: 708, 108: 470, 109: 666, 110: 428, 111: 792, 112: 554, 113: 792, 114: 554, 115: 58, 116: 296, 117: 666, 118: 428, 119: 764, 120: 526, 121: 694, 122: 456, 123: 792, 124: 554, 125: 666, 126: 428, 127: 736, 128: 498, 129: 694, 130: 456, 131: 666, 132: 428, 133: 708, 134: 470, 135: 666, 136: 428, 137: 694, 138: 456, 139: 722, 140: 484, 141: 708, 142: 470, 143: 72, 144: 310, 145: 778, 146: 540, 147: 736, 148: 498, 149: 142, 150: 380, 151: 764, 152: 526, 153: 792, 154: 554, 155: 722, 156: 484, 157: 792, 158: 554, 159: 30, 160: 268, 161: 736, 162: 498, 163: 694, 164: 456, 165: 58, 166: 296, 167: 792, 168: 554, 169: 680, 170: 442, 171: 680, 172: 442, 173: 764, 174: 526, 175: 708, 176: 470, 177: 764, 178: 526, 179: 736, 180: 498, 181: 694, 182: 456, 183: 722, 184: 484, 185: 666, 186: 428, 187: 58, 188: 296, 189: 778, 190: 540, 191: 792, 192: 554, 193: 100, 194: 338, 195: 764, 196: 526, 197: 114, 198: 352, 199: 764, 200: 526}

Number of labels used: 36
Total time used: 100.94 sec
Memory used: 900.88 MB
================================
{1: 72, 2: 310, 3: 666, 4: 428, 5: 114, 6: 352, 7: 666, 8: 428, 9: 666, 10: 428, 11: 666, 12: 428, 13: 72, 14: 310, 15: 128, 16: 366, 17: 114, 18: 352, 19: 736, 20: 498, 21: 792, 22: 554, 23: 100, 24: 338, 25: 708, 26: 470, 27: 708, 28: 470, 29: 694, 30: 456, 31: 30, 32: 268, 33: 30, 34: 268, 35: 666, 36: 428, 37: 30, 38: 268, 39: 16, 40: 254, 41: 792, 42: 554, 43: 722, 44: 484, 45: 30, 46: 268, 47: 722, 48: 484, 49: 778, 50: 540, 51: 680, 52: 442, 53: 666, 54: 428, 55: 764, 56: 526, 57: 722, 58: 484, 59: 694, 60: 456, 61: 722, 62: 484, 63: 792, 64: 554, 65: 30, 66: 268, 67: 708, 68: 470, 69: 778, 70: 540, 71: 666, 72: 428, 73: 156, 74: 394, 75: 72, 76: 310, 77: 58, 78: 296, 79: 30, 80: 268, 81: 722, 82: 484, 83: 778, 84: 540, 85: 30, 86: 268, 87: 792, 88: 554, 89: 736, 90: 498, 91: 16, 92: 254, 93: 778, 94: 540, 95: 142, 96: 380, 97: 778, 98: 540, 99: 764, 100: 526, 101: 792, 102: 554, 103: 666, 104: 428, 105: 722, 106: 484, 107: 708, 108: 470, 109: 666, 110: 428, 111: 792, 112: 554, 113: 792, 114: 554, 115: 58, 116: 296, 117: 666, 118: 428, 119: 764, 120: 526, 121: 694, 122: 456, 123: 792, 124: 554, 125: 666, 126: 428, 127: 736, 128: 498, 129: 694, 130: 456, 131: 666, 132: 428, 133: 708, 134: 470, 135: 666, 136: 428, 137: 694, 138: 456, 139: 722, 140: 484, 141: 708, 142: 470, 143: 72, 144: 310, 145: 778, 146: 540, 147: 736, 148: 498, 149: 142, 150: 380, 151: 764, 152: 526, 153: 792, 154: 554, 155: 722, 156: 484, 157: 792, 158: 554, 159: 30, 160: 268, 161: 736, 162: 498, 163: 694, 164: 456, 165: 58, 166: 296, 167: 792, 168: 554, 169: 680, 170: 442, 171: 680, 172: 442, 173: 764, 174: 526, 175: 708, 176: 470, 177: 764, 178: 526, 179: 736, 180: 498, 181: 694, 182: 456, 183: 722, 184: 484, 185: 666, 186: 428, 187: 58, 188: 296, 189: 778, 190: 540, 191: 792, 192: 554, 193: 100, 194: 338, 195: 764, 196: 526, 197: 114, 198: 352, 199: 764, 200: 526}

Number of labels used: 36
Total time used: 100.95 sec
Memory used: 900.88 MB
================================
{1: 694, 2: 456, 3: 666, 4: 428, 5: 30, 6: 268, 7: 666, 8: 428, 9: 666, 10: 428, 11: 666, 12: 428, 13: 72, 14: 310, 15: 128, 16: 366, 17: 114, 18: 352, 19: 736, 20: 498, 21: 792, 22: 554, 23: 128, 24: 366, 25: 708, 26: 470, 27: 708, 28: 470, 29: 694, 30: 456, 31: 30, 32: 268, 33: 30, 34: 268, 35: 142, 36: 380, 37: 736, 38: 498, 39: 792, 40: 554, 41: 792, 42: 554, 43: 722, 44: 484, 45: 30, 46: 268, 47: 722, 48: 484, 49: 778, 50: 540, 51: 680, 52: 442, 53: 666, 54: 428, 55: 764, 56: 526, 57: 722, 58: 484, 59: 694, 60: 456, 61: 722, 62: 484, 63: 792, 64: 554, 65: 30, 66: 268, 67: 708, 68: 470, 69: 778, 70: 540, 71: 666, 72: 428, 73: 666, 74: 428, 75: 72, 76: 310, 77: 58, 78: 296, 79: 792, 80: 554, 81: 722, 82: 484, 83: 778, 84: 540, 85: 30, 86: 268, 87: 792, 88: 554, 89: 736, 90: 498, 91: 792, 92: 554, 93: 778, 94: 540, 95: 142, 96: 380, 97: 778, 98: 540, 99: 764, 100: 526, 101: 792, 102: 554, 103: 666, 104: 428, 105: 722, 106: 484, 107: 708, 108: 470, 109: 666, 110: 428, 111: 792, 112: 554, 113: 792, 114: 554, 115: 58, 116: 296, 117: 666, 118: 428, 119: 764, 120: 526, 121: 694, 122: 456, 123: 792, 124: 554, 125: 666, 126: 428, 127: 736, 128: 498, 129: 694, 130: 456, 131: 666, 132: 428, 133: 736, 134: 498, 135: 666, 136: 428, 137: 694, 138: 456, 139: 722, 140: 484, 141: 708, 142: 470, 143: 30, 144: 268, 145: 30, 146: 268, 147: 736, 148: 498, 149: 142, 150: 380, 151: 764, 152: 526, 153: 792, 154: 554, 155: 722, 156: 484, 157: 792, 158: 554, 159: 30, 160: 268, 161: 736, 162: 498, 163: 694, 164: 456, 165: 114, 166: 352, 167: 792, 168: 554, 169: 680, 170: 442, 171: 680, 172: 442, 173: 764, 174: 526, 175: 708, 176: 470, 177: 764, 178: 526, 179: 736, 180: 498, 181: 694, 182: 456, 183: 722, 184: 484, 185: 666, 186: 428, 187: 58, 188: 296, 189: 778, 190: 540, 191: 792, 192: 554, 193: 100, 194: 338, 195: 764, 196: 526, 197: 114, 198: 352, 199: 764, 200: 526}

Number of labels used: 32
Total time used: 109.01 sec
Memory used: 901.22 MB
================================
[runlim] sample:		397.04 time, 110.01 real, 901 MB, 3.85 load
[runlim] sample:		414.87 time, 120.01 real, 850 MB, 3.42 load
[runlim] sample:		425.02 time, 130.01 real, 857 MB, 3.04 load
[runlim] sample:		435.16 time, 140.01 real, 880 MB, 2.80 load
[runlim] sample:		445.34 time, 150.01 real, 881 MB, 2.60 load
[runlim] sample:		455.52 time, 160.01 real, 933 MB, 2.36 load
[runlim] sample:		478.35 time, 170.01 real, 933 MB, 2.39 load
[runlim] sample:		518.51 time, 180.01 real, 935 MB, 2.64 load
[runlim] sample:		558.67 time, 190.01 real, 1015 MB, 2.85 load
[runlim] sample:		598.84 time, 200.01 real, 1050 MB, 3.10 load
[runlim] sample:		638.99 time, 210.01 real, 1306 MB, 3.24 load
[runlim] sample:		677.45 time, 220.01 real, 1368 MB, 3.36 load
{1: 694, 2: 456, 3: 666, 4: 428, 5: 30, 6: 268, 7: 666, 8: 428, 9: 666, 10: 428, 11: 666, 12: 428, 13: 72, 14: 310, 15: 128, 16: 366, 17: 114, 18: 352, 19: 736, 20: 498, 21: 792, 22: 554, 23: 128, 24: 366, 25: 708, 26: 470, 27: 708, 28: 470, 29: 694, 30: 456, 31: 128, 32: 366, 33: 30, 34: 268, 35: 142, 36: 380, 37: 736, 38: 498, 39: 792, 40: 554, 41: 792, 42: 554, 43: 128, 44: 366, 45: 30, 46: 268, 47: 722, 48: 484, 49: 778, 50: 540, 51: 680, 52: 442, 53: 666, 54: 428, 55: 764, 56: 526, 57: 722, 58: 484, 59: 694, 60: 456, 61: 722, 62: 484, 63: 792, 64: 554, 65: 30, 66: 268, 67: 708, 68: 470, 69: 778, 70: 540, 71: 666, 72: 428, 73: 666, 74: 428, 75: 72, 76: 310, 77: 58, 78: 296, 79: 792, 80: 554, 81: 722, 82: 484, 83: 778, 84: 540, 85: 30, 86: 268, 87: 792, 88: 554, 89: 736, 90: 498, 91: 792, 92: 554, 93: 778, 94: 540, 95: 142, 96: 380, 97: 778, 98: 540, 99: 764, 100: 526, 101: 792, 102: 554, 103: 666, 104: 428, 105: 722, 106: 484, 107: 708, 108: 470, 109: 666, 110: 428, 111: 792, 112: 554, 113: 792, 114: 554, 115: 58, 116: 296, 117: 666, 118: 428, 119: 764, 120: 526, 121: 694, 122: 456, 123: 792, 124: 554, 125: 666, 126: 428, 127: 736, 128: 498, 129: 694, 130: 456, 131: 666, 132: 428, 133: 736, 134: 498, 135: 666, 136: 428, 137: 694, 138: 456, 139: 722, 140: 484, 141: 708, 142: 470, 143: 30, 144: 268, 145: 30, 146: 268, 147: 736, 148: 498, 149: 128, 150: 366, 151: 764, 152: 526, 153: 792, 154: 554, 155: 722, 156: 484, 157: 792, 158: 554, 159: 30, 160: 268, 161: 736, 162: 498, 163: 694, 164: 456, 165: 114, 166: 352, 167: 792, 168: 554, 169: 680, 170: 442, 171: 680, 172: 442, 173: 764, 174: 526, 175: 708, 176: 470, 177: 764, 178: 526, 179: 736, 180: 498, 181: 694, 182: 456, 183: 722, 184: 484, 185: 666, 186: 428, 187: 58, 188: 296, 189: 778, 190: 540, 191: 792, 192: 554, 193: 58, 194: 296, 195: 764, 196: 526, 197: 114, 198: 352, 199: 764, 200: 526}

Number of labels used: 30
Total time used: 220.16 sec
Memory used: 1369.49 MB
================================
[runlim] sample:		717.44 time, 230.01 real, 1599 MB, 3.46 load
[runlim] sample:		757.62 time, 240.01 real, 1600 MB, 3.54 load
[runlim] sample:		797.80 time, 250.01 real, 1600 MB, 3.69 load
[runlim] sample:		837.98 time, 260.01 real, 1601 MB, 3.74 load
[runlim] sample:		878.14 time, 270.01 real, 1600 MB, 3.85 load
[runlim] sample:		918.30 time, 280.01 real, 1877 MB, 3.87 load
[runlim] sample:		958.47 time, 290.01 real, 1875 MB, 3.89 load
[runlim] sample:		998.64 time, 300.01 real, 1901 MB, 3.91 load
[runlim] sample:		1038.80 time, 310.01 real, 1900 MB, 3.92 load
{1: 694, 2: 456, 3: 666, 4: 428, 5: 30, 6: 268, 7: 666, 8: 428, 9: 666, 10: 428, 11: 666, 12: 428, 13: 58, 14: 296, 15: 128, 16: 366, 17: 114, 18: 352, 19: 736, 20: 498, 21: 792, 22: 554, 23: 114, 24: 352, 25: 708, 26: 470, 27: 708, 28: 470, 29: 694, 30: 456, 31: 128, 32: 366, 33: 764, 34: 526, 35: 666, 36: 428, 37: 736, 38: 498, 39: 792, 40: 554, 41: 792, 42: 554, 43: 128, 44: 366, 45: 30, 46: 268, 47: 722, 48: 484, 49: 778, 50: 540, 51: 680, 52: 442, 53: 666, 54: 428, 55: 764, 56: 526, 57: 722, 58: 484, 59: 694, 60: 456, 61: 722, 62: 484, 63: 792, 64: 554, 65: 58, 66: 296, 67: 708, 68: 470, 69: 778, 70: 540, 71: 666, 72: 428, 73: 666, 74: 428, 75: 30, 76: 268, 77: 764, 78: 526, 79: 792, 80: 554, 81: 722, 82: 484, 83: 778, 84: 540, 85: 30, 86: 268, 87: 792, 88: 554, 89: 736, 90: 498, 91: 792, 92: 554, 93: 778, 94: 540, 95: 142, 96: 380, 97: 778, 98: 540, 99: 764, 100: 526, 101: 792, 102: 554, 103: 666, 104: 428, 105: 722, 106: 484, 107: 708, 108: 470, 109: 666, 110: 428, 111: 792, 112: 554, 113: 792, 114: 554, 115: 58, 116: 296, 117: 666, 118: 428, 119: 764, 120: 526, 121: 694, 122: 456, 123: 792, 124: 554, 125: 666, 126: 428, 127: 736, 128: 498, 129: 694, 130: 456, 131: 666, 132: 428, 133: 736, 134: 498, 135: 666, 136: 428, 137: 694, 138: 456, 139: 722, 140: 484, 141: 708, 142: 470, 143: 30, 144: 268, 145: 778, 146: 540, 147: 736, 148: 498, 149: 128, 150: 366, 151: 764, 152: 526, 153: 792, 154: 554, 155: 722, 156: 484, 157: 792, 158: 554, 159: 30, 160: 268, 161: 114, 162: 352, 163: 694, 164: 456, 165: 722, 166: 484, 167: 792, 168: 554, 169: 680, 170: 442, 171: 680, 172: 442, 173: 764, 174: 526, 175: 708, 176: 470, 177: 764, 178: 526, 179: 736, 180: 498, 181: 694, 182: 456, 183: 722, 184: 484, 185: 666, 186: 428, 187: 58, 188: 296, 189: 778, 190: 540, 191: 792, 192: 554, 193: 58, 194: 296, 195: 764, 196: 526, 197: 114, 198: 352, 199: 764, 200: 526}

Number of labels used: 28
Total time used: 313.50 sec
Memory used: 1910.60 MB
================================
[runlim] sample:		1078.97 time, 320.01 real, 1910 MB, 3.94 load
[runlim] sample:		1119.14 time, 330.01 real, 1907 MB, 3.95 load
[runlim] sample:		1159.30 time, 340.01 real, 1910 MB, 3.96 load
[runlim] sample:		1199.48 time, 350.01 real, 1910 MB, 3.96 load
[runlim] sample:		1239.64 time, 360.01 real, 1945 MB, 3.97 load
[runlim] sample:		1279.79 time, 370.01 real, 1922 MB, 3.97 load
[runlim] sample:		1319.94 time, 380.01 real, 1937 MB, 3.98 load
[runlim] sample:		1360.11 time, 390.01 real, 1936 MB, 4.06 load
[runlim] sample:		1400.27 time, 400.01 real, 1941 MB, 4.05 load
[runlim] sample:		1440.44 time, 410.01 real, 1936 MB, 4.04 load
[runlim] sample:		1480.60 time, 420.01 real, 1949 MB, 4.03 load
[runlim] sample:		1520.76 time, 430.01 real, 1937 MB, 4.03 load
[runlim] sample:		1560.91 time, 440.01 real, 1956 MB, 4.02 load
[runlim] sample:		1601.08 time, 450.01 real, 1937 MB, 4.02 load
[runlim] sample:		1639.83 time, 460.01 real, 1935 MB, 4.17 load
[runlim] sample:		1679.98 time, 470.01 real, 1936 MB, 4.22 load
[runlim] sample:		1720.15 time, 480.01 real, 1935 MB, 4.18 load
{1: 694, 2: 456, 3: 666, 4: 428, 5: 30, 6: 268, 7: 666, 8: 428, 9: 268, 10: 30, 11: 666, 12: 428, 13: 750, 14: 512, 15: 114, 16: 352, 17: 114, 18: 352, 19: 736, 20: 498, 21: 792, 22: 554, 23: 114, 24: 352, 25: 114, 26: 352, 27: 708, 28: 470, 29: 694, 30: 456, 31: 142, 32: 380, 33: 764, 34: 526, 35: 142, 36: 380, 37: 114, 38: 352, 39: 792, 40: 554, 41: 792, 42: 554, 43: 722, 44: 484, 45: 750, 46: 512, 47: 722, 48: 484, 49: 778, 50: 540, 51: 680, 52: 442, 53: 666, 54: 428, 55: 764, 56: 526, 57: 722, 58: 484, 59: 694, 60: 456, 61: 722, 62: 484, 63: 792, 64: 554, 65: 750, 66: 512, 67: 708, 68: 470, 69: 778, 70: 540, 71: 666, 72: 428, 73: 666, 74: 428, 75: 750, 76: 512, 77: 764, 78: 526, 79: 792, 80: 554, 81: 722, 82: 484, 83: 778, 84: 540, 85: 792, 86: 554, 87: 792, 88: 554, 89: 736, 90: 498, 91: 792, 92: 554, 93: 778, 94: 540, 95: 142, 96: 380, 97: 778, 98: 540, 99: 764, 100: 526, 101: 792, 102: 554, 103: 666, 104: 428, 105: 722, 106: 484, 107: 708, 108: 470, 109: 666, 110: 428, 111: 792, 112: 554, 113: 792, 114: 554, 115: 30, 116: 268, 117: 666, 118: 428, 119: 764, 120: 526, 121: 694, 122: 456, 123: 792, 124: 554, 125: 666, 126: 428, 127: 736, 128: 498, 129: 694, 130: 456, 131: 30, 132: 268, 133: 736, 134: 498, 135: 666, 136: 428, 137: 694, 138: 456, 139: 722, 140: 484, 141: 708, 142: 470, 143: 30, 144: 268, 145: 778, 146: 540, 147: 736, 148: 498, 149: 142, 150: 380, 151: 764, 152: 526, 153: 792, 154: 554, 155: 722, 156: 484, 157: 792, 158: 554, 159: 750, 160: 512, 161: 736, 162: 498, 163: 694, 164: 456, 165: 722, 166: 484, 167: 792, 168: 554, 169: 680, 170: 442, 171: 680, 172: 442, 173: 764, 174: 526, 175: 708, 176: 470, 177: 764, 178: 526, 179: 736, 180: 498, 181: 694, 182: 456, 183: 722, 184: 484, 185: 666, 186: 428, 187: 750, 188: 512, 189: 778, 190: 540, 191: 792, 192: 554, 193: 750, 194: 512, 195: 764, 196: 526, 197: 142, 198: 380, 199: 764, 200: 526}

Number of labels used: 26
Total time used: 483.78 sec
Memory used: 1946.46 MB
================================
{1: 694, 2: 456, 3: 666, 4: 428, 5: 30, 6: 268, 7: 666, 8: 428, 9: 268, 10: 30, 11: 666, 12: 428, 13: 750, 14: 512, 15: 114, 16: 352, 17: 114, 18: 352, 19: 736, 20: 498, 21: 792, 22: 554, 23: 114, 24: 352, 25: 114, 26: 352, 27: 708, 28: 470, 29: 694, 30: 456, 31: 142, 32: 380, 33: 764, 34: 526, 35: 142, 36: 380, 37: 114, 38: 352, 39: 792, 40: 554, 41: 792, 42: 554, 43: 722, 44: 484, 45: 750, 46: 512, 47: 722, 48: 484, 49: 778, 50: 540, 51: 680, 52: 442, 53: 666, 54: 428, 55: 764, 56: 526, 57: 722, 58: 484, 59: 694, 60: 456, 61: 722, 62: 484, 63: 792, 64: 554, 65: 750, 66: 512, 67: 708, 68: 470, 69: 778, 70: 540, 71: 666, 72: 428, 73: 666, 74: 428, 75: 750, 76: 512, 77: 764, 78: 526, 79: 792, 80: 554, 81: 722, 82: 484, 83: 778, 84: 540, 85: 792, 86: 554, 87: 792, 88: 554, 89: 736, 90: 498, 91: 792, 92: 554, 93: 778, 94: 540, 95: 142, 96: 380, 97: 778, 98: 540, 99: 764, 100: 526, 101: 792, 102: 554, 103: 666, 104: 428, 105: 722, 106: 484, 107: 708, 108: 470, 109: 666, 110: 428, 111: 792, 112: 554, 113: 792, 114: 554, 115: 30, 116: 268, 117: 666, 118: 428, 119: 764, 120: 526, 121: 694, 122: 456, 123: 792, 124: 554, 125: 666, 126: 428, 127: 736, 128: 498, 129: 694, 130: 456, 131: 30, 132: 268, 133: 736, 134: 498, 135: 666, 136: 428, 137: 694, 138: 456, 139: 722, 140: 484, 141: 708, 142: 470, 143: 30, 144: 268, 145: 778, 146: 540, 147: 736, 148: 498, 149: 142, 150: 380, 151: 764, 152: 526, 153: 792, 154: 554, 155: 722, 156: 484, 157: 792, 158: 554, 159: 750, 160: 512, 161: 736, 162: 498, 163: 694, 164: 456, 165: 722, 166: 484, 167: 792, 168: 554, 169: 680, 170: 442, 171: 680, 172: 442, 173: 764, 174: 526, 175: 708, 176: 470, 177: 764, 178: 526, 179: 736, 180: 498, 181: 694, 182: 456, 183: 722, 184: 484, 185: 666, 186: 428, 187: 750, 188: 512, 189: 778, 190: 540, 191: 792, 192: 554, 193: 750, 194: 512, 195: 764, 196: 526, 197: 142, 198: 380, 199: 764, 200: 526}

Number of labels used: 26
Total time used: 483.79 sec
Memory used: 1946.46 MB
================================
[runlim] sample:		1760.30 time, 490.01 real, 1983 MB, 4.16 load
[runlim] sample:		1800.44 time, 500.01 real, 1935 MB, 4.13 load
[runlim] sample:		1840.60 time, 510.01 real, 1936 MB, 4.18 load
[runlim] sample:		1880.79 time, 520.01 real, 1937 MB, 4.16 load
{1: 694, 2: 456, 3: 666, 4: 428, 5: 30, 6: 268, 7: 666, 8: 428, 9: 268, 10: 30, 11: 666, 12: 428, 13: 750, 14: 512, 15: 114, 16: 352, 17: 114, 18: 352, 19: 736, 20: 498, 21: 792, 22: 554, 23: 30, 24: 268, 25: 114, 26: 352, 27: 708, 28: 470, 29: 694, 30: 456, 31: 142, 32: 380, 33: 764, 34: 526, 35: 142, 36: 380, 37: 114, 38: 352, 39: 792, 40: 554, 41: 792, 42: 554, 43: 722, 44: 484, 45: 750, 46: 512, 47: 722, 48: 484, 49: 778, 50: 540, 51: 114, 52: 352, 53: 666, 54: 428, 55: 764, 56: 526, 57: 722, 58: 484, 59: 142, 60: 380, 61: 722, 62: 484, 63: 792, 64: 554, 65: 750, 66: 512, 67: 708, 68: 470, 69: 778, 70: 540, 71: 666, 72: 428, 73: 666, 74: 428, 75: 750, 76: 512, 77: 764, 78: 526, 79: 792, 80: 554, 81: 722, 82: 484, 83: 778, 84: 540, 85: 792, 86: 554, 87: 792, 88: 554, 89: 736, 90: 498, 91: 792, 92: 554, 93: 778, 94: 540, 95: 142, 96: 380, 97: 778, 98: 540, 99: 764, 100: 526, 101: 792, 102: 554, 103: 666, 104: 428, 105: 722, 106: 484, 107: 708, 108: 470, 109: 666, 110: 428, 111: 792, 112: 554, 113: 792, 114: 554, 115: 750, 116: 512, 117: 666, 118: 428, 119: 764, 120: 526, 121: 694, 122: 456, 123: 792, 124: 554, 125: 666, 126: 428, 127: 736, 128: 498, 129: 694, 130: 456, 131: 30, 132: 268, 133: 736, 134: 498, 135: 666, 136: 428, 137: 694, 138: 456, 139: 722, 140: 484, 141: 708, 142: 470, 143: 30, 144: 268, 145: 778, 146: 540, 147: 736, 148: 498, 149: 142, 150: 380, 151: 764, 152: 526, 153: 792, 154: 554, 155: 722, 156: 484, 157: 792, 158: 554, 159: 750, 160: 512, 161: 736, 162: 498, 163: 694, 164: 456, 165: 722, 166: 484, 167: 792, 168: 554, 169: 142, 170: 380, 171: 142, 172: 380, 173: 764, 174: 526, 175: 708, 176: 470, 177: 764, 178: 526, 179: 736, 180: 498, 181: 694, 182: 456, 183: 722, 184: 484, 185: 666, 186: 428, 187: 750, 188: 512, 189: 778, 190: 540, 191: 792, 192: 554, 193: 750, 194: 512, 195: 764, 196: 526, 197: 142, 198: 380, 199: 764, 200: 526}

Number of labels used: 24
Total time used: 521.20 sec
Memory used: 1937.65 MB
================================
[runlim] sample:		1920.98 time, 530.01 real, 1942 MB, 4.21 load
[runlim] sample:		1961.17 time, 540.01 real, 1943 MB, 4.17 load
[runlim] sample:		2001.35 time, 550.01 real, 1936 MB, 4.22 load
[runlim] sample:		2041.53 time, 560.01 real, 1937 MB, 4.19 load
[runlim] sample:		2081.70 time, 570.01 real, 1936 MB, 4.23 load
[runlim] sample:		2121.90 time, 580.01 real, 1937 MB, 4.20 load
[runlim] sample:		2162.09 time, 590.01 real, 1937 MB, 4.24 load
[runlim] sample:		2202.26 time, 600.01 real, 1933 MB, 4.20 load
[runlim] end:			Tue Mar 24 09:45:15 2026
[runlim] status:		out of time
[runlim] result:		2
[runlim] children:		1
[runlim] processes:		2
[runlim] real:			601.06 seconds
[runlim] time:			2202.26 seconds
[runlim] space:			2122 MB
[runlim] load:			4.26 maximum
[runlim] samples:		6000
