[runlim] version:		2.0.0rc12
[runlim] host:			ap-Precision-7550
[runlim] time limit:		311040000 seconds
[runlim] real time limit:	600 seconds
[runlim] space limit:		14000 MB
[runlim] argv[0]:		python3
[runlim] argv[1]:		-u
[runlim] argv[2]:		main_no.py
[runlim] argv[3]:		TUD200.4
[runlim] start:			Tue Mar 24 10:08:07 2026
[runlim] child:			33781
Building Gurobi model...
Set parameter WLSAccessID
Set parameter WLSSecret
Set parameter LicenseID to value 2663665
Academic license 2663665 - for non-commercial use only - registered to tu___@vnu.edu.vn
Build time used: 3.11 sec
Solving...
{1: 86, 2: 324, 3: 86, 4: 324, 5: 708, 6: 470, 7: 156, 8: 394, 9: 114, 10: 352, 11: 694, 12: 456, 13: 86, 14: 324, 15: 114, 16: 352, 17: 156, 18: 394, 19: 100, 20: 338, 21: 156, 22: 394, 23: 86, 24: 324, 25: 100, 26: 338, 27: 792, 28: 554, 29: 170, 30: 408, 31: 128, 32: 366, 33: 72, 34: 310, 35: 156, 36: 394, 37: 128, 38: 366, 39: 100, 40: 338, 41: 680, 42: 442, 43: 792, 44: 554, 45: 170, 46: 408, 47: 72, 48: 310, 49: 694, 50: 456, 51: 100, 52: 338, 53: 142, 54: 380, 55: 86, 56: 324, 57: 156, 58: 394, 59: 170, 60: 408, 61: 114, 62: 352, 63: 792, 64: 554, 65: 240, 66: 478, 67: 100, 68: 338, 69: 128, 70: 366, 71: 792, 72: 554, 73: 142, 74: 380, 75: 72, 76: 310, 77: 128, 78: 366, 79: 72, 80: 310, 81: 128, 82: 366, 83: 72, 84: 310, 85: 170, 86: 408, 87: 128, 88: 366, 89: 680, 90: 442, 91: 170, 92: 408, 93: 240, 94: 478, 95: 156, 96: 394, 97: 792, 98: 554, 99: 114, 100: 352, 101: 72, 102: 310, 103: 792, 104: 554, 105: 72, 106: 310, 107: 156, 108: 394, 109: 652, 110: 414, 111: 170, 112: 408, 113: 72, 114: 310, 115: 100, 116: 338, 117: 72, 118: 310, 119: 100, 120: 338, 121: 72, 122: 310, 123: 86, 124: 324, 125: 72, 126: 310, 127: 128, 128: 366, 129: 72, 130: 310, 131: 736, 132: 498, 133: 750, 134: 512, 135: 170, 136: 408, 137: 86, 138: 324, 139: 128, 140: 366, 141: 156, 142: 394, 143: 708, 144: 470, 145: 240, 146: 478, 147: 72, 148: 310, 149: 114, 150: 352, 151: 652, 152: 414, 153: 86, 154: 324, 155: 114, 156: 352, 157: 114, 158: 352, 159: 86, 160: 324, 161: 72, 162: 310, 163: 86, 164: 324, 165: 652, 166: 414, 167: 792, 168: 554, 169: 240, 170: 478, 171: 240, 172: 478, 173: 100, 174: 338, 175: 72, 176: 310, 177: 86, 178: 324, 179: 86, 180: 324, 181: 142, 182: 380, 183: 142, 184: 380, 185: 72, 186: 310, 187: 240, 188: 478, 189: 240, 190: 478, 191: 156, 192: 394, 193: 170, 194: 408, 195: 170, 196: 408, 197: 156, 198: 394, 199: 58, 200: 296}

Number of labels used: 34
Total time used: 4.33 sec
Memory used: 274.47 MB
================================
{1: 86, 2: 324, 3: 86, 4: 324, 5: 86, 6: 324, 7: 156, 8: 394, 9: 652, 10: 414, 11: 652, 12: 414, 13: 86, 14: 324, 15: 114, 16: 352, 17: 156, 18: 394, 19: 100, 20: 338, 21: 156, 22: 394, 23: 86, 24: 324, 25: 100, 26: 338, 27: 652, 28: 414, 29: 170, 30: 408, 31: 128, 32: 366, 33: 72, 34: 310, 35: 156, 36: 394, 37: 128, 38: 366, 39: 100, 40: 338, 41: 114, 42: 352, 43: 652, 44: 414, 45: 170, 46: 408, 47: 72, 48: 310, 49: 652, 50: 414, 51: 100, 52: 338, 53: 142, 54: 380, 55: 86, 56: 324, 57: 156, 58: 394, 59: 170, 60: 408, 61: 114, 62: 352, 63: 652, 64: 414, 65: 240, 66: 478, 67: 100, 68: 338, 69: 128, 70: 366, 71: 652, 72: 414, 73: 142, 74: 380, 75: 72, 76: 310, 77: 128, 78: 366, 79: 72, 80: 310, 81: 128, 82: 366, 83: 72, 84: 310, 85: 170, 86: 408, 87: 128, 88: 366, 89: 652, 90: 414, 91: 170, 92: 408, 93: 240, 94: 478, 95: 156, 96: 394, 97: 652, 98: 414, 99: 114, 100: 352, 101: 72, 102: 310, 103: 652, 104: 414, 105: 72, 106: 310, 107: 156, 108: 394, 109: 652, 110: 414, 111: 170, 112: 408, 113: 72, 114: 310, 115: 100, 116: 338, 117: 72, 118: 310, 119: 100, 120: 338, 121: 72, 122: 310, 123: 86, 124: 324, 125: 72, 126: 310, 127: 128, 128: 366, 129: 72, 130: 310, 131: 652, 132: 414, 133: 652, 134: 414, 135: 170, 136: 408, 137: 86, 138: 324, 139: 128, 140: 366, 141: 156, 142: 394, 143: 652, 144: 414, 145: 240, 146: 478, 147: 72, 148: 310, 149: 114, 150: 352, 151: 652, 152: 414, 153: 86, 154: 324, 155: 114, 156: 352, 157: 114, 158: 352, 159: 86, 160: 324, 161: 72, 162: 310, 163: 86, 164: 324, 165: 652, 166: 414, 167: 652, 168: 414, 169: 240, 170: 478, 171: 240, 172: 478, 173: 100, 174: 338, 175: 72, 176: 310, 177: 86, 178: 324, 179: 86, 180: 324, 181: 142, 182: 380, 183: 142, 184: 380, 185: 72, 186: 310, 187: 240, 188: 478, 189: 240, 190: 478, 191: 156, 192: 394, 193: 170, 194: 408, 195: 170, 196: 408, 197: 156, 198: 394, 199: 72, 200: 310}

Number of labels used: 20
Total time used: 4.34 sec
Memory used: 285.28 MB
================================
[runlim] end:			Tue Mar 24 10:08:12 2026
[runlim] status:		ok
[runlim] result:		0
[runlim] children:		1
[runlim] processes:		2
[runlim] real:			4.50 seconds
[runlim] time:			8.33 seconds
[runlim] space:			299 MB
[runlim] load:			2.16 maximum
[runlim] samples:		45
