[runlim] version:		2.0.0rc12
[runlim] host:			ap-Precision-7550
[runlim] time limit:		311040000 seconds
[runlim] real time limit:	600 seconds
[runlim] space limit:		14000 MB
[runlim] argv[0]:		python3
[runlim] argv[1]:		-u
[runlim] argv[2]:		pairwise_no_preprocessing.py
[runlim] argv[3]:		graph11
[runlim] argv[4]:		assumptions
[runlim] argv[5]:		8
[runlim] start:			Thu Jun 11 04:17:07 2026
[runlim] child:			9419
Number of assignment variables:  25640
Number of clauses for exactly one constraints:  75560
Number of clauses for distance constraints:  1891398
---------------------------------------------------
Solve first problem:
Cannot find solution.
Time taken: 1.50 seconds 
Memory used: 242.61 MB
[runlim] end:			Thu Jun 11 04:17:09 2026
[runlim] status:		ok
[runlim] result:		0
[runlim] children:		1
[runlim] processes:		2
[runlim] real:			1.62 seconds
[runlim] time:			1.60 seconds
[runlim] space:			239 MB
[runlim] load:			1.02 maximum
[runlim] samples:		17
