[runlim] version:		2.0.0rc12
[runlim] host:			ap-Precision-7550
[runlim] time limit:		311040000 seconds
[runlim] real time limit:	600 seconds
[runlim] space limit:		14000 MB
[runlim] argv[0]:		python3
[runlim] argv[1]:		-u
[runlim] argv[2]:		pairwise_no_preprocessing.py
[runlim] argv[3]:		graph06
[runlim] argv[4]:		assumptions
[runlim] argv[5]:		8
[runlim] start:			Thu Jun 11 04:09:08 2026
[runlim] child:			9392
Number of assignment variables:  15084
Number of clauses for exactly one constraints:  44452
Number of clauses for distance constraints:  1072793
---------------------------------------------------
Solve first problem:
Cannot find solution.
Time taken: 0.86 seconds 
Memory used: 144.85 MB
[runlim] end:			Thu Jun 11 04:09:09 2026
[runlim] status:		ok
[runlim] result:		0
[runlim] children:		1
[runlim] processes:		2
[runlim] real:			0.95 seconds
[runlim] time:			0.90 seconds
[runlim] space:			145 MB
[runlim] load:			1.19 maximum
[runlim] samples:		10
