[runlim] version:		2.0.0rc12
[runlim] host:			ap-Precision-7550
[runlim] time limit:		311040000 seconds
[runlim] real time limit:	600 seconds
[runlim] space limit:		14000 MB
[runlim] argv[0]:		python3
[runlim] argv[1]:		-u
[runlim] argv[2]:		pairwise_no_preprocessing.py
[runlim] argv[3]:		graph05
[runlim] argv[4]:		assumptions
[runlim] argv[5]:		8
[runlim] start:			Thu Jun 11 04:09:07 2026
[runlim] child:			9389
Number of assignment variables:  7416
Number of clauses for exactly one constraints:  21848
Number of clauses for distance constraints:  524877
---------------------------------------------------
Solve first problem:
Cannot find solution.
Time taken: 0.43 seconds 
Memory used: 81.50 MB
[runlim] end:			Thu Jun 11 04:09:08 2026
[runlim] status:		ok
[runlim] result:		0
[runlim] children:		1
[runlim] processes:		2
[runlim] real:			0.49 seconds
[runlim] time:			0.40 seconds
[runlim] space:			75 MB
[runlim] load:			1.11 maximum
[runlim] samples:		5
