[runlim] version:		2.0.0rc12
[runlim] host:			ap-Precision-7550
[runlim] time limit:		311040000 seconds
[runlim] real time limit:	600 seconds
[runlim] space limit:		14000 MB
[runlim] argv[0]:		python3
[runlim] argv[1]:		-u
[runlim] argv[2]:		pairwise_no_preprocessing.py
[runlim] argv[3]:		scen07
[runlim] argv[4]:		assumptions
[runlim] argv[5]:		8
[runlim] start:			Thu Jun 11 04:17:14 2026
[runlim] child:			9434
Number of assignment variables:  15952
Number of clauses for exactly one constraints:  47056
Number of clauses for distance constraints:  1817916
---------------------------------------------------
Solve first problem:
Cannot find solution.
Time taken: 1.45 seconds 
Memory used: 216.23 MB
[runlim] end:			Thu Jun 11 04:17:16 2026
[runlim] status:		ok
[runlim] result:		0
[runlim] children:		1
[runlim] processes:		2
[runlim] real:			1.56 seconds
[runlim] time:			1.50 seconds
[runlim] space:			216 MB
[runlim] load:			1.02 maximum
[runlim] samples:		16
