[runlim] version:		2.0.0rc12
[runlim] host:			ap-Precision-7550
[runlim] time limit:		311040000 seconds
[runlim] real time limit:	600 seconds
[runlim] space limit:		14000 MB
[runlim] argv[0]:		python3
[runlim] argv[1]:		-u
[runlim] argv[2]:		pairwise_no_preprocessing.py
[runlim] argv[3]:		scen08
[runlim] argv[4]:		assumptions
[runlim] argv[5]:		8
[runlim] start:			Thu Jun 11 04:17:16 2026
[runlim] child:			9437
Number of assignment variables:  36200
Number of clauses for exactly one constraints:  106768
Number of clauses for distance constraints:  3350219
---------------------------------------------------
Solve first problem:
Cannot find solution.
Time taken: 2.79 seconds 
Memory used: 388.61 MB
[runlim] end:			Thu Jun 11 04:17:19 2026
[runlim] status:		ok
[runlim] result:		0
[runlim] children:		1
[runlim] processes:		2
[runlim] real:			2.96 seconds
[runlim] time:			2.90 seconds
[runlim] space:			398 MB
[runlim] load:			1.02 maximum
[runlim] samples:		30
