[runlim] version:		2.0.0rc12
[runlim] host:			ap-Precision-7550
[runlim] time limit:		311040000 seconds
[runlim] real time limit:	600 seconds
[runlim] space limit:		14000 MB
[runlim] argv[0]:		python3
[runlim] argv[1]:		-u
[runlim] argv[2]:		pairwise_no_preprocessing.py
[runlim] argv[3]:		TUD916.5
[runlim] argv[4]:		assumptions
[runlim] argv[5]:		8
[runlim] start:			Thu Jun 11 04:18:27 2026
[runlim] child:			9474
Number of assignment variables:  34476
Number of clauses for exactly one constraints:  101596
Number of clauses for distance constraints:  2608069
---------------------------------------------------
Solve first problem:
Cannot find solution.
Time taken: 2.13 seconds 
Memory used: 318.60 MB
[runlim] end:			Thu Jun 11 04:18:29 2026
[runlim] status:		ok
[runlim] result:		0
[runlim] children:		1
[runlim] processes:		2
[runlim] real:			2.28 seconds
[runlim] time:			2.20 seconds
[runlim] space:			318 MB
[runlim] load:			1.15 maximum
[runlim] samples:		23
