[runlim] version:		2.0.0rc12
[runlim] host:			ap-Precision-7550
[runlim] time limit:		311040000 seconds
[runlim] real time limit:	600 seconds
[runlim] space limit:		14000 MB
[runlim] argv[0]:		python3
[runlim] argv[1]:		-u
[runlim] argv[2]:		main.py
[runlim] argv[3]:		graph03
[runlim] argv[4]:		nsc
[runlim] argv[5]:		assumptions
[runlim] argv[6]:		cadical195
[runlim] start:			Mon Mar 23 16:11:05 2026
[runlim] child:			11441
Solve first problem:
Solution:
{1: 72, 2: 310, 3: 142, 4: 380, 5: 114, 6: 352, 7: 142, 8: 380, 9: 666, 10: 428, 11: 156, 12: 394, 13: 750, 14: 512, 15: 128, 16: 366, 17: 114, 18: 352, 19: 30, 20: 268, 21: 792, 22: 554, 23: 100, 24: 338, 25: 708, 26: 470, 27: 708, 28: 470, 29: 128, 30: 366, 31: 30, 32: 268, 33: 736, 34: 498, 35: 142, 36: 380, 37: 736, 38: 498, 39: 792, 40: 554, 41: 16, 42: 254, 43: 666, 44: 428, 45: 58, 46: 296, 47: 86, 48: 324, 49: 30, 50: 268, 51: 128, 52: 366, 53: 156, 54: 394, 55: 722, 56: 484, 57: 722, 58: 484, 59: 114, 60: 352, 61: 86, 62: 324, 63: 792, 64: 554, 65: 72, 66: 310, 67: 708, 68: 470, 69: 44, 70: 282, 71: 156, 72: 394, 73: 156, 74: 394, 75: 778, 76: 540, 77: 58, 78: 296, 79: 792, 80: 554, 81: 722, 82: 484, 83: 750, 84: 512, 85: 30, 86: 268, 87: 792, 88: 554, 89: 736, 90: 498, 91: 792, 92: 554, 93: 778, 94: 540, 95: 170, 96: 408, 97: 750, 98: 512, 99: 764, 100: 526, 101: 16, 102: 254, 103: 694, 104: 456, 105: 694, 106: 456, 107: 58, 108: 296, 109: 142, 110: 380, 111: 44, 112: 282, 113: 792, 114: 554, 115: 58, 116: 296, 117: 666, 118: 428, 119: 58, 120: 296, 121: 114, 122: 352, 123: 736, 124: 498, 125: 142, 126: 380, 127: 736, 128: 498, 129: 72, 130: 310, 131: 142, 132: 380, 133: 708, 134: 470, 135: 666, 136: 428, 137: 694, 138: 456, 139: 722, 140: 484, 141: 708, 142: 470, 143: 750, 144: 512, 145: 778, 146: 540, 147: 764, 148: 526, 149: 128, 150: 366, 151: 44, 152: 282, 153: 792, 154: 554, 155: 778, 156: 540, 157: 16, 158: 254, 159: 750, 160: 512, 161: 30, 162: 268, 163: 694, 164: 456, 165: 100, 166: 338, 167: 16, 168: 254, 169: 708, 170: 470, 171: 142, 172: 380, 173: 44, 174: 282, 175: 736, 176: 498, 177: 44, 178: 282, 179: 72, 180: 310, 181: 722, 182: 484, 183: 86, 184: 324, 185: 100, 186: 338, 187: 58, 188: 296, 189: 778, 190: 540, 191: 30, 192: 268, 193: 750, 194: 512, 195: 764, 196: 526, 197: 128, 198: 366, 199: 778, 200: 540}
Number of lables used:  42
Time taken: 0.23 seconds
Memory used: 31.20 MB
--------------------------------------------------

Trying with at most 41 labels...
Solution:
{1: 792, 2: 554, 3: 666, 4: 428, 5: 142, 6: 380, 7: 156, 8: 394, 9: 722, 10: 484, 11: 666, 12: 428, 13: 156, 14: 394, 15: 128, 16: 366, 17: 708, 18: 470, 19: 58, 20: 296, 21: 792, 22: 554, 23: 100, 24: 338, 25: 680, 26: 442, 27: 114, 28: 352, 29: 128, 30: 366, 31: 142, 32: 380, 33: 58, 34: 296, 35: 680, 36: 442, 37: 792, 38: 554, 39: 16, 40: 254, 41: 30, 42: 268, 43: 708, 44: 470, 45: 750, 46: 512, 47: 100, 48: 338, 49: 30, 50: 268, 51: 680, 52: 442, 53: 156, 54: 394, 55: 44, 56: 282, 57: 778, 58: 540, 59: 652, 60: 414, 61: 100, 62: 338, 63: 58, 64: 296, 65: 722, 66: 484, 67: 764, 68: 526, 69: 778, 70: 540, 71: 750, 72: 512, 73: 156, 74: 394, 75: 750, 76: 512, 77: 58, 78: 296, 79: 792, 80: 554, 81: 722, 82: 484, 83: 778, 84: 540, 85: 30, 86: 268, 87: 44, 88: 282, 89: 792, 90: 554, 91: 30, 92: 268, 93: 44, 94: 282, 95: 142, 96: 380, 97: 44, 98: 282, 99: 44, 100: 282, 101: 16, 102: 254, 103: 666, 104: 428, 105: 764, 106: 526, 107: 86, 108: 324, 109: 722, 110: 484, 111: 44, 112: 282, 113: 16, 114: 254, 115: 58, 116: 296, 117: 666, 118: 428, 119: 58, 120: 296, 121: 750, 122: 512, 123: 778, 124: 540, 125: 156, 126: 394, 127: 86, 128: 324, 129: 680, 130: 442, 131: 142, 132: 380, 133: 86, 134: 324, 135: 722, 136: 484, 137: 778, 138: 540, 139: 722, 140: 484, 141: 708, 142: 470, 143: 86, 144: 324, 145: 30, 146: 268, 147: 100, 148: 338, 149: 142, 150: 380, 151: 58, 152: 296, 153: 764, 154: 526, 155: 680, 156: 442, 157: 30, 158: 268, 159: 58, 160: 296, 161: 58, 162: 296, 163: 750, 164: 512, 165: 86, 166: 324, 167: 114, 168: 352, 169: 680, 170: 442, 171: 128, 172: 366, 173: 58, 174: 296, 175: 680, 176: 442, 177: 72, 178: 310, 179: 792, 180: 554, 181: 142, 182: 380, 183: 722, 184: 484, 185: 652, 186: 414, 187: 764, 188: 526, 189: 128, 190: 366, 191: 114, 192: 352, 193: 750, 194: 512, 195: 142, 196: 380, 197: 722, 198: 484, 199: 30, 200: 268}
Number of lables used:  40
--------------------------------------------------

Trying with at most 39 labels...
Solution:
{1: 708, 2: 470, 3: 652, 4: 414, 5: 142, 6: 380, 7: 128, 8: 366, 9: 86, 10: 324, 11: 128, 12: 366, 13: 736, 14: 498, 15: 58, 16: 296, 17: 114, 18: 352, 19: 58, 20: 296, 21: 736, 22: 498, 23: 72, 24: 310, 25: 114, 26: 352, 27: 86, 28: 324, 29: 100, 30: 338, 31: 114, 32: 352, 33: 30, 34: 268, 35: 142, 36: 380, 37: 722, 38: 484, 39: 736, 40: 498, 41: 778, 42: 540, 43: 708, 44: 470, 45: 736, 46: 498, 47: 708, 48: 470, 49: 722, 50: 484, 51: 666, 52: 428, 53: 652, 54: 414, 55: 708, 56: 470, 57: 30, 58: 268, 59: 156, 60: 394, 61: 708, 62: 470, 63: 30, 64: 268, 65: 72, 66: 310, 67: 44, 68: 282, 69: 764, 70: 526, 71: 652, 72: 414, 73: 652, 74: 414, 75: 72, 76: 310, 77: 750, 78: 512, 79: 778, 80: 540, 81: 708, 82: 470, 83: 764, 84: 526, 85: 778, 86: 540, 87: 30, 88: 268, 89: 722, 90: 484, 91: 778, 92: 540, 93: 764, 94: 526, 95: 142, 96: 380, 97: 764, 98: 526, 99: 44, 100: 282, 101: 736, 102: 498, 103: 156, 104: 394, 105: 708, 106: 470, 107: 30, 108: 268, 109: 156, 110: 394, 111: 792, 112: 554, 113: 778, 114: 540, 115: 58, 116: 296, 117: 128, 118: 366, 119: 750, 120: 512, 121: 58, 122: 296, 123: 778, 124: 540, 125: 156, 126: 394, 127: 722, 128: 484, 129: 44, 130: 282, 131: 86, 132: 324, 133: 722, 134: 484, 135: 86, 136: 324, 137: 128, 138: 366, 139: 86, 140: 324, 141: 86, 142: 324, 143: 72, 144: 310, 145: 764, 146: 526, 147: 86, 148: 324, 149: 142, 150: 380, 151: 44, 152: 282, 153: 30, 154: 268, 155: 666, 156: 428, 157: 778, 158: 540, 159: 736, 160: 498, 161: 722, 162: 484, 163: 128, 164: 366, 165: 100, 166: 338, 167: 778, 168: 540, 169: 142, 170: 380, 171: 142, 172: 380, 173: 750, 174: 512, 175: 114, 176: 352, 177: 778, 178: 540, 179: 86, 180: 324, 181: 128, 182: 366, 183: 100, 184: 338, 185: 652, 186: 414, 187: 58, 188: 296, 189: 764, 190: 526, 191: 778, 192: 540, 193: 44, 194: 282, 195: 750, 196: 512, 197: 666, 198: 428, 199: 30, 200: 268}
Number of lables used:  38
Time taken: 0.27 seconds
Memory used: 32.59 MB
--------------------------------------------------

Trying with at most 37 labels...
Solution:
{1: 72, 2: 310, 3: 666, 4: 428, 5: 114, 6: 352, 7: 666, 8: 428, 9: 666, 10: 428, 11: 666, 12: 428, 13: 100, 14: 338, 15: 100, 16: 338, 17: 114, 18: 352, 19: 694, 20: 456, 21: 792, 22: 554, 23: 72, 24: 310, 25: 114, 26: 352, 27: 708, 28: 470, 29: 100, 30: 338, 31: 142, 32: 380, 33: 764, 34: 526, 35: 142, 36: 380, 37: 44, 38: 282, 39: 16, 40: 254, 41: 792, 42: 554, 43: 114, 44: 352, 45: 750, 46: 512, 47: 722, 48: 484, 49: 778, 50: 540, 51: 72, 52: 310, 53: 666, 54: 428, 55: 764, 56: 526, 57: 722, 58: 484, 59: 142, 60: 380, 61: 100, 62: 338, 63: 792, 64: 554, 65: 750, 66: 512, 67: 114, 68: 352, 69: 778, 70: 540, 71: 72, 72: 310, 73: 666, 74: 428, 75: 750, 76: 512, 77: 764, 78: 526, 79: 792, 80: 554, 81: 100, 82: 338, 83: 778, 84: 540, 85: 792, 86: 554, 87: 792, 88: 554, 89: 736, 90: 498, 91: 16, 92: 254, 93: 44, 94: 282, 95: 142, 96: 380, 97: 778, 98: 540, 99: 764, 100: 526, 101: 792, 102: 554, 103: 666, 104: 428, 105: 722, 106: 484, 107: 708, 108: 470, 109: 666, 110: 428, 111: 44, 112: 282, 113: 792, 114: 554, 115: 750, 116: 512, 117: 156, 118: 394, 119: 764, 120: 526, 121: 694, 122: 456, 123: 44, 124: 282, 125: 652, 126: 414, 127: 736, 128: 498, 129: 142, 130: 380, 131: 72, 132: 310, 133: 58, 134: 296, 135: 156, 136: 394, 137: 44, 138: 282, 139: 722, 140: 484, 141: 708, 142: 470, 143: 58, 144: 296, 145: 778, 146: 540, 147: 100, 148: 338, 149: 666, 150: 428, 151: 764, 152: 526, 153: 792, 154: 554, 155: 722, 156: 484, 157: 778, 158: 540, 159: 750, 160: 512, 161: 736, 162: 498, 163: 694, 164: 456, 165: 708, 166: 470, 167: 792, 168: 554, 169: 156, 170: 394, 171: 58, 172: 296, 173: 750, 174: 512, 175: 694, 176: 456, 177: 44, 178: 282, 179: 736, 180: 498, 181: 694, 182: 456, 183: 722, 184: 484, 185: 666, 186: 428, 187: 58, 188: 296, 189: 778, 190: 540, 191: 58, 192: 296, 193: 750, 194: 512, 195: 764, 196: 526, 197: 142, 198: 380, 199: 722, 200: 484}
Number of lables used:  36
Time taken: 0.28 seconds
Memory used: 32.59 MB
--------------------------------------------------

Trying with at most 35 labels...
Solution:
{1: 72, 2: 310, 3: 666, 4: 428, 5: 114, 6: 352, 7: 666, 8: 428, 9: 666, 10: 428, 11: 666, 12: 428, 13: 100, 14: 338, 15: 100, 16: 338, 17: 114, 18: 352, 19: 694, 20: 456, 21: 792, 22: 554, 23: 72, 24: 310, 25: 114, 26: 352, 27: 708, 28: 470, 29: 100, 30: 338, 31: 142, 32: 380, 33: 764, 34: 526, 35: 142, 36: 380, 37: 44, 38: 282, 39: 16, 40: 254, 41: 792, 42: 554, 43: 114, 44: 352, 45: 750, 46: 512, 47: 722, 48: 484, 49: 778, 50: 540, 51: 72, 52: 310, 53: 666, 54: 428, 55: 764, 56: 526, 57: 722, 58: 484, 59: 142, 60: 380, 61: 100, 62: 338, 63: 792, 64: 554, 65: 750, 66: 512, 67: 114, 68: 352, 69: 778, 70: 540, 71: 72, 72: 310, 73: 666, 74: 428, 75: 750, 76: 512, 77: 764, 78: 526, 79: 792, 80: 554, 81: 100, 82: 338, 83: 778, 84: 540, 85: 792, 86: 554, 87: 792, 88: 554, 89: 736, 90: 498, 91: 16, 92: 254, 93: 44, 94: 282, 95: 142, 96: 380, 97: 778, 98: 540, 99: 764, 100: 526, 101: 792, 102: 554, 103: 666, 104: 428, 105: 722, 106: 484, 107: 708, 108: 470, 109: 666, 110: 428, 111: 44, 112: 282, 113: 792, 114: 554, 115: 750, 116: 512, 117: 156, 118: 394, 119: 764, 120: 526, 121: 694, 122: 456, 123: 44, 124: 282, 125: 156, 126: 394, 127: 736, 128: 498, 129: 142, 130: 380, 131: 72, 132: 310, 133: 58, 134: 296, 135: 156, 136: 394, 137: 44, 138: 282, 139: 722, 140: 484, 141: 708, 142: 470, 143: 58, 144: 296, 145: 778, 146: 540, 147: 100, 148: 338, 149: 666, 150: 428, 151: 764, 152: 526, 153: 792, 154: 554, 155: 722, 156: 484, 157: 778, 158: 540, 159: 750, 160: 512, 161: 736, 162: 498, 163: 694, 164: 456, 165: 708, 166: 470, 167: 792, 168: 554, 169: 156, 170: 394, 171: 58, 172: 296, 173: 750, 174: 512, 175: 694, 176: 456, 177: 44, 178: 282, 179: 736, 180: 498, 181: 694, 182: 456, 183: 722, 184: 484, 185: 666, 186: 428, 187: 58, 188: 296, 189: 778, 190: 540, 191: 58, 192: 296, 193: 750, 194: 512, 195: 764, 196: 526, 197: 142, 198: 380, 199: 722, 200: 484}
Number of lables used:  34
Time taken: 0.28 seconds
Memory used: 32.59 MB
--------------------------------------------------

Trying with at most 33 labels...
Solution:
{1: 30, 2: 268, 3: 30, 4: 268, 5: 652, 6: 414, 7: 652, 8: 414, 9: 30, 10: 268, 11: 72, 12: 310, 13: 750, 14: 512, 15: 142, 16: 380, 17: 114, 18: 352, 19: 736, 20: 498, 21: 792, 22: 554, 23: 16, 24: 254, 25: 694, 26: 456, 27: 708, 28: 470, 29: 694, 30: 456, 31: 16, 32: 254, 33: 30, 34: 268, 35: 652, 36: 414, 37: 722, 38: 484, 39: 16, 40: 254, 41: 778, 42: 540, 43: 708, 44: 470, 45: 736, 46: 498, 47: 708, 48: 470, 49: 750, 50: 512, 51: 666, 52: 428, 53: 652, 54: 414, 55: 736, 56: 498, 57: 722, 58: 484, 59: 142, 60: 380, 61: 72, 62: 310, 63: 778, 64: 540, 65: 736, 66: 498, 67: 72, 68: 310, 69: 778, 70: 540, 71: 652, 72: 414, 73: 114, 74: 352, 75: 736, 76: 498, 77: 764, 78: 526, 79: 792, 80: 554, 81: 722, 82: 484, 83: 764, 84: 526, 85: 792, 86: 554, 87: 792, 88: 554, 89: 736, 90: 498, 91: 16, 92: 254, 93: 764, 94: 526, 95: 142, 96: 380, 97: 764, 98: 526, 99: 722, 100: 484, 101: 764, 102: 526, 103: 652, 104: 414, 105: 708, 106: 470, 107: 72, 108: 310, 109: 666, 110: 428, 111: 778, 112: 540, 113: 16, 114: 254, 115: 708, 116: 470, 117: 666, 118: 428, 119: 750, 120: 512, 121: 86, 122: 324, 123: 778, 124: 540, 125: 652, 126: 414, 127: 736, 128: 498, 129: 86, 130: 324, 131: 30, 132: 268, 133: 736, 134: 498, 135: 114, 136: 352, 137: 114, 138: 352, 139: 86, 140: 324, 141: 708, 142: 470, 143: 750, 144: 512, 145: 30, 146: 268, 147: 722, 148: 484, 149: 114, 150: 352, 151: 750, 152: 512, 153: 30, 154: 268, 155: 694, 156: 456, 157: 778, 158: 540, 159: 736, 160: 498, 161: 722, 162: 484, 163: 16, 164: 254, 165: 708, 166: 470, 167: 778, 168: 540, 169: 666, 170: 428, 171: 142, 172: 380, 173: 750, 174: 512, 175: 86, 176: 324, 177: 764, 178: 526, 179: 736, 180: 498, 181: 142, 182: 380, 183: 708, 184: 470, 185: 652, 186: 414, 187: 736, 188: 498, 189: 764, 190: 526, 191: 792, 192: 554, 193: 86, 194: 324, 195: 764, 196: 526, 197: 114, 198: 352, 199: 764, 200: 526}
Number of lables used:  32
Time taken: 0.38 seconds
Memory used: 36.10 MB
--------------------------------------------------

Trying with at most 31 labels...
Solution:
{1: 30, 2: 268, 3: 652, 4: 414, 5: 652, 6: 414, 7: 142, 8: 380, 9: 694, 10: 456, 11: 722, 12: 484, 13: 86, 14: 324, 15: 114, 16: 352, 17: 114, 18: 352, 19: 736, 20: 498, 21: 30, 22: 268, 23: 86, 24: 324, 25: 100, 26: 338, 27: 100, 28: 338, 29: 750, 30: 512, 31: 142, 32: 380, 33: 44, 34: 282, 35: 652, 36: 414, 37: 764, 38: 526, 39: 16, 40: 254, 41: 16, 42: 254, 43: 736, 44: 498, 45: 736, 46: 498, 47: 86, 48: 324, 49: 30, 50: 268, 51: 666, 52: 428, 53: 652, 54: 414, 55: 44, 56: 282, 57: 750, 58: 512, 59: 114, 60: 352, 61: 86, 62: 324, 63: 16, 64: 254, 65: 736, 66: 498, 67: 736, 68: 498, 69: 764, 70: 526, 71: 652, 72: 414, 73: 652, 74: 414, 75: 736, 76: 498, 77: 750, 78: 512, 79: 16, 80: 254, 81: 722, 82: 484, 83: 764, 84: 526, 85: 16, 86: 254, 87: 16, 88: 254, 89: 764, 90: 526, 91: 16, 92: 254, 93: 30, 94: 268, 95: 142, 96: 380, 97: 764, 98: 526, 99: 750, 100: 512, 101: 694, 102: 456, 103: 652, 104: 414, 105: 86, 106: 324, 107: 100, 108: 338, 109: 666, 110: 428, 111: 44, 112: 282, 113: 16, 114: 254, 115: 736, 116: 498, 117: 666, 118: 428, 119: 750, 120: 512, 121: 722, 122: 484, 123: 16, 124: 254, 125: 652, 126: 414, 127: 72, 128: 310, 129: 114, 130: 352, 131: 142, 132: 380, 133: 722, 134: 484, 135: 694, 136: 456, 137: 114, 138: 352, 139: 86, 140: 324, 141: 114, 142: 352, 143: 750, 144: 512, 145: 30, 146: 268, 147: 722, 148: 484, 149: 666, 150: 428, 151: 750, 152: 512, 153: 16, 154: 254, 155: 764, 156: 526, 157: 16, 158: 254, 159: 736, 160: 498, 161: 750, 162: 512, 163: 694, 164: 456, 165: 86, 166: 324, 167: 72, 168: 310, 169: 666, 170: 428, 171: 666, 172: 428, 173: 750, 174: 512, 175: 100, 176: 338, 177: 44, 178: 282, 179: 736, 180: 498, 181: 142, 182: 380, 183: 86, 184: 324, 185: 142, 186: 380, 187: 736, 188: 498, 189: 86, 190: 324, 191: 44, 192: 282, 193: 750, 194: 512, 195: 72, 196: 310, 197: 666, 198: 428, 199: 764, 200: 526}
Number of lables used:  30
Time taken: 0.38 seconds
Memory used: 36.10 MB
--------------------------------------------------

Trying with at most 29 labels...
Solution:
{1: 30, 2: 268, 3: 652, 4: 414, 5: 652, 6: 414, 7: 652, 8: 414, 9: 778, 10: 540, 11: 142, 12: 380, 13: 58, 14: 296, 15: 142, 16: 380, 17: 652, 18: 414, 19: 736, 20: 498, 21: 16, 22: 254, 23: 86, 24: 324, 25: 100, 26: 338, 27: 100, 28: 338, 29: 666, 30: 428, 31: 128, 32: 366, 33: 30, 34: 268, 35: 142, 36: 380, 37: 72, 38: 310, 39: 16, 40: 254, 41: 778, 42: 540, 43: 666, 44: 428, 45: 736, 46: 498, 47: 86, 48: 324, 49: 30, 50: 268, 51: 142, 52: 380, 53: 652, 54: 414, 55: 44, 56: 282, 57: 86, 58: 324, 59: 736, 60: 498, 61: 86, 62: 324, 63: 778, 64: 540, 65: 58, 66: 296, 67: 778, 68: 540, 69: 764, 70: 526, 71: 736, 72: 498, 73: 652, 74: 414, 75: 736, 76: 498, 77: 72, 78: 310, 79: 764, 80: 526, 81: 86, 82: 324, 83: 764, 84: 526, 85: 778, 86: 540, 87: 30, 88: 268, 89: 72, 90: 310, 91: 778, 92: 540, 93: 30, 94: 268, 95: 142, 96: 380, 97: 764, 98: 526, 99: 44, 100: 282, 101: 16, 102: 254, 103: 652, 104: 414, 105: 86, 106: 324, 107: 58, 108: 296, 109: 736, 110: 498, 111: 30, 112: 268, 113: 16, 114: 254, 115: 736, 116: 498, 117: 652, 118: 414, 119: 44, 120: 282, 121: 764, 122: 526, 123: 736, 124: 498, 125: 142, 126: 380, 127: 72, 128: 310, 129: 72, 130: 310, 131: 142, 132: 380, 133: 100, 134: 338, 135: 142, 136: 380, 137: 764, 138: 526, 139: 86, 140: 324, 141: 100, 142: 338, 143: 72, 144: 310, 145: 30, 146: 268, 147: 86, 148: 324, 149: 128, 150: 366, 151: 44, 152: 282, 153: 778, 154: 540, 155: 764, 156: 526, 157: 16, 158: 254, 159: 58, 160: 296, 161: 30, 162: 268, 163: 764, 164: 526, 165: 86, 166: 324, 167: 16, 168: 254, 169: 666, 170: 428, 171: 128, 172: 366, 173: 44, 174: 282, 175: 100, 176: 338, 177: 58, 178: 296, 179: 86, 180: 324, 181: 128, 182: 366, 183: 86, 184: 324, 185: 100, 186: 338, 187: 58, 188: 296, 189: 30, 190: 268, 191: 16, 192: 254, 193: 736, 194: 498, 195: 44, 196: 282, 197: 666, 198: 428, 199: 764, 200: 526}
Number of lables used:  28
Time taken: 0.58 seconds
Memory used: 36.24 MB
--------------------------------------------------

Trying with at most 27 labels...
Solution:
{1: 652, 2: 414, 3: 142, 4: 380, 5: 114, 6: 352, 7: 142, 8: 380, 9: 652, 10: 414, 11: 142, 12: 380, 13: 58, 14: 296, 15: 114, 16: 352, 17: 708, 18: 470, 19: 694, 20: 456, 21: 16, 22: 254, 23: 86, 24: 324, 25: 722, 26: 484, 27: 694, 28: 456, 29: 114, 30: 352, 31: 128, 32: 366, 33: 44, 34: 282, 35: 652, 36: 414, 37: 722, 38: 484, 39: 16, 40: 254, 41: 16, 42: 254, 43: 708, 44: 470, 45: 58, 46: 296, 47: 86, 48: 324, 49: 750, 50: 512, 51: 128, 52: 366, 53: 142, 54: 380, 55: 44, 56: 282, 57: 708, 58: 470, 59: 114, 60: 352, 61: 708, 62: 470, 63: 16, 64: 254, 65: 58, 66: 296, 67: 694, 68: 456, 69: 30, 70: 268, 71: 652, 72: 414, 73: 652, 74: 414, 75: 708, 76: 470, 77: 44, 78: 282, 79: 16, 80: 254, 81: 708, 82: 470, 83: 30, 84: 268, 85: 16, 86: 254, 87: 16, 88: 254, 89: 722, 90: 484, 91: 16, 92: 254, 93: 30, 94: 268, 95: 142, 96: 380, 97: 750, 98: 512, 99: 44, 100: 282, 101: 16, 102: 254, 103: 142, 104: 380, 105: 86, 106: 324, 107: 114, 108: 352, 109: 652, 110: 414, 111: 16, 112: 254, 113: 16, 114: 254, 115: 58, 116: 296, 117: 652, 118: 414, 119: 44, 120: 282, 121: 114, 122: 352, 123: 30, 124: 268, 125: 652, 126: 414, 127: 722, 128: 484, 129: 128, 130: 366, 131: 142, 132: 380, 133: 722, 134: 484, 135: 652, 136: 414, 137: 114, 138: 352, 139: 708, 140: 470, 141: 694, 142: 456, 143: 58, 144: 296, 145: 30, 146: 268, 147: 694, 148: 456, 149: 142, 150: 380, 151: 44, 152: 282, 153: 16, 154: 254, 155: 694, 156: 456, 157: 30, 158: 268, 159: 750, 160: 512, 161: 722, 162: 484, 163: 114, 164: 352, 165: 86, 166: 324, 167: 16, 168: 254, 169: 128, 170: 366, 171: 142, 172: 380, 173: 750, 174: 512, 175: 694, 176: 456, 177: 750, 178: 512, 179: 722, 180: 484, 181: 114, 182: 352, 183: 694, 184: 456, 185: 652, 186: 414, 187: 58, 188: 296, 189: 30, 190: 268, 191: 16, 192: 254, 193: 58, 194: 296, 195: 44, 196: 282, 197: 128, 198: 366, 199: 722, 200: 484}
Number of lables used:  26
Time taken: 1.20 seconds
Memory used: 39.68 MB
--------------------------------------------------

Trying with at most 25 labels...
Solution:
{1: 666, 2: 428, 3: 142, 4: 380, 5: 142, 6: 380, 7: 142, 8: 380, 9: 142, 10: 380, 11: 666, 12: 428, 13: 58, 14: 296, 15: 114, 16: 352, 17: 114, 18: 352, 19: 58, 20: 296, 21: 16, 22: 254, 23: 86, 24: 324, 25: 100, 26: 338, 27: 100, 28: 338, 29: 114, 30: 352, 31: 128, 32: 366, 33: 44, 34: 282, 35: 142, 36: 380, 37: 666, 38: 428, 39: 16, 40: 254, 41: 16, 42: 254, 43: 86, 44: 324, 45: 58, 46: 296, 47: 86, 48: 324, 49: 736, 50: 498, 51: 128, 52: 366, 53: 142, 54: 380, 55: 44, 56: 282, 57: 86, 58: 324, 59: 114, 60: 352, 61: 86, 62: 324, 63: 16, 64: 254, 65: 58, 66: 296, 67: 100, 68: 338, 69: 736, 70: 498, 71: 142, 72: 380, 73: 142, 74: 380, 75: 58, 76: 296, 77: 44, 78: 282, 79: 16, 80: 254, 81: 86, 82: 324, 83: 736, 84: 498, 85: 16, 86: 254, 87: 16, 88: 254, 89: 72, 90: 310, 91: 16, 92: 254, 93: 736, 94: 498, 95: 142, 96: 380, 97: 736, 98: 498, 99: 44, 100: 282, 101: 16, 102: 254, 103: 142, 104: 380, 105: 86, 106: 324, 107: 736, 108: 498, 109: 142, 110: 380, 111: 16, 112: 254, 113: 16, 114: 254, 115: 58, 116: 296, 117: 142, 118: 380, 119: 44, 120: 282, 121: 114, 122: 352, 123: 16, 124: 254, 125: 142, 126: 380, 127: 736, 128: 498, 129: 114, 130: 352, 131: 142, 132: 380, 133: 72, 134: 310, 135: 142, 136: 380, 137: 114, 138: 352, 139: 86, 140: 324, 141: 736, 142: 498, 143: 58, 144: 296, 145: 736, 146: 498, 147: 722, 148: 484, 149: 128, 150: 366, 151: 736, 152: 498, 153: 16, 154: 254, 155: 86, 156: 324, 157: 16, 158: 254, 159: 736, 160: 498, 161: 72, 162: 310, 163: 114, 164: 352, 165: 86, 166: 324, 167: 16, 168: 254, 169: 128, 170: 366, 171: 128, 172: 366, 173: 44, 174: 282, 175: 100, 176: 338, 177: 722, 178: 484, 179: 72, 180: 310, 181: 114, 182: 352, 183: 86, 184: 324, 185: 142, 186: 380, 187: 58, 188: 296, 189: 736, 190: 498, 191: 16, 192: 254, 193: 58, 194: 296, 195: 736, 196: 498, 197: 128, 198: 366, 199: 736, 200: 498}
Number of lables used:  24
Time taken: 1.39 seconds
Memory used: 42.23 MB
--------------------------------------------------

Trying with at most 23 labels...
Solution:
{1: 100, 2: 338, 3: 142, 4: 380, 5: 142, 6: 380, 7: 142, 8: 380, 9: 142, 10: 380, 11: 142, 12: 380, 13: 58, 14: 296, 15: 114, 16: 352, 17: 114, 18: 352, 19: 58, 20: 296, 21: 16, 22: 254, 23: 86, 24: 324, 25: 100, 26: 338, 27: 100, 28: 338, 29: 114, 30: 352, 31: 128, 32: 366, 33: 44, 34: 282, 35: 142, 36: 380, 37: 72, 38: 310, 39: 16, 40: 254, 41: 16, 42: 254, 43: 86, 44: 324, 45: 58, 46: 296, 47: 86, 48: 324, 49: 736, 50: 498, 51: 128, 52: 366, 53: 142, 54: 380, 55: 44, 56: 282, 57: 86, 58: 324, 59: 114, 60: 352, 61: 86, 62: 324, 63: 16, 64: 254, 65: 58, 66: 296, 67: 100, 68: 338, 69: 736, 70: 498, 71: 142, 72: 380, 73: 142, 74: 380, 75: 58, 76: 296, 77: 44, 78: 282, 79: 16, 80: 254, 81: 86, 82: 324, 83: 736, 84: 498, 85: 16, 86: 254, 87: 16, 88: 254, 89: 72, 90: 310, 91: 16, 92: 254, 93: 736, 94: 498, 95: 142, 96: 380, 97: 736, 98: 498, 99: 44, 100: 282, 101: 16, 102: 254, 103: 142, 104: 380, 105: 86, 106: 324, 107: 736, 108: 498, 109: 142, 110: 380, 111: 16, 112: 254, 113: 16, 114: 254, 115: 58, 116: 296, 117: 142, 118: 380, 119: 44, 120: 282, 121: 114, 122: 352, 123: 16, 124: 254, 125: 142, 126: 380, 127: 736, 128: 498, 129: 114, 130: 352, 131: 142, 132: 380, 133: 72, 134: 310, 135: 142, 136: 380, 137: 114, 138: 352, 139: 86, 140: 324, 141: 736, 142: 498, 143: 58, 144: 296, 145: 736, 146: 498, 147: 736, 148: 498, 149: 128, 150: 366, 151: 736, 152: 498, 153: 16, 154: 254, 155: 86, 156: 324, 157: 16, 158: 254, 159: 736, 160: 498, 161: 72, 162: 310, 163: 114, 164: 352, 165: 86, 166: 324, 167: 16, 168: 254, 169: 128, 170: 366, 171: 128, 172: 366, 173: 44, 174: 282, 175: 100, 176: 338, 177: 736, 178: 498, 179: 72, 180: 310, 181: 114, 182: 352, 183: 86, 184: 324, 185: 142, 186: 380, 187: 58, 188: 296, 189: 736, 190: 498, 191: 16, 192: 254, 193: 58, 194: 296, 195: 736, 196: 498, 197: 128, 198: 366, 199: 736, 200: 498}
Number of lables used:  20
Time taken: 1.39 seconds
Memory used: 42.23 MB
--------------------------------------------------

Trying with at most 19 labels...
Cannot find solution.
No more solutions found.
Optimal number of labels used:  20
Time taken: 6.22 seconds
Memory used: 46.77 MB
[runlim] end:			Mon Mar 23 16:11:12 2026
[runlim] status:		ok
[runlim] result:		0
[runlim] children:		1
[runlim] processes:		2
[runlim] real:			6.26 seconds
[runlim] time:			6.15 seconds
[runlim] space:			47 MB
[runlim] load:			1.22 maximum
[runlim] samples:		63
