[runlim] version:		2.0.0rc12
[runlim] host:			ap-Precision-7550
[runlim] time limit:		311040000 seconds
[runlim] real time limit:	600 seconds
[runlim] space limit:		14000 MB
[runlim] argv[0]:		python3
[runlim] argv[1]:		-u
[runlim] argv[2]:		main.py
[runlim] argv[3]:		TUD200.5
[runlim] argv[4]:		nsc
[runlim] argv[5]:		assumptions
[runlim] argv[6]:		cadical195
[runlim] start:			Mon Mar 23 16:12:33 2026
[runlim] child:			11499
Solve first problem:
Cannot find solution.
Time taken: 0.12 seconds
Memory used: 23.47 MB
[runlim] end:			Mon Mar 23 16:12:33 2026
[runlim] status:		ok
[runlim] result:		0
[runlim] children:		1
[runlim] processes:		2
[runlim] real:			0.16 seconds
[runlim] time:			0.09 seconds
[runlim] space:			23 MB
[runlim] load:			1.28 maximum
[runlim] samples:		2
