[runlim] version:		2.0.0rc12
[runlim] host:			ap-Precision-7550
[runlim] time limit:		311040000 seconds
[runlim] real time limit:	600 seconds
[runlim] space limit:		14000 MB
[runlim] argv[0]:		python3
[runlim] argv[1]:		-u
[runlim] argv[2]:		main.py
[runlim] argv[3]:		graph10
[runlim] argv[4]:		DSE
[runlim] argv[5]:		6
[runlim] start:			Mon Jun  8 00:07:12 2026
[runlim] child:			6387
---  DSE  [Cardinality Encoding: 6] ---
 solving MaxSAT (RC2)...
[runlim] sample:		9.99 time, 10.01 real, 561 MB, 1.04 load
[runlim] sample:		19.99 time, 20.01 real, 570 MB, 1.03 load
[runlim] sample:		29.98 time, 30.01 real, 577 MB, 1.03 load
[runlim] sample:		39.99 time, 40.01 real, 580 MB, 1.02 load
[runlim] sample:		49.98 time, 50.01 real, 580 MB, 1.02 load
[runlim] sample:		59.97 time, 60.01 real, 574 MB, 1.02 load
[runlim] sample:		69.97 time, 70.01 real, 589 MB, 1.16 load
[runlim] sample:		79.96 time, 80.01 real, 577 MB, 1.13 load
[runlim] sample:		89.96 time, 90.01 real, 581 MB, 1.11 load
[runlim] sample:		99.96 time, 100.01 real, 581 MB, 1.10 load
[runlim] sample:		109.95 time, 110.01 real, 580 MB, 1.08 load
[runlim] sample:		119.94 time, 120.01 real, 576 MB, 1.07 load
[runlim] sample:		129.94 time, 130.01 real, 589 MB, 1.06 load
[runlim] sample:		139.93 time, 140.01 real, 586 MB, 1.05 load
[runlim] sample:		149.93 time, 150.01 real, 582 MB, 1.20 load
[runlim] sample:		159.93 time, 160.01 real, 595 MB, 1.17 load
[runlim] sample:		169.92 time, 170.01 real, 595 MB, 1.14 load

--------------------------------------------------
Found solution!
Number of labels used: 22
--------------------------------------------------
Time taken: 179.78 seconds
Memory used: 505.51 MB
[runlim] sample:		179.82 time, 179.95 real, 0 MB, 1.20 load
[runlim] end:			Mon Jun  8 00:10:12 2026
[runlim] status:		ok
[runlim] result:		0
[runlim] children:		1
[runlim] processes:		2
[runlim] real:			179.95 seconds
[runlim] time:			179.82 seconds
[runlim] space:			640 MB
[runlim] load:			1.20 maximum
[runlim] samples:		1800
