[runlim] version:		2.0.0rc12
[runlim] host:			ap-Precision-7550
[runlim] time limit:		311040000 seconds
[runlim] real time limit:	600 seconds
[runlim] space limit:		14000 MB
[runlim] argv[0]:		python3
[runlim] argv[1]:		-u
[runlim] argv[2]:		main.py
[runlim] argv[3]:		TUD200.2
[runlim] argv[4]:		DSE
[runlim] argv[5]:		6
[runlim] start:			Mon Jun  8 00:10:28 2026
[runlim] child:			6442
---  DSE  [Cardinality Encoding: 6] ---
 solving MaxSAT (RC2)...

--------------------------------------------------
Found solution!
Number of labels used: 46
--------------------------------------------------
Time taken: 0.07 seconds
Memory used: 20.42 MB
[runlim] end:			Mon Jun  8 00:10:28 2026
[runlim] status:		ok
[runlim] result:		0
[runlim] children:		0
[runlim] processes:		0
[runlim] real:			0.11 seconds
[runlim] time:			0.00 seconds
[runlim] space:			0 MB
[runlim] load:			1.16 maximum
[runlim] samples:		2
