[runlim] version:		2.0.0rc12
[runlim] host:			ap-Precision-7550
[runlim] time limit:		311040000 seconds
[runlim] real time limit:	600 seconds
[runlim] space limit:		14000 MB
[runlim] argv[0]:		python3
[runlim] argv[1]:		-u
[runlim] argv[2]:		pairwise_no_preprocessing.py
[runlim] argv[3]:		graph03
[runlim] argv[4]:		assumptions
[runlim] argv[5]:		5
[runlim] start:			Thu Jun 11 01:04:47 2026
[runlim] child:			8672
Number of assignment variables:  7820
Number of clauses for exactly one constraints:  31480
Number of clauses for distance constraints:  493054
---------------------------------------------------
Solve first problem:
Solution:
{1: 296, 2: 58, 3: 268, 4: 30, 5: 254, 6: 16, 7: 540, 8: 778, 9: 268, 10: 30, 11: 540, 12: 778, 13: 352, 14: 114, 15: 296, 16: 58, 17: 296, 18: 58, 19: 554, 20: 792, 21: 792, 22: 554, 23: 282, 24: 44, 25: 100, 26: 338, 27: 498, 28: 736, 29: 254, 30: 16, 31: 282, 32: 44, 33: 442, 34: 680, 35: 268, 36: 30, 37: 338, 38: 100, 39: 764, 40: 526, 41: 414, 42: 652, 43: 324, 44: 86, 45: 352, 46: 114, 47: 498, 48: 736, 49: 540, 50: 778, 51: 282, 52: 44, 53: 142, 54: 380, 55: 366, 56: 128, 57: 324, 58: 86, 59: 296, 60: 58, 61: 540, 62: 778, 63: 526, 64: 764, 65: 708, 66: 470, 67: 310, 68: 72, 69: 428, 70: 666, 71: 268, 72: 30, 73: 268, 74: 30, 75: 498, 76: 736, 77: 366, 78: 128, 79: 414, 80: 652, 81: 324, 82: 86, 83: 540, 84: 778, 85: 792, 86: 554, 87: 750, 88: 512, 89: 338, 90: 100, 91: 394, 92: 156, 93: 736, 94: 498, 95: 142, 96: 380, 97: 428, 98: 666, 99: 736, 100: 498, 101: 526, 102: 764, 103: 268, 104: 30, 105: 484, 106: 722, 107: 310, 108: 72, 109: 100, 110: 338, 111: 394, 112: 156, 113: 394, 114: 156, 115: 16, 116: 254, 117: 268, 118: 30, 119: 722, 120: 484, 121: 296, 122: 58, 123: 394, 124: 156, 125: 268, 126: 30, 127: 470, 128: 708, 129: 296, 130: 58, 131: 268, 132: 30, 133: 338, 134: 100, 135: 268, 136: 30, 137: 526, 138: 764, 139: 694, 140: 456, 141: 310, 142: 72, 143: 16, 144: 254, 145: 750, 146: 512, 147: 512, 148: 750, 149: 282, 150: 44, 151: 540, 152: 778, 153: 750, 154: 512, 155: 324, 156: 86, 157: 470, 158: 708, 159: 470, 160: 708, 161: 554, 162: 792, 163: 652, 164: 414, 165: 498, 166: 736, 167: 414, 168: 652, 169: 282, 170: 44, 171: 540, 172: 778, 173: 366, 174: 128, 175: 554, 176: 792, 177: 722, 178: 484, 179: 30, 180: 268, 181: 554, 182: 792, 183: 324, 184: 86, 185: 268, 186: 30, 187: 352, 188: 114, 189: 380, 190: 142, 191: 394, 192: 156, 193: 352, 194: 114, 195: 540, 196: 778, 197: 268, 198: 30, 199: 526, 200: 764}
Number of lables used:  44
Total time: 0.42 seconds
Memory used: 76.37 MB
--------------------------------------------------
Number of label variables:  48
Number of clauses for label constraints:  7810
Number of new variables for cardinality constraints:  1161
Number of clauses for cardinality constraints:  4558
Initial variable count:  17049
Initial clause count:  537149
--------------------------------------------------

Trying with at most 43 labels...
Solution:
{1: 114, 2: 352, 3: 142, 4: 380, 5: 554, 6: 792, 7: 652, 8: 414, 9: 652, 10: 414, 11: 652, 12: 414, 13: 44, 14: 282, 15: 100, 16: 338, 17: 114, 18: 352, 19: 72, 20: 310, 21: 792, 22: 554, 23: 114, 24: 352, 25: 128, 26: 366, 27: 128, 28: 366, 29: 142, 30: 380, 31: 114, 32: 352, 33: 750, 34: 512, 35: 142, 36: 380, 37: 100, 38: 338, 39: 792, 40: 554, 41: 778, 42: 540, 43: 708, 44: 470, 45: 58, 46: 296, 47: 694, 48: 456, 49: 58, 50: 296, 51: 128, 52: 366, 53: 652, 54: 414, 55: 72, 56: 310, 57: 72, 58: 310, 59: 142, 60: 380, 61: 708, 62: 470, 63: 16, 64: 254, 65: 86, 66: 324, 67: 128, 68: 366, 69: 778, 70: 540, 71: 128, 72: 366, 73: 666, 74: 428, 75: 58, 76: 296, 77: 30, 78: 268, 79: 778, 80: 540, 81: 722, 82: 484, 83: 778, 84: 540, 85: 792, 86: 554, 87: 16, 88: 254, 89: 58, 90: 296, 91: 16, 92: 254, 93: 58, 94: 296, 95: 142, 96: 380, 97: 30, 98: 268, 99: 44, 100: 282, 101: 44, 102: 282, 103: 142, 104: 380, 105: 86, 106: 324, 107: 694, 108: 456, 109: 142, 110: 380, 111: 16, 112: 254, 113: 792, 114: 554, 115: 750, 116: 512, 117: 128, 118: 366, 119: 750, 120: 512, 121: 142, 122: 380, 123: 778, 124: 540, 125: 652, 126: 414, 127: 722, 128: 484, 129: 680, 130: 442, 131: 652, 132: 414, 133: 58, 134: 296, 135: 652, 136: 414, 137: 100, 138: 338, 139: 86, 140: 324, 141: 86, 142: 324, 143: 58, 144: 296, 145: 778, 146: 540, 147: 72, 148: 310, 149: 666, 150: 428, 151: 44, 152: 282, 153: 44, 154: 282, 155: 114, 156: 352, 157: 778, 158: 540, 159: 16, 160: 254, 161: 30, 162: 268, 163: 114, 164: 352, 165: 72, 166: 310, 167: 778, 168: 540, 169: 652, 170: 414, 171: 666, 172: 428, 173: 72, 174: 310, 175: 128, 176: 366, 177: 750, 178: 512, 179: 72, 180: 310, 181: 114, 182: 352, 183: 722, 184: 484, 185: 652, 186: 414, 187: 722, 188: 484, 189: 58, 190: 296, 191: 778, 192: 540, 193: 44, 194: 282, 195: 30, 196: 268, 197: 666, 198: 428, 199: 44, 200: 282}
Number of lables used:  38
Total time: 0.47 seconds
Memory used: 79.96 MB
--------------------------------------------------

Trying with at most 37 labels...
Solution:
{1: 114, 2: 352, 3: 142, 4: 380, 5: 554, 6: 792, 7: 652, 8: 414, 9: 652, 10: 414, 11: 652, 12: 414, 13: 44, 14: 282, 15: 100, 16: 338, 17: 114, 18: 352, 19: 72, 20: 310, 21: 792, 22: 554, 23: 114, 24: 352, 25: 128, 26: 366, 27: 128, 28: 366, 29: 680, 30: 442, 31: 114, 32: 352, 33: 44, 34: 282, 35: 142, 36: 380, 37: 100, 38: 338, 39: 792, 40: 554, 41: 778, 42: 540, 43: 708, 44: 470, 45: 58, 46: 296, 47: 694, 48: 456, 49: 30, 50: 268, 51: 128, 52: 366, 53: 652, 54: 414, 55: 44, 56: 282, 57: 72, 58: 310, 59: 680, 60: 442, 61: 708, 62: 470, 63: 16, 64: 254, 65: 86, 66: 324, 67: 128, 68: 366, 69: 778, 70: 540, 71: 652, 72: 414, 73: 666, 74: 428, 75: 58, 76: 296, 77: 30, 78: 268, 79: 778, 80: 540, 81: 722, 82: 484, 83: 778, 84: 540, 85: 792, 86: 554, 87: 16, 88: 254, 89: 58, 90: 296, 91: 16, 92: 254, 93: 58, 94: 296, 95: 142, 96: 380, 97: 30, 98: 268, 99: 44, 100: 282, 101: 16, 102: 254, 103: 652, 104: 414, 105: 86, 106: 324, 107: 694, 108: 456, 109: 142, 110: 380, 111: 16, 112: 254, 113: 778, 114: 540, 115: 58, 116: 296, 117: 128, 118: 366, 119: 72, 120: 310, 121: 142, 122: 380, 123: 778, 124: 540, 125: 652, 126: 414, 127: 722, 128: 484, 129: 680, 130: 442, 131: 652, 132: 414, 133: 58, 134: 296, 135: 652, 136: 414, 137: 100, 138: 338, 139: 86, 140: 324, 141: 86, 142: 324, 143: 58, 144: 296, 145: 778, 146: 540, 147: 72, 148: 310, 149: 666, 150: 428, 151: 44, 152: 282, 153: 44, 154: 282, 155: 708, 156: 470, 157: 778, 158: 540, 159: 16, 160: 254, 161: 30, 162: 268, 163: 114, 164: 352, 165: 72, 166: 310, 167: 778, 168: 540, 169: 666, 170: 428, 171: 666, 172: 428, 173: 72, 174: 310, 175: 128, 176: 366, 177: 778, 178: 540, 179: 72, 180: 310, 181: 114, 182: 352, 183: 722, 184: 484, 185: 652, 186: 414, 187: 722, 188: 484, 189: 58, 190: 296, 191: 778, 192: 540, 193: 44, 194: 282, 195: 30, 196: 268, 197: 666, 198: 428, 199: 44, 200: 282}
Number of lables used:  36
Total time: 0.48 seconds
Memory used: 79.96 MB
--------------------------------------------------

Trying with at most 35 labels...
Solution:
{1: 30, 2: 268, 3: 30, 4: 268, 5: 652, 6: 414, 7: 30, 8: 268, 9: 30, 10: 268, 11: 652, 12: 414, 13: 736, 14: 498, 15: 16, 16: 254, 17: 680, 18: 442, 19: 736, 20: 498, 21: 680, 22: 442, 23: 30, 24: 268, 25: 30, 26: 268, 27: 694, 28: 456, 29: 58, 30: 296, 31: 86, 32: 324, 33: 750, 34: 512, 35: 652, 36: 414, 37: 722, 38: 484, 39: 16, 40: 254, 41: 778, 42: 540, 43: 30, 44: 268, 45: 736, 46: 498, 47: 708, 48: 470, 49: 778, 50: 540, 51: 666, 52: 428, 53: 652, 54: 414, 55: 764, 56: 526, 57: 708, 58: 470, 59: 58, 60: 296, 61: 44, 62: 282, 63: 778, 64: 540, 65: 736, 66: 498, 67: 30, 68: 268, 69: 764, 70: 526, 71: 652, 72: 414, 73: 44, 74: 282, 75: 86, 76: 324, 77: 750, 78: 512, 79: 778, 80: 540, 81: 44, 82: 282, 83: 764, 84: 526, 85: 778, 86: 540, 87: 16, 88: 254, 89: 722, 90: 484, 91: 778, 92: 540, 93: 764, 94: 526, 95: 142, 96: 380, 97: 764, 98: 526, 99: 750, 100: 512, 101: 792, 102: 554, 103: 652, 104: 414, 105: 708, 106: 470, 107: 44, 108: 282, 109: 142, 110: 380, 111: 778, 112: 540, 113: 778, 114: 540, 115: 58, 116: 296, 117: 554, 118: 792, 119: 750, 120: 512, 121: 680, 122: 442, 123: 778, 124: 540, 125: 652, 126: 414, 127: 722, 128: 484, 129: 58, 130: 296, 131: 666, 132: 428, 133: 722, 134: 484, 135: 652, 136: 414, 137: 142, 138: 380, 139: 708, 140: 470, 141: 58, 142: 296, 143: 58, 144: 296, 145: 30, 146: 268, 147: 722, 148: 484, 149: 86, 150: 324, 151: 750, 152: 512, 153: 778, 154: 540, 155: 30, 156: 268, 157: 778, 158: 540, 159: 736, 160: 498, 161: 722, 162: 484, 163: 680, 164: 442, 165: 708, 166: 470, 167: 778, 168: 540, 169: 666, 170: 428, 171: 666, 172: 428, 173: 750, 174: 512, 175: 58, 176: 296, 177: 750, 178: 512, 179: 722, 180: 484, 181: 142, 182: 380, 183: 708, 184: 470, 185: 652, 186: 414, 187: 736, 188: 498, 189: 764, 190: 526, 191: 778, 192: 540, 193: 16, 194: 254, 195: 750, 196: 512, 197: 666, 198: 428, 199: 764, 200: 526}
Number of lables used:  34
Total time: 0.57 seconds
Memory used: 100.25 MB
--------------------------------------------------

Trying with at most 33 labels...
Solution:
{1: 114, 2: 352, 3: 156, 4: 394, 5: 554, 6: 792, 7: 156, 8: 394, 9: 142, 10: 380, 11: 694, 12: 456, 13: 58, 14: 296, 15: 114, 16: 352, 17: 708, 18: 470, 19: 72, 20: 310, 21: 764, 22: 526, 23: 86, 24: 324, 25: 666, 26: 428, 27: 736, 28: 498, 29: 114, 30: 352, 31: 142, 32: 380, 33: 764, 34: 526, 35: 142, 36: 380, 37: 86, 38: 324, 39: 16, 40: 254, 41: 30, 42: 268, 43: 736, 44: 498, 45: 764, 46: 526, 47: 736, 48: 498, 49: 736, 50: 498, 51: 694, 52: 456, 53: 142, 54: 380, 55: 44, 56: 282, 57: 694, 58: 456, 59: 114, 60: 352, 61: 86, 62: 324, 63: 30, 64: 268, 65: 58, 66: 296, 67: 708, 68: 470, 69: 30, 70: 268, 71: 142, 72: 380, 73: 666, 74: 428, 75: 72, 76: 310, 77: 764, 78: 526, 79: 16, 80: 254, 81: 694, 82: 456, 83: 44, 84: 282, 85: 792, 86: 554, 87: 16, 88: 254, 89: 72, 90: 310, 91: 16, 92: 254, 93: 30, 94: 268, 95: 142, 96: 380, 97: 44, 98: 282, 99: 736, 100: 498, 101: 16, 102: 254, 103: 666, 104: 428, 105: 708, 106: 470, 107: 114, 108: 352, 109: 142, 110: 380, 111: 792, 112: 554, 113: 16, 114: 254, 115: 58, 116: 296, 117: 156, 118: 394, 119: 44, 120: 282, 121: 694, 122: 456, 123: 30, 124: 268, 125: 666, 126: 428, 127: 764, 128: 526, 129: 708, 130: 470, 131: 142, 132: 380, 133: 72, 134: 310, 135: 156, 136: 394, 137: 114, 138: 352, 139: 86, 140: 324, 141: 114, 142: 352, 143: 58, 144: 296, 145: 30, 146: 268, 147: 86, 148: 324, 149: 680, 150: 442, 151: 44, 152: 282, 153: 16, 154: 254, 155: 680, 156: 442, 157: 16, 158: 254, 159: 736, 160: 498, 161: 86, 162: 324, 163: 694, 164: 456, 165: 86, 166: 324, 167: 30, 168: 268, 169: 680, 170: 442, 171: 666, 172: 428, 173: 764, 174: 526, 175: 708, 176: 470, 177: 764, 178: 526, 179: 72, 180: 310, 181: 694, 182: 456, 183: 736, 184: 498, 185: 680, 186: 442, 187: 764, 188: 526, 189: 44, 190: 282, 191: 764, 192: 526, 193: 72, 194: 310, 195: 736, 196: 498, 197: 142, 198: 380, 199: 44, 200: 282}
Number of lables used:  32
Total time: 0.64 seconds
Memory used: 100.24 MB
--------------------------------------------------

Trying with at most 31 labels...
Solution:
{1: 30, 2: 268, 3: 652, 4: 414, 5: 652, 6: 414, 7: 652, 8: 414, 9: 30, 10: 268, 11: 652, 12: 414, 13: 736, 14: 498, 15: 142, 16: 380, 17: 680, 18: 442, 19: 736, 20: 498, 21: 680, 22: 442, 23: 16, 24: 254, 25: 30, 26: 268, 27: 30, 28: 268, 29: 44, 30: 282, 31: 86, 32: 324, 33: 750, 34: 512, 35: 652, 36: 414, 37: 722, 38: 484, 39: 16, 40: 254, 41: 778, 42: 540, 43: 708, 44: 470, 45: 736, 46: 498, 47: 708, 48: 470, 49: 764, 50: 526, 51: 142, 52: 380, 53: 652, 54: 414, 55: 750, 56: 512, 57: 708, 58: 470, 59: 680, 60: 442, 61: 708, 62: 470, 63: 30, 64: 268, 65: 736, 66: 498, 67: 86, 68: 324, 69: 764, 70: 526, 71: 652, 72: 414, 73: 652, 74: 414, 75: 736, 76: 498, 77: 58, 78: 296, 79: 778, 80: 540, 81: 44, 82: 282, 83: 44, 84: 282, 85: 778, 86: 540, 87: 16, 88: 254, 89: 722, 90: 484, 91: 778, 92: 540, 93: 764, 94: 526, 95: 142, 96: 380, 97: 764, 98: 526, 99: 750, 100: 512, 101: 16, 102: 254, 103: 652, 104: 414, 105: 708, 106: 470, 107: 86, 108: 324, 109: 142, 110: 380, 111: 778, 112: 540, 113: 778, 114: 540, 115: 58, 116: 296, 117: 554, 118: 792, 119: 750, 120: 512, 121: 680, 122: 442, 123: 778, 124: 540, 125: 652, 126: 414, 127: 722, 128: 484, 129: 680, 130: 442, 131: 652, 132: 414, 133: 722, 134: 484, 135: 652, 136: 414, 137: 680, 138: 442, 139: 86, 140: 324, 141: 58, 142: 296, 143: 58, 144: 296, 145: 30, 146: 268, 147: 722, 148: 484, 149: 58, 150: 296, 151: 750, 152: 512, 153: 778, 154: 540, 155: 708, 156: 470, 157: 778, 158: 540, 159: 736, 160: 498, 161: 722, 162: 484, 163: 680, 164: 442, 165: 708, 166: 470, 167: 778, 168: 540, 169: 142, 170: 380, 171: 86, 172: 324, 173: 750, 174: 512, 175: 30, 176: 268, 177: 44, 178: 282, 179: 722, 180: 484, 181: 680, 182: 442, 183: 708, 184: 470, 185: 652, 186: 414, 187: 16, 188: 254, 189: 764, 190: 526, 191: 778, 192: 540, 193: 16, 194: 254, 195: 750, 196: 512, 197: 58, 198: 296, 199: 764, 200: 526}
Number of lables used:  30
Total time: 0.70 seconds
Memory used: 100.24 MB
--------------------------------------------------

Trying with at most 29 labels...
Solution:
{1: 100, 2: 338, 3: 156, 4: 394, 5: 142, 6: 380, 7: 156, 8: 394, 9: 156, 10: 394, 11: 156, 12: 394, 13: 72, 14: 310, 15: 128, 16: 366, 17: 86, 18: 324, 19: 736, 20: 498, 21: 792, 22: 554, 23: 100, 24: 338, 25: 708, 26: 470, 27: 708, 28: 470, 29: 694, 30: 456, 31: 142, 32: 380, 33: 764, 34: 526, 35: 156, 36: 394, 37: 736, 38: 498, 39: 792, 40: 554, 41: 792, 42: 554, 43: 100, 44: 338, 45: 72, 46: 310, 47: 694, 48: 456, 49: 778, 50: 540, 51: 142, 52: 380, 53: 156, 54: 394, 55: 764, 56: 526, 57: 722, 58: 484, 59: 694, 60: 456, 61: 722, 62: 484, 63: 792, 64: 554, 65: 72, 66: 310, 67: 708, 68: 470, 69: 778, 70: 540, 71: 156, 72: 394, 73: 156, 74: 394, 75: 736, 76: 498, 77: 764, 78: 526, 79: 792, 80: 554, 81: 722, 82: 484, 83: 764, 84: 526, 85: 792, 86: 554, 87: 792, 88: 554, 89: 86, 90: 324, 91: 764, 92: 526, 93: 778, 94: 540, 95: 170, 96: 408, 97: 778, 98: 540, 99: 764, 100: 526, 101: 792, 102: 554, 103: 156, 104: 394, 105: 722, 106: 484, 107: 694, 108: 456, 109: 156, 110: 394, 111: 778, 112: 540, 113: 792, 114: 554, 115: 86, 116: 324, 117: 156, 118: 394, 119: 764, 120: 526, 121: 694, 122: 456, 123: 792, 124: 554, 125: 156, 126: 394, 127: 86, 128: 324, 129: 128, 130: 366, 131: 156, 132: 394, 133: 736, 134: 498, 135: 86, 136: 324, 137: 128, 138: 366, 139: 722, 140: 484, 141: 708, 142: 470, 143: 72, 144: 310, 145: 778, 146: 540, 147: 86, 148: 324, 149: 142, 150: 380, 151: 736, 152: 498, 153: 792, 154: 554, 155: 100, 156: 338, 157: 792, 158: 554, 159: 72, 160: 310, 161: 86, 162: 324, 163: 128, 164: 366, 165: 722, 166: 484, 167: 792, 168: 554, 169: 142, 170: 380, 171: 142, 172: 380, 173: 764, 174: 526, 175: 708, 176: 470, 177: 764, 178: 526, 179: 736, 180: 498, 181: 128, 182: 366, 183: 100, 184: 338, 185: 156, 186: 394, 187: 722, 188: 484, 189: 778, 190: 540, 191: 792, 192: 554, 193: 72, 194: 310, 195: 764, 196: 526, 197: 142, 198: 380, 199: 764, 200: 526}
Number of lables used:  28
Total time: 2.50 seconds
Memory used: 106.29 MB
--------------------------------------------------

Trying with at most 27 labels...
Solution:
{1: 666, 2: 428, 3: 142, 4: 380, 5: 142, 6: 380, 7: 142, 8: 380, 9: 142, 10: 380, 11: 142, 12: 380, 13: 708, 14: 470, 15: 114, 16: 352, 17: 114, 18: 352, 19: 58, 20: 296, 21: 16, 22: 254, 23: 86, 24: 324, 25: 708, 26: 470, 27: 764, 28: 526, 29: 114, 30: 352, 31: 128, 32: 366, 33: 750, 34: 512, 35: 142, 36: 380, 37: 708, 38: 470, 39: 16, 40: 254, 41: 16, 42: 254, 43: 86, 44: 324, 45: 58, 46: 296, 47: 764, 48: 526, 49: 764, 50: 526, 51: 666, 52: 428, 53: 666, 54: 428, 55: 750, 56: 512, 57: 86, 58: 324, 59: 114, 60: 352, 61: 86, 62: 324, 63: 16, 64: 254, 65: 750, 66: 512, 67: 750, 68: 512, 69: 30, 70: 268, 71: 142, 72: 380, 73: 142, 74: 380, 75: 722, 76: 484, 77: 750, 78: 512, 79: 16, 80: 254, 81: 86, 82: 324, 83: 30, 84: 268, 85: 16, 86: 254, 87: 16, 88: 254, 89: 722, 90: 484, 91: 16, 92: 254, 93: 30, 94: 268, 95: 142, 96: 380, 97: 764, 98: 526, 99: 750, 100: 512, 101: 16, 102: 254, 103: 142, 104: 380, 105: 708, 106: 470, 107: 764, 108: 526, 109: 142, 110: 380, 111: 764, 112: 526, 113: 16, 114: 254, 115: 58, 116: 296, 117: 142, 118: 380, 119: 764, 120: 526, 121: 114, 122: 352, 123: 16, 124: 254, 125: 142, 126: 380, 127: 792, 128: 554, 129: 114, 130: 352, 131: 142, 132: 380, 133: 722, 134: 484, 135: 142, 136: 380, 137: 792, 138: 554, 139: 708, 140: 470, 141: 792, 142: 554, 143: 58, 144: 296, 145: 764, 146: 526, 147: 708, 148: 470, 149: 128, 150: 366, 151: 722, 152: 484, 153: 16, 154: 254, 155: 86, 156: 324, 157: 750, 158: 512, 159: 58, 160: 296, 161: 792, 162: 554, 163: 114, 164: 352, 165: 86, 166: 324, 167: 16, 168: 254, 169: 128, 170: 366, 171: 666, 172: 428, 173: 722, 174: 484, 175: 666, 176: 428, 177: 750, 178: 512, 179: 722, 180: 484, 181: 666, 182: 428, 183: 708, 184: 470, 185: 722, 186: 484, 187: 58, 188: 296, 189: 30, 190: 268, 191: 16, 192: 254, 193: 58, 194: 296, 195: 750, 196: 512, 197: 128, 198: 366, 199: 30, 200: 268}
Number of lables used:  26
Total time: 3.16 seconds
Memory used: 137.98 MB
--------------------------------------------------

Trying with at most 25 labels...
Solution:
{1: 666, 2: 428, 3: 142, 4: 380, 5: 142, 6: 380, 7: 142, 8: 380, 9: 142, 10: 380, 11: 142, 12: 380, 13: 708, 14: 470, 15: 114, 16: 352, 17: 114, 18: 352, 19: 58, 20: 296, 21: 16, 22: 254, 23: 86, 24: 324, 25: 708, 26: 470, 27: 722, 28: 484, 29: 114, 30: 352, 31: 128, 32: 366, 33: 750, 34: 512, 35: 142, 36: 380, 37: 708, 38: 470, 39: 16, 40: 254, 41: 16, 42: 254, 43: 86, 44: 324, 45: 58, 46: 296, 47: 764, 48: 526, 49: 764, 50: 526, 51: 666, 52: 428, 53: 666, 54: 428, 55: 750, 56: 512, 57: 86, 58: 324, 59: 114, 60: 352, 61: 86, 62: 324, 63: 16, 64: 254, 65: 750, 66: 512, 67: 750, 68: 512, 69: 30, 70: 268, 71: 142, 72: 380, 73: 142, 74: 380, 75: 58, 76: 296, 77: 750, 78: 512, 79: 16, 80: 254, 81: 86, 82: 324, 83: 30, 84: 268, 85: 16, 86: 254, 87: 16, 88: 254, 89: 722, 90: 484, 91: 16, 92: 254, 93: 30, 94: 268, 95: 142, 96: 380, 97: 764, 98: 526, 99: 750, 100: 512, 101: 16, 102: 254, 103: 142, 104: 380, 105: 708, 106: 470, 107: 722, 108: 484, 109: 142, 110: 380, 111: 764, 112: 526, 113: 16, 114: 254, 115: 58, 116: 296, 117: 142, 118: 380, 119: 764, 120: 526, 121: 114, 122: 352, 123: 16, 124: 254, 125: 142, 126: 380, 127: 750, 128: 512, 129: 114, 130: 352, 131: 142, 132: 380, 133: 722, 134: 484, 135: 142, 136: 380, 137: 114, 138: 352, 139: 708, 140: 470, 141: 708, 142: 470, 143: 58, 144: 296, 145: 764, 146: 526, 147: 708, 148: 470, 149: 128, 150: 366, 151: 722, 152: 484, 153: 16, 154: 254, 155: 86, 156: 324, 157: 750, 158: 512, 159: 58, 160: 296, 161: 750, 162: 512, 163: 114, 164: 352, 165: 86, 166: 324, 167: 16, 168: 254, 169: 128, 170: 366, 171: 666, 172: 428, 173: 722, 174: 484, 175: 666, 176: 428, 177: 750, 178: 512, 179: 722, 180: 484, 181: 666, 182: 428, 183: 708, 184: 470, 185: 142, 186: 380, 187: 58, 188: 296, 189: 30, 190: 268, 191: 16, 192: 254, 193: 58, 194: 296, 195: 750, 196: 512, 197: 128, 198: 366, 199: 30, 200: 268}
Number of lables used:  24
Total time: 3.18 seconds
Memory used: 137.99 MB
--------------------------------------------------

Trying with at most 23 labels...
Solution:
{1: 100, 2: 338, 3: 666, 4: 428, 5: 142, 6: 380, 7: 666, 8: 428, 9: 666, 10: 428, 11: 666, 12: 428, 13: 86, 14: 324, 15: 142, 16: 380, 17: 142, 18: 380, 19: 750, 20: 512, 21: 792, 22: 554, 23: 100, 24: 338, 25: 86, 26: 324, 27: 708, 28: 470, 29: 694, 30: 456, 31: 142, 32: 380, 33: 764, 34: 526, 35: 666, 36: 428, 37: 100, 38: 338, 39: 792, 40: 554, 41: 792, 42: 554, 43: 722, 44: 484, 45: 750, 46: 512, 47: 722, 48: 484, 49: 778, 50: 540, 51: 142, 52: 380, 53: 666, 54: 428, 55: 764, 56: 526, 57: 722, 58: 484, 59: 694, 60: 456, 61: 722, 62: 484, 63: 792, 64: 554, 65: 750, 66: 512, 67: 708, 68: 470, 69: 778, 70: 540, 71: 666, 72: 428, 73: 666, 74: 428, 75: 750, 76: 512, 77: 764, 78: 526, 79: 792, 80: 554, 81: 100, 82: 338, 83: 778, 84: 540, 85: 792, 86: 554, 87: 792, 88: 554, 89: 100, 90: 338, 91: 792, 92: 554, 93: 778, 94: 540, 95: 142, 96: 380, 97: 778, 98: 540, 99: 764, 100: 526, 101: 792, 102: 554, 103: 666, 104: 428, 105: 722, 106: 484, 107: 708, 108: 470, 109: 666, 110: 428, 111: 792, 112: 554, 113: 792, 114: 554, 115: 750, 116: 512, 117: 666, 118: 428, 119: 764, 120: 526, 121: 142, 122: 380, 123: 792, 124: 554, 125: 666, 126: 428, 127: 86, 128: 324, 129: 694, 130: 456, 131: 666, 132: 428, 133: 100, 134: 338, 135: 666, 136: 428, 137: 86, 138: 324, 139: 722, 140: 484, 141: 708, 142: 470, 143: 750, 144: 512, 145: 778, 146: 540, 147: 86, 148: 324, 149: 100, 150: 338, 151: 764, 152: 526, 153: 792, 154: 554, 155: 100, 156: 338, 157: 792, 158: 554, 159: 750, 160: 512, 161: 86, 162: 324, 163: 694, 164: 456, 165: 722, 166: 484, 167: 792, 168: 554, 169: 142, 170: 380, 171: 142, 172: 380, 173: 764, 174: 526, 175: 708, 176: 470, 177: 764, 178: 526, 179: 100, 180: 338, 181: 694, 182: 456, 183: 722, 184: 484, 185: 666, 186: 428, 187: 86, 188: 324, 189: 778, 190: 540, 191: 792, 192: 554, 193: 750, 194: 512, 195: 764, 196: 526, 197: 142, 198: 380, 199: 778, 200: 540}
Number of lables used:  22
Total time: 4.17 seconds
Memory used: 103.87 MB
--------------------------------------------------

Trying with at most 21 labels...
Solution:
{1: 72, 2: 310, 3: 142, 4: 380, 5: 114, 6: 352, 7: 142, 8: 380, 9: 142, 10: 380, 11: 142, 12: 380, 13: 722, 14: 484, 15: 114, 16: 352, 17: 114, 18: 352, 19: 722, 20: 484, 21: 16, 22: 254, 23: 86, 24: 324, 25: 100, 26: 338, 27: 100, 28: 338, 29: 114, 30: 352, 31: 128, 32: 366, 33: 44, 34: 282, 35: 142, 36: 380, 37: 72, 38: 310, 39: 16, 40: 254, 41: 16, 42: 254, 43: 722, 44: 484, 45: 722, 46: 484, 47: 86, 48: 324, 49: 750, 50: 512, 51: 128, 52: 366, 53: 142, 54: 380, 55: 44, 56: 282, 57: 86, 58: 324, 59: 114, 60: 352, 61: 86, 62: 324, 63: 16, 64: 254, 65: 722, 66: 484, 67: 100, 68: 338, 69: 750, 70: 512, 71: 142, 72: 380, 73: 142, 74: 380, 75: 722, 76: 484, 77: 44, 78: 282, 79: 16, 80: 254, 81: 86, 82: 324, 83: 750, 84: 512, 85: 16, 86: 254, 87: 16, 88: 254, 89: 72, 90: 310, 91: 16, 92: 254, 93: 750, 94: 512, 95: 142, 96: 380, 97: 750, 98: 512, 99: 44, 100: 282, 101: 16, 102: 254, 103: 142, 104: 380, 105: 86, 106: 324, 107: 100, 108: 338, 109: 142, 110: 380, 111: 16, 112: 254, 113: 16, 114: 254, 115: 722, 116: 484, 117: 142, 118: 380, 119: 44, 120: 282, 121: 114, 122: 352, 123: 16, 124: 254, 125: 750, 126: 512, 127: 72, 128: 310, 129: 114, 130: 352, 131: 142, 132: 380, 133: 72, 134: 310, 135: 142, 136: 380, 137: 114, 138: 352, 139: 86, 140: 324, 141: 100, 142: 338, 143: 722, 144: 484, 145: 750, 146: 512, 147: 72, 148: 310, 149: 128, 150: 366, 151: 44, 152: 282, 153: 16, 154: 254, 155: 86, 156: 324, 157: 16, 158: 254, 159: 750, 160: 512, 161: 72, 162: 310, 163: 114, 164: 352, 165: 86, 166: 324, 167: 16, 168: 254, 169: 128, 170: 366, 171: 128, 172: 366, 173: 44, 174: 282, 175: 100, 176: 338, 177: 44, 178: 282, 179: 72, 180: 310, 181: 114, 182: 352, 183: 86, 184: 324, 185: 142, 186: 380, 187: 722, 188: 484, 189: 750, 190: 512, 191: 16, 192: 254, 193: 722, 194: 484, 195: 750, 196: 512, 197: 128, 198: 366, 199: 750, 200: 512}
Number of lables used:  20
Total time: 4.21 seconds
Memory used: 107.49 MB
--------------------------------------------------

Trying with at most 19 labels...
[runlim] sample:		9.99 time, 10.01 real, 137 MB, 1.17 load
Cannot find solution.
No more solutions found.
Optimal number of labels used:  20
Total time: 19.28 seconds
Memory used: 104.94 MB
[runlim] end:			Thu Jun 11 01:05:06 2026
[runlim] status:		ok
[runlim] result:		0
[runlim] children:		1
[runlim] processes:		2
[runlim] real:			19.33 seconds
[runlim] time:			19.29 seconds
[runlim] space:			141 MB
[runlim] load:			1.18 maximum
[runlim] samples:		194
