[runlim] version:		2.0.0rc12
[runlim] host:			ap-Precision-7550
[runlim] time limit:		311040000 seconds
[runlim] real time limit:	600 seconds
[runlim] space limit:		14000 MB
[runlim] argv[0]:		python3
[runlim] argv[1]:		-u
[runlim] argv[2]:		pairwise_no_preprocessing.py
[runlim] argv[3]:		graph01
[runlim] argv[4]:		assumptions
[runlim] argv[5]:		5
[runlim] start:			Thu Jun 11 00:50:34 2026
[runlim] child:			8468
Number of assignment variables:  6920
Number of clauses for exactly one constraints:  27880
Number of clauses for distance constraints:  75358
---------------------------------------------------
Solve first problem:
Solution:
{1: 30, 2: 268, 3: 16, 4: 254, 5: 16, 6: 254, 7: 142, 8: 380, 9: 142, 10: 380, 11: 16, 12: 254, 13: 30, 14: 268, 15: 58, 16: 296, 17: 16, 18: 254, 19: 16, 20: 254, 21: 44, 22: 282, 23: 142, 24: 380, 25: 72, 26: 310, 27: 352, 28: 114, 29: 16, 30: 254, 31: 72, 32: 310, 33: 114, 34: 352, 35: 72, 36: 310, 37: 16, 38: 254, 39: 16, 40: 254, 41: 72, 42: 310, 43: 86, 44: 324, 45: 58, 46: 296, 47: 16, 48: 254, 49: 72, 50: 310, 51: 86, 52: 324, 53: 30, 54: 268, 55: 58, 56: 296, 57: 58, 58: 296, 59: 16, 60: 254, 61: 128, 62: 366, 63: 86, 64: 324, 65: 16, 66: 254, 67: 58, 68: 296, 69: 44, 70: 282, 71: 30, 72: 268, 73: 142, 74: 380, 75: 86, 76: 324, 77: 30, 78: 268, 79: 16, 80: 254, 81: 72, 82: 310, 83: 58, 84: 296, 85: 72, 86: 310, 87: 114, 88: 352, 89: 58, 90: 296, 91: 156, 92: 394, 93: 16, 94: 254, 95: 72, 96: 310, 97: 408, 98: 170, 99: 86, 100: 324, 101: 30, 102: 268, 103: 16, 104: 254, 105: 142, 106: 380, 107: 44, 108: 282, 109: 16, 110: 254, 111: 86, 112: 324, 113: 44, 114: 282, 115: 114, 116: 352, 117: 114, 118: 352, 119: 100, 120: 338, 121: 408, 122: 170, 123: 142, 124: 380, 125: 58, 126: 296, 127: 30, 128: 268, 129: 114, 130: 352, 131: 30, 132: 268, 133: 366, 134: 128, 135: 170, 136: 408, 137: 30, 138: 268, 139: 16, 140: 254, 141: 30, 142: 268, 143: 44, 144: 282, 145: 86, 146: 324, 147: 366, 148: 128, 149: 428, 150: 666, 151: 86, 152: 324, 153: 142, 154: 380, 155: 156, 156: 394, 157: 338, 158: 100, 159: 484, 160: 722, 161: 296, 162: 58, 163: 268, 164: 30, 165: 456, 166: 694, 167: 44, 168: 282, 169: 100, 170: 338, 171: 72, 172: 310, 173: 114, 174: 352, 175: 442, 176: 680, 177: 16, 178: 254, 179: 44, 180: 282, 181: 16, 182: 254, 183: 142, 184: 380, 185: 414, 186: 652, 187: 128, 188: 366, 189: 30, 190: 268, 191: 414, 192: 652, 193: 170, 194: 408, 195: 100, 196: 338, 197: 58, 198: 296, 199: 72, 200: 310}
Number of lables used:  34
Total time: 0.17 seconds
Memory used: 34.87 MB
--------------------------------------------------
Number of label variables:  48
Number of clauses for label constraints:  6920
Number of new variables for cardinality constraints:  1056
Number of clauses for cardinality constraints:  4158
Initial variable count:  15144
Initial clause count:  114316
--------------------------------------------------

Trying with at most 33 labels...
Solution:
{1: 296, 2: 58, 3: 30, 4: 268, 5: 58, 6: 296, 7: 240, 8: 478, 9: 478, 10: 240, 11: 100, 12: 338, 13: 100, 14: 338, 15: 58, 16: 296, 17: 268, 18: 30, 19: 338, 20: 100, 21: 310, 22: 72, 23: 408, 24: 170, 25: 352, 26: 114, 27: 16, 28: 254, 29: 100, 30: 338, 31: 142, 32: 380, 33: 352, 34: 114, 35: 100, 36: 338, 37: 86, 38: 324, 39: 72, 40: 310, 41: 142, 42: 380, 43: 114, 44: 352, 45: 72, 46: 310, 47: 380, 48: 142, 49: 86, 50: 324, 51: 30, 52: 268, 53: 72, 54: 310, 55: 380, 56: 142, 57: 16, 58: 254, 59: 310, 60: 72, 61: 156, 62: 394, 63: 142, 64: 380, 65: 72, 66: 310, 67: 142, 68: 380, 69: 142, 70: 380, 71: 86, 72: 324, 73: 240, 74: 478, 75: 44, 76: 282, 77: 282, 78: 44, 79: 100, 80: 338, 81: 156, 82: 394, 83: 156, 84: 394, 85: 86, 86: 324, 87: 254, 88: 16, 89: 100, 90: 338, 91: 58, 92: 296, 93: 156, 94: 394, 95: 114, 96: 352, 97: 240, 98: 478, 99: 86, 100: 324, 101: 366, 102: 128, 103: 86, 104: 324, 105: 44, 106: 282, 107: 100, 108: 338, 109: 156, 110: 394, 111: 142, 112: 380, 113: 156, 114: 394, 115: 380, 116: 142, 117: 156, 118: 394, 119: 114, 120: 352, 121: 240, 122: 478, 123: 240, 124: 478, 125: 114, 126: 352, 127: 380, 128: 142, 129: 100, 130: 338, 131: 142, 132: 380, 133: 128, 134: 366, 135: 408, 136: 170, 137: 128, 138: 366, 139: 72, 140: 310, 141: 86, 142: 324, 143: 128, 144: 366, 145: 282, 146: 44, 147: 30, 148: 268, 149: 16, 150: 254, 151: 268, 152: 30, 153: 156, 154: 394, 155: 114, 156: 352, 157: 156, 158: 394, 159: 156, 160: 394, 161: 156, 162: 394, 163: 72, 164: 310, 165: 58, 166: 296, 167: 366, 168: 128, 169: 296, 170: 58, 171: 156, 172: 394, 173: 114, 174: 352, 175: 86, 176: 324, 177: 156, 178: 394, 179: 156, 180: 394, 181: 30, 182: 268, 183: 324, 184: 86, 185: 86, 186: 324, 187: 142, 188: 380, 189: 156, 190: 394, 191: 100, 192: 338, 193: 240, 194: 478, 195: 142, 196: 380, 197: 156, 198: 394, 199: 156, 200: 394}
Number of lables used:  26
Total time: 0.19 seconds
Memory used: 36.32 MB
--------------------------------------------------

Trying with at most 25 labels...
Solution:
{1: 296, 2: 58, 3: 324, 4: 86, 5: 58, 6: 296, 7: 380, 8: 142, 9: 478, 10: 240, 11: 666, 12: 428, 13: 100, 14: 338, 15: 58, 16: 296, 17: 16, 18: 254, 19: 338, 20: 100, 21: 310, 22: 72, 23: 240, 24: 478, 25: 114, 26: 352, 27: 394, 28: 156, 29: 100, 30: 338, 31: 142, 32: 380, 33: 352, 34: 114, 35: 58, 36: 296, 37: 86, 38: 324, 39: 72, 40: 310, 41: 142, 42: 380, 43: 114, 44: 352, 45: 72, 46: 310, 47: 380, 48: 142, 49: 86, 50: 324, 51: 16, 52: 254, 53: 72, 54: 310, 55: 380, 56: 142, 57: 16, 58: 254, 59: 394, 60: 156, 61: 156, 62: 394, 63: 142, 64: 380, 65: 72, 66: 310, 67: 142, 68: 380, 69: 16, 70: 254, 71: 86, 72: 324, 73: 380, 74: 142, 75: 30, 76: 268, 77: 156, 78: 394, 79: 100, 80: 338, 81: 156, 82: 394, 83: 58, 84: 296, 85: 86, 86: 324, 87: 58, 88: 296, 89: 100, 90: 338, 91: 16, 92: 254, 93: 156, 94: 394, 95: 72, 96: 310, 97: 240, 98: 478, 99: 86, 100: 324, 101: 58, 102: 296, 103: 86, 104: 324, 105: 30, 106: 268, 107: 100, 108: 338, 109: 156, 110: 394, 111: 142, 112: 380, 113: 156, 114: 394, 115: 16, 116: 254, 117: 156, 118: 394, 119: 114, 120: 352, 121: 142, 122: 380, 123: 142, 124: 380, 125: 86, 126: 324, 127: 58, 128: 296, 129: 100, 130: 338, 131: 128, 132: 366, 133: 268, 134: 30, 135: 240, 136: 478, 137: 128, 138: 366, 139: 72, 140: 310, 141: 86, 142: 324, 143: 128, 144: 366, 145: 428, 146: 666, 147: 16, 148: 254, 149: 428, 150: 666, 151: 72, 152: 310, 153: 156, 154: 394, 155: 114, 156: 352, 157: 156, 158: 394, 159: 156, 160: 394, 161: 296, 162: 58, 163: 72, 164: 310, 165: 428, 166: 666, 167: 366, 168: 128, 169: 142, 170: 380, 171: 156, 172: 394, 173: 114, 174: 352, 175: 86, 176: 324, 177: 156, 178: 394, 179: 156, 180: 394, 181: 428, 182: 666, 183: 338, 184: 100, 185: 352, 186: 114, 187: 142, 188: 380, 189: 156, 190: 394, 191: 16, 192: 254, 193: 240, 194: 478, 195: 428, 196: 666, 197: 156, 198: 394, 199: 156, 200: 394}
Number of lables used:  24
Total time: 0.20 seconds
Memory used: 36.32 MB
--------------------------------------------------

Trying with at most 23 labels...
Solution:
{1: 296, 2: 58, 3: 254, 4: 16, 5: 58, 6: 296, 7: 380, 8: 142, 9: 142, 10: 380, 11: 310, 12: 72, 13: 100, 14: 338, 15: 58, 16: 296, 17: 16, 18: 254, 19: 338, 20: 100, 21: 268, 22: 30, 23: 142, 24: 380, 25: 428, 26: 666, 27: 394, 28: 156, 29: 100, 30: 338, 31: 296, 32: 58, 33: 352, 34: 114, 35: 58, 36: 296, 37: 30, 38: 268, 39: 72, 40: 310, 41: 142, 42: 380, 43: 114, 44: 352, 45: 16, 46: 254, 47: 380, 48: 142, 49: 72, 50: 310, 51: 16, 52: 254, 53: 58, 54: 296, 55: 296, 56: 58, 57: 380, 58: 142, 59: 394, 60: 156, 61: 156, 62: 394, 63: 142, 64: 380, 65: 58, 66: 296, 67: 128, 68: 366, 69: 58, 70: 296, 71: 58, 72: 296, 73: 380, 74: 142, 75: 30, 76: 268, 77: 156, 78: 394, 79: 100, 80: 338, 81: 156, 82: 394, 83: 30, 84: 268, 85: 30, 86: 268, 87: 16, 88: 254, 89: 100, 90: 338, 91: 16, 92: 254, 93: 156, 94: 394, 95: 72, 96: 310, 97: 240, 98: 478, 99: 58, 100: 296, 101: 58, 102: 296, 103: 72, 104: 310, 105: 30, 106: 268, 107: 30, 108: 268, 109: 114, 110: 352, 111: 142, 112: 380, 113: 100, 114: 338, 115: 16, 116: 254, 117: 156, 118: 394, 119: 114, 120: 352, 121: 240, 122: 478, 123: 142, 124: 380, 125: 58, 126: 296, 127: 296, 128: 58, 129: 72, 130: 310, 131: 100, 132: 338, 133: 268, 134: 30, 135: 478, 136: 240, 137: 128, 138: 366, 139: 58, 140: 296, 141: 58, 142: 296, 143: 16, 144: 254, 145: 100, 146: 338, 147: 100, 148: 338, 149: 156, 150: 394, 151: 428, 152: 666, 153: 156, 154: 394, 155: 114, 156: 352, 157: 156, 158: 394, 159: 428, 160: 666, 161: 296, 162: 58, 163: 310, 164: 72, 165: 380, 166: 142, 167: 366, 168: 128, 169: 142, 170: 380, 171: 156, 172: 394, 173: 114, 174: 352, 175: 352, 176: 114, 177: 156, 178: 394, 179: 156, 180: 394, 181: 666, 182: 428, 183: 338, 184: 100, 185: 352, 186: 114, 187: 142, 188: 380, 189: 156, 190: 394, 191: 72, 192: 310, 193: 240, 194: 478, 195: 428, 196: 666, 197: 156, 198: 394, 199: 156, 200: 394}
Number of lables used:  22
Total time: 0.20 seconds
Memory used: 36.32 MB
--------------------------------------------------

Trying with at most 21 labels...
Solution:
{1: 296, 2: 58, 3: 254, 4: 16, 5: 58, 6: 296, 7: 380, 8: 142, 9: 142, 10: 380, 11: 310, 12: 72, 13: 100, 14: 338, 15: 58, 16: 296, 17: 16, 18: 254, 19: 338, 20: 100, 21: 268, 22: 30, 23: 142, 24: 380, 25: 428, 26: 666, 27: 394, 28: 156, 29: 100, 30: 338, 31: 296, 32: 58, 33: 352, 34: 114, 35: 58, 36: 296, 37: 30, 38: 268, 39: 72, 40: 310, 41: 142, 42: 380, 43: 114, 44: 352, 45: 16, 46: 254, 47: 380, 48: 142, 49: 72, 50: 310, 51: 16, 52: 254, 53: 268, 54: 30, 55: 58, 56: 296, 57: 380, 58: 142, 59: 394, 60: 156, 61: 156, 62: 394, 63: 142, 64: 380, 65: 254, 66: 16, 67: 72, 68: 310, 69: 58, 70: 296, 71: 58, 72: 296, 73: 380, 74: 142, 75: 30, 76: 268, 77: 156, 78: 394, 79: 100, 80: 338, 81: 156, 82: 394, 83: 30, 84: 268, 85: 58, 86: 296, 87: 16, 88: 254, 89: 100, 90: 338, 91: 16, 92: 254, 93: 156, 94: 394, 95: 72, 96: 310, 97: 240, 98: 478, 99: 58, 100: 296, 101: 58, 102: 296, 103: 72, 104: 310, 105: 30, 106: 268, 107: 30, 108: 268, 109: 114, 110: 352, 111: 142, 112: 380, 113: 100, 114: 338, 115: 16, 116: 254, 117: 156, 118: 394, 119: 114, 120: 352, 121: 240, 122: 478, 123: 142, 124: 380, 125: 58, 126: 296, 127: 296, 128: 58, 129: 72, 130: 310, 131: 100, 132: 338, 133: 268, 134: 30, 135: 478, 136: 240, 137: 30, 138: 268, 139: 58, 140: 296, 141: 58, 142: 296, 143: 16, 144: 254, 145: 100, 146: 338, 147: 100, 148: 338, 149: 156, 150: 394, 151: 30, 152: 268, 153: 156, 154: 394, 155: 114, 156: 352, 157: 156, 158: 394, 159: 428, 160: 666, 161: 296, 162: 58, 163: 310, 164: 72, 165: 142, 166: 380, 167: 428, 168: 666, 169: 142, 170: 380, 171: 156, 172: 394, 173: 114, 174: 352, 175: 352, 176: 114, 177: 156, 178: 394, 179: 156, 180: 394, 181: 666, 182: 428, 183: 338, 184: 100, 185: 352, 186: 114, 187: 142, 188: 380, 189: 156, 190: 394, 191: 310, 192: 72, 193: 240, 194: 478, 195: 428, 196: 666, 197: 114, 198: 352, 199: 156, 200: 394}
Number of lables used:  20
Total time: 0.20 seconds
Memory used: 36.32 MB
--------------------------------------------------

Trying with at most 19 labels...
Solution:
{1: 414, 2: 652, 3: 254, 4: 16, 5: 58, 6: 296, 7: 142, 8: 380, 9: 380, 10: 142, 11: 540, 12: 778, 13: 100, 14: 338, 15: 414, 16: 652, 17: 142, 18: 380, 19: 142, 20: 380, 21: 254, 22: 16, 23: 142, 24: 380, 25: 456, 26: 694, 27: 16, 28: 254, 29: 16, 30: 254, 31: 296, 32: 58, 33: 58, 34: 296, 35: 380, 36: 142, 37: 16, 38: 254, 39: 380, 40: 142, 41: 142, 42: 380, 43: 338, 44: 100, 45: 100, 46: 338, 47: 380, 48: 142, 49: 338, 50: 100, 51: 16, 52: 254, 53: 540, 54: 778, 55: 414, 56: 652, 57: 380, 58: 142, 59: 778, 60: 540, 61: 540, 62: 778, 63: 58, 64: 296, 65: 100, 66: 338, 67: 540, 68: 778, 69: 58, 70: 296, 71: 58, 72: 296, 73: 380, 74: 142, 75: 100, 76: 338, 77: 456, 78: 694, 79: 338, 80: 100, 81: 58, 82: 296, 83: 296, 84: 58, 85: 414, 86: 652, 87: 296, 88: 58, 89: 58, 90: 296, 91: 694, 92: 456, 93: 142, 94: 380, 95: 414, 96: 652, 97: 478, 98: 240, 99: 58, 100: 296, 101: 652, 102: 414, 103: 16, 104: 254, 105: 428, 106: 666, 107: 296, 108: 58, 109: 100, 110: 338, 111: 142, 112: 380, 113: 100, 114: 338, 115: 16, 116: 254, 117: 338, 118: 100, 119: 380, 120: 142, 121: 240, 122: 478, 123: 478, 124: 240, 125: 380, 126: 142, 127: 428, 128: 666, 129: 58, 130: 296, 131: 380, 132: 142, 133: 540, 134: 778, 135: 240, 136: 478, 137: 58, 138: 296, 139: 16, 140: 254, 141: 380, 142: 142, 143: 100, 144: 338, 145: 338, 146: 100, 147: 58, 148: 296, 149: 296, 150: 58, 151: 428, 152: 666, 153: 100, 154: 338, 155: 380, 156: 142, 157: 456, 158: 694, 159: 16, 160: 254, 161: 666, 162: 428, 163: 414, 164: 652, 165: 694, 166: 456, 167: 338, 168: 100, 169: 58, 170: 296, 171: 100, 172: 338, 173: 58, 174: 296, 175: 652, 176: 414, 177: 58, 178: 296, 179: 142, 180: 380, 181: 338, 182: 100, 183: 380, 184: 142, 185: 142, 186: 380, 187: 456, 188: 694, 189: 100, 190: 338, 191: 254, 192: 16, 193: 240, 194: 478, 195: 58, 196: 296, 197: 16, 198: 254, 199: 16, 200: 254}
Number of lables used:  18
Total time: 0.21 seconds
Memory used: 36.32 MB
--------------------------------------------------

Trying with at most 17 labels...
[runlim] sample:		9.95 time, 10.01 real, 60 MB, 1.02 load
[runlim] sample:		19.94 time, 20.01 real, 62 MB, 1.02 load
[runlim] sample:		29.94 time, 30.01 real, 69 MB, 1.01 load
[runlim] sample:		39.93 time, 40.01 real, 71 MB, 1.09 load
[runlim] sample:		49.92 time, 50.01 real, 71 MB, 1.08 load
[runlim] sample:		59.92 time, 60.01 real, 58 MB, 1.06 load
[runlim] sample:		69.92 time, 70.01 real, 60 MB, 1.05 load
[runlim] sample:		79.91 time, 80.01 real, 60 MB, 1.05 load
[runlim] sample:		89.91 time, 90.01 real, 68 MB, 1.04 load
[runlim] sample:		99.90 time, 100.01 real, 68 MB, 1.03 load
[runlim] sample:		109.90 time, 110.01 real, 78 MB, 1.03 load
[runlim] sample:		119.89 time, 120.01 real, 69 MB, 1.02 load
Cannot find solution.
No more solutions found.
Optimal number of labels used:  18
Total time: 123.32 seconds
Memory used: 78.48 MB
[runlim] end:			Thu Jun 11 00:52:38 2026
[runlim] status:		ok
[runlim] result:		0
[runlim] children:		1
[runlim] processes:		2
[runlim] real:			123.37 seconds
[runlim] time:			123.19 seconds
[runlim] space:			78 MB
[runlim] load:			1.10 maximum
[runlim] samples:		1234
