[runlim] version:		2.0.0rc12
[runlim] host:			ap-Precision-7550
[runlim] time limit:		311040000 seconds
[runlim] real time limit:	600 seconds
[runlim] space limit:		14000 MB
[runlim] argv[0]:		python3
[runlim] argv[1]:		-u
[runlim] argv[2]:		pairwise_no_preprocessing.py
[runlim] argv[3]:		scen02
[runlim] argv[4]:		assumptions
[runlim] argv[5]:		5
[runlim] start:			Thu Jun 11 00:42:44 2026
[runlim] child:			8442
Number of assignment variables:  8004
Number of clauses for exactly one constraints:  32216
Number of clauses for distance constraints:  191253
---------------------------------------------------
Solve first problem:
Solution:
{13: 16, 14: 254, 15: 16, 16: 254, 53: 16, 54: 254, 79: 30, 80: 268, 81: 16, 82: 254, 83: 16, 84: 254, 85: 86, 86: 324, 127: 16, 128: 254, 129: 114, 130: 352, 143: 16, 144: 254, 145: 16, 146: 254, 205: 44, 206: 282, 233: 30, 234: 268, 235: 44, 236: 282, 237: 30, 238: 268, 261: 16, 262: 254, 263: 16, 264: 254, 265: 16, 266: 254, 267: 86, 268: 324, 269: 16, 270: 254, 271: 16, 272: 254, 273: 86, 274: 324, 275: 86, 276: 324, 277: 30, 278: 268, 281: 44, 282: 282, 283: 44, 284: 282, 289: 30, 290: 268, 291: 44, 292: 282, 303: 16, 304: 254, 305: 86, 306: 324, 321: 30, 322: 268, 323: 100, 324: 338, 325: 30, 326: 268, 327: 100, 328: 338, 329: 16, 330: 254, 341: 114, 342: 352, 343: 114, 344: 352, 349: 100, 350: 338, 351: 86, 352: 324, 435: 30, 436: 268, 475: 44, 476: 282, 481: 58, 482: 296, 517: 310, 518: 72, 519: 30, 520: 268, 555: 282, 556: 44, 557: 44, 558: 282, 559: 268, 560: 30, 561: 128, 562: 366, 565: 100, 566: 338, 577: 114, 578: 352, 579: 16, 580: 254, 583: 296, 584: 58, 585: 30, 586: 268, 587: 86, 588: 324, 589: 16, 590: 254, 591: 428, 592: 666, 593: 30, 594: 268, 595: 86, 596: 324, 597: 100, 598: 338, 599: 58, 600: 296, 601: 428, 602: 666, 603: 44, 604: 282, 605: 30, 606: 268, 607: 128, 608: 366, 613: 428, 614: 666, 615: 30, 616: 268, 617: 72, 618: 310, 621: 100, 622: 338, 625: 268, 626: 30, 629: 86, 630: 324, 631: 114, 632: 352, 633: 338, 634: 100, 635: 380, 636: 142, 645: 30, 646: 268, 651: 16, 652: 254, 661: 72, 662: 310, 663: 16, 664: 254, 665: 352, 666: 114, 667: 16, 668: 254, 713: 30, 714: 268, 717: 86, 718: 324, 719: 156, 720: 394, 721: 366, 722: 128, 723: 16, 724: 254, 743: 44, 744: 282, 745: 128, 746: 366, 747: 114, 748: 352, 763: 296, 764: 58, 765: 268, 766: 30, 767: 156, 768: 394, 785: 16, 786: 254, 787: 310, 788: 72, 789: 44, 790: 282, 791: 114, 792: 352, 793: 30, 794: 268, 795: 100, 796: 338, 797: 30, 798: 268, 799: 100, 800: 338, 801: 498, 802: 736, 879: 44, 880: 282}
Number of lables used:  26
Total time: 0.23 seconds
Memory used: 46.98 MB
--------------------------------------------------
Number of label variables:  48
Number of clauses for label constraints:  8004
Number of new variables for cardinality constraints:  900
Number of clauses for cardinality constraints:  3550
Initial variable count:  17156
Initial clause count:  235023
--------------------------------------------------

Trying with at most 25 labels...
Solution:
{13: 86, 14: 324, 15: 16, 16: 254, 53: 142, 54: 380, 79: 156, 80: 394, 81: 142, 82: 380, 83: 296, 84: 58, 85: 366, 86: 128, 127: 58, 128: 296, 129: 156, 130: 394, 143: 156, 144: 394, 145: 156, 146: 394, 205: 156, 206: 394, 233: 268, 234: 30, 235: 366, 236: 128, 237: 30, 238: 268, 261: 156, 262: 394, 263: 338, 264: 100, 265: 72, 266: 310, 267: 156, 268: 394, 269: 30, 270: 268, 271: 30, 272: 268, 273: 352, 274: 114, 275: 352, 276: 114, 277: 30, 278: 268, 281: 142, 282: 380, 283: 128, 284: 366, 289: 156, 290: 394, 291: 86, 292: 324, 303: 352, 304: 114, 305: 16, 306: 254, 321: 58, 322: 296, 323: 156, 324: 394, 325: 254, 326: 16, 327: 394, 328: 156, 329: 156, 330: 394, 341: 380, 342: 142, 343: 380, 344: 142, 349: 72, 350: 310, 351: 380, 352: 142, 435: 114, 436: 352, 475: 128, 476: 366, 481: 142, 482: 380, 517: 142, 518: 380, 519: 142, 520: 380, 555: 282, 556: 44, 557: 44, 558: 282, 559: 352, 560: 114, 561: 44, 562: 282, 565: 310, 566: 72, 577: 86, 578: 324, 579: 58, 580: 296, 583: 142, 584: 380, 585: 86, 586: 324, 587: 156, 588: 394, 589: 44, 590: 282, 591: 58, 592: 296, 593: 72, 594: 310, 595: 114, 596: 352, 597: 58, 598: 296, 599: 30, 600: 268, 601: 128, 602: 366, 603: 142, 604: 380, 605: 142, 606: 380, 607: 58, 608: 296, 613: 30, 614: 268, 615: 128, 616: 366, 617: 142, 618: 380, 621: 72, 622: 310, 625: 142, 626: 380, 629: 128, 630: 366, 631: 142, 632: 380, 633: 128, 634: 366, 635: 142, 636: 380, 645: 114, 646: 352, 651: 156, 652: 394, 661: 156, 662: 394, 663: 16, 664: 254, 665: 380, 666: 142, 667: 156, 668: 394, 713: 30, 714: 268, 717: 352, 718: 114, 719: 16, 720: 254, 721: 86, 722: 324, 723: 156, 724: 394, 743: 310, 744: 72, 745: 296, 746: 58, 747: 380, 748: 142, 763: 142, 764: 380, 765: 156, 766: 394, 767: 114, 768: 352, 785: 156, 786: 394, 787: 142, 788: 380, 789: 72, 790: 310, 791: 142, 792: 380, 793: 72, 794: 310, 795: 142, 796: 380, 797: 58, 798: 296, 799: 128, 800: 366, 801: 142, 802: 380, 879: 142, 880: 380}
Number of lables used:  22
Total time: 0.25 seconds
Memory used: 50.79 MB
--------------------------------------------------

Trying with at most 21 labels...
Solution:
{13: 86, 14: 324, 15: 16, 16: 254, 53: 142, 54: 380, 79: 156, 80: 394, 81: 142, 82: 380, 83: 296, 84: 58, 85: 366, 86: 128, 127: 58, 128: 296, 129: 156, 130: 394, 143: 156, 144: 394, 145: 156, 146: 394, 205: 156, 206: 394, 233: 268, 234: 30, 235: 366, 236: 128, 237: 30, 238: 268, 261: 156, 262: 394, 263: 324, 264: 86, 265: 72, 266: 310, 267: 156, 268: 394, 269: 30, 270: 268, 271: 30, 272: 268, 273: 352, 274: 114, 275: 352, 276: 114, 277: 30, 278: 268, 281: 142, 282: 380, 283: 128, 284: 366, 289: 156, 290: 394, 291: 86, 292: 324, 303: 352, 304: 114, 305: 16, 306: 254, 321: 58, 322: 296, 323: 156, 324: 394, 325: 254, 326: 16, 327: 394, 328: 156, 329: 156, 330: 394, 341: 380, 342: 142, 343: 380, 344: 142, 349: 72, 350: 310, 351: 380, 352: 142, 435: 114, 436: 352, 475: 128, 476: 366, 481: 142, 482: 380, 517: 142, 518: 380, 519: 142, 520: 380, 555: 282, 556: 44, 557: 44, 558: 282, 559: 352, 560: 114, 561: 44, 562: 282, 565: 310, 566: 72, 577: 86, 578: 324, 579: 58, 580: 296, 583: 142, 584: 380, 585: 86, 586: 324, 587: 156, 588: 394, 589: 44, 590: 282, 591: 58, 592: 296, 593: 72, 594: 310, 595: 114, 596: 352, 597: 58, 598: 296, 599: 30, 600: 268, 601: 128, 602: 366, 603: 142, 604: 380, 605: 142, 606: 380, 607: 58, 608: 296, 613: 30, 614: 268, 615: 128, 616: 366, 617: 142, 618: 380, 621: 72, 622: 310, 625: 142, 626: 380, 629: 128, 630: 366, 631: 142, 632: 380, 633: 128, 634: 366, 635: 142, 636: 380, 645: 114, 646: 352, 651: 156, 652: 394, 661: 156, 662: 394, 663: 16, 664: 254, 665: 380, 666: 142, 667: 156, 668: 394, 713: 30, 714: 268, 717: 352, 718: 114, 719: 16, 720: 254, 721: 86, 722: 324, 723: 156, 724: 394, 743: 310, 744: 72, 745: 296, 746: 58, 747: 380, 748: 142, 763: 142, 764: 380, 765: 156, 766: 394, 767: 114, 768: 352, 785: 156, 786: 394, 787: 142, 788: 380, 789: 72, 790: 310, 791: 142, 792: 380, 793: 72, 794: 310, 795: 142, 796: 380, 797: 58, 798: 296, 799: 128, 800: 366, 801: 142, 802: 380, 879: 142, 880: 380}
Number of lables used:  20
Total time: 0.25 seconds
Memory used: 50.80 MB
--------------------------------------------------

Trying with at most 19 labels...
Solution:
{13: 86, 14: 324, 15: 16, 16: 254, 53: 142, 54: 380, 79: 156, 80: 394, 81: 142, 82: 380, 83: 282, 84: 44, 85: 366, 86: 128, 127: 44, 128: 282, 129: 156, 130: 394, 143: 156, 144: 394, 145: 156, 146: 394, 205: 156, 206: 394, 233: 268, 234: 30, 235: 366, 236: 128, 237: 30, 238: 268, 261: 156, 262: 394, 263: 324, 264: 86, 265: 72, 266: 310, 267: 156, 268: 394, 269: 30, 270: 268, 271: 30, 272: 268, 273: 352, 274: 114, 275: 352, 276: 114, 277: 30, 278: 268, 281: 142, 282: 380, 283: 128, 284: 366, 289: 156, 290: 394, 291: 86, 292: 324, 303: 352, 304: 114, 305: 16, 306: 254, 321: 72, 322: 310, 323: 156, 324: 394, 325: 254, 326: 16, 327: 394, 328: 156, 329: 156, 330: 394, 341: 380, 342: 142, 343: 380, 344: 142, 349: 72, 350: 310, 351: 380, 352: 142, 435: 114, 436: 352, 475: 128, 476: 366, 481: 142, 482: 380, 517: 142, 518: 380, 519: 142, 520: 380, 555: 282, 556: 44, 557: 44, 558: 282, 559: 352, 560: 114, 561: 114, 562: 352, 565: 310, 566: 72, 577: 86, 578: 324, 579: 44, 580: 282, 583: 142, 584: 380, 585: 86, 586: 324, 587: 156, 588: 394, 589: 44, 590: 282, 591: 44, 592: 282, 593: 86, 594: 324, 595: 114, 596: 352, 597: 72, 598: 310, 599: 30, 600: 268, 601: 128, 602: 366, 603: 142, 604: 380, 605: 142, 606: 380, 607: 72, 608: 310, 613: 30, 614: 268, 615: 128, 616: 366, 617: 142, 618: 380, 621: 72, 622: 310, 625: 142, 626: 380, 629: 128, 630: 366, 631: 282, 632: 44, 633: 128, 634: 366, 635: 142, 636: 380, 645: 114, 646: 352, 651: 156, 652: 394, 661: 156, 662: 394, 663: 16, 664: 254, 665: 380, 666: 142, 667: 156, 668: 394, 713: 30, 714: 268, 717: 352, 718: 114, 719: 16, 720: 254, 721: 86, 722: 324, 723: 156, 724: 394, 743: 310, 744: 72, 745: 282, 746: 44, 747: 380, 748: 142, 763: 142, 764: 380, 765: 156, 766: 394, 767: 114, 768: 352, 785: 156, 786: 394, 787: 142, 788: 380, 789: 72, 790: 310, 791: 142, 792: 380, 793: 72, 794: 310, 795: 142, 796: 380, 797: 44, 798: 282, 799: 380, 800: 142, 801: 366, 802: 128, 879: 142, 880: 380}
Number of lables used:  18
Total time: 0.25 seconds
Memory used: 50.80 MB
--------------------------------------------------

Trying with at most 17 labels...
Solution:
{13: 72, 14: 310, 15: 652, 16: 414, 53: 142, 54: 380, 79: 156, 80: 394, 81: 142, 82: 380, 83: 282, 84: 44, 85: 352, 86: 114, 127: 44, 128: 282, 129: 156, 130: 394, 143: 414, 144: 652, 145: 414, 146: 652, 205: 156, 206: 394, 233: 380, 234: 142, 235: 366, 236: 128, 237: 44, 238: 282, 261: 156, 262: 394, 263: 324, 264: 86, 265: 72, 266: 310, 267: 156, 268: 394, 269: 394, 270: 156, 271: 394, 272: 156, 273: 352, 274: 114, 275: 352, 276: 114, 277: 394, 278: 156, 281: 72, 282: 310, 283: 44, 284: 282, 289: 156, 290: 394, 291: 86, 292: 324, 303: 414, 304: 652, 305: 72, 306: 310, 321: 72, 322: 310, 323: 156, 324: 394, 325: 282, 326: 44, 327: 394, 328: 156, 329: 156, 330: 394, 341: 310, 342: 72, 343: 310, 344: 72, 349: 72, 350: 310, 351: 380, 352: 142, 435: 114, 436: 352, 475: 86, 476: 324, 481: 142, 482: 380, 517: 142, 518: 380, 519: 142, 520: 380, 555: 86, 556: 324, 557: 44, 558: 282, 559: 352, 560: 114, 561: 114, 562: 352, 565: 310, 566: 72, 577: 128, 578: 366, 579: 44, 580: 282, 583: 72, 584: 310, 585: 86, 586: 324, 587: 156, 588: 394, 589: 44, 590: 282, 591: 86, 592: 324, 593: 86, 594: 324, 595: 114, 596: 352, 597: 72, 598: 310, 599: 86, 600: 324, 601: 86, 602: 324, 603: 142, 604: 380, 605: 142, 606: 380, 607: 380, 608: 142, 613: 128, 614: 366, 615: 114, 616: 352, 617: 142, 618: 380, 621: 72, 622: 310, 625: 142, 626: 380, 629: 380, 630: 142, 631: 282, 632: 44, 633: 44, 634: 282, 635: 142, 636: 380, 645: 114, 646: 352, 651: 156, 652: 394, 661: 156, 662: 394, 663: 282, 664: 44, 665: 380, 666: 142, 667: 156, 668: 394, 713: 394, 714: 156, 717: 352, 718: 114, 719: 282, 720: 44, 721: 86, 722: 324, 723: 414, 724: 652, 743: 310, 744: 72, 745: 282, 746: 44, 747: 380, 748: 142, 763: 142, 764: 380, 765: 156, 766: 394, 767: 114, 768: 352, 785: 652, 786: 414, 787: 128, 788: 366, 789: 44, 790: 282, 791: 142, 792: 380, 793: 72, 794: 310, 795: 142, 796: 380, 797: 44, 798: 282, 799: 380, 800: 142, 801: 282, 802: 44, 879: 142, 880: 380}
Number of lables used:  16
Total time: 0.28 seconds
Memory used: 50.94 MB
--------------------------------------------------

Trying with at most 15 labels...
Solution:
{13: 114, 14: 352, 15: 114, 16: 352, 53: 128, 54: 366, 79: 114, 80: 352, 81: 44, 82: 282, 83: 282, 84: 44, 85: 414, 86: 652, 127: 44, 128: 282, 129: 394, 130: 156, 143: 652, 144: 414, 145: 652, 146: 414, 205: 128, 206: 366, 233: 366, 234: 128, 235: 352, 236: 114, 237: 44, 238: 282, 261: 156, 262: 394, 263: 72, 264: 310, 265: 72, 266: 310, 267: 156, 268: 394, 269: 324, 270: 86, 271: 324, 272: 86, 273: 394, 274: 156, 275: 394, 276: 156, 277: 282, 278: 44, 281: 128, 282: 366, 283: 156, 284: 394, 289: 128, 290: 366, 291: 282, 292: 44, 303: 414, 304: 652, 305: 72, 306: 310, 321: 86, 322: 324, 323: 156, 324: 394, 325: 652, 326: 414, 327: 44, 328: 282, 329: 156, 330: 394, 341: 366, 342: 128, 343: 366, 344: 128, 349: 72, 350: 310, 351: 366, 352: 128, 435: 114, 436: 352, 475: 86, 476: 324, 481: 128, 482: 366, 517: 352, 518: 114, 519: 282, 520: 44, 555: 114, 556: 352, 557: 44, 558: 282, 559: 352, 560: 114, 561: 114, 562: 352, 565: 310, 566: 72, 577: 156, 578: 394, 579: 44, 580: 282, 583: 128, 584: 366, 585: 86, 586: 324, 587: 394, 588: 156, 589: 44, 590: 282, 591: 86, 592: 324, 593: 72, 594: 310, 595: 114, 596: 352, 597: 86, 598: 324, 599: 72, 600: 310, 601: 86, 602: 324, 603: 128, 604: 366, 605: 128, 606: 366, 607: 282, 608: 44, 613: 114, 614: 352, 615: 114, 616: 352, 617: 128, 618: 366, 621: 72, 622: 310, 625: 366, 626: 128, 629: 366, 630: 128, 631: 282, 632: 44, 633: 44, 634: 282, 635: 128, 636: 366, 645: 114, 646: 352, 651: 128, 652: 366, 661: 72, 662: 310, 663: 282, 664: 44, 665: 366, 666: 128, 667: 128, 668: 366, 713: 282, 714: 44, 717: 394, 718: 156, 719: 310, 720: 72, 721: 114, 722: 352, 723: 652, 724: 414, 743: 114, 744: 352, 745: 282, 746: 44, 747: 366, 748: 128, 763: 366, 764: 128, 765: 156, 766: 394, 767: 652, 768: 414, 785: 156, 786: 394, 787: 86, 788: 324, 789: 282, 790: 44, 791: 352, 792: 114, 793: 72, 794: 310, 795: 366, 796: 128, 797: 44, 798: 282, 799: 366, 800: 128, 801: 282, 802: 44, 879: 86, 880: 324}
Number of lables used:  14
Total time: 0.32 seconds
Memory used: 59.95 MB
--------------------------------------------------

Trying with at most 13 labels...
[runlim] sample:		10.00 time, 10.01 real, 83 MB, 1.01 load
[runlim] sample:		19.99 time, 20.01 real, 84 MB, 1.00 load
[runlim] sample:		29.99 time, 30.01 real, 85 MB, 1.00 load
[runlim] sample:		39.98 time, 40.01 real, 68 MB, 1.00 load
Cannot find solution.
No more solutions found.
Optimal number of labels used:  14
Total time: 42.95 seconds
Memory used: 67.86 MB
[runlim] end:			Thu Jun 11 00:43:27 2026
[runlim] status:		ok
[runlim] result:		0
[runlim] children:		1
[runlim] processes:		2
[runlim] real:			43.05 seconds
[runlim] time:			42.97 seconds
[runlim] space:			85 MB
[runlim] load:			1.01 maximum
[runlim] samples:		431
