[runlim] version:		2.0.0rc12
[runlim] host:			ap-Precision-7550
[runlim] time limit:		311040000 seconds
[runlim] real time limit:	600 seconds
[runlim] space limit:		14000 MB
[runlim] argv[0]:		python3
[runlim] argv[1]:		-u
[runlim] argv[2]:		evalmaxsat_no_processing.py
[runlim] argv[3]:		scen07
[runlim] argv[4]:		DSE
[runlim] argv[5]:		1
[runlim] start:			Fri Jun 12 13:52:10 2026
[runlim] child:			16141
[INFO] Generating WCNF for scen07 (DSE,1)
[INFO] Solving wcnf/no_preprocessing/DSE_1/scen07_DSE_1.wcnf
s UNSATISFIABLE
c Total time : 0.618834s
[INFO] Decode summary
[INFO] status=UNSATISFIABLE, objective=None, assigned_vars=0, complete=False, labels_used=0
[INFO] Decoded assignment file: results/no_preprocessing/decode/DSE_1/scen07.decoded.txt
[runlim] end:			Fri Jun 12 13:52:15 2026
[runlim] status:		ok
[runlim] result:		0
[runlim] children:		2
[runlim] processes:		3
[runlim] real:			5.09 seconds
[runlim] time:			4.83 seconds
[runlim] space:			352 MB
[runlim] load:			1.21 maximum
[runlim] samples:		51
