[runlim] version:		1.10
[runlim] time limit:		311040000 seconds
[runlim] real time limit:	600 seconds
[runlim] space limit:		14000 MB
[runlim] argv[0]:		python3
[runlim] argv[1]:		-u
[runlim] argv[2]:		pairwise_no_preprocessing.py
[runlim] argv[3]:		graph13
[runlim] argv[4]:		assumptions
[runlim] start:			Thu Mar 12 16:50:06 2026
[runlim] main pid:		5890
Solve first problem:
Cannot find solution.
Time taken: 2.50 seconds 
Memory used: 181.27 MB
[runlim] end:			Thu Mar 12 16:50:09 2026
[runlim] status:		ok
[runlim] result:		0
[runlim] children:		0
[runlim] real:			3.34 seconds
[runlim] time:			2.49 seconds
[runlim] space:			180.0 MB
[runlim] samples:		25
