[runlim] version:		1.10
[runlim] time limit:		311040000 seconds
[runlim] real time limit:	600 seconds
[runlim] space limit:		14000 MB
[runlim] argv[0]:		python3
[runlim] argv[1]:		-u
[runlim] argv[2]:		pairwise_no_preprocessing.py
[runlim] argv[3]:		scen05
[runlim] argv[4]:		assumptions
[runlim] start:			Thu Mar 12 16:50:09 2026
[runlim] main pid:		5893
Solve first problem:
Solution:
{13: 156, 14: 394, 15: 156, 16: 394, 53: 156, 54: 394, 71: 128, 72: 366, 79: 512, 80: 750, 81: 16, 82: 254, 83: 128, 84: 366, 85: 442, 86: 680, 117: 792, 118: 554, 119: 554, 120: 792, 127: 30, 128: 268, 129: 778, 130: 540, 143: 666, 144: 428, 145: 442, 146: 680, 151: 72, 152: 310, 153: 414, 154: 652, 163: 142, 164: 380, 165: 764, 166: 526, 179: 44, 180: 282, 181: 268, 182: 30, 183: 442, 184: 680, 191: 736, 192: 498, 193: 268, 194: 30, 205: 310, 206: 72, 209: 736, 210: 498, 211: 792, 212: 554, 213: 310, 214: 72, 217: 764, 218: 526, 219: 310, 220: 72, 233: 428, 234: 666, 235: 764, 236: 526, 237: 484, 238: 722, 255: 254, 256: 16, 259: 86, 260: 324, 261: 380, 262: 142, 263: 254, 264: 16, 265: 44, 266: 282, 267: 554, 268: 792, 269: 296, 270: 58, 271: 296, 272: 58, 273: 30, 274: 268, 275: 16, 276: 254, 277: 296, 278: 58, 281: 394, 282: 156, 283: 128, 284: 366, 285: 16, 286: 254, 287: 254, 288: 16, 289: 792, 290: 554, 291: 156, 292: 394, 293: 380, 294: 142, 295: 792, 296: 554, 299: 254, 300: 16, 301: 156, 302: 394, 303: 324, 304: 86, 305: 540, 306: 778, 307: 512, 308: 750, 309: 394, 310: 156, 311: 16, 312: 254, 313: 282, 314: 44, 321: 254, 322: 16, 323: 156, 324: 394, 325: 456, 326: 694, 327: 268, 328: 30, 329: 254, 330: 16, 335: 792, 336: 554, 337: 442, 338: 680, 341: 394, 342: 156, 343: 394, 344: 156, 349: 282, 350: 44, 351: 694, 352: 456, 353: 680, 354: 442, 369: 750, 370: 512, 371: 428, 372: 666, 373: 722, 374: 484, 375: 128, 376: 366, 377: 352, 378: 114, 379: 352, 380: 114, 381: 100, 382: 338, 385: 778, 386: 540, 391: 722, 392: 484, 393: 778, 394: 540, 401: 366, 402: 128, 403: 268, 404: 30, 405: 428, 406: 666, 413: 764, 414: 526, 435: 778, 436: 540, 439: 394, 440: 156, 443: 44, 444: 282, 449: 764, 450: 526, 471: 722, 472: 484, 473: 338, 474: 100, 475: 380, 476: 142, 477: 680, 478: 442, 479: 268, 480: 30, 481: 708, 482: 470, 517: 666, 518: 428, 519: 428, 520: 666, 537: 128, 538: 366, 539: 72, 540: 310, 541: 428, 542: 666, 545: 652, 546: 414, 551: 792, 552: 554, 553: 254, 554: 16, 555: 442, 556: 680, 557: 540, 558: 778, 559: 352, 560: 114, 561: 128, 562: 366, 563: 708, 564: 470, 565: 526, 566: 764, 567: 268, 568: 30, 569: 526, 570: 764, 571: 470, 572: 708, 573: 44, 574: 282, 575: 44, 576: 282, 577: 554, 578: 792, 579: 666, 580: 428, 581: 16, 582: 254, 583: 778, 584: 540, 585: 366, 586: 128, 587: 652, 588: 414, 589: 254, 590: 16, 591: 526, 592: 764, 593: 268, 594: 30, 595: 428, 596: 666, 597: 296, 598: 58, 599: 708, 600: 470, 601: 268, 602: 30, 603: 456, 604: 694, 605: 268, 606: 30, 607: 324, 608: 86, 613: 310, 614: 72, 615: 86, 616: 324, 617: 750, 618: 512, 619: 540, 620: 778, 621: 540, 622: 778, 623: 750, 624: 512, 625: 72, 626: 310, 629: 282, 630: 44, 631: 512, 632: 750, 633: 128, 634: 366, 635: 680, 636: 442, 639: 86, 640: 324, 641: 114, 642: 352, 643: 114, 644: 352, 645: 72, 646: 310, 651: 254, 652: 16, 653: 680, 654: 442, 661: 778, 662: 540, 663: 456, 664: 694, 665: 394, 666: 156, 667: 778, 668: 540, 671: 310, 672: 72, 711: 338, 712: 100, 713: 296, 714: 58, 715: 694, 716: 456, 717: 128, 718: 366, 719: 254, 720: 16, 721: 554, 722: 792, 723: 442, 724: 680, 739: 666, 740: 428, 741: 442, 742: 680, 743: 352, 744: 114, 745: 44, 746: 282, 747: 512, 748: 750, 751: 540, 752: 778, 753: 86, 754: 324, 755: 694, 756: 456, 757: 142, 758: 380, 759: 540, 760: 778, 763: 540, 764: 778, 765: 16, 766: 254, 767: 324, 768: 86, 769: 268, 770: 30, 773: 128, 774: 366, 775: 484, 776: 722, 783: 72, 784: 310, 785: 722, 786: 484, 787: 526, 788: 764, 789: 268, 790: 30, 791: 666, 792: 428, 793: 268, 794: 30, 795: 540, 796: 778, 797: 428, 798: 666, 799: 268, 800: 30, 801: 764, 802: 526, 803: 114, 804: 352, 805: 30, 806: 268, 807: 128, 808: 366, 809: 512, 810: 750, 811: 428, 812: 666, 813: 268, 814: 30, 815: 470, 816: 708, 817: 296, 818: 58, 825: 268, 826: 30, 827: 694, 828: 456, 829: 764, 830: 526, 879: 324, 880: 86, 911: 114, 912: 352, 913: 268, 914: 30, 915: 16, 916: 254}
Number of lables used:  44
Total time: 1.33 seconds
Memory used: 104.18 MB
--------------------------------------------------

Trying with at most 43 labels...
Solution:
{13: 156, 14: 394, 15: 156, 16: 394, 53: 156, 54: 394, 71: 128, 72: 366, 79: 470, 80: 708, 81: 352, 82: 114, 83: 128, 84: 366, 85: 414, 86: 652, 117: 792, 118: 554, 119: 554, 120: 792, 127: 16, 128: 254, 129: 736, 130: 498, 143: 666, 144: 428, 145: 442, 146: 680, 151: 72, 152: 310, 153: 428, 154: 666, 163: 156, 164: 394, 165: 778, 166: 540, 179: 44, 180: 282, 181: 268, 182: 30, 183: 442, 184: 680, 191: 736, 192: 498, 193: 282, 194: 44, 205: 310, 206: 72, 209: 736, 210: 498, 211: 792, 212: 554, 213: 310, 214: 72, 217: 764, 218: 526, 219: 310, 220: 72, 233: 442, 234: 680, 235: 72, 236: 310, 237: 498, 238: 736, 255: 366, 256: 128, 259: 142, 260: 380, 261: 310, 262: 72, 263: 254, 264: 16, 265: 44, 266: 282, 267: 554, 268: 792, 269: 296, 270: 58, 271: 296, 272: 58, 273: 16, 274: 254, 275: 16, 276: 254, 277: 296, 278: 58, 281: 394, 282: 156, 283: 128, 284: 366, 285: 16, 286: 254, 287: 310, 288: 72, 289: 792, 290: 554, 291: 156, 292: 394, 293: 380, 294: 142, 295: 792, 296: 554, 299: 254, 300: 16, 301: 156, 302: 394, 303: 324, 304: 86, 305: 554, 306: 792, 307: 526, 308: 764, 309: 394, 310: 156, 311: 16, 312: 254, 313: 282, 314: 44, 321: 254, 322: 16, 323: 156, 324: 394, 325: 428, 326: 666, 327: 268, 328: 30, 329: 310, 330: 72, 335: 792, 336: 554, 337: 554, 338: 792, 341: 394, 342: 156, 343: 394, 344: 156, 349: 268, 350: 30, 351: 708, 352: 470, 353: 694, 354: 456, 369: 778, 370: 540, 371: 442, 372: 680, 373: 680, 374: 442, 375: 142, 376: 380, 377: 352, 378: 114, 379: 352, 380: 114, 381: 58, 382: 296, 385: 778, 386: 540, 391: 722, 392: 484, 393: 778, 394: 540, 401: 366, 402: 128, 403: 282, 404: 44, 405: 428, 406: 666, 413: 736, 414: 498, 435: 778, 436: 540, 439: 394, 440: 156, 443: 792, 444: 554, 449: 764, 450: 526, 471: 722, 472: 484, 473: 366, 474: 128, 475: 324, 476: 86, 477: 680, 478: 442, 479: 282, 480: 44, 481: 708, 482: 470, 517: 666, 518: 428, 519: 540, 520: 778, 537: 142, 538: 380, 539: 86, 540: 324, 541: 428, 542: 666, 545: 652, 546: 414, 551: 792, 552: 554, 553: 254, 554: 16, 555: 428, 556: 666, 557: 526, 558: 764, 559: 380, 560: 142, 561: 114, 562: 352, 563: 708, 564: 470, 565: 526, 566: 764, 567: 324, 568: 86, 569: 540, 570: 778, 571: 484, 572: 722, 573: 72, 574: 310, 575: 44, 576: 282, 577: 554, 578: 792, 579: 666, 580: 428, 581: 44, 582: 282, 583: 764, 584: 526, 585: 380, 586: 142, 587: 666, 588: 428, 589: 380, 590: 142, 591: 526, 592: 764, 593: 282, 594: 44, 595: 428, 596: 666, 597: 310, 598: 72, 599: 680, 600: 442, 601: 268, 602: 30, 603: 470, 604: 708, 605: 282, 606: 44, 607: 324, 608: 86, 613: 310, 614: 72, 615: 86, 616: 324, 617: 750, 618: 512, 619: 540, 620: 778, 621: 540, 622: 778, 623: 750, 624: 512, 625: 58, 626: 296, 629: 310, 630: 72, 631: 512, 632: 750, 633: 142, 634: 380, 635: 680, 636: 442, 639: 142, 640: 380, 641: 128, 642: 366, 643: 114, 644: 352, 645: 72, 646: 310, 651: 324, 652: 86, 653: 666, 654: 428, 661: 778, 662: 540, 663: 414, 664: 652, 665: 394, 666: 156, 667: 778, 668: 540, 671: 310, 672: 72, 711: 310, 712: 72, 713: 296, 714: 58, 715: 694, 716: 456, 717: 128, 718: 366, 719: 254, 720: 16, 721: 540, 722: 778, 723: 442, 724: 680, 739: 708, 740: 470, 741: 442, 742: 680, 743: 310, 744: 72, 745: 58, 746: 296, 747: 498, 748: 736, 751: 540, 752: 778, 753: 114, 754: 352, 755: 708, 756: 470, 757: 142, 758: 380, 759: 540, 760: 778, 763: 540, 764: 778, 765: 16, 766: 254, 767: 324, 768: 86, 769: 296, 770: 58, 773: 128, 774: 366, 775: 484, 776: 722, 783: 30, 784: 268, 785: 708, 786: 470, 787: 498, 788: 736, 789: 268, 790: 30, 791: 764, 792: 526, 793: 296, 794: 58, 795: 540, 796: 778, 797: 442, 798: 680, 799: 268, 800: 30, 801: 764, 802: 526, 803: 442, 804: 680, 805: 30, 806: 268, 807: 128, 808: 366, 809: 512, 810: 750, 811: 428, 812: 666, 813: 268, 814: 30, 815: 428, 816: 666, 817: 282, 818: 44, 825: 268, 826: 30, 827: 694, 828: 456, 829: 764, 830: 526, 879: 310, 880: 72, 911: 114, 912: 352, 913: 268, 914: 30, 915: 44, 916: 282}
Number of lables used:  42
Total time: 1.38 seconds
Memory used: 105.56 MB
--------------------------------------------------

Trying with at most 41 labels...
Solution:
{13: 156, 14: 394, 15: 156, 16: 394, 53: 156, 54: 394, 71: 72, 72: 310, 79: 484, 80: 722, 81: 352, 82: 114, 83: 128, 84: 366, 85: 414, 86: 652, 117: 792, 118: 554, 119: 554, 120: 792, 127: 16, 128: 254, 129: 708, 130: 470, 143: 680, 144: 442, 145: 442, 146: 680, 151: 72, 152: 310, 153: 428, 154: 666, 163: 128, 164: 366, 165: 778, 166: 540, 179: 44, 180: 282, 181: 282, 182: 44, 183: 442, 184: 680, 191: 736, 192: 498, 193: 296, 194: 58, 205: 310, 206: 72, 209: 736, 210: 498, 211: 792, 212: 554, 213: 310, 214: 72, 217: 764, 218: 526, 219: 324, 220: 86, 233: 442, 234: 680, 235: 778, 236: 540, 237: 484, 238: 722, 255: 254, 256: 16, 259: 16, 260: 254, 261: 456, 262: 694, 263: 254, 264: 16, 265: 58, 266: 296, 267: 554, 268: 792, 269: 296, 270: 58, 271: 296, 272: 58, 273: 30, 274: 268, 275: 30, 276: 268, 277: 296, 278: 58, 281: 394, 282: 156, 283: 128, 284: 366, 285: 16, 286: 254, 287: 310, 288: 72, 289: 778, 290: 540, 291: 156, 292: 394, 293: 380, 294: 142, 295: 792, 296: 554, 299: 254, 300: 16, 301: 156, 302: 394, 303: 324, 304: 86, 305: 554, 306: 792, 307: 526, 308: 764, 309: 394, 310: 156, 311: 16, 312: 254, 313: 296, 314: 58, 321: 254, 322: 16, 323: 156, 324: 394, 325: 456, 326: 694, 327: 268, 328: 30, 329: 254, 330: 16, 335: 708, 336: 470, 337: 442, 338: 680, 341: 394, 342: 156, 343: 394, 344: 156, 349: 268, 350: 30, 351: 708, 352: 470, 353: 694, 354: 456, 369: 778, 370: 540, 371: 456, 372: 694, 373: 680, 374: 442, 375: 142, 376: 380, 377: 352, 378: 114, 379: 366, 380: 128, 381: 44, 382: 282, 385: 778, 386: 540, 391: 722, 392: 484, 393: 778, 394: 540, 401: 380, 402: 142, 403: 268, 404: 30, 405: 428, 406: 666, 413: 778, 414: 540, 435: 30, 436: 268, 439: 394, 440: 156, 443: 792, 444: 554, 449: 764, 450: 526, 471: 722, 472: 484, 473: 352, 474: 114, 475: 442, 476: 680, 477: 680, 478: 442, 479: 296, 480: 58, 481: 128, 482: 366, 517: 666, 518: 428, 519: 540, 520: 778, 537: 156, 538: 394, 539: 72, 540: 310, 541: 428, 542: 666, 545: 652, 546: 414, 551: 792, 552: 554, 553: 254, 554: 16, 555: 442, 556: 680, 557: 526, 558: 764, 559: 352, 560: 114, 561: 142, 562: 380, 563: 708, 564: 470, 565: 526, 566: 764, 567: 310, 568: 72, 569: 540, 570: 778, 571: 484, 572: 722, 573: 30, 574: 268, 575: 44, 576: 282, 577: 554, 578: 792, 579: 680, 580: 442, 581: 72, 582: 310, 583: 778, 584: 540, 585: 394, 586: 156, 587: 694, 588: 456, 589: 282, 590: 44, 591: 526, 592: 764, 593: 268, 594: 30, 595: 442, 596: 680, 597: 296, 598: 58, 599: 680, 600: 442, 601: 268, 602: 30, 603: 498, 604: 736, 605: 296, 606: 58, 607: 324, 608: 86, 613: 310, 614: 72, 615: 86, 616: 324, 617: 764, 618: 526, 619: 540, 620: 778, 621: 540, 622: 778, 623: 708, 624: 470, 625: 72, 626: 310, 629: 282, 630: 44, 631: 498, 632: 736, 633: 114, 634: 352, 635: 680, 636: 442, 639: 142, 640: 380, 641: 114, 642: 352, 643: 114, 644: 352, 645: 30, 646: 268, 651: 30, 652: 268, 653: 666, 654: 428, 661: 694, 662: 456, 663: 414, 664: 652, 665: 394, 666: 156, 667: 778, 668: 540, 671: 310, 672: 72, 711: 310, 712: 72, 713: 296, 714: 58, 715: 694, 716: 456, 717: 142, 718: 380, 719: 254, 720: 16, 721: 554, 722: 792, 723: 442, 724: 680, 739: 666, 740: 428, 741: 442, 742: 680, 743: 310, 744: 72, 745: 58, 746: 296, 747: 484, 748: 722, 751: 540, 752: 778, 753: 72, 754: 310, 755: 708, 756: 470, 757: 114, 758: 352, 759: 540, 760: 778, 763: 540, 764: 778, 765: 16, 766: 254, 767: 324, 768: 86, 769: 310, 770: 72, 773: 128, 774: 366, 775: 470, 776: 708, 783: 778, 784: 540, 785: 694, 786: 456, 787: 540, 788: 778, 789: 268, 790: 30, 791: 722, 792: 484, 793: 366, 794: 128, 795: 540, 796: 778, 797: 456, 798: 694, 799: 268, 800: 30, 801: 764, 802: 526, 803: 86, 804: 324, 805: 694, 806: 456, 807: 86, 808: 324, 809: 484, 810: 722, 811: 428, 812: 666, 813: 268, 814: 30, 815: 470, 816: 708, 817: 268, 818: 30, 825: 268, 826: 30, 827: 694, 828: 456, 829: 764, 830: 526, 879: 310, 880: 72, 911: 114, 912: 352, 913: 268, 914: 30, 915: 44, 916: 282}
Number of lables used:  40
Total time: 1.42 seconds
Memory used: 105.83 MB
--------------------------------------------------

Trying with at most 39 labels...
Cannot find solution.
No more solutions found.
Optimal number of labels used:  40
Total time: 1.42 seconds
Memory used: 105.83 MB
[runlim] end:			Thu Mar 12 16:50:10 2026
[runlim] status:		ok
[runlim] result:		0
[runlim] children:		0
[runlim] real:			1.82 seconds
[runlim] time:			1.39 seconds
[runlim] space:			105.1 MB
[runlim] samples:		14
